# ackdiag measurement 2026-08-11T19:10:59Z seed=42
# binary: 7444855555cbb549a052f73d421c6a977ae33b342c803d65b0d183aca7536397  /home/vibe/raptorpath/target/release/raptorpath
# source: c0d9305
# kernel: 7.0.14-101.fc43.x86_64
Model name:                              Intel(R) Xeon(R) CPU E5-2650 v3 @ 2.30GHz
# arm: RWM_ACKDIAG=1 (only); base env SEED=42 RWM_GEN=0; no RWM_DIAG
=== rep=1 cell=c7 seed=42 c2/c2/dual bytes=200000000 runs=1 2026-08-11T19:10:59Z
[2m2026-08-11T19:11:01.695865Z[0m [32m INFO[0m [2mraptorpath::gates[0m[2m:[0m [GATES] RWM_UNIFIED=1 RWM_UNIFIED_SHED=1 RWM_TAPER_R=1 RWM_ASTAR_ANCHOR=1 RWM_MSTAR_ANCHOR=1 RWM_PLAIN_RS=0 RWM_HONEST_ANCHOR=1 RWM_HONEST_K=0 RWM_STORE_SACK_RELEASE=1 RWM_STORE_PATHS=1 RWM_STORE_PATH_POOL=2048 RWM_STORE=unset RWM_STORE_GAIN=2 RWM_STORE_BOOT=128 RWM_STORE_CAPW=0 RWM_STORE_CAP_UNIFIED=0 RWM_THREE_TERM=0 RWM_STORE_PERCAP=0 RWM_PERCAP_GUARD=1 RWM_STORE_BORROW=0 RWM_HONEST_CAP=1 RWM_POOL_ANCHOR=0 RWM_POOL_DELIV=0 RWM_FLOOR_BOUND=0 RWM_ACK_MERGE=1 RWM_PATIENCE_DERIVED=0 RWM_SIDLE_DERIVED=0 RWM_WIN_DECOUPLE=0 RWM_PLACE_SLACK=0 RWM_GEN=384 RWM_PIPELINE=2 RWM_GEN_PIPE=1 RWM_GEN_R=unset RWM_GEN_RATE=9000 RWM_GEN_RATE_FLOOR=2000 RWM_GEN_INFLIGHT=unset RWM_OOO_RETAIN=0/16 RWM_WINDOW=unset RWM_REPORT_GENS=unset RWM_REPAIR_WAIT=unset RWM_CODED_SRC=0 RWM_NO_REACTIVE=0 RWM_XPATH_REPAIR=0 RWM_PROACTIVE_PACER=0 RWM_REASM_BDP=0 RWM_MIN_R=0 RWM_CC_PACE=0 RWM_CC_PACE_HR=1.1 RWM_REACT_CAP=unset RWM_INFL_CAP=0 RWM_INFL_BDP=unset RWM_COPA_FEED=0 RWM_RS_ATTR=1 RWM_EMIT_BATCH=0 RWM_EMIT_BURST=64 RWM_RECOV_MP=1 RWM_RECOV_MP_LAW=1 RWM_RECOV_MP_LIVE=0 RWM_RECOV_SP=0 RWM_DIAG=0 RWM_ACKDIAG=1 RWM_RDIAG=0 RWM_FDIAG=0 RWM_TRACE=0 RWM_PFRAC=0
{"bytes":200000000,"dnf":0,"hint":"bulk","max_s":9.1501,"mean_mbps":174.862,"mean_s":9.1501,"median_s":9.1501,"min_s":9.1501,"proto":"rp-native","runs":1,"stdev_s":0.0,"summary":true}
    CPU: CPUSRV=12.41s CPUCLI=13.72s (srv=decoder cli=sender; whole-invocation incl warmup)
    QDISC cli0: qdisc netem 9ddf: root refcnt 7 limit 1000 delay 5ms  3ms loss gemodel p 1.3% r 50% 1-h 100% 1-k 0% rate 100Mbit seed 42  Sent 110144183 bytes 87717 pkt (dropped 476, overlimits 0 requeues 0)   backlog 0b 0p requeues 0 
    QDISC cli1: qdisc netem 9de0: root refcnt 7 limit 1000 delay 5ms  3ms loss gemodel p 1.3% r 50% 1-h 100% 1-k 0% rate 100Mbit seed 42  Sent 111659301 bytes 88938 pkt (dropped 491, overlimits 0 requeues 0)   backlog 0b 0p requeues 0 
    QDISC srv0: qdisc netem 9de1: root refcnt 7 limit 1000 delay 5ms  3ms rate 100Mbit seed 436840851148284460  Sent 11424464 bytes 54418 pkt (dropped 0, overlimits 0 requeues 0)   backlog 0b 0p requeues 0 
    QDISC srv1: qdisc netem 9de2: root refcnt 7 limit 1000 delay 5ms  3ms rate 100Mbit seed 10079115745748191681  Sent 11559598 bytes 56113 pkt (dropped 0, overlimits 0 requeues 0)   backlog 0b 0p requeues 0 
    QCAP: /tmp/rwm-q.txt 18 lines
RUNTIME c7 rep=1 12s
LIVENESS c7 rep=1 cli=[RWM_ACKDIAG=1] srv=[RWM_ACKDIAG=1] ackdiag_lines_cli=8 srv=7
ACKDIAG c7 rep=1 [ACKDIAG] p0 win=1.98s acks=17770/z=14(0.1%) gap_us[p50=14 p90=96 p99=2024 n=17769] drecv[p50=1 p90=1 max=4 n=17756 sum=17770] rd[acc=1088 rej=16668 cnt=17770] rate_lr=8985sym/s x[p50=0.97 p90=2.35 p99=5.32] xanchor=8.78 anchor=910sym rtprop=11.52ms recon[sent=18606 crecv=17770 cexp=37567 srcack=32701 cr/s=0.955 ce/cr=2.114 cr/sa=0.543] ov=0
ACKDIAG c7 rep=1 [ACKDIAG] p1 win=1.98s acks=18883/z=15(0.1%) gap_us[p50=14 p90=87 p99=1872 n=18882] drecv[p50=1 p90=1 max=6 n=18868 sum=18883] rd[acc=1115 rej=17753 cnt=18883] rate_lr=9520sym/s x[p50=0.96 p90=2.10 p99=5.54] xanchor=10.22 anchor=1157sym rtprop=11.90ms recon[sent=19659 crecv=18883 cexp=37771 srcack=32701 cr/s=0.961 ce/cr=2.000 cr/sa=0.577] ov=0
ACKDIAG c7 rep=1 [ACKDIAG] p0 win=2.00s acks=19187/z=7(0.0%) gap_us[p50=13 p90=81 p99=1898 n=19187] drecv[p50=1 p90=1 max=3 n=19180 sum=19187] rd[acc=1082 rej=18098 cnt=19187] rate_lr=9593sym/s x[p50=0.99 p90=2.13 p99=6.14] xanchor=9.59 anchor=1060sym rtprop=11.52ms recon[sent=38223 crecv=36957 cexp=77271 srcack=70954 cr/s=0.967 ce/cr=2.091 cr/sa=0.521] ov=0
ACKDIAG c7 rep=1 [ACKDIAG] p1 win=2.00s acks=19181/z=28(0.1%) gap_us[p50=13 p90=87 p99=1841 n=19181] drecv[p50=1 p90=1 max=8 n=19153 sum=19181] rd[acc=1103 rej=18050 cnt=19181] rate_lr=9590sym/s x[p50=0.97 p90=2.24 p99=5.59] xanchor=10.14 anchor=1157sym rtprop=11.90ms recon[sent=40158 crecv=38064 cexp=77022 srcack=70954 cr/s=0.948 ce/cr=2.023 cr/sa=0.536] ov=0
ACKDIAG c7 rep=1 [ACKDIAG] p0 win=2.00s acks=18547/z=10(0.1%) gap_us[p50=13 p90=78 p99=1924 n=18547] drecv[p50=1 p90=1 max=4 n=18537 sum=18547] rd[acc=1031 rej=17506 cnt=18547] rate_lr=9272sym/s x[p50=0.96 p90=2.48 p99=6.35] xanchor=9.92 anchor=1060sym rtprop=11.52ms recon[sent=55327 crecv=55504 cexp=116146 srcack=108310 cr/s=1.003 ce/cr=2.093 cr/sa=0.512] ov=0
ACKDIAG c7 rep=1 [ACKDIAG] p1 win=2.00s acks=18739/z=8(0.0%) gap_us[p50=13 p90=83 p99=1898 n=18739] drecv[p50=1 p90=1 max=3 n=18731 sum=18739] rd[acc=1076 rej=17655 cnt=18739] rate_lr=9368sym/s x[p50=0.97 p90=2.22 p99=5.99] xanchor=10.38 anchor=1157sym rtprop=11.90ms recon[sent=57498 crecv=56803 cexp=115195 srcack=108310 cr/s=0.988 ce/cr=2.028 cr/sa=0.524] ov=0
ACKDIAG c7 rep=1 [ACKDIAG] p0 win=2.00s acks=19006/z=18(0.1%) gap_us[p50=13 p90=74 p99=1877 n=19006] drecv[p50=1 p90=1 max=5 n=18988 sum=19006] rd[acc=1052 rej=17936 cnt=19006] rate_lr=9503sym/s x[p50=0.98 p90=2.32 p99=6.13] xanchor=9.68 anchor=1060sym rtprop=11.52ms recon[sent=75239 crecv=74510 cexp=153693 srcack=146373 cr/s=0.990 ce/cr=2.063 cr/sa=0.509] ov=0
ACKDIAG c7 rep=1 [ACKDIAG] p1 win=2.00s acks=18408/z=22(0.1%) gap_us[p50=13 p90=84 p99=1967 n=18408] drecv[p50=1 p90=1 max=5 n=18386 sum=18408] rd[acc=1028 rej=17358 cnt=18408] rate_lr=9204sym/s x[p50=1.01 p90=2.27 p99=5.36] xanchor=10.57 anchor=928sym rtprop=9.54ms recon[sent=74319 crecv=75211 cexp=154710 srcack=146373 cr/s=1.012 ce/cr=2.057 cr/sa=0.514] ov=0
=== rep=1 cell=c8 seed=42 c2/c3/dual bytes=25000000 runs=3 2026-08-11T19:11:11Z
[2m2026-08-11T19:11:12.968491Z[0m [32m INFO[0m [2mraptorpath::gates[0m[2m:[0m [GATES] RWM_UNIFIED=1 RWM_UNIFIED_SHED=1 RWM_TAPER_R=1 RWM_ASTAR_ANCHOR=1 RWM_MSTAR_ANCHOR=1 RWM_PLAIN_RS=0 RWM_HONEST_ANCHOR=1 RWM_HONEST_K=0 RWM_STORE_SACK_RELEASE=1 RWM_STORE_PATHS=1 RWM_STORE_PATH_POOL=2048 RWM_STORE=unset RWM_STORE_GAIN=2 RWM_STORE_BOOT=128 RWM_STORE_CAPW=0 RWM_STORE_CAP_UNIFIED=0 RWM_THREE_TERM=0 RWM_STORE_PERCAP=0 RWM_PERCAP_GUARD=1 RWM_STORE_BORROW=0 RWM_HONEST_CAP=1 RWM_POOL_ANCHOR=0 RWM_POOL_DELIV=0 RWM_FLOOR_BOUND=0 RWM_ACK_MERGE=1 RWM_PATIENCE_DERIVED=0 RWM_SIDLE_DERIVED=0 RWM_WIN_DECOUPLE=0 RWM_PLACE_SLACK=0 RWM_GEN=384 RWM_PIPELINE=2 RWM_GEN_PIPE=1 RWM_GEN_R=unset RWM_GEN_RATE=9000 RWM_GEN_RATE_FLOOR=2000 RWM_GEN_INFLIGHT=unset RWM_OOO_RETAIN=0/16 RWM_WINDOW=unset RWM_REPORT_GENS=unset RWM_REPAIR_WAIT=unset RWM_CODED_SRC=0 RWM_NO_REACTIVE=0 RWM_XPATH_REPAIR=0 RWM_PROACTIVE_PACER=0 RWM_REASM_BDP=0 RWM_MIN_R=0 RWM_CC_PACE=0 RWM_CC_PACE_HR=1.1 RWM_REACT_CAP=unset RWM_INFL_CAP=0 RWM_INFL_BDP=unset RWM_COPA_FEED=0 RWM_RS_ATTR=1 RWM_EMIT_BATCH=0 RWM_EMIT_BURST=64 RWM_RECOV_MP=1 RWM_RECOV_MP_LAW=1 RWM_RECOV_MP_LIVE=0 RWM_RECOV_SP=0 RWM_DIAG=0 RWM_ACKDIAG=1 RWM_RDIAG=0 RWM_FDIAG=0 RWM_TRACE=0 RWM_PFRAC=0
{"bytes":25000000,"dnf":0,"hint":"bulk","max_s":3.3752,"mean_mbps":65.959,"mean_s":3.0322,"median_s":3.297,"min_s":2.4243,"proto":"rp-native","runs":3,"stdev_s":0.5279,"summary":true}
    CPU: CPUSRV=6.27s CPUCLI=7.01s (srv=decoder cli=sender; whole-invocation incl warmup)
    QDISC cli0: qdisc netem 9de3: root refcnt 7 limit 1000 delay 5ms  3ms loss gemodel p 1.3% r 50% 1-h 100% 1-k 0% rate 100Mbit seed 42  Sent 74708786 bytes 58324 pkt (dropped 267, overlimits 0 requeues 0)   backlog 0b 0p requeues 0 
    QDISC cli1: qdisc netem 9de4: root refcnt 7 limit 1000 delay 20ms  5ms loss gemodel p 2% r 40% 1-h 100% 1-k 0% rate 20Mbit seed 42  Sent 15582014 bytes 14101 pkt (dropped 287, overlimits 0 requeues 0)   backlog 0b 0p requeues 0 
    QDISC srv0: qdisc netem 9de5: root refcnt 7 limit 1000 delay 5ms  3ms rate 100Mbit seed 1565647297373670832  Sent 8124990 bytes 44762 pkt (dropped 0, overlimits 0 requeues 0)   backlog 0b 0p requeues 0 
    QDISC srv1: qdisc netem 9de6: root refcnt 7 limit 1000 delay 20ms  5ms rate 20Mbit seed 7593386654064613420  Sent 2268906 bytes 11574 pkt (dropped 0, overlimits 0 requeues 0)   backlog 0b 0p requeues 0 
    QCAP: /tmp/rwm-q.txt 18 lines
RUNTIME c8 rep=1 11s
LIVENESS c8 rep=1 cli=[RWM_ACKDIAG=1] srv=[RWM_ACKDIAG=1] ackdiag_lines_cli=8 srv=4
ACKDIAG c8 rep=1 [ACKDIAG] p0 win=1.95s acks=16922/z=9(0.1%) gap_us[p50=12 p90=82 p99=1963 n=16921] drecv[p50=1 p90=1 max=5 n=16913 sum=16922] rd[acc=968 rej=15945 cnt=16922] rate_lr=8670sym/s x[p50=1.05 p90=2.28 p99=7.16] xanchor=10.79 anchor=616sym rtprop=6.59ms recon[sent=17976 crecv=16922 cexp=21959 srcack=6229 cr/s=0.941 ce/cr=1.298 cr/sa=2.717] ov=0
ACKDIAG c8 rep=1 [ACKDIAG] p1 win=1.96s acks=3620/z=0(0.0%) gap_us[p50=55 p90=1940 p99=5659 n=3619] drecv[p50=1 p90=1 max=1 n=3620 sum=3620] rd[acc=689 rej=2931 cnt=3620] rate_lr=1848sym/s x[p50=0.99 p90=3.00 p99=5.34] xanchor=12.48 anchor=899sym rtprop=38.99ms recon[sent=3176 crecv=3620 cexp=20473 srcack=6229 cr/s=1.140 ce/cr=5.656 cr/sa=0.581] ov=0
ACKDIAG c8 rep=1 [ACKDIAG] p0 win=2.00s acks=6849/z=13(0.2%) gap_us[p50=12 p90=142 p99=1744 n=6849] drecv[p50=1 p90=1 max=5 n=6836 sum=6845] rd[acc=433 rej=6403 cnt=6845] rate_lr=3422sym/s x[p50=2.73 p90=5.19 p99=8.40] xanchor=27.34 anchor=616sym rtprop=6.59ms recon[sent=25353 crecv=23767 cexp=31670 srcack=22126 cr/s=0.937 ce/cr=1.333 cr/sa=1.074] ov=0
ACKDIAG c8 rep=1 [ACKDIAG] p1 win=2.00s acks=1915/z=4(0.2%) gap_us[p50=69 p90=2194 p99=18229 n=1915] drecv[p50=1 p90=1 max=1 n=1911 sum=1911] rd[acc=373 rej=1538 cnt=1911] rate_lr=955sym/s x[p50=1.66 p90=6.00 p99=9.34] xanchor=24.14 anchor=899sym rtprop=38.99ms recon[sent=5118 crecv=5531 cexp=25756 srcack=22126 cr/s=1.081 ce/cr=4.657 cr/sa=0.250] ov=0
ACKDIAG c8 rep=1 [ACKDIAG] p0 win=2.00s acks=13311/z=14(0.1%) gap_us[p50=13 p90=84 p99=2018 n=13311] drecv[p50=1 p90=1 max=5 n=13297 sum=13306] rd[acc=720 rej=12577 cnt=13306] rate_lr=6652sym/s x[p50=1.41 p90=3.13 p99=9.83] xanchor=14.06 anchor=616sym rtprop=6.59ms recon[sent=34757 crecv=37073 cexp=48182 srcack=36578 cr/s=1.067 ce/cr=1.300 cr/sa=1.014] ov=0
ACKDIAG c8 rep=1 [ACKDIAG] p1 win=2.00s acks=3494/z=4(0.1%) gap_us[p50=34 p90=1918 p99=6355 n=3494] drecv[p50=1 p90=1 max=1 n=3490 sum=3490] rd[acc=595 rej=2895 cnt=3490] rate_lr=1745sym/s x[p50=1.06 p90=3.47 p99=6.88] xanchor=13.98 anchor=951sym rtprop=38.99ms recon[sent=7546 crecv=9021 cexp=46852 srcack=36578 cr/s=1.195 ce/cr=5.194 cr/sa=0.247] ov=0
ACKDIAG c8 rep=1 [ACKDIAG] p0 win=2.00s acks=12224/z=18(0.1%) gap_us[p50=12 p90=107 p99=1884 n=12224] drecv[p50=1 p90=1 max=4 n=12206 sum=12217] rd[acc=728 rej=11478 cnt=12217] rate_lr=6106sym/s x[p50=1.60 p90=2.83 p99=6.55] xanchor=15.32 anchor=616sym rtprop=6.59ms recon[sent=49302 crecv=49290 cexp=63301 srcack=49499 cr/s=1.000 ce/cr=1.284 cr/sa=0.996] ov=0
ACKDIAG c8 rep=1 [ACKDIAG] p1 win=2.00s acks=1779/z=8(0.4%) gap_us[p50=31 p90=2173 p99=7531 n=1779] drecv[p50=1 p90=1 max=1 n=1771 sum=1771] rd[acc=298 rej=1473 cnt=1771] rate_lr=885sym/s x[p50=2.05 p90=6.27 p99=10.84] xanchor=27.56 anchor=831sym rtprop=34.06ms recon[sent=9764 crecv=10792 cexp=55910 srcack=49499 cr/s=1.105 ce/cr=5.181 cr/sa=0.218] ov=0
=== rep=1 cell=c2r100 seed=42 c2r100/c2r100/single bytes=100000000 runs=1 2026-08-11T19:11:22Z
[2m2026-08-11T19:11:24.767168Z[0m [32m INFO[0m [2mraptorpath::gates[0m[2m:[0m [GATES] RWM_UNIFIED=1 RWM_UNIFIED_SHED=1 RWM_TAPER_R=1 RWM_ASTAR_ANCHOR=1 RWM_MSTAR_ANCHOR=1 RWM_PLAIN_RS=0 RWM_HONEST_ANCHOR=1 RWM_HONEST_K=0 RWM_STORE_SACK_RELEASE=1 RWM_STORE_PATHS=1 RWM_STORE_PATH_POOL=2048 RWM_STORE=unset RWM_STORE_GAIN=2 RWM_STORE_BOOT=128 RWM_STORE_CAPW=0 RWM_STORE_CAP_UNIFIED=0 RWM_THREE_TERM=0 RWM_STORE_PERCAP=0 RWM_PERCAP_GUARD=1 RWM_STORE_BORROW=0 RWM_HONEST_CAP=1 RWM_POOL_ANCHOR=0 RWM_POOL_DELIV=0 RWM_FLOOR_BOUND=0 RWM_ACK_MERGE=1 RWM_PATIENCE_DERIVED=0 RWM_SIDLE_DERIVED=0 RWM_WIN_DECOUPLE=0 RWM_PLACE_SLACK=0 RWM_GEN=384 RWM_PIPELINE=2 RWM_GEN_PIPE=1 RWM_GEN_R=unset RWM_GEN_RATE=9000 RWM_GEN_RATE_FLOOR=2000 RWM_GEN_INFLIGHT=unset RWM_OOO_RETAIN=0/16 RWM_WINDOW=unset RWM_REPORT_GENS=unset RWM_REPAIR_WAIT=unset RWM_CODED_SRC=0 RWM_NO_REACTIVE=0 RWM_XPATH_REPAIR=0 RWM_PROACTIVE_PACER=0 RWM_REASM_BDP=0 RWM_MIN_R=0 RWM_CC_PACE=0 RWM_CC_PACE_HR=1.1 RWM_REACT_CAP=unset RWM_INFL_CAP=0 RWM_INFL_BDP=unset RWM_COPA_FEED=0 RWM_RS_ATTR=1 RWM_EMIT_BATCH=0 RWM_EMIT_BURST=64 RWM_RECOV_MP=1 RWM_RECOV_MP_LAW=1 RWM_RECOV_MP_LIVE=0 RWM_RECOV_SP=0 RWM_DIAG=0 RWM_ACKDIAG=1 RWM_RDIAG=0 RWM_FDIAG=0 RWM_TRACE=0 RWM_PFRAC=0
{"bytes":100000000,"dnf":0,"hint":"bulk","max_s":9.7186,"mean_mbps":82.316,"mean_s":9.7186,"median_s":9.7186,"min_s":9.7186,"proto":"rp-native","runs":1,"stdev_s":0.0,"summary":true}
    CPU: CPUSRV=6.93s CPUCLI=6.93s (srv=decoder cli=sender; whole-invocation incl warmup)
    QDISC cli0: qdisc netem 9de7: root refcnt 7 limit 1000 delay 50ms loss gemodel p 1.3% r 50% 1-h 100% 1-k 0% rate 100Mbit seed 42  Sent 112077534 bytes 100519 pkt (dropped 811, overlimits 0 requeues 0)   backlog 0b 0p requeues 0 
    QDISC cli1: qdisc netem 9de8: root refcnt 7 limit 1000 delay 50ms loss gemodel p 1.3% r 50% 1-h 100% 1-k 0% rate 100Mbit seed 42  Sent 776 bytes 10 pkt (dropped 0, overlimits 0 requeues 0)   backlog 0b 0p requeues 0 
    QDISC srv0: qdisc netem 9de9: root refcnt 7 limit 1000 delay 50ms rate 100Mbit seed 8840294276814676108  Sent 10958933 bytes 61563 pkt (dropped 0, overlimits 0 requeues 0)   backlog 658b 5p requeues 0 
    QDISC srv1: qdisc netem 9dea: root refcnt 7 limit 1000 delay 50ms rate 100Mbit seed 15192509913445006651  Sent 866 bytes 11 pkt (dropped 0, overlimits 0 requeues 0)   backlog 0b 0p requeues 0 
    QCAP: /tmp/rwm-q.txt 18 lines
RUNTIME c2r100 rep=1 13s
LIVENESS c2r100 rep=1 cli=[RWM_ACKDIAG=1] srv=[RWM_ACKDIAG=1] ackdiag_lines_cli=4 srv=4
ACKDIAG c2r100 rep=1 [ACKDIAG] p0 win=1.90s acks=12701/z=2(0.0%) gap_us[p50=21 p90=360 p99=1522 n=12700] drecv[p50=1 p90=1 max=3 n=12699 sum=12701] rd[acc=1091 rej=11608 cnt=12701] rate_lr=6686sym/s x[p50=1.39 p90=2.07 p99=3.09] xanchor=5.67 anchor=3806sym rtprop=100.41ms recon[sent=13580 crecv=12701 cexp=13035 srcack=12121 cr/s=0.935 ce/cr=1.026 cr/sa=1.048] ov=0
ACKDIAG c2r100 rep=1 [ACKDIAG] p0 win=2.00s acks=18799/z=0(0.0%) gap_us[p50=21 p90=368 p99=948 n=18799] drecv[p50=1 p90=1 max=1 n=18799 sum=18799] rd[acc=1617 rej=17182 cnt=18799] rate_lr=9393sym/s x[p50=1.01 p90=1.43 p99=2.06] xanchor=4.04 anchor=3806sym rtprop=100.41ms recon[sent=32254 crecv=31500 cexp=32360 srcack=30353 cr/s=0.977 ce/cr=1.027 cr/sa=1.038] ov=0
ACKDIAG c2r100 rep=1 [ACKDIAG] p0 win=2.00s acks=18635/z=0(0.0%) gap_us[p50=18 p90=257 p99=1029 n=18635] drecv[p50=1 p90=1 max=1 n=18635 sum=18635] rd[acc=1576 rej=17059 cnt=18635] rate_lr=9314sym/s x[p50=1.01 p90=1.57 p99=2.42] xanchor=9.28 anchor=8677sym rtprop=100.41ms recon[sent=50632 crecv=50135 cexp=51629 srcack=48640 cr/s=0.990 ce/cr=1.030 cr/sa=1.031] ov=0
ACKDIAG c2r100 rep=1 [ACKDIAG] p0 win=2.00s acks=18721/z=0(0.0%) gap_us[p50=17 p90=295 p99=1041 n=18721] drecv[p50=1 p90=1 max=1 n=18721 sum=18721] rd[acc=1560 rej=17161 cnt=18721] rate_lr=9356sym/s x[p50=1.01 p90=1.58 p99=2.45] xanchor=9.24 anchor=8677sym rtprop=100.41ms recon[sent=69129 crecv=68856 cexp=70927 srcack=68104 cr/s=0.996 ce/cr=1.030 cr/sa=1.011] ov=0
=== rep=2 cell=c7 seed=42 c2/c2/dual bytes=200000000 runs=1 2026-08-11T19:12:15Z
[2m2026-08-11T19:12:17.778789Z[0m [32m INFO[0m [2mraptorpath::gates[0m[2m:[0m [GATES] RWM_UNIFIED=1 RWM_UNIFIED_SHED=1 RWM_TAPER_R=1 RWM_ASTAR_ANCHOR=1 RWM_MSTAR_ANCHOR=1 RWM_PLAIN_RS=0 RWM_HONEST_ANCHOR=1 RWM_HONEST_K=0 RWM_STORE_SACK_RELEASE=1 RWM_STORE_PATHS=1 RWM_STORE_PATH_POOL=2048 RWM_STORE=unset RWM_STORE_GAIN=2 RWM_STORE_BOOT=128 RWM_STORE_CAPW=0 RWM_STORE_CAP_UNIFIED=0 RWM_THREE_TERM=0 RWM_STORE_PERCAP=0 RWM_PERCAP_GUARD=1 RWM_STORE_BORROW=0 RWM_HONEST_CAP=1 RWM_POOL_ANCHOR=0 RWM_POOL_DELIV=0 RWM_FLOOR_BOUND=0 RWM_ACK_MERGE=1 RWM_PATIENCE_DERIVED=0 RWM_SIDLE_DERIVED=0 RWM_WIN_DECOUPLE=0 RWM_PLACE_SLACK=0 RWM_GEN=384 RWM_PIPELINE=2 RWM_GEN_PIPE=1 RWM_GEN_R=unset RWM_GEN_RATE=9000 RWM_GEN_RATE_FLOOR=2000 RWM_GEN_INFLIGHT=unset RWM_OOO_RETAIN=0/16 RWM_WINDOW=unset RWM_REPORT_GENS=unset RWM_REPAIR_WAIT=unset RWM_CODED_SRC=0 RWM_NO_REACTIVE=0 RWM_XPATH_REPAIR=0 RWM_PROACTIVE_PACER=0 RWM_REASM_BDP=0 RWM_MIN_R=0 RWM_CC_PACE=0 RWM_CC_PACE_HR=1.1 RWM_REACT_CAP=unset RWM_INFL_CAP=0 RWM_INFL_BDP=unset RWM_COPA_FEED=0 RWM_RS_ATTR=1 RWM_EMIT_BATCH=0 RWM_EMIT_BURST=64 RWM_RECOV_MP=1 RWM_RECOV_MP_LAW=1 RWM_RECOV_MP_LIVE=0 RWM_RECOV_SP=0 RWM_DIAG=0 RWM_ACKDIAG=1 RWM_RDIAG=0 RWM_FDIAG=0 RWM_TRACE=0 RWM_PFRAC=0
{"bytes":200000000,"dnf":0,"hint":"bulk","max_s":9.3061,"mean_mbps":171.93,"mean_s":9.3061,"median_s":9.3061,"min_s":9.3061,"proto":"rp-native","runs":1,"stdev_s":0.0,"summary":true}
    CPU: CPUSRV=12.65s CPUCLI=13.85s (srv=decoder cli=sender; whole-invocation incl warmup)
    QDISC cli0: qdisc netem 9deb: root refcnt 7 limit 1000 delay 5ms  3ms loss gemodel p 1.3% r 50% 1-h 100% 1-k 0% rate 100Mbit seed 42  Sent 112031715 bytes 89336 pkt (dropped 500, overlimits 0 requeues 0)   backlog 0b 0p requeues 0 
    QDISC cli1: qdisc netem 9dec: root refcnt 7 limit 1000 delay 5ms  3ms loss gemodel p 1.3% r 50% 1-h 100% 1-k 0% rate 100Mbit seed 42  Sent 111099639 bytes 88309 pkt (dropped 494, overlimits 0 requeues 0)   backlog 0b 0p requeues 0 
    QDISC srv0: qdisc netem 9ded: root refcnt 7 limit 1000 delay 5ms  3ms rate 100Mbit seed 12943717002273409917  Sent 11611430 bytes 55164 pkt (dropped 0, overlimits 0 requeues 0)   backlog 0b 0p requeues 0 
    QDISC srv1: qdisc netem 9dee: root refcnt 7 limit 1000 delay 5ms  3ms rate 100Mbit seed 10175507850277583579  Sent 11400403 bytes 53884 pkt (dropped 0, overlimits 0 requeues 0)   backlog 0b 0p requeues 0 
    QCAP: /tmp/rwm-q.txt 18 lines
RUNTIME c7 rep=2 12s
LIVENESS c7 rep=2 cli=[RWM_ACKDIAG=1] srv=[RWM_ACKDIAG=1] ackdiag_lines_cli=8 srv=8
ACKDIAG c7 rep=2 [ACKDIAG] p0 win=2.00s acks=17958/z=11(0.1%) gap_us[p50=14 p90=80 p99=2052 n=17957] drecv[p50=1 p90=1 max=4 n=17947 sum=17958] rd[acc=1059 rej=16888 cnt=17958] rate_lr=8999sym/s x[p50=0.98 p90=2.34 p99=5.21] xanchor=8.69 anchor=546sym rtprop=6.98ms recon[sent=19364 crecv=17958 cexp=36857 srcack=32087 cr/s=0.927 ce/cr=2.052 cr/sa=0.560] ov=0
ACKDIAG c7 rep=2 [ACKDIAG] p1 win=1.98s acks=18178/z=21(0.1%) gap_us[p50=14 p90=85 p99=1892 n=18177] drecv[p50=1 p90=1 max=5 n=18157 sum=18178] rd[acc=1081 rej=17076 cnt=18178] rate_lr=9192sym/s x[p50=0.99 p90=2.33 p99=5.79] xanchor=8.33 anchor=837sym rtprop=10.92ms recon[sent=19710 crecv=18178 cexp=36997 srcack=32087 cr/s=0.922 ce/cr=2.035 cr/sa=0.567] ov=0
ACKDIAG c7 rep=2 [ACKDIAG] p0 win=2.00s acks=19307/z=25(0.1%) gap_us[p50=13 p90=75 p99=1838 n=19307] drecv[p50=1 p90=1 max=4 n=19282 sum=19307] rd[acc=1077 rej=18205 cnt=19307] rate_lr=9651sym/s x[p50=0.98 p90=2.24 p99=6.09] xanchor=11.32 anchor=763sym rtprop=6.98ms recon[sent=37055 crecv=37265 cexp=75353 srcack=68693 cr/s=1.006 ce/cr=2.022 cr/sa=0.542] ov=0
ACKDIAG c7 rep=2 [ACKDIAG] p1 win=2.00s acks=18658/z=18(0.1%) gap_us[p50=13 p90=68 p99=1965 n=18658] drecv[p50=1 p90=1 max=4 n=18640 sum=18658] rd[acc=1006 rej=17634 cnt=18658] rate_lr=9327sym/s x[p50=1.00 p90=2.48 p99=6.10] xanchor=10.20 anchor=842sym rtprop=8.86ms recon[sent=37587 crecv=36836 cexp=76015 srcack=68693 cr/s=0.980 ce/cr=2.064 cr/sa=0.536] ov=0
ACKDIAG c7 rep=2 [ACKDIAG] p0 win=2.00s acks=18672/z=13(0.1%) gap_us[p50=13 p90=83 p99=1962 n=18672] drecv[p50=1 p90=1 max=4 n=18659 sum=18672] rd[acc=1051 rej=17608 cnt=18672] rate_lr=9333sym/s x[p50=1.01 p90=2.27 p99=6.86] xanchor=11.70 anchor=763sym rtprop=6.98ms recon[sent=55005 crecv=55937 cexp=112905 srcack=108337 cr/s=1.017 ce/cr=2.018 cr/sa=0.516] ov=0
ACKDIAG c7 rep=2 [ACKDIAG] p1 win=2.00s acks=18478/z=8(0.0%) gap_us[p50=13 p90=80 p99=1988 n=18478] drecv[p50=1 p90=1 max=3 n=18470 sum=18478] rd[acc=1022 rej=17448 cnt=18478] rate_lr=9236sym/s x[p50=0.97 p90=2.48 p99=5.63] xanchor=10.30 anchor=842sym rtprop=8.86ms recon[sent=55307 crecv=55314 cexp=114041 srcack=108337 cr/s=1.000 ce/cr=2.062 cr/sa=0.511] ov=0
ACKDIAG c7 rep=2 [ACKDIAG] p0 win=2.00s acks=18281/z=25(0.1%) gap_us[p50=14 p90=90 p99=1895 n=18281] drecv[p50=1 p90=1 max=7 n=18256 sum=18281] rd[acc=1077 rej=17179 cnt=18281] rate_lr=9139sym/s x[p50=0.99 p90=2.18 p99=5.90] xanchor=11.95 anchor=763sym rtprop=6.98ms recon[sent=73851 crecv=74218 cexp=152808 srcack=142165 cr/s=1.005 ce/cr=2.059 cr/sa=0.522] ov=0
ACKDIAG c7 rep=2 [ACKDIAG] p1 win=2.00s acks=18881/z=8(0.0%) gap_us[p50=14 p90=85 p99=1875 n=18881] drecv[p50=1 p90=1 max=4 n=18873 sum=18881] rd[acc=1092 rej=17781 cnt=18881] rate_lr=9438sym/s x[p50=0.99 p90=2.29 p99=5.36] xanchor=10.08 anchor=842sym rtprop=8.86ms recon[sent=73566 crecv=74195 cexp=151581 srcack=142165 cr/s=1.009 ce/cr=2.043 cr/sa=0.522] ov=0
=== rep=2 cell=c8 seed=42 c2/c3/dual bytes=25000000 runs=3 2026-08-11T19:12:27Z
[2m2026-08-11T19:12:29.498086Z[0m [32m INFO[0m [2mraptorpath::gates[0m[2m:[0m [GATES] RWM_UNIFIED=1 RWM_UNIFIED_SHED=1 RWM_TAPER_R=1 RWM_ASTAR_ANCHOR=1 RWM_MSTAR_ANCHOR=1 RWM_PLAIN_RS=0 RWM_HONEST_ANCHOR=1 RWM_HONEST_K=0 RWM_STORE_SACK_RELEASE=1 RWM_STORE_PATHS=1 RWM_STORE_PATH_POOL=2048 RWM_STORE=unset RWM_STORE_GAIN=2 RWM_STORE_BOOT=128 RWM_STORE_CAPW=0 RWM_STORE_CAP_UNIFIED=0 RWM_THREE_TERM=0 RWM_STORE_PERCAP=0 RWM_PERCAP_GUARD=1 RWM_STORE_BORROW=0 RWM_HONEST_CAP=1 RWM_POOL_ANCHOR=0 RWM_POOL_DELIV=0 RWM_FLOOR_BOUND=0 RWM_ACK_MERGE=1 RWM_PATIENCE_DERIVED=0 RWM_SIDLE_DERIVED=0 RWM_WIN_DECOUPLE=0 RWM_PLACE_SLACK=0 RWM_GEN=384 RWM_PIPELINE=2 RWM_GEN_PIPE=1 RWM_GEN_R=unset RWM_GEN_RATE=9000 RWM_GEN_RATE_FLOOR=2000 RWM_GEN_INFLIGHT=unset RWM_OOO_RETAIN=0/16 RWM_WINDOW=unset RWM_REPORT_GENS=unset RWM_REPAIR_WAIT=unset RWM_CODED_SRC=0 RWM_NO_REACTIVE=0 RWM_XPATH_REPAIR=0 RWM_PROACTIVE_PACER=0 RWM_REASM_BDP=0 RWM_MIN_R=0 RWM_CC_PACE=0 RWM_CC_PACE_HR=1.1 RWM_REACT_CAP=unset RWM_INFL_CAP=0 RWM_INFL_BDP=unset RWM_COPA_FEED=0 RWM_RS_ATTR=1 RWM_EMIT_BATCH=0 RWM_EMIT_BURST=64 RWM_RECOV_MP=1 RWM_RECOV_MP_LAW=1 RWM_RECOV_MP_LIVE=0 RWM_RECOV_SP=0 RWM_DIAG=0 RWM_ACKDIAG=1 RWM_RDIAG=0 RWM_FDIAG=0 RWM_TRACE=0 RWM_PFRAC=0
{"bytes":25000000,"dnf":0,"hint":"bulk","max_s":3.0505,"mean_mbps":72.81,"mean_s":2.7469,"median_s":2.6929,"min_s":2.4972,"proto":"rp-native","runs":3,"stdev_s":0.2806,"summary":true}
    CPU: CPUSRV=5.99s CPUCLI=6.80s (srv=decoder cli=sender; whole-invocation incl warmup)
    QDISC cli0: qdisc netem 9def: root refcnt 7 limit 1000 delay 5ms  3ms loss gemodel p 1.3% r 50% 1-h 100% 1-k 0% rate 100Mbit seed 42  Sent 75416064 bytes 59253 pkt (dropped 256, overlimits 0 requeues 0)   backlog 0b 0p requeues 0 
    QDISC cli1: qdisc netem 9df0: root refcnt 7 limit 1000 delay 20ms  5ms loss gemodel p 2% r 40% 1-h 100% 1-k 0% rate 20Mbit seed 42  Sent 14945841 bytes 12997 pkt (dropped 264, overlimits 0 requeues 0)   backlog 0b 0p requeues 0 
    QDISC srv0: qdisc netem 9df1: root refcnt 7 limit 1000 delay 5ms  3ms rate 100Mbit seed 7578872265140784666  Sent 8308586 bytes 44628 pkt (dropped 0, overlimits 0 requeues 0)   backlog 0b 0p requeues 0 
    QDISC srv1: qdisc netem 9df2: root refcnt 7 limit 1000 delay 20ms  5ms rate 20Mbit seed 13388620451914182038  Sent 2312129 bytes 11667 pkt (dropped 0, overlimits 0 requeues 0)   backlog 0b 0p requeues 0 
    QCAP: /tmp/rwm-q.txt 18 lines
RUNTIME c8 rep=2 11s
LIVENESS c8 rep=2 cli=[RWM_ACKDIAG=1] srv=[RWM_ACKDIAG=1] ackdiag_lines_cli=8 srv=4
ACKDIAG c8 rep=2 [ACKDIAG] p0 win=2.04s acks=18376/z=18(0.1%) gap_us[p50=13 p90=140 p99=1717 n=18375] drecv[p50=1 p90=1 max=3 n=18358 sum=18375] rd[acc=1153 rej=17205 cnt=18375] rate_lr=9006sym/s x[p50=1.07 p90=2.08 p99=3.79] xanchor=8.52 anchor=785sym rtprop=10.24ms recon[sent=17467 crecv=18375 cexp=23204 srcack=14310 cr/s=1.052 ce/cr=1.263 cr/sa=1.284] ov=0
ACKDIAG c8 rep=2 [ACKDIAG] p1 win=2.06s acks=3739/z=0(0.0%) gap_us[p50=50 p90=1990 p99=5354 n=3738] drecv[p50=1 p90=1 max=1 n=3739 sum=3739] rd[acc=730 rej=3009 cnt=3739] rate_lr=1819sym/s x[p50=0.97 p90=2.72 p99=5.20] xanchor=10.77 anchor=760sym rtprop=38.80ms recon[sent=3685 crecv=3739 cexp=20675 srcack=14310 cr/s=1.015 ce/cr=5.530 cr/sa=0.261] ov=0
ACKDIAG c8 rep=2 [ACKDIAG] p0 win=2.00s acks=13025/z=31(0.2%) gap_us[p50=13 p90=163 p99=1875 n=13025] drecv[p50=1 p90=1 max=5 n=12994 sum=13021] rd[acc=847 rej=12147 cnt=13021] rate_lr=6510sym/s x[p50=1.47 p90=2.71 p99=4.79] xanchor=11.78 anchor=785sym rtprop=10.24ms recon[sent=32756 crecv=31396 cexp=39341 srcack=26943 cr/s=0.958 ce/cr=1.253 cr/sa=1.165] ov=0
ACKDIAG c8 rep=2 [ACKDIAG] p1 win=2.00s acks=2876/z=5(0.2%) gap_us[p50=36 p90=2064 p99=5701 n=2876] drecv[p50=1 p90=1 max=1 n=2871 sum=2871] rd[acc=505 rej=2366 cnt=2871] rate_lr=1435sym/s x[p50=1.27 p90=4.02 p99=7.34] xanchor=13.65 anchor=760sym rtprop=38.80ms recon[sent=6415 crecv=6610 cexp=30418 srcack=26943 cr/s=1.030 ce/cr=4.602 cr/sa=0.245] ov=0
ACKDIAG c8 rep=2 [ACKDIAG] p0 win=2.00s acks=14495/z=12(0.1%) gap_us[p50=12 p90=96 p99=1932 n=14495] drecv[p50=1 p90=1 max=4 n=14483 sum=14491] rd[acc=856 rej=13627 cnt=14491] rate_lr=7245sym/s x[p50=1.24 p90=2.60 p99=7.88] xanchor=13.02 anchor=966sym rtprop=10.24ms recon[sent=45336 crecv=45887 cexp=58939 srcack=47333 cr/s=1.012 ce/cr=1.284 cr/sa=0.969] ov=0
ACKDIAG c8 rep=2 [ACKDIAG] p1 win=2.00s acks=2193/z=4(0.2%) gap_us[p50=55 p90=2112 p99=5493 n=2193] drecv[p50=1 p90=1 max=1 n=2189 sum=2189] rd[acc=430 rej=1759 cnt=2189] rate_lr=1094sym/s x[p50=1.70 p90=4.65 p99=9.32] xanchor=21.36 anchor=901sym rtprop=38.56ms recon[sent=9512 crecv=8799 cexp=52663 srcack=47333 cr/s=0.925 ce/cr=5.985 cr/sa=0.186] ov=0
ACKDIAG c8 rep=2 [ACKDIAG] p0 win=2.02s acks=11878/z=11(0.1%) gap_us[p50=11 p90=42 p99=2048 n=11878] drecv[p50=1 p90=1 max=3 n=11867 sum=11872] rd[acc=543 rej=11324 cnt=11872] rate_lr=5884sym/s x[p50=1.54 p90=3.87 p99=16.56] xanchor=18.76 anchor=1130sym rtprop=10.24ms recon[sent=53832 crecv=57759 cexp=71183 srcack=51784 cr/s=1.073 ce/cr=1.232 cr/sa=1.115] ov=0
ACKDIAG c8 rep=2 [ACKDIAG] p1 win=2.02s acks=2644/z=5(0.2%) gap_us[p50=70 p90=1933 p99=5747 n=2644] drecv[p50=1 p90=1 max=1 n=2639 sum=2639] rd[acc=519 rej=2120 cnt=2639] rate_lr=1308sym/s x[p50=1.42 p90=4.29 p99=6.78] xanchor=17.87 anchor=901sym rtprop=38.56ms recon[sent=9622 crecv=11438 cexp=70822 srcack=51784 cr/s=1.189 ce/cr=6.192 cr/sa=0.221] ov=0
=== rep=2 cell=c2r100 seed=42 c2r100/c2r100/single bytes=100000000 runs=1 2026-08-11T19:12:38Z
[2m2026-08-11T19:12:40.535649Z[0m [32m INFO[0m [2mraptorpath::gates[0m[2m:[0m [GATES] RWM_UNIFIED=1 RWM_UNIFIED_SHED=1 RWM_TAPER_R=1 RWM_ASTAR_ANCHOR=1 RWM_MSTAR_ANCHOR=1 RWM_PLAIN_RS=0 RWM_HONEST_ANCHOR=1 RWM_HONEST_K=0 RWM_STORE_SACK_RELEASE=1 RWM_STORE_PATHS=1 RWM_STORE_PATH_POOL=2048 RWM_STORE=unset RWM_STORE_GAIN=2 RWM_STORE_BOOT=128 RWM_STORE_CAPW=0 RWM_STORE_CAP_UNIFIED=0 RWM_THREE_TERM=0 RWM_STORE_PERCAP=0 RWM_PERCAP_GUARD=1 RWM_STORE_BORROW=0 RWM_HONEST_CAP=1 RWM_POOL_ANCHOR=0 RWM_POOL_DELIV=0 RWM_FLOOR_BOUND=0 RWM_ACK_MERGE=1 RWM_PATIENCE_DERIVED=0 RWM_SIDLE_DERIVED=0 RWM_WIN_DECOUPLE=0 RWM_PLACE_SLACK=0 RWM_GEN=384 RWM_PIPELINE=2 RWM_GEN_PIPE=1 RWM_GEN_R=unset RWM_GEN_RATE=9000 RWM_GEN_RATE_FLOOR=2000 RWM_GEN_INFLIGHT=unset RWM_OOO_RETAIN=0/16 RWM_WINDOW=unset RWM_REPORT_GENS=unset RWM_REPAIR_WAIT=unset RWM_CODED_SRC=0 RWM_NO_REACTIVE=0 RWM_XPATH_REPAIR=0 RWM_PROACTIVE_PACER=0 RWM_REASM_BDP=0 RWM_MIN_R=0 RWM_CC_PACE=0 RWM_CC_PACE_HR=1.1 RWM_REACT_CAP=unset RWM_INFL_CAP=0 RWM_INFL_BDP=unset RWM_COPA_FEED=0 RWM_RS_ATTR=1 RWM_EMIT_BATCH=0 RWM_EMIT_BURST=64 RWM_RECOV_MP=1 RWM_RECOV_MP_LAW=1 RWM_RECOV_MP_LIVE=0 RWM_RECOV_SP=0 RWM_DIAG=0 RWM_ACKDIAG=1 RWM_RDIAG=0 RWM_FDIAG=0 RWM_TRACE=0 RWM_PFRAC=0
{"bytes":100000000,"dnf":0,"hint":"bulk","max_s":9.7063,"mean_mbps":82.421,"mean_s":9.7063,"median_s":9.7063,"min_s":9.7063,"proto":"rp-native","runs":1,"stdev_s":0.0,"summary":true}
    CPU: CPUSRV=7.18s CPUCLI=7.07s (srv=decoder cli=sender; whole-invocation incl warmup)
    QDISC cli0: qdisc netem 9df3: root refcnt 7 limit 1000 delay 50ms loss gemodel p 1.3% r 50% 1-h 100% 1-k 0% rate 100Mbit seed 42  Sent 112229051 bytes 102020 pkt (dropped 831, overlimits 0 requeues 0)   backlog 0b 0p requeues 0 
    QDISC cli1: qdisc netem 9df4: root refcnt 7 limit 1000 delay 50ms loss gemodel p 1.3% r 50% 1-h 100% 1-k 0% rate 100Mbit seed 42  Sent 776 bytes 10 pkt (dropped 0, overlimits 0 requeues 0)   backlog 0b 0p requeues 0 
    QDISC srv0: qdisc netem 9df5: root refcnt 7 limit 1000 delay 50ms rate 100Mbit seed 6334459807611943334  Sent 10971544 bytes 61574 pkt (dropped 0, overlimits 0 requeues 0)   backlog 639b 5p requeues 0 
    QDISC srv1: qdisc netem 9df6: root refcnt 7 limit 1000 delay 50ms rate 100Mbit seed 12908075369898085119  Sent 866 bytes 11 pkt (dropped 0, overlimits 0 requeues 0)   backlog 0b 0p requeues 0 
    QCAP: /tmp/rwm-q.txt 18 lines
RUNTIME c2r100 rep=2 12s
LIVENESS c2r100 rep=2 cli=[RWM_ACKDIAG=1] srv=[RWM_ACKDIAG=1] ackdiag_lines_cli=4 srv=4
ACKDIAG c2r100 rep=2 [ACKDIAG] p0 win=1.90s acks=13216/z=0(0.0%) gap_us[p50=23 p90=360 p99=1325 n=13215] drecv[p50=1 p90=1 max=1 n=13216 sum=13216] rd[acc=1166 rej=12050 cnt=13216] rate_lr=6953sym/s x[p50=1.34 p90=1.90 p99=2.71] xanchor=5.31 anchor=3703sym rtprop=100.38ms recon[sent=14090 crecv=13216 cexp=13679 srcack=12203 cr/s=0.938 ce/cr=1.035 cr/sa=1.083] ov=0
ACKDIAG c2r100 rep=2 [ACKDIAG] p0 win=2.00s acks=18706/z=2(0.0%) gap_us[p50=21 p90=344 p99=966 n=18706] drecv[p50=1 p90=1 max=3 n=18704 sum=18706] rd[acc=1596 rej=17108 cnt=18706] rate_lr=9351sym/s x[p50=1.01 p90=1.47 p99=2.33] xanchor=5.95 anchor=5584sym rtprop=100.38ms recon[sent=32624 crecv=31922 cexp=32935 srcack=30743 cr/s=0.978 ce/cr=1.032 cr/sa=1.038] ov=0
ACKDIAG c2r100 rep=2 [ACKDIAG] p0 win=2.00s acks=18689/z=0(0.0%) gap_us[p50=17 p90=228 p99=1064 n=18689] drecv[p50=1 p90=1 max=1 n=18689 sum=18689] rd[acc=1523 rej=17166 cnt=18689] rate_lr=9339sym/s x[p50=1.02 p90=1.64 p99=2.62] xanchor=7.46 anchor=6992sym rtprop=100.38ms recon[sent=51094 crecv=50611 cexp=52103 srcack=49380 cr/s=0.991 ce/cr=1.029 cr/sa=1.025] ov=0
ACKDIAG c2r100 rep=2 [ACKDIAG] p0 win=2.00s acks=18610/z=1(0.0%) gap_us[p50=18 p90=255 p99=1022 n=18610] drecv[p50=1 p90=1 max=2 n=18609 sum=18610] rd[acc=1553 rej=17056 cnt=18610] rate_lr=9303sym/s x[p50=1.02 p90=1.60 p99=2.44] xanchor=7.49 anchor=6992sym rtprop=100.38ms recon[sent=69422 crecv=69221 cexp=71317 srcack=67465 cr/s=0.997 ce/cr=1.030 cr/sa=1.026] ov=0
=== rep=3 cell=c7 seed=42 c2/c2/dual bytes=200000000 runs=1 2026-08-11T19:12:50Z
[2m2026-08-11T19:12:52.431558Z[0m [32m INFO[0m [2mraptorpath::gates[0m[2m:[0m [GATES] RWM_UNIFIED=1 RWM_UNIFIED_SHED=1 RWM_TAPER_R=1 RWM_ASTAR_ANCHOR=1 RWM_MSTAR_ANCHOR=1 RWM_PLAIN_RS=0 RWM_HONEST_ANCHOR=1 RWM_HONEST_K=0 RWM_STORE_SACK_RELEASE=1 RWM_STORE_PATHS=1 RWM_STORE_PATH_POOL=2048 RWM_STORE=unset RWM_STORE_GAIN=2 RWM_STORE_BOOT=128 RWM_STORE_CAPW=0 RWM_STORE_CAP_UNIFIED=0 RWM_THREE_TERM=0 RWM_STORE_PERCAP=0 RWM_PERCAP_GUARD=1 RWM_STORE_BORROW=0 RWM_HONEST_CAP=1 RWM_POOL_ANCHOR=0 RWM_POOL_DELIV=0 RWM_FLOOR_BOUND=0 RWM_ACK_MERGE=1 RWM_PATIENCE_DERIVED=0 RWM_SIDLE_DERIVED=0 RWM_WIN_DECOUPLE=0 RWM_PLACE_SLACK=0 RWM_GEN=384 RWM_PIPELINE=2 RWM_GEN_PIPE=1 RWM_GEN_R=unset RWM_GEN_RATE=9000 RWM_GEN_RATE_FLOOR=2000 RWM_GEN_INFLIGHT=unset RWM_OOO_RETAIN=0/16 RWM_WINDOW=unset RWM_REPORT_GENS=unset RWM_REPAIR_WAIT=unset RWM_CODED_SRC=0 RWM_NO_REACTIVE=0 RWM_XPATH_REPAIR=0 RWM_PROACTIVE_PACER=0 RWM_REASM_BDP=0 RWM_MIN_R=0 RWM_CC_PACE=0 RWM_CC_PACE_HR=1.1 RWM_REACT_CAP=unset RWM_INFL_CAP=0 RWM_INFL_BDP=unset RWM_COPA_FEED=0 RWM_RS_ATTR=1 RWM_EMIT_BATCH=0 RWM_EMIT_BURST=64 RWM_RECOV_MP=1 RWM_RECOV_MP_LAW=1 RWM_RECOV_MP_LIVE=0 RWM_RECOV_SP=0 RWM_DIAG=0 RWM_ACKDIAG=1 RWM_RDIAG=0 RWM_FDIAG=0 RWM_TRACE=0 RWM_PFRAC=0
{"bytes":200000000,"dnf":0,"hint":"bulk","max_s":9.0802,"mean_mbps":176.209,"mean_s":9.0802,"median_s":9.0802,"min_s":9.0802,"proto":"rp-native","runs":1,"stdev_s":0.0,"summary":true}
    CPU: CPUSRV=12.30s CPUCLI=13.59s (srv=decoder cli=sender; whole-invocation incl warmup)
    QDISC cli0: qdisc netem 9df7: root refcnt 7 limit 1000 delay 5ms  3ms loss gemodel p 1.3% r 50% 1-h 100% 1-k 0% rate 100Mbit seed 42  Sent 110308261 bytes 87542 pkt (dropped 484, overlimits 0 requeues 0)   backlog 0b 0p requeues 0 
    QDISC cli1: qdisc netem 9df8: root refcnt 7 limit 1000 delay 5ms  3ms loss gemodel p 1.3% r 50% 1-h 100% 1-k 0% rate 100Mbit seed 42  Sent 112469037 bytes 91104 pkt (dropped 556, overlimits 0 requeues 0)   backlog 0b 0p requeues 0 
    QDISC srv0: qdisc netem 9df9: root refcnt 7 limit 1000 delay 5ms  3ms rate 100Mbit seed 15426279413281925651  Sent 11458486 bytes 55524 pkt (dropped 0, overlimits 0 requeues 0)   backlog 0b 0p requeues 0 
    QDISC srv1: qdisc netem 9dfa: root refcnt 7 limit 1000 delay 5ms  3ms rate 100Mbit seed 1370585537927230072  Sent 11594670 bytes 57331 pkt (dropped 0, overlimits 0 requeues 0)   backlog 0b 0p requeues 0 
    QCAP: /tmp/rwm-q.txt 18 lines
RUNTIME c7 rep=3 11s
LIVENESS c7 rep=3 cli=[RWM_ACKDIAG=1] srv=[RWM_ACKDIAG=1] ackdiag_lines_cli=8 srv=7
ACKDIAG c7 rep=3 [ACKDIAG] p0 win=1.98s acks=18740/z=14(0.1%) gap_us[p50=14 p90=91 p99=1966 n=18739] drecv[p50=1 p90=1 max=5 n=18726 sum=18740] rd[acc=1111 rej=17615 cnt=18740] rate_lr=9455sym/s x[p50=0.95 p90=2.27 p99=5.13] xanchor=8.31 anchor=606sym rtprop=7.71ms recon[sent=19409 crecv=18740 cexp=37645 srcack=35399 cr/s=0.966 ce/cr=2.009 cr/sa=0.529] ov=0
ACKDIAG c7 rep=3 [ACKDIAG] p1 win=1.99s acks=18706/z=29(0.2%) gap_us[p50=14 p90=86 p99=1830 n=18705] drecv[p50=1 p90=1 max=5 n=18677 sum=18706] rd[acc=1113 rej=17564 cnt=18706] rate_lr=9399sym/s x[p50=0.98 p90=2.15 p99=5.04] xanchor=8.06 anchor=732sym rtprop=9.66ms recon[sent=20305 crecv=18706 cexp=38680 srcack=35399 cr/s=0.921 ce/cr=2.068 cr/sa=0.528] ov=0
ACKDIAG c7 rep=3 [ACKDIAG] p0 win=2.00s acks=19290/z=20(0.1%) gap_us[p50=13 p90=83 p99=1904 n=19290] drecv[p50=1 p90=1 max=5 n=19270 sum=19290] rd[acc=1111 rej=18159 cnt=19290] rate_lr=9645sym/s x[p50=1.01 p90=2.17 p99=5.01] xanchor=8.14 anchor=606sym rtprop=7.71ms recon[sent=38542 crecv=38030 cexp=77060 srcack=69290 cr/s=0.987 ce/cr=2.026 cr/sa=0.549] ov=0
ACKDIAG c7 rep=3 [ACKDIAG] p1 win=2.00s acks=19275/z=19(0.1%) gap_us[p50=14 p90=84 p99=1807 n=19275] drecv[p50=1 p90=1 max=5 n=19256 sum=19275] rd[acc=1097 rej=18159 cnt=19275] rate_lr=9637sym/s x[p50=0.98 p90=2.25 p99=4.84] xanchor=8.22 anchor=765sym rtprop=9.66ms recon[sent=38523 crecv=37981 cexp=78881 srcack=69290 cr/s=0.986 ce/cr=2.077 cr/sa=0.548] ov=0
ACKDIAG c7 rep=3 [ACKDIAG] p0 win=2.00s acks=18823/z=18(0.1%) gap_us[p50=13 p90=73 p99=2030 n=18823] drecv[p50=1 p90=1 max=4 n=18805 sum=18823] rd[acc=1048 rej=17757 cnt=18823] rate_lr=9411sym/s x[p50=1.00 p90=2.33 p99=5.82] xanchor=10.66 anchor=774sym rtprop=7.71ms recon[sent=57755 crecv=56853 cexp=116498 srcack=108837 cr/s=0.984 ce/cr=2.049 cr/sa=0.522] ov=0
ACKDIAG c7 rep=3 [ACKDIAG] p1 win=2.00s acks=19076/z=13(0.1%) gap_us[p50=13 p90=79 p99=1858 n=19076] drecv[p50=1 p90=1 max=4 n=19063 sum=19076] rd[acc=1069 rej=17994 cnt=19076] rate_lr=9538sym/s x[p50=0.97 p90=2.18 p99=5.94] xanchor=8.85 anchor=815sym rtprop=9.66ms recon[sent=56791 crecv=57057 cexp=117422 srcack=108837 cr/s=1.005 ce/cr=2.058 cr/sa=0.524] ov=0
ACKDIAG c7 rep=3 [ACKDIAG] p0 win=2.00s acks=18908/z=14(0.1%) gap_us[p50=13 p90=78 p99=1925 n=18908] drecv[p50=1 p90=1 max=4 n=18894 sum=18908] rd[acc=1044 rej=17850 cnt=18908] rate_lr=9454sym/s x[p50=0.98 p90=2.26 p99=6.00] xanchor=10.62 anchor=774sym rtprop=7.71ms recon[sent=74996 crecv=75761 cexp=156395 srcack=148192 cr/s=1.010 ce/cr=2.064 cr/sa=0.511] ov=0
ACKDIAG c7 rep=3 [ACKDIAG] p1 win=2.00s acks=19097/z=18(0.1%) gap_us[p50=13 p90=73 p99=2006 n=19097] drecv[p50=1 p90=1 max=4 n=19079 sum=19097] rd[acc=1036 rej=18043 cnt=19097] rate_lr=9548sym/s x[p50=1.00 p90=2.30 p99=6.15] xanchor=9.88 anchor=911sym rtprop=9.66ms recon[sent=76209 crecv=76154 cexp=155428 srcack=148192 cr/s=0.999 ce/cr=2.041 cr/sa=0.514] ov=0
=== rep=3 cell=c8 seed=42 c2/c3/dual bytes=25000000 runs=3 2026-08-11T19:13:01Z
[2m2026-08-11T19:13:03.805183Z[0m [32m INFO[0m [2mraptorpath::gates[0m[2m:[0m [GATES] RWM_UNIFIED=1 RWM_UNIFIED_SHED=1 RWM_TAPER_R=1 RWM_ASTAR_ANCHOR=1 RWM_MSTAR_ANCHOR=1 RWM_PLAIN_RS=0 RWM_HONEST_ANCHOR=1 RWM_HONEST_K=0 RWM_STORE_SACK_RELEASE=1 RWM_STORE_PATHS=1 RWM_STORE_PATH_POOL=2048 RWM_STORE=unset RWM_STORE_GAIN=2 RWM_STORE_BOOT=128 RWM_STORE_CAPW=0 RWM_STORE_CAP_UNIFIED=0 RWM_THREE_TERM=0 RWM_STORE_PERCAP=0 RWM_PERCAP_GUARD=1 RWM_STORE_BORROW=0 RWM_HONEST_CAP=1 RWM_POOL_ANCHOR=0 RWM_POOL_DELIV=0 RWM_FLOOR_BOUND=0 RWM_ACK_MERGE=1 RWM_PATIENCE_DERIVED=0 RWM_SIDLE_DERIVED=0 RWM_WIN_DECOUPLE=0 RWM_PLACE_SLACK=0 RWM_GEN=384 RWM_PIPELINE=2 RWM_GEN_PIPE=1 RWM_GEN_R=unset RWM_GEN_RATE=9000 RWM_GEN_RATE_FLOOR=2000 RWM_GEN_INFLIGHT=unset RWM_OOO_RETAIN=0/16 RWM_WINDOW=unset RWM_REPORT_GENS=unset RWM_REPAIR_WAIT=unset RWM_CODED_SRC=0 RWM_NO_REACTIVE=0 RWM_XPATH_REPAIR=0 RWM_PROACTIVE_PACER=0 RWM_REASM_BDP=0 RWM_MIN_R=0 RWM_CC_PACE=0 RWM_CC_PACE_HR=1.1 RWM_REACT_CAP=unset RWM_INFL_CAP=0 RWM_INFL_BDP=unset RWM_COPA_FEED=0 RWM_RS_ATTR=1 RWM_EMIT_BATCH=0 RWM_EMIT_BURST=64 RWM_RECOV_MP=1 RWM_RECOV_MP_LAW=1 RWM_RECOV_MP_LIVE=0 RWM_RECOV_SP=0 RWM_DIAG=0 RWM_ACKDIAG=1 RWM_RDIAG=0 RWM_FDIAG=0 RWM_TRACE=0 RWM_PFRAC=0
{"bytes":25000000,"dnf":0,"hint":"bulk","max_s":3.0344,"mean_mbps":73.269,"mean_s":2.7297,"median_s":2.6136,"min_s":2.5409,"proto":"rp-native","runs":3,"stdev_s":0.2664,"summary":true}
    CPU: CPUSRV=6.01s CPUCLI=6.26s (srv=decoder cli=sender; whole-invocation incl warmup)
    QDISC cli0: qdisc netem 9dfb: root refcnt 7 limit 1000 delay 5ms  3ms loss gemodel p 1.3% r 50% 1-h 100% 1-k 0% rate 100Mbit seed 42  Sent 75851920 bytes 59176 pkt (dropped 259, overlimits 0 requeues 0)   backlog 0b 0p requeues 0 
    QDISC cli1: qdisc netem 9dfc: root refcnt 7 limit 1000 delay 20ms  5ms loss gemodel p 2% r 40% 1-h 100% 1-k 0% rate 20Mbit seed 42  Sent 14904840 bytes 13481 pkt (dropped 264, overlimits 0 requeues 0)   backlog 0b 0p requeues 0 
    QDISC srv0: qdisc netem 9dfd: root refcnt 7 limit 1000 delay 5ms  3ms rate 100Mbit seed 3004437081835151950  Sent 8080896 bytes 44429 pkt (dropped 0, overlimits 0 requeues 0)   backlog 0b 0p requeues 0 
    QDISC srv1: qdisc netem 9dfe: root refcnt 7 limit 1000 delay 20ms  5ms rate 20Mbit seed 13692926757255764634  Sent 2077472 bytes 10928 pkt (dropped 0, overlimits 0 requeues 0)   backlog 144b 2p requeues 0 
    QCAP: /tmp/rwm-q.txt 18 lines
RUNTIME c8 rep=3 11s
LIVENESS c8 rep=3 cli=[RWM_ACKDIAG=1] srv=[RWM_ACKDIAG=1] ackdiag_lines_cli=8 srv=5
ACKDIAG c8 rep=3 [ACKDIAG] p0 win=1.99s acks=17800/z=33(0.2%) gap_us[p50=13 p90=153 p99=1835 n=17799] drecv[p50=1 p90=1 max=7 n=17767 sum=17800] rd[acc=1158 rej=16609 cnt=17800] rate_lr=8946sym/s x[p50=1.00 p90=2.07 p99=3.91] xanchor=7.79 anchor=747sym rtprop=10.72ms recon[sent=17617 crecv=17800 cexp=22132 srcack=12094 cr/s=1.010 ce/cr=1.243 cr/sa=1.472] ov=0
ACKDIAG c8 rep=3 [ACKDIAG] p1 win=1.95s acks=3440/z=0(0.0%) gap_us[p50=44 p90=1949 p99=5964 n=3439] drecv[p50=1 p90=1 max=1 n=3440 sum=3440] rd[acc=630 rej=2810 cnt=3440] rate_lr=1764sym/s x[p50=1.08 p90=3.05 p99=5.32] xanchor=7.35 anchor=500sym rtprop=38.54ms recon[sent=3535 crecv=3440 cexp=14259 srcack=12094 cr/s=0.973 ce/cr=4.145 cr/sa=0.284] ov=0
ACKDIAG c8 rep=3 [ACKDIAG] p0 win=2.00s acks=15054/z=17(0.1%) gap_us[p50=13 p90=182 p99=1803 n=15054] drecv[p50=1 p90=1 max=3 n=15037 sum=15050] rd[acc=991 rej=14046 cnt=15050] rate_lr=7525sym/s x[p50=1.23 p90=2.39 p99=3.78] xanchor=9.26 anchor=711sym rtprop=10.21ms recon[sent=32620 crecv=32850 cexp=39786 srcack=27579 cr/s=1.007 ce/cr=1.211 cr/sa=1.191] ov=0
ACKDIAG c8 rep=3 [ACKDIAG] p1 win=2.00s acks=2641/z=4(0.2%) gap_us[p50=40 p90=1995 p99=5920 n=2641] drecv[p50=1 p90=1 max=1 n=2637 sum=2637] rd[acc=489 rej=2148 cnt=2637] rate_lr=1318sym/s x[p50=1.34 p90=3.76 p99=7.52] xanchor=11.81 anchor=600sym rtprop=38.54ms recon[sent=5816 crecv=6077 cexp=43033 srcack=27579 cr/s=1.045 ce/cr=7.081 cr/sa=0.220] ov=0
ACKDIAG c8 rep=3 [ACKDIAG] p0 win=2.00s acks=9293/z=14(0.2%) gap_us[p50=12 p90=133 p99=1953 n=9293] drecv[p50=1 p90=1 max=4 n=9279 sum=9286] rd[acc=588 rej=8691 cnt=9286] rate_lr=4643sym/s x[p50=1.99 p90=4.07 p99=7.28] xanchor=15.01 anchor=457sym rtprop=6.56ms recon[sent=40026 crecv=42136 cexp=51405 srcack=43319 cr/s=1.053 ce/cr=1.220 cr/sa=0.973] ov=0
ACKDIAG c8 rep=3 [ACKDIAG] p1 win=2.00s acks=2054/z=7(0.3%) gap_us[p50=32 p90=2064 p99=6121 n=2054] drecv[p50=1 p90=1 max=1 n=2047 sum=2047] rd[acc=346 rej=1701 cnt=2047] rate_lr=1023sym/s x[p50=1.80 p90=4.96 p99=12.52] xanchor=18.77 anchor=740sym rtprop=38.54ms recon[sent=8374 crecv=8124 cexp=53120 srcack=43319 cr/s=0.970 ce/cr=6.539 cr/sa=0.188] ov=0
ACKDIAG c8 rep=3 [ACKDIAG] p0 win=2.00s acks=16273/z=25(0.2%) gap_us[p50=13 p90=100 p99=1697 n=16273] drecv[p50=1 p90=1 max=5 n=16248 sum=16273] rd[acc=969 rej=15279 cnt=16273] rate_lr=8118sym/s x[p50=1.15 p90=2.25 p99=8.24] xanchor=13.57 anchor=722sym rtprop=6.56ms recon[sent=53708 crecv=58409 cexp=71589 srcack=57386 cr/s=1.088 ce/cr=1.226 cr/sa=1.018] ov=0
ACKDIAG c8 rep=3 [ACKDIAG] p1 win=2.00s acks=3145/z=0(0.0%) gap_us[p50=47 p90=1961 p99=5952 n=3145] drecv[p50=1 p90=1 max=1 n=3145 sum=3145] rd[acc=592 rej=2553 cnt=3145] rate_lr=1569sym/s x[p50=1.20 p90=2.92 p99=5.72] xanchor=12.25 anchor=740sym rtprop=38.54ms recon[sent=9746 crecv=11269 cexp=71610 srcack=57386 cr/s=1.156 ce/cr=6.355 cr/sa=0.196] ov=0
=== rep=3 cell=c2r100 seed=42 c2r100/c2r100/single bytes=100000000 runs=1 2026-08-11T19:13:12Z
[2m2026-08-11T19:13:14.693526Z[0m [32m INFO[0m [2mraptorpath::gates[0m[2m:[0m [GATES] RWM_UNIFIED=1 RWM_UNIFIED_SHED=1 RWM_TAPER_R=1 RWM_ASTAR_ANCHOR=1 RWM_MSTAR_ANCHOR=1 RWM_PLAIN_RS=0 RWM_HONEST_ANCHOR=1 RWM_HONEST_K=0 RWM_STORE_SACK_RELEASE=1 RWM_STORE_PATHS=1 RWM_STORE_PATH_POOL=2048 RWM_STORE=unset RWM_STORE_GAIN=2 RWM_STORE_BOOT=128 RWM_STORE_CAPW=0 RWM_STORE_CAP_UNIFIED=0 RWM_THREE_TERM=0 RWM_STORE_PERCAP=0 RWM_PERCAP_GUARD=1 RWM_STORE_BORROW=0 RWM_HONEST_CAP=1 RWM_POOL_ANCHOR=0 RWM_POOL_DELIV=0 RWM_FLOOR_BOUND=0 RWM_ACK_MERGE=1 RWM_PATIENCE_DERIVED=0 RWM_SIDLE_DERIVED=0 RWM_WIN_DECOUPLE=0 RWM_PLACE_SLACK=0 RWM_GEN=384 RWM_PIPELINE=2 RWM_GEN_PIPE=1 RWM_GEN_R=unset RWM_GEN_RATE=9000 RWM_GEN_RATE_FLOOR=2000 RWM_GEN_INFLIGHT=unset RWM_OOO_RETAIN=0/16 RWM_WINDOW=unset RWM_REPORT_GENS=unset RWM_REPAIR_WAIT=unset RWM_CODED_SRC=0 RWM_NO_REACTIVE=0 RWM_XPATH_REPAIR=0 RWM_PROACTIVE_PACER=0 RWM_REASM_BDP=0 RWM_MIN_R=0 RWM_CC_PACE=0 RWM_CC_PACE_HR=1.1 RWM_REACT_CAP=unset RWM_INFL_CAP=0 RWM_INFL_BDP=unset RWM_COPA_FEED=0 RWM_RS_ATTR=1 RWM_EMIT_BATCH=0 RWM_EMIT_BURST=64 RWM_RECOV_MP=1 RWM_RECOV_MP_LAW=1 RWM_RECOV_MP_LIVE=0 RWM_RECOV_SP=0 RWM_DIAG=0 RWM_ACKDIAG=1 RWM_RDIAG=0 RWM_FDIAG=0 RWM_TRACE=0 RWM_PFRAC=0
{"bytes":100000000,"dnf":0,"hint":"bulk","max_s":9.5611,"mean_mbps":83.673,"mean_s":9.5611,"median_s":9.5611,"min_s":9.5611,"proto":"rp-native","runs":1,"stdev_s":0.0,"summary":true}
    CPU: CPUSRV=6.81s CPUCLI=6.76s (srv=decoder cli=sender; whole-invocation incl warmup)
    QDISC cli0: qdisc netem 9dff: root refcnt 7 limit 1000 delay 50ms loss gemodel p 1.3% r 50% 1-h 100% 1-k 0% rate 100Mbit seed 42  Sent 112089539 bytes 100080 pkt (dropped 800, overlimits 0 requeues 0)   backlog 595b 3p requeues 0 
    QDISC cli1: qdisc netem 9e00: root refcnt 7 limit 1000 delay 50ms loss gemodel p 1.3% r 50% 1-h 100% 1-k 0% rate 100Mbit seed 42  Sent 776 bytes 10 pkt (dropped 0, overlimits 0 requeues 0)   backlog 0b 0p requeues 0 
    QDISC srv0: qdisc netem 9e01: root refcnt 7 limit 1000 delay 50ms rate 100Mbit seed 9880229814707593414  Sent 10871803 bytes 60310 pkt (dropped 0, overlimits 0 requeues 0)   backlog 86b 1p requeues 0 
    QDISC srv1: qdisc netem 9e02: root refcnt 7 limit 1000 delay 50ms rate 100Mbit seed 1315083983584841584  Sent 866 bytes 11 pkt (dropped 0, overlimits 0 requeues 0)   backlog 0b 0p requeues 0 
    QCAP: /tmp/rwm-q.txt 18 lines
RUNTIME c2r100 rep=3 12s
LIVENESS c2r100 rep=3 cli=[RWM_ACKDIAG=1] srv=[RWM_ACKDIAG=1] ackdiag_lines_cli=4 srv=4
ACKDIAG c2r100 rep=3 [ACKDIAG] p0 win=1.90s acks=14254/z=0(0.0%) gap_us[p50=22 p90=368 p99=1033 n=14253] drecv[p50=1 p90=1 max=1 n=14254 sum=14254] rd[acc=1243 rej=13011 cnt=14254] rate_lr=7497sym/s x[p50=1.26 p90=1.79 p99=2.56] xanchor=4.31 anchor=3239sym rtprop=100.35ms recon[sent=15140 crecv=14254 cexp=14620 srcack=14122 cr/s=0.941 ce/cr=1.026 cr/sa=1.009] ov=0
ACKDIAG c2r100 rep=3 [ACKDIAG] p0 win=2.00s acks=18762/z=0(0.0%) gap_us[p50=20 p90=374 p99=930 n=18762] drecv[p50=1 p90=1 max=1 n=18762 sum=18762] rd[acc=1599 rej=17163 cnt=18762] rate_lr=9379sym/s x[p50=1.01 p90=1.41 p99=2.19] xanchor=5.36 anchor=5046sym rtprop=100.35ms recon[sent=33668 crecv=33016 cexp=33919 srcack=31867 cr/s=0.981 ce/cr=1.027 cr/sa=1.036] ov=0
ACKDIAG c2r100 rep=3 [ACKDIAG] p0 win=2.00s acks=18577/z=11(0.1%) gap_us[p50=17 p90=301 p99=1023 n=18577] drecv[p50=1 p90=1 max=10 n=18566 sum=18577] rd[acc=1542 rej=17024 cnt=18577] rate_lr=9283sym/s x[p50=1.02 p90=1.58 p99=2.56] xanchor=5.92 anchor=5516sym rtprop=100.35ms recon[sent=52029 crecv=51593 cexp=53046 srcack=50310 cr/s=0.992 ce/cr=1.028 cr/sa=1.026] ov=0
ACKDIAG c2r100 rep=3 [ACKDIAG] p0 win=2.00s acks=18641/z=0(0.0%) gap_us[p50=17 p90=318 p99=1005 n=18641] drecv[p50=1 p90=1 max=1 n=18641 sum=18641] rd[acc=1569 rej=17072 cnt=18641] rate_lr=9318sym/s x[p50=1.02 p90=1.55 p99=2.55] xanchor=7.72 anchor=7217sym rtprop=100.35ms recon[sent=70445 crecv=70234 cexp=72236 srcack=69425 cr/s=0.997 ce/cr=1.029 cr/sa=1.012] ov=0
