=== CPU-CEILING BATTERY seed=42 reps=3 cells='c9h' arms='B S P' 2026-08-19T20:53:04Z
=== CONTRACT goal-gate "MEASUREMENT TRUTH item 2 — THE SENDER CPU CEILING (PRE-REGISTRATION, PHASE 1)"
=== ARMS  B = no instrument (THE CEILING'S OWN ARM) | S = RWM_CPUPROF=1 (self-timing) | P = perf record -p <client> on the release-prof build
=== THE CEILING'S ms/MB IS READ OFF ARM B AND OFF NOTHING ELSE. An instrument that costs CPU at a CPU-BOUND cell moves the number it reports; B is what bounds that, and S-vs-B and P-vs-B ARE the instrument-cost measurement.
=== NO DIAG/ACKDIAG/WALLDIAG/LATPROBE ON ANY ARM — all of them are sender-side costs inside the quantity under decomposition. This env DIFFERS from the era and latency batteries deliberately.
=== perf attaches by PID, selected on '--client' in /proc/<pid>/cmdline. Both roles are the same executable; recency would race.
=== perf's ATTACH GAP is recorded per invocation (attach_ms). P is read as a SHAPE, never as a total; the total is B's CPUCLI.
=== release binary /home/vibe/raptorpath/target/release/raptorpath sha256 330ebfccc1b5f9f371731f6d1deef4511fcc11b3570788ed3eed3627f3d8d984
=== release-prof binary /home/vibe/raptorpath/target/release-prof/raptorpath sha256 d84711e72c1c4a860a45efd8def99327475f95dafafaa1e41402f5a709600017
=== .text release      9c9a59486bf67fcfe7a67fb341c68e2ea0ca2392eae3c74eecd72ac590cadd4d
=== .text release-prof 6de29a1763c955d35a580186c620fe0ec2440f7b19c999443b42d718474c75a4
=== TEXT-EQUAL NO — *** the release-prof build is NOT the same code as the release build. P describes a DIFFERENT sender from B's ceiling and every attribution below is qualified by this line. ***
=== source 77c95efe338528673ee81d20c30b3d7ceed3f815 feat/cpuprof-run (from main@77c95ef) cpuprof phase 1 2026-08-19T19:59:44Z
=== perf perf version 7.1.3-100.fc43.x86_64 freq=999 graph=0
=== perf_event_paranoid 1 kptr_restrict 0
=== kernel 7.0.14-101.fc43.x86_64
=== uptime/load  22:54:12 up 1 day,  1:36,  6 users,  load average: 2.61, 3.83, 3.77
=== co-tenant 0
0 kwin_x11 / 1 sddm
=== steal 
Model name:                              Intel(R) Xeon(R) CPU E5-2650 v3 @ 2.30GHz
aes avx2 pclmulqdq 
=== rep=1 arm=c9h-B seed=42 bin=/home/vibe/raptorpath/target/release/raptorpath env="" cell=c2/c3/quad bytes=150000000 20:54:12
[2m2026-08-19T20:54:14.597988Z[0m [32m INFO[0m [2mraptorpath::gates[0m[2m:[0m [GATES] RWM_UNIFIED=1 RWM_UNIFIED_SHED=1 RWM_TAPER_R=1 RWM_ASTAR_ANCHOR=1 RWM_MSTAR_ANCHOR=1 RWM_PLAIN_RS=0 RWM_HONEST_ANCHOR=1 RWM_HONEST_K=0 RWM_STORE_SACK_RELEASE=1 RWM_STORE_PATHS=1 RWM_STORE_PATH_POOL=2048 RWM_STORE=unset RWM_STORE_GAIN=2 RWM_STORE_BOOT=128 RWM_STORE_CAPW=0 RWM_STORE_CAP_UNIFIED=0 RWM_THREE_TERM=0 RWM_COMPOSED_CAP=0 RWM_SUM_CAP=1 RWM_LATE_BRAKE=0 RWM_DELTA_CAP=1 RWM_STORE_PERCAP=0 RWM_PERCAP_GUARD=1 RWM_STORE_BORROW=0 RWM_HONEST_CAP=1 RWM_POOL_ANCHOR=0 RWM_POOL_DELIV=0 RWM_FLOOR_BOUND=0 RWM_ACK_MERGE=1 RWM_LOSS_SENT_TRUTH=0 RWM_RELEASE_1TO1=0 RWM_CHARGE_RECOVERY=0 RWM_PATIENCE_DERIVED=0 RWM_SIDLE_DERIVED=0 RWM_WIN_DECOUPLE=0 RWM_PLACE_SLACK=0 RWM_COLD_PLACE=0 RWM_GEN=384 RWM_PIPELINE=2 RWM_GEN_PIPE=1 RWM_GEN_R=unset RWM_GEN_RATE=9000 RWM_GEN_RATE_FLOOR=2000 RWM_GEN_INFLIGHT=unset RWM_OOO_RETAIN=0/16 RWM_WINDOW=unset RWM_REPORT_GENS=unset RWM_REPAIR_WAIT=unset RWM_CODED_SRC=0 RWM_NO_REACTIVE=0 RWM_XPATH_REPAIR=0 RWM_PROACTIVE_PACER=0 RWM_REASM_BDP=0 RWM_MIN_R=0 RWM_CC_PACE=0 RWM_CC_PACE_HR=1.1 RWM_REACT_CAP=unset RWM_INFL_CAP=0 RWM_INFL_BDP=unset RWM_COPA_FEED=0 RWM_RS_ATTR=1 RWM_EMIT_BATCH=0 RWM_EMIT_BURST=64 RWM_RECOV_MP=1 RWM_RECOV_MP_LAW=1 RWM_RECOV_MP_LIVE=0 RWM_RECOV_SP=0 RWM_DERIVED_SWEEP=0 RWM_RACK_CLOCKS=0 RWM_RACK_REO_MULT=1 RWM_QUANTILE_CLOCKS=0 RWM_DIAG=0 RWM_ACKDIAG=0 RWM_ACKDIAG_WINDOW_US=2000000 RWM_WALLDIAG=0 RWM_CPUPROF=0 RWM_RDIAG=0 RWM_FDIAG=0 RWM_TRACE=0 RWM_PFRAC=0
{"bytes":150000000,"dnf":0,"hint":"bulk","max_s":7.9657,"mean_mbps":150.646,"mean_s":7.9657,"median_s":7.9657,"min_s":7.9657,"proto":"rp-native","runs":1,"stdev_s":0.0,"summary":true}
    CPU: CPUSRV=10.03s CPUCLI=11.37s (srv=decoder cli=sender; whole-invocation incl warmup)
    QCAP: /tmp/rwm-q.txt 34 lines
RUNTIME c9h-B rep=1 11s
CEIL c9h-B rep=1 cpucli=11.37 cpusrv=10.03 seconds=7.965697 bytes=150000000 ms_per_MB=75.80 cores=1.427 pred_mbit=150.6 meas_mbit=150.6
LIVENESS c9h-B rep=1 anchor_cc=4 cpuprof_lines=0 gates_on=0 gates_off=1
=== rep=1 arm=c9h-S seed=42 bin=/home/vibe/raptorpath/target/release/raptorpath env="RWM_CPUPROF=1" cell=c2/c3/quad bytes=150000000 20:54:23
[2m2026-08-19T20:54:25.331432Z[0m [32m INFO[0m [2mraptorpath::gates[0m[2m:[0m [GATES] RWM_UNIFIED=1 RWM_UNIFIED_SHED=1 RWM_TAPER_R=1 RWM_ASTAR_ANCHOR=1 RWM_MSTAR_ANCHOR=1 RWM_PLAIN_RS=0 RWM_HONEST_ANCHOR=1 RWM_HONEST_K=0 RWM_STORE_SACK_RELEASE=1 RWM_STORE_PATHS=1 RWM_STORE_PATH_POOL=2048 RWM_STORE=unset RWM_STORE_GAIN=2 RWM_STORE_BOOT=128 RWM_STORE_CAPW=0 RWM_STORE_CAP_UNIFIED=0 RWM_THREE_TERM=0 RWM_COMPOSED_CAP=0 RWM_SUM_CAP=1 RWM_LATE_BRAKE=0 RWM_DELTA_CAP=1 RWM_STORE_PERCAP=0 RWM_PERCAP_GUARD=1 RWM_STORE_BORROW=0 RWM_HONEST_CAP=1 RWM_POOL_ANCHOR=0 RWM_POOL_DELIV=0 RWM_FLOOR_BOUND=0 RWM_ACK_MERGE=1 RWM_LOSS_SENT_TRUTH=0 RWM_RELEASE_1TO1=0 RWM_CHARGE_RECOVERY=0 RWM_PATIENCE_DERIVED=0 RWM_SIDLE_DERIVED=0 RWM_WIN_DECOUPLE=0 RWM_PLACE_SLACK=0 RWM_COLD_PLACE=0 RWM_GEN=384 RWM_PIPELINE=2 RWM_GEN_PIPE=1 RWM_GEN_R=unset RWM_GEN_RATE=9000 RWM_GEN_RATE_FLOOR=2000 RWM_GEN_INFLIGHT=unset RWM_OOO_RETAIN=0/16 RWM_WINDOW=unset RWM_REPORT_GENS=unset RWM_REPAIR_WAIT=unset RWM_CODED_SRC=0 RWM_NO_REACTIVE=0 RWM_XPATH_REPAIR=0 RWM_PROACTIVE_PACER=0 RWM_REASM_BDP=0 RWM_MIN_R=0 RWM_CC_PACE=0 RWM_CC_PACE_HR=1.1 RWM_REACT_CAP=unset RWM_INFL_CAP=0 RWM_INFL_BDP=unset RWM_COPA_FEED=0 RWM_RS_ATTR=1 RWM_EMIT_BATCH=0 RWM_EMIT_BURST=64 RWM_RECOV_MP=1 RWM_RECOV_MP_LAW=1 RWM_RECOV_MP_LIVE=0 RWM_RECOV_SP=0 RWM_DERIVED_SWEEP=0 RWM_RACK_CLOCKS=0 RWM_RACK_REO_MULT=1 RWM_QUANTILE_CLOCKS=0 RWM_DIAG=0 RWM_ACKDIAG=0 RWM_ACKDIAG_WINDOW_US=2000000 RWM_WALLDIAG=0 RWM_CPUPROF=1 RWM_RDIAG=0 RWM_FDIAG=0 RWM_TRACE=0 RWM_PFRAC=0
{"bytes":150000000,"dnf":0,"hint":"bulk","max_s":6.9709,"mean_mbps":172.145,"mean_s":6.9709,"median_s":6.9709,"min_s":6.9709,"proto":"rp-native","runs":1,"stdev_s":0.0,"summary":true}
    CPU: CPUSRV=9.42s CPUCLI=9.93s (srv=decoder cli=sender; whole-invocation incl warmup)
    QCAP: /tmp/rwm-q.txt 34 lines
RUNTIME c9h-S rep=1 10s
CEIL c9h-S rep=1 cpucli=9.93 cpusrv=9.42 seconds=6.970851 bytes=150000000 ms_per_MB=66.20 cores=1.425 pred_mbit=172.1 meas_mbit=172.1
CPUPROFLINE c9h-S rep=1 [CPUPROF] run_ms=7016.3 cpu_ms=9910.1 cores=1.412 enc=0.0/n0/0.0000 src=0.0/n0/0.0000 frm=113.1/n126905/0.0114 ser=124.9/n133351/0.0126 hand=1084.3/n133351/0.1094 attr=0.1334 unattr=0.8666
LIVENESS c9h-S rep=1 anchor_cc=4 cpuprof_lines=1 gates_on=1 gates_off=0
=== rep=1 arm=c9h-P seed=42 bin=/home/vibe/raptorpath/target/release-prof/raptorpath env="" cell=c2/c3/quad bytes=150000000 20:54:33
PERFCAP c9h-P rep=1 data=/home/vibe/cpuprof/perf/c9h-P-s42-r1.data target_pid=811979 attach_ms=2199 symbol_rows=1028 graph=0
[2m2026-08-19T20:54:35.101227Z[0m [32m INFO[0m [2mraptorpath::gates[0m[2m:[0m [GATES] RWM_UNIFIED=1 RWM_UNIFIED_SHED=1 RWM_TAPER_R=1 RWM_ASTAR_ANCHOR=1 RWM_MSTAR_ANCHOR=1 RWM_PLAIN_RS=0 RWM_HONEST_ANCHOR=1 RWM_HONEST_K=0 RWM_STORE_SACK_RELEASE=1 RWM_STORE_PATHS=1 RWM_STORE_PATH_POOL=2048 RWM_STORE=unset RWM_STORE_GAIN=2 RWM_STORE_BOOT=128 RWM_STORE_CAPW=0 RWM_STORE_CAP_UNIFIED=0 RWM_THREE_TERM=0 RWM_COMPOSED_CAP=0 RWM_SUM_CAP=1 RWM_LATE_BRAKE=0 RWM_DELTA_CAP=1 RWM_STORE_PERCAP=0 RWM_PERCAP_GUARD=1 RWM_STORE_BORROW=0 RWM_HONEST_CAP=1 RWM_POOL_ANCHOR=0 RWM_POOL_DELIV=0 RWM_FLOOR_BOUND=0 RWM_ACK_MERGE=1 RWM_LOSS_SENT_TRUTH=0 RWM_RELEASE_1TO1=0 RWM_CHARGE_RECOVERY=0 RWM_PATIENCE_DERIVED=0 RWM_SIDLE_DERIVED=0 RWM_WIN_DECOUPLE=0 RWM_PLACE_SLACK=0 RWM_COLD_PLACE=0 RWM_GEN=384 RWM_PIPELINE=2 RWM_GEN_PIPE=1 RWM_GEN_R=unset RWM_GEN_RATE=9000 RWM_GEN_RATE_FLOOR=2000 RWM_GEN_INFLIGHT=unset RWM_OOO_RETAIN=0/16 RWM_WINDOW=unset RWM_REPORT_GENS=unset RWM_REPAIR_WAIT=unset RWM_CODED_SRC=0 RWM_NO_REACTIVE=0 RWM_XPATH_REPAIR=0 RWM_PROACTIVE_PACER=0 RWM_REASM_BDP=0 RWM_MIN_R=0 RWM_CC_PACE=0 RWM_CC_PACE_HR=1.1 RWM_REACT_CAP=unset RWM_INFL_CAP=0 RWM_INFL_BDP=unset RWM_COPA_FEED=0 RWM_RS_ATTR=1 RWM_EMIT_BATCH=0 RWM_EMIT_BURST=64 RWM_RECOV_MP=1 RWM_RECOV_MP_LAW=1 RWM_RECOV_MP_LIVE=0 RWM_RECOV_SP=0 RWM_DERIVED_SWEEP=0 RWM_RACK_CLOCKS=0 RWM_RACK_REO_MULT=1 RWM_QUANTILE_CLOCKS=0 RWM_DIAG=0 RWM_ACKDIAG=0 RWM_ACKDIAG_WINDOW_US=2000000 RWM_WALLDIAG=0 RWM_CPUPROF=0 RWM_RDIAG=0 RWM_FDIAG=0 RWM_TRACE=0 RWM_PFRAC=0
{"bytes":150000000,"dnf":0,"hint":"bulk","max_s":8.4049,"mean_mbps":142.773,"mean_s":8.4049,"median_s":8.4049,"min_s":8.4049,"proto":"rp-native","runs":1,"stdev_s":0.0,"summary":true}
    CPU: CPUSRV=10.17s CPUCLI=13.34s (srv=decoder cli=sender; whole-invocation incl warmup)
    QCAP: /tmp/rwm-q.txt 34 lines
RUNTIME c9h-P rep=1 12s
CEIL c9h-P rep=1 cpucli=13.34 cpusrv=10.17 seconds=8.404947 bytes=150000000 ms_per_MB=88.93 cores=1.587 pred_mbit=142.8 meas_mbit=142.8
LIVENESS c9h-P rep=1 anchor_cc=4 cpuprof_lines=0 gates_on=0 gates_off=1
=== rep=2 arm=c9h-B seed=42 bin=/home/vibe/raptorpath/target/release/raptorpath env="" cell=c2/c3/quad bytes=150000000 20:54:45
[2m2026-08-19T20:54:47.592460Z[0m [32m INFO[0m [2mraptorpath::gates[0m[2m:[0m [GATES] RWM_UNIFIED=1 RWM_UNIFIED_SHED=1 RWM_TAPER_R=1 RWM_ASTAR_ANCHOR=1 RWM_MSTAR_ANCHOR=1 RWM_PLAIN_RS=0 RWM_HONEST_ANCHOR=1 RWM_HONEST_K=0 RWM_STORE_SACK_RELEASE=1 RWM_STORE_PATHS=1 RWM_STORE_PATH_POOL=2048 RWM_STORE=unset RWM_STORE_GAIN=2 RWM_STORE_BOOT=128 RWM_STORE_CAPW=0 RWM_STORE_CAP_UNIFIED=0 RWM_THREE_TERM=0 RWM_COMPOSED_CAP=0 RWM_SUM_CAP=1 RWM_LATE_BRAKE=0 RWM_DELTA_CAP=1 RWM_STORE_PERCAP=0 RWM_PERCAP_GUARD=1 RWM_STORE_BORROW=0 RWM_HONEST_CAP=1 RWM_POOL_ANCHOR=0 RWM_POOL_DELIV=0 RWM_FLOOR_BOUND=0 RWM_ACK_MERGE=1 RWM_LOSS_SENT_TRUTH=0 RWM_RELEASE_1TO1=0 RWM_CHARGE_RECOVERY=0 RWM_PATIENCE_DERIVED=0 RWM_SIDLE_DERIVED=0 RWM_WIN_DECOUPLE=0 RWM_PLACE_SLACK=0 RWM_COLD_PLACE=0 RWM_GEN=384 RWM_PIPELINE=2 RWM_GEN_PIPE=1 RWM_GEN_R=unset RWM_GEN_RATE=9000 RWM_GEN_RATE_FLOOR=2000 RWM_GEN_INFLIGHT=unset RWM_OOO_RETAIN=0/16 RWM_WINDOW=unset RWM_REPORT_GENS=unset RWM_REPAIR_WAIT=unset RWM_CODED_SRC=0 RWM_NO_REACTIVE=0 RWM_XPATH_REPAIR=0 RWM_PROACTIVE_PACER=0 RWM_REASM_BDP=0 RWM_MIN_R=0 RWM_CC_PACE=0 RWM_CC_PACE_HR=1.1 RWM_REACT_CAP=unset RWM_INFL_CAP=0 RWM_INFL_BDP=unset RWM_COPA_FEED=0 RWM_RS_ATTR=1 RWM_EMIT_BATCH=0 RWM_EMIT_BURST=64 RWM_RECOV_MP=1 RWM_RECOV_MP_LAW=1 RWM_RECOV_MP_LIVE=0 RWM_RECOV_SP=0 RWM_DERIVED_SWEEP=0 RWM_RACK_CLOCKS=0 RWM_RACK_REO_MULT=1 RWM_QUANTILE_CLOCKS=0 RWM_DIAG=0 RWM_ACKDIAG=0 RWM_ACKDIAG_WINDOW_US=2000000 RWM_WALLDIAG=0 RWM_CPUPROF=0 RWM_RDIAG=0 RWM_FDIAG=0 RWM_TRACE=0 RWM_PFRAC=0
{"bytes":150000000,"dnf":0,"hint":"bulk","max_s":6.8875,"mean_mbps":174.229,"mean_s":6.8875,"median_s":6.8875,"min_s":6.8875,"proto":"rp-native","runs":1,"stdev_s":0.0,"summary":true}
    CPU: CPUSRV=9.54s CPUCLI=10.17s (srv=decoder cli=sender; whole-invocation incl warmup)
    QCAP: /tmp/rwm-q.txt 34 lines
RUNTIME c9h-B rep=2 10s
CEIL c9h-B rep=2 cpucli=10.17 cpusrv=9.54 seconds=6.887491 bytes=150000000 ms_per_MB=67.80 cores=1.477 pred_mbit=174.2 meas_mbit=174.2
LIVENESS c9h-B rep=2 anchor_cc=4 cpuprof_lines=0 gates_on=0 gates_off=1
=== rep=2 arm=c9h-S seed=42 bin=/home/vibe/raptorpath/target/release/raptorpath env="RWM_CPUPROF=1" cell=c2/c3/quad bytes=150000000 20:54:55
[2m2026-08-19T20:54:57.252085Z[0m [32m INFO[0m [2mraptorpath::gates[0m[2m:[0m [GATES] RWM_UNIFIED=1 RWM_UNIFIED_SHED=1 RWM_TAPER_R=1 RWM_ASTAR_ANCHOR=1 RWM_MSTAR_ANCHOR=1 RWM_PLAIN_RS=0 RWM_HONEST_ANCHOR=1 RWM_HONEST_K=0 RWM_STORE_SACK_RELEASE=1 RWM_STORE_PATHS=1 RWM_STORE_PATH_POOL=2048 RWM_STORE=unset RWM_STORE_GAIN=2 RWM_STORE_BOOT=128 RWM_STORE_CAPW=0 RWM_STORE_CAP_UNIFIED=0 RWM_THREE_TERM=0 RWM_COMPOSED_CAP=0 RWM_SUM_CAP=1 RWM_LATE_BRAKE=0 RWM_DELTA_CAP=1 RWM_STORE_PERCAP=0 RWM_PERCAP_GUARD=1 RWM_STORE_BORROW=0 RWM_HONEST_CAP=1 RWM_POOL_ANCHOR=0 RWM_POOL_DELIV=0 RWM_FLOOR_BOUND=0 RWM_ACK_MERGE=1 RWM_LOSS_SENT_TRUTH=0 RWM_RELEASE_1TO1=0 RWM_CHARGE_RECOVERY=0 RWM_PATIENCE_DERIVED=0 RWM_SIDLE_DERIVED=0 RWM_WIN_DECOUPLE=0 RWM_PLACE_SLACK=0 RWM_COLD_PLACE=0 RWM_GEN=384 RWM_PIPELINE=2 RWM_GEN_PIPE=1 RWM_GEN_R=unset RWM_GEN_RATE=9000 RWM_GEN_RATE_FLOOR=2000 RWM_GEN_INFLIGHT=unset RWM_OOO_RETAIN=0/16 RWM_WINDOW=unset RWM_REPORT_GENS=unset RWM_REPAIR_WAIT=unset RWM_CODED_SRC=0 RWM_NO_REACTIVE=0 RWM_XPATH_REPAIR=0 RWM_PROACTIVE_PACER=0 RWM_REASM_BDP=0 RWM_MIN_R=0 RWM_CC_PACE=0 RWM_CC_PACE_HR=1.1 RWM_REACT_CAP=unset RWM_INFL_CAP=0 RWM_INFL_BDP=unset RWM_COPA_FEED=0 RWM_RS_ATTR=1 RWM_EMIT_BATCH=0 RWM_EMIT_BURST=64 RWM_RECOV_MP=1 RWM_RECOV_MP_LAW=1 RWM_RECOV_MP_LIVE=0 RWM_RECOV_SP=0 RWM_DERIVED_SWEEP=0 RWM_RACK_CLOCKS=0 RWM_RACK_REO_MULT=1 RWM_QUANTILE_CLOCKS=0 RWM_DIAG=0 RWM_ACKDIAG=0 RWM_ACKDIAG_WINDOW_US=2000000 RWM_WALLDIAG=0 RWM_CPUPROF=1 RWM_RDIAG=0 RWM_FDIAG=0 RWM_TRACE=0 RWM_PFRAC=0
{"bytes":150000000,"dnf":0,"hint":"bulk","max_s":7.655,"mean_mbps":156.76,"mean_s":7.655,"median_s":7.655,"min_s":7.655,"proto":"rp-native","runs":1,"stdev_s":0.0,"summary":true}
    CPU: CPUSRV=9.74s CPUCLI=10.73s (srv=decoder cli=sender; whole-invocation incl warmup)
    QCAP: /tmp/rwm-q.txt 34 lines
RUNTIME c9h-S rep=2 10s
CEIL c9h-S rep=2 cpucli=10.73 cpusrv=9.74 seconds=7.655018 bytes=150000000 ms_per_MB=71.53 cores=1.402 pred_mbit=156.8 meas_mbit=156.8
CPUPROFLINE c9h-S rep=2 [CPUPROF] run_ms=7687.0 cpu_ms=10715.6 cores=1.394 enc=0.0/n0/0.0000 src=0.0/n0/0.0000 frm=114.7/n126905/0.0107 ser=116.7/n133952/0.0109 hand=1125.8/n133952/0.1051 attr=0.1266 unattr=0.8734
LIVENESS c9h-S rep=2 anchor_cc=4 cpuprof_lines=1 gates_on=1 gates_off=0
=== rep=2 arm=c9h-P seed=42 bin=/home/vibe/raptorpath/target/release-prof/raptorpath env="" cell=c2/c3/quad bytes=150000000 20:55:05
PERFCAP c9h-P rep=2 data=/home/vibe/cpuprof/perf/c9h-P-s42-r2.data target_pid=813903 attach_ms=2176 symbol_rows=1003 graph=0
[2m2026-08-19T20:55:07.600769Z[0m [32m INFO[0m [2mraptorpath::gates[0m[2m:[0m [GATES] RWM_UNIFIED=1 RWM_UNIFIED_SHED=1 RWM_TAPER_R=1 RWM_ASTAR_ANCHOR=1 RWM_MSTAR_ANCHOR=1 RWM_PLAIN_RS=0 RWM_HONEST_ANCHOR=1 RWM_HONEST_K=0 RWM_STORE_SACK_RELEASE=1 RWM_STORE_PATHS=1 RWM_STORE_PATH_POOL=2048 RWM_STORE=unset RWM_STORE_GAIN=2 RWM_STORE_BOOT=128 RWM_STORE_CAPW=0 RWM_STORE_CAP_UNIFIED=0 RWM_THREE_TERM=0 RWM_COMPOSED_CAP=0 RWM_SUM_CAP=1 RWM_LATE_BRAKE=0 RWM_DELTA_CAP=1 RWM_STORE_PERCAP=0 RWM_PERCAP_GUARD=1 RWM_STORE_BORROW=0 RWM_HONEST_CAP=1 RWM_POOL_ANCHOR=0 RWM_POOL_DELIV=0 RWM_FLOOR_BOUND=0 RWM_ACK_MERGE=1 RWM_LOSS_SENT_TRUTH=0 RWM_RELEASE_1TO1=0 RWM_CHARGE_RECOVERY=0 RWM_PATIENCE_DERIVED=0 RWM_SIDLE_DERIVED=0 RWM_WIN_DECOUPLE=0 RWM_PLACE_SLACK=0 RWM_COLD_PLACE=0 RWM_GEN=384 RWM_PIPELINE=2 RWM_GEN_PIPE=1 RWM_GEN_R=unset RWM_GEN_RATE=9000 RWM_GEN_RATE_FLOOR=2000 RWM_GEN_INFLIGHT=unset RWM_OOO_RETAIN=0/16 RWM_WINDOW=unset RWM_REPORT_GENS=unset RWM_REPAIR_WAIT=unset RWM_CODED_SRC=0 RWM_NO_REACTIVE=0 RWM_XPATH_REPAIR=0 RWM_PROACTIVE_PACER=0 RWM_REASM_BDP=0 RWM_MIN_R=0 RWM_CC_PACE=0 RWM_CC_PACE_HR=1.1 RWM_REACT_CAP=unset RWM_INFL_CAP=0 RWM_INFL_BDP=unset RWM_COPA_FEED=0 RWM_RS_ATTR=1 RWM_EMIT_BATCH=0 RWM_EMIT_BURST=64 RWM_RECOV_MP=1 RWM_RECOV_MP_LAW=1 RWM_RECOV_MP_LIVE=0 RWM_RECOV_SP=0 RWM_DERIVED_SWEEP=0 RWM_RACK_CLOCKS=0 RWM_RACK_REO_MULT=1 RWM_QUANTILE_CLOCKS=0 RWM_DIAG=0 RWM_ACKDIAG=0 RWM_ACKDIAG_WINDOW_US=2000000 RWM_WALLDIAG=0 RWM_CPUPROF=0 RWM_RDIAG=0 RWM_FDIAG=0 RWM_TRACE=0 RWM_PFRAC=0
{"bytes":150000000,"dnf":0,"hint":"bulk","max_s":7.2034,"mean_mbps":166.587,"mean_s":7.2034,"median_s":7.2034,"min_s":7.2034,"proto":"rp-native","runs":1,"stdev_s":0.0,"summary":true}
    CPU: CPUSRV=9.37s CPUCLI=12.06s (srv=decoder cli=sender; whole-invocation incl warmup)
    QCAP: /tmp/rwm-q.txt 34 lines
RUNTIME c9h-P rep=2 11s
CEIL c9h-P rep=2 cpucli=12.06 cpusrv=9.37 seconds=7.203433 bytes=150000000 ms_per_MB=80.40 cores=1.674 pred_mbit=166.6 meas_mbit=166.6
LIVENESS c9h-P rep=2 anchor_cc=4 cpuprof_lines=0 gates_on=0 gates_off=1
=== rep=3 arm=c9h-B seed=42 bin=/home/vibe/raptorpath/target/release/raptorpath env="" cell=c2/c3/quad bytes=150000000 20:55:16
[2m2026-08-19T20:55:18.901698Z[0m [32m INFO[0m [2mraptorpath::gates[0m[2m:[0m [GATES] RWM_UNIFIED=1 RWM_UNIFIED_SHED=1 RWM_TAPER_R=1 RWM_ASTAR_ANCHOR=1 RWM_MSTAR_ANCHOR=1 RWM_PLAIN_RS=0 RWM_HONEST_ANCHOR=1 RWM_HONEST_K=0 RWM_STORE_SACK_RELEASE=1 RWM_STORE_PATHS=1 RWM_STORE_PATH_POOL=2048 RWM_STORE=unset RWM_STORE_GAIN=2 RWM_STORE_BOOT=128 RWM_STORE_CAPW=0 RWM_STORE_CAP_UNIFIED=0 RWM_THREE_TERM=0 RWM_COMPOSED_CAP=0 RWM_SUM_CAP=1 RWM_LATE_BRAKE=0 RWM_DELTA_CAP=1 RWM_STORE_PERCAP=0 RWM_PERCAP_GUARD=1 RWM_STORE_BORROW=0 RWM_HONEST_CAP=1 RWM_POOL_ANCHOR=0 RWM_POOL_DELIV=0 RWM_FLOOR_BOUND=0 RWM_ACK_MERGE=1 RWM_LOSS_SENT_TRUTH=0 RWM_RELEASE_1TO1=0 RWM_CHARGE_RECOVERY=0 RWM_PATIENCE_DERIVED=0 RWM_SIDLE_DERIVED=0 RWM_WIN_DECOUPLE=0 RWM_PLACE_SLACK=0 RWM_COLD_PLACE=0 RWM_GEN=384 RWM_PIPELINE=2 RWM_GEN_PIPE=1 RWM_GEN_R=unset RWM_GEN_RATE=9000 RWM_GEN_RATE_FLOOR=2000 RWM_GEN_INFLIGHT=unset RWM_OOO_RETAIN=0/16 RWM_WINDOW=unset RWM_REPORT_GENS=unset RWM_REPAIR_WAIT=unset RWM_CODED_SRC=0 RWM_NO_REACTIVE=0 RWM_XPATH_REPAIR=0 RWM_PROACTIVE_PACER=0 RWM_REASM_BDP=0 RWM_MIN_R=0 RWM_CC_PACE=0 RWM_CC_PACE_HR=1.1 RWM_REACT_CAP=unset RWM_INFL_CAP=0 RWM_INFL_BDP=unset RWM_COPA_FEED=0 RWM_RS_ATTR=1 RWM_EMIT_BATCH=0 RWM_EMIT_BURST=64 RWM_RECOV_MP=1 RWM_RECOV_MP_LAW=1 RWM_RECOV_MP_LIVE=0 RWM_RECOV_SP=0 RWM_DERIVED_SWEEP=0 RWM_RACK_CLOCKS=0 RWM_RACK_REO_MULT=1 RWM_QUANTILE_CLOCKS=0 RWM_DIAG=0 RWM_ACKDIAG=0 RWM_ACKDIAG_WINDOW_US=2000000 RWM_WALLDIAG=0 RWM_CPUPROF=0 RWM_RDIAG=0 RWM_FDIAG=0 RWM_TRACE=0 RWM_PFRAC=0
{"bytes":150000000,"dnf":0,"hint":"bulk","max_s":6.9754,"mean_mbps":172.033,"mean_s":6.9754,"median_s":6.9754,"min_s":6.9754,"proto":"rp-native","runs":1,"stdev_s":0.0,"summary":true}
    CPU: CPUSRV=9.56s CPUCLI=10.20s (srv=decoder cli=sender; whole-invocation incl warmup)
    QCAP: /tmp/rwm-q.txt 34 lines
RUNTIME c9h-B rep=3 10s
CEIL c9h-B rep=3 cpucli=10.20 cpusrv=9.56 seconds=6.975413 bytes=150000000 ms_per_MB=68.00 cores=1.462 pred_mbit=172.0 meas_mbit=172.0
LIVENESS c9h-B rep=3 anchor_cc=4 cpuprof_lines=0 gates_on=0 gates_off=1
=== rep=3 arm=c9h-S seed=42 bin=/home/vibe/raptorpath/target/release/raptorpath env="RWM_CPUPROF=1" cell=c2/c3/quad bytes=150000000 20:55:26
[2m2026-08-19T20:55:28.519031Z[0m [32m INFO[0m [2mraptorpath::gates[0m[2m:[0m [GATES] RWM_UNIFIED=1 RWM_UNIFIED_SHED=1 RWM_TAPER_R=1 RWM_ASTAR_ANCHOR=1 RWM_MSTAR_ANCHOR=1 RWM_PLAIN_RS=0 RWM_HONEST_ANCHOR=1 RWM_HONEST_K=0 RWM_STORE_SACK_RELEASE=1 RWM_STORE_PATHS=1 RWM_STORE_PATH_POOL=2048 RWM_STORE=unset RWM_STORE_GAIN=2 RWM_STORE_BOOT=128 RWM_STORE_CAPW=0 RWM_STORE_CAP_UNIFIED=0 RWM_THREE_TERM=0 RWM_COMPOSED_CAP=0 RWM_SUM_CAP=1 RWM_LATE_BRAKE=0 RWM_DELTA_CAP=1 RWM_STORE_PERCAP=0 RWM_PERCAP_GUARD=1 RWM_STORE_BORROW=0 RWM_HONEST_CAP=1 RWM_POOL_ANCHOR=0 RWM_POOL_DELIV=0 RWM_FLOOR_BOUND=0 RWM_ACK_MERGE=1 RWM_LOSS_SENT_TRUTH=0 RWM_RELEASE_1TO1=0 RWM_CHARGE_RECOVERY=0 RWM_PATIENCE_DERIVED=0 RWM_SIDLE_DERIVED=0 RWM_WIN_DECOUPLE=0 RWM_PLACE_SLACK=0 RWM_COLD_PLACE=0 RWM_GEN=384 RWM_PIPELINE=2 RWM_GEN_PIPE=1 RWM_GEN_R=unset RWM_GEN_RATE=9000 RWM_GEN_RATE_FLOOR=2000 RWM_GEN_INFLIGHT=unset RWM_OOO_RETAIN=0/16 RWM_WINDOW=unset RWM_REPORT_GENS=unset RWM_REPAIR_WAIT=unset RWM_CODED_SRC=0 RWM_NO_REACTIVE=0 RWM_XPATH_REPAIR=0 RWM_PROACTIVE_PACER=0 RWM_REASM_BDP=0 RWM_MIN_R=0 RWM_CC_PACE=0 RWM_CC_PACE_HR=1.1 RWM_REACT_CAP=unset RWM_INFL_CAP=0 RWM_INFL_BDP=unset RWM_COPA_FEED=0 RWM_RS_ATTR=1 RWM_EMIT_BATCH=0 RWM_EMIT_BURST=64 RWM_RECOV_MP=1 RWM_RECOV_MP_LAW=1 RWM_RECOV_MP_LIVE=0 RWM_RECOV_SP=0 RWM_DERIVED_SWEEP=0 RWM_RACK_CLOCKS=0 RWM_RACK_REO_MULT=1 RWM_QUANTILE_CLOCKS=0 RWM_DIAG=0 RWM_ACKDIAG=0 RWM_ACKDIAG_WINDOW_US=2000000 RWM_WALLDIAG=0 RWM_CPUPROF=1 RWM_RDIAG=0 RWM_FDIAG=0 RWM_TRACE=0 RWM_PFRAC=0
{"bytes":150000000,"dnf":0,"hint":"bulk","max_s":6.9693,"mean_mbps":172.183,"mean_s":6.9693,"median_s":6.9693,"min_s":6.9693,"proto":"rp-native","runs":1,"stdev_s":0.0,"summary":true}
    CPU: CPUSRV=9.81s CPUCLI=10.16s (srv=decoder cli=sender; whole-invocation incl warmup)
    QCAP: /tmp/rwm-q.txt 34 lines
RUNTIME c9h-S rep=3 10s
CEIL c9h-S rep=3 cpucli=10.16 cpusrv=9.81 seconds=6.969345 bytes=150000000 ms_per_MB=67.73 cores=1.458 pred_mbit=172.2 meas_mbit=172.2
CPUPROFLINE c9h-S rep=3 [CPUPROF] run_ms=7002.3 cpu_ms=10149.6 cores=1.449 enc=0.0/n0/0.0000 src=0.0/n0/0.0000 frm=119.9/n126905/0.0118 ser=122.3/n133337/0.0120 hand=1214.9/n133337/0.1197 attr=0.1436 unattr=0.8564
LIVENESS c9h-S rep=3 anchor_cc=4 cpuprof_lines=1 gates_on=1 gates_off=0
=== rep=3 arm=c9h-P seed=42 bin=/home/vibe/raptorpath/target/release-prof/raptorpath env="" cell=c2/c3/quad bytes=150000000 20:55:36
PERFCAP c9h-P rep=3 data=/home/vibe/cpuprof/perf/c9h-P-s42-r3.data target_pid=815789 attach_ms=2180 symbol_rows=975 graph=0
[2m2026-08-19T20:55:38.225581Z[0m [32m INFO[0m [2mraptorpath::gates[0m[2m:[0m [GATES] RWM_UNIFIED=1 RWM_UNIFIED_SHED=1 RWM_TAPER_R=1 RWM_ASTAR_ANCHOR=1 RWM_MSTAR_ANCHOR=1 RWM_PLAIN_RS=0 RWM_HONEST_ANCHOR=1 RWM_HONEST_K=0 RWM_STORE_SACK_RELEASE=1 RWM_STORE_PATHS=1 RWM_STORE_PATH_POOL=2048 RWM_STORE=unset RWM_STORE_GAIN=2 RWM_STORE_BOOT=128 RWM_STORE_CAPW=0 RWM_STORE_CAP_UNIFIED=0 RWM_THREE_TERM=0 RWM_COMPOSED_CAP=0 RWM_SUM_CAP=1 RWM_LATE_BRAKE=0 RWM_DELTA_CAP=1 RWM_STORE_PERCAP=0 RWM_PERCAP_GUARD=1 RWM_STORE_BORROW=0 RWM_HONEST_CAP=1 RWM_POOL_ANCHOR=0 RWM_POOL_DELIV=0 RWM_FLOOR_BOUND=0 RWM_ACK_MERGE=1 RWM_LOSS_SENT_TRUTH=0 RWM_RELEASE_1TO1=0 RWM_CHARGE_RECOVERY=0 RWM_PATIENCE_DERIVED=0 RWM_SIDLE_DERIVED=0 RWM_WIN_DECOUPLE=0 RWM_PLACE_SLACK=0 RWM_COLD_PLACE=0 RWM_GEN=384 RWM_PIPELINE=2 RWM_GEN_PIPE=1 RWM_GEN_R=unset RWM_GEN_RATE=9000 RWM_GEN_RATE_FLOOR=2000 RWM_GEN_INFLIGHT=unset RWM_OOO_RETAIN=0/16 RWM_WINDOW=unset RWM_REPORT_GENS=unset RWM_REPAIR_WAIT=unset RWM_CODED_SRC=0 RWM_NO_REACTIVE=0 RWM_XPATH_REPAIR=0 RWM_PROACTIVE_PACER=0 RWM_REASM_BDP=0 RWM_MIN_R=0 RWM_CC_PACE=0 RWM_CC_PACE_HR=1.1 RWM_REACT_CAP=unset RWM_INFL_CAP=0 RWM_INFL_BDP=unset RWM_COPA_FEED=0 RWM_RS_ATTR=1 RWM_EMIT_BATCH=0 RWM_EMIT_BURST=64 RWM_RECOV_MP=1 RWM_RECOV_MP_LAW=1 RWM_RECOV_MP_LIVE=0 RWM_RECOV_SP=0 RWM_DERIVED_SWEEP=0 RWM_RACK_CLOCKS=0 RWM_RACK_REO_MULT=1 RWM_QUANTILE_CLOCKS=0 RWM_DIAG=0 RWM_ACKDIAG=0 RWM_ACKDIAG_WINDOW_US=2000000 RWM_WALLDIAG=0 RWM_CPUPROF=0 RWM_RDIAG=0 RWM_FDIAG=0 RWM_TRACE=0 RWM_PFRAC=0
{"bytes":150000000,"dnf":0,"hint":"bulk","max_s":8.0176,"mean_mbps":149.671,"mean_s":8.0176,"median_s":8.0176,"min_s":8.0176,"proto":"rp-native","runs":1,"stdev_s":0.0,"summary":true}
    CPU: CPUSRV=10.00s CPUCLI=13.16s (srv=decoder cli=sender; whole-invocation incl warmup)
    QCAP: /tmp/rwm-q.txt 34 lines
RUNTIME c9h-P rep=3 12s
CEIL c9h-P rep=3 cpucli=13.16 cpusrv=10.00 seconds=8.017573 bytes=150000000 ms_per_MB=87.73 cores=1.641 pred_mbit=149.7 meas_mbit=149.7
LIVENESS c9h-P rep=3 anchor_cc=4 cpuprof_lines=0 gates_on=0 gates_off=1
=== ARMCOUNTS (rows, NOT live n) 2026-08-19T20:55:48Z
ARMCOUNT c9h-B rows=3/3
ARMCOUNT c9h-S rows=3/3
ARMCOUNT c9h-P rows=3/3
CPUPROF-BATTERY-DONE seed=42 2026-08-19T20:55:48Z
