=== CPU-CEILING BATTERY seed=42 reps=6 cells='c9 c1' arms='B S P' 2026-08-19T20:26:03Z
=== CONTRACT goal-gate "MEASUREMENT TRUTH item 2 — THE SENDER CPU CEILING (PRE-REGISTRATION, PHASE 1)"
=== ARMS  B = no instrument (THE CEILING'S OWN ARM) | S = RWM_CPUPROF=1 (self-timing) | P = perf record -p <client> on the release-prof build
=== THE CEILING'S ms/MB IS READ OFF ARM B AND OFF NOTHING ELSE. An instrument that costs CPU at a CPU-BOUND cell moves the number it reports; B is what bounds that, and S-vs-B and P-vs-B ARE the instrument-cost measurement.
=== NO DIAG/ACKDIAG/WALLDIAG/LATPROBE ON ANY ARM — all of them are sender-side costs inside the quantity under decomposition. This env DIFFERS from the era and latency batteries deliberately.
=== perf attaches by PID, selected on '--client' in /proc/<pid>/cmdline. Both roles are the same executable; recency would race.
=== perf's ATTACH GAP is recorded per invocation (attach_ms). P is read as a SHAPE, never as a total; the total is B's CPUCLI.
=== release binary /home/vibe/raptorpath/target/release/raptorpath sha256 330ebfccc1b5f9f371731f6d1deef4511fcc11b3570788ed3eed3627f3d8d984
=== release-prof binary /home/vibe/raptorpath/target/release-prof/raptorpath sha256 d84711e72c1c4a860a45efd8def99327475f95dafafaa1e41402f5a709600017
=== .text release      9c9a59486bf67fcfe7a67fb341c68e2ea0ca2392eae3c74eecd72ac590cadd4d
=== .text release-prof 6de29a1763c955d35a580186c620fe0ec2440f7b19c999443b42d718474c75a4
=== TEXT-EQUAL NO — *** the release-prof build is NOT the same code as the release build. P describes a DIFFERENT sender from B's ceiling and every attribution below is qualified by this line. ***
=== source 77c95efe338528673ee81d20c30b3d7ceed3f815 feat/cpuprof-run (from main@77c95ef) cpuprof phase 1 2026-08-19T19:59:44Z
=== perf perf version 7.1.3-100.fc43.x86_64 freq=999 graph=0
=== perf_event_paranoid 1 kptr_restrict 0
=== kernel 7.0.14-101.fc43.x86_64
=== uptime/load  22:27:12 up 1 day,  1:09,  7 users,  load average: 1.35, 1.01, 1.63
=== co-tenant 0
0 kwin_x11 / 1 sddm
=== steal 
Model name:                              Intel(R) Xeon(R) CPU E5-2650 v3 @ 2.30GHz
aes avx2 pclmulqdq 
=== rep=1 arm=c9-B seed=42 bin=/home/vibe/raptorpath/target/release/raptorpath env="" cell=c2/c2/quad bytes=400000000 20:27:12
[2m2026-08-19T20:27:14.249979Z[0m [32m INFO[0m [2mraptorpath::gates[0m[2m:[0m [GATES] RWM_UNIFIED=1 RWM_UNIFIED_SHED=1 RWM_TAPER_R=1 RWM_ASTAR_ANCHOR=1 RWM_MSTAR_ANCHOR=1 RWM_PLAIN_RS=0 RWM_HONEST_ANCHOR=1 RWM_HONEST_K=0 RWM_STORE_SACK_RELEASE=1 RWM_STORE_PATHS=1 RWM_STORE_PATH_POOL=2048 RWM_STORE=unset RWM_STORE_GAIN=2 RWM_STORE_BOOT=128 RWM_STORE_CAPW=0 RWM_STORE_CAP_UNIFIED=0 RWM_THREE_TERM=0 RWM_COMPOSED_CAP=0 RWM_SUM_CAP=1 RWM_LATE_BRAKE=0 RWM_DELTA_CAP=1 RWM_STORE_PERCAP=0 RWM_PERCAP_GUARD=1 RWM_STORE_BORROW=0 RWM_HONEST_CAP=1 RWM_POOL_ANCHOR=0 RWM_POOL_DELIV=0 RWM_FLOOR_BOUND=0 RWM_ACK_MERGE=1 RWM_LOSS_SENT_TRUTH=0 RWM_RELEASE_1TO1=0 RWM_CHARGE_RECOVERY=0 RWM_PATIENCE_DERIVED=0 RWM_SIDLE_DERIVED=0 RWM_WIN_DECOUPLE=0 RWM_PLACE_SLACK=0 RWM_COLD_PLACE=0 RWM_GEN=384 RWM_PIPELINE=2 RWM_GEN_PIPE=1 RWM_GEN_R=unset RWM_GEN_RATE=9000 RWM_GEN_RATE_FLOOR=2000 RWM_GEN_INFLIGHT=unset RWM_OOO_RETAIN=0/16 RWM_WINDOW=unset RWM_REPORT_GENS=unset RWM_REPAIR_WAIT=unset RWM_CODED_SRC=0 RWM_NO_REACTIVE=0 RWM_XPATH_REPAIR=0 RWM_PROACTIVE_PACER=0 RWM_REASM_BDP=0 RWM_MIN_R=0 RWM_CC_PACE=0 RWM_CC_PACE_HR=1.1 RWM_REACT_CAP=unset RWM_INFL_CAP=0 RWM_INFL_BDP=unset RWM_COPA_FEED=0 RWM_RS_ATTR=1 RWM_EMIT_BATCH=0 RWM_EMIT_BURST=64 RWM_RECOV_MP=1 RWM_RECOV_MP_LAW=1 RWM_RECOV_MP_LIVE=0 RWM_RECOV_SP=0 RWM_DERIVED_SWEEP=0 RWM_RACK_CLOCKS=0 RWM_RACK_REO_MULT=1 RWM_QUANTILE_CLOCKS=0 RWM_DIAG=0 RWM_ACKDIAG=0 RWM_ACKDIAG_WINDOW_US=2000000 RWM_WALLDIAG=0 RWM_CPUPROF=0 RWM_RDIAG=0 RWM_FDIAG=0 RWM_TRACE=0 RWM_PFRAC=0
{"bytes":400000000,"dnf":0,"hint":"bulk","max_s":18.2418,"mean_mbps":175.421,"mean_s":18.2418,"median_s":18.2418,"min_s":18.2418,"proto":"rp-native","runs":1,"stdev_s":0.0,"summary":true}
    CPU: CPUSRV=25.41s CPUCLI=27.62s (srv=decoder cli=sender; whole-invocation incl warmup)
    QCAP: /tmp/rwm-q.txt 34 lines
RUNTIME c9-B rep=1 21s
CEIL c9-B rep=1 cpucli=27.62 cpusrv=25.41 seconds=18.241819 bytes=400000000 ms_per_MB=69.05 cores=1.514 pred_mbit=175.4 meas_mbit=175.4
LIVENESS c9-B rep=1 anchor_cc=4 cpuprof_lines=0 gates_on=0 gates_off=1
=== rep=1 arm=c9-S seed=42 bin=/home/vibe/raptorpath/target/release/raptorpath env="RWM_CPUPROF=1" cell=c2/c2/quad bytes=400000000 20:27:33
[2m2026-08-19T20:27:35.084151Z[0m [32m INFO[0m [2mraptorpath::gates[0m[2m:[0m [GATES] RWM_UNIFIED=1 RWM_UNIFIED_SHED=1 RWM_TAPER_R=1 RWM_ASTAR_ANCHOR=1 RWM_MSTAR_ANCHOR=1 RWM_PLAIN_RS=0 RWM_HONEST_ANCHOR=1 RWM_HONEST_K=0 RWM_STORE_SACK_RELEASE=1 RWM_STORE_PATHS=1 RWM_STORE_PATH_POOL=2048 RWM_STORE=unset RWM_STORE_GAIN=2 RWM_STORE_BOOT=128 RWM_STORE_CAPW=0 RWM_STORE_CAP_UNIFIED=0 RWM_THREE_TERM=0 RWM_COMPOSED_CAP=0 RWM_SUM_CAP=1 RWM_LATE_BRAKE=0 RWM_DELTA_CAP=1 RWM_STORE_PERCAP=0 RWM_PERCAP_GUARD=1 RWM_STORE_BORROW=0 RWM_HONEST_CAP=1 RWM_POOL_ANCHOR=0 RWM_POOL_DELIV=0 RWM_FLOOR_BOUND=0 RWM_ACK_MERGE=1 RWM_LOSS_SENT_TRUTH=0 RWM_RELEASE_1TO1=0 RWM_CHARGE_RECOVERY=0 RWM_PATIENCE_DERIVED=0 RWM_SIDLE_DERIVED=0 RWM_WIN_DECOUPLE=0 RWM_PLACE_SLACK=0 RWM_COLD_PLACE=0 RWM_GEN=384 RWM_PIPELINE=2 RWM_GEN_PIPE=1 RWM_GEN_R=unset RWM_GEN_RATE=9000 RWM_GEN_RATE_FLOOR=2000 RWM_GEN_INFLIGHT=unset RWM_OOO_RETAIN=0/16 RWM_WINDOW=unset RWM_REPORT_GENS=unset RWM_REPAIR_WAIT=unset RWM_CODED_SRC=0 RWM_NO_REACTIVE=0 RWM_XPATH_REPAIR=0 RWM_PROACTIVE_PACER=0 RWM_REASM_BDP=0 RWM_MIN_R=0 RWM_CC_PACE=0 RWM_CC_PACE_HR=1.1 RWM_REACT_CAP=unset RWM_INFL_CAP=0 RWM_INFL_BDP=unset RWM_COPA_FEED=0 RWM_RS_ATTR=1 RWM_EMIT_BATCH=0 RWM_EMIT_BURST=64 RWM_RECOV_MP=1 RWM_RECOV_MP_LAW=1 RWM_RECOV_MP_LIVE=0 RWM_RECOV_SP=0 RWM_DERIVED_SWEEP=0 RWM_RACK_CLOCKS=0 RWM_RACK_REO_MULT=1 RWM_QUANTILE_CLOCKS=0 RWM_DIAG=0 RWM_ACKDIAG=0 RWM_ACKDIAG_WINDOW_US=2000000 RWM_WALLDIAG=0 RWM_CPUPROF=1 RWM_RDIAG=0 RWM_FDIAG=0 RWM_TRACE=0 RWM_PFRAC=0
{"bytes":400000000,"dnf":0,"hint":"bulk","max_s":18.7293,"mean_mbps":170.855,"mean_s":18.7293,"median_s":18.7293,"min_s":18.7293,"proto":"rp-native","runs":1,"stdev_s":0.0,"summary":true}
    CPU: CPUSRV=25.11s CPUCLI=27.68s (srv=decoder cli=sender; whole-invocation incl warmup)
    QCAP: /tmp/rwm-q.txt 34 lines
RUNTIME c9-S rep=1 21s
CEIL c9-S rep=1 cpucli=27.68 cpusrv=25.11 seconds=18.72931 bytes=400000000 ms_per_MB=69.20 cores=1.478 pred_mbit=170.9 meas_mbit=170.9
CPUPROFLINE c9-S rep=1 [CPUPROF] run_ms=18742.7 cpu_ms=27652.7 cores=1.475 enc=0.0/n0/0.0000 src=0.0/n0/0.0000 frm=320.1/n338411/0.0116 ser=248.5/n354793/0.0090 hand=2888.7/n354793/0.1045 attr=0.1250 unattr=0.8750
LIVENESS c9-S rep=1 anchor_cc=4 cpuprof_lines=1 gates_on=1 gates_off=0
=== rep=1 arm=c9-P seed=42 bin=/home/vibe/raptorpath/target/release-prof/raptorpath env="" cell=c2/c2/quad bytes=400000000 20:27:54
PERFCAP c9-P rep=1 data=/home/vibe/cpuprof/perf/c9-P-s42-r1.data target_pid=770442 attach_ms=1944 symbol_rows=1227 graph=0
[2m2026-08-19T20:27:56.242613Z[0m [32m INFO[0m [2mraptorpath::gates[0m[2m:[0m [GATES] RWM_UNIFIED=1 RWM_UNIFIED_SHED=1 RWM_TAPER_R=1 RWM_ASTAR_ANCHOR=1 RWM_MSTAR_ANCHOR=1 RWM_PLAIN_RS=0 RWM_HONEST_ANCHOR=1 RWM_HONEST_K=0 RWM_STORE_SACK_RELEASE=1 RWM_STORE_PATHS=1 RWM_STORE_PATH_POOL=2048 RWM_STORE=unset RWM_STORE_GAIN=2 RWM_STORE_BOOT=128 RWM_STORE_CAPW=0 RWM_STORE_CAP_UNIFIED=0 RWM_THREE_TERM=0 RWM_COMPOSED_CAP=0 RWM_SUM_CAP=1 RWM_LATE_BRAKE=0 RWM_DELTA_CAP=1 RWM_STORE_PERCAP=0 RWM_PERCAP_GUARD=1 RWM_STORE_BORROW=0 RWM_HONEST_CAP=1 RWM_POOL_ANCHOR=0 RWM_POOL_DELIV=0 RWM_FLOOR_BOUND=0 RWM_ACK_MERGE=1 RWM_LOSS_SENT_TRUTH=0 RWM_RELEASE_1TO1=0 RWM_CHARGE_RECOVERY=0 RWM_PATIENCE_DERIVED=0 RWM_SIDLE_DERIVED=0 RWM_WIN_DECOUPLE=0 RWM_PLACE_SLACK=0 RWM_COLD_PLACE=0 RWM_GEN=384 RWM_PIPELINE=2 RWM_GEN_PIPE=1 RWM_GEN_R=unset RWM_GEN_RATE=9000 RWM_GEN_RATE_FLOOR=2000 RWM_GEN_INFLIGHT=unset RWM_OOO_RETAIN=0/16 RWM_WINDOW=unset RWM_REPORT_GENS=unset RWM_REPAIR_WAIT=unset RWM_CODED_SRC=0 RWM_NO_REACTIVE=0 RWM_XPATH_REPAIR=0 RWM_PROACTIVE_PACER=0 RWM_REASM_BDP=0 RWM_MIN_R=0 RWM_CC_PACE=0 RWM_CC_PACE_HR=1.1 RWM_REACT_CAP=unset RWM_INFL_CAP=0 RWM_INFL_BDP=unset RWM_COPA_FEED=0 RWM_RS_ATTR=1 RWM_EMIT_BATCH=0 RWM_EMIT_BURST=64 RWM_RECOV_MP=1 RWM_RECOV_MP_LAW=1 RWM_RECOV_MP_LIVE=0 RWM_RECOV_SP=0 RWM_DERIVED_SWEEP=0 RWM_RACK_CLOCKS=0 RWM_RACK_REO_MULT=1 RWM_QUANTILE_CLOCKS=0 RWM_DIAG=0 RWM_ACKDIAG=0 RWM_ACKDIAG_WINDOW_US=2000000 RWM_WALLDIAG=0 RWM_CPUPROF=0 RWM_RDIAG=0 RWM_FDIAG=0 RWM_TRACE=0 RWM_PFRAC=0
{"bytes":400000000,"dnf":0,"hint":"bulk","max_s":19.6921,"mean_mbps":162.502,"mean_s":19.6921,"median_s":19.6921,"min_s":19.6921,"proto":"rp-native","runs":1,"stdev_s":0.0,"summary":true}
    CPU: CPUSRV=25.81s CPUCLI=34.74s (srv=decoder cli=sender; whole-invocation incl warmup)
    QCAP: /tmp/rwm-q.txt 34 lines
RUNTIME c9-P rep=1 24s
CEIL c9-P rep=1 cpucli=34.74 cpusrv=25.81 seconds=19.692096 bytes=400000000 ms_per_MB=86.85 cores=1.764 pred_mbit=162.5 meas_mbit=162.5
LIVENESS c9-P rep=1 anchor_cc=4 cpuprof_lines=0 gates_on=0 gates_off=1
=== rep=1 arm=c1-B seed=42 bin=/home/vibe/raptorpath/target/release/raptorpath env="" cell=c1/c1/single bytes=400000000 20:28:18
[2m2026-08-19T20:28:19.893261Z[0m [32m INFO[0m [2mraptorpath::gates[0m[2m:[0m [GATES] RWM_UNIFIED=1 RWM_UNIFIED_SHED=1 RWM_TAPER_R=1 RWM_ASTAR_ANCHOR=1 RWM_MSTAR_ANCHOR=1 RWM_PLAIN_RS=0 RWM_HONEST_ANCHOR=1 RWM_HONEST_K=0 RWM_STORE_SACK_RELEASE=1 RWM_STORE_PATHS=1 RWM_STORE_PATH_POOL=2048 RWM_STORE=unset RWM_STORE_GAIN=2 RWM_STORE_BOOT=128 RWM_STORE_CAPW=0 RWM_STORE_CAP_UNIFIED=0 RWM_THREE_TERM=0 RWM_COMPOSED_CAP=0 RWM_SUM_CAP=1 RWM_LATE_BRAKE=0 RWM_DELTA_CAP=1 RWM_STORE_PERCAP=0 RWM_PERCAP_GUARD=1 RWM_STORE_BORROW=0 RWM_HONEST_CAP=1 RWM_POOL_ANCHOR=0 RWM_POOL_DELIV=0 RWM_FLOOR_BOUND=0 RWM_ACK_MERGE=1 RWM_LOSS_SENT_TRUTH=0 RWM_RELEASE_1TO1=0 RWM_CHARGE_RECOVERY=0 RWM_PATIENCE_DERIVED=0 RWM_SIDLE_DERIVED=0 RWM_WIN_DECOUPLE=0 RWM_PLACE_SLACK=0 RWM_COLD_PLACE=0 RWM_GEN=384 RWM_PIPELINE=2 RWM_GEN_PIPE=1 RWM_GEN_R=unset RWM_GEN_RATE=9000 RWM_GEN_RATE_FLOOR=2000 RWM_GEN_INFLIGHT=unset RWM_OOO_RETAIN=0/16 RWM_WINDOW=unset RWM_REPORT_GENS=unset RWM_REPAIR_WAIT=unset RWM_CODED_SRC=0 RWM_NO_REACTIVE=0 RWM_XPATH_REPAIR=0 RWM_PROACTIVE_PACER=0 RWM_REASM_BDP=0 RWM_MIN_R=0 RWM_CC_PACE=0 RWM_CC_PACE_HR=1.1 RWM_REACT_CAP=unset RWM_INFL_CAP=0 RWM_INFL_BDP=unset RWM_COPA_FEED=0 RWM_RS_ATTR=1 RWM_EMIT_BATCH=0 RWM_EMIT_BURST=64 RWM_RECOV_MP=1 RWM_RECOV_MP_LAW=1 RWM_RECOV_MP_LIVE=0 RWM_RECOV_SP=0 RWM_DERIVED_SWEEP=0 RWM_RACK_CLOCKS=0 RWM_RACK_REO_MULT=1 RWM_QUANTILE_CLOCKS=0 RWM_DIAG=0 RWM_ACKDIAG=0 RWM_ACKDIAG_WINDOW_US=2000000 RWM_WALLDIAG=0 RWM_CPUPROF=0 RWM_RDIAG=0 RWM_FDIAG=0 RWM_TRACE=0 RWM_PFRAC=0
{"bytes":400000000,"dnf":0,"hint":"bulk","max_s":16.6057,"mean_mbps":192.705,"mean_s":16.6057,"median_s":16.6057,"min_s":16.6057,"proto":"rp-native","runs":1,"stdev_s":0.0,"summary":true}
    CPU: CPUSRV=17.46s CPUCLI=18.17s (srv=decoder cli=sender; whole-invocation incl warmup)
    QCAP: /tmp/rwm-q.txt 10 lines
RUNTIME c1-B rep=1 18s
CEIL c1-B rep=1 cpucli=18.17 cpusrv=17.46 seconds=16.605676 bytes=400000000 ms_per_MB=45.42 cores=1.094 pred_mbit=192.7 meas_mbit=192.7
LIVENESS c1-B rep=1 anchor_cc=1 cpuprof_lines=0 gates_on=0 gates_off=1
=== rep=1 arm=c1-S seed=42 bin=/home/vibe/raptorpath/target/release/raptorpath env="RWM_CPUPROF=1" cell=c1/c1/single bytes=400000000 20:28:36
[2m2026-08-19T20:28:38.454840Z[0m [32m INFO[0m [2mraptorpath::gates[0m[2m:[0m [GATES] RWM_UNIFIED=1 RWM_UNIFIED_SHED=1 RWM_TAPER_R=1 RWM_ASTAR_ANCHOR=1 RWM_MSTAR_ANCHOR=1 RWM_PLAIN_RS=0 RWM_HONEST_ANCHOR=1 RWM_HONEST_K=0 RWM_STORE_SACK_RELEASE=1 RWM_STORE_PATHS=1 RWM_STORE_PATH_POOL=2048 RWM_STORE=unset RWM_STORE_GAIN=2 RWM_STORE_BOOT=128 RWM_STORE_CAPW=0 RWM_STORE_CAP_UNIFIED=0 RWM_THREE_TERM=0 RWM_COMPOSED_CAP=0 RWM_SUM_CAP=1 RWM_LATE_BRAKE=0 RWM_DELTA_CAP=1 RWM_STORE_PERCAP=0 RWM_PERCAP_GUARD=1 RWM_STORE_BORROW=0 RWM_HONEST_CAP=1 RWM_POOL_ANCHOR=0 RWM_POOL_DELIV=0 RWM_FLOOR_BOUND=0 RWM_ACK_MERGE=1 RWM_LOSS_SENT_TRUTH=0 RWM_RELEASE_1TO1=0 RWM_CHARGE_RECOVERY=0 RWM_PATIENCE_DERIVED=0 RWM_SIDLE_DERIVED=0 RWM_WIN_DECOUPLE=0 RWM_PLACE_SLACK=0 RWM_COLD_PLACE=0 RWM_GEN=384 RWM_PIPELINE=2 RWM_GEN_PIPE=1 RWM_GEN_R=unset RWM_GEN_RATE=9000 RWM_GEN_RATE_FLOOR=2000 RWM_GEN_INFLIGHT=unset RWM_OOO_RETAIN=0/16 RWM_WINDOW=unset RWM_REPORT_GENS=unset RWM_REPAIR_WAIT=unset RWM_CODED_SRC=0 RWM_NO_REACTIVE=0 RWM_XPATH_REPAIR=0 RWM_PROACTIVE_PACER=0 RWM_REASM_BDP=0 RWM_MIN_R=0 RWM_CC_PACE=0 RWM_CC_PACE_HR=1.1 RWM_REACT_CAP=unset RWM_INFL_CAP=0 RWM_INFL_BDP=unset RWM_COPA_FEED=0 RWM_RS_ATTR=1 RWM_EMIT_BATCH=0 RWM_EMIT_BURST=64 RWM_RECOV_MP=1 RWM_RECOV_MP_LAW=1 RWM_RECOV_MP_LIVE=0 RWM_RECOV_SP=0 RWM_DERIVED_SWEEP=0 RWM_RACK_CLOCKS=0 RWM_RACK_REO_MULT=1 RWM_QUANTILE_CLOCKS=0 RWM_DIAG=0 RWM_ACKDIAG=0 RWM_ACKDIAG_WINDOW_US=2000000 RWM_WALLDIAG=0 RWM_CPUPROF=1 RWM_RDIAG=0 RWM_FDIAG=0 RWM_TRACE=0 RWM_PFRAC=0
{"bytes":400000000,"dnf":0,"hint":"bulk","max_s":16.5733,"mean_mbps":193.081,"mean_s":16.5733,"median_s":16.5733,"min_s":16.5733,"proto":"rp-native","runs":1,"stdev_s":0.0,"summary":true}
    CPU: CPUSRV=17.57s CPUCLI=18.56s (srv=decoder cli=sender; whole-invocation incl warmup)
    QCAP: /tmp/rwm-q.txt 10 lines
RUNTIME c1-S rep=1 19s
CEIL c1-S rep=1 cpucli=18.56 cpusrv=17.57 seconds=16.573335 bytes=400000000 ms_per_MB=46.40 cores=1.120 pred_mbit=193.1 meas_mbit=193.1
CPUPROFLINE c1-S rep=1 [CPUPROF] run_ms=16576.1 cpu_ms=18549.4 cores=1.119 enc=0.0/n0/0.0000 src=0.0/n0/0.0000 frm=262.1/n338411/0.0141 ser=177.8/n339042/0.0096 hand=556.5/n339042/0.0300 attr=0.0537 unattr=0.9463
LIVENESS c1-S rep=1 anchor_cc=1 cpuprof_lines=1 gates_on=1 gates_off=0
=== rep=1 arm=c1-P seed=42 bin=/home/vibe/raptorpath/target/release-prof/raptorpath env="" cell=c1/c1/single bytes=400000000 20:28:55
PERFCAP c1-P rep=1 data=/home/vibe/cpuprof/perf/c1-P-s42-r1.data target_pid=771999 attach_ms=1714 symbol_rows=1094 graph=0
[2m2026-08-19T20:28:56.963315Z[0m [32m INFO[0m [2mraptorpath::gates[0m[2m:[0m [GATES] RWM_UNIFIED=1 RWM_UNIFIED_SHED=1 RWM_TAPER_R=1 RWM_ASTAR_ANCHOR=1 RWM_MSTAR_ANCHOR=1 RWM_PLAIN_RS=0 RWM_HONEST_ANCHOR=1 RWM_HONEST_K=0 RWM_STORE_SACK_RELEASE=1 RWM_STORE_PATHS=1 RWM_STORE_PATH_POOL=2048 RWM_STORE=unset RWM_STORE_GAIN=2 RWM_STORE_BOOT=128 RWM_STORE_CAPW=0 RWM_STORE_CAP_UNIFIED=0 RWM_THREE_TERM=0 RWM_COMPOSED_CAP=0 RWM_SUM_CAP=1 RWM_LATE_BRAKE=0 RWM_DELTA_CAP=1 RWM_STORE_PERCAP=0 RWM_PERCAP_GUARD=1 RWM_STORE_BORROW=0 RWM_HONEST_CAP=1 RWM_POOL_ANCHOR=0 RWM_POOL_DELIV=0 RWM_FLOOR_BOUND=0 RWM_ACK_MERGE=1 RWM_LOSS_SENT_TRUTH=0 RWM_RELEASE_1TO1=0 RWM_CHARGE_RECOVERY=0 RWM_PATIENCE_DERIVED=0 RWM_SIDLE_DERIVED=0 RWM_WIN_DECOUPLE=0 RWM_PLACE_SLACK=0 RWM_COLD_PLACE=0 RWM_GEN=384 RWM_PIPELINE=2 RWM_GEN_PIPE=1 RWM_GEN_R=unset RWM_GEN_RATE=9000 RWM_GEN_RATE_FLOOR=2000 RWM_GEN_INFLIGHT=unset RWM_OOO_RETAIN=0/16 RWM_WINDOW=unset RWM_REPORT_GENS=unset RWM_REPAIR_WAIT=unset RWM_CODED_SRC=0 RWM_NO_REACTIVE=0 RWM_XPATH_REPAIR=0 RWM_PROACTIVE_PACER=0 RWM_REASM_BDP=0 RWM_MIN_R=0 RWM_CC_PACE=0 RWM_CC_PACE_HR=1.1 RWM_REACT_CAP=unset RWM_INFL_CAP=0 RWM_INFL_BDP=unset RWM_COPA_FEED=0 RWM_RS_ATTR=1 RWM_EMIT_BATCH=0 RWM_EMIT_BURST=64 RWM_RECOV_MP=1 RWM_RECOV_MP_LAW=1 RWM_RECOV_MP_LIVE=0 RWM_RECOV_SP=0 RWM_DERIVED_SWEEP=0 RWM_RACK_CLOCKS=0 RWM_RACK_REO_MULT=1 RWM_QUANTILE_CLOCKS=0 RWM_DIAG=0 RWM_ACKDIAG=0 RWM_ACKDIAG_WINDOW_US=2000000 RWM_WALLDIAG=0 RWM_CPUPROF=0 RWM_RDIAG=0 RWM_FDIAG=0 RWM_TRACE=0 RWM_PFRAC=0
{"bytes":400000000,"dnf":0,"hint":"bulk","max_s":16.6886,"mean_mbps":191.747,"mean_s":16.6886,"median_s":16.6886,"min_s":16.6886,"proto":"rp-native","runs":1,"stdev_s":0.0,"summary":true}
    CPU: CPUSRV=17.97s CPUCLI=24.23s (srv=decoder cli=sender; whole-invocation incl warmup)
    QCAP: /tmp/rwm-q.txt 10 lines
RUNTIME c1-P rep=1 20s
CEIL c1-P rep=1 cpucli=24.23 cpusrv=17.97 seconds=16.688615 bytes=400000000 ms_per_MB=60.58 cores=1.452 pred_mbit=191.7 meas_mbit=191.7
LIVENESS c1-P rep=1 anchor_cc=1 cpuprof_lines=0 gates_on=0 gates_off=1
=== rep=2 arm=c9-B seed=42 bin=/home/vibe/raptorpath/target/release/raptorpath env="" cell=c2/c2/quad bytes=400000000 20:29:15
[2m2026-08-19T20:29:17.371935Z[0m [32m INFO[0m [2mraptorpath::gates[0m[2m:[0m [GATES] RWM_UNIFIED=1 RWM_UNIFIED_SHED=1 RWM_TAPER_R=1 RWM_ASTAR_ANCHOR=1 RWM_MSTAR_ANCHOR=1 RWM_PLAIN_RS=0 RWM_HONEST_ANCHOR=1 RWM_HONEST_K=0 RWM_STORE_SACK_RELEASE=1 RWM_STORE_PATHS=1 RWM_STORE_PATH_POOL=2048 RWM_STORE=unset RWM_STORE_GAIN=2 RWM_STORE_BOOT=128 RWM_STORE_CAPW=0 RWM_STORE_CAP_UNIFIED=0 RWM_THREE_TERM=0 RWM_COMPOSED_CAP=0 RWM_SUM_CAP=1 RWM_LATE_BRAKE=0 RWM_DELTA_CAP=1 RWM_STORE_PERCAP=0 RWM_PERCAP_GUARD=1 RWM_STORE_BORROW=0 RWM_HONEST_CAP=1 RWM_POOL_ANCHOR=0 RWM_POOL_DELIV=0 RWM_FLOOR_BOUND=0 RWM_ACK_MERGE=1 RWM_LOSS_SENT_TRUTH=0 RWM_RELEASE_1TO1=0 RWM_CHARGE_RECOVERY=0 RWM_PATIENCE_DERIVED=0 RWM_SIDLE_DERIVED=0 RWM_WIN_DECOUPLE=0 RWM_PLACE_SLACK=0 RWM_COLD_PLACE=0 RWM_GEN=384 RWM_PIPELINE=2 RWM_GEN_PIPE=1 RWM_GEN_R=unset RWM_GEN_RATE=9000 RWM_GEN_RATE_FLOOR=2000 RWM_GEN_INFLIGHT=unset RWM_OOO_RETAIN=0/16 RWM_WINDOW=unset RWM_REPORT_GENS=unset RWM_REPAIR_WAIT=unset RWM_CODED_SRC=0 RWM_NO_REACTIVE=0 RWM_XPATH_REPAIR=0 RWM_PROACTIVE_PACER=0 RWM_REASM_BDP=0 RWM_MIN_R=0 RWM_CC_PACE=0 RWM_CC_PACE_HR=1.1 RWM_REACT_CAP=unset RWM_INFL_CAP=0 RWM_INFL_BDP=unset RWM_COPA_FEED=0 RWM_RS_ATTR=1 RWM_EMIT_BATCH=0 RWM_EMIT_BURST=64 RWM_RECOV_MP=1 RWM_RECOV_MP_LAW=1 RWM_RECOV_MP_LIVE=0 RWM_RECOV_SP=0 RWM_DERIVED_SWEEP=0 RWM_RACK_CLOCKS=0 RWM_RACK_REO_MULT=1 RWM_QUANTILE_CLOCKS=0 RWM_DIAG=0 RWM_ACKDIAG=0 RWM_ACKDIAG_WINDOW_US=2000000 RWM_WALLDIAG=0 RWM_CPUPROF=0 RWM_RDIAG=0 RWM_FDIAG=0 RWM_TRACE=0 RWM_PFRAC=0
{"bytes":400000000,"dnf":0,"hint":"bulk","max_s":18.3219,"mean_mbps":174.654,"mean_s":18.3219,"median_s":18.3219,"min_s":18.3219,"proto":"rp-native","runs":1,"stdev_s":0.0,"summary":true}
    CPU: CPUSRV=24.78s CPUCLI=27.12s (srv=decoder cli=sender; whole-invocation incl warmup)
    QCAP: /tmp/rwm-q.txt 34 lines
RUNTIME c9-B rep=2 21s
CEIL c9-B rep=2 cpucli=27.12 cpusrv=24.78 seconds=18.32191 bytes=400000000 ms_per_MB=67.80 cores=1.480 pred_mbit=174.7 meas_mbit=174.7
LIVENESS c9-B rep=2 anchor_cc=4 cpuprof_lines=0 gates_on=0 gates_off=1
=== rep=2 arm=c9-S seed=42 bin=/home/vibe/raptorpath/target/release/raptorpath env="RWM_CPUPROF=1" cell=c2/c2/quad bytes=400000000 20:29:36
[2m2026-08-19T20:29:38.285516Z[0m [32m INFO[0m [2mraptorpath::gates[0m[2m:[0m [GATES] RWM_UNIFIED=1 RWM_UNIFIED_SHED=1 RWM_TAPER_R=1 RWM_ASTAR_ANCHOR=1 RWM_MSTAR_ANCHOR=1 RWM_PLAIN_RS=0 RWM_HONEST_ANCHOR=1 RWM_HONEST_K=0 RWM_STORE_SACK_RELEASE=1 RWM_STORE_PATHS=1 RWM_STORE_PATH_POOL=2048 RWM_STORE=unset RWM_STORE_GAIN=2 RWM_STORE_BOOT=128 RWM_STORE_CAPW=0 RWM_STORE_CAP_UNIFIED=0 RWM_THREE_TERM=0 RWM_COMPOSED_CAP=0 RWM_SUM_CAP=1 RWM_LATE_BRAKE=0 RWM_DELTA_CAP=1 RWM_STORE_PERCAP=0 RWM_PERCAP_GUARD=1 RWM_STORE_BORROW=0 RWM_HONEST_CAP=1 RWM_POOL_ANCHOR=0 RWM_POOL_DELIV=0 RWM_FLOOR_BOUND=0 RWM_ACK_MERGE=1 RWM_LOSS_SENT_TRUTH=0 RWM_RELEASE_1TO1=0 RWM_CHARGE_RECOVERY=0 RWM_PATIENCE_DERIVED=0 RWM_SIDLE_DERIVED=0 RWM_WIN_DECOUPLE=0 RWM_PLACE_SLACK=0 RWM_COLD_PLACE=0 RWM_GEN=384 RWM_PIPELINE=2 RWM_GEN_PIPE=1 RWM_GEN_R=unset RWM_GEN_RATE=9000 RWM_GEN_RATE_FLOOR=2000 RWM_GEN_INFLIGHT=unset RWM_OOO_RETAIN=0/16 RWM_WINDOW=unset RWM_REPORT_GENS=unset RWM_REPAIR_WAIT=unset RWM_CODED_SRC=0 RWM_NO_REACTIVE=0 RWM_XPATH_REPAIR=0 RWM_PROACTIVE_PACER=0 RWM_REASM_BDP=0 RWM_MIN_R=0 RWM_CC_PACE=0 RWM_CC_PACE_HR=1.1 RWM_REACT_CAP=unset RWM_INFL_CAP=0 RWM_INFL_BDP=unset RWM_COPA_FEED=0 RWM_RS_ATTR=1 RWM_EMIT_BATCH=0 RWM_EMIT_BURST=64 RWM_RECOV_MP=1 RWM_RECOV_MP_LAW=1 RWM_RECOV_MP_LIVE=0 RWM_RECOV_SP=0 RWM_DERIVED_SWEEP=0 RWM_RACK_CLOCKS=0 RWM_RACK_REO_MULT=1 RWM_QUANTILE_CLOCKS=0 RWM_DIAG=0 RWM_ACKDIAG=0 RWM_ACKDIAG_WINDOW_US=2000000 RWM_WALLDIAG=0 RWM_CPUPROF=1 RWM_RDIAG=0 RWM_FDIAG=0 RWM_TRACE=0 RWM_PFRAC=0
{"bytes":400000000,"dnf":0,"hint":"bulk","max_s":19.195,"mean_mbps":166.71,"mean_s":19.195,"median_s":19.195,"min_s":19.195,"proto":"rp-native","runs":1,"stdev_s":0.0,"summary":true}
    CPU: CPUSRV=25.42s CPUCLI=28.12s (srv=decoder cli=sender; whole-invocation incl warmup)
    QCAP: /tmp/rwm-q.txt 34 lines
RUNTIME c9-S rep=2 22s
CEIL c9-S rep=2 cpucli=28.12 cpusrv=25.42 seconds=19.194964 bytes=400000000 ms_per_MB=70.30 cores=1.465 pred_mbit=166.7 meas_mbit=166.7
CPUPROFLINE c9-S rep=2 [CPUPROF] run_ms=19202.1 cpu_ms=28091.1 cores=1.463 enc=0.0/n0/0.0000 src=0.0/n0/0.0000 frm=336.1/n338411/0.0120 ser=290.7/n353747/0.0103 hand=3373.4/n353747/0.1201 attr=0.1424 unattr=0.8576
LIVENESS c9-S rep=2 anchor_cc=4 cpuprof_lines=1 gates_on=1 gates_off=0
=== rep=2 arm=c9-P seed=42 bin=/home/vibe/raptorpath/target/release-prof/raptorpath env="" cell=c2/c2/quad bytes=400000000 20:29:58
PERFCAP c9-P rep=2 data=/home/vibe/cpuprof/perf/c9-P-s42-r2.data target_pid=773907 attach_ms=2466 symbol_rows=1233 graph=0
[2m2026-08-19T20:30:00.319702Z[0m [32m INFO[0m [2mraptorpath::gates[0m[2m:[0m [GATES] RWM_UNIFIED=1 RWM_UNIFIED_SHED=1 RWM_TAPER_R=1 RWM_ASTAR_ANCHOR=1 RWM_MSTAR_ANCHOR=1 RWM_PLAIN_RS=0 RWM_HONEST_ANCHOR=1 RWM_HONEST_K=0 RWM_STORE_SACK_RELEASE=1 RWM_STORE_PATHS=1 RWM_STORE_PATH_POOL=2048 RWM_STORE=unset RWM_STORE_GAIN=2 RWM_STORE_BOOT=128 RWM_STORE_CAPW=0 RWM_STORE_CAP_UNIFIED=0 RWM_THREE_TERM=0 RWM_COMPOSED_CAP=0 RWM_SUM_CAP=1 RWM_LATE_BRAKE=0 RWM_DELTA_CAP=1 RWM_STORE_PERCAP=0 RWM_PERCAP_GUARD=1 RWM_STORE_BORROW=0 RWM_HONEST_CAP=1 RWM_POOL_ANCHOR=0 RWM_POOL_DELIV=0 RWM_FLOOR_BOUND=0 RWM_ACK_MERGE=1 RWM_LOSS_SENT_TRUTH=0 RWM_RELEASE_1TO1=0 RWM_CHARGE_RECOVERY=0 RWM_PATIENCE_DERIVED=0 RWM_SIDLE_DERIVED=0 RWM_WIN_DECOUPLE=0 RWM_PLACE_SLACK=0 RWM_COLD_PLACE=0 RWM_GEN=384 RWM_PIPELINE=2 RWM_GEN_PIPE=1 RWM_GEN_R=unset RWM_GEN_RATE=9000 RWM_GEN_RATE_FLOOR=2000 RWM_GEN_INFLIGHT=unset RWM_OOO_RETAIN=0/16 RWM_WINDOW=unset RWM_REPORT_GENS=unset RWM_REPAIR_WAIT=unset RWM_CODED_SRC=0 RWM_NO_REACTIVE=0 RWM_XPATH_REPAIR=0 RWM_PROACTIVE_PACER=0 RWM_REASM_BDP=0 RWM_MIN_R=0 RWM_CC_PACE=0 RWM_CC_PACE_HR=1.1 RWM_REACT_CAP=unset RWM_INFL_CAP=0 RWM_INFL_BDP=unset RWM_COPA_FEED=0 RWM_RS_ATTR=1 RWM_EMIT_BATCH=0 RWM_EMIT_BURST=64 RWM_RECOV_MP=1 RWM_RECOV_MP_LAW=1 RWM_RECOV_MP_LIVE=0 RWM_RECOV_SP=0 RWM_DERIVED_SWEEP=0 RWM_RACK_CLOCKS=0 RWM_RACK_REO_MULT=1 RWM_QUANTILE_CLOCKS=0 RWM_DIAG=0 RWM_ACKDIAG=0 RWM_ACKDIAG_WINDOW_US=2000000 RWM_WALLDIAG=0 RWM_CPUPROF=0 RWM_RDIAG=0 RWM_FDIAG=0 RWM_TRACE=0 RWM_PFRAC=0
{"bytes":400000000,"dnf":0,"hint":"bulk","max_s":20.6441,"mean_mbps":155.008,"mean_s":20.6441,"median_s":20.6441,"min_s":20.6441,"proto":"rp-native","runs":1,"stdev_s":0.0,"summary":true}
    CPU: CPUSRV=25.10s CPUCLI=34.17s (srv=decoder cli=sender; whole-invocation incl warmup)
    QCAP: /tmp/rwm-q.txt 34 lines
RUNTIME c9-P rep=2 25s
CEIL c9-P rep=2 cpucli=34.17 cpusrv=25.10 seconds=20.644086 bytes=400000000 ms_per_MB=85.42 cores=1.655 pred_mbit=155.0 meas_mbit=155.0
LIVENESS c9-P rep=2 anchor_cc=4 cpuprof_lines=0 gates_on=0 gates_off=1
=== rep=2 arm=c1-B seed=42 bin=/home/vibe/raptorpath/target/release/raptorpath env="" cell=c1/c1/single bytes=400000000 20:30:23
[2m2026-08-19T20:30:24.721613Z[0m [32m INFO[0m [2mraptorpath::gates[0m[2m:[0m [GATES] RWM_UNIFIED=1 RWM_UNIFIED_SHED=1 RWM_TAPER_R=1 RWM_ASTAR_ANCHOR=1 RWM_MSTAR_ANCHOR=1 RWM_PLAIN_RS=0 RWM_HONEST_ANCHOR=1 RWM_HONEST_K=0 RWM_STORE_SACK_RELEASE=1 RWM_STORE_PATHS=1 RWM_STORE_PATH_POOL=2048 RWM_STORE=unset RWM_STORE_GAIN=2 RWM_STORE_BOOT=128 RWM_STORE_CAPW=0 RWM_STORE_CAP_UNIFIED=0 RWM_THREE_TERM=0 RWM_COMPOSED_CAP=0 RWM_SUM_CAP=1 RWM_LATE_BRAKE=0 RWM_DELTA_CAP=1 RWM_STORE_PERCAP=0 RWM_PERCAP_GUARD=1 RWM_STORE_BORROW=0 RWM_HONEST_CAP=1 RWM_POOL_ANCHOR=0 RWM_POOL_DELIV=0 RWM_FLOOR_BOUND=0 RWM_ACK_MERGE=1 RWM_LOSS_SENT_TRUTH=0 RWM_RELEASE_1TO1=0 RWM_CHARGE_RECOVERY=0 RWM_PATIENCE_DERIVED=0 RWM_SIDLE_DERIVED=0 RWM_WIN_DECOUPLE=0 RWM_PLACE_SLACK=0 RWM_COLD_PLACE=0 RWM_GEN=384 RWM_PIPELINE=2 RWM_GEN_PIPE=1 RWM_GEN_R=unset RWM_GEN_RATE=9000 RWM_GEN_RATE_FLOOR=2000 RWM_GEN_INFLIGHT=unset RWM_OOO_RETAIN=0/16 RWM_WINDOW=unset RWM_REPORT_GENS=unset RWM_REPAIR_WAIT=unset RWM_CODED_SRC=0 RWM_NO_REACTIVE=0 RWM_XPATH_REPAIR=0 RWM_PROACTIVE_PACER=0 RWM_REASM_BDP=0 RWM_MIN_R=0 RWM_CC_PACE=0 RWM_CC_PACE_HR=1.1 RWM_REACT_CAP=unset RWM_INFL_CAP=0 RWM_INFL_BDP=unset RWM_COPA_FEED=0 RWM_RS_ATTR=1 RWM_EMIT_BATCH=0 RWM_EMIT_BURST=64 RWM_RECOV_MP=1 RWM_RECOV_MP_LAW=1 RWM_RECOV_MP_LIVE=0 RWM_RECOV_SP=0 RWM_DERIVED_SWEEP=0 RWM_RACK_CLOCKS=0 RWM_RACK_REO_MULT=1 RWM_QUANTILE_CLOCKS=0 RWM_DIAG=0 RWM_ACKDIAG=0 RWM_ACKDIAG_WINDOW_US=2000000 RWM_WALLDIAG=0 RWM_CPUPROF=0 RWM_RDIAG=0 RWM_FDIAG=0 RWM_TRACE=0 RWM_PFRAC=0
{"bytes":400000000,"dnf":0,"hint":"bulk","max_s":16.1912,"mean_mbps":197.638,"mean_s":16.1912,"median_s":16.1912,"min_s":16.1912,"proto":"rp-native","runs":1,"stdev_s":0.0,"summary":true}
    CPU: CPUSRV=17.90s CPUCLI=20.18s (srv=decoder cli=sender; whole-invocation incl warmup)
    QCAP: /tmp/rwm-q.txt 10 lines
RUNTIME c1-B rep=2 18s
CEIL c1-B rep=2 cpucli=20.18 cpusrv=17.90 seconds=16.191212 bytes=400000000 ms_per_MB=50.45 cores=1.246 pred_mbit=197.6 meas_mbit=197.6
LIVENESS c1-B rep=2 anchor_cc=1 cpuprof_lines=0 gates_on=0 gates_off=1
=== rep=2 arm=c1-S seed=42 bin=/home/vibe/raptorpath/target/release/raptorpath env="RWM_CPUPROF=1" cell=c1/c1/single bytes=400000000 20:30:41
[2m2026-08-19T20:30:42.834079Z[0m [32m INFO[0m [2mraptorpath::gates[0m[2m:[0m [GATES] RWM_UNIFIED=1 RWM_UNIFIED_SHED=1 RWM_TAPER_R=1 RWM_ASTAR_ANCHOR=1 RWM_MSTAR_ANCHOR=1 RWM_PLAIN_RS=0 RWM_HONEST_ANCHOR=1 RWM_HONEST_K=0 RWM_STORE_SACK_RELEASE=1 RWM_STORE_PATHS=1 RWM_STORE_PATH_POOL=2048 RWM_STORE=unset RWM_STORE_GAIN=2 RWM_STORE_BOOT=128 RWM_STORE_CAPW=0 RWM_STORE_CAP_UNIFIED=0 RWM_THREE_TERM=0 RWM_COMPOSED_CAP=0 RWM_SUM_CAP=1 RWM_LATE_BRAKE=0 RWM_DELTA_CAP=1 RWM_STORE_PERCAP=0 RWM_PERCAP_GUARD=1 RWM_STORE_BORROW=0 RWM_HONEST_CAP=1 RWM_POOL_ANCHOR=0 RWM_POOL_DELIV=0 RWM_FLOOR_BOUND=0 RWM_ACK_MERGE=1 RWM_LOSS_SENT_TRUTH=0 RWM_RELEASE_1TO1=0 RWM_CHARGE_RECOVERY=0 RWM_PATIENCE_DERIVED=0 RWM_SIDLE_DERIVED=0 RWM_WIN_DECOUPLE=0 RWM_PLACE_SLACK=0 RWM_COLD_PLACE=0 RWM_GEN=384 RWM_PIPELINE=2 RWM_GEN_PIPE=1 RWM_GEN_R=unset RWM_GEN_RATE=9000 RWM_GEN_RATE_FLOOR=2000 RWM_GEN_INFLIGHT=unset RWM_OOO_RETAIN=0/16 RWM_WINDOW=unset RWM_REPORT_GENS=unset RWM_REPAIR_WAIT=unset RWM_CODED_SRC=0 RWM_NO_REACTIVE=0 RWM_XPATH_REPAIR=0 RWM_PROACTIVE_PACER=0 RWM_REASM_BDP=0 RWM_MIN_R=0 RWM_CC_PACE=0 RWM_CC_PACE_HR=1.1 RWM_REACT_CAP=unset RWM_INFL_CAP=0 RWM_INFL_BDP=unset RWM_COPA_FEED=0 RWM_RS_ATTR=1 RWM_EMIT_BATCH=0 RWM_EMIT_BURST=64 RWM_RECOV_MP=1 RWM_RECOV_MP_LAW=1 RWM_RECOV_MP_LIVE=0 RWM_RECOV_SP=0 RWM_DERIVED_SWEEP=0 RWM_RACK_CLOCKS=0 RWM_RACK_REO_MULT=1 RWM_QUANTILE_CLOCKS=0 RWM_DIAG=0 RWM_ACKDIAG=0 RWM_ACKDIAG_WINDOW_US=2000000 RWM_WALLDIAG=0 RWM_CPUPROF=1 RWM_RDIAG=0 RWM_FDIAG=0 RWM_TRACE=0 RWM_PFRAC=0
{"bytes":400000000,"dnf":0,"hint":"bulk","max_s":16.7866,"mean_mbps":190.628,"mean_s":16.7866,"median_s":16.7866,"min_s":16.7866,"proto":"rp-native","runs":1,"stdev_s":0.0,"summary":true}
    CPU: CPUSRV=18.41s CPUCLI=17.98s (srv=decoder cli=sender; whole-invocation incl warmup)
    QCAP: /tmp/rwm-q.txt 10 lines
RUNTIME c1-S rep=2 18s
CEIL c1-S rep=2 cpucli=17.98 cpusrv=18.41 seconds=16.786603 bytes=400000000 ms_per_MB=44.95 cores=1.071 pred_mbit=190.6 meas_mbit=190.6
CPUPROFLINE c1-S rep=2 [CPUPROF] run_ms=16789.4 cpu_ms=17972.8 cores=1.070 enc=0.0/n0/0.0000 src=0.0/n0/0.0000 frm=248.6/n338411/0.0138 ser=187.5/n339125/0.0104 hand=449.1/n339125/0.0250 attr=0.0493 unattr=0.9507
LIVENESS c1-S rep=2 anchor_cc=1 cpuprof_lines=1 gates_on=1 gates_off=0
=== rep=2 arm=c1-P seed=42 bin=/home/vibe/raptorpath/target/release-prof/raptorpath env="" cell=c1/c1/single bytes=400000000 20:30:59
PERFCAP c1-P rep=2 data=/home/vibe/cpuprof/perf/c1-P-s42-r2.data target_pid=775505 attach_ms=1706 symbol_rows=1086 graph=0
[2m2026-08-19T20:31:01.618298Z[0m [32m INFO[0m [2mraptorpath::gates[0m[2m:[0m [GATES] RWM_UNIFIED=1 RWM_UNIFIED_SHED=1 RWM_TAPER_R=1 RWM_ASTAR_ANCHOR=1 RWM_MSTAR_ANCHOR=1 RWM_PLAIN_RS=0 RWM_HONEST_ANCHOR=1 RWM_HONEST_K=0 RWM_STORE_SACK_RELEASE=1 RWM_STORE_PATHS=1 RWM_STORE_PATH_POOL=2048 RWM_STORE=unset RWM_STORE_GAIN=2 RWM_STORE_BOOT=128 RWM_STORE_CAPW=0 RWM_STORE_CAP_UNIFIED=0 RWM_THREE_TERM=0 RWM_COMPOSED_CAP=0 RWM_SUM_CAP=1 RWM_LATE_BRAKE=0 RWM_DELTA_CAP=1 RWM_STORE_PERCAP=0 RWM_PERCAP_GUARD=1 RWM_STORE_BORROW=0 RWM_HONEST_CAP=1 RWM_POOL_ANCHOR=0 RWM_POOL_DELIV=0 RWM_FLOOR_BOUND=0 RWM_ACK_MERGE=1 RWM_LOSS_SENT_TRUTH=0 RWM_RELEASE_1TO1=0 RWM_CHARGE_RECOVERY=0 RWM_PATIENCE_DERIVED=0 RWM_SIDLE_DERIVED=0 RWM_WIN_DECOUPLE=0 RWM_PLACE_SLACK=0 RWM_COLD_PLACE=0 RWM_GEN=384 RWM_PIPELINE=2 RWM_GEN_PIPE=1 RWM_GEN_R=unset RWM_GEN_RATE=9000 RWM_GEN_RATE_FLOOR=2000 RWM_GEN_INFLIGHT=unset RWM_OOO_RETAIN=0/16 RWM_WINDOW=unset RWM_REPORT_GENS=unset RWM_REPAIR_WAIT=unset RWM_CODED_SRC=0 RWM_NO_REACTIVE=0 RWM_XPATH_REPAIR=0 RWM_PROACTIVE_PACER=0 RWM_REASM_BDP=0 RWM_MIN_R=0 RWM_CC_PACE=0 RWM_CC_PACE_HR=1.1 RWM_REACT_CAP=unset RWM_INFL_CAP=0 RWM_INFL_BDP=unset RWM_COPA_FEED=0 RWM_RS_ATTR=1 RWM_EMIT_BATCH=0 RWM_EMIT_BURST=64 RWM_RECOV_MP=1 RWM_RECOV_MP_LAW=1 RWM_RECOV_MP_LIVE=0 RWM_RECOV_SP=0 RWM_DERIVED_SWEEP=0 RWM_RACK_CLOCKS=0 RWM_RACK_REO_MULT=1 RWM_QUANTILE_CLOCKS=0 RWM_DIAG=0 RWM_ACKDIAG=0 RWM_ACKDIAG_WINDOW_US=2000000 RWM_WALLDIAG=0 RWM_CPUPROF=0 RWM_RDIAG=0 RWM_FDIAG=0 RWM_TRACE=0 RWM_PFRAC=0
{"bytes":400000000,"dnf":0,"hint":"bulk","max_s":16.7492,"mean_mbps":191.054,"mean_s":16.7492,"median_s":16.7492,"min_s":16.7492,"proto":"rp-native","runs":1,"stdev_s":0.0,"summary":true}
    CPU: CPUSRV=18.13s CPUCLI=24.10s (srv=decoder cli=sender; whole-invocation incl warmup)
    QCAP: /tmp/rwm-q.txt 10 lines
RUNTIME c1-P rep=2 21s
CEIL c1-P rep=2 cpucli=24.10 cpusrv=18.13 seconds=16.74921 bytes=400000000 ms_per_MB=60.25 cores=1.439 pred_mbit=191.1 meas_mbit=191.1
LIVENESS c1-P rep=2 anchor_cc=1 cpuprof_lines=0 gates_on=0 gates_off=1
=== rep=3 arm=c9-B seed=42 bin=/home/vibe/raptorpath/target/release/raptorpath env="" cell=c2/c2/quad bytes=400000000 20:31:20
[2m2026-08-19T20:31:22.137076Z[0m [32m INFO[0m [2mraptorpath::gates[0m[2m:[0m [GATES] RWM_UNIFIED=1 RWM_UNIFIED_SHED=1 RWM_TAPER_R=1 RWM_ASTAR_ANCHOR=1 RWM_MSTAR_ANCHOR=1 RWM_PLAIN_RS=0 RWM_HONEST_ANCHOR=1 RWM_HONEST_K=0 RWM_STORE_SACK_RELEASE=1 RWM_STORE_PATHS=1 RWM_STORE_PATH_POOL=2048 RWM_STORE=unset RWM_STORE_GAIN=2 RWM_STORE_BOOT=128 RWM_STORE_CAPW=0 RWM_STORE_CAP_UNIFIED=0 RWM_THREE_TERM=0 RWM_COMPOSED_CAP=0 RWM_SUM_CAP=1 RWM_LATE_BRAKE=0 RWM_DELTA_CAP=1 RWM_STORE_PERCAP=0 RWM_PERCAP_GUARD=1 RWM_STORE_BORROW=0 RWM_HONEST_CAP=1 RWM_POOL_ANCHOR=0 RWM_POOL_DELIV=0 RWM_FLOOR_BOUND=0 RWM_ACK_MERGE=1 RWM_LOSS_SENT_TRUTH=0 RWM_RELEASE_1TO1=0 RWM_CHARGE_RECOVERY=0 RWM_PATIENCE_DERIVED=0 RWM_SIDLE_DERIVED=0 RWM_WIN_DECOUPLE=0 RWM_PLACE_SLACK=0 RWM_COLD_PLACE=0 RWM_GEN=384 RWM_PIPELINE=2 RWM_GEN_PIPE=1 RWM_GEN_R=unset RWM_GEN_RATE=9000 RWM_GEN_RATE_FLOOR=2000 RWM_GEN_INFLIGHT=unset RWM_OOO_RETAIN=0/16 RWM_WINDOW=unset RWM_REPORT_GENS=unset RWM_REPAIR_WAIT=unset RWM_CODED_SRC=0 RWM_NO_REACTIVE=0 RWM_XPATH_REPAIR=0 RWM_PROACTIVE_PACER=0 RWM_REASM_BDP=0 RWM_MIN_R=0 RWM_CC_PACE=0 RWM_CC_PACE_HR=1.1 RWM_REACT_CAP=unset RWM_INFL_CAP=0 RWM_INFL_BDP=unset RWM_COPA_FEED=0 RWM_RS_ATTR=1 RWM_EMIT_BATCH=0 RWM_EMIT_BURST=64 RWM_RECOV_MP=1 RWM_RECOV_MP_LAW=1 RWM_RECOV_MP_LIVE=0 RWM_RECOV_SP=0 RWM_DERIVED_SWEEP=0 RWM_RACK_CLOCKS=0 RWM_RACK_REO_MULT=1 RWM_QUANTILE_CLOCKS=0 RWM_DIAG=0 RWM_ACKDIAG=0 RWM_ACKDIAG_WINDOW_US=2000000 RWM_WALLDIAG=0 RWM_CPUPROF=0 RWM_RDIAG=0 RWM_FDIAG=0 RWM_TRACE=0 RWM_PFRAC=0
{"bytes":400000000,"dnf":0,"hint":"bulk","max_s":18.5508,"mean_mbps":172.499,"mean_s":18.5508,"median_s":18.5508,"min_s":18.5508,"proto":"rp-native","runs":1,"stdev_s":0.0,"summary":true}
    CPU: CPUSRV=24.46s CPUCLI=27.00s (srv=decoder cli=sender; whole-invocation incl warmup)
    QCAP: /tmp/rwm-q.txt 34 lines
RUNTIME c9-B rep=3 21s
CEIL c9-B rep=3 cpucli=27.00 cpusrv=24.46 seconds=18.550827 bytes=400000000 ms_per_MB=67.50 cores=1.455 pred_mbit=172.5 meas_mbit=172.5
LIVENESS c9-B rep=3 anchor_cc=4 cpuprof_lines=0 gates_on=0 gates_off=1
=== rep=3 arm=c9-S seed=42 bin=/home/vibe/raptorpath/target/release/raptorpath env="RWM_CPUPROF=1" cell=c2/c2/quad bytes=400000000 20:31:41
[2m2026-08-19T20:31:43.170813Z[0m [32m INFO[0m [2mraptorpath::gates[0m[2m:[0m [GATES] RWM_UNIFIED=1 RWM_UNIFIED_SHED=1 RWM_TAPER_R=1 RWM_ASTAR_ANCHOR=1 RWM_MSTAR_ANCHOR=1 RWM_PLAIN_RS=0 RWM_HONEST_ANCHOR=1 RWM_HONEST_K=0 RWM_STORE_SACK_RELEASE=1 RWM_STORE_PATHS=1 RWM_STORE_PATH_POOL=2048 RWM_STORE=unset RWM_STORE_GAIN=2 RWM_STORE_BOOT=128 RWM_STORE_CAPW=0 RWM_STORE_CAP_UNIFIED=0 RWM_THREE_TERM=0 RWM_COMPOSED_CAP=0 RWM_SUM_CAP=1 RWM_LATE_BRAKE=0 RWM_DELTA_CAP=1 RWM_STORE_PERCAP=0 RWM_PERCAP_GUARD=1 RWM_STORE_BORROW=0 RWM_HONEST_CAP=1 RWM_POOL_ANCHOR=0 RWM_POOL_DELIV=0 RWM_FLOOR_BOUND=0 RWM_ACK_MERGE=1 RWM_LOSS_SENT_TRUTH=0 RWM_RELEASE_1TO1=0 RWM_CHARGE_RECOVERY=0 RWM_PATIENCE_DERIVED=0 RWM_SIDLE_DERIVED=0 RWM_WIN_DECOUPLE=0 RWM_PLACE_SLACK=0 RWM_COLD_PLACE=0 RWM_GEN=384 RWM_PIPELINE=2 RWM_GEN_PIPE=1 RWM_GEN_R=unset RWM_GEN_RATE=9000 RWM_GEN_RATE_FLOOR=2000 RWM_GEN_INFLIGHT=unset RWM_OOO_RETAIN=0/16 RWM_WINDOW=unset RWM_REPORT_GENS=unset RWM_REPAIR_WAIT=unset RWM_CODED_SRC=0 RWM_NO_REACTIVE=0 RWM_XPATH_REPAIR=0 RWM_PROACTIVE_PACER=0 RWM_REASM_BDP=0 RWM_MIN_R=0 RWM_CC_PACE=0 RWM_CC_PACE_HR=1.1 RWM_REACT_CAP=unset RWM_INFL_CAP=0 RWM_INFL_BDP=unset RWM_COPA_FEED=0 RWM_RS_ATTR=1 RWM_EMIT_BATCH=0 RWM_EMIT_BURST=64 RWM_RECOV_MP=1 RWM_RECOV_MP_LAW=1 RWM_RECOV_MP_LIVE=0 RWM_RECOV_SP=0 RWM_DERIVED_SWEEP=0 RWM_RACK_CLOCKS=0 RWM_RACK_REO_MULT=1 RWM_QUANTILE_CLOCKS=0 RWM_DIAG=0 RWM_ACKDIAG=0 RWM_ACKDIAG_WINDOW_US=2000000 RWM_WALLDIAG=0 RWM_CPUPROF=1 RWM_RDIAG=0 RWM_FDIAG=0 RWM_TRACE=0 RWM_PFRAC=0
{"bytes":400000000,"dnf":0,"hint":"bulk","max_s":18.2802,"mean_mbps":175.053,"mean_s":18.2802,"median_s":18.2802,"min_s":18.2802,"proto":"rp-native","runs":1,"stdev_s":0.0,"summary":true}
    CPU: CPUSRV=24.42s CPUCLI=27.12s (srv=decoder cli=sender; whole-invocation incl warmup)
    QCAP: /tmp/rwm-q.txt 34 lines
RUNTIME c9-S rep=3 21s
CEIL c9-S rep=3 cpucli=27.12 cpusrv=24.42 seconds=18.280228 bytes=400000000 ms_per_MB=67.80 cores=1.484 pred_mbit=175.1 meas_mbit=175.1
CPUPROFLINE c9-S rep=3 [CPUPROF] run_ms=18296.1 cpu_ms=27107.1 cores=1.482 enc=0.0/n0/0.0000 src=0.0/n0/0.0000 frm=319.9/n338411/0.0118 ser=239.1/n356071/0.0088 hand=3121.5/n356071/0.1152 attr=0.1358 unattr=0.8642
LIVENESS c9-S rep=3 anchor_cc=4 cpuprof_lines=1 gates_on=1 gates_off=0
=== rep=3 arm=c9-P seed=42 bin=/home/vibe/raptorpath/target/release-prof/raptorpath env="" cell=c2/c2/quad bytes=400000000 20:32:02
PERFCAP c9-P rep=3 data=/home/vibe/cpuprof/perf/c9-P-s42-r3.data target_pid=777360 attach_ms=1974 symbol_rows=1225 graph=0
[2m2026-08-19T20:32:03.960900Z[0m [32m INFO[0m [2mraptorpath::gates[0m[2m:[0m [GATES] RWM_UNIFIED=1 RWM_UNIFIED_SHED=1 RWM_TAPER_R=1 RWM_ASTAR_ANCHOR=1 RWM_MSTAR_ANCHOR=1 RWM_PLAIN_RS=0 RWM_HONEST_ANCHOR=1 RWM_HONEST_K=0 RWM_STORE_SACK_RELEASE=1 RWM_STORE_PATHS=1 RWM_STORE_PATH_POOL=2048 RWM_STORE=unset RWM_STORE_GAIN=2 RWM_STORE_BOOT=128 RWM_STORE_CAPW=0 RWM_STORE_CAP_UNIFIED=0 RWM_THREE_TERM=0 RWM_COMPOSED_CAP=0 RWM_SUM_CAP=1 RWM_LATE_BRAKE=0 RWM_DELTA_CAP=1 RWM_STORE_PERCAP=0 RWM_PERCAP_GUARD=1 RWM_STORE_BORROW=0 RWM_HONEST_CAP=1 RWM_POOL_ANCHOR=0 RWM_POOL_DELIV=0 RWM_FLOOR_BOUND=0 RWM_ACK_MERGE=1 RWM_LOSS_SENT_TRUTH=0 RWM_RELEASE_1TO1=0 RWM_CHARGE_RECOVERY=0 RWM_PATIENCE_DERIVED=0 RWM_SIDLE_DERIVED=0 RWM_WIN_DECOUPLE=0 RWM_PLACE_SLACK=0 RWM_COLD_PLACE=0 RWM_GEN=384 RWM_PIPELINE=2 RWM_GEN_PIPE=1 RWM_GEN_R=unset RWM_GEN_RATE=9000 RWM_GEN_RATE_FLOOR=2000 RWM_GEN_INFLIGHT=unset RWM_OOO_RETAIN=0/16 RWM_WINDOW=unset RWM_REPORT_GENS=unset RWM_REPAIR_WAIT=unset RWM_CODED_SRC=0 RWM_NO_REACTIVE=0 RWM_XPATH_REPAIR=0 RWM_PROACTIVE_PACER=0 RWM_REASM_BDP=0 RWM_MIN_R=0 RWM_CC_PACE=0 RWM_CC_PACE_HR=1.1 RWM_REACT_CAP=unset RWM_INFL_CAP=0 RWM_INFL_BDP=unset RWM_COPA_FEED=0 RWM_RS_ATTR=1 RWM_EMIT_BATCH=0 RWM_EMIT_BURST=64 RWM_RECOV_MP=1 RWM_RECOV_MP_LAW=1 RWM_RECOV_MP_LIVE=0 RWM_RECOV_SP=0 RWM_DERIVED_SWEEP=0 RWM_RACK_CLOCKS=0 RWM_RACK_REO_MULT=1 RWM_QUANTILE_CLOCKS=0 RWM_DIAG=0 RWM_ACKDIAG=0 RWM_ACKDIAG_WINDOW_US=2000000 RWM_WALLDIAG=0 RWM_CPUPROF=0 RWM_RDIAG=0 RWM_FDIAG=0 RWM_TRACE=0 RWM_PFRAC=0
{"bytes":400000000,"dnf":0,"hint":"bulk","max_s":21.0423,"mean_mbps":152.075,"mean_s":21.0423,"median_s":21.0423,"min_s":21.0423,"proto":"rp-native","runs":1,"stdev_s":0.0,"summary":true}
    CPU: CPUSRV=25.80s CPUCLI=35.77s (srv=decoder cli=sender; whole-invocation incl warmup)
    QCAP: /tmp/rwm-q.txt 34 lines
RUNTIME c9-P rep=3 25s
CEIL c9-P rep=3 cpucli=35.77 cpusrv=25.80 seconds=21.042313 bytes=400000000 ms_per_MB=89.42 cores=1.700 pred_mbit=152.1 meas_mbit=152.1
LIVENESS c9-P rep=3 anchor_cc=4 cpuprof_lines=0 gates_on=0 gates_off=1
=== rep=3 arm=c1-B seed=42 bin=/home/vibe/raptorpath/target/release/raptorpath env="" cell=c1/c1/single bytes=400000000 20:32:27
[2m2026-08-19T20:32:28.823198Z[0m [32m INFO[0m [2mraptorpath::gates[0m[2m:[0m [GATES] RWM_UNIFIED=1 RWM_UNIFIED_SHED=1 RWM_TAPER_R=1 RWM_ASTAR_ANCHOR=1 RWM_MSTAR_ANCHOR=1 RWM_PLAIN_RS=0 RWM_HONEST_ANCHOR=1 RWM_HONEST_K=0 RWM_STORE_SACK_RELEASE=1 RWM_STORE_PATHS=1 RWM_STORE_PATH_POOL=2048 RWM_STORE=unset RWM_STORE_GAIN=2 RWM_STORE_BOOT=128 RWM_STORE_CAPW=0 RWM_STORE_CAP_UNIFIED=0 RWM_THREE_TERM=0 RWM_COMPOSED_CAP=0 RWM_SUM_CAP=1 RWM_LATE_BRAKE=0 RWM_DELTA_CAP=1 RWM_STORE_PERCAP=0 RWM_PERCAP_GUARD=1 RWM_STORE_BORROW=0 RWM_HONEST_CAP=1 RWM_POOL_ANCHOR=0 RWM_POOL_DELIV=0 RWM_FLOOR_BOUND=0 RWM_ACK_MERGE=1 RWM_LOSS_SENT_TRUTH=0 RWM_RELEASE_1TO1=0 RWM_CHARGE_RECOVERY=0 RWM_PATIENCE_DERIVED=0 RWM_SIDLE_DERIVED=0 RWM_WIN_DECOUPLE=0 RWM_PLACE_SLACK=0 RWM_COLD_PLACE=0 RWM_GEN=384 RWM_PIPELINE=2 RWM_GEN_PIPE=1 RWM_GEN_R=unset RWM_GEN_RATE=9000 RWM_GEN_RATE_FLOOR=2000 RWM_GEN_INFLIGHT=unset RWM_OOO_RETAIN=0/16 RWM_WINDOW=unset RWM_REPORT_GENS=unset RWM_REPAIR_WAIT=unset RWM_CODED_SRC=0 RWM_NO_REACTIVE=0 RWM_XPATH_REPAIR=0 RWM_PROACTIVE_PACER=0 RWM_REASM_BDP=0 RWM_MIN_R=0 RWM_CC_PACE=0 RWM_CC_PACE_HR=1.1 RWM_REACT_CAP=unset RWM_INFL_CAP=0 RWM_INFL_BDP=unset RWM_COPA_FEED=0 RWM_RS_ATTR=1 RWM_EMIT_BATCH=0 RWM_EMIT_BURST=64 RWM_RECOV_MP=1 RWM_RECOV_MP_LAW=1 RWM_RECOV_MP_LIVE=0 RWM_RECOV_SP=0 RWM_DERIVED_SWEEP=0 RWM_RACK_CLOCKS=0 RWM_RACK_REO_MULT=1 RWM_QUANTILE_CLOCKS=0 RWM_DIAG=0 RWM_ACKDIAG=0 RWM_ACKDIAG_WINDOW_US=2000000 RWM_WALLDIAG=0 RWM_CPUPROF=0 RWM_RDIAG=0 RWM_FDIAG=0 RWM_TRACE=0 RWM_PFRAC=0
{"bytes":400000000,"dnf":0,"hint":"bulk","max_s":16.3637,"mean_mbps":195.555,"mean_s":16.3637,"median_s":16.3637,"min_s":16.3637,"proto":"rp-native","runs":1,"stdev_s":0.0,"summary":true}
    CPU: CPUSRV=16.69s CPUCLI=17.86s (srv=decoder cli=sender; whole-invocation incl warmup)
    QCAP: /tmp/rwm-q.txt 10 lines
RUNTIME c1-B rep=3 18s
CEIL c1-B rep=3 cpucli=17.86 cpusrv=16.69 seconds=16.363665 bytes=400000000 ms_per_MB=44.65 cores=1.091 pred_mbit=195.6 meas_mbit=195.6
LIVENESS c1-B rep=3 anchor_cc=1 cpuprof_lines=0 gates_on=0 gates_off=1
=== rep=3 arm=c1-S seed=42 bin=/home/vibe/raptorpath/target/release/raptorpath env="RWM_CPUPROF=1" cell=c1/c1/single bytes=400000000 20:32:45
[2m2026-08-19T20:32:47.170571Z[0m [32m INFO[0m [2mraptorpath::gates[0m[2m:[0m [GATES] RWM_UNIFIED=1 RWM_UNIFIED_SHED=1 RWM_TAPER_R=1 RWM_ASTAR_ANCHOR=1 RWM_MSTAR_ANCHOR=1 RWM_PLAIN_RS=0 RWM_HONEST_ANCHOR=1 RWM_HONEST_K=0 RWM_STORE_SACK_RELEASE=1 RWM_STORE_PATHS=1 RWM_STORE_PATH_POOL=2048 RWM_STORE=unset RWM_STORE_GAIN=2 RWM_STORE_BOOT=128 RWM_STORE_CAPW=0 RWM_STORE_CAP_UNIFIED=0 RWM_THREE_TERM=0 RWM_COMPOSED_CAP=0 RWM_SUM_CAP=1 RWM_LATE_BRAKE=0 RWM_DELTA_CAP=1 RWM_STORE_PERCAP=0 RWM_PERCAP_GUARD=1 RWM_STORE_BORROW=0 RWM_HONEST_CAP=1 RWM_POOL_ANCHOR=0 RWM_POOL_DELIV=0 RWM_FLOOR_BOUND=0 RWM_ACK_MERGE=1 RWM_LOSS_SENT_TRUTH=0 RWM_RELEASE_1TO1=0 RWM_CHARGE_RECOVERY=0 RWM_PATIENCE_DERIVED=0 RWM_SIDLE_DERIVED=0 RWM_WIN_DECOUPLE=0 RWM_PLACE_SLACK=0 RWM_COLD_PLACE=0 RWM_GEN=384 RWM_PIPELINE=2 RWM_GEN_PIPE=1 RWM_GEN_R=unset RWM_GEN_RATE=9000 RWM_GEN_RATE_FLOOR=2000 RWM_GEN_INFLIGHT=unset RWM_OOO_RETAIN=0/16 RWM_WINDOW=unset RWM_REPORT_GENS=unset RWM_REPAIR_WAIT=unset RWM_CODED_SRC=0 RWM_NO_REACTIVE=0 RWM_XPATH_REPAIR=0 RWM_PROACTIVE_PACER=0 RWM_REASM_BDP=0 RWM_MIN_R=0 RWM_CC_PACE=0 RWM_CC_PACE_HR=1.1 RWM_REACT_CAP=unset RWM_INFL_CAP=0 RWM_INFL_BDP=unset RWM_COPA_FEED=0 RWM_RS_ATTR=1 RWM_EMIT_BATCH=0 RWM_EMIT_BURST=64 RWM_RECOV_MP=1 RWM_RECOV_MP_LAW=1 RWM_RECOV_MP_LIVE=0 RWM_RECOV_SP=0 RWM_DERIVED_SWEEP=0 RWM_RACK_CLOCKS=0 RWM_RACK_REO_MULT=1 RWM_QUANTILE_CLOCKS=0 RWM_DIAG=0 RWM_ACKDIAG=0 RWM_ACKDIAG_WINDOW_US=2000000 RWM_WALLDIAG=0 RWM_CPUPROF=1 RWM_RDIAG=0 RWM_FDIAG=0 RWM_TRACE=0 RWM_PFRAC=0
{"bytes":400000000,"dnf":0,"hint":"bulk","max_s":16.2211,"mean_mbps":197.274,"mean_s":16.2211,"median_s":16.2211,"min_s":16.2211,"proto":"rp-native","runs":1,"stdev_s":0.0,"summary":true}
    CPU: CPUSRV=17.11s CPUCLI=18.81s (srv=decoder cli=sender; whole-invocation incl warmup)
    QCAP: /tmp/rwm-q.txt 10 lines
RUNTIME c1-S rep=3 18s
CEIL c1-S rep=3 cpucli=18.81 cpusrv=17.11 seconds=16.221057 bytes=400000000 ms_per_MB=47.02 cores=1.160 pred_mbit=197.3 meas_mbit=197.3
CPUPROFLINE c1-S rep=3 [CPUPROF] run_ms=16224.3 cpu_ms=18808.8 cores=1.159 enc=0.0/n0/0.0000 src=0.0/n0/0.0000 frm=269.7/n338411/0.0143 ser=180.2/n339228/0.0096 hand=529.8/n339228/0.0282 attr=0.0521 unattr=0.9479
LIVENESS c1-S rep=3 anchor_cc=1 cpuprof_lines=1 gates_on=1 gates_off=0
=== rep=3 arm=c1-P seed=42 bin=/home/vibe/raptorpath/target/release-prof/raptorpath env="" cell=c1/c1/single bytes=400000000 20:33:03
PERFCAP c1-P rep=3 data=/home/vibe/cpuprof/perf/c1-P-s42-r3.data target_pid=778917 attach_ms=1698 symbol_rows=1076 graph=0
[2m2026-08-19T20:33:05.421510Z[0m [32m INFO[0m [2mraptorpath::gates[0m[2m:[0m [GATES] RWM_UNIFIED=1 RWM_UNIFIED_SHED=1 RWM_TAPER_R=1 RWM_ASTAR_ANCHOR=1 RWM_MSTAR_ANCHOR=1 RWM_PLAIN_RS=0 RWM_HONEST_ANCHOR=1 RWM_HONEST_K=0 RWM_STORE_SACK_RELEASE=1 RWM_STORE_PATHS=1 RWM_STORE_PATH_POOL=2048 RWM_STORE=unset RWM_STORE_GAIN=2 RWM_STORE_BOOT=128 RWM_STORE_CAPW=0 RWM_STORE_CAP_UNIFIED=0 RWM_THREE_TERM=0 RWM_COMPOSED_CAP=0 RWM_SUM_CAP=1 RWM_LATE_BRAKE=0 RWM_DELTA_CAP=1 RWM_STORE_PERCAP=0 RWM_PERCAP_GUARD=1 RWM_STORE_BORROW=0 RWM_HONEST_CAP=1 RWM_POOL_ANCHOR=0 RWM_POOL_DELIV=0 RWM_FLOOR_BOUND=0 RWM_ACK_MERGE=1 RWM_LOSS_SENT_TRUTH=0 RWM_RELEASE_1TO1=0 RWM_CHARGE_RECOVERY=0 RWM_PATIENCE_DERIVED=0 RWM_SIDLE_DERIVED=0 RWM_WIN_DECOUPLE=0 RWM_PLACE_SLACK=0 RWM_COLD_PLACE=0 RWM_GEN=384 RWM_PIPELINE=2 RWM_GEN_PIPE=1 RWM_GEN_R=unset RWM_GEN_RATE=9000 RWM_GEN_RATE_FLOOR=2000 RWM_GEN_INFLIGHT=unset RWM_OOO_RETAIN=0/16 RWM_WINDOW=unset RWM_REPORT_GENS=unset RWM_REPAIR_WAIT=unset RWM_CODED_SRC=0 RWM_NO_REACTIVE=0 RWM_XPATH_REPAIR=0 RWM_PROACTIVE_PACER=0 RWM_REASM_BDP=0 RWM_MIN_R=0 RWM_CC_PACE=0 RWM_CC_PACE_HR=1.1 RWM_REACT_CAP=unset RWM_INFL_CAP=0 RWM_INFL_BDP=unset RWM_COPA_FEED=0 RWM_RS_ATTR=1 RWM_EMIT_BATCH=0 RWM_EMIT_BURST=64 RWM_RECOV_MP=1 RWM_RECOV_MP_LAW=1 RWM_RECOV_MP_LIVE=0 RWM_RECOV_SP=0 RWM_DERIVED_SWEEP=0 RWM_RACK_CLOCKS=0 RWM_RACK_REO_MULT=1 RWM_QUANTILE_CLOCKS=0 RWM_DIAG=0 RWM_ACKDIAG=0 RWM_ACKDIAG_WINDOW_US=2000000 RWM_WALLDIAG=0 RWM_CPUPROF=0 RWM_RDIAG=0 RWM_FDIAG=0 RWM_TRACE=0 RWM_PFRAC=0
{"bytes":400000000,"dnf":0,"hint":"bulk","max_s":17.1433,"mean_mbps":186.662,"mean_s":17.1433,"median_s":17.1433,"min_s":17.1433,"proto":"rp-native","runs":1,"stdev_s":0.0,"summary":true}
    CPU: CPUSRV=17.80s CPUCLI=23.05s (srv=decoder cli=sender; whole-invocation incl warmup)
    QCAP: /tmp/rwm-q.txt 10 lines
RUNTIME c1-P rep=3 21s
CEIL c1-P rep=3 cpucli=23.05 cpusrv=17.80 seconds=17.143287 bytes=400000000 ms_per_MB=57.62 cores=1.345 pred_mbit=186.7 meas_mbit=186.7
LIVENESS c1-P rep=3 anchor_cc=1 cpuprof_lines=0 gates_on=0 gates_off=1
=== rep=4 arm=c9-B seed=42 bin=/home/vibe/raptorpath/target/release/raptorpath env="" cell=c2/c2/quad bytes=400000000 20:33:24
[2m2026-08-19T20:33:26.469984Z[0m [32m INFO[0m [2mraptorpath::gates[0m[2m:[0m [GATES] RWM_UNIFIED=1 RWM_UNIFIED_SHED=1 RWM_TAPER_R=1 RWM_ASTAR_ANCHOR=1 RWM_MSTAR_ANCHOR=1 RWM_PLAIN_RS=0 RWM_HONEST_ANCHOR=1 RWM_HONEST_K=0 RWM_STORE_SACK_RELEASE=1 RWM_STORE_PATHS=1 RWM_STORE_PATH_POOL=2048 RWM_STORE=unset RWM_STORE_GAIN=2 RWM_STORE_BOOT=128 RWM_STORE_CAPW=0 RWM_STORE_CAP_UNIFIED=0 RWM_THREE_TERM=0 RWM_COMPOSED_CAP=0 RWM_SUM_CAP=1 RWM_LATE_BRAKE=0 RWM_DELTA_CAP=1 RWM_STORE_PERCAP=0 RWM_PERCAP_GUARD=1 RWM_STORE_BORROW=0 RWM_HONEST_CAP=1 RWM_POOL_ANCHOR=0 RWM_POOL_DELIV=0 RWM_FLOOR_BOUND=0 RWM_ACK_MERGE=1 RWM_LOSS_SENT_TRUTH=0 RWM_RELEASE_1TO1=0 RWM_CHARGE_RECOVERY=0 RWM_PATIENCE_DERIVED=0 RWM_SIDLE_DERIVED=0 RWM_WIN_DECOUPLE=0 RWM_PLACE_SLACK=0 RWM_COLD_PLACE=0 RWM_GEN=384 RWM_PIPELINE=2 RWM_GEN_PIPE=1 RWM_GEN_R=unset RWM_GEN_RATE=9000 RWM_GEN_RATE_FLOOR=2000 RWM_GEN_INFLIGHT=unset RWM_OOO_RETAIN=0/16 RWM_WINDOW=unset RWM_REPORT_GENS=unset RWM_REPAIR_WAIT=unset RWM_CODED_SRC=0 RWM_NO_REACTIVE=0 RWM_XPATH_REPAIR=0 RWM_PROACTIVE_PACER=0 RWM_REASM_BDP=0 RWM_MIN_R=0 RWM_CC_PACE=0 RWM_CC_PACE_HR=1.1 RWM_REACT_CAP=unset RWM_INFL_CAP=0 RWM_INFL_BDP=unset RWM_COPA_FEED=0 RWM_RS_ATTR=1 RWM_EMIT_BATCH=0 RWM_EMIT_BURST=64 RWM_RECOV_MP=1 RWM_RECOV_MP_LAW=1 RWM_RECOV_MP_LIVE=0 RWM_RECOV_SP=0 RWM_DERIVED_SWEEP=0 RWM_RACK_CLOCKS=0 RWM_RACK_REO_MULT=1 RWM_QUANTILE_CLOCKS=0 RWM_DIAG=0 RWM_ACKDIAG=0 RWM_ACKDIAG_WINDOW_US=2000000 RWM_WALLDIAG=0 RWM_CPUPROF=0 RWM_RDIAG=0 RWM_FDIAG=0 RWM_TRACE=0 RWM_PFRAC=0
{"bytes":400000000,"dnf":0,"hint":"bulk","max_s":18.623,"mean_mbps":171.831,"mean_s":18.623,"median_s":18.623,"min_s":18.623,"proto":"rp-native","runs":1,"stdev_s":0.0,"summary":true}
    CPU: CPUSRV=25.18s CPUCLI=28.05s (srv=decoder cli=sender; whole-invocation incl warmup)
    QCAP: /tmp/rwm-q.txt 34 lines
RUNTIME c9-B rep=4 21s
CEIL c9-B rep=4 cpucli=28.05 cpusrv=25.18 seconds=18.622999 bytes=400000000 ms_per_MB=70.12 cores=1.506 pred_mbit=171.8 meas_mbit=171.8
LIVENESS c9-B rep=4 anchor_cc=4 cpuprof_lines=0 gates_on=0 gates_off=1
=== rep=4 arm=c9-S seed=42 bin=/home/vibe/raptorpath/target/release/raptorpath env="RWM_CPUPROF=1" cell=c2/c2/quad bytes=400000000 20:33:45
[2m2026-08-19T20:33:47.567018Z[0m [32m INFO[0m [2mraptorpath::gates[0m[2m:[0m [GATES] RWM_UNIFIED=1 RWM_UNIFIED_SHED=1 RWM_TAPER_R=1 RWM_ASTAR_ANCHOR=1 RWM_MSTAR_ANCHOR=1 RWM_PLAIN_RS=0 RWM_HONEST_ANCHOR=1 RWM_HONEST_K=0 RWM_STORE_SACK_RELEASE=1 RWM_STORE_PATHS=1 RWM_STORE_PATH_POOL=2048 RWM_STORE=unset RWM_STORE_GAIN=2 RWM_STORE_BOOT=128 RWM_STORE_CAPW=0 RWM_STORE_CAP_UNIFIED=0 RWM_THREE_TERM=0 RWM_COMPOSED_CAP=0 RWM_SUM_CAP=1 RWM_LATE_BRAKE=0 RWM_DELTA_CAP=1 RWM_STORE_PERCAP=0 RWM_PERCAP_GUARD=1 RWM_STORE_BORROW=0 RWM_HONEST_CAP=1 RWM_POOL_ANCHOR=0 RWM_POOL_DELIV=0 RWM_FLOOR_BOUND=0 RWM_ACK_MERGE=1 RWM_LOSS_SENT_TRUTH=0 RWM_RELEASE_1TO1=0 RWM_CHARGE_RECOVERY=0 RWM_PATIENCE_DERIVED=0 RWM_SIDLE_DERIVED=0 RWM_WIN_DECOUPLE=0 RWM_PLACE_SLACK=0 RWM_COLD_PLACE=0 RWM_GEN=384 RWM_PIPELINE=2 RWM_GEN_PIPE=1 RWM_GEN_R=unset RWM_GEN_RATE=9000 RWM_GEN_RATE_FLOOR=2000 RWM_GEN_INFLIGHT=unset RWM_OOO_RETAIN=0/16 RWM_WINDOW=unset RWM_REPORT_GENS=unset RWM_REPAIR_WAIT=unset RWM_CODED_SRC=0 RWM_NO_REACTIVE=0 RWM_XPATH_REPAIR=0 RWM_PROACTIVE_PACER=0 RWM_REASM_BDP=0 RWM_MIN_R=0 RWM_CC_PACE=0 RWM_CC_PACE_HR=1.1 RWM_REACT_CAP=unset RWM_INFL_CAP=0 RWM_INFL_BDP=unset RWM_COPA_FEED=0 RWM_RS_ATTR=1 RWM_EMIT_BATCH=0 RWM_EMIT_BURST=64 RWM_RECOV_MP=1 RWM_RECOV_MP_LAW=1 RWM_RECOV_MP_LIVE=0 RWM_RECOV_SP=0 RWM_DERIVED_SWEEP=0 RWM_RACK_CLOCKS=0 RWM_RACK_REO_MULT=1 RWM_QUANTILE_CLOCKS=0 RWM_DIAG=0 RWM_ACKDIAG=0 RWM_ACKDIAG_WINDOW_US=2000000 RWM_WALLDIAG=0 RWM_CPUPROF=1 RWM_RDIAG=0 RWM_FDIAG=0 RWM_TRACE=0 RWM_PFRAC=0
{"bytes":400000000,"dnf":0,"hint":"bulk","max_s":18.3716,"mean_mbps":174.182,"mean_s":18.3716,"median_s":18.3716,"min_s":18.3716,"proto":"rp-native","runs":1,"stdev_s":0.0,"summary":true}
    CPU: CPUSRV=24.60s CPUCLI=26.97s (srv=decoder cli=sender; whole-invocation incl warmup)
    QCAP: /tmp/rwm-q.txt 34 lines
RUNTIME c9-S rep=4 21s
CEIL c9-S rep=4 cpucli=26.97 cpusrv=24.60 seconds=18.371634 bytes=400000000 ms_per_MB=67.42 cores=1.468 pred_mbit=174.2 meas_mbit=174.2
CPUPROFLINE c9-S rep=4 [CPUPROF] run_ms=18387.0 cpu_ms=26951.7 cores=1.466 enc=0.0/n0/0.0000 src=0.0/n0/0.0000 frm=319.7/n338411/0.0119 ser=257.5/n353173/0.0096 hand=3141.3/n353173/0.1166 attr=0.1380 unattr=0.8620
LIVENESS c9-S rep=4 anchor_cc=4 cpuprof_lines=1 gates_on=1 gates_off=0
=== rep=4 arm=c9-P seed=42 bin=/home/vibe/raptorpath/target/release-prof/raptorpath env="" cell=c2/c2/quad bytes=400000000 20:34:06
PERFCAP c9-P rep=4 data=/home/vibe/cpuprof/perf/c9-P-s42-r4.data target_pid=780808 attach_ms=2200 symbol_rows=1225 graph=0
[2m2026-08-19T20:34:08.485880Z[0m [32m INFO[0m [2mraptorpath::gates[0m[2m:[0m [GATES] RWM_UNIFIED=1 RWM_UNIFIED_SHED=1 RWM_TAPER_R=1 RWM_ASTAR_ANCHOR=1 RWM_MSTAR_ANCHOR=1 RWM_PLAIN_RS=0 RWM_HONEST_ANCHOR=1 RWM_HONEST_K=0 RWM_STORE_SACK_RELEASE=1 RWM_STORE_PATHS=1 RWM_STORE_PATH_POOL=2048 RWM_STORE=unset RWM_STORE_GAIN=2 RWM_STORE_BOOT=128 RWM_STORE_CAPW=0 RWM_STORE_CAP_UNIFIED=0 RWM_THREE_TERM=0 RWM_COMPOSED_CAP=0 RWM_SUM_CAP=1 RWM_LATE_BRAKE=0 RWM_DELTA_CAP=1 RWM_STORE_PERCAP=0 RWM_PERCAP_GUARD=1 RWM_STORE_BORROW=0 RWM_HONEST_CAP=1 RWM_POOL_ANCHOR=0 RWM_POOL_DELIV=0 RWM_FLOOR_BOUND=0 RWM_ACK_MERGE=1 RWM_LOSS_SENT_TRUTH=0 RWM_RELEASE_1TO1=0 RWM_CHARGE_RECOVERY=0 RWM_PATIENCE_DERIVED=0 RWM_SIDLE_DERIVED=0 RWM_WIN_DECOUPLE=0 RWM_PLACE_SLACK=0 RWM_COLD_PLACE=0 RWM_GEN=384 RWM_PIPELINE=2 RWM_GEN_PIPE=1 RWM_GEN_R=unset RWM_GEN_RATE=9000 RWM_GEN_RATE_FLOOR=2000 RWM_GEN_INFLIGHT=unset RWM_OOO_RETAIN=0/16 RWM_WINDOW=unset RWM_REPORT_GENS=unset RWM_REPAIR_WAIT=unset RWM_CODED_SRC=0 RWM_NO_REACTIVE=0 RWM_XPATH_REPAIR=0 RWM_PROACTIVE_PACER=0 RWM_REASM_BDP=0 RWM_MIN_R=0 RWM_CC_PACE=0 RWM_CC_PACE_HR=1.1 RWM_REACT_CAP=unset RWM_INFL_CAP=0 RWM_INFL_BDP=unset RWM_COPA_FEED=0 RWM_RS_ATTR=1 RWM_EMIT_BATCH=0 RWM_EMIT_BURST=64 RWM_RECOV_MP=1 RWM_RECOV_MP_LAW=1 RWM_RECOV_MP_LIVE=0 RWM_RECOV_SP=0 RWM_DERIVED_SWEEP=0 RWM_RACK_CLOCKS=0 RWM_RACK_REO_MULT=1 RWM_QUANTILE_CLOCKS=0 RWM_DIAG=0 RWM_ACKDIAG=0 RWM_ACKDIAG_WINDOW_US=2000000 RWM_WALLDIAG=0 RWM_CPUPROF=0 RWM_RDIAG=0 RWM_FDIAG=0 RWM_TRACE=0 RWM_PFRAC=0
{"bytes":400000000,"dnf":0,"hint":"bulk","max_s":20.0114,"mean_mbps":159.909,"mean_s":20.0114,"median_s":20.0114,"min_s":20.0114,"proto":"rp-native","runs":1,"stdev_s":0.0,"summary":true}
    CPU: CPUSRV=25.69s CPUCLI=34.57s (srv=decoder cli=sender; whole-invocation incl warmup)
    QCAP: /tmp/rwm-q.txt 34 lines
RUNTIME c9-P rep=4 24s
CEIL c9-P rep=4 cpucli=34.57 cpusrv=25.69 seconds=20.011374 bytes=400000000 ms_per_MB=86.42 cores=1.728 pred_mbit=159.9 meas_mbit=159.9
LIVENESS c9-P rep=4 anchor_cc=4 cpuprof_lines=0 gates_on=0 gates_off=1
=== rep=4 arm=c1-B seed=42 bin=/home/vibe/raptorpath/target/release/raptorpath env="" cell=c1/c1/single bytes=400000000 20:34:30
[2m2026-08-19T20:34:32.150871Z[0m [32m INFO[0m [2mraptorpath::gates[0m[2m:[0m [GATES] RWM_UNIFIED=1 RWM_UNIFIED_SHED=1 RWM_TAPER_R=1 RWM_ASTAR_ANCHOR=1 RWM_MSTAR_ANCHOR=1 RWM_PLAIN_RS=0 RWM_HONEST_ANCHOR=1 RWM_HONEST_K=0 RWM_STORE_SACK_RELEASE=1 RWM_STORE_PATHS=1 RWM_STORE_PATH_POOL=2048 RWM_STORE=unset RWM_STORE_GAIN=2 RWM_STORE_BOOT=128 RWM_STORE_CAPW=0 RWM_STORE_CAP_UNIFIED=0 RWM_THREE_TERM=0 RWM_COMPOSED_CAP=0 RWM_SUM_CAP=1 RWM_LATE_BRAKE=0 RWM_DELTA_CAP=1 RWM_STORE_PERCAP=0 RWM_PERCAP_GUARD=1 RWM_STORE_BORROW=0 RWM_HONEST_CAP=1 RWM_POOL_ANCHOR=0 RWM_POOL_DELIV=0 RWM_FLOOR_BOUND=0 RWM_ACK_MERGE=1 RWM_LOSS_SENT_TRUTH=0 RWM_RELEASE_1TO1=0 RWM_CHARGE_RECOVERY=0 RWM_PATIENCE_DERIVED=0 RWM_SIDLE_DERIVED=0 RWM_WIN_DECOUPLE=0 RWM_PLACE_SLACK=0 RWM_COLD_PLACE=0 RWM_GEN=384 RWM_PIPELINE=2 RWM_GEN_PIPE=1 RWM_GEN_R=unset RWM_GEN_RATE=9000 RWM_GEN_RATE_FLOOR=2000 RWM_GEN_INFLIGHT=unset RWM_OOO_RETAIN=0/16 RWM_WINDOW=unset RWM_REPORT_GENS=unset RWM_REPAIR_WAIT=unset RWM_CODED_SRC=0 RWM_NO_REACTIVE=0 RWM_XPATH_REPAIR=0 RWM_PROACTIVE_PACER=0 RWM_REASM_BDP=0 RWM_MIN_R=0 RWM_CC_PACE=0 RWM_CC_PACE_HR=1.1 RWM_REACT_CAP=unset RWM_INFL_CAP=0 RWM_INFL_BDP=unset RWM_COPA_FEED=0 RWM_RS_ATTR=1 RWM_EMIT_BATCH=0 RWM_EMIT_BURST=64 RWM_RECOV_MP=1 RWM_RECOV_MP_LAW=1 RWM_RECOV_MP_LIVE=0 RWM_RECOV_SP=0 RWM_DERIVED_SWEEP=0 RWM_RACK_CLOCKS=0 RWM_RACK_REO_MULT=1 RWM_QUANTILE_CLOCKS=0 RWM_DIAG=0 RWM_ACKDIAG=0 RWM_ACKDIAG_WINDOW_US=2000000 RWM_WALLDIAG=0 RWM_CPUPROF=0 RWM_RDIAG=0 RWM_FDIAG=0 RWM_TRACE=0 RWM_PFRAC=0
{"bytes":400000000,"dnf":0,"hint":"bulk","max_s":16.6656,"mean_mbps":192.013,"mean_s":16.6656,"median_s":16.6656,"min_s":16.6656,"proto":"rp-native","runs":1,"stdev_s":0.0,"summary":true}
    CPU: CPUSRV=18.64s CPUCLI=17.78s (srv=decoder cli=sender; whole-invocation incl warmup)
    QCAP: /tmp/rwm-q.txt 10 lines
RUNTIME c1-B rep=4 19s
CEIL c1-B rep=4 cpucli=17.78 cpusrv=18.64 seconds=16.665563 bytes=400000000 ms_per_MB=44.45 cores=1.067 pred_mbit=192.0 meas_mbit=192.0
LIVENESS c1-B rep=4 anchor_cc=1 cpuprof_lines=0 gates_on=0 gates_off=1
=== rep=4 arm=c1-S seed=42 bin=/home/vibe/raptorpath/target/release/raptorpath env="RWM_CPUPROF=1" cell=c1/c1/single bytes=400000000 20:34:49
[2m2026-08-19T20:34:50.782443Z[0m [32m INFO[0m [2mraptorpath::gates[0m[2m:[0m [GATES] RWM_UNIFIED=1 RWM_UNIFIED_SHED=1 RWM_TAPER_R=1 RWM_ASTAR_ANCHOR=1 RWM_MSTAR_ANCHOR=1 RWM_PLAIN_RS=0 RWM_HONEST_ANCHOR=1 RWM_HONEST_K=0 RWM_STORE_SACK_RELEASE=1 RWM_STORE_PATHS=1 RWM_STORE_PATH_POOL=2048 RWM_STORE=unset RWM_STORE_GAIN=2 RWM_STORE_BOOT=128 RWM_STORE_CAPW=0 RWM_STORE_CAP_UNIFIED=0 RWM_THREE_TERM=0 RWM_COMPOSED_CAP=0 RWM_SUM_CAP=1 RWM_LATE_BRAKE=0 RWM_DELTA_CAP=1 RWM_STORE_PERCAP=0 RWM_PERCAP_GUARD=1 RWM_STORE_BORROW=0 RWM_HONEST_CAP=1 RWM_POOL_ANCHOR=0 RWM_POOL_DELIV=0 RWM_FLOOR_BOUND=0 RWM_ACK_MERGE=1 RWM_LOSS_SENT_TRUTH=0 RWM_RELEASE_1TO1=0 RWM_CHARGE_RECOVERY=0 RWM_PATIENCE_DERIVED=0 RWM_SIDLE_DERIVED=0 RWM_WIN_DECOUPLE=0 RWM_PLACE_SLACK=0 RWM_COLD_PLACE=0 RWM_GEN=384 RWM_PIPELINE=2 RWM_GEN_PIPE=1 RWM_GEN_R=unset RWM_GEN_RATE=9000 RWM_GEN_RATE_FLOOR=2000 RWM_GEN_INFLIGHT=unset RWM_OOO_RETAIN=0/16 RWM_WINDOW=unset RWM_REPORT_GENS=unset RWM_REPAIR_WAIT=unset RWM_CODED_SRC=0 RWM_NO_REACTIVE=0 RWM_XPATH_REPAIR=0 RWM_PROACTIVE_PACER=0 RWM_REASM_BDP=0 RWM_MIN_R=0 RWM_CC_PACE=0 RWM_CC_PACE_HR=1.1 RWM_REACT_CAP=unset RWM_INFL_CAP=0 RWM_INFL_BDP=unset RWM_COPA_FEED=0 RWM_RS_ATTR=1 RWM_EMIT_BATCH=0 RWM_EMIT_BURST=64 RWM_RECOV_MP=1 RWM_RECOV_MP_LAW=1 RWM_RECOV_MP_LIVE=0 RWM_RECOV_SP=0 RWM_DERIVED_SWEEP=0 RWM_RACK_CLOCKS=0 RWM_RACK_REO_MULT=1 RWM_QUANTILE_CLOCKS=0 RWM_DIAG=0 RWM_ACKDIAG=0 RWM_ACKDIAG_WINDOW_US=2000000 RWM_WALLDIAG=0 RWM_CPUPROF=1 RWM_RDIAG=0 RWM_FDIAG=0 RWM_TRACE=0 RWM_PFRAC=0
{"bytes":400000000,"dnf":0,"hint":"bulk","max_s":16.0936,"mean_mbps":198.837,"mean_s":16.0936,"median_s":16.0936,"min_s":16.0936,"proto":"rp-native","runs":1,"stdev_s":0.0,"summary":true}
    CPU: CPUSRV=17.19s CPUCLI=18.16s (srv=decoder cli=sender; whole-invocation incl warmup)
    QCAP: /tmp/rwm-q.txt 10 lines
RUNTIME c1-S rep=4 18s
CEIL c1-S rep=4 cpucli=18.16 cpusrv=17.19 seconds=16.0936 bytes=400000000 ms_per_MB=45.40 cores=1.128 pred_mbit=198.8 meas_mbit=198.8
CPUPROFLINE c1-S rep=4 [CPUPROF] run_ms=16096.5 cpu_ms=18152.5 cores=1.128 enc=0.0/n0/0.0000 src=0.0/n0/0.0000 frm=243.4/n338411/0.0134 ser=174.3/n339563/0.0096 hand=541.0/n339563/0.0298 attr=0.0528 unattr=0.9472
LIVENESS c1-S rep=4 anchor_cc=1 cpuprof_lines=1 gates_on=1 gates_off=0
=== rep=4 arm=c1-P seed=42 bin=/home/vibe/raptorpath/target/release-prof/raptorpath env="" cell=c1/c1/single bytes=400000000 20:35:07
PERFCAP c1-P rep=4 data=/home/vibe/cpuprof/perf/c1-P-s42-r4.data target_pid=782366 attach_ms=1689 symbol_rows=1122 graph=0
[2m2026-08-19T20:35:08.850710Z[0m [32m INFO[0m [2mraptorpath::gates[0m[2m:[0m [GATES] RWM_UNIFIED=1 RWM_UNIFIED_SHED=1 RWM_TAPER_R=1 RWM_ASTAR_ANCHOR=1 RWM_MSTAR_ANCHOR=1 RWM_PLAIN_RS=0 RWM_HONEST_ANCHOR=1 RWM_HONEST_K=0 RWM_STORE_SACK_RELEASE=1 RWM_STORE_PATHS=1 RWM_STORE_PATH_POOL=2048 RWM_STORE=unset RWM_STORE_GAIN=2 RWM_STORE_BOOT=128 RWM_STORE_CAPW=0 RWM_STORE_CAP_UNIFIED=0 RWM_THREE_TERM=0 RWM_COMPOSED_CAP=0 RWM_SUM_CAP=1 RWM_LATE_BRAKE=0 RWM_DELTA_CAP=1 RWM_STORE_PERCAP=0 RWM_PERCAP_GUARD=1 RWM_STORE_BORROW=0 RWM_HONEST_CAP=1 RWM_POOL_ANCHOR=0 RWM_POOL_DELIV=0 RWM_FLOOR_BOUND=0 RWM_ACK_MERGE=1 RWM_LOSS_SENT_TRUTH=0 RWM_RELEASE_1TO1=0 RWM_CHARGE_RECOVERY=0 RWM_PATIENCE_DERIVED=0 RWM_SIDLE_DERIVED=0 RWM_WIN_DECOUPLE=0 RWM_PLACE_SLACK=0 RWM_COLD_PLACE=0 RWM_GEN=384 RWM_PIPELINE=2 RWM_GEN_PIPE=1 RWM_GEN_R=unset RWM_GEN_RATE=9000 RWM_GEN_RATE_FLOOR=2000 RWM_GEN_INFLIGHT=unset RWM_OOO_RETAIN=0/16 RWM_WINDOW=unset RWM_REPORT_GENS=unset RWM_REPAIR_WAIT=unset RWM_CODED_SRC=0 RWM_NO_REACTIVE=0 RWM_XPATH_REPAIR=0 RWM_PROACTIVE_PACER=0 RWM_REASM_BDP=0 RWM_MIN_R=0 RWM_CC_PACE=0 RWM_CC_PACE_HR=1.1 RWM_REACT_CAP=unset RWM_INFL_CAP=0 RWM_INFL_BDP=unset RWM_COPA_FEED=0 RWM_RS_ATTR=1 RWM_EMIT_BATCH=0 RWM_EMIT_BURST=64 RWM_RECOV_MP=1 RWM_RECOV_MP_LAW=1 RWM_RECOV_MP_LIVE=0 RWM_RECOV_SP=0 RWM_DERIVED_SWEEP=0 RWM_RACK_CLOCKS=0 RWM_RACK_REO_MULT=1 RWM_QUANTILE_CLOCKS=0 RWM_DIAG=0 RWM_ACKDIAG=0 RWM_ACKDIAG_WINDOW_US=2000000 RWM_WALLDIAG=0 RWM_CPUPROF=0 RWM_RDIAG=0 RWM_FDIAG=0 RWM_TRACE=0 RWM_PFRAC=0
{"bytes":400000000,"dnf":0,"hint":"bulk","max_s":16.9201,"mean_mbps":189.124,"mean_s":16.9201,"median_s":16.9201,"min_s":16.9201,"proto":"rp-native","runs":1,"stdev_s":0.0,"summary":true}
    CPU: CPUSRV=17.67s CPUCLI=22.91s (srv=decoder cli=sender; whole-invocation incl warmup)
    QCAP: /tmp/rwm-q.txt 10 lines
RUNTIME c1-P rep=4 20s
CEIL c1-P rep=4 cpucli=22.91 cpusrv=17.67 seconds=16.920145 bytes=400000000 ms_per_MB=57.27 cores=1.354 pred_mbit=189.1 meas_mbit=189.1
LIVENESS c1-P rep=4 anchor_cc=1 cpuprof_lines=0 gates_on=0 gates_off=1
=== rep=5 arm=c9-B seed=42 bin=/home/vibe/raptorpath/target/release/raptorpath env="" cell=c2/c2/quad bytes=400000000 20:35:27
[2m2026-08-19T20:35:29.420313Z[0m [32m INFO[0m [2mraptorpath::gates[0m[2m:[0m [GATES] RWM_UNIFIED=1 RWM_UNIFIED_SHED=1 RWM_TAPER_R=1 RWM_ASTAR_ANCHOR=1 RWM_MSTAR_ANCHOR=1 RWM_PLAIN_RS=0 RWM_HONEST_ANCHOR=1 RWM_HONEST_K=0 RWM_STORE_SACK_RELEASE=1 RWM_STORE_PATHS=1 RWM_STORE_PATH_POOL=2048 RWM_STORE=unset RWM_STORE_GAIN=2 RWM_STORE_BOOT=128 RWM_STORE_CAPW=0 RWM_STORE_CAP_UNIFIED=0 RWM_THREE_TERM=0 RWM_COMPOSED_CAP=0 RWM_SUM_CAP=1 RWM_LATE_BRAKE=0 RWM_DELTA_CAP=1 RWM_STORE_PERCAP=0 RWM_PERCAP_GUARD=1 RWM_STORE_BORROW=0 RWM_HONEST_CAP=1 RWM_POOL_ANCHOR=0 RWM_POOL_DELIV=0 RWM_FLOOR_BOUND=0 RWM_ACK_MERGE=1 RWM_LOSS_SENT_TRUTH=0 RWM_RELEASE_1TO1=0 RWM_CHARGE_RECOVERY=0 RWM_PATIENCE_DERIVED=0 RWM_SIDLE_DERIVED=0 RWM_WIN_DECOUPLE=0 RWM_PLACE_SLACK=0 RWM_COLD_PLACE=0 RWM_GEN=384 RWM_PIPELINE=2 RWM_GEN_PIPE=1 RWM_GEN_R=unset RWM_GEN_RATE=9000 RWM_GEN_RATE_FLOOR=2000 RWM_GEN_INFLIGHT=unset RWM_OOO_RETAIN=0/16 RWM_WINDOW=unset RWM_REPORT_GENS=unset RWM_REPAIR_WAIT=unset RWM_CODED_SRC=0 RWM_NO_REACTIVE=0 RWM_XPATH_REPAIR=0 RWM_PROACTIVE_PACER=0 RWM_REASM_BDP=0 RWM_MIN_R=0 RWM_CC_PACE=0 RWM_CC_PACE_HR=1.1 RWM_REACT_CAP=unset RWM_INFL_CAP=0 RWM_INFL_BDP=unset RWM_COPA_FEED=0 RWM_RS_ATTR=1 RWM_EMIT_BATCH=0 RWM_EMIT_BURST=64 RWM_RECOV_MP=1 RWM_RECOV_MP_LAW=1 RWM_RECOV_MP_LIVE=0 RWM_RECOV_SP=0 RWM_DERIVED_SWEEP=0 RWM_RACK_CLOCKS=0 RWM_RACK_REO_MULT=1 RWM_QUANTILE_CLOCKS=0 RWM_DIAG=0 RWM_ACKDIAG=0 RWM_ACKDIAG_WINDOW_US=2000000 RWM_WALLDIAG=0 RWM_CPUPROF=0 RWM_RDIAG=0 RWM_FDIAG=0 RWM_TRACE=0 RWM_PFRAC=0
{"bytes":400000000,"dnf":0,"hint":"bulk","max_s":18.085,"mean_mbps":176.942,"mean_s":18.085,"median_s":18.085,"min_s":18.085,"proto":"rp-native","runs":1,"stdev_s":0.0,"summary":true}
    CPU: CPUSRV=24.56s CPUCLI=27.10s (srv=decoder cli=sender; whole-invocation incl warmup)
    QCAP: /tmp/rwm-q.txt 34 lines
RUNTIME c9-B rep=5 21s
CEIL c9-B rep=5 cpucli=27.10 cpusrv=24.56 seconds=18.084989 bytes=400000000 ms_per_MB=67.75 cores=1.498 pred_mbit=176.9 meas_mbit=176.9
LIVENESS c9-B rep=5 anchor_cc=4 cpuprof_lines=0 gates_on=0 gates_off=1
=== rep=5 arm=c9-S seed=42 bin=/home/vibe/raptorpath/target/release/raptorpath env="RWM_CPUPROF=1" cell=c2/c2/quad bytes=400000000 20:35:48
[2m2026-08-19T20:35:49.894323Z[0m [32m INFO[0m [2mraptorpath::gates[0m[2m:[0m [GATES] RWM_UNIFIED=1 RWM_UNIFIED_SHED=1 RWM_TAPER_R=1 RWM_ASTAR_ANCHOR=1 RWM_MSTAR_ANCHOR=1 RWM_PLAIN_RS=0 RWM_HONEST_ANCHOR=1 RWM_HONEST_K=0 RWM_STORE_SACK_RELEASE=1 RWM_STORE_PATHS=1 RWM_STORE_PATH_POOL=2048 RWM_STORE=unset RWM_STORE_GAIN=2 RWM_STORE_BOOT=128 RWM_STORE_CAPW=0 RWM_STORE_CAP_UNIFIED=0 RWM_THREE_TERM=0 RWM_COMPOSED_CAP=0 RWM_SUM_CAP=1 RWM_LATE_BRAKE=0 RWM_DELTA_CAP=1 RWM_STORE_PERCAP=0 RWM_PERCAP_GUARD=1 RWM_STORE_BORROW=0 RWM_HONEST_CAP=1 RWM_POOL_ANCHOR=0 RWM_POOL_DELIV=0 RWM_FLOOR_BOUND=0 RWM_ACK_MERGE=1 RWM_LOSS_SENT_TRUTH=0 RWM_RELEASE_1TO1=0 RWM_CHARGE_RECOVERY=0 RWM_PATIENCE_DERIVED=0 RWM_SIDLE_DERIVED=0 RWM_WIN_DECOUPLE=0 RWM_PLACE_SLACK=0 RWM_COLD_PLACE=0 RWM_GEN=384 RWM_PIPELINE=2 RWM_GEN_PIPE=1 RWM_GEN_R=unset RWM_GEN_RATE=9000 RWM_GEN_RATE_FLOOR=2000 RWM_GEN_INFLIGHT=unset RWM_OOO_RETAIN=0/16 RWM_WINDOW=unset RWM_REPORT_GENS=unset RWM_REPAIR_WAIT=unset RWM_CODED_SRC=0 RWM_NO_REACTIVE=0 RWM_XPATH_REPAIR=0 RWM_PROACTIVE_PACER=0 RWM_REASM_BDP=0 RWM_MIN_R=0 RWM_CC_PACE=0 RWM_CC_PACE_HR=1.1 RWM_REACT_CAP=unset RWM_INFL_CAP=0 RWM_INFL_BDP=unset RWM_COPA_FEED=0 RWM_RS_ATTR=1 RWM_EMIT_BATCH=0 RWM_EMIT_BURST=64 RWM_RECOV_MP=1 RWM_RECOV_MP_LAW=1 RWM_RECOV_MP_LIVE=0 RWM_RECOV_SP=0 RWM_DERIVED_SWEEP=0 RWM_RACK_CLOCKS=0 RWM_RACK_REO_MULT=1 RWM_QUANTILE_CLOCKS=0 RWM_DIAG=0 RWM_ACKDIAG=0 RWM_ACKDIAG_WINDOW_US=2000000 RWM_WALLDIAG=0 RWM_CPUPROF=1 RWM_RDIAG=0 RWM_FDIAG=0 RWM_TRACE=0 RWM_PFRAC=0
{"bytes":400000000,"dnf":0,"hint":"bulk","max_s":18.3126,"mean_mbps":174.743,"mean_s":18.3126,"median_s":18.3126,"min_s":18.3126,"proto":"rp-native","runs":1,"stdev_s":0.0,"summary":true}
    CPU: CPUSRV=24.79s CPUCLI=27.32s (srv=decoder cli=sender; whole-invocation incl warmup)
    QCAP: /tmp/rwm-q.txt 34 lines
RUNTIME c9-S rep=5 20s
CEIL c9-S rep=5 cpucli=27.32 cpusrv=24.79 seconds=18.312598 bytes=400000000 ms_per_MB=68.30 cores=1.492 pred_mbit=174.7 meas_mbit=174.7
CPUPROFLINE c9-S rep=5 [CPUPROF] run_ms=18324.3 cpu_ms=27296.2 cores=1.490 enc=0.0/n0/0.0000 src=0.0/n0/0.0000 frm=329.5/n338411/0.0121 ser=256.9/n356144/0.0094 hand=2923.0/n356144/0.1071 attr=0.1286 unattr=0.8714
LIVENESS c9-S rep=5 anchor_cc=4 cpuprof_lines=1 gates_on=1 gates_off=0
=== rep=5 arm=c9-P seed=42 bin=/home/vibe/raptorpath/target/release-prof/raptorpath env="" cell=c2/c2/quad bytes=400000000 20:36:08
PERFCAP c9-P rep=5 data=/home/vibe/cpuprof/perf/c9-P-s42-r5.data target_pid=784221 attach_ms=1952 symbol_rows=1247 graph=0
[2m2026-08-19T20:36:10.695726Z[0m [32m INFO[0m [2mraptorpath::gates[0m[2m:[0m [GATES] RWM_UNIFIED=1 RWM_UNIFIED_SHED=1 RWM_TAPER_R=1 RWM_ASTAR_ANCHOR=1 RWM_MSTAR_ANCHOR=1 RWM_PLAIN_RS=0 RWM_HONEST_ANCHOR=1 RWM_HONEST_K=0 RWM_STORE_SACK_RELEASE=1 RWM_STORE_PATHS=1 RWM_STORE_PATH_POOL=2048 RWM_STORE=unset RWM_STORE_GAIN=2 RWM_STORE_BOOT=128 RWM_STORE_CAPW=0 RWM_STORE_CAP_UNIFIED=0 RWM_THREE_TERM=0 RWM_COMPOSED_CAP=0 RWM_SUM_CAP=1 RWM_LATE_BRAKE=0 RWM_DELTA_CAP=1 RWM_STORE_PERCAP=0 RWM_PERCAP_GUARD=1 RWM_STORE_BORROW=0 RWM_HONEST_CAP=1 RWM_POOL_ANCHOR=0 RWM_POOL_DELIV=0 RWM_FLOOR_BOUND=0 RWM_ACK_MERGE=1 RWM_LOSS_SENT_TRUTH=0 RWM_RELEASE_1TO1=0 RWM_CHARGE_RECOVERY=0 RWM_PATIENCE_DERIVED=0 RWM_SIDLE_DERIVED=0 RWM_WIN_DECOUPLE=0 RWM_PLACE_SLACK=0 RWM_COLD_PLACE=0 RWM_GEN=384 RWM_PIPELINE=2 RWM_GEN_PIPE=1 RWM_GEN_R=unset RWM_GEN_RATE=9000 RWM_GEN_RATE_FLOOR=2000 RWM_GEN_INFLIGHT=unset RWM_OOO_RETAIN=0/16 RWM_WINDOW=unset RWM_REPORT_GENS=unset RWM_REPAIR_WAIT=unset RWM_CODED_SRC=0 RWM_NO_REACTIVE=0 RWM_XPATH_REPAIR=0 RWM_PROACTIVE_PACER=0 RWM_REASM_BDP=0 RWM_MIN_R=0 RWM_CC_PACE=0 RWM_CC_PACE_HR=1.1 RWM_REACT_CAP=unset RWM_INFL_CAP=0 RWM_INFL_BDP=unset RWM_COPA_FEED=0 RWM_RS_ATTR=1 RWM_EMIT_BATCH=0 RWM_EMIT_BURST=64 RWM_RECOV_MP=1 RWM_RECOV_MP_LAW=1 RWM_RECOV_MP_LIVE=0 RWM_RECOV_SP=0 RWM_DERIVED_SWEEP=0 RWM_RACK_CLOCKS=0 RWM_RACK_REO_MULT=1 RWM_QUANTILE_CLOCKS=0 RWM_DIAG=0 RWM_ACKDIAG=0 RWM_ACKDIAG_WINDOW_US=2000000 RWM_WALLDIAG=0 RWM_CPUPROF=0 RWM_RDIAG=0 RWM_FDIAG=0 RWM_TRACE=0 RWM_PFRAC=0
{"bytes":400000000,"dnf":0,"hint":"bulk","max_s":20.8106,"mean_mbps":153.767,"mean_s":20.8106,"median_s":20.8106,"min_s":20.8106,"proto":"rp-native","runs":1,"stdev_s":0.0,"summary":true}
    CPU: CPUSRV=26.12s CPUCLI=36.22s (srv=decoder cli=sender; whole-invocation incl warmup)
    QCAP: /tmp/rwm-q.txt 34 lines
RUNTIME c9-P rep=5 25s
CEIL c9-P rep=5 cpucli=36.22 cpusrv=26.12 seconds=20.810649 bytes=400000000 ms_per_MB=90.55 cores=1.740 pred_mbit=153.8 meas_mbit=153.8
LIVENESS c9-P rep=5 anchor_cc=4 cpuprof_lines=0 gates_on=0 gates_off=1
=== rep=5 arm=c1-B seed=42 bin=/home/vibe/raptorpath/target/release/raptorpath env="" cell=c1/c1/single bytes=400000000 20:36:33
[2m2026-08-19T20:36:35.163583Z[0m [32m INFO[0m [2mraptorpath::gates[0m[2m:[0m [GATES] RWM_UNIFIED=1 RWM_UNIFIED_SHED=1 RWM_TAPER_R=1 RWM_ASTAR_ANCHOR=1 RWM_MSTAR_ANCHOR=1 RWM_PLAIN_RS=0 RWM_HONEST_ANCHOR=1 RWM_HONEST_K=0 RWM_STORE_SACK_RELEASE=1 RWM_STORE_PATHS=1 RWM_STORE_PATH_POOL=2048 RWM_STORE=unset RWM_STORE_GAIN=2 RWM_STORE_BOOT=128 RWM_STORE_CAPW=0 RWM_STORE_CAP_UNIFIED=0 RWM_THREE_TERM=0 RWM_COMPOSED_CAP=0 RWM_SUM_CAP=1 RWM_LATE_BRAKE=0 RWM_DELTA_CAP=1 RWM_STORE_PERCAP=0 RWM_PERCAP_GUARD=1 RWM_STORE_BORROW=0 RWM_HONEST_CAP=1 RWM_POOL_ANCHOR=0 RWM_POOL_DELIV=0 RWM_FLOOR_BOUND=0 RWM_ACK_MERGE=1 RWM_LOSS_SENT_TRUTH=0 RWM_RELEASE_1TO1=0 RWM_CHARGE_RECOVERY=0 RWM_PATIENCE_DERIVED=0 RWM_SIDLE_DERIVED=0 RWM_WIN_DECOUPLE=0 RWM_PLACE_SLACK=0 RWM_COLD_PLACE=0 RWM_GEN=384 RWM_PIPELINE=2 RWM_GEN_PIPE=1 RWM_GEN_R=unset RWM_GEN_RATE=9000 RWM_GEN_RATE_FLOOR=2000 RWM_GEN_INFLIGHT=unset RWM_OOO_RETAIN=0/16 RWM_WINDOW=unset RWM_REPORT_GENS=unset RWM_REPAIR_WAIT=unset RWM_CODED_SRC=0 RWM_NO_REACTIVE=0 RWM_XPATH_REPAIR=0 RWM_PROACTIVE_PACER=0 RWM_REASM_BDP=0 RWM_MIN_R=0 RWM_CC_PACE=0 RWM_CC_PACE_HR=1.1 RWM_REACT_CAP=unset RWM_INFL_CAP=0 RWM_INFL_BDP=unset RWM_COPA_FEED=0 RWM_RS_ATTR=1 RWM_EMIT_BATCH=0 RWM_EMIT_BURST=64 RWM_RECOV_MP=1 RWM_RECOV_MP_LAW=1 RWM_RECOV_MP_LIVE=0 RWM_RECOV_SP=0 RWM_DERIVED_SWEEP=0 RWM_RACK_CLOCKS=0 RWM_RACK_REO_MULT=1 RWM_QUANTILE_CLOCKS=0 RWM_DIAG=0 RWM_ACKDIAG=0 RWM_ACKDIAG_WINDOW_US=2000000 RWM_WALLDIAG=0 RWM_CPUPROF=0 RWM_RDIAG=0 RWM_FDIAG=0 RWM_TRACE=0 RWM_PFRAC=0
{"bytes":400000000,"dnf":0,"hint":"bulk","max_s":16.0837,"mean_mbps":198.959,"mean_s":16.0837,"median_s":16.0837,"min_s":16.0837,"proto":"rp-native","runs":1,"stdev_s":0.0,"summary":true}
    CPU: CPUSRV=17.24s CPUCLI=18.29s (srv=decoder cli=sender; whole-invocation incl warmup)
    QCAP: /tmp/rwm-q.txt 10 lines
RUNTIME c1-B rep=5 18s
CEIL c1-B rep=5 cpucli=18.29 cpusrv=17.24 seconds=16.083723 bytes=400000000 ms_per_MB=45.73 cores=1.137 pred_mbit=199.0 meas_mbit=199.0
LIVENESS c1-B rep=5 anchor_cc=1 cpuprof_lines=0 gates_on=0 gates_off=1
=== rep=5 arm=c1-S seed=42 bin=/home/vibe/raptorpath/target/release/raptorpath env="RWM_CPUPROF=1" cell=c1/c1/single bytes=400000000 20:36:51
[2m2026-08-19T20:36:53.184387Z[0m [32m INFO[0m [2mraptorpath::gates[0m[2m:[0m [GATES] RWM_UNIFIED=1 RWM_UNIFIED_SHED=1 RWM_TAPER_R=1 RWM_ASTAR_ANCHOR=1 RWM_MSTAR_ANCHOR=1 RWM_PLAIN_RS=0 RWM_HONEST_ANCHOR=1 RWM_HONEST_K=0 RWM_STORE_SACK_RELEASE=1 RWM_STORE_PATHS=1 RWM_STORE_PATH_POOL=2048 RWM_STORE=unset RWM_STORE_GAIN=2 RWM_STORE_BOOT=128 RWM_STORE_CAPW=0 RWM_STORE_CAP_UNIFIED=0 RWM_THREE_TERM=0 RWM_COMPOSED_CAP=0 RWM_SUM_CAP=1 RWM_LATE_BRAKE=0 RWM_DELTA_CAP=1 RWM_STORE_PERCAP=0 RWM_PERCAP_GUARD=1 RWM_STORE_BORROW=0 RWM_HONEST_CAP=1 RWM_POOL_ANCHOR=0 RWM_POOL_DELIV=0 RWM_FLOOR_BOUND=0 RWM_ACK_MERGE=1 RWM_LOSS_SENT_TRUTH=0 RWM_RELEASE_1TO1=0 RWM_CHARGE_RECOVERY=0 RWM_PATIENCE_DERIVED=0 RWM_SIDLE_DERIVED=0 RWM_WIN_DECOUPLE=0 RWM_PLACE_SLACK=0 RWM_COLD_PLACE=0 RWM_GEN=384 RWM_PIPELINE=2 RWM_GEN_PIPE=1 RWM_GEN_R=unset RWM_GEN_RATE=9000 RWM_GEN_RATE_FLOOR=2000 RWM_GEN_INFLIGHT=unset RWM_OOO_RETAIN=0/16 RWM_WINDOW=unset RWM_REPORT_GENS=unset RWM_REPAIR_WAIT=unset RWM_CODED_SRC=0 RWM_NO_REACTIVE=0 RWM_XPATH_REPAIR=0 RWM_PROACTIVE_PACER=0 RWM_REASM_BDP=0 RWM_MIN_R=0 RWM_CC_PACE=0 RWM_CC_PACE_HR=1.1 RWM_REACT_CAP=unset RWM_INFL_CAP=0 RWM_INFL_BDP=unset RWM_COPA_FEED=0 RWM_RS_ATTR=1 RWM_EMIT_BATCH=0 RWM_EMIT_BURST=64 RWM_RECOV_MP=1 RWM_RECOV_MP_LAW=1 RWM_RECOV_MP_LIVE=0 RWM_RECOV_SP=0 RWM_DERIVED_SWEEP=0 RWM_RACK_CLOCKS=0 RWM_RACK_REO_MULT=1 RWM_QUANTILE_CLOCKS=0 RWM_DIAG=0 RWM_ACKDIAG=0 RWM_ACKDIAG_WINDOW_US=2000000 RWM_WALLDIAG=0 RWM_CPUPROF=1 RWM_RDIAG=0 RWM_FDIAG=0 RWM_TRACE=0 RWM_PFRAC=0
{"bytes":400000000,"dnf":0,"hint":"bulk","max_s":16.1624,"mean_mbps":197.99,"mean_s":16.1624,"median_s":16.1624,"min_s":16.1624,"proto":"rp-native","runs":1,"stdev_s":0.0,"summary":true}
    CPU: CPUSRV=18.03s CPUCLI=18.36s (srv=decoder cli=sender; whole-invocation incl warmup)
    QCAP: /tmp/rwm-q.txt 10 lines
RUNTIME c1-S rep=5 18s
CEIL c1-S rep=5 cpucli=18.36 cpusrv=18.03 seconds=16.16241 bytes=400000000 ms_per_MB=45.90 cores=1.136 pred_mbit=198.0 meas_mbit=198.0
CPUPROFLINE c1-S rep=5 [CPUPROF] run_ms=16165.7 cpu_ms=18348.3 cores=1.135 enc=0.0/n0/0.0000 src=0.0/n0/0.0000 frm=257.4/n338411/0.0140 ser=179.5/n338998/0.0098 hand=522.4/n338998/0.0285 attr=0.0523 unattr=0.9477
LIVENESS c1-S rep=5 anchor_cc=1 cpuprof_lines=1 gates_on=1 gates_off=0
=== rep=5 arm=c1-P seed=42 bin=/home/vibe/raptorpath/target/release-prof/raptorpath env="" cell=c1/c1/single bytes=400000000 20:37:09
PERFCAP c1-P rep=5 data=/home/vibe/cpuprof/perf/c1-P-s42-r5.data target_pid=785815 attach_ms=1719 symbol_rows=1116 graph=0
[2m2026-08-19T20:37:11.341081Z[0m [32m INFO[0m [2mraptorpath::gates[0m[2m:[0m [GATES] RWM_UNIFIED=1 RWM_UNIFIED_SHED=1 RWM_TAPER_R=1 RWM_ASTAR_ANCHOR=1 RWM_MSTAR_ANCHOR=1 RWM_PLAIN_RS=0 RWM_HONEST_ANCHOR=1 RWM_HONEST_K=0 RWM_STORE_SACK_RELEASE=1 RWM_STORE_PATHS=1 RWM_STORE_PATH_POOL=2048 RWM_STORE=unset RWM_STORE_GAIN=2 RWM_STORE_BOOT=128 RWM_STORE_CAPW=0 RWM_STORE_CAP_UNIFIED=0 RWM_THREE_TERM=0 RWM_COMPOSED_CAP=0 RWM_SUM_CAP=1 RWM_LATE_BRAKE=0 RWM_DELTA_CAP=1 RWM_STORE_PERCAP=0 RWM_PERCAP_GUARD=1 RWM_STORE_BORROW=0 RWM_HONEST_CAP=1 RWM_POOL_ANCHOR=0 RWM_POOL_DELIV=0 RWM_FLOOR_BOUND=0 RWM_ACK_MERGE=1 RWM_LOSS_SENT_TRUTH=0 RWM_RELEASE_1TO1=0 RWM_CHARGE_RECOVERY=0 RWM_PATIENCE_DERIVED=0 RWM_SIDLE_DERIVED=0 RWM_WIN_DECOUPLE=0 RWM_PLACE_SLACK=0 RWM_COLD_PLACE=0 RWM_GEN=384 RWM_PIPELINE=2 RWM_GEN_PIPE=1 RWM_GEN_R=unset RWM_GEN_RATE=9000 RWM_GEN_RATE_FLOOR=2000 RWM_GEN_INFLIGHT=unset RWM_OOO_RETAIN=0/16 RWM_WINDOW=unset RWM_REPORT_GENS=unset RWM_REPAIR_WAIT=unset RWM_CODED_SRC=0 RWM_NO_REACTIVE=0 RWM_XPATH_REPAIR=0 RWM_PROACTIVE_PACER=0 RWM_REASM_BDP=0 RWM_MIN_R=0 RWM_CC_PACE=0 RWM_CC_PACE_HR=1.1 RWM_REACT_CAP=unset RWM_INFL_CAP=0 RWM_INFL_BDP=unset RWM_COPA_FEED=0 RWM_RS_ATTR=1 RWM_EMIT_BATCH=0 RWM_EMIT_BURST=64 RWM_RECOV_MP=1 RWM_RECOV_MP_LAW=1 RWM_RECOV_MP_LIVE=0 RWM_RECOV_SP=0 RWM_DERIVED_SWEEP=0 RWM_RACK_CLOCKS=0 RWM_RACK_REO_MULT=1 RWM_QUANTILE_CLOCKS=0 RWM_DIAG=0 RWM_ACKDIAG=0 RWM_ACKDIAG_WINDOW_US=2000000 RWM_WALLDIAG=0 RWM_CPUPROF=0 RWM_RDIAG=0 RWM_FDIAG=0 RWM_TRACE=0 RWM_PFRAC=0
{"bytes":400000000,"dnf":0,"hint":"bulk","max_s":16.4126,"mean_mbps":194.972,"mean_s":16.4126,"median_s":16.4126,"min_s":16.4126,"proto":"rp-native","runs":1,"stdev_s":0.0,"summary":true}
    CPU: CPUSRV=17.40s CPUCLI=23.17s (srv=decoder cli=sender; whole-invocation incl warmup)
    QCAP: /tmp/rwm-q.txt 10 lines
RUNTIME c1-P rep=5 20s
CEIL c1-P rep=5 cpucli=23.17 cpusrv=17.40 seconds=16.412638 bytes=400000000 ms_per_MB=57.92 cores=1.412 pred_mbit=195.0 meas_mbit=195.0
LIVENESS c1-P rep=5 anchor_cc=1 cpuprof_lines=0 gates_on=0 gates_off=1
=== rep=6 arm=c9-B seed=42 bin=/home/vibe/raptorpath/target/release/raptorpath env="" cell=c2/c2/quad bytes=400000000 20:37:29
[2m2026-08-19T20:37:31.458099Z[0m [32m INFO[0m [2mraptorpath::gates[0m[2m:[0m [GATES] RWM_UNIFIED=1 RWM_UNIFIED_SHED=1 RWM_TAPER_R=1 RWM_ASTAR_ANCHOR=1 RWM_MSTAR_ANCHOR=1 RWM_PLAIN_RS=0 RWM_HONEST_ANCHOR=1 RWM_HONEST_K=0 RWM_STORE_SACK_RELEASE=1 RWM_STORE_PATHS=1 RWM_STORE_PATH_POOL=2048 RWM_STORE=unset RWM_STORE_GAIN=2 RWM_STORE_BOOT=128 RWM_STORE_CAPW=0 RWM_STORE_CAP_UNIFIED=0 RWM_THREE_TERM=0 RWM_COMPOSED_CAP=0 RWM_SUM_CAP=1 RWM_LATE_BRAKE=0 RWM_DELTA_CAP=1 RWM_STORE_PERCAP=0 RWM_PERCAP_GUARD=1 RWM_STORE_BORROW=0 RWM_HONEST_CAP=1 RWM_POOL_ANCHOR=0 RWM_POOL_DELIV=0 RWM_FLOOR_BOUND=0 RWM_ACK_MERGE=1 RWM_LOSS_SENT_TRUTH=0 RWM_RELEASE_1TO1=0 RWM_CHARGE_RECOVERY=0 RWM_PATIENCE_DERIVED=0 RWM_SIDLE_DERIVED=0 RWM_WIN_DECOUPLE=0 RWM_PLACE_SLACK=0 RWM_COLD_PLACE=0 RWM_GEN=384 RWM_PIPELINE=2 RWM_GEN_PIPE=1 RWM_GEN_R=unset RWM_GEN_RATE=9000 RWM_GEN_RATE_FLOOR=2000 RWM_GEN_INFLIGHT=unset RWM_OOO_RETAIN=0/16 RWM_WINDOW=unset RWM_REPORT_GENS=unset RWM_REPAIR_WAIT=unset RWM_CODED_SRC=0 RWM_NO_REACTIVE=0 RWM_XPATH_REPAIR=0 RWM_PROACTIVE_PACER=0 RWM_REASM_BDP=0 RWM_MIN_R=0 RWM_CC_PACE=0 RWM_CC_PACE_HR=1.1 RWM_REACT_CAP=unset RWM_INFL_CAP=0 RWM_INFL_BDP=unset RWM_COPA_FEED=0 RWM_RS_ATTR=1 RWM_EMIT_BATCH=0 RWM_EMIT_BURST=64 RWM_RECOV_MP=1 RWM_RECOV_MP_LAW=1 RWM_RECOV_MP_LIVE=0 RWM_RECOV_SP=0 RWM_DERIVED_SWEEP=0 RWM_RACK_CLOCKS=0 RWM_RACK_REO_MULT=1 RWM_QUANTILE_CLOCKS=0 RWM_DIAG=0 RWM_ACKDIAG=0 RWM_ACKDIAG_WINDOW_US=2000000 RWM_WALLDIAG=0 RWM_CPUPROF=0 RWM_RDIAG=0 RWM_FDIAG=0 RWM_TRACE=0 RWM_PFRAC=0
{"bytes":400000000,"dnf":0,"hint":"bulk","max_s":18.3909,"mean_mbps":173.999,"mean_s":18.3909,"median_s":18.3909,"min_s":18.3909,"proto":"rp-native","runs":1,"stdev_s":0.0,"summary":true}
    CPU: CPUSRV=24.73s CPUCLI=27.27s (srv=decoder cli=sender; whole-invocation incl warmup)
    QCAP: /tmp/rwm-q.txt 34 lines
RUNTIME c9-B rep=6 21s
CEIL c9-B rep=6 cpucli=27.27 cpusrv=24.73 seconds=18.39093 bytes=400000000 ms_per_MB=68.17 cores=1.483 pred_mbit=174.0 meas_mbit=174.0
LIVENESS c9-B rep=6 anchor_cc=4 cpuprof_lines=0 gates_on=0 gates_off=1
=== rep=6 arm=c9-S seed=42 bin=/home/vibe/raptorpath/target/release/raptorpath env="RWM_CPUPROF=1" cell=c2/c2/quad bytes=400000000 20:37:50
[2m2026-08-19T20:37:52.462250Z[0m [32m INFO[0m [2mraptorpath::gates[0m[2m:[0m [GATES] RWM_UNIFIED=1 RWM_UNIFIED_SHED=1 RWM_TAPER_R=1 RWM_ASTAR_ANCHOR=1 RWM_MSTAR_ANCHOR=1 RWM_PLAIN_RS=0 RWM_HONEST_ANCHOR=1 RWM_HONEST_K=0 RWM_STORE_SACK_RELEASE=1 RWM_STORE_PATHS=1 RWM_STORE_PATH_POOL=2048 RWM_STORE=unset RWM_STORE_GAIN=2 RWM_STORE_BOOT=128 RWM_STORE_CAPW=0 RWM_STORE_CAP_UNIFIED=0 RWM_THREE_TERM=0 RWM_COMPOSED_CAP=0 RWM_SUM_CAP=1 RWM_LATE_BRAKE=0 RWM_DELTA_CAP=1 RWM_STORE_PERCAP=0 RWM_PERCAP_GUARD=1 RWM_STORE_BORROW=0 RWM_HONEST_CAP=1 RWM_POOL_ANCHOR=0 RWM_POOL_DELIV=0 RWM_FLOOR_BOUND=0 RWM_ACK_MERGE=1 RWM_LOSS_SENT_TRUTH=0 RWM_RELEASE_1TO1=0 RWM_CHARGE_RECOVERY=0 RWM_PATIENCE_DERIVED=0 RWM_SIDLE_DERIVED=0 RWM_WIN_DECOUPLE=0 RWM_PLACE_SLACK=0 RWM_COLD_PLACE=0 RWM_GEN=384 RWM_PIPELINE=2 RWM_GEN_PIPE=1 RWM_GEN_R=unset RWM_GEN_RATE=9000 RWM_GEN_RATE_FLOOR=2000 RWM_GEN_INFLIGHT=unset RWM_OOO_RETAIN=0/16 RWM_WINDOW=unset RWM_REPORT_GENS=unset RWM_REPAIR_WAIT=unset RWM_CODED_SRC=0 RWM_NO_REACTIVE=0 RWM_XPATH_REPAIR=0 RWM_PROACTIVE_PACER=0 RWM_REASM_BDP=0 RWM_MIN_R=0 RWM_CC_PACE=0 RWM_CC_PACE_HR=1.1 RWM_REACT_CAP=unset RWM_INFL_CAP=0 RWM_INFL_BDP=unset RWM_COPA_FEED=0 RWM_RS_ATTR=1 RWM_EMIT_BATCH=0 RWM_EMIT_BURST=64 RWM_RECOV_MP=1 RWM_RECOV_MP_LAW=1 RWM_RECOV_MP_LIVE=0 RWM_RECOV_SP=0 RWM_DERIVED_SWEEP=0 RWM_RACK_CLOCKS=0 RWM_RACK_REO_MULT=1 RWM_QUANTILE_CLOCKS=0 RWM_DIAG=0 RWM_ACKDIAG=0 RWM_ACKDIAG_WINDOW_US=2000000 RWM_WALLDIAG=0 RWM_CPUPROF=1 RWM_RDIAG=0 RWM_FDIAG=0 RWM_TRACE=0 RWM_PFRAC=0
{"bytes":400000000,"dnf":0,"hint":"bulk","max_s":19.0491,"mean_mbps":167.987,"mean_s":19.0491,"median_s":19.0491,"min_s":19.0491,"proto":"rp-native","runs":1,"stdev_s":0.0,"summary":true}
    CPU: CPUSRV=24.45s CPUCLI=27.61s (srv=decoder cli=sender; whole-invocation incl warmup)
    QCAP: /tmp/rwm-q.txt 34 lines
RUNTIME c9-S rep=6 22s
CEIL c9-S rep=6 cpucli=27.61 cpusrv=24.45 seconds=19.049097 bytes=400000000 ms_per_MB=69.03 cores=1.449 pred_mbit=168.0 meas_mbit=168.0
CPUPROFLINE c9-S rep=6 [CPUPROF] run_ms=19060.2 cpu_ms=27591.7 cores=1.448 enc=0.0/n0/0.0000 src=0.0/n0/0.0000 frm=336.3/n338411/0.0122 ser=234.8/n354023/0.0085 hand=3278.6/n354023/0.1188 attr=0.1395 unattr=0.8605
LIVENESS c9-S rep=6 anchor_cc=4 cpuprof_lines=1 gates_on=1 gates_off=0
=== rep=6 arm=c9-P seed=42 bin=/home/vibe/raptorpath/target/release-prof/raptorpath env="" cell=c2/c2/quad bytes=400000000 20:38:12
PERFCAP c9-P rep=6 data=/home/vibe/cpuprof/perf/c9-P-s42-r6.data target_pid=787668 attach_ms=1963 symbol_rows=1211 graph=0
[2m2026-08-19T20:38:14.007345Z[0m [32m INFO[0m [2mraptorpath::gates[0m[2m:[0m [GATES] RWM_UNIFIED=1 RWM_UNIFIED_SHED=1 RWM_TAPER_R=1 RWM_ASTAR_ANCHOR=1 RWM_MSTAR_ANCHOR=1 RWM_PLAIN_RS=0 RWM_HONEST_ANCHOR=1 RWM_HONEST_K=0 RWM_STORE_SACK_RELEASE=1 RWM_STORE_PATHS=1 RWM_STORE_PATH_POOL=2048 RWM_STORE=unset RWM_STORE_GAIN=2 RWM_STORE_BOOT=128 RWM_STORE_CAPW=0 RWM_STORE_CAP_UNIFIED=0 RWM_THREE_TERM=0 RWM_COMPOSED_CAP=0 RWM_SUM_CAP=1 RWM_LATE_BRAKE=0 RWM_DELTA_CAP=1 RWM_STORE_PERCAP=0 RWM_PERCAP_GUARD=1 RWM_STORE_BORROW=0 RWM_HONEST_CAP=1 RWM_POOL_ANCHOR=0 RWM_POOL_DELIV=0 RWM_FLOOR_BOUND=0 RWM_ACK_MERGE=1 RWM_LOSS_SENT_TRUTH=0 RWM_RELEASE_1TO1=0 RWM_CHARGE_RECOVERY=0 RWM_PATIENCE_DERIVED=0 RWM_SIDLE_DERIVED=0 RWM_WIN_DECOUPLE=0 RWM_PLACE_SLACK=0 RWM_COLD_PLACE=0 RWM_GEN=384 RWM_PIPELINE=2 RWM_GEN_PIPE=1 RWM_GEN_R=unset RWM_GEN_RATE=9000 RWM_GEN_RATE_FLOOR=2000 RWM_GEN_INFLIGHT=unset RWM_OOO_RETAIN=0/16 RWM_WINDOW=unset RWM_REPORT_GENS=unset RWM_REPAIR_WAIT=unset RWM_CODED_SRC=0 RWM_NO_REACTIVE=0 RWM_XPATH_REPAIR=0 RWM_PROACTIVE_PACER=0 RWM_REASM_BDP=0 RWM_MIN_R=0 RWM_CC_PACE=0 RWM_CC_PACE_HR=1.1 RWM_REACT_CAP=unset RWM_INFL_CAP=0 RWM_INFL_BDP=unset RWM_COPA_FEED=0 RWM_RS_ATTR=1 RWM_EMIT_BATCH=0 RWM_EMIT_BURST=64 RWM_RECOV_MP=1 RWM_RECOV_MP_LAW=1 RWM_RECOV_MP_LIVE=0 RWM_RECOV_SP=0 RWM_DERIVED_SWEEP=0 RWM_RACK_CLOCKS=0 RWM_RACK_REO_MULT=1 RWM_QUANTILE_CLOCKS=0 RWM_DIAG=0 RWM_ACKDIAG=0 RWM_ACKDIAG_WINDOW_US=2000000 RWM_WALLDIAG=0 RWM_CPUPROF=0 RWM_RDIAG=0 RWM_FDIAG=0 RWM_TRACE=0 RWM_PFRAC=0
{"bytes":400000000,"dnf":0,"hint":"bulk","max_s":20.6475,"mean_mbps":154.982,"mean_s":20.6475,"median_s":20.6475,"min_s":20.6475,"proto":"rp-native","runs":1,"stdev_s":0.0,"summary":true}
    CPU: CPUSRV=26.02s CPUCLI=35.01s (srv=decoder cli=sender; whole-invocation incl warmup)
    QCAP: /tmp/rwm-q.txt 34 lines
RUNTIME c9-P rep=6 24s
CEIL c9-P rep=6 cpucli=35.01 cpusrv=26.02 seconds=20.647547 bytes=400000000 ms_per_MB=87.53 cores=1.696 pred_mbit=155.0 meas_mbit=155.0
LIVENESS c9-P rep=6 anchor_cc=4 cpuprof_lines=0 gates_on=0 gates_off=1
=== rep=6 arm=c1-B seed=42 bin=/home/vibe/raptorpath/target/release/raptorpath env="" cell=c1/c1/single bytes=400000000 20:38:36
[2m2026-08-19T20:38:38.502283Z[0m [32m INFO[0m [2mraptorpath::gates[0m[2m:[0m [GATES] RWM_UNIFIED=1 RWM_UNIFIED_SHED=1 RWM_TAPER_R=1 RWM_ASTAR_ANCHOR=1 RWM_MSTAR_ANCHOR=1 RWM_PLAIN_RS=0 RWM_HONEST_ANCHOR=1 RWM_HONEST_K=0 RWM_STORE_SACK_RELEASE=1 RWM_STORE_PATHS=1 RWM_STORE_PATH_POOL=2048 RWM_STORE=unset RWM_STORE_GAIN=2 RWM_STORE_BOOT=128 RWM_STORE_CAPW=0 RWM_STORE_CAP_UNIFIED=0 RWM_THREE_TERM=0 RWM_COMPOSED_CAP=0 RWM_SUM_CAP=1 RWM_LATE_BRAKE=0 RWM_DELTA_CAP=1 RWM_STORE_PERCAP=0 RWM_PERCAP_GUARD=1 RWM_STORE_BORROW=0 RWM_HONEST_CAP=1 RWM_POOL_ANCHOR=0 RWM_POOL_DELIV=0 RWM_FLOOR_BOUND=0 RWM_ACK_MERGE=1 RWM_LOSS_SENT_TRUTH=0 RWM_RELEASE_1TO1=0 RWM_CHARGE_RECOVERY=0 RWM_PATIENCE_DERIVED=0 RWM_SIDLE_DERIVED=0 RWM_WIN_DECOUPLE=0 RWM_PLACE_SLACK=0 RWM_COLD_PLACE=0 RWM_GEN=384 RWM_PIPELINE=2 RWM_GEN_PIPE=1 RWM_GEN_R=unset RWM_GEN_RATE=9000 RWM_GEN_RATE_FLOOR=2000 RWM_GEN_INFLIGHT=unset RWM_OOO_RETAIN=0/16 RWM_WINDOW=unset RWM_REPORT_GENS=unset RWM_REPAIR_WAIT=unset RWM_CODED_SRC=0 RWM_NO_REACTIVE=0 RWM_XPATH_REPAIR=0 RWM_PROACTIVE_PACER=0 RWM_REASM_BDP=0 RWM_MIN_R=0 RWM_CC_PACE=0 RWM_CC_PACE_HR=1.1 RWM_REACT_CAP=unset RWM_INFL_CAP=0 RWM_INFL_BDP=unset RWM_COPA_FEED=0 RWM_RS_ATTR=1 RWM_EMIT_BATCH=0 RWM_EMIT_BURST=64 RWM_RECOV_MP=1 RWM_RECOV_MP_LAW=1 RWM_RECOV_MP_LIVE=0 RWM_RECOV_SP=0 RWM_DERIVED_SWEEP=0 RWM_RACK_CLOCKS=0 RWM_RACK_REO_MULT=1 RWM_QUANTILE_CLOCKS=0 RWM_DIAG=0 RWM_ACKDIAG=0 RWM_ACKDIAG_WINDOW_US=2000000 RWM_WALLDIAG=0 RWM_CPUPROF=0 RWM_RDIAG=0 RWM_FDIAG=0 RWM_TRACE=0 RWM_PFRAC=0
{"bytes":400000000,"dnf":0,"hint":"bulk","max_s":16.1815,"mean_mbps":197.757,"mean_s":16.1815,"median_s":16.1815,"min_s":16.1815,"proto":"rp-native","runs":1,"stdev_s":0.0,"summary":true}
    CPU: CPUSRV=16.79s CPUCLI=17.93s (srv=decoder cli=sender; whole-invocation incl warmup)
    QCAP: /tmp/rwm-q.txt 10 lines
RUNTIME c1-B rep=6 18s
CEIL c1-B rep=6 cpucli=17.93 cpusrv=16.79 seconds=16.181453 bytes=400000000 ms_per_MB=44.83 cores=1.108 pred_mbit=197.8 meas_mbit=197.8
LIVENESS c1-B rep=6 anchor_cc=1 cpuprof_lines=0 gates_on=0 gates_off=1
=== rep=6 arm=c1-S seed=42 bin=/home/vibe/raptorpath/target/release/raptorpath env="RWM_CPUPROF=1" cell=c1/c1/single bytes=400000000 20:38:55
[2m2026-08-19T20:38:56.707109Z[0m [32m INFO[0m [2mraptorpath::gates[0m[2m:[0m [GATES] RWM_UNIFIED=1 RWM_UNIFIED_SHED=1 RWM_TAPER_R=1 RWM_ASTAR_ANCHOR=1 RWM_MSTAR_ANCHOR=1 RWM_PLAIN_RS=0 RWM_HONEST_ANCHOR=1 RWM_HONEST_K=0 RWM_STORE_SACK_RELEASE=1 RWM_STORE_PATHS=1 RWM_STORE_PATH_POOL=2048 RWM_STORE=unset RWM_STORE_GAIN=2 RWM_STORE_BOOT=128 RWM_STORE_CAPW=0 RWM_STORE_CAP_UNIFIED=0 RWM_THREE_TERM=0 RWM_COMPOSED_CAP=0 RWM_SUM_CAP=1 RWM_LATE_BRAKE=0 RWM_DELTA_CAP=1 RWM_STORE_PERCAP=0 RWM_PERCAP_GUARD=1 RWM_STORE_BORROW=0 RWM_HONEST_CAP=1 RWM_POOL_ANCHOR=0 RWM_POOL_DELIV=0 RWM_FLOOR_BOUND=0 RWM_ACK_MERGE=1 RWM_LOSS_SENT_TRUTH=0 RWM_RELEASE_1TO1=0 RWM_CHARGE_RECOVERY=0 RWM_PATIENCE_DERIVED=0 RWM_SIDLE_DERIVED=0 RWM_WIN_DECOUPLE=0 RWM_PLACE_SLACK=0 RWM_COLD_PLACE=0 RWM_GEN=384 RWM_PIPELINE=2 RWM_GEN_PIPE=1 RWM_GEN_R=unset RWM_GEN_RATE=9000 RWM_GEN_RATE_FLOOR=2000 RWM_GEN_INFLIGHT=unset RWM_OOO_RETAIN=0/16 RWM_WINDOW=unset RWM_REPORT_GENS=unset RWM_REPAIR_WAIT=unset RWM_CODED_SRC=0 RWM_NO_REACTIVE=0 RWM_XPATH_REPAIR=0 RWM_PROACTIVE_PACER=0 RWM_REASM_BDP=0 RWM_MIN_R=0 RWM_CC_PACE=0 RWM_CC_PACE_HR=1.1 RWM_REACT_CAP=unset RWM_INFL_CAP=0 RWM_INFL_BDP=unset RWM_COPA_FEED=0 RWM_RS_ATTR=1 RWM_EMIT_BATCH=0 RWM_EMIT_BURST=64 RWM_RECOV_MP=1 RWM_RECOV_MP_LAW=1 RWM_RECOV_MP_LIVE=0 RWM_RECOV_SP=0 RWM_DERIVED_SWEEP=0 RWM_RACK_CLOCKS=0 RWM_RACK_REO_MULT=1 RWM_QUANTILE_CLOCKS=0 RWM_DIAG=0 RWM_ACKDIAG=0 RWM_ACKDIAG_WINDOW_US=2000000 RWM_WALLDIAG=0 RWM_CPUPROF=1 RWM_RDIAG=0 RWM_FDIAG=0 RWM_TRACE=0 RWM_PFRAC=0
{"bytes":400000000,"dnf":0,"hint":"bulk","max_s":16.2793,"mean_mbps":196.569,"mean_s":16.2793,"median_s":16.2793,"min_s":16.2793,"proto":"rp-native","runs":1,"stdev_s":0.0,"summary":true}
    CPU: CPUSRV=17.10s CPUCLI=18.12s (srv=decoder cli=sender; whole-invocation incl warmup)
    QCAP: /tmp/rwm-q.txt 10 lines
RUNTIME c1-S rep=6 18s
CEIL c1-S rep=6 cpucli=18.12 cpusrv=17.10 seconds=16.279256 bytes=400000000 ms_per_MB=45.30 cores=1.113 pred_mbit=196.6 meas_mbit=196.6
CPUPROFLINE c1-S rep=6 [CPUPROF] run_ms=16282.1 cpu_ms=18119.9 cores=1.113 enc=0.0/n0/0.0000 src=0.0/n0/0.0000 frm=251.6/n338411/0.0139 ser=177.0/n339190/0.0098 hand=534.3/n339190/0.0295 attr=0.0531 unattr=0.9469
LIVENESS c1-S rep=6 anchor_cc=1 cpuprof_lines=1 gates_on=1 gates_off=0
=== rep=6 arm=c1-P seed=42 bin=/home/vibe/raptorpath/target/release-prof/raptorpath env="" cell=c1/c1/single bytes=400000000 20:39:13
PERFCAP c1-P rep=6 data=/home/vibe/cpuprof/perf/c1-P-s42-r6.data target_pid=789226 attach_ms=1721 symbol_rows=1093 graph=0
[2m2026-08-19T20:39:14.928246Z[0m [32m INFO[0m [2mraptorpath::gates[0m[2m:[0m [GATES] RWM_UNIFIED=1 RWM_UNIFIED_SHED=1 RWM_TAPER_R=1 RWM_ASTAR_ANCHOR=1 RWM_MSTAR_ANCHOR=1 RWM_PLAIN_RS=0 RWM_HONEST_ANCHOR=1 RWM_HONEST_K=0 RWM_STORE_SACK_RELEASE=1 RWM_STORE_PATHS=1 RWM_STORE_PATH_POOL=2048 RWM_STORE=unset RWM_STORE_GAIN=2 RWM_STORE_BOOT=128 RWM_STORE_CAPW=0 RWM_STORE_CAP_UNIFIED=0 RWM_THREE_TERM=0 RWM_COMPOSED_CAP=0 RWM_SUM_CAP=1 RWM_LATE_BRAKE=0 RWM_DELTA_CAP=1 RWM_STORE_PERCAP=0 RWM_PERCAP_GUARD=1 RWM_STORE_BORROW=0 RWM_HONEST_CAP=1 RWM_POOL_ANCHOR=0 RWM_POOL_DELIV=0 RWM_FLOOR_BOUND=0 RWM_ACK_MERGE=1 RWM_LOSS_SENT_TRUTH=0 RWM_RELEASE_1TO1=0 RWM_CHARGE_RECOVERY=0 RWM_PATIENCE_DERIVED=0 RWM_SIDLE_DERIVED=0 RWM_WIN_DECOUPLE=0 RWM_PLACE_SLACK=0 RWM_COLD_PLACE=0 RWM_GEN=384 RWM_PIPELINE=2 RWM_GEN_PIPE=1 RWM_GEN_R=unset RWM_GEN_RATE=9000 RWM_GEN_RATE_FLOOR=2000 RWM_GEN_INFLIGHT=unset RWM_OOO_RETAIN=0/16 RWM_WINDOW=unset RWM_REPORT_GENS=unset RWM_REPAIR_WAIT=unset RWM_CODED_SRC=0 RWM_NO_REACTIVE=0 RWM_XPATH_REPAIR=0 RWM_PROACTIVE_PACER=0 RWM_REASM_BDP=0 RWM_MIN_R=0 RWM_CC_PACE=0 RWM_CC_PACE_HR=1.1 RWM_REACT_CAP=unset RWM_INFL_CAP=0 RWM_INFL_BDP=unset RWM_COPA_FEED=0 RWM_RS_ATTR=1 RWM_EMIT_BATCH=0 RWM_EMIT_BURST=64 RWM_RECOV_MP=1 RWM_RECOV_MP_LAW=1 RWM_RECOV_MP_LIVE=0 RWM_RECOV_SP=0 RWM_DERIVED_SWEEP=0 RWM_RACK_CLOCKS=0 RWM_RACK_REO_MULT=1 RWM_QUANTILE_CLOCKS=0 RWM_DIAG=0 RWM_ACKDIAG=0 RWM_ACKDIAG_WINDOW_US=2000000 RWM_WALLDIAG=0 RWM_CPUPROF=0 RWM_RDIAG=0 RWM_FDIAG=0 RWM_TRACE=0 RWM_PFRAC=0
{"bytes":400000000,"dnf":0,"hint":"bulk","max_s":16.9512,"mean_mbps":188.777,"mean_s":16.9512,"median_s":16.9512,"min_s":16.9512,"proto":"rp-native","runs":1,"stdev_s":0.0,"summary":true}
    CPU: CPUSRV=17.99s CPUCLI=23.87s (srv=decoder cli=sender; whole-invocation incl warmup)
    QCAP: /tmp/rwm-q.txt 10 lines
RUNTIME c1-P rep=6 20s
CEIL c1-P rep=6 cpucli=23.87 cpusrv=17.99 seconds=16.95125 bytes=400000000 ms_per_MB=59.67 cores=1.408 pred_mbit=188.8 meas_mbit=188.8
LIVENESS c1-P rep=6 anchor_cc=1 cpuprof_lines=0 gates_on=0 gates_off=1
=== ARMCOUNTS (rows, NOT live n) 2026-08-19T20:39:33Z
ARMCOUNT c9-B rows=6/6
ARMCOUNT c9-S rows=6/6
ARMCOUNT c9-P rows=6/6
ARMCOUNT c1-B rows=6/6
ARMCOUNT c1-S rows=6/6
ARMCOUNT c1-P rows=6/6
CPUPROF-BATTERY-DONE seed=42 2026-08-19T20:39:33Z
