=== CPU-CEILING BATTERY seed=42 reps=1 cells='c9 c9h c1' arms='B S P' 2026-08-19T20:15:14Z
=== CONTRACT goal-gate "MEASUREMENT TRUTH item 2 — THE SENDER CPU CEILING (PRE-REGISTRATION, PHASE 1)"
=== ARMS  B = no instrument (THE CEILING'S OWN ARM) | S = RWM_CPUPROF=1 (self-timing) | P = perf record -p <client> on the release-prof build
=== THE CEILING'S ms/MB IS READ OFF ARM B AND OFF NOTHING ELSE. An instrument that costs CPU at a CPU-BOUND cell moves the number it reports; B is what bounds that, and S-vs-B and P-vs-B ARE the instrument-cost measurement.
=== NO DIAG/ACKDIAG/WALLDIAG/LATPROBE ON ANY ARM — all of them are sender-side costs inside the quantity under decomposition. This env DIFFERS from the era and latency batteries deliberately.
=== perf attaches by PID, selected on '--client' in /proc/<pid>/cmdline. Both roles are the same executable; recency would race.
=== perf's ATTACH GAP is recorded per invocation (attach_ms). P is read as a SHAPE, never as a total; the total is B's CPUCLI.
=== release binary /home/vibe/raptorpath/target/release/raptorpath sha256 330ebfccc1b5f9f371731f6d1deef4511fcc11b3570788ed3eed3627f3d8d984
=== release-prof binary /home/vibe/raptorpath/target/release-prof/raptorpath sha256 d84711e72c1c4a860a45efd8def99327475f95dafafaa1e41402f5a709600017
=== .text release      9c9a59486bf67fcfe7a67fb341c68e2ea0ca2392eae3c74eecd72ac590cadd4d
=== .text release-prof 6de29a1763c955d35a580186c620fe0ec2440f7b19c999443b42d718474c75a4
=== TEXT-EQUAL NO — *** the release-prof build is NOT the same code as the release build. P describes a DIFFERENT sender from B's ceiling and every attribution below is qualified by this line. ***
=== source 77c95efe338528673ee81d20c30b3d7ceed3f815 feat/cpuprof-run (from main@77c95ef) cpuprof phase 1 2026-08-19T19:59:44Z
=== perf perf version 7.1.3-100.fc43.x86_64 freq=999 graph=0
=== perf_event_paranoid 1 kptr_restrict 0
=== kernel 7.0.14-101.fc43.x86_64
=== uptime/load  22:16:22 up 1 day, 58 min,  6 users,  load average: 1.55, 1.68, 2.09
=== co-tenant 0
0 kwin_x11 / 1 sddm
=== steal 
Model name:                              Intel(R) Xeon(R) CPU E5-2650 v3 @ 2.30GHz
aes avx2 pclmulqdq 
=== rep=1 arm=c9-B seed=42 bin=/home/vibe/raptorpath/target/release/raptorpath env="" cell=c2/c2/quad bytes=400000000 20:16:22
[2m2026-08-19T20:16:25.795224Z[0m [32m INFO[0m [2mraptorpath::gates[0m[2m:[0m [GATES] RWM_UNIFIED=1 RWM_UNIFIED_SHED=1 RWM_TAPER_R=1 RWM_ASTAR_ANCHOR=1 RWM_MSTAR_ANCHOR=1 RWM_PLAIN_RS=0 RWM_HONEST_ANCHOR=1 RWM_HONEST_K=0 RWM_STORE_SACK_RELEASE=1 RWM_STORE_PATHS=1 RWM_STORE_PATH_POOL=2048 RWM_STORE=unset RWM_STORE_GAIN=2 RWM_STORE_BOOT=128 RWM_STORE_CAPW=0 RWM_STORE_CAP_UNIFIED=0 RWM_THREE_TERM=0 RWM_COMPOSED_CAP=0 RWM_SUM_CAP=1 RWM_LATE_BRAKE=0 RWM_DELTA_CAP=1 RWM_STORE_PERCAP=0 RWM_PERCAP_GUARD=1 RWM_STORE_BORROW=0 RWM_HONEST_CAP=1 RWM_POOL_ANCHOR=0 RWM_POOL_DELIV=0 RWM_FLOOR_BOUND=0 RWM_ACK_MERGE=1 RWM_LOSS_SENT_TRUTH=0 RWM_RELEASE_1TO1=0 RWM_CHARGE_RECOVERY=0 RWM_PATIENCE_DERIVED=0 RWM_SIDLE_DERIVED=0 RWM_WIN_DECOUPLE=0 RWM_PLACE_SLACK=0 RWM_COLD_PLACE=0 RWM_GEN=384 RWM_PIPELINE=2 RWM_GEN_PIPE=1 RWM_GEN_R=unset RWM_GEN_RATE=9000 RWM_GEN_RATE_FLOOR=2000 RWM_GEN_INFLIGHT=unset RWM_OOO_RETAIN=0/16 RWM_WINDOW=unset RWM_REPORT_GENS=unset RWM_REPAIR_WAIT=unset RWM_CODED_SRC=0 RWM_NO_REACTIVE=0 RWM_XPATH_REPAIR=0 RWM_PROACTIVE_PACER=0 RWM_REASM_BDP=0 RWM_MIN_R=0 RWM_CC_PACE=0 RWM_CC_PACE_HR=1.1 RWM_REACT_CAP=unset RWM_INFL_CAP=0 RWM_INFL_BDP=unset RWM_COPA_FEED=0 RWM_RS_ATTR=1 RWM_EMIT_BATCH=0 RWM_EMIT_BURST=64 RWM_RECOV_MP=1 RWM_RECOV_MP_LAW=1 RWM_RECOV_MP_LIVE=0 RWM_RECOV_SP=0 RWM_DERIVED_SWEEP=0 RWM_RACK_CLOCKS=0 RWM_RACK_REO_MULT=1 RWM_QUANTILE_CLOCKS=0 RWM_DIAG=0 RWM_ACKDIAG=0 RWM_ACKDIAG_WINDOW_US=2000000 RWM_WALLDIAG=0 RWM_CPUPROF=0 RWM_RDIAG=0 RWM_FDIAG=0 RWM_TRACE=0 RWM_PFRAC=0
{"bytes":400000000,"dnf":0,"hint":"bulk","max_s":19.2569,"mean_mbps":166.174,"mean_s":19.2569,"median_s":19.2569,"min_s":19.2569,"proto":"rp-native","runs":1,"stdev_s":0.0,"summary":true}
    CPU: CPUSRV=25.70s CPUCLI=28.36s (srv=decoder cli=sender; whole-invocation incl warmup)
    QCAP: /tmp/rwm-q.txt 34 lines
RUNTIME c9-B rep=1 23s
CEIL c9-B rep=1 cpucli=28.36 cpusrv=25.70 seconds=19.256886 bytes=400000000 ms_per_MB=70.90 cores=1.473 pred_mbit=166.2 meas_mbit=166.2
LIVENESS c9-B rep=1 anchor_cc=4 cpuprof_lines=0 gates_on=0 gates_off=1
=== rep=1 arm=c9-S seed=42 bin=/home/vibe/raptorpath/target/release/raptorpath env="RWM_CPUPROF=1" cell=c2/c2/quad bytes=400000000 20:16:45
[2m2026-08-19T20:16:47.689313Z[0m [32m INFO[0m [2mraptorpath::gates[0m[2m:[0m [GATES] RWM_UNIFIED=1 RWM_UNIFIED_SHED=1 RWM_TAPER_R=1 RWM_ASTAR_ANCHOR=1 RWM_MSTAR_ANCHOR=1 RWM_PLAIN_RS=0 RWM_HONEST_ANCHOR=1 RWM_HONEST_K=0 RWM_STORE_SACK_RELEASE=1 RWM_STORE_PATHS=1 RWM_STORE_PATH_POOL=2048 RWM_STORE=unset RWM_STORE_GAIN=2 RWM_STORE_BOOT=128 RWM_STORE_CAPW=0 RWM_STORE_CAP_UNIFIED=0 RWM_THREE_TERM=0 RWM_COMPOSED_CAP=0 RWM_SUM_CAP=1 RWM_LATE_BRAKE=0 RWM_DELTA_CAP=1 RWM_STORE_PERCAP=0 RWM_PERCAP_GUARD=1 RWM_STORE_BORROW=0 RWM_HONEST_CAP=1 RWM_POOL_ANCHOR=0 RWM_POOL_DELIV=0 RWM_FLOOR_BOUND=0 RWM_ACK_MERGE=1 RWM_LOSS_SENT_TRUTH=0 RWM_RELEASE_1TO1=0 RWM_CHARGE_RECOVERY=0 RWM_PATIENCE_DERIVED=0 RWM_SIDLE_DERIVED=0 RWM_WIN_DECOUPLE=0 RWM_PLACE_SLACK=0 RWM_COLD_PLACE=0 RWM_GEN=384 RWM_PIPELINE=2 RWM_GEN_PIPE=1 RWM_GEN_R=unset RWM_GEN_RATE=9000 RWM_GEN_RATE_FLOOR=2000 RWM_GEN_INFLIGHT=unset RWM_OOO_RETAIN=0/16 RWM_WINDOW=unset RWM_REPORT_GENS=unset RWM_REPAIR_WAIT=unset RWM_CODED_SRC=0 RWM_NO_REACTIVE=0 RWM_XPATH_REPAIR=0 RWM_PROACTIVE_PACER=0 RWM_REASM_BDP=0 RWM_MIN_R=0 RWM_CC_PACE=0 RWM_CC_PACE_HR=1.1 RWM_REACT_CAP=unset RWM_INFL_CAP=0 RWM_INFL_BDP=unset RWM_COPA_FEED=0 RWM_RS_ATTR=1 RWM_EMIT_BATCH=0 RWM_EMIT_BURST=64 RWM_RECOV_MP=1 RWM_RECOV_MP_LAW=1 RWM_RECOV_MP_LIVE=0 RWM_RECOV_SP=0 RWM_DERIVED_SWEEP=0 RWM_RACK_CLOCKS=0 RWM_RACK_REO_MULT=1 RWM_QUANTILE_CLOCKS=0 RWM_DIAG=0 RWM_ACKDIAG=0 RWM_ACKDIAG_WINDOW_US=2000000 RWM_WALLDIAG=0 RWM_CPUPROF=1 RWM_RDIAG=0 RWM_FDIAG=0 RWM_TRACE=0 RWM_PFRAC=0
{"bytes":400000000,"dnf":0,"hint":"bulk","max_s":19.1247,"mean_mbps":167.323,"mean_s":19.1247,"median_s":19.1247,"min_s":19.1247,"proto":"rp-native","runs":1,"stdev_s":0.0,"summary":true}
    CPU: CPUSRV=24.37s CPUCLI=27.32s (srv=decoder cli=sender; whole-invocation incl warmup)
    QCAP: /tmp/rwm-q.txt 34 lines
RUNTIME c9-S rep=1 22s
CEIL c9-S rep=1 cpucli=27.32 cpusrv=24.37 seconds=19.124658 bytes=400000000 ms_per_MB=68.30 cores=1.429 pred_mbit=167.3 meas_mbit=167.3
CPUPROFLINE c9-S rep=1 [CPUPROF] run_ms=19137.3 cpu_ms=27300.9 cores=1.427 enc=0.0/n0/0.0000 src=0.0/n0/0.0000 frm=323.9/n338411/0.0119 ser=260.2/n353341/0.0095 hand=3268.4/n353341/0.1197 attr=0.1411 unattr=0.8589
LIVENESS c9-S rep=1 anchor_cc=4 cpuprof_lines=1 gates_on=1 gates_off=0
=== rep=1 arm=c9-P seed=42 bin=/home/vibe/raptorpath/target/release-prof/raptorpath env="" cell=c2/c2/quad bytes=400000000 20:17:07
PERFCAP c9-P rep=1 data=/home/vibe/cpuprof/perf/c9-P-s42-r1.data target_pid=763658 attach_ms=2018 symbol_rows=1210 graph=0
[2m2026-08-19T20:17:09.405897Z[0m [32m INFO[0m [2mraptorpath::gates[0m[2m:[0m [GATES] RWM_UNIFIED=1 RWM_UNIFIED_SHED=1 RWM_TAPER_R=1 RWM_ASTAR_ANCHOR=1 RWM_MSTAR_ANCHOR=1 RWM_PLAIN_RS=0 RWM_HONEST_ANCHOR=1 RWM_HONEST_K=0 RWM_STORE_SACK_RELEASE=1 RWM_STORE_PATHS=1 RWM_STORE_PATH_POOL=2048 RWM_STORE=unset RWM_STORE_GAIN=2 RWM_STORE_BOOT=128 RWM_STORE_CAPW=0 RWM_STORE_CAP_UNIFIED=0 RWM_THREE_TERM=0 RWM_COMPOSED_CAP=0 RWM_SUM_CAP=1 RWM_LATE_BRAKE=0 RWM_DELTA_CAP=1 RWM_STORE_PERCAP=0 RWM_PERCAP_GUARD=1 RWM_STORE_BORROW=0 RWM_HONEST_CAP=1 RWM_POOL_ANCHOR=0 RWM_POOL_DELIV=0 RWM_FLOOR_BOUND=0 RWM_ACK_MERGE=1 RWM_LOSS_SENT_TRUTH=0 RWM_RELEASE_1TO1=0 RWM_CHARGE_RECOVERY=0 RWM_PATIENCE_DERIVED=0 RWM_SIDLE_DERIVED=0 RWM_WIN_DECOUPLE=0 RWM_PLACE_SLACK=0 RWM_COLD_PLACE=0 RWM_GEN=384 RWM_PIPELINE=2 RWM_GEN_PIPE=1 RWM_GEN_R=unset RWM_GEN_RATE=9000 RWM_GEN_RATE_FLOOR=2000 RWM_GEN_INFLIGHT=unset RWM_OOO_RETAIN=0/16 RWM_WINDOW=unset RWM_REPORT_GENS=unset RWM_REPAIR_WAIT=unset RWM_CODED_SRC=0 RWM_NO_REACTIVE=0 RWM_XPATH_REPAIR=0 RWM_PROACTIVE_PACER=0 RWM_REASM_BDP=0 RWM_MIN_R=0 RWM_CC_PACE=0 RWM_CC_PACE_HR=1.1 RWM_REACT_CAP=unset RWM_INFL_CAP=0 RWM_INFL_BDP=unset RWM_COPA_FEED=0 RWM_RS_ATTR=1 RWM_EMIT_BATCH=0 RWM_EMIT_BURST=64 RWM_RECOV_MP=1 RWM_RECOV_MP_LAW=1 RWM_RECOV_MP_LIVE=0 RWM_RECOV_SP=0 RWM_DERIVED_SWEEP=0 RWM_RACK_CLOCKS=0 RWM_RACK_REO_MULT=1 RWM_QUANTILE_CLOCKS=0 RWM_DIAG=0 RWM_ACKDIAG=0 RWM_ACKDIAG_WINDOW_US=2000000 RWM_WALLDIAG=0 RWM_CPUPROF=0 RWM_RDIAG=0 RWM_FDIAG=0 RWM_TRACE=0 RWM_PFRAC=0
{"bytes":400000000,"dnf":0,"hint":"bulk","max_s":19.9557,"mean_mbps":160.355,"mean_s":19.9557,"median_s":19.9557,"min_s":19.9557,"proto":"rp-native","runs":1,"stdev_s":0.0,"summary":true}
    CPU: CPUSRV=25.19s CPUCLI=33.91s (srv=decoder cli=sender; whole-invocation incl warmup)
    QCAP: /tmp/rwm-q.txt 34 lines
RUNTIME c9-P rep=1 24s
CEIL c9-P rep=1 cpucli=33.91 cpusrv=25.19 seconds=19.955738 bytes=400000000 ms_per_MB=84.78 cores=1.699 pred_mbit=160.4 meas_mbit=160.4
LIVENESS c9-P rep=1 anchor_cc=4 cpuprof_lines=0 gates_on=0 gates_off=1
=== rep=1 arm=c9h-B seed=42 bin=/home/vibe/raptorpath/target/release/raptorpath env="" cell=c2/c3/quad bytes=150000000 20:17:31
[2m2026-08-19T20:17:33.519704Z[0m [32m INFO[0m [2mraptorpath::gates[0m[2m:[0m [GATES] RWM_UNIFIED=1 RWM_UNIFIED_SHED=1 RWM_TAPER_R=1 RWM_ASTAR_ANCHOR=1 RWM_MSTAR_ANCHOR=1 RWM_PLAIN_RS=0 RWM_HONEST_ANCHOR=1 RWM_HONEST_K=0 RWM_STORE_SACK_RELEASE=1 RWM_STORE_PATHS=1 RWM_STORE_PATH_POOL=2048 RWM_STORE=unset RWM_STORE_GAIN=2 RWM_STORE_BOOT=128 RWM_STORE_CAPW=0 RWM_STORE_CAP_UNIFIED=0 RWM_THREE_TERM=0 RWM_COMPOSED_CAP=0 RWM_SUM_CAP=1 RWM_LATE_BRAKE=0 RWM_DELTA_CAP=1 RWM_STORE_PERCAP=0 RWM_PERCAP_GUARD=1 RWM_STORE_BORROW=0 RWM_HONEST_CAP=1 RWM_POOL_ANCHOR=0 RWM_POOL_DELIV=0 RWM_FLOOR_BOUND=0 RWM_ACK_MERGE=1 RWM_LOSS_SENT_TRUTH=0 RWM_RELEASE_1TO1=0 RWM_CHARGE_RECOVERY=0 RWM_PATIENCE_DERIVED=0 RWM_SIDLE_DERIVED=0 RWM_WIN_DECOUPLE=0 RWM_PLACE_SLACK=0 RWM_COLD_PLACE=0 RWM_GEN=384 RWM_PIPELINE=2 RWM_GEN_PIPE=1 RWM_GEN_R=unset RWM_GEN_RATE=9000 RWM_GEN_RATE_FLOOR=2000 RWM_GEN_INFLIGHT=unset RWM_OOO_RETAIN=0/16 RWM_WINDOW=unset RWM_REPORT_GENS=unset RWM_REPAIR_WAIT=unset RWM_CODED_SRC=0 RWM_NO_REACTIVE=0 RWM_XPATH_REPAIR=0 RWM_PROACTIVE_PACER=0 RWM_REASM_BDP=0 RWM_MIN_R=0 RWM_CC_PACE=0 RWM_CC_PACE_HR=1.1 RWM_REACT_CAP=unset RWM_INFL_CAP=0 RWM_INFL_BDP=unset RWM_COPA_FEED=0 RWM_RS_ATTR=1 RWM_EMIT_BATCH=0 RWM_EMIT_BURST=64 RWM_RECOV_MP=1 RWM_RECOV_MP_LAW=1 RWM_RECOV_MP_LIVE=0 RWM_RECOV_SP=0 RWM_DERIVED_SWEEP=0 RWM_RACK_CLOCKS=0 RWM_RACK_REO_MULT=1 RWM_QUANTILE_CLOCKS=0 RWM_DIAG=0 RWM_ACKDIAG=0 RWM_ACKDIAG_WINDOW_US=2000000 RWM_WALLDIAG=0 RWM_CPUPROF=0 RWM_RDIAG=0 RWM_FDIAG=0 RWM_TRACE=0 RWM_PFRAC=0
{"bytes":150000000,"dnf":0,"hint":"bulk","max_s":6.9873,"mean_mbps":171.739,"mean_s":6.9873,"median_s":6.9873,"min_s":6.9873,"proto":"rp-native","runs":1,"stdev_s":0.0,"summary":true}
    CPU: CPUSRV=9.74s CPUCLI=10.35s (srv=decoder cli=sender; whole-invocation incl warmup)
    QCAP: /tmp/rwm-q.txt 34 lines
RUNTIME c9h-B rep=1 10s
CEIL c9h-B rep=1 cpucli=10.35 cpusrv=9.74 seconds=6.98734 bytes=150000000 ms_per_MB=69.00 cores=1.481 pred_mbit=171.7 meas_mbit=171.7
LIVENESS c9h-B rep=1 anchor_cc=4 cpuprof_lines=0 gates_on=0 gates_off=1
=== rep=1 arm=c9h-S seed=42 bin=/home/vibe/raptorpath/target/release/raptorpath env="RWM_CPUPROF=1" cell=c2/c3/quad bytes=150000000 20:17:41
[2m2026-08-19T20:17:43.279118Z[0m [32m INFO[0m [2mraptorpath::gates[0m[2m:[0m [GATES] RWM_UNIFIED=1 RWM_UNIFIED_SHED=1 RWM_TAPER_R=1 RWM_ASTAR_ANCHOR=1 RWM_MSTAR_ANCHOR=1 RWM_PLAIN_RS=0 RWM_HONEST_ANCHOR=1 RWM_HONEST_K=0 RWM_STORE_SACK_RELEASE=1 RWM_STORE_PATHS=1 RWM_STORE_PATH_POOL=2048 RWM_STORE=unset RWM_STORE_GAIN=2 RWM_STORE_BOOT=128 RWM_STORE_CAPW=0 RWM_STORE_CAP_UNIFIED=0 RWM_THREE_TERM=0 RWM_COMPOSED_CAP=0 RWM_SUM_CAP=1 RWM_LATE_BRAKE=0 RWM_DELTA_CAP=1 RWM_STORE_PERCAP=0 RWM_PERCAP_GUARD=1 RWM_STORE_BORROW=0 RWM_HONEST_CAP=1 RWM_POOL_ANCHOR=0 RWM_POOL_DELIV=0 RWM_FLOOR_BOUND=0 RWM_ACK_MERGE=1 RWM_LOSS_SENT_TRUTH=0 RWM_RELEASE_1TO1=0 RWM_CHARGE_RECOVERY=0 RWM_PATIENCE_DERIVED=0 RWM_SIDLE_DERIVED=0 RWM_WIN_DECOUPLE=0 RWM_PLACE_SLACK=0 RWM_COLD_PLACE=0 RWM_GEN=384 RWM_PIPELINE=2 RWM_GEN_PIPE=1 RWM_GEN_R=unset RWM_GEN_RATE=9000 RWM_GEN_RATE_FLOOR=2000 RWM_GEN_INFLIGHT=unset RWM_OOO_RETAIN=0/16 RWM_WINDOW=unset RWM_REPORT_GENS=unset RWM_REPAIR_WAIT=unset RWM_CODED_SRC=0 RWM_NO_REACTIVE=0 RWM_XPATH_REPAIR=0 RWM_PROACTIVE_PACER=0 RWM_REASM_BDP=0 RWM_MIN_R=0 RWM_CC_PACE=0 RWM_CC_PACE_HR=1.1 RWM_REACT_CAP=unset RWM_INFL_CAP=0 RWM_INFL_BDP=unset RWM_COPA_FEED=0 RWM_RS_ATTR=1 RWM_EMIT_BATCH=0 RWM_EMIT_BURST=64 RWM_RECOV_MP=1 RWM_RECOV_MP_LAW=1 RWM_RECOV_MP_LIVE=0 RWM_RECOV_SP=0 RWM_DERIVED_SWEEP=0 RWM_RACK_CLOCKS=0 RWM_RACK_REO_MULT=1 RWM_QUANTILE_CLOCKS=0 RWM_DIAG=0 RWM_ACKDIAG=0 RWM_ACKDIAG_WINDOW_US=2000000 RWM_WALLDIAG=0 RWM_CPUPROF=1 RWM_RDIAG=0 RWM_FDIAG=0 RWM_TRACE=0 RWM_PFRAC=0
{"bytes":150000000,"dnf":0,"hint":"bulk","max_s":6.9942,"mean_mbps":171.571,"mean_s":6.9942,"median_s":6.9942,"min_s":6.9942,"proto":"rp-native","runs":1,"stdev_s":0.0,"summary":true}
    CPU: CPUSRV=9.65s CPUCLI=10.14s (srv=decoder cli=sender; whole-invocation incl warmup)
    QCAP: /tmp/rwm-q.txt 34 lines
RUNTIME c9h-S rep=1 9s
CEIL c9h-S rep=1 cpucli=10.14 cpusrv=9.65 seconds=6.994186 bytes=150000000 ms_per_MB=67.60 cores=1.450 pred_mbit=171.6 meas_mbit=171.6
CPUPROFLINE c9h-S rep=1 [CPUPROF] run_ms=7021.1 cpu_ms=10123.0 cores=1.442 enc=0.0/n0/0.0000 src=0.0/n0/0.0000 frm=120.8/n126905/0.0119 ser=118.8/n132937/0.0117 hand=1117.8/n132937/0.1104 attr=0.1341 unattr=0.8659
LIVENESS c9h-S rep=1 anchor_cc=4 cpuprof_lines=1 gates_on=1 gates_off=0
=== rep=1 arm=c9h-P seed=42 bin=/home/vibe/raptorpath/target/release-prof/raptorpath env="" cell=c2/c3/quad bytes=150000000 20:17:51
PERFCAP c9h-P rep=1 data=/home/vibe/cpuprof/perf/c9h-P-s42-r1.data target_pid=765585 attach_ms=2194 symbol_rows=995 graph=0
[2m2026-08-19T20:17:53.019303Z[0m [32m INFO[0m [2mraptorpath::gates[0m[2m:[0m [GATES] RWM_UNIFIED=1 RWM_UNIFIED_SHED=1 RWM_TAPER_R=1 RWM_ASTAR_ANCHOR=1 RWM_MSTAR_ANCHOR=1 RWM_PLAIN_RS=0 RWM_HONEST_ANCHOR=1 RWM_HONEST_K=0 RWM_STORE_SACK_RELEASE=1 RWM_STORE_PATHS=1 RWM_STORE_PATH_POOL=2048 RWM_STORE=unset RWM_STORE_GAIN=2 RWM_STORE_BOOT=128 RWM_STORE_CAPW=0 RWM_STORE_CAP_UNIFIED=0 RWM_THREE_TERM=0 RWM_COMPOSED_CAP=0 RWM_SUM_CAP=1 RWM_LATE_BRAKE=0 RWM_DELTA_CAP=1 RWM_STORE_PERCAP=0 RWM_PERCAP_GUARD=1 RWM_STORE_BORROW=0 RWM_HONEST_CAP=1 RWM_POOL_ANCHOR=0 RWM_POOL_DELIV=0 RWM_FLOOR_BOUND=0 RWM_ACK_MERGE=1 RWM_LOSS_SENT_TRUTH=0 RWM_RELEASE_1TO1=0 RWM_CHARGE_RECOVERY=0 RWM_PATIENCE_DERIVED=0 RWM_SIDLE_DERIVED=0 RWM_WIN_DECOUPLE=0 RWM_PLACE_SLACK=0 RWM_COLD_PLACE=0 RWM_GEN=384 RWM_PIPELINE=2 RWM_GEN_PIPE=1 RWM_GEN_R=unset RWM_GEN_RATE=9000 RWM_GEN_RATE_FLOOR=2000 RWM_GEN_INFLIGHT=unset RWM_OOO_RETAIN=0/16 RWM_WINDOW=unset RWM_REPORT_GENS=unset RWM_REPAIR_WAIT=unset RWM_CODED_SRC=0 RWM_NO_REACTIVE=0 RWM_XPATH_REPAIR=0 RWM_PROACTIVE_PACER=0 RWM_REASM_BDP=0 RWM_MIN_R=0 RWM_CC_PACE=0 RWM_CC_PACE_HR=1.1 RWM_REACT_CAP=unset RWM_INFL_CAP=0 RWM_INFL_BDP=unset RWM_COPA_FEED=0 RWM_RS_ATTR=1 RWM_EMIT_BATCH=0 RWM_EMIT_BURST=64 RWM_RECOV_MP=1 RWM_RECOV_MP_LAW=1 RWM_RECOV_MP_LIVE=0 RWM_RECOV_SP=0 RWM_DERIVED_SWEEP=0 RWM_RACK_CLOCKS=0 RWM_RACK_REO_MULT=1 RWM_QUANTILE_CLOCKS=0 RWM_DIAG=0 RWM_ACKDIAG=0 RWM_ACKDIAG_WINDOW_US=2000000 RWM_WALLDIAG=0 RWM_CPUPROF=0 RWM_RDIAG=0 RWM_FDIAG=0 RWM_TRACE=0 RWM_PFRAC=0
{"bytes":150000000,"dnf":0,"hint":"bulk","max_s":7.2026,"mean_mbps":166.607,"mean_s":7.2026,"median_s":7.2026,"min_s":7.2026,"proto":"rp-native","runs":1,"stdev_s":0.0,"summary":true}
    CPU: CPUSRV=9.60s CPUCLI=12.25s (srv=decoder cli=sender; whole-invocation incl warmup)
    QCAP: /tmp/rwm-q.txt 34 lines
RUNTIME c9h-P rep=1 11s
CEIL c9h-P rep=1 cpucli=12.25 cpusrv=9.60 seconds=7.202587 bytes=150000000 ms_per_MB=81.67 cores=1.701 pred_mbit=166.6 meas_mbit=166.6
LIVENESS c9h-P rep=1 anchor_cc=4 cpuprof_lines=0 gates_on=0 gates_off=1
=== rep=1 arm=c1-B seed=42 bin=/home/vibe/raptorpath/target/release/raptorpath env="" cell=c1/c1/single bytes=400000000 20:18:02
[2m2026-08-19T20:18:04.173115Z[0m [32m INFO[0m [2mraptorpath::gates[0m[2m:[0m [GATES] RWM_UNIFIED=1 RWM_UNIFIED_SHED=1 RWM_TAPER_R=1 RWM_ASTAR_ANCHOR=1 RWM_MSTAR_ANCHOR=1 RWM_PLAIN_RS=0 RWM_HONEST_ANCHOR=1 RWM_HONEST_K=0 RWM_STORE_SACK_RELEASE=1 RWM_STORE_PATHS=1 RWM_STORE_PATH_POOL=2048 RWM_STORE=unset RWM_STORE_GAIN=2 RWM_STORE_BOOT=128 RWM_STORE_CAPW=0 RWM_STORE_CAP_UNIFIED=0 RWM_THREE_TERM=0 RWM_COMPOSED_CAP=0 RWM_SUM_CAP=1 RWM_LATE_BRAKE=0 RWM_DELTA_CAP=1 RWM_STORE_PERCAP=0 RWM_PERCAP_GUARD=1 RWM_STORE_BORROW=0 RWM_HONEST_CAP=1 RWM_POOL_ANCHOR=0 RWM_POOL_DELIV=0 RWM_FLOOR_BOUND=0 RWM_ACK_MERGE=1 RWM_LOSS_SENT_TRUTH=0 RWM_RELEASE_1TO1=0 RWM_CHARGE_RECOVERY=0 RWM_PATIENCE_DERIVED=0 RWM_SIDLE_DERIVED=0 RWM_WIN_DECOUPLE=0 RWM_PLACE_SLACK=0 RWM_COLD_PLACE=0 RWM_GEN=384 RWM_PIPELINE=2 RWM_GEN_PIPE=1 RWM_GEN_R=unset RWM_GEN_RATE=9000 RWM_GEN_RATE_FLOOR=2000 RWM_GEN_INFLIGHT=unset RWM_OOO_RETAIN=0/16 RWM_WINDOW=unset RWM_REPORT_GENS=unset RWM_REPAIR_WAIT=unset RWM_CODED_SRC=0 RWM_NO_REACTIVE=0 RWM_XPATH_REPAIR=0 RWM_PROACTIVE_PACER=0 RWM_REASM_BDP=0 RWM_MIN_R=0 RWM_CC_PACE=0 RWM_CC_PACE_HR=1.1 RWM_REACT_CAP=unset RWM_INFL_CAP=0 RWM_INFL_BDP=unset RWM_COPA_FEED=0 RWM_RS_ATTR=1 RWM_EMIT_BATCH=0 RWM_EMIT_BURST=64 RWM_RECOV_MP=1 RWM_RECOV_MP_LAW=1 RWM_RECOV_MP_LIVE=0 RWM_RECOV_SP=0 RWM_DERIVED_SWEEP=0 RWM_RACK_CLOCKS=0 RWM_RACK_REO_MULT=1 RWM_QUANTILE_CLOCKS=0 RWM_DIAG=0 RWM_ACKDIAG=0 RWM_ACKDIAG_WINDOW_US=2000000 RWM_WALLDIAG=0 RWM_CPUPROF=0 RWM_RDIAG=0 RWM_FDIAG=0 RWM_TRACE=0 RWM_PFRAC=0
{"bytes":400000000,"dnf":0,"hint":"bulk","max_s":15.9159,"mean_mbps":201.056,"mean_s":15.9159,"median_s":15.9159,"min_s":15.9159,"proto":"rp-native","runs":1,"stdev_s":0.0,"summary":true}
    CPU: CPUSRV=17.55s CPUCLI=19.07s (srv=decoder cli=sender; whole-invocation incl warmup)
    QCAP: /tmp/rwm-q.txt 10 lines
RUNTIME c1-B rep=1 18s
CEIL c1-B rep=1 cpucli=19.07 cpusrv=17.55 seconds=15.915947 bytes=400000000 ms_per_MB=47.67 cores=1.198 pred_mbit=201.1 meas_mbit=201.1
LIVENESS c1-B rep=1 anchor_cc=1 cpuprof_lines=0 gates_on=0 gates_off=1
=== rep=1 arm=c1-S seed=42 bin=/home/vibe/raptorpath/target/release/raptorpath env="RWM_CPUPROF=1" cell=c1/c1/single bytes=400000000 20:18:20
[2m2026-08-19T20:18:22.070793Z[0m [32m INFO[0m [2mraptorpath::gates[0m[2m:[0m [GATES] RWM_UNIFIED=1 RWM_UNIFIED_SHED=1 RWM_TAPER_R=1 RWM_ASTAR_ANCHOR=1 RWM_MSTAR_ANCHOR=1 RWM_PLAIN_RS=0 RWM_HONEST_ANCHOR=1 RWM_HONEST_K=0 RWM_STORE_SACK_RELEASE=1 RWM_STORE_PATHS=1 RWM_STORE_PATH_POOL=2048 RWM_STORE=unset RWM_STORE_GAIN=2 RWM_STORE_BOOT=128 RWM_STORE_CAPW=0 RWM_STORE_CAP_UNIFIED=0 RWM_THREE_TERM=0 RWM_COMPOSED_CAP=0 RWM_SUM_CAP=1 RWM_LATE_BRAKE=0 RWM_DELTA_CAP=1 RWM_STORE_PERCAP=0 RWM_PERCAP_GUARD=1 RWM_STORE_BORROW=0 RWM_HONEST_CAP=1 RWM_POOL_ANCHOR=0 RWM_POOL_DELIV=0 RWM_FLOOR_BOUND=0 RWM_ACK_MERGE=1 RWM_LOSS_SENT_TRUTH=0 RWM_RELEASE_1TO1=0 RWM_CHARGE_RECOVERY=0 RWM_PATIENCE_DERIVED=0 RWM_SIDLE_DERIVED=0 RWM_WIN_DECOUPLE=0 RWM_PLACE_SLACK=0 RWM_COLD_PLACE=0 RWM_GEN=384 RWM_PIPELINE=2 RWM_GEN_PIPE=1 RWM_GEN_R=unset RWM_GEN_RATE=9000 RWM_GEN_RATE_FLOOR=2000 RWM_GEN_INFLIGHT=unset RWM_OOO_RETAIN=0/16 RWM_WINDOW=unset RWM_REPORT_GENS=unset RWM_REPAIR_WAIT=unset RWM_CODED_SRC=0 RWM_NO_REACTIVE=0 RWM_XPATH_REPAIR=0 RWM_PROACTIVE_PACER=0 RWM_REASM_BDP=0 RWM_MIN_R=0 RWM_CC_PACE=0 RWM_CC_PACE_HR=1.1 RWM_REACT_CAP=unset RWM_INFL_CAP=0 RWM_INFL_BDP=unset RWM_COPA_FEED=0 RWM_RS_ATTR=1 RWM_EMIT_BATCH=0 RWM_EMIT_BURST=64 RWM_RECOV_MP=1 RWM_RECOV_MP_LAW=1 RWM_RECOV_MP_LIVE=0 RWM_RECOV_SP=0 RWM_DERIVED_SWEEP=0 RWM_RACK_CLOCKS=0 RWM_RACK_REO_MULT=1 RWM_QUANTILE_CLOCKS=0 RWM_DIAG=0 RWM_ACKDIAG=0 RWM_ACKDIAG_WINDOW_US=2000000 RWM_WALLDIAG=0 RWM_CPUPROF=1 RWM_RDIAG=0 RWM_FDIAG=0 RWM_TRACE=0 RWM_PFRAC=0
{"bytes":400000000,"dnf":0,"hint":"bulk","max_s":16.5739,"mean_mbps":193.074,"mean_s":16.5739,"median_s":16.5739,"min_s":16.5739,"proto":"rp-native","runs":1,"stdev_s":0.0,"summary":true}
    CPU: CPUSRV=17.57s CPUCLI=18.85s (srv=decoder cli=sender; whole-invocation incl warmup)
    QCAP: /tmp/rwm-q.txt 10 lines
RUNTIME c1-S rep=1 18s
CEIL c1-S rep=1 cpucli=18.85 cpusrv=17.57 seconds=16.573923 bytes=400000000 ms_per_MB=47.12 cores=1.137 pred_mbit=193.1 meas_mbit=193.1
CPUPROFLINE c1-S rep=1 [CPUPROF] run_ms=16576.6 cpu_ms=18836.8 cores=1.136 enc=0.0/n0/0.0000 src=0.0/n0/0.0000 frm=261.8/n338411/0.0139 ser=182.2/n339125/0.0097 hand=531.8/n339125/0.0282 attr=0.0518 unattr=0.9482
LIVENESS c1-S rep=1 anchor_cc=1 cpuprof_lines=1 gates_on=1 gates_off=0
=== rep=1 arm=c1-P seed=42 bin=/home/vibe/raptorpath/target/release-prof/raptorpath env="" cell=c1/c1/single bytes=400000000 20:18:39
PERFCAP c1-P rep=1 data=/home/vibe/cpuprof/perf/c1-P-s42-r1.data target_pid=767217 attach_ms=1732 symbol_rows=1115 graph=0
[2m2026-08-19T20:18:40.654367Z[0m [32m INFO[0m [2mraptorpath::gates[0m[2m:[0m [GATES] RWM_UNIFIED=1 RWM_UNIFIED_SHED=1 RWM_TAPER_R=1 RWM_ASTAR_ANCHOR=1 RWM_MSTAR_ANCHOR=1 RWM_PLAIN_RS=0 RWM_HONEST_ANCHOR=1 RWM_HONEST_K=0 RWM_STORE_SACK_RELEASE=1 RWM_STORE_PATHS=1 RWM_STORE_PATH_POOL=2048 RWM_STORE=unset RWM_STORE_GAIN=2 RWM_STORE_BOOT=128 RWM_STORE_CAPW=0 RWM_STORE_CAP_UNIFIED=0 RWM_THREE_TERM=0 RWM_COMPOSED_CAP=0 RWM_SUM_CAP=1 RWM_LATE_BRAKE=0 RWM_DELTA_CAP=1 RWM_STORE_PERCAP=0 RWM_PERCAP_GUARD=1 RWM_STORE_BORROW=0 RWM_HONEST_CAP=1 RWM_POOL_ANCHOR=0 RWM_POOL_DELIV=0 RWM_FLOOR_BOUND=0 RWM_ACK_MERGE=1 RWM_LOSS_SENT_TRUTH=0 RWM_RELEASE_1TO1=0 RWM_CHARGE_RECOVERY=0 RWM_PATIENCE_DERIVED=0 RWM_SIDLE_DERIVED=0 RWM_WIN_DECOUPLE=0 RWM_PLACE_SLACK=0 RWM_COLD_PLACE=0 RWM_GEN=384 RWM_PIPELINE=2 RWM_GEN_PIPE=1 RWM_GEN_R=unset RWM_GEN_RATE=9000 RWM_GEN_RATE_FLOOR=2000 RWM_GEN_INFLIGHT=unset RWM_OOO_RETAIN=0/16 RWM_WINDOW=unset RWM_REPORT_GENS=unset RWM_REPAIR_WAIT=unset RWM_CODED_SRC=0 RWM_NO_REACTIVE=0 RWM_XPATH_REPAIR=0 RWM_PROACTIVE_PACER=0 RWM_REASM_BDP=0 RWM_MIN_R=0 RWM_CC_PACE=0 RWM_CC_PACE_HR=1.1 RWM_REACT_CAP=unset RWM_INFL_CAP=0 RWM_INFL_BDP=unset RWM_COPA_FEED=0 RWM_RS_ATTR=1 RWM_EMIT_BATCH=0 RWM_EMIT_BURST=64 RWM_RECOV_MP=1 RWM_RECOV_MP_LAW=1 RWM_RECOV_MP_LIVE=0 RWM_RECOV_SP=0 RWM_DERIVED_SWEEP=0 RWM_RACK_CLOCKS=0 RWM_RACK_REO_MULT=1 RWM_QUANTILE_CLOCKS=0 RWM_DIAG=0 RWM_ACKDIAG=0 RWM_ACKDIAG_WINDOW_US=2000000 RWM_WALLDIAG=0 RWM_CPUPROF=0 RWM_RDIAG=0 RWM_FDIAG=0 RWM_TRACE=0 RWM_PFRAC=0
{"bytes":400000000,"dnf":0,"hint":"bulk","max_s":16.761,"mean_mbps":190.919,"mean_s":16.761,"median_s":16.761,"min_s":16.761,"proto":"rp-native","runs":1,"stdev_s":0.0,"summary":true}
    CPU: CPUSRV=17.67s CPUCLI=24.42s (srv=decoder cli=sender; whole-invocation incl warmup)
    QCAP: /tmp/rwm-q.txt 10 lines
RUNTIME c1-P rep=1 20s
CEIL c1-P rep=1 cpucli=24.42 cpusrv=17.67 seconds=16.761011 bytes=400000000 ms_per_MB=61.05 cores=1.457 pred_mbit=190.9 meas_mbit=190.9
LIVENESS c1-P rep=1 anchor_cc=1 cpuprof_lines=0 gates_on=0 gates_off=1
=== ARMCOUNTS (rows, NOT live n) 2026-08-19T20:18:59Z
ARMCOUNT c9-B rows=1/1
ARMCOUNT c9-S rows=1/1
ARMCOUNT c9-P rows=1/1
ARMCOUNT c9h-B rows=1/1
ARMCOUNT c9h-S rows=1/1
ARMCOUNT c9h-P rows=1/1
ARMCOUNT c1-B rows=1/1
ARMCOUNT c1-S rows=1/1
ARMCOUNT c1-P rows=1/1
CPUPROF-BATTERY-DONE seed=42 2026-08-19T20:18:59Z
