=== CROWNSPOT stage seed=42 cell=c2 start=2026-09-08T04:58:34Z
=== tail matrix (task #61 flip-gate) @ c2 seed=42 arms='ship', 8 reps/arm (warm tunnel), 50msg/s x20s sizes='400 1200' 06:58:34
--- ship 400B start=06:58:34
ARMENV ship 400B: hint=realtime env='<unset>' flags='' rate=50 dur=20
  ECHO ship 400B tm-s.log: ack-merge ACTIVE (RWM_ACK_MERGE: WINDOW mode sends ONE control datagram per data message instead of two — the legacy per-batch Ack is suppressed, the SACK WindowAck goes unconditional at that cadence and carries the Ack's payload in the v6 cumulative cum_expected/cum_received counters, every Ack-arm consumer re-homed onto the counter diff; BLOCK mode bit-exact; the delivery statistic/cadence/counts unchanged) copa_feed=false
  ECHO ship 400B tm-s.log: A* send-rate anchor ACTIVE (RWM_ASTAR_ANCHOR: windowed-max send rate over ~8 SRTT, clock-gap sample discard)
  ECHO ship 400B tm-s.log: clock-gap estimator hygiene ACTIVE (RWM_CLOCK_GAP: process-clock stall witness, post-stall sample discard at the ack feed sites)
  ECHO ship 400B tm-s.log: M* peer-report RTT-feed suppression ACTIVE (RWM_MSTAR_ANCHOR plain-live subset: local-echo-only RTT feed + estimator seed-from-sample)
  ECHO ship 400B tm-s.log: quinn congestion controller: BBR (shipped default; RWM_QUIC_CC overrides)
  ECHO ship 400B tm-s.log: RWM_UNIFIED=1 RWM_UNIFIED_SHED=1 RWM_TAPER_R=1 RWM_ASTAR_ANCHOR=1 RWM_MSTAR_ANCHOR=1 RWM_PLAIN_RS=0 RWM_HONEST_ANCHOR=1 RWM_HONEST_K=0 RWM_STORE_SACK_RELEASE=1 RWM_STORE_PATHS=1 RWM_STORE_PATH_POOL=2048 RWM_STORE=unset RWM_STORE_GAIN=2 RWM_STORE_BOOT=128 RWM_STORE_CAPW=0 RWM_STORE_CAP_UNIFIED=0 RWM_THREE_TERM=0 RWM_COMPOSED_CAP=0 RWM_SUM_CAP=1 RWM_LATE_BRAKE=0 RWM_DELTA_CAP=1 RWM_STORE_PERCAP=0 RWM_PERCAP_GUARD=1 RWM_STORE_BORROW=0 RWM_HONEST_CAP=1 RWM_POOL_ANCHOR=0 RWM_POOL_DELIV=0 RWM_FLOOR_BOUND=0 RWM_ACK_MERGE=1 RWM_LOSS_SENT_TRUTH=0 RWM_RELEASE_1TO1=0 RWM_CHARGE_RECOVERY=0 RWM_PATIENCE_DERIVED=0 RWM_SIDLE_DERIVED=0 RWM_WIN_DECOUPLE=0 RWM_PLACE_SLACK=0 RWM_COLD_PLACE=0 RWM_GEN=1 RWM_PIPELINE=2 RWM_GEN_PIPE=1 RWM_GEN_R=unset RWM_GEN_RATE=9000 RWM_GEN_RATE_FLOOR=2000 RWM_GEN_INFLIGHT=unset RWM_OOO_RETAIN=0/16 RWM_WINDOW=unset RWM_REPORT_GENS=unset RWM_REPAIR_WAIT=unset RWM_CODED_SRC=0 RWM_NO_REACTIVE=0 RWM_XPATH_REPAIR=0 RWM_PROACTIVE_PACER=0 RWM_REASM_BDP=0 RWM_MIN_R=0 RWM_CC_PACE=0 RWM_CC_PACE_HR=1.1 RWM_REACT_CAP=unset RWM_INFL_CAP=0 RWM_INFL_BDP=unset RWM_COPA_FEED=0 RWM_RS_ATTR=1 RWM_EMIT_BATCH=0 RWM_EMIT_BURST=64 RWM_RECOV_MP=1 RWM_RECOV_MP_LAW=1 RWM_RECOV_MP_LIVE=0 RWM_RECOV_SP=0 RWM_DERIVED_SWEEP=0 RWM_RACK_CLOCKS=0 RWM_RACK_REO_MULT=1 RWM_QUANTILE_CLOCKS=0 RWM_ALPHA_OVERRIDE=unset RWM_W_FORM=cantelli RWM_HOLDDOWN_Q=unset RWM_REFRESH_FLOOR_US=unset RWM_DELTA=unset RWM_COMPLETION_EXPOSURE=0 RWM_DIAG=1 RWM_ACKDIAG=0 RWM_ACKDIAG_WINDOW_US=2000000 RWM_RTT_DUMP=0 RWM_RTT_DUMP_MAX=400000 RWM_SUCC_DUMP=0 RWM_SUCC_DUMP_MAX=200000 RWM_WALLDIAG=0 RWM_CPUPROF=0 RWM_RDIAG=0 RWM_FDIAG=0 RWM_TRACE=0 RWM_PFRAC=0
  ECHO ship 400B tm-s.log: RWM_UNIFIED: Realtime rides the RLC span machine (small-δ parameterization, no code-family switch)
  ECHO ship 400B tm-s.log: RWM_UNIFIED: receive path on the unified global decoder (one machine, both wires) generation=false
  ECHO ship 400B tm-s.log: sliding-window FEC mode symbol_size=512 backend=Rlc
  ECHO ship 400B tm-s.log: unified overload shedding ACTIVE at receiver (RWM_UNIFIED_SHED: in-order hold = delta-derived b*SRTT within the eps-class give-up budget)
  ECHO ship 400B tm-s.log: unified overload shedding ACTIVE (RWM_UNIFIED_SHED: past-deadline holes shed within the derived 1-rho budget; =0 = serializing arm)
  ECHO ship 400B tm-s.log: unified span law ACTIVE (RWM_UNIFIED: plain-mode proactive repair over the trailing solvable span [end-A*, end-Δ), A* from δ) hint=Realtime
  ECHO ship 400B tm-c.log: ack-merge ACTIVE (RWM_ACK_MERGE: WINDOW mode sends ONE control datagram per data message instead of two — the legacy per-batch Ack is suppressed, the SACK WindowAck goes unconditional at that cadence and carries the Ack's payload in the v6 cumulative cum_expected/cum_received counters, every Ack-arm consumer re-homed onto the counter diff; BLOCK mode bit-exact; the delivery statistic/cadence/counts unchanged) copa_feed=false
  ECHO ship 400B tm-c.log: A* send-rate anchor ACTIVE (RWM_ASTAR_ANCHOR: windowed-max send rate over ~8 SRTT, clock-gap sample discard)
  ECHO ship 400B tm-c.log: clock-gap estimator hygiene ACTIVE (RWM_CLOCK_GAP: process-clock stall witness, post-stall sample discard at the ack feed sites)
  ECHO ship 400B tm-c.log: M* peer-report RTT-feed suppression ACTIVE (RWM_MSTAR_ANCHOR plain-live subset: local-echo-only RTT feed + estimator seed-from-sample)
  ECHO ship 400B tm-c.log: quinn congestion controller: BBR (shipped default; RWM_QUIC_CC overrides)
  ECHO ship 400B tm-c.log: RWM_UNIFIED=1 RWM_UNIFIED_SHED=1 RWM_TAPER_R=1 RWM_ASTAR_ANCHOR=1 RWM_MSTAR_ANCHOR=1 RWM_PLAIN_RS=0 RWM_HONEST_ANCHOR=1 RWM_HONEST_K=0 RWM_STORE_SACK_RELEASE=1 RWM_STORE_PATHS=1 RWM_STORE_PATH_POOL=2048 RWM_STORE=unset RWM_STORE_GAIN=2 RWM_STORE_BOOT=128 RWM_STORE_CAPW=0 RWM_STORE_CAP_UNIFIED=0 RWM_THREE_TERM=0 RWM_COMPOSED_CAP=0 RWM_SUM_CAP=1 RWM_LATE_BRAKE=0 RWM_DELTA_CAP=1 RWM_STORE_PERCAP=0 RWM_PERCAP_GUARD=1 RWM_STORE_BORROW=0 RWM_HONEST_CAP=1 RWM_POOL_ANCHOR=0 RWM_POOL_DELIV=0 RWM_FLOOR_BOUND=0 RWM_ACK_MERGE=1 RWM_LOSS_SENT_TRUTH=0 RWM_RELEASE_1TO1=0 RWM_CHARGE_RECOVERY=0 RWM_PATIENCE_DERIVED=0 RWM_SIDLE_DERIVED=0 RWM_WIN_DECOUPLE=0 RWM_PLACE_SLACK=0 RWM_COLD_PLACE=0 RWM_GEN=1 RWM_PIPELINE=2 RWM_GEN_PIPE=1 RWM_GEN_R=unset RWM_GEN_RATE=9000 RWM_GEN_RATE_FLOOR=2000 RWM_GEN_INFLIGHT=unset RWM_OOO_RETAIN=0/16 RWM_WINDOW=unset RWM_REPORT_GENS=unset RWM_REPAIR_WAIT=unset RWM_CODED_SRC=0 RWM_NO_REACTIVE=0 RWM_XPATH_REPAIR=0 RWM_PROACTIVE_PACER=0 RWM_REASM_BDP=0 RWM_MIN_R=0 RWM_CC_PACE=0 RWM_CC_PACE_HR=1.1 RWM_REACT_CAP=unset RWM_INFL_CAP=0 RWM_INFL_BDP=unset RWM_COPA_FEED=0 RWM_RS_ATTR=1 RWM_EMIT_BATCH=0 RWM_EMIT_BURST=64 RWM_RECOV_MP=1 RWM_RECOV_MP_LAW=1 RWM_RECOV_MP_LIVE=0 RWM_RECOV_SP=0 RWM_DERIVED_SWEEP=0 RWM_RACK_CLOCKS=0 RWM_RACK_REO_MULT=1 RWM_QUANTILE_CLOCKS=0 RWM_ALPHA_OVERRIDE=unset RWM_W_FORM=cantelli RWM_HOLDDOWN_Q=unset RWM_REFRESH_FLOOR_US=unset RWM_DELTA=unset RWM_COMPLETION_EXPOSURE=0 RWM_DIAG=1 RWM_ACKDIAG=0 RWM_ACKDIAG_WINDOW_US=2000000 RWM_RTT_DUMP=0 RWM_RTT_DUMP_MAX=400000 RWM_SUCC_DUMP=0 RWM_SUCC_DUMP_MAX=200000 RWM_WALLDIAG=0 RWM_CPUPROF=0 RWM_RDIAG=0 RWM_FDIAG=0 RWM_TRACE=0 RWM_PFRAC=0
  ECHO ship 400B tm-c.log: RWM_UNIFIED: Realtime rides the RLC span machine (small-δ parameterization, no code-family switch)
  ECHO ship 400B tm-c.log: RWM_UNIFIED: receive path on the unified global decoder (one machine, both wires) generation=false
  ECHO ship 400B tm-c.log: sliding-window FEC mode symbol_size=512 backend=Rlc
  ECHO ship 400B tm-c.log: unified overload shedding ACTIVE at receiver (RWM_UNIFIED_SHED: in-order hold = delta-derived b*SRTT within the eps-class give-up budget)
  ECHO ship 400B tm-c.log: unified overload shedding ACTIVE (RWM_UNIFIED_SHED: past-deadline holes shed within the derived 1-rho budget; =0 = serializing arm)
  ECHO ship 400B tm-c.log: unified span law ACTIVE (RWM_UNIFIED: plain-mode proactive repair over the trailing solvable span [end-A*, end-Δ), A* from δ) hint=Realtime
  ship 400B rep1: p50=8.12ms p99=36.448ms p999=116.369ms max=116.369ms n=1000
  ship 400B rep2: p50=8.154ms p99=42.576ms p999=65.426ms max=65.426ms n=1000
  ship 400B rep3: p50=8.273ms p99=36.073ms p999=59.813ms max=59.813ms n=1000
  ship 400B rep4: p50=8.145ms p99=36.405ms p999=111.222ms max=111.222ms n=1000
  ship 400B rep5: p50=7.884ms p99=198.641ms p999=301.019ms max=301.019ms n=1000
  ship 400B rep6: p50=7.865ms p99=41.619ms p999=91.671ms max=91.671ms n=1000
  ship 400B rep7: p50=8.088ms p99=33.954ms p999=78.754ms max=78.754ms n=1000
  ship 400B rep8: p50=7.827ms p99=35.862ms p999=69.911ms max=69.911ms n=1000
  SPAN ship 400B tm-s.log: [SPAN] t=1.5s ack=0 win=[0,1] wsize=2 a_star=Some(1) delta=Some(1) owed=0.00 rr=0.500 debt=0.00 retx_buf=2 shed=0/0 bud=0.0000 D=4ms ar=0 agap=0/0 dg_rx=46 dg_tx=47
  SPAN ship 400B tm-s.log: [SPAN] t=2.1s ack=26 win=[0,27] wsize=28 a_star=Some(1) delta=Some(1) owed=0.00 rr=0.246 debt=0.00 retx_buf=1 shed=0/2 bud=0.0000 D=5ms ar=60 agap=0/0 dg_rx=102 dg_tx=104
  SPAN ship 400B tm-s.log: [SPAN] t=2.6s ack=51 win=[0,52] wsize=53 a_star=Some(1) delta=Some(1) owed=0.00 rr=0.172 debt=0.03 retx_buf=1 shed=0/2 bud=0.0000 D=5ms ar=68 agap=0/0 dg_rx=152 dg_tx=154
  SPAN ship 400B tm-s.log: [SPAN] t=3.1s ack=76 win=[0,77] wsize=78 a_star=Some(1) delta=Some(1) owed=0.00 rr=0.139 debt=0.04 retx_buf=1 shed=0/2 bud=0.0000 D=5ms ar=64 agap=0/0 dg_rx=202 dg_tx=204
  SPAN ship 400B tm-s.log: [SPAN] t=3.6s ack=101 win=[1,102] wsize=102 a_star=Some(1) delta=Some(1) owed=0.00 rr=0.127 debt=0.04 retx_buf=1 shed=0/2 bud=0.0000 D=6ms ar=61 agap=0/0 dg_rx=252 dg_tx=254
  SPAN ship 400B tm-s.log: [SPAN] t=4.1s ack=125 win=[109,126] wsize=18 a_star=Some(1) delta=Some(1) owed=0.00 rr=0.500 debt=0.24 retx_buf=1 shed=1/5 bud=0.0006 D=5ms ar=155 agap=0/0 dg_rx=310 dg_tx=316
  SPAN ship 400B tm-s.log: [SPAN] t=6.1s ack=224 win=[208,225] wsize=18 a_star=Some(1) delta=Some(1) owed=0.00 rr=0.485 debt=0.02 retx_buf=1 shed=1/10 bud=0.0000 D=6ms ar=62 agap=0/0 dg_rx=526 dg_tx=537
  SPAN ship 400B tm-s.log: [SPAN] t=11.3s ack=477 win=[461,478] wsize=18 a_star=Some(1) delta=Some(1) owed=0.00 rr=0.415 debt=0.07 retx_buf=1 shed=2/20 bud=0.0000 D=5ms ar=129 agap=0/0 dg_rx=1055 dg_tx=1077
  SPAN ship 400B tm-s.log: [SPAN] t=16.3s ack=729 win=[713,730] wsize=18 a_star=Some(1) delta=Some(1) owed=0.00 rr=0.400 debt=0.07 retx_buf=1 shed=3/25 bud=0.0000 D=5ms ar=58 agap=0/0 dg_rx=1578 dg_tx=1603
  SPAN ship 400B tm-s.log: [SPAN] t=21.5s ack=985 win=[969,986] wsize=18 a_star=Some(1) delta=Some(1) owed=0.00 rr=0.380 debt=0.00 retx_buf=1 shed=4/39 bud=0.0000 D=5ms ar=66 agap=0/0 dg_rx=2119 dg_tx=2161
  SPAN ship 400B tm-s.log: [SPAN] t=36.2s ack=1218 win=[1202,1219] wsize=18 a_star=Some(1) delta=Some(1) owed=0.00 rr=0.435 debt=0.01 retx_buf=1 shed=4/51 bud=0.0000 D=6ms ar=63 agap=1/99 dg_rx=2627 dg_tx=2683
  SPAN ship 400B tm-s.log: [SPAN] t=41.4s ack=1473 win=[1457,1474] wsize=18 a_star=Some(1) delta=Some(1) owed=0.00 rr=0.410 debt=0.00 retx_buf=1 shed=4/56 bud=0.0000 D=6ms ar=68 agap=1/99 dg_rx=3150 dg_tx=3209
  SPAN ship 400B tm-s.log: [SPAN] t=46.5s ack=1726 win=[1710,1727] wsize=18 a_star=Some(1) delta=Some(1) owed=0.00 rr=0.415 debt=0.03 retx_buf=1 shed=4/63 bud=0.0000 D=5ms ar=62 agap=1/99 dg_rx=3678 dg_tx=3744
  SPAN ship 400B tm-s.log: [SPAN] t=51.6s ack=1976 win=[1960,1977] wsize=18 a_star=Some(1) delta=Some(1) owed=0.00 rr=0.460 debt=0.04 retx_buf=1 shed=8/76 bud=0.0000 D=6ms ar=87 agap=1/99 dg_rx=4209 dg_tx=4294
  SPAN ship 400B tm-s.log: [SPAN] t=66.2s ack=2204 win=[2188,2205] wsize=18 a_star=Some(1) delta=Some(1) owed=0.00 rr=0.475 debt=0.00 retx_buf=1 shed=10/90 bud=0.0000 D=6ms ar=64 agap=2/199 dg_rx=4711 dg_tx=4810
  SPAN ship 400B tm-s.log: [SPAN] t=71.3s ack=2457 win=[2441,2458] wsize=18 a_star=Some(1) delta=Some(1) owed=0.00 rr=0.465 debt=0.02 retx_buf=1 shed=11/100 bud=0.0000 D=5ms ar=71 agap=2/199 dg_rx=5246 dg_tx=5356
  SPAN ship 400B tm-s.log: [SPAN] t=76.4s ack=2708 win=[2692,2709] wsize=18 a_star=Some(1) delta=Some(1) owed=0.00 rr=0.470 debt=0.02 retx_buf=1 shed=12/111 bud=0.0000 D=5ms ar=66 agap=2/199 dg_rx=5770 dg_tx=5897
  SPAN ship 400B tm-s.log: [SPAN] t=81.5s ack=2957 win=[2941,2958] wsize=18 a_star=Some(1) delta=Some(1) owed=0.00 rr=0.420 debt=0.02 retx_buf=1 shed=12/120 bud=0.0000 D=5ms ar=86 agap=2/199 dg_rx=6294 dg_tx=6426
  SPAN ship 400B tm-s.log: [SPAN] t=96.2s ack=3189 win=[3173,3190] wsize=18 a_star=Some(1) delta=Some(1) owed=0.00 rr=0.410 debt=0.00 retx_buf=1 shed=13/126 bud=0.0000 D=5ms ar=64 agap=3/299 dg_rx=6785 dg_tx=6923
  SPAN ship 400B tm-s.log: [SPAN] t=101.3s ack=3440 win=[3424,3441] wsize=18 a_star=Some(1) delta=Some(1) owed=0.00 rr=0.430 debt=0.07 retx_buf=1 shed=14/137 bud=0.0000 D=5ms ar=108 agap=3/299 dg_rx=7313 dg_tx=7462
  SPAN ship 400B tm-s.log: [SPAN] t=106.4s ack=3694 win=[3678,3695] wsize=18 a_star=Some(1) delta=Some(1) owed=0.00 rr=0.405 debt=0.02 retx_buf=1 shed=14/140 bud=0.0000 D=6ms ar=66 agap=3/299 dg_rx=7828 dg_tx=7981
  SPAN ship 400B tm-s.log: [SPAN] t=111.6s ack=3946 win=[3930,3947] wsize=18 a_star=Some(2) delta=Some(1) owed=0.00 rr=0.500 debt=0.00 retx_buf=1 shed=17/150 bud=0.0000 D=6ms ar=180 agap=3/299 dg_rx=8369 dg_tx=8537
  SPAN ship 400B tm-s.log: [SPAN] t=126.3s ack=4178 win=[4162,4179] wsize=18 a_star=Some(1) delta=Some(1) owed=0.00 rr=0.440 debt=0.01 retx_buf=1 shed=17/163 bud=0.0000 D=6ms ar=64 agap=4/398 dg_rx=8873 dg_tx=9055
  SPAN ship 400B tm-s.log: [SPAN] t=131.4s ack=4431 win=[4415,4432] wsize=18 a_star=Some(1) delta=Some(1) owed=0.00 rr=0.500 debt=0.00 retx_buf=1 shed=18/173 bud=0.0081 D=5ms ar=68 agap=4/398 dg_rx=9405 dg_tx=9597
  SPAN ship 400B tm-c.log: [SPAN] t=1.5s ack=0 win=[0,1] wsize=2 a_star=Some(1) delta=Some(1) owed=0.00 rr=0.500 debt=0.00 retx_buf=2 shed=0/0 bud=0.0000 D=5ms ar=0 agap=0/0 dg_rx=45 dg_tx=46
  SPAN ship 400B tm-c.log: [SPAN] t=2.0s ack=27 win=[0,28] wsize=29 a_star=Some(1) delta=Some(1) owed=0.00 rr=0.244 debt=0.07 retx_buf=1 shed=0/0 bud=0.0000 D=5ms ar=90 agap=0/0 dg_rx=103 dg_tx=103
  SPAN ship 400B tm-c.log: [SPAN] t=2.6s ack=53 win=[0,54] wsize=55 a_star=Some(1) delta=Some(1) owed=0.00 rr=0.169 debt=0.09 retx_buf=1 shed=0/0 bud=0.0000 D=5ms ar=56 agap=0/0 dg_rx=155 dg_tx=155
  SPAN ship 400B tm-c.log: [SPAN] t=3.1s ack=79 win=[0,80] wsize=81 a_star=Some(1) delta=Some(1) owed=0.00 rr=0.138 debt=0.10 retx_buf=1 shed=0/0 bud=0.0000 D=6ms ar=52 agap=0/0 dg_rx=207 dg_tx=207
  SPAN ship 400B tm-c.log: [SPAN] t=3.6s ack=104 win=[4,105] wsize=102 a_star=Some(1) delta=Some(1) owed=0.00 rr=0.127 debt=0.10 retx_buf=1 shed=0/0 bud=0.0000 D=6ms ar=50 agap=0/0 dg_rx=257 dg_tx=257
  SPAN ship 400B tm-c.log: [SPAN] t=4.1s ack=132 win=[116,133] wsize=18 a_star=Some(2) delta=Some(1) owed=0.00 rr=0.500 debt=0.00 retx_buf=1 shed=1/6 bud=0.0000 D=5ms ar=185 agap=0/0 dg_rx=319 dg_tx=322
  SPAN ship 400B tm-c.log: [SPAN] t=6.1s ack=234 win=[218,235] wsize=18 a_star=Some(1) delta=Some(1) owed=0.00 rr=0.485 debt=0.02 retx_buf=1 shed=1/16 bud=0.0000 D=5ms ar=51 agap=0/0 dg_rx=538 dg_tx=546
  SPAN ship 400B tm-c.log: [SPAN] t=11.3s ack=494 win=[478,495] wsize=18 a_star=Some(1) delta=Some(1) owed=0.00 rr=0.415 debt=0.00 retx_buf=1 shed=2/25 bud=0.0000 D=5ms ar=93 agap=0/0 dg_rx=1080 dg_tx=1092
  SPAN ship 400B tm-c.log: [SPAN] t=16.3s ack=748 win=[732,749] wsize=18 a_star=Some(1) delta=Some(1) owed=0.00 rr=0.400 debt=0.10 retx_buf=1 shed=2/31 bud=0.0000 D=5ms ar=57 agap=0/0 dg_rx=1604 dg_tx=1619
  SPAN ship 400B tm-c.log: [SPAN] t=21.4s ack=1005 win=[989,1006] wsize=18 a_star=Some(1) delta=Some(1) owed=0.00 rr=0.380 debt=0.02 retx_buf=1 shed=5/42 bud=0.0000 D=5ms ar=54 agap=0/0 dg_rx=2156 dg_tx=2176
  SPAN ship 400B tm-c.log: [SPAN] t=36.2s ack=1248 win=[1232,1249] wsize=18 a_star=Some(1) delta=Some(1) owed=0.00 rr=0.435 debt=0.07 retx_buf=1 shed=5/57 bud=0.0000 D=6ms ar=51 agap=1/101 dg_rx=2682 dg_tx=2713
  SPAN ship 400B tm-c.log: [SPAN] t=41.3s ack=1503 win=[1487,1504] wsize=18 a_star=Some(1) delta=Some(1) owed=0.00 rr=0.410 debt=0.05 retx_buf=1 shed=6/60 bud=0.0000 D=5ms ar=53 agap=1/101 dg_rx=3204 dg_tx=3238
  SPAN ship 400B tm-c.log: [SPAN] t=46.4s ack=1760 win=[1744,1761] wsize=18 a_star=Some(1) delta=Some(1) owed=0.00 rr=0.415 debt=0.04 retx_buf=1 shed=7/70 bud=0.0000 D=5ms ar=51 agap=1/101 dg_rx=3739 dg_tx=3780
  SPAN ship 400B tm-c.log: [SPAN] t=51.5s ack=2020 win=[2004,2021] wsize=18 a_star=Some(1) delta=Some(1) owed=0.00 rr=0.460 debt=0.04 retx_buf=1 shed=10/84 bud=0.0000 D=5ms ar=99 agap=1/101 dg_rx=4289 dg_tx=4341
  SPAN ship 400B tm-c.log: [SPAN] t=66.3s ack=2263 win=[2247,2264] wsize=18 a_star=Some(1) delta=Some(1) owed=0.00 rr=0.480 debt=0.02 retx_buf=1 shed=10/100 bud=0.0000 D=5ms ar=51 agap=2/202 dg_rx=4815 dg_tx=4877
  SPAN ship 400B tm-c.log: [SPAN] t=71.4s ack=2524 win=[2508,2525] wsize=18 a_star=Some(1) delta=Some(1) owed=0.00 rr=0.465 debt=0.02 retx_buf=1 shed=10/114 bud=0.0000 D=5ms ar=51 agap=2/202 dg_rx=5365 dg_tx=5436
  SPAN ship 400B tm-c.log: [SPAN] t=76.5s ack=2781 win=[2765,2782] wsize=18 a_star=Some(1) delta=Some(1) owed=0.00 rr=0.470 debt=0.03 retx_buf=1 shed=11/122 bud=0.0000 D=5ms ar=51 agap=2/202 dg_rx=5908 dg_tx=5990
  SPAN ship 400B tm-c.log: [SPAN] t=91.6s ack=3037 win=[3021,3038] wsize=18 a_star=Some(1) delta=Some(1) owed=0.00 rr=0.430 debt=0.00 retx_buf=1 shed=11/136 bud=0.0006 D=6ms ar=51 agap=3/203 dg_rx=6450 dg_tx=6539
  SPAN ship 400B tm-c.log: [SPAN] t=96.8s ack=3296 win=[3280,3297] wsize=18 a_star=Some(1) delta=Some(1) owed=0.00 rr=0.410 debt=0.07 retx_buf=1 shed=11/140 bud=0.0000 D=5ms ar=52 agap=3/303 dg_rx=6980 dg_tx=7072
  SPAN ship 400B tm-c.log: [SPAN] t=101.9s ack=3553 win=[3537,3554] wsize=18 a_star=Some(1) delta=Some(1) owed=0.00 rr=0.415 debt=0.08 retx_buf=1 shed=12/151 bud=0.0000 D=5ms ar=52 agap=3/303 dg_rx=7519 dg_tx=7619
  SPAN ship 400B tm-c.log: [SPAN] t=107.0s ack=3812 win=[3796,3813] wsize=18 a_star=Some(1) delta=Some(1) owed=0.00 rr=0.390 debt=0.03 retx_buf=1 shed=13/156 bud=0.0000 D=5ms ar=56 agap=3/303 dg_rx=8050 dg_tx=8154
  SPAN ship 400B tm-c.log: [SPAN] t=121.6s ack=4050 win=[4034,4051] wsize=18 a_star=Some(3) delta=Some(1) owed=0.00 rr=0.455 debt=0.00 retx_buf=1 shed=17/176 bud=0.0000 D=6ms ar=388 agap=4/304 dg_rx=8558 dg_tx=8676
  SPAN ship 400B tm-c.log: [SPAN] t=126.7s ack=4307 win=[4291,4308] wsize=18 a_star=Some(1) delta=Some(1) owed=0.00 rr=0.440 debt=0.05 retx_buf=1 shed=17/187 bud=0.0000 D=5ms ar=54 agap=4/404 dg_rx=9102 dg_tx=9225
  SPAN ship 400B tm-c.log: [SPAN] t=132.1s ack=4565 win=[4549,4568] wsize=20 a_star=Some(1) delta=Some(1) owed=0.00 rr=0.500 debt=0.00 retx_buf=1 shed=21/202 bud=0.0181 D=5ms ar=100 agap=4/404 dg_rx=9646 dg_tx=9787
  EVICT ship 400B tm-s.log: [RFA] gen=0 fires=249 false=64 false_frac=0.2570 fill_coded=65 fill_src=120 dup_src=49 preempt_src=15 src_n=8052 rep_n=228 nu_recv=0.03092 fa_class=0.0625 rep_redundant=158 late_after_aban=82
  EVICT ship 400B tm-s.log: [SUCC] gen=0 det=157 res=57 orig_n=54 orig_p50_us=4096 orig_p90_us=6144 orig_p99_us=7168 orig_mx_us=7258 orig_mean_us=4003 rep_n=3 rep_p50_us=60 rep_p90_us=64 rep_p99_us=64 rep_mx_us=65 rep_mean_us=62 aban_n=100 aban_p50_us=7168 aban_p90_us=7680 aban_p99_us=8192 aban_mx_us=8506 aban_mean_us=7072 open=0 over=0 orig_frac=0.9474 cross_us=- dump=0/0 sp_n=57 xp_n=0 xp_frac=0.0000 sp_p50_us=4096 sp_p90_us=6144 xp_p50_us=- xp_p90_us=-
  EVICT ship 400B tm-c.log: [RFA] gen=0 fires=320 false=320 false_frac=1.0000 fill_coded=0 fill_src=0 dup_src=320 preempt_src=0 src_n=8173 rep_n=324 nu_recv=0.03915 fa_class=0.0625 rep_redundant=322 late_after_aban=0
  EVICT ship 400B tm-c.log: [SUCC] gen=0 det=0 res=0 orig_n=0 orig_p50_us=- orig_p90_us=- orig_p99_us=- orig_mx_us=- orig_mean_us=- rep_n=0 rep_p50_us=- rep_p90_us=- rep_p99_us=- rep_mx_us=- rep_mean_us=- aban_n=0 aban_p50_us=- aban_p90_us=- aban_p99_us=- aban_mx_us=- aban_mean_us=- open=0 over=0 orig_frac=- cross_us=- dump=0/0 sp_n=0 xp_n=0 xp_frac=- sp_p50_us=- sp_p90_us=- xp_p50_us=- xp_p90_us=-
ARM ship 400B: n=8 min=34 median=36 max=199
--- ship 1200B start=07:02:39
ARMENV ship 1200B: hint=realtime env='<unset>' flags='' rate=50 dur=20
  ECHO ship 1200B tm-s.log: ack-merge ACTIVE (RWM_ACK_MERGE: WINDOW mode sends ONE control datagram per data message instead of two — the legacy per-batch Ack is suppressed, the SACK WindowAck goes unconditional at that cadence and carries the Ack's payload in the v6 cumulative cum_expected/cum_received counters, every Ack-arm consumer re-homed onto the counter diff; BLOCK mode bit-exact; the delivery statistic/cadence/counts unchanged) copa_feed=false
  ECHO ship 1200B tm-s.log: A* send-rate anchor ACTIVE (RWM_ASTAR_ANCHOR: windowed-max send rate over ~8 SRTT, clock-gap sample discard)
  ECHO ship 1200B tm-s.log: clock-gap estimator hygiene ACTIVE (RWM_CLOCK_GAP: process-clock stall witness, post-stall sample discard at the ack feed sites)
  ECHO ship 1200B tm-s.log: M* peer-report RTT-feed suppression ACTIVE (RWM_MSTAR_ANCHOR plain-live subset: local-echo-only RTT feed + estimator seed-from-sample)
  ECHO ship 1200B tm-s.log: quinn congestion controller: BBR (shipped default; RWM_QUIC_CC overrides)
  ECHO ship 1200B tm-s.log: RWM_UNIFIED=1 RWM_UNIFIED_SHED=1 RWM_TAPER_R=1 RWM_ASTAR_ANCHOR=1 RWM_MSTAR_ANCHOR=1 RWM_PLAIN_RS=0 RWM_HONEST_ANCHOR=1 RWM_HONEST_K=0 RWM_STORE_SACK_RELEASE=1 RWM_STORE_PATHS=1 RWM_STORE_PATH_POOL=2048 RWM_STORE=unset RWM_STORE_GAIN=2 RWM_STORE_BOOT=128 RWM_STORE_CAPW=0 RWM_STORE_CAP_UNIFIED=0 RWM_THREE_TERM=0 RWM_COMPOSED_CAP=0 RWM_SUM_CAP=1 RWM_LATE_BRAKE=0 RWM_DELTA_CAP=1 RWM_STORE_PERCAP=0 RWM_PERCAP_GUARD=1 RWM_STORE_BORROW=0 RWM_HONEST_CAP=1 RWM_POOL_ANCHOR=0 RWM_POOL_DELIV=0 RWM_FLOOR_BOUND=0 RWM_ACK_MERGE=1 RWM_LOSS_SENT_TRUTH=0 RWM_RELEASE_1TO1=0 RWM_CHARGE_RECOVERY=0 RWM_PATIENCE_DERIVED=0 RWM_SIDLE_DERIVED=0 RWM_WIN_DECOUPLE=0 RWM_PLACE_SLACK=0 RWM_COLD_PLACE=0 RWM_GEN=1 RWM_PIPELINE=2 RWM_GEN_PIPE=1 RWM_GEN_R=unset RWM_GEN_RATE=9000 RWM_GEN_RATE_FLOOR=2000 RWM_GEN_INFLIGHT=unset RWM_OOO_RETAIN=0/16 RWM_WINDOW=unset RWM_REPORT_GENS=unset RWM_REPAIR_WAIT=unset RWM_CODED_SRC=0 RWM_NO_REACTIVE=0 RWM_XPATH_REPAIR=0 RWM_PROACTIVE_PACER=0 RWM_REASM_BDP=0 RWM_MIN_R=0 RWM_CC_PACE=0 RWM_CC_PACE_HR=1.1 RWM_REACT_CAP=unset RWM_INFL_CAP=0 RWM_INFL_BDP=unset RWM_COPA_FEED=0 RWM_RS_ATTR=1 RWM_EMIT_BATCH=0 RWM_EMIT_BURST=64 RWM_RECOV_MP=1 RWM_RECOV_MP_LAW=1 RWM_RECOV_MP_LIVE=0 RWM_RECOV_SP=0 RWM_DERIVED_SWEEP=0 RWM_RACK_CLOCKS=0 RWM_RACK_REO_MULT=1 RWM_QUANTILE_CLOCKS=0 RWM_ALPHA_OVERRIDE=unset RWM_W_FORM=cantelli RWM_HOLDDOWN_Q=unset RWM_REFRESH_FLOOR_US=unset RWM_DELTA=unset RWM_COMPLETION_EXPOSURE=0 RWM_DIAG=1 RWM_ACKDIAG=0 RWM_ACKDIAG_WINDOW_US=2000000 RWM_RTT_DUMP=0 RWM_RTT_DUMP_MAX=400000 RWM_SUCC_DUMP=0 RWM_SUCC_DUMP_MAX=200000 RWM_WALLDIAG=0 RWM_CPUPROF=0 RWM_RDIAG=0 RWM_FDIAG=0 RWM_TRACE=0 RWM_PFRAC=0
  ECHO ship 1200B tm-s.log: RWM_UNIFIED: Realtime rides the RLC span machine (small-δ parameterization, no code-family switch)
  ECHO ship 1200B tm-s.log: RWM_UNIFIED: receive path on the unified global decoder (one machine, both wires) generation=false
  ECHO ship 1200B tm-s.log: sliding-window FEC mode symbol_size=512 backend=Rlc
  ECHO ship 1200B tm-s.log: unified overload shedding ACTIVE at receiver (RWM_UNIFIED_SHED: in-order hold = delta-derived b*SRTT within the eps-class give-up budget)
  ECHO ship 1200B tm-s.log: unified overload shedding ACTIVE (RWM_UNIFIED_SHED: past-deadline holes shed within the derived 1-rho budget; =0 = serializing arm)
  ECHO ship 1200B tm-s.log: unified span law ACTIVE (RWM_UNIFIED: plain-mode proactive repair over the trailing solvable span [end-A*, end-Δ), A* from δ) hint=Realtime
  ECHO ship 1200B tm-c.log: ack-merge ACTIVE (RWM_ACK_MERGE: WINDOW mode sends ONE control datagram per data message instead of two — the legacy per-batch Ack is suppressed, the SACK WindowAck goes unconditional at that cadence and carries the Ack's payload in the v6 cumulative cum_expected/cum_received counters, every Ack-arm consumer re-homed onto the counter diff; BLOCK mode bit-exact; the delivery statistic/cadence/counts unchanged) copa_feed=false
  ECHO ship 1200B tm-c.log: A* send-rate anchor ACTIVE (RWM_ASTAR_ANCHOR: windowed-max send rate over ~8 SRTT, clock-gap sample discard)
  ECHO ship 1200B tm-c.log: clock-gap estimator hygiene ACTIVE (RWM_CLOCK_GAP: process-clock stall witness, post-stall sample discard at the ack feed sites)
  ECHO ship 1200B tm-c.log: M* peer-report RTT-feed suppression ACTIVE (RWM_MSTAR_ANCHOR plain-live subset: local-echo-only RTT feed + estimator seed-from-sample)
  ECHO ship 1200B tm-c.log: quinn congestion controller: BBR (shipped default; RWM_QUIC_CC overrides)
  ECHO ship 1200B tm-c.log: RWM_UNIFIED=1 RWM_UNIFIED_SHED=1 RWM_TAPER_R=1 RWM_ASTAR_ANCHOR=1 RWM_MSTAR_ANCHOR=1 RWM_PLAIN_RS=0 RWM_HONEST_ANCHOR=1 RWM_HONEST_K=0 RWM_STORE_SACK_RELEASE=1 RWM_STORE_PATHS=1 RWM_STORE_PATH_POOL=2048 RWM_STORE=unset RWM_STORE_GAIN=2 RWM_STORE_BOOT=128 RWM_STORE_CAPW=0 RWM_STORE_CAP_UNIFIED=0 RWM_THREE_TERM=0 RWM_COMPOSED_CAP=0 RWM_SUM_CAP=1 RWM_LATE_BRAKE=0 RWM_DELTA_CAP=1 RWM_STORE_PERCAP=0 RWM_PERCAP_GUARD=1 RWM_STORE_BORROW=0 RWM_HONEST_CAP=1 RWM_POOL_ANCHOR=0 RWM_POOL_DELIV=0 RWM_FLOOR_BOUND=0 RWM_ACK_MERGE=1 RWM_LOSS_SENT_TRUTH=0 RWM_RELEASE_1TO1=0 RWM_CHARGE_RECOVERY=0 RWM_PATIENCE_DERIVED=0 RWM_SIDLE_DERIVED=0 RWM_WIN_DECOUPLE=0 RWM_PLACE_SLACK=0 RWM_COLD_PLACE=0 RWM_GEN=1 RWM_PIPELINE=2 RWM_GEN_PIPE=1 RWM_GEN_R=unset RWM_GEN_RATE=9000 RWM_GEN_RATE_FLOOR=2000 RWM_GEN_INFLIGHT=unset RWM_OOO_RETAIN=0/16 RWM_WINDOW=unset RWM_REPORT_GENS=unset RWM_REPAIR_WAIT=unset RWM_CODED_SRC=0 RWM_NO_REACTIVE=0 RWM_XPATH_REPAIR=0 RWM_PROACTIVE_PACER=0 RWM_REASM_BDP=0 RWM_MIN_R=0 RWM_CC_PACE=0 RWM_CC_PACE_HR=1.1 RWM_REACT_CAP=unset RWM_INFL_CAP=0 RWM_INFL_BDP=unset RWM_COPA_FEED=0 RWM_RS_ATTR=1 RWM_EMIT_BATCH=0 RWM_EMIT_BURST=64 RWM_RECOV_MP=1 RWM_RECOV_MP_LAW=1 RWM_RECOV_MP_LIVE=0 RWM_RECOV_SP=0 RWM_DERIVED_SWEEP=0 RWM_RACK_CLOCKS=0 RWM_RACK_REO_MULT=1 RWM_QUANTILE_CLOCKS=0 RWM_ALPHA_OVERRIDE=unset RWM_W_FORM=cantelli RWM_HOLDDOWN_Q=unset RWM_REFRESH_FLOOR_US=unset RWM_DELTA=unset RWM_COMPLETION_EXPOSURE=0 RWM_DIAG=1 RWM_ACKDIAG=0 RWM_ACKDIAG_WINDOW_US=2000000 RWM_RTT_DUMP=0 RWM_RTT_DUMP_MAX=400000 RWM_SUCC_DUMP=0 RWM_SUCC_DUMP_MAX=200000 RWM_WALLDIAG=0 RWM_CPUPROF=0 RWM_RDIAG=0 RWM_FDIAG=0 RWM_TRACE=0 RWM_PFRAC=0
  ECHO ship 1200B tm-c.log: RWM_UNIFIED: Realtime rides the RLC span machine (small-δ parameterization, no code-family switch)
  ECHO ship 1200B tm-c.log: RWM_UNIFIED: receive path on the unified global decoder (one machine, both wires) generation=false
  ECHO ship 1200B tm-c.log: sliding-window FEC mode symbol_size=512 backend=Rlc
  ECHO ship 1200B tm-c.log: unified overload shedding ACTIVE at receiver (RWM_UNIFIED_SHED: in-order hold = delta-derived b*SRTT within the eps-class give-up budget)
  ECHO ship 1200B tm-c.log: unified overload shedding ACTIVE (RWM_UNIFIED_SHED: past-deadline holes shed within the derived 1-rho budget; =0 = serializing arm)
  ECHO ship 1200B tm-c.log: unified span law ACTIVE (RWM_UNIFIED: plain-mode proactive repair over the trailing solvable span [end-A*, end-Δ), A* from δ) hint=Realtime
  ship 1200B rep1: p50=8.62ms p99=41.573ms p999=75.108ms max=75.108ms n=1000
  ship 1200B rep2: p50=8.767ms p99=40.099ms p999=68.959ms max=68.959ms n=1000
  ship 1200B rep3: p50=8.402ms p99=39.208ms p999=49.314ms max=49.314ms n=1000
  ship 1200B rep4: p50=8.656ms p99=42.249ms p999=72.745ms max=72.745ms n=1000
  ship 1200B rep5: p50=8.725ms p99=37.077ms p999=68.077ms max=68.077ms n=1000
  ship 1200B rep6: p50=8.562ms p99=42.147ms p999=65.613ms max=65.613ms n=1000
  ship 1200B rep7: p50=8.461ms p99=35.481ms p999=60.031ms max=60.031ms n=1000
  ship 1200B rep8: p50=8.639ms p99=40.814ms p999=71.884ms max=71.884ms n=1000
  SPAN ship 1200B tm-s.log: [SPAN] t=1.6s ack=0 win=[0,1] wsize=2 a_star=Some(1) delta=Some(1) owed=0.00 rr=0.500 debt=0.00 retx_buf=2 shed=0/0 bud=0.0000 D=6ms ar=0 agap=0/0 dg_rx=53 dg_tx=53
  SPAN ship 1200B tm-s.log: [SPAN] t=2.1s ack=42 win=[0,43] wsize=44 a_star=Some(2) delta=Some(1) owed=0.00 rr=0.255 debt=0.18 retx_buf=1 shed=0/4 bud=0.0000 D=6ms ar=246 agap=0/0 dg_rx=204 dg_tx=206
  SPAN ship 1200B tm-s.log: [SPAN] t=2.6s ack=81 win=[0,82] wsize=83 a_star=Some(1) delta=Some(1) owed=0.00 rr=0.169 debt=0.25 retx_buf=1 shed=0/4 bud=0.0000 D=6ms ar=151 agap=0/0 dg_rx=319 dg_tx=321
  SPAN ship 1200B tm-s.log: [SPAN] t=3.1s ack=115 win=[15,117] wsize=103 a_star=Some(2) delta=Some(1) owed=0.00 rr=0.300 debt=0.47 retx_buf=2 shed=0/6 bud=0.0000 D=6ms ar=276 agap=0/0 dg_rx=445 dg_tx=453
  SPAN ship 1200B tm-s.log: [SPAN] t=3.6s ack=156 win=[56,157] wsize=102 a_star=Some(1) delta=Some(1) owed=0.00 rr=0.500 debt=0.00 retx_buf=1 shed=0/9 bud=0.0206 D=5ms ar=133 agap=0/0 dg_rx=563 dg_tx=574
  SPAN ship 1200B tm-s.log: [SPAN] t=4.1s ack=194 win=[178,195] wsize=18 a_star=Some(2) delta=Some(1) owed=0.00 rr=0.500 debt=0.00 retx_buf=1 shed=1/10 bud=0.0000 D=6ms ar=193 agap=0/0 dg_rx=723 dg_tx=736
  SPAN ship 1200B tm-s.log: [SPAN] t=6.2s ack=355 win=[339,356] wsize=18 a_star=Some(1) delta=Some(1) owed=0.00 rr=0.500 debt=0.00 retx_buf=1 shed=2/13 bud=0.0134 D=5ms ar=110 agap=0/0 dg_rx=1354 dg_tx=1374
  SPAN ship 1200B tm-s.log: [SPAN] t=11.3s ack=752 win=[736,753] wsize=18 a_star=Some(1) delta=Some(1) owed=0.00 rr=0.500 debt=0.00 retx_buf=1 shed=3/28 bud=0.0000 D=6ms ar=156 agap=0/0 dg_rx=2899 dg_tx=2941
  SPAN ship 1200B tm-s.log: [SPAN] t=16.4s ack=1130 win=[1114,1132] wsize=19 a_star=Some(2) delta=Some(1) owed=0.00 rr=0.500 debt=0.00 retx_buf=2 shed=3/44 bud=0.0135 D=5ms ar=176 agap=0/0 dg_rx=4431 dg_tx=4494
  SPAN ship 1200B tm-s.log: [SPAN] t=21.5s ack=1534 win=[1518,1535] wsize=18 a_star=Some(1) delta=Some(1) owed=0.00 rr=0.500 debt=0.00 retx_buf=1 shed=6/52 bud=0.0000 D=5ms ar=115 agap=0/0 dg_rx=6017 dg_tx=6092
  SPAN ship 1200B tm-s.log: [SPAN] t=36.2s ack=1897 win=[1881,1898] wsize=18 a_star=Some(1) delta=Some(1) owed=0.00 rr=0.500 debt=0.00 retx_buf=1 shed=8/65 bud=0.0000 D=6ms ar=147 agap=1/103 dg_rx=7441 dg_tx=7534
  SPAN ship 1200B tm-s.log: [SPAN] t=41.3s ack=2279 win=[2263,2280] wsize=18 a_star=Some(1) delta=Some(1) owed=0.00 rr=0.500 debt=0.00 retx_buf=1 shed=10/81 bud=0.0000 D=5ms ar=162 agap=1/103 dg_rx=9013 dg_tx=9128
  SPAN ship 1200B tm-s.log: [SPAN] t=46.4s ack=2679 win=[2663,2681] wsize=19 a_star=Some(1) delta=Some(1) owed=0.00 rr=0.500 debt=0.50 retx_buf=2 shed=12/97 bud=0.0000 D=5ms ar=156 agap=1/103 dg_rx=10608 dg_tx=10748
  SPAN ship 1200B tm-s.log: [SPAN] t=51.4s ack=3059 win=[3043,3060] wsize=18 a_star=Some(1) delta=Some(1) owed=0.00 rr=0.500 debt=0.00 retx_buf=1 shed=12/113 bud=0.0000 D=6ms ar=162 agap=1/103 dg_rx=12158 dg_tx=12311
  SPAN ship 1200B tm-s.log: [SPAN] t=66.2s ack=3411 win=[3395,3413] wsize=19 a_star=Some(2) delta=Some(1) owed=0.00 rr=0.500 debt=0.00 retx_buf=2 shed=13/125 bud=0.0000 D=6ms ar=178 agap=2/211 dg_rx=13595 dg_tx=13758
  SPAN ship 1200B tm-s.log: [SPAN] t=71.4s ack=3792 win=[3776,3793] wsize=18 a_star=Some(1) delta=Some(1) owed=0.00 rr=0.500 debt=0.00 retx_buf=1 shed=17/140 bud=0.0000 D=6ms ar=106 agap=2/211 dg_rx=15172 dg_tx=15363
  SPAN ship 1200B tm-s.log: [SPAN] t=76.5s ack=4169 win=[4153,4170] wsize=18 a_star=Some(2) delta=Some(1) owed=0.00 rr=0.500 debt=0.00 retx_buf=1 shed=21/163 bud=0.0000 D=6ms ar=176 agap=2/211 dg_rx=16709 dg_tx=16934
  SPAN ship 1200B tm-s.log: [SPAN] t=81.6s ack=4533 win=[4517,4534] wsize=18 a_star=Some(2) delta=Some(1) owed=0.00 rr=0.500 debt=0.00 retx_buf=1 shed=26/180 bud=0.0000 D=6ms ar=250 agap=2/211 dg_rx=18236 dg_tx=18487
  SPAN ship 1200B tm-s.log: [SPAN] t=96.3s ack=4882 win=[4866,4883] wsize=18 a_star=Some(2) delta=Some(1) owed=0.00 rr=0.500 debt=0.00 retx_buf=1 shed=30/195 bud=0.0000 D=6ms ar=207 agap=3/315 dg_rx=19651 dg_tx=19931
  SPAN ship 1200B tm-s.log: [SPAN] t=101.3s ack=5262 win=[5246,5264] wsize=19 a_star=Some(1) delta=Some(1) owed=0.00 rr=0.500 debt=0.50 retx_buf=2 shed=31/205 bud=0.0000 D=6ms ar=112 agap=3/315 dg_rx=21142 dg_tx=21436
  SPAN ship 1200B tm-s.log: [SPAN] t=106.4s ack=5651 win=[5635,5652] wsize=18 a_star=Some(2) delta=Some(1) owed=0.00 rr=0.500 debt=0.00 retx_buf=1 shed=32/218 bud=0.0000 D=6ms ar=167 agap=3/315 dg_rx=22680 dg_tx=22986
  SPAN ship 1200B tm-s.log: [SPAN] t=111.5s ack=6032 win=[6016,6033] wsize=18 a_star=Some(2) delta=Some(1) owed=0.00 rr=0.500 debt=0.00 retx_buf=1 shed=32/233 bud=0.0000 D=5ms ar=182 agap=3/315 dg_rx=24214 dg_tx=24541
  SPAN ship 1200B tm-s.log: [SPAN] t=126.3s ack=6405 win=[6389,6406] wsize=18 a_star=Some(2) delta=Some(1) owed=0.00 rr=0.500 debt=0.00 retx_buf=1 shed=34/241 bud=0.0000 D=5ms ar=221 agap=4/420 dg_rx=25667 dg_tx=26007
  SPAN ship 1200B tm-s.log: [SPAN] t=131.4s ack=6807 win=[6791,6808] wsize=18 a_star=Some(2) delta=Some(1) owed=0.00 rr=0.500 debt=0.00 retx_buf=1 shed=35/248 bud=0.0000 D=5ms ar=213 agap=4/420 dg_rx=27167 dg_tx=27520
  SPAN ship 1200B tm-c.log: [SPAN] t=1.6s ack=0 win=[0,1] wsize=2 a_star=Some(1) delta=Some(1) owed=0.00 rr=0.500 debt=0.00 retx_buf=2 shed=0/0 bud=0.0000 D=5ms ar=0 agap=0/0 dg_rx=52 dg_tx=53
  SPAN ship 1200B tm-c.log: [SPAN] t=2.1s ack=78 win=[0,79] wsize=80 a_star=Some(2) delta=Some(1) owed=0.00 rr=0.203 debt=0.28 retx_buf=1 shed=0/4 bud=0.0000 D=6ms ar=260 agap=0/0 dg_rx=204 dg_tx=206
  SPAN ship 1200B tm-c.log: [SPAN] t=2.6s ack=153 win=[53,155] wsize=103 a_star=Some(1) delta=Some(1) owed=0.00 rr=0.157 debt=0.57 retx_buf=2 shed=0/4 bud=0.0000 D=6ms ar=152 agap=0/0 dg_rx=318 dg_tx=320
  SPAN ship 1200B tm-c.log: [SPAN] t=3.1s ack=231 win=[131,234] wsize=104 a_star=Some(2) delta=Some(1) owed=0.00 rr=0.312 debt=0.68 retx_buf=3 shed=0/13 bud=0.0000 D=6ms ar=303 agap=0/0 dg_rx=449 dg_tx=459
  SPAN ship 1200B tm-c.log: [SPAN] t=3.6s ack=305 win=[205,310] wsize=106 a_star=Some(1) delta=Some(1) owed=0.00 rr=0.235 debt=0.00 retx_buf=5 shed=0/15 bud=0.0000 D=6ms ar=152 agap=0/0 dg_rx=570 dg_tx=585
  SPAN ship 1200B tm-c.log: [SPAN] t=4.1s ack=387 win=[371,388] wsize=18 a_star=Some(2) delta=Some(1) owed=0.00 rr=0.500 debt=0.00 retx_buf=1 shed=0/25 bud=0.0000 D=6ms ar=299 agap=0/0 dg_rx=728 dg_tx=743
  SPAN ship 1200B tm-c.log: [SPAN] t=6.1s ack=691 win=[675,692] wsize=18 a_star=Some(1) delta=Some(1) owed=0.00 rr=0.500 debt=0.00 retx_buf=1 shed=1/35 bud=0.0002 D=5ms ar=154 agap=0/0 dg_rx=1356 dg_tx=1377
  SPAN ship 1200B tm-c.log: [SPAN] t=11.2s ack=1449 win=[1433,1452] wsize=20 a_star=Some(1) delta=Some(1) owed=0.00 rr=0.500 debt=0.00 retx_buf=3 shed=1/80 bud=0.0000 D=5ms ar=166 agap=0/0 dg_rx=2905 dg_tx=2953
  SPAN ship 1200B tm-c.log: [SPAN] t=16.2s ack=2222 win=[2206,2225] wsize=20 a_star=Some(2) delta=Some(1) owed=0.00 rr=0.500 debt=0.00 retx_buf=3 shed=10/132 bud=0.0000 D=5ms ar=250 agap=0/0 dg_rx=4442 dg_tx=4516
  SPAN ship 1200B tm-c.log: [SPAN] t=21.3s ack=2986 win=[2970,2987] wsize=18 a_star=Some(2) delta=Some(1) owed=0.00 rr=0.500 debt=0.00 retx_buf=1 shed=11/163 bud=0.0000 D=5ms ar=175 agap=0/0 dg_rx=6034 dg_tx=6119
  SPAN ship 1200B tm-c.log: [SPAN] t=36.2s ack=3723 win=[3707,3724] wsize=18 a_star=Some(2) delta=Some(1) owed=0.00 rr=0.500 debt=0.00 retx_buf=1 shed=13/228 bud=0.0000 D=6ms ar=164 agap=1/102 dg_rx=7530 dg_tx=7646
  SPAN ship 1200B tm-c.log: [SPAN] t=41.2s ack=4487 win=[4471,4490] wsize=20 a_star=Some(2) delta=Some(1) owed=0.00 rr=0.500 debt=0.00 retx_buf=3 shed=21/299 bud=0.0000 D=5ms ar=256 agap=1/102 dg_rx=9102 dg_tx=9257
  SPAN ship 1200B tm-c.log: [SPAN] t=46.3s ack=5255 win=[5239,5258] wsize=20 a_star=Some(2) delta=Some(1) owed=0.00 rr=0.500 debt=0.00 retx_buf=3 shed=27/348 bud=0.0000 D=5ms ar=178 agap=1/102 dg_rx=10718 dg_tx=10903
  SPAN ship 1200B tm-c.log: [SPAN] t=51.3s ack=6021 win=[6005,6022] wsize=18 a_star=Some(2) delta=Some(1) owed=0.00 rr=0.500 debt=0.00 retx_buf=1 shed=34/386 bud=0.0001 D=6ms ar=238 agap=1/102 dg_rx=12276 dg_tx=12492
  SPAN ship 1200B tm-c.log: [SPAN] t=66.2s ack=6754 win=[6738,6756] wsize=19 a_star=Some(2) delta=Some(1) owed=0.00 rr=0.500 debt=0.50 retx_buf=2 shed=35/417 bud=0.0000 D=6ms ar=194 agap=2/204 dg_rx=13754 dg_tx=13989
  SPAN ship 1200B tm-c.log: [SPAN] t=71.3s ack=7521 win=[7505,7524] wsize=20 a_star=Some(1) delta=Some(1) owed=0.00 rr=0.500 debt=0.00 retx_buf=3 shed=41/515 bud=0.0000 D=6ms ar=153 agap=2/204 dg_rx=15328 dg_tx=15606
  SPAN ship 1200B tm-c.log: [SPAN] t=76.3s ack=8282 win=[8266,8284] wsize=19 a_star=Some(2) delta=Some(1) owed=0.00 rr=0.500 debt=0.50 retx_buf=2 shed=47/565 bud=0.0000 D=6ms ar=178 agap=2/204 dg_rx=16886 dg_tx=17194
  SPAN ship 1200B tm-c.log: [SPAN] t=81.4s ack=9047 win=[9031,9048] wsize=18 a_star=Some(1) delta=Some(1) owed=0.00 rr=0.500 debt=0.00 retx_buf=1 shed=50/616 bud=0.0000 D=5ms ar=164 agap=2/204 dg_rx=18428 dg_tx=18767
  SPAN ship 1200B tm-c.log: [SPAN] t=96.3s ack=9787 win=[9771,9788] wsize=18 a_star=Some(1) delta=Some(1) owed=0.00 rr=0.500 debt=0.00 retx_buf=1 shed=54/676 bud=0.0000 D=6ms ar=156 agap=3/307 dg_rx=19913 dg_tx=20290
  SPAN ship 1200B tm-c.log: [SPAN] t=101.3s ack=10545 win=[10529,10547] wsize=19 a_star=Some(1) delta=Some(1) owed=0.00 rr=0.500 debt=0.50 retx_buf=2 shed=55/696 bud=0.0000 D=5ms ar=157 agap=3/307 dg_rx=21426 dg_tx=21813
  SPAN ship 1200B tm-c.log: [SPAN] t=106.3s ack=11304 win=[11288,11305] wsize=18 a_star=Some(1) delta=Some(1) owed=0.00 rr=0.500 debt=0.00 retx_buf=1 shed=57/739 bud=0.0000 D=5ms ar=156 agap=3/307 dg_rx=22963 dg_tx=23371
  SPAN ship 1200B tm-c.log: [SPAN] t=111.4s ack=12067 win=[12051,12068] wsize=18 a_star=Some(1) delta=Some(1) owed=0.00 rr=0.500 debt=0.00 retx_buf=1 shed=63/775 bud=0.0000 D=5ms ar=153 agap=3/307 dg_rx=24511 dg_tx=24942
  SPAN ship 1200B tm-c.log: [SPAN] t=126.3s ack=12802 win=[12786,12805] wsize=20 a_star=Some(2) delta=Some(1) owed=0.00 rr=0.500 debt=0.00 retx_buf=3 shed=68/803 bud=0.0000 D=5ms ar=320 agap=4/409 dg_rx=25982 dg_tx=26433
  SPAN ship 1200B tm-c.log: [SPAN] t=131.3s ack=13564 win=[13548,13565] wsize=18 a_star=Some(2) delta=Some(1) owed=0.00 rr=0.500 debt=0.00 retx_buf=1 shed=69/823 bud=0.0000 D=5ms ar=198 agap=4/409 dg_rx=27499 dg_tx=27955
  EVICT ship 1200B tm-s.log: [RFA] gen=0 fires=1088 false=419 false_frac=0.3851 fill_coded=157 fill_src=512 dup_src=272 preempt_src=147 src_n=24340 rep_n=8013 nu_recv=0.04470 fa_class=0.0625 rep_redundant=7791 late_after_aban=445
  EVICT ship 1200B tm-s.log: [SUCC] gen=0 det=705 res=221 orig_n=162 orig_p50_us=96 orig_p90_us=6144 orig_p99_us=14336 orig_mx_us=15817 orig_mean_us=1730 rep_n=59 rep_p50_us=88 rep_p90_us=6656 rep_p99_us=15360 rep_mx_us=15817 rep_mean_us=2051 aban_n=484 aban_p50_us=6656 aban_p90_us=7168 aban_p99_us=9216 aban_mx_us=10172 aban_mean_us=7088 open=0 over=0 orig_frac=0.7330 cross_us=- dump=0/0 sp_n=221 xp_n=0 xp_frac=0.0000 sp_p50_us=96 sp_p90_us=6144 xp_p50_us=- xp_p90_us=-
  EVICT ship 1200B tm-c.log: [RFA] gen=0 fires=459 false=459 false_frac=1.0000 fill_coded=0 fill_src=0 dup_src=459 preempt_src=0 src_n=12555 rep_n=3613 nu_recv=0.03656 fa_class=0.0625 rep_redundant=3588 late_after_aban=0
  EVICT ship 1200B tm-c.log: [SUCC] gen=0 det=0 res=0 orig_n=0 orig_p50_us=- orig_p90_us=- orig_p99_us=- orig_mx_us=- orig_mean_us=- rep_n=0 rep_p50_us=- rep_p90_us=- rep_p99_us=- rep_mx_us=- rep_mean_us=- aban_n=0 aban_p50_us=- aban_p90_us=- aban_p99_us=- aban_mx_us=- aban_mean_us=- open=0 over=0 orig_frac=- cross_us=- dump=0/0 sp_n=0 xp_n=0 xp_frac=- sp_p50_us=- sp_p90_us=- xp_p50_us=- xp_p90_us=-
ARM ship 1200B: n=8 min=35 median=40 max=42
=== done 07:06:43
=== CROWNSPOT stage seed=42 cell=c2 rc=0 end=2026-09-08T05:06:43Z
=== CROWNSPOT stage seed=42 cell=c3 start=2026-09-08T05:06:43Z
=== tail matrix (task #61 flip-gate) @ c3 seed=42 arms='ship', 8 reps/arm (warm tunnel), 50msg/s x20s sizes='400 1200' 07:06:44
--- ship 400B start=07:06:44
ARMENV ship 400B: hint=realtime env='<unset>' flags='' rate=50 dur=20
  ECHO ship 400B tm-s.log: ack-merge ACTIVE (RWM_ACK_MERGE: WINDOW mode sends ONE control datagram per data message instead of two — the legacy per-batch Ack is suppressed, the SACK WindowAck goes unconditional at that cadence and carries the Ack's payload in the v6 cumulative cum_expected/cum_received counters, every Ack-arm consumer re-homed onto the counter diff; BLOCK mode bit-exact; the delivery statistic/cadence/counts unchanged) copa_feed=false
  ECHO ship 400B tm-s.log: A* send-rate anchor ACTIVE (RWM_ASTAR_ANCHOR: windowed-max send rate over ~8 SRTT, clock-gap sample discard)
  ECHO ship 400B tm-s.log: clock-gap estimator hygiene ACTIVE (RWM_CLOCK_GAP: process-clock stall witness, post-stall sample discard at the ack feed sites)
  ECHO ship 400B tm-s.log: M* peer-report RTT-feed suppression ACTIVE (RWM_MSTAR_ANCHOR plain-live subset: local-echo-only RTT feed + estimator seed-from-sample)
  ECHO ship 400B tm-s.log: quinn congestion controller: BBR (shipped default; RWM_QUIC_CC overrides)
  ECHO ship 400B tm-s.log: RWM_UNIFIED=1 RWM_UNIFIED_SHED=1 RWM_TAPER_R=1 RWM_ASTAR_ANCHOR=1 RWM_MSTAR_ANCHOR=1 RWM_PLAIN_RS=0 RWM_HONEST_ANCHOR=1 RWM_HONEST_K=0 RWM_STORE_SACK_RELEASE=1 RWM_STORE_PATHS=1 RWM_STORE_PATH_POOL=2048 RWM_STORE=unset RWM_STORE_GAIN=2 RWM_STORE_BOOT=128 RWM_STORE_CAPW=0 RWM_STORE_CAP_UNIFIED=0 RWM_THREE_TERM=0 RWM_COMPOSED_CAP=0 RWM_SUM_CAP=1 RWM_LATE_BRAKE=0 RWM_DELTA_CAP=1 RWM_STORE_PERCAP=0 RWM_PERCAP_GUARD=1 RWM_STORE_BORROW=0 RWM_HONEST_CAP=1 RWM_POOL_ANCHOR=0 RWM_POOL_DELIV=0 RWM_FLOOR_BOUND=0 RWM_ACK_MERGE=1 RWM_LOSS_SENT_TRUTH=0 RWM_RELEASE_1TO1=0 RWM_CHARGE_RECOVERY=0 RWM_PATIENCE_DERIVED=0 RWM_SIDLE_DERIVED=0 RWM_WIN_DECOUPLE=0 RWM_PLACE_SLACK=0 RWM_COLD_PLACE=0 RWM_GEN=1 RWM_PIPELINE=2 RWM_GEN_PIPE=1 RWM_GEN_R=unset RWM_GEN_RATE=9000 RWM_GEN_RATE_FLOOR=2000 RWM_GEN_INFLIGHT=unset RWM_OOO_RETAIN=0/16 RWM_WINDOW=unset RWM_REPORT_GENS=unset RWM_REPAIR_WAIT=unset RWM_CODED_SRC=0 RWM_NO_REACTIVE=0 RWM_XPATH_REPAIR=0 RWM_PROACTIVE_PACER=0 RWM_REASM_BDP=0 RWM_MIN_R=0 RWM_CC_PACE=0 RWM_CC_PACE_HR=1.1 RWM_REACT_CAP=unset RWM_INFL_CAP=0 RWM_INFL_BDP=unset RWM_COPA_FEED=0 RWM_RS_ATTR=1 RWM_EMIT_BATCH=0 RWM_EMIT_BURST=64 RWM_RECOV_MP=1 RWM_RECOV_MP_LAW=1 RWM_RECOV_MP_LIVE=0 RWM_RECOV_SP=0 RWM_DERIVED_SWEEP=0 RWM_RACK_CLOCKS=0 RWM_RACK_REO_MULT=1 RWM_QUANTILE_CLOCKS=0 RWM_ALPHA_OVERRIDE=unset RWM_W_FORM=cantelli RWM_HOLDDOWN_Q=unset RWM_REFRESH_FLOOR_US=unset RWM_DELTA=unset RWM_COMPLETION_EXPOSURE=0 RWM_DIAG=1 RWM_ACKDIAG=0 RWM_ACKDIAG_WINDOW_US=2000000 RWM_RTT_DUMP=0 RWM_RTT_DUMP_MAX=400000 RWM_SUCC_DUMP=0 RWM_SUCC_DUMP_MAX=200000 RWM_WALLDIAG=0 RWM_CPUPROF=0 RWM_RDIAG=0 RWM_FDIAG=0 RWM_TRACE=0 RWM_PFRAC=0
  ECHO ship 400B tm-s.log: RWM_UNIFIED: Realtime rides the RLC span machine (small-δ parameterization, no code-family switch)
  ECHO ship 400B tm-s.log: RWM_UNIFIED: receive path on the unified global decoder (one machine, both wires) generation=false
  ECHO ship 400B tm-s.log: sliding-window FEC mode symbol_size=512 backend=Rlc
  ECHO ship 400B tm-s.log: unified overload shedding ACTIVE at receiver (RWM_UNIFIED_SHED: in-order hold = delta-derived b*SRTT within the eps-class give-up budget)
  ECHO ship 400B tm-s.log: unified overload shedding ACTIVE (RWM_UNIFIED_SHED: past-deadline holes shed within the derived 1-rho budget; =0 = serializing arm)
  ECHO ship 400B tm-s.log: unified span law ACTIVE (RWM_UNIFIED: plain-mode proactive repair over the trailing solvable span [end-A*, end-Δ), A* from δ) hint=Realtime
  ECHO ship 400B tm-c.log: ack-merge ACTIVE (RWM_ACK_MERGE: WINDOW mode sends ONE control datagram per data message instead of two — the legacy per-batch Ack is suppressed, the SACK WindowAck goes unconditional at that cadence and carries the Ack's payload in the v6 cumulative cum_expected/cum_received counters, every Ack-arm consumer re-homed onto the counter diff; BLOCK mode bit-exact; the delivery statistic/cadence/counts unchanged) copa_feed=false
  ECHO ship 400B tm-c.log: A* send-rate anchor ACTIVE (RWM_ASTAR_ANCHOR: windowed-max send rate over ~8 SRTT, clock-gap sample discard)
  ECHO ship 400B tm-c.log: clock-gap estimator hygiene ACTIVE (RWM_CLOCK_GAP: process-clock stall witness, post-stall sample discard at the ack feed sites)
  ECHO ship 400B tm-c.log: M* peer-report RTT-feed suppression ACTIVE (RWM_MSTAR_ANCHOR plain-live subset: local-echo-only RTT feed + estimator seed-from-sample)
  ECHO ship 400B tm-c.log: quinn congestion controller: BBR (shipped default; RWM_QUIC_CC overrides)
  ECHO ship 400B tm-c.log: RWM_UNIFIED=1 RWM_UNIFIED_SHED=1 RWM_TAPER_R=1 RWM_ASTAR_ANCHOR=1 RWM_MSTAR_ANCHOR=1 RWM_PLAIN_RS=0 RWM_HONEST_ANCHOR=1 RWM_HONEST_K=0 RWM_STORE_SACK_RELEASE=1 RWM_STORE_PATHS=1 RWM_STORE_PATH_POOL=2048 RWM_STORE=unset RWM_STORE_GAIN=2 RWM_STORE_BOOT=128 RWM_STORE_CAPW=0 RWM_STORE_CAP_UNIFIED=0 RWM_THREE_TERM=0 RWM_COMPOSED_CAP=0 RWM_SUM_CAP=1 RWM_LATE_BRAKE=0 RWM_DELTA_CAP=1 RWM_STORE_PERCAP=0 RWM_PERCAP_GUARD=1 RWM_STORE_BORROW=0 RWM_HONEST_CAP=1 RWM_POOL_ANCHOR=0 RWM_POOL_DELIV=0 RWM_FLOOR_BOUND=0 RWM_ACK_MERGE=1 RWM_LOSS_SENT_TRUTH=0 RWM_RELEASE_1TO1=0 RWM_CHARGE_RECOVERY=0 RWM_PATIENCE_DERIVED=0 RWM_SIDLE_DERIVED=0 RWM_WIN_DECOUPLE=0 RWM_PLACE_SLACK=0 RWM_COLD_PLACE=0 RWM_GEN=1 RWM_PIPELINE=2 RWM_GEN_PIPE=1 RWM_GEN_R=unset RWM_GEN_RATE=9000 RWM_GEN_RATE_FLOOR=2000 RWM_GEN_INFLIGHT=unset RWM_OOO_RETAIN=0/16 RWM_WINDOW=unset RWM_REPORT_GENS=unset RWM_REPAIR_WAIT=unset RWM_CODED_SRC=0 RWM_NO_REACTIVE=0 RWM_XPATH_REPAIR=0 RWM_PROACTIVE_PACER=0 RWM_REASM_BDP=0 RWM_MIN_R=0 RWM_CC_PACE=0 RWM_CC_PACE_HR=1.1 RWM_REACT_CAP=unset RWM_INFL_CAP=0 RWM_INFL_BDP=unset RWM_COPA_FEED=0 RWM_RS_ATTR=1 RWM_EMIT_BATCH=0 RWM_EMIT_BURST=64 RWM_RECOV_MP=1 RWM_RECOV_MP_LAW=1 RWM_RECOV_MP_LIVE=0 RWM_RECOV_SP=0 RWM_DERIVED_SWEEP=0 RWM_RACK_CLOCKS=0 RWM_RACK_REO_MULT=1 RWM_QUANTILE_CLOCKS=0 RWM_ALPHA_OVERRIDE=unset RWM_W_FORM=cantelli RWM_HOLDDOWN_Q=unset RWM_REFRESH_FLOOR_US=unset RWM_DELTA=unset RWM_COMPLETION_EXPOSURE=0 RWM_DIAG=1 RWM_ACKDIAG=0 RWM_ACKDIAG_WINDOW_US=2000000 RWM_RTT_DUMP=0 RWM_RTT_DUMP_MAX=400000 RWM_SUCC_DUMP=0 RWM_SUCC_DUMP_MAX=200000 RWM_WALLDIAG=0 RWM_CPUPROF=0 RWM_RDIAG=0 RWM_FDIAG=0 RWM_TRACE=0 RWM_PFRAC=0
  ECHO ship 400B tm-c.log: RWM_UNIFIED: Realtime rides the RLC span machine (small-δ parameterization, no code-family switch)
  ECHO ship 400B tm-c.log: RWM_UNIFIED: receive path on the unified global decoder (one machine, both wires) generation=false
  ECHO ship 400B tm-c.log: sliding-window FEC mode symbol_size=512 backend=Rlc
  ECHO ship 400B tm-c.log: unified overload shedding ACTIVE at receiver (RWM_UNIFIED_SHED: in-order hold = delta-derived b*SRTT within the eps-class give-up budget)
  ECHO ship 400B tm-c.log: unified overload shedding ACTIVE (RWM_UNIFIED_SHED: past-deadline holes shed within the derived 1-rho budget; =0 = serializing arm)
  ECHO ship 400B tm-c.log: unified span law ACTIVE (RWM_UNIFIED: plain-mode proactive repair over the trailing solvable span [end-A*, end-Δ), A* from δ) hint=Realtime
  ship 400B rep1: p50=24.034ms p99=106.786ms p999=148.358ms max=148.358ms n=1000
  ship 400B rep2: p50=24.471ms p99=90.86ms p999=155.922ms max=155.922ms n=1000
  ship 400B rep3: p50=24.238ms p99=143.971ms p999=203.926ms max=203.926ms n=1000
  ship 400B rep4: p50=23.935ms p99=90.243ms p999=128.096ms max=128.096ms n=1000
  ship 400B rep5: p50=24.359ms p99=140.572ms p999=280.546ms max=280.546ms n=1000
  ship 400B rep6: p50=24.715ms p99=154.051ms p999=226.504ms max=226.504ms n=1000
  ship 400B rep7: p50=23.95ms p99=103.407ms p999=131.701ms max=131.701ms n=1000
  ship 400B rep8: p50=24.209ms p99=87.01ms p999=122.686ms max=122.686ms n=1000
  SPAN ship 400B tm-s.log: [SPAN] t=1.5s ack=0 win=[0,1] wsize=2 a_star=Some(1) delta=Some(1) owed=0.00 rr=0.500 debt=0.00 retx_buf=2 shed=0/0 bud=0.0004 D=21ms ar=0 agap=0/0 dg_rx=19 dg_tx=21
  SPAN ship 400B tm-s.log: [SPAN] t=2.1s ack=24 win=[0,25] wsize=26 a_star=Some(2) delta=Some(1) owed=0.00 rr=0.227 debt=0.00 retx_buf=1 shed=0/2 bud=0.0042 D=21ms ar=63 agap=0/0 dg_rx=75 dg_tx=82
  SPAN ship 400B tm-s.log: [SPAN] t=2.6s ack=49 win=[0,52] wsize=53 a_star=Some(2) delta=Some(1) owed=0.00 rr=0.207 debt=0.24 retx_buf=3 shed=0/2 bud=0.0000 D=21ms ar=79 agap=0/0 dg_rx=133 dg_tx=140
  SPAN ship 400B tm-s.log: [SPAN] t=3.1s ack=74 win=[0,77] wsize=78 a_star=Some(2) delta=Some(1) owed=0.00 rr=0.169 debt=0.24 retx_buf=3 shed=0/2 bud=0.0000 D=21ms ar=58 agap=0/0 dg_rx=183 dg_tx=190
  SPAN ship 400B tm-s.log: [SPAN] t=3.6s ack=100 win=[0,103] wsize=104 a_star=Some(3) delta=Some(1) owed=0.00 rr=0.168 debt=0.01 retx_buf=3 shed=0/3 bud=0.0000 D=21ms ar=94 agap=0/0 dg_rx=239 dg_tx=248
  SPAN ship 400B tm-s.log: [SPAN] t=4.1s ack=125 win=[109,128] wsize=20 a_star=Some(2) delta=Some(1) owed=0.00 rr=0.320 debt=0.38 retx_buf=3 shed=0/3 bud=0.0000 D=22ms ar=61 agap=0/0 dg_rx=289 dg_tx=299
  SPAN ship 400B tm-s.log: [SPAN] t=6.2s ack=223 win=[207,226] wsize=20 a_star=Some(2) delta=Some(1) owed=0.00 rr=0.345 debt=0.40 retx_buf=3 shed=0/4 bud=0.0000 D=21ms ar=66 agap=0/0 dg_rx=497 dg_tx=512
  SPAN ship 400B tm-s.log: [SPAN] t=11.3s ack=481 win=[464,483] wsize=20 a_star=Some(2) delta=Some(1) owed=0.00 rr=0.365 debt=0.37 retx_buf=3 shed=0/11 bud=0.0000 D=21ms ar=79 agap=0/0 dg_rx=1040 dg_tx=1069
  SPAN ship 400B tm-s.log: [SPAN] t=16.5s ack=732 win=[716,734] wsize=19 a_star=Some(2) delta=Some(1) owed=0.00 rr=0.445 debt=0.14 retx_buf=2 shed=0/20 bud=0.0000 D=20ms ar=66 agap=0/0 dg_rx=1604 dg_tx=1652
  SPAN ship 400B tm-s.log: [SPAN] t=31.6s ack=975 win=[959,976] wsize=18 a_star=Some(3) delta=Some(1) owed=0.00 rr=0.445 debt=0.00 retx_buf=1 shed=1/34 bud=0.0000 D=21ms ar=123 agap=1/1 dg_rx=2196 dg_tx=2269
  SPAN ship 400B tm-s.log: [SPAN] t=36.8s ack=1227 win=[1211,1229] wsize=19 a_star=Some(2) delta=Some(1) owed=0.00 rr=0.390 debt=0.05 retx_buf=2 shed=1/42 bud=0.0000 D=21ms ar=61 agap=1/54 dg_rx=2760 dg_tx=2858
  SPAN ship 400B tm-s.log: [SPAN] t=42.0s ack=1475 win=[1459,1478] wsize=20 a_star=Some(2) delta=Some(1) owed=0.00 rr=0.395 debt=0.42 retx_buf=3 shed=2/57 bud=0.0000 D=21ms ar=59 agap=1/54 dg_rx=3330 dg_tx=3450
  SPAN ship 400B tm-s.log: [SPAN] t=47.1s ack=1723 win=[1707,1724] wsize=18 a_star=Some(2) delta=Some(1) owed=0.00 rr=0.430 debt=0.00 retx_buf=1 shed=3/64 bud=0.0014 D=21ms ar=85 agap=1/54 dg_rx=3855 dg_tx=3992
  SPAN ship 400B tm-s.log: [SPAN] t=62.2s ack=1964 win=[1948,1965] wsize=18 a_star=Some(2) delta=Some(1) owed=0.00 rr=0.420 debt=0.00 retx_buf=1 shed=3/77 bud=0.0022 D=22ms ar=65 agap=2/66 dg_rx=4427 dg_tx=4594
  SPAN ship 400B tm-s.log: [SPAN] t=67.3s ack=2199 win=[2183,2200] wsize=18 a_star=Some(2) delta=Some(1) owed=0.00 rr=0.465 debt=0.00 retx_buf=1 shed=5/91 bud=0.0025 D=22ms ar=56 agap=2/106 dg_rx=4975 dg_tx=5172
  SPAN ship 400B tm-s.log: [SPAN] t=72.4s ack=2444 win=[2428,2447] wsize=20 a_star=Some(2) delta=Some(1) owed=0.00 rr=0.455 debt=0.48 retx_buf=3 shed=7/101 bud=0.0000 D=21ms ar=90 agap=2/106 dg_rx=5528 dg_tx=5748
  SPAN ship 400B tm-s.log: [SPAN] t=77.5s ack=2691 win=[2675,2694] wsize=20 a_star=Some(2) delta=Some(1) owed=0.00 rr=0.425 debt=0.00 retx_buf=3 shed=7/109 bud=0.0000 D=21ms ar=63 agap=2/106 dg_rx=6073 dg_tx=6311
  SPAN ship 400B tm-s.log: [SPAN] t=92.1s ack=2904 win=[2888,2907] wsize=20 a_star=Some(2) delta=Some(1) owed=0.00 rr=0.390 debt=0.00 retx_buf=3 shed=7/118 bud=0.0000 D=21ms ar=64 agap=3/120 dg_rx=6572 dg_tx=6824
  SPAN ship 400B tm-s.log: [SPAN] t=97.3s ack=3145 win=[3129,3146] wsize=18 a_star=Some(2) delta=Some(1) owed=0.00 rr=0.500 debt=0.00 retx_buf=1 shed=7/128 bud=0.0025 D=21ms ar=69 agap=3/161 dg_rx=7107 dg_tx=7379
  SPAN ship 400B tm-s.log: [SPAN] t=102.4s ack=3397 win=[3381,3400] wsize=20 a_star=Some(2) delta=Some(1) owed=0.00 rr=0.395 debt=0.00 retx_buf=3 shed=7/135 bud=0.0000 D=22ms ar=87 agap=3/161 dg_rx=7668 dg_tx=7950
  SPAN ship 400B tm-s.log: [SPAN] t=107.5s ack=3648 win=[3632,3651] wsize=20 a_star=Some(2) delta=Some(1) owed=0.00 rr=0.430 debt=0.46 retx_buf=3 shed=7/144 bud=0.0000 D=22ms ar=87 agap=3/161 dg_rx=8205 dg_tx=8509
  SPAN ship 400B tm-s.log: [SPAN] t=122.3s ack=3873 win=[3857,3874] wsize=18 a_star=Some(2) delta=Some(1) owed=0.00 rr=0.455 debt=0.00 retx_buf=1 shed=7/158 bud=0.0025 D=21ms ar=92 agap=4/177 dg_rx=8732 dg_tx=9058
  SPAN ship 400B tm-s.log: [SPAN] t=127.4s ack=4125 win=[4109,4127] wsize=19 a_star=Some(2) delta=Some(1) owed=0.00 rr=0.395 debt=0.03 retx_buf=2 shed=7/167 bud=0.0000 D=21ms ar=62 agap=4/219 dg_rx=9289 dg_tx=9630
  SPAN ship 400B tm-s.log: [SPAN] t=132.6s ack=4372 win=[4356,4375] wsize=20 a_star=Some(2) delta=Some(1) owed=0.00 rr=0.385 debt=0.43 retx_buf=3 shed=7/176 bud=0.0000 D=21ms ar=63 agap=4/219 dg_rx=9836 dg_tx=10200
  SPAN ship 400B tm-c.log: [SPAN] t=1.5s ack=0 win=[0,1] wsize=2 a_star=Some(1) delta=Some(1) owed=0.00 rr=0.500 debt=0.00 retx_buf=2 shed=0/0 bud=0.0014 D=21ms ar=0 agap=0/0 dg_rx=18 dg_tx=19
  SPAN ship 400B tm-c.log: [SPAN] t=2.0s ack=23 win=[0,26] wsize=27 a_star=Some(2) delta=Some(1) owed=0.00 rr=0.224 debt=0.56 retx_buf=3 shed=0/1 bud=0.0000 D=21ms ar=86 agap=0/0 dg_rx=72 dg_tx=76
  SPAN ship 400B tm-c.log: [SPAN] t=2.5s ack=49 win=[0,52] wsize=53 a_star=Some(2) delta=Some(1) owed=0.00 rr=0.211 debt=0.22 retx_buf=3 shed=0/4 bud=0.0000 D=21ms ar=74 agap=0/0 dg_rx=129 dg_tx=132
  SPAN ship 400B tm-c.log: [SPAN] t=3.0s ack=75 win=[0,78] wsize=79 a_star=Some(2) delta=Some(1) owed=0.00 rr=0.170 debt=0.23 retx_buf=3 shed=0/4 bud=0.0000 D=20ms ar=51 agap=0/0 dg_rx=181 dg_tx=184
  SPAN ship 400B tm-c.log: [SPAN] t=3.6s ack=101 win=[1,105] wsize=105 a_star=Some(2) delta=Some(1) owed=0.00 rr=0.209 debt=0.37 retx_buf=4 shed=0/6 bud=0.0008 D=20ms ar=75 agap=0/0 dg_rx=236 dg_tx=240
  SPAN ship 400B tm-c.log: [SPAN] t=4.1s ack=127 win=[111,130] wsize=20 a_star=Some(2) delta=Some(1) owed=0.00 rr=0.320 debt=0.33 retx_buf=3 shed=0/6 bud=0.0000 D=20ms ar=51 agap=0/0 dg_rx=290 dg_tx=293
  SPAN ship 400B tm-c.log: [SPAN] t=6.1s ack=233 win=[217,236] wsize=20 a_star=Some(2) delta=Some(1) owed=0.00 rr=0.345 debt=0.40 retx_buf=3 shed=0/14 bud=0.0000 D=20ms ar=54 agap=0/0 dg_rx=507 dg_tx=511
  SPAN ship 400B tm-c.log: [SPAN] t=11.3s ack=498 win=[482,501] wsize=20 a_star=Some(2) delta=Some(1) owed=0.00 rr=0.380 debt=0.43 retx_buf=3 shed=1/31 bud=0.0000 D=21ms ar=88 agap=0/0 dg_rx=1068 dg_tx=1074
  SPAN ship 400B tm-c.log: [SPAN] t=16.4s ack=762 win=[746,765] wsize=20 a_star=Some(2) delta=Some(1) owed=0.00 rr=0.435 debt=0.51 retx_buf=3 shed=4/62 bud=0.0000 D=21ms ar=54 agap=0/0 dg_rx=1641 dg_tx=1660
  SPAN ship 400B tm-c.log: [SPAN] t=21.5s ack=1028 win=[1012,1033] wsize=22 a_star=Some(3) delta=Some(1) owed=0.00 rr=0.500 debt=0.00 retx_buf=5 shed=7/104 bud=0.0006 D=21ms ar=120 agap=0/0 dg_rx=2242 dg_tx=2281
  SPAN ship 400B tm-c.log: [SPAN] t=36.2s ack=1273 win=[1257,1275] wsize=19 a_star=Some(3) delta=Some(1) owed=0.00 rr=0.395 debt=0.03 retx_buf=2 shed=7/132 bud=0.0000 D=20ms ar=100 agap=1/54 dg_rx=2796 dg_tx=2832
  SPAN ship 400B tm-c.log: [SPAN] t=41.3s ack=1534 win=[1518,1539] wsize=22 a_star=Some(2) delta=Some(1) owed=0.00 rr=0.410 debt=0.00 retx_buf=5 shed=12/160 bud=0.0022 D=21ms ar=52 agap=1/54 dg_rx=3361 dg_tx=3413
  SPAN ship 400B tm-c.log: [SPAN] t=46.4s ack=1796 win=[1779,1798] wsize=20 a_star=Some(2) delta=Some(1) owed=0.00 rr=0.370 debt=0.50 retx_buf=3 shed=12/176 bud=0.0000 D=21ms ar=51 agap=1/54 dg_rx=3916 dg_tx=3966
  SPAN ship 400B tm-c.log: [SPAN] t=51.5s ack=2063 win=[2047,2065] wsize=19 a_star=Some(2) delta=Some(1) owed=0.00 rr=0.375 debt=0.03 retx_buf=2 shed=12/208 bud=0.0000 D=20ms ar=51 agap=1/54 dg_rx=4504 dg_tx=4556
  SPAN ship 400B tm-c.log: [SPAN] t=66.2s ack=2313 win=[2296,2315] wsize=20 a_star=Some(2) delta=Some(1) owed=0.00 rr=0.410 debt=0.46 retx_buf=3 shed=20/260 bud=0.0000 D=20ms ar=52 agap=2/109 dg_rx=5063 dg_tx=5134
  SPAN ship 400B tm-c.log: [SPAN] t=71.3s ack=2574 win=[2558,2577] wsize=20 a_star=Some(2) delta=Some(1) owed=0.00 rr=0.440 debt=0.45 retx_buf=3 shed=21/289 bud=0.0000 D=20ms ar=80 agap=2/109 dg_rx=5631 dg_tx=5712
  SPAN ship 400B tm-c.log: [SPAN] t=76.4s ack=2840 win=[2824,2842] wsize=19 a_star=Some(2) delta=Some(1) owed=0.00 rr=0.440 debt=0.09 retx_buf=2 shed=23/329 bud=0.0000 D=20ms ar=53 agap=2/109 dg_rx=6198 dg_tx=6294
  SPAN ship 400B tm-c.log: [SPAN] t=81.6s ack=3102 win=[3086,3105] wsize=20 a_star=Some(2) delta=Some(1) owed=0.00 rr=0.400 debt=0.46 retx_buf=3 shed=23/363 bud=0.0000 D=20ms ar=52 agap=2/109 dg_rx=6748 dg_tx=6854
  SPAN ship 400B tm-c.log: [SPAN] t=96.2s ack=3344 win=[3328,3347] wsize=20 a_star=Some(2) delta=Some(1) owed=0.00 rr=0.390 debt=0.49 retx_buf=3 shed=23/390 bud=0.0000 D=20ms ar=51 agap=3/160 dg_rx=7273 dg_tx=7388
  SPAN ship 400B tm-c.log: [SPAN] t=101.3s ack=3606 win=[3590,3609] wsize=20 a_star=Some(2) delta=Some(1) owed=0.00 rr=0.375 debt=0.41 retx_buf=3 shed=23/412 bud=0.0000 D=20ms ar=75 agap=3/160 dg_rx=7830 dg_tx=7948
  SPAN ship 400B tm-c.log: [SPAN] t=106.5s ack=3870 win=[3854,3873] wsize=20 a_star=Some(2) delta=Some(1) owed=0.00 rr=0.500 debt=0.00 retx_buf=3 shed=24/429 bud=0.0000 D=20ms ar=84 agap=3/160 dg_rx=8396 dg_tx=8521
  SPAN ship 400B tm-c.log: [SPAN] t=111.5s ack=4133 win=[4117,4137] wsize=21 a_star=Some(4) delta=Some(1) owed=0.00 rr=0.380 debt=0.41 retx_buf=4 shed=26/456 bud=0.0000 D=21ms ar=142 agap=3/160 dg_rx=8970 dg_tx=9098
  SPAN ship 400B tm-c.log: [SPAN] t=126.2s ack=4374 win=[4357,4376] wsize=20 a_star=Some(2) delta=Some(1) owed=0.00 rr=0.380 debt=0.42 retx_buf=3 shed=26/474 bud=0.0000 D=21ms ar=52 agap=4/215 dg_rx=9497 dg_tx=9626
  SPAN ship 400B tm-c.log: [SPAN] t=131.4s ack=4637 win=[4621,4642] wsize=22 a_star=Some(2) delta=Some(1) owed=0.00 rr=0.385 debt=0.80 retx_buf=5 shed=26/498 bud=0.0002 D=20ms ar=71 agap=4/215 dg_rx=10064 dg_tx=10198
  EVICT ship 400B tm-s.log: [RFA] gen=0 fires=649 false=241 false_frac=0.3713 fill_coded=68 fill_src=340 dup_src=194 preempt_src=47 src_n=8422 rep_n=529 nu_recv=0.07706 fa_class=0.0625 rep_redundant=456 late_after_aban=321
  EVICT ship 400B tm-s.log: [SUCC] gen=0 det=406 res=82 orig_n=64 orig_p50_us=32768 orig_p90_us=40960 orig_p99_us=45056 orig_mx_us=48002 orig_mean_us=29236 rep_n=18 rep_p50_us=320 rep_p90_us=20480 rep_p99_us=40960 rep_mx_us=41025 rep_mean_us=8852 aban_n=324 aban_p50_us=22528 aban_p90_us=22528 aban_p99_us=32768 aban_mx_us=40456 aban_mean_us=23025 open=0 over=0 orig_frac=0.7805 cross_us=44 dump=0/0 sp_n=82 xp_n=0 xp_frac=0.0000 sp_p50_us=18432 sp_p90_us=40960 xp_p50_us=- xp_p90_us=-
  EVICT ship 400B tm-c.log: [RFA] gen=0 fires=310 false=310 false_frac=1.0000 fill_coded=0 fill_src=0 dup_src=310 preempt_src=0 src_n=7956 rep_n=622 nu_recv=0.03896 fa_class=0.0625 rep_redundant=613 late_after_aban=0
  EVICT ship 400B tm-c.log: [SUCC] gen=0 det=0 res=0 orig_n=0 orig_p50_us=- orig_p90_us=- orig_p99_us=- orig_mx_us=- orig_mean_us=- rep_n=0 rep_p50_us=- rep_p90_us=- rep_p99_us=- rep_mx_us=- rep_mean_us=- aban_n=0 aban_p50_us=- aban_p90_us=- aban_p99_us=- aban_mx_us=- aban_mean_us=- open=0 over=0 orig_frac=- cross_us=- dump=0/0 sp_n=0 xp_n=0 xp_frac=- sp_p50_us=- sp_p90_us=- xp_p50_us=- xp_p90_us=-
ARM ship 400B: n=8 min=87 median=103 max=154
--- ship 1200B start=07:10:48
ARMENV ship 1200B: hint=realtime env='<unset>' flags='' rate=50 dur=20
  ECHO ship 1200B tm-s.log: ack-merge ACTIVE (RWM_ACK_MERGE: WINDOW mode sends ONE control datagram per data message instead of two — the legacy per-batch Ack is suppressed, the SACK WindowAck goes unconditional at that cadence and carries the Ack's payload in the v6 cumulative cum_expected/cum_received counters, every Ack-arm consumer re-homed onto the counter diff; BLOCK mode bit-exact; the delivery statistic/cadence/counts unchanged) copa_feed=false
  ECHO ship 1200B tm-s.log: A* send-rate anchor ACTIVE (RWM_ASTAR_ANCHOR: windowed-max send rate over ~8 SRTT, clock-gap sample discard)
  ECHO ship 1200B tm-s.log: clock-gap estimator hygiene ACTIVE (RWM_CLOCK_GAP: process-clock stall witness, post-stall sample discard at the ack feed sites)
  ECHO ship 1200B tm-s.log: M* peer-report RTT-feed suppression ACTIVE (RWM_MSTAR_ANCHOR plain-live subset: local-echo-only RTT feed + estimator seed-from-sample)
  ECHO ship 1200B tm-s.log: quinn congestion controller: BBR (shipped default; RWM_QUIC_CC overrides)
  ECHO ship 1200B tm-s.log: RWM_UNIFIED=1 RWM_UNIFIED_SHED=1 RWM_TAPER_R=1 RWM_ASTAR_ANCHOR=1 RWM_MSTAR_ANCHOR=1 RWM_PLAIN_RS=0 RWM_HONEST_ANCHOR=1 RWM_HONEST_K=0 RWM_STORE_SACK_RELEASE=1 RWM_STORE_PATHS=1 RWM_STORE_PATH_POOL=2048 RWM_STORE=unset RWM_STORE_GAIN=2 RWM_STORE_BOOT=128 RWM_STORE_CAPW=0 RWM_STORE_CAP_UNIFIED=0 RWM_THREE_TERM=0 RWM_COMPOSED_CAP=0 RWM_SUM_CAP=1 RWM_LATE_BRAKE=0 RWM_DELTA_CAP=1 RWM_STORE_PERCAP=0 RWM_PERCAP_GUARD=1 RWM_STORE_BORROW=0 RWM_HONEST_CAP=1 RWM_POOL_ANCHOR=0 RWM_POOL_DELIV=0 RWM_FLOOR_BOUND=0 RWM_ACK_MERGE=1 RWM_LOSS_SENT_TRUTH=0 RWM_RELEASE_1TO1=0 RWM_CHARGE_RECOVERY=0 RWM_PATIENCE_DERIVED=0 RWM_SIDLE_DERIVED=0 RWM_WIN_DECOUPLE=0 RWM_PLACE_SLACK=0 RWM_COLD_PLACE=0 RWM_GEN=1 RWM_PIPELINE=2 RWM_GEN_PIPE=1 RWM_GEN_R=unset RWM_GEN_RATE=9000 RWM_GEN_RATE_FLOOR=2000 RWM_GEN_INFLIGHT=unset RWM_OOO_RETAIN=0/16 RWM_WINDOW=unset RWM_REPORT_GENS=unset RWM_REPAIR_WAIT=unset RWM_CODED_SRC=0 RWM_NO_REACTIVE=0 RWM_XPATH_REPAIR=0 RWM_PROACTIVE_PACER=0 RWM_REASM_BDP=0 RWM_MIN_R=0 RWM_CC_PACE=0 RWM_CC_PACE_HR=1.1 RWM_REACT_CAP=unset RWM_INFL_CAP=0 RWM_INFL_BDP=unset RWM_COPA_FEED=0 RWM_RS_ATTR=1 RWM_EMIT_BATCH=0 RWM_EMIT_BURST=64 RWM_RECOV_MP=1 RWM_RECOV_MP_LAW=1 RWM_RECOV_MP_LIVE=0 RWM_RECOV_SP=0 RWM_DERIVED_SWEEP=0 RWM_RACK_CLOCKS=0 RWM_RACK_REO_MULT=1 RWM_QUANTILE_CLOCKS=0 RWM_ALPHA_OVERRIDE=unset RWM_W_FORM=cantelli RWM_HOLDDOWN_Q=unset RWM_REFRESH_FLOOR_US=unset RWM_DELTA=unset RWM_COMPLETION_EXPOSURE=0 RWM_DIAG=1 RWM_ACKDIAG=0 RWM_ACKDIAG_WINDOW_US=2000000 RWM_RTT_DUMP=0 RWM_RTT_DUMP_MAX=400000 RWM_SUCC_DUMP=0 RWM_SUCC_DUMP_MAX=200000 RWM_WALLDIAG=0 RWM_CPUPROF=0 RWM_RDIAG=0 RWM_FDIAG=0 RWM_TRACE=0 RWM_PFRAC=0
  ECHO ship 1200B tm-s.log: RWM_UNIFIED: Realtime rides the RLC span machine (small-δ parameterization, no code-family switch)
  ECHO ship 1200B tm-s.log: RWM_UNIFIED: receive path on the unified global decoder (one machine, both wires) generation=false
  ECHO ship 1200B tm-s.log: sliding-window FEC mode symbol_size=512 backend=Rlc
  ECHO ship 1200B tm-s.log: unified overload shedding ACTIVE at receiver (RWM_UNIFIED_SHED: in-order hold = delta-derived b*SRTT within the eps-class give-up budget)
  ECHO ship 1200B tm-s.log: unified overload shedding ACTIVE (RWM_UNIFIED_SHED: past-deadline holes shed within the derived 1-rho budget; =0 = serializing arm)
  ECHO ship 1200B tm-s.log: unified span law ACTIVE (RWM_UNIFIED: plain-mode proactive repair over the trailing solvable span [end-A*, end-Δ), A* from δ) hint=Realtime
  ECHO ship 1200B tm-c.log: ack-merge ACTIVE (RWM_ACK_MERGE: WINDOW mode sends ONE control datagram per data message instead of two — the legacy per-batch Ack is suppressed, the SACK WindowAck goes unconditional at that cadence and carries the Ack's payload in the v6 cumulative cum_expected/cum_received counters, every Ack-arm consumer re-homed onto the counter diff; BLOCK mode bit-exact; the delivery statistic/cadence/counts unchanged) copa_feed=false
  ECHO ship 1200B tm-c.log: A* send-rate anchor ACTIVE (RWM_ASTAR_ANCHOR: windowed-max send rate over ~8 SRTT, clock-gap sample discard)
  ECHO ship 1200B tm-c.log: clock-gap estimator hygiene ACTIVE (RWM_CLOCK_GAP: process-clock stall witness, post-stall sample discard at the ack feed sites)
  ECHO ship 1200B tm-c.log: M* peer-report RTT-feed suppression ACTIVE (RWM_MSTAR_ANCHOR plain-live subset: local-echo-only RTT feed + estimator seed-from-sample)
  ECHO ship 1200B tm-c.log: quinn congestion controller: BBR (shipped default; RWM_QUIC_CC overrides)
  ECHO ship 1200B tm-c.log: RWM_UNIFIED=1 RWM_UNIFIED_SHED=1 RWM_TAPER_R=1 RWM_ASTAR_ANCHOR=1 RWM_MSTAR_ANCHOR=1 RWM_PLAIN_RS=0 RWM_HONEST_ANCHOR=1 RWM_HONEST_K=0 RWM_STORE_SACK_RELEASE=1 RWM_STORE_PATHS=1 RWM_STORE_PATH_POOL=2048 RWM_STORE=unset RWM_STORE_GAIN=2 RWM_STORE_BOOT=128 RWM_STORE_CAPW=0 RWM_STORE_CAP_UNIFIED=0 RWM_THREE_TERM=0 RWM_COMPOSED_CAP=0 RWM_SUM_CAP=1 RWM_LATE_BRAKE=0 RWM_DELTA_CAP=1 RWM_STORE_PERCAP=0 RWM_PERCAP_GUARD=1 RWM_STORE_BORROW=0 RWM_HONEST_CAP=1 RWM_POOL_ANCHOR=0 RWM_POOL_DELIV=0 RWM_FLOOR_BOUND=0 RWM_ACK_MERGE=1 RWM_LOSS_SENT_TRUTH=0 RWM_RELEASE_1TO1=0 RWM_CHARGE_RECOVERY=0 RWM_PATIENCE_DERIVED=0 RWM_SIDLE_DERIVED=0 RWM_WIN_DECOUPLE=0 RWM_PLACE_SLACK=0 RWM_COLD_PLACE=0 RWM_GEN=1 RWM_PIPELINE=2 RWM_GEN_PIPE=1 RWM_GEN_R=unset RWM_GEN_RATE=9000 RWM_GEN_RATE_FLOOR=2000 RWM_GEN_INFLIGHT=unset RWM_OOO_RETAIN=0/16 RWM_WINDOW=unset RWM_REPORT_GENS=unset RWM_REPAIR_WAIT=unset RWM_CODED_SRC=0 RWM_NO_REACTIVE=0 RWM_XPATH_REPAIR=0 RWM_PROACTIVE_PACER=0 RWM_REASM_BDP=0 RWM_MIN_R=0 RWM_CC_PACE=0 RWM_CC_PACE_HR=1.1 RWM_REACT_CAP=unset RWM_INFL_CAP=0 RWM_INFL_BDP=unset RWM_COPA_FEED=0 RWM_RS_ATTR=1 RWM_EMIT_BATCH=0 RWM_EMIT_BURST=64 RWM_RECOV_MP=1 RWM_RECOV_MP_LAW=1 RWM_RECOV_MP_LIVE=0 RWM_RECOV_SP=0 RWM_DERIVED_SWEEP=0 RWM_RACK_CLOCKS=0 RWM_RACK_REO_MULT=1 RWM_QUANTILE_CLOCKS=0 RWM_ALPHA_OVERRIDE=unset RWM_W_FORM=cantelli RWM_HOLDDOWN_Q=unset RWM_REFRESH_FLOOR_US=unset RWM_DELTA=unset RWM_COMPLETION_EXPOSURE=0 RWM_DIAG=1 RWM_ACKDIAG=0 RWM_ACKDIAG_WINDOW_US=2000000 RWM_RTT_DUMP=0 RWM_RTT_DUMP_MAX=400000 RWM_SUCC_DUMP=0 RWM_SUCC_DUMP_MAX=200000 RWM_WALLDIAG=0 RWM_CPUPROF=0 RWM_RDIAG=0 RWM_FDIAG=0 RWM_TRACE=0 RWM_PFRAC=0
  ECHO ship 1200B tm-c.log: RWM_UNIFIED: Realtime rides the RLC span machine (small-δ parameterization, no code-family switch)
  ECHO ship 1200B tm-c.log: RWM_UNIFIED: receive path on the unified global decoder (one machine, both wires) generation=false
  ECHO ship 1200B tm-c.log: sliding-window FEC mode symbol_size=512 backend=Rlc
  ECHO ship 1200B tm-c.log: unified overload shedding ACTIVE at receiver (RWM_UNIFIED_SHED: in-order hold = delta-derived b*SRTT within the eps-class give-up budget)
  ECHO ship 1200B tm-c.log: unified overload shedding ACTIVE (RWM_UNIFIED_SHED: past-deadline holes shed within the derived 1-rho budget; =0 = serializing arm)
  ECHO ship 1200B tm-c.log: unified span law ACTIVE (RWM_UNIFIED: plain-mode proactive repair over the trailing solvable span [end-A*, end-Δ), A* from δ) hint=Realtime
  ship 1200B rep1: p50=25.317ms p99=135.707ms p999=296.319ms max=296.319ms n=1000
  ship 1200B rep2: p50=26.268ms p99=92.164ms p999=125.288ms max=125.288ms n=1000
  ship 1200B rep3: p50=26.115ms p99=89.25ms p999=130.728ms max=130.728ms n=1000
  ship 1200B rep4: p50=26.532ms p99=102.62ms p999=136.156ms max=136.156ms n=1000
  ship 1200B rep5: p50=26.675ms p99=175.188ms p999=355.199ms max=355.199ms n=1000
  ship 1200B rep6: p50=25.914ms p99=88.979ms p999=103.599ms max=103.599ms n=1000
  ship 1200B rep7: p50=25.97ms p99=108.053ms p999=188.036ms max=188.036ms n=1000
  ship 1200B rep8: p50=26.085ms p99=122.269ms p999=171.887ms max=171.887ms n=1000
  SPAN ship 1200B tm-s.log: [SPAN] t=1.7s ack=0 win=[0,1] wsize=2 a_star=Some(1) delta=Some(1) owed=0.00 rr=0.500 debt=0.00 retx_buf=2 shed=0/0 bud=0.0003 D=22ms ar=0 agap=0/0 dg_rx=20 dg_tx=21
  SPAN ship 1200B tm-s.log: [SPAN] t=2.2s ack=29 win=[0,34] wsize=35 a_star=Some(4) delta=Some(1) owed=0.00 rr=0.500 debt=0.00 retx_buf=5 shed=0/2 bud=0.0000 D=22ms ar=135 agap=0/0 dg_rx=165 dg_tx=175
  SPAN ship 1200B tm-s.log: [SPAN] t=2.7s ack=69 win=[0,74] wsize=75 a_star=Some(3) delta=Some(1) owed=0.00 rr=0.346 debt=0.71 retx_buf=5 shed=0/2 bud=0.0000 D=21ms ar=125 agap=0/0 dg_rx=307 dg_tx=315
  SPAN ship 1200B tm-s.log: [SPAN] t=3.2s ack=109 win=[8,113] wsize=106 a_star=Some(4) delta=Some(1) owed=0.00 rr=0.311 debt=0.00 retx_buf=5 shed=0/2 bud=0.0000 D=22ms ar=151 agap=0/0 dg_rx=448 dg_tx=459
  SPAN ship 1200B tm-s.log: [SPAN] t=3.7s ack=148 win=[48,152] wsize=105 a_star=Some(4) delta=Some(1) owed=0.00 rr=0.276 debt=0.71 retx_buf=4 shed=0/3 bud=0.0000 D=21ms ar=155 agap=0/0 dg_rx=578 dg_tx=593
  SPAN ship 1200B tm-s.log: [SPAN] t=4.2s ack=191 win=[174,194] wsize=21 a_star=Some(3) delta=Some(1) owed=0.00 rr=0.495 debt=0.00 retx_buf=4 shed=0/3 bud=0.0000 D=21ms ar=117 agap=0/0 dg_rx=716 dg_tx=732
  SPAN ship 1200B tm-s.log: [SPAN] t=6.3s ack=335 win=[319,338] wsize=20 a_star=Some(4) delta=Some(1) owed=0.00 rr=0.500 debt=0.00 retx_buf=3 shed=0/4 bud=0.0000 D=22ms ar=157 agap=0/0 dg_rx=1294 dg_tx=1313
  SPAN ship 1200B tm-s.log: [SPAN] t=11.4s ack=675 win=[659,677] wsize=19 a_star=Some(3) delta=Some(1) owed=0.00 rr=0.500 debt=0.50 retx_buf=2 shed=0/18 bud=0.0003 D=21ms ar=96 agap=0/0 dg_rx=2765 dg_tx=2824
  SPAN ship 1200B tm-s.log: [SPAN] t=16.5s ack=1031 win=[1015,1035] wsize=21 a_star=Some(2) delta=Some(1) owed=0.00 rr=0.500 debt=0.00 retx_buf=4 shed=0/25 bud=0.0000 D=22ms ar=89 agap=0/0 dg_rx=4272 dg_tx=4368
  SPAN ship 1200B tm-s.log: [SPAN] t=21.6s ack=1392 win=[1376,1397] wsize=22 a_star=Some(3) delta=Some(1) owed=0.00 rr=0.500 debt=0.00 retx_buf=5 shed=2/32 bud=0.0000 D=22ms ar=130 agap=0/0 dg_rx=5764 dg_tx=5890
  SPAN ship 1200B tm-s.log: [SPAN] t=36.3s ack=1728 win=[1712,1730] wsize=19 a_star=Some(3) delta=Some(1) owed=0.00 rr=0.500 debt=0.00 retx_buf=2 shed=3/41 bud=0.0000 D=22ms ar=122 agap=1/62 dg_rx=7135 dg_tx=7287
  SPAN ship 1200B tm-s.log: [SPAN] t=41.4s ack=2083 win=[2065,2087] wsize=23 a_star=Some(3) delta=Some(1) owed=0.00 rr=0.500 debt=0.50 retx_buf=6 shed=3/52 bud=0.0000 D=22ms ar=132 agap=1/62 dg_rx=8613 dg_tx=8812
  SPAN ship 1200B tm-s.log: [SPAN] t=46.5s ack=2444 win=[2428,2445] wsize=18 a_star=Some(3) delta=Some(1) owed=0.00 rr=0.500 debt=0.00 retx_buf=1 shed=3/58 bud=0.0026 D=22ms ar=122 agap=1/62 dg_rx=10080 dg_tx=10301
  SPAN ship 1200B tm-s.log: [SPAN] t=51.6s ack=2819 win=[2803,2823] wsize=21 a_star=Some(3) delta=Some(1) owed=0.00 rr=0.500 debt=0.00 retx_buf=4 shed=4/62 bud=0.0000 D=22ms ar=126 agap=1/62 dg_rx=11582 dg_tx=11834
  SPAN ship 1200B tm-s.log: [SPAN] t=66.3s ack=3159 win=[3143,3164] wsize=22 a_star=Some(3) delta=Some(1) owed=0.00 rr=0.500 debt=0.00 retx_buf=5 shed=4/68 bud=0.0000 D=22ms ar=97 agap=2/121 dg_rx=12958 dg_tx=13240
  SPAN ship 1200B tm-s.log: [SPAN] t=71.4s ack=3536 win=[3520,3540] wsize=21 a_star=Some(3) delta=Some(1) owed=0.00 rr=0.500 debt=0.00 retx_buf=4 shed=5/73 bud=0.0000 D=22ms ar=107 agap=2/121 dg_rx=14457 dg_tx=14770
  SPAN ship 1200B tm-s.log: [SPAN] t=76.6s ack=3904 win=[3888,3907] wsize=20 a_star=Some(3) delta=Some(1) owed=0.00 rr=0.500 debt=0.00 retx_buf=3 shed=5/84 bud=0.0000 D=22ms ar=110 agap=2/121 dg_rx=15943 dg_tx=16288
  SPAN ship 1200B tm-s.log: [SPAN] t=81.7s ack=4254 win=[4238,4257] wsize=20 a_star=Some(3) delta=Some(1) owed=0.00 rr=0.500 debt=0.00 retx_buf=3 shed=8/88 bud=0.0020 D=21ms ar=118 agap=2/121 dg_rx=17411 dg_tx=17791
  SPAN ship 1200B tm-s.log: [SPAN] t=96.4s ack=4593 win=[4577,4599] wsize=23 a_star=Some(4) delta=Some(1) owed=0.00 rr=0.500 debt=0.00 retx_buf=6 shed=10/100 bud=0.0000 D=22ms ar=136 agap=3/183 dg_rx=18811 dg_tx=19238
  SPAN ship 1200B tm-s.log: [SPAN] t=101.5s ack=4958 win=[4942,4963] wsize=22 a_star=Some(3) delta=Some(1) owed=0.00 rr=0.500 debt=0.00 retx_buf=5 shed=11/108 bud=0.0000 D=22ms ar=97 agap=3/183 dg_rx=20303 dg_tx=20760
  SPAN ship 1200B tm-s.log: [SPAN] t=106.6s ack=5320 win=[5304,5326] wsize=23 a_star=Some(3) delta=Some(1) owed=0.00 rr=0.500 debt=0.00 retx_buf=6 shed=11/118 bud=0.0000 D=21ms ar=123 agap=3/183 dg_rx=21811 dg_tx=22301
  SPAN ship 1200B tm-s.log: [SPAN] t=111.7s ack=5670 win=[5654,5674] wsize=21 a_star=Some(3) delta=Some(1) owed=0.00 rr=0.500 debt=0.00 retx_buf=4 shed=14/126 bud=0.0000 D=22ms ar=101 agap=3/183 dg_rx=23278 dg_tx=23805
  SPAN ship 1200B tm-s.log: [SPAN] t=126.4s ack=6034 win=[6018,6038] wsize=21 a_star=Some(3) delta=Some(1) owed=0.00 rr=0.470 debt=0.00 retx_buf=4 shed=14/131 bud=0.0000 D=23ms ar=121 agap=4/244 dg_rx=24639 dg_tx=25178
  SPAN ship 1200B tm-s.log: [SPAN] t=131.5s ack=6419 win=[6401,6422] wsize=22 a_star=Some(3) delta=Some(1) owed=0.00 rr=0.500 debt=0.00 retx_buf=5 shed=14/136 bud=0.0000 D=23ms ar=114 agap=4/244 dg_rx=26119 dg_tx=26674
  SPAN ship 1200B tm-c.log: [SPAN] t=1.6s ack=0 win=[0,1] wsize=2 a_star=Some(1) delta=Some(1) owed=0.00 rr=0.500 debt=0.00 retx_buf=2 shed=0/0 bud=0.0006 D=20ms ar=0 agap=0/0 dg_rx=20 dg_tx=21
  SPAN ship 1200B tm-c.log: [SPAN] t=2.1s ack=67 win=[0,76] wsize=77 a_star=Some(7) delta=Some(1) owed=0.00 rr=0.500 debt=0.00 retx_buf=9 shed=0/29 bud=0.0000 D=22ms ar=279 agap=0/0 dg_rx=158 dg_tx=178
  SPAN ship 1200B tm-c.log: [SPAN] t=2.6s ack=142 win=[42,151] wsize=110 a_star=Some(5) delta=Some(1) owed=0.00 rr=0.267 debt=0.55 retx_buf=9 shed=0/29 bud=0.0000 D=21ms ar=235 agap=0/0 dg_rx=301 dg_tx=319
  SPAN ship 1200B tm-c.log: [SPAN] t=3.1s ack=219 win=[119,228] wsize=110 a_star=Some(6) delta=Some(1) owed=0.00 rr=0.313 debt=0.67 retx_buf=9 shed=1/32 bud=0.0000 D=21ms ar=235 agap=0/0 dg_rx=440 dg_tx=459
  SPAN ship 1200B tm-c.log: [SPAN] t=3.6s ack=299 win=[199,306] wsize=108 a_star=Some(6) delta=Some(1) owed=0.00 rr=0.273 debt=0.05 retx_buf=7 shed=1/35 bud=0.0000 D=22ms ar=232 agap=0/0 dg_rx=577 dg_tx=594
  SPAN ship 1200B tm-c.log: [SPAN] t=4.1s ack=376 win=[358,383] wsize=26 a_star=Some(6) delta=Some(1) owed=0.00 rr=0.440 debt=0.91 retx_buf=9 shed=1/37 bud=0.0000 D=22ms ar=233 agap=0/0 dg_rx=706 dg_tx=726
  SPAN ship 1200B tm-c.log: [SPAN] t=6.2s ack=680 win=[664,689] wsize=26 a_star=Some(6) delta=Some(1) owed=0.00 rr=0.440 debt=0.91 retx_buf=9 shed=2/51 bud=0.0000 D=21ms ar=252 agap=0/0 dg_rx=1283 dg_tx=1312
  SPAN ship 1200B tm-c.log: [SPAN] t=11.2s ack=1446 win=[1430,1461] wsize=32 a_star=Some(5) delta=Some(1) owed=0.00 rr=0.500 debt=0.00 retx_buf=15 shed=7/154 bud=0.0011 D=20ms ar=230 agap=0/0 dg_rx=2780 dg_tx=2869
  SPAN ship 1200B tm-c.log: [SPAN] t=16.3s ack=2229 win=[2213,2238] wsize=26 a_star=Some(5) delta=Some(1) owed=0.00 rr=0.485 debt=0.99 retx_buf=9 shed=12/258 bud=0.0000 D=21ms ar=228 agap=0/0 dg_rx=4304 dg_tx=4428
  SPAN ship 1200B tm-c.log: [SPAN] t=21.3s ack=2991 win=[2975,2999] wsize=25 a_star=Some(5) delta=Some(1) owed=0.00 rr=0.500 debt=0.50 retx_buf=8 shed=16/403 bud=0.0000 D=20ms ar=227 agap=0/0 dg_rx=5811 dg_tx=5975
  SPAN ship 1200B tm-c.log: [SPAN] t=36.2s ack=3740 win=[3724,3749] wsize=26 a_star=Some(6) delta=Some(1) owed=0.00 rr=0.500 debt=0.00 retx_buf=9 shed=23/522 bud=0.0000 D=21ms ar=263 agap=1/65 dg_rx=7257 dg_tx=7481
  SPAN ship 1200B tm-c.log: [SPAN] t=41.2s ack=4498 win=[4482,4511] wsize=30 a_star=Some(5) delta=Some(1) owed=0.00 rr=0.500 debt=0.50 retx_buf=13 shed=29/620 bud=0.0054 D=21ms ar=226 agap=1/65 dg_rx=8755 dg_tx=9029
  SPAN ship 1200B tm-c.log: [SPAN] t=46.3s ack=5261 win=[5245,5270] wsize=26 a_star=Some(5) delta=Some(1) owed=0.00 rr=0.435 debt=0.90 retx_buf=9 shed=39/697 bud=0.0000 D=21ms ar=228 agap=1/65 dg_rx=10250 dg_tx=10565
  SPAN ship 1200B tm-c.log: [SPAN] t=51.3s ack=6028 win=[6012,6035] wsize=24 a_star=Some(6) delta=Some(1) owed=0.00 rr=0.470 debt=0.00 retx_buf=7 shed=39/797 bud=0.0000 D=23ms ar=226 agap=1/65 dg_rx=11762 dg_tx=12115
  SPAN ship 1200B tm-c.log: [SPAN] t=66.2s ack=6773 win=[6755,6778] wsize=24 a_star=Some(5) delta=Some(1) owed=0.00 rr=0.500 debt=0.00 retx_buf=7 shed=43/878 bud=0.0000 D=21ms ar=227 agap=2/126 dg_rx=13212 dg_tx=13597
  SPAN ship 1200B tm-c.log: [SPAN] t=71.3s ack=7541 win=[7517,7548] wsize=32 a_star=Some(5) delta=Some(1) owed=0.00 rr=0.500 debt=0.00 retx_buf=15 shed=46/942 bud=0.0005 D=21ms ar=232 agap=2/126 dg_rx=14726 dg_tx=15154
  SPAN ship 1200B tm-c.log: [SPAN] t=76.4s ack=8303 win=[8287,8312] wsize=26 a_star=Some(6) delta=Some(1) owed=0.00 rr=0.500 debt=0.50 retx_buf=9 shed=53/1030 bud=0.0000 D=21ms ar=230 agap=2/126 dg_rx=16233 dg_tx=16706
  SPAN ship 1200B tm-c.log: [SPAN] t=81.4s ack=9063 win=[9047,9074] wsize=28 a_star=Some(5) delta=Some(1) owed=0.00 rr=0.490 debt=0.99 retx_buf=11 shed=64/1116 bud=0.0000 D=20ms ar=235 agap=2/126 dg_rx=17720 dg_tx=18242
  SPAN ship 1200B tm-c.log: [SPAN] t=96.3s ack=9816 win=[9800,9824] wsize=25 a_star=Some(5) delta=Some(1) owed=0.00 rr=0.500 debt=0.50 retx_buf=8 shed=72/1258 bud=0.0011 D=21ms ar=226 agap=3/189 dg_rx=19204 dg_tx=19796
  SPAN ship 1200B tm-c.log: [SPAN] t=101.3s ack=10580 win=[10564,10587] wsize=24 a_star=Some(6) delta=Some(1) owed=0.00 rr=0.500 debt=0.00 retx_buf=7 shed=75/1344 bud=0.0000 D=21ms ar=234 agap=3/189 dg_rx=20718 dg_tx=21349
  SPAN ship 1200B tm-c.log: [SPAN] t=106.4s ack=11355 win=[11339,11362] wsize=24 a_star=Some(6) delta=Some(1) owed=0.00 rr=0.500 debt=0.00 retx_buf=7 shed=75/1449 bud=0.0000 D=24ms ar=221 agap=3/189 dg_rx=22252 dg_tx=22935
  SPAN ship 1200B tm-c.log: [SPAN] t=111.5s ack=12121 win=[12105,12128] wsize=24 a_star=Some(6) delta=Some(1) owed=0.00 rr=0.500 debt=0.00 retx_buf=7 shed=79/1531 bud=0.0000 D=21ms ar=232 agap=3/189 dg_rx=23748 dg_tx=24473
  SPAN ship 1200B tm-c.log: [SPAN] t=126.3s ack=12849 win=[12833,12858] wsize=26 a_star=Some(5) delta=Some(1) owed=0.00 rr=0.425 debt=0.43 retx_buf=9 shed=79/1577 bud=0.0000 D=23ms ar=201 agap=4/254 dg_rx=25158 dg_tx=25904
  SPAN ship 1200B tm-c.log: [SPAN] t=131.4s ack=13621 win=[13605,13628] wsize=24 a_star=Some(6) delta=Some(1) owed=0.00 rr=0.490 debt=0.00 retx_buf=7 shed=80/1632 bud=0.0000 D=22ms ar=226 agap=4/254 dg_rx=26656 dg_tx=27423
  EVICT ship 1200B tm-s.log: [RFA] gen=0 fires=2297 false=1184 false_frac=0.5155 fill_coded=710 fill_src=403 dup_src=519 preempt_src=665 src_n=24808 rep_n=7777 nu_recv=0.09259 fa_class=0.0625 rep_redundant=7018 late_after_aban=723
  EVICT ship 1200B tm-s.log: [SUCC] gen=0 det=1128 res=388 orig_n=60 orig_p50_us=40960 orig_p90_us=45056 orig_p99_us=49152 orig_mx_us=49678 orig_mean_us=37385 rep_n=328 rep_p50_us=14336 rep_p90_us=40960 rep_p99_us=45056 rep_mx_us=49678 rep_mean_us=15058 aban_n=740 aban_p50_us=22528 aban_p90_us=22528 aban_p99_us=40960 aban_mx_us=101338 aban_mean_us=23913 open=0 over=0 orig_frac=0.1546 cross_us=52 dump=0/0 sp_n=388 xp_n=0 xp_frac=0.0000 sp_p50_us=16384 sp_p90_us=40960 xp_p50_us=- xp_p90_us=-
  EVICT ship 1200B tm-c.log: [RFA] gen=0 fires=246 false=246 false_frac=1.0000 fill_coded=0 fill_src=0 dup_src=246 preempt_src=0 src_n=11643 rep_n=2878 nu_recv=0.02113 fa_class=0.0625 rep_redundant=2855 late_after_aban=0
  EVICT ship 1200B tm-c.log: [SUCC] gen=0 det=0 res=0 orig_n=0 orig_p50_us=- orig_p90_us=- orig_p99_us=- orig_mx_us=- orig_mean_us=- rep_n=0 rep_p50_us=- rep_p90_us=- rep_p99_us=- rep_mx_us=- rep_mean_us=- aban_n=0 aban_p50_us=- aban_p90_us=- aban_p99_us=- aban_mx_us=- aban_mean_us=- open=0 over=0 orig_frac=- cross_us=- dump=0/0 sp_n=0 xp_n=0 xp_frac=- sp_p50_us=- sp_p90_us=- xp_p50_us=- xp_p90_us=-
ARM ship 1200B: n=8 min=89 median=103 max=175
=== done 07:14:53
=== CROWNSPOT stage seed=42 cell=c3 rc=0 end=2026-09-08T05:14:53Z
CROWNSPOT-DONE seed=42 stages=2/2 2026-09-08T05:14:53Z
