=== CROWNSPOT stage seed=7 cell=c2 start=2026-09-08T05:14:53Z
=== tail matrix (task #61 flip-gate) @ c2 seed=7 arms='ship', 8 reps/arm (warm tunnel), 50msg/s x20s sizes='400 1200' 07:14:53
--- ship 400B start=07:14:53
ARMENV ship 400B: hint=realtime env='<unset>' flags='' rate=50 dur=20
  ECHO ship 400B tm-s.log: ack-merge ACTIVE (RWM_ACK_MERGE: WINDOW mode sends ONE control datagram per data message instead of two — the legacy per-batch Ack is suppressed, the SACK WindowAck goes unconditional at that cadence and carries the Ack's payload in the v6 cumulative cum_expected/cum_received counters, every Ack-arm consumer re-homed onto the counter diff; BLOCK mode bit-exact; the delivery statistic/cadence/counts unchanged) copa_feed=false
  ECHO ship 400B tm-s.log: A* send-rate anchor ACTIVE (RWM_ASTAR_ANCHOR: windowed-max send rate over ~8 SRTT, clock-gap sample discard)
  ECHO ship 400B tm-s.log: clock-gap estimator hygiene ACTIVE (RWM_CLOCK_GAP: process-clock stall witness, post-stall sample discard at the ack feed sites)
  ECHO ship 400B tm-s.log: M* peer-report RTT-feed suppression ACTIVE (RWM_MSTAR_ANCHOR plain-live subset: local-echo-only RTT feed + estimator seed-from-sample)
  ECHO ship 400B tm-s.log: quinn congestion controller: BBR (shipped default; RWM_QUIC_CC overrides)
  ECHO ship 400B tm-s.log: RWM_UNIFIED=1 RWM_UNIFIED_SHED=1 RWM_TAPER_R=1 RWM_ASTAR_ANCHOR=1 RWM_MSTAR_ANCHOR=1 RWM_PLAIN_RS=0 RWM_HONEST_ANCHOR=1 RWM_HONEST_K=0 RWM_STORE_SACK_RELEASE=1 RWM_STORE_PATHS=1 RWM_STORE_PATH_POOL=2048 RWM_STORE=unset RWM_STORE_GAIN=2 RWM_STORE_BOOT=128 RWM_STORE_CAPW=0 RWM_STORE_CAP_UNIFIED=0 RWM_THREE_TERM=0 RWM_COMPOSED_CAP=0 RWM_SUM_CAP=1 RWM_LATE_BRAKE=0 RWM_DELTA_CAP=1 RWM_STORE_PERCAP=0 RWM_PERCAP_GUARD=1 RWM_STORE_BORROW=0 RWM_HONEST_CAP=1 RWM_POOL_ANCHOR=0 RWM_POOL_DELIV=0 RWM_FLOOR_BOUND=0 RWM_ACK_MERGE=1 RWM_LOSS_SENT_TRUTH=0 RWM_RELEASE_1TO1=0 RWM_CHARGE_RECOVERY=0 RWM_PATIENCE_DERIVED=0 RWM_SIDLE_DERIVED=0 RWM_WIN_DECOUPLE=0 RWM_PLACE_SLACK=0 RWM_COLD_PLACE=0 RWM_GEN=1 RWM_PIPELINE=2 RWM_GEN_PIPE=1 RWM_GEN_R=unset RWM_GEN_RATE=9000 RWM_GEN_RATE_FLOOR=2000 RWM_GEN_INFLIGHT=unset RWM_OOO_RETAIN=0/16 RWM_WINDOW=unset RWM_REPORT_GENS=unset RWM_REPAIR_WAIT=unset RWM_CODED_SRC=0 RWM_NO_REACTIVE=0 RWM_XPATH_REPAIR=0 RWM_PROACTIVE_PACER=0 RWM_REASM_BDP=0 RWM_MIN_R=0 RWM_CC_PACE=0 RWM_CC_PACE_HR=1.1 RWM_REACT_CAP=unset RWM_INFL_CAP=0 RWM_INFL_BDP=unset RWM_COPA_FEED=0 RWM_RS_ATTR=1 RWM_EMIT_BATCH=0 RWM_EMIT_BURST=64 RWM_RECOV_MP=1 RWM_RECOV_MP_LAW=1 RWM_RECOV_MP_LIVE=0 RWM_RECOV_SP=0 RWM_DERIVED_SWEEP=0 RWM_RACK_CLOCKS=0 RWM_RACK_REO_MULT=1 RWM_QUANTILE_CLOCKS=0 RWM_ALPHA_OVERRIDE=unset RWM_W_FORM=cantelli RWM_HOLDDOWN_Q=unset RWM_REFRESH_FLOOR_US=unset RWM_DELTA=unset RWM_COMPLETION_EXPOSURE=0 RWM_DIAG=1 RWM_ACKDIAG=0 RWM_ACKDIAG_WINDOW_US=2000000 RWM_RTT_DUMP=0 RWM_RTT_DUMP_MAX=400000 RWM_SUCC_DUMP=0 RWM_SUCC_DUMP_MAX=200000 RWM_WALLDIAG=0 RWM_CPUPROF=0 RWM_RDIAG=0 RWM_FDIAG=0 RWM_TRACE=0 RWM_PFRAC=0
  ECHO ship 400B tm-s.log: RWM_UNIFIED: Realtime rides the RLC span machine (small-δ parameterization, no code-family switch)
  ECHO ship 400B tm-s.log: RWM_UNIFIED: receive path on the unified global decoder (one machine, both wires) generation=false
  ECHO ship 400B tm-s.log: sliding-window FEC mode symbol_size=512 backend=Rlc
  ECHO ship 400B tm-s.log: unified overload shedding ACTIVE at receiver (RWM_UNIFIED_SHED: in-order hold = delta-derived b*SRTT within the eps-class give-up budget)
  ECHO ship 400B tm-s.log: unified overload shedding ACTIVE (RWM_UNIFIED_SHED: past-deadline holes shed within the derived 1-rho budget; =0 = serializing arm)
  ECHO ship 400B tm-s.log: unified span law ACTIVE (RWM_UNIFIED: plain-mode proactive repair over the trailing solvable span [end-A*, end-Δ), A* from δ) hint=Realtime
  ECHO ship 400B tm-c.log: ack-merge ACTIVE (RWM_ACK_MERGE: WINDOW mode sends ONE control datagram per data message instead of two — the legacy per-batch Ack is suppressed, the SACK WindowAck goes unconditional at that cadence and carries the Ack's payload in the v6 cumulative cum_expected/cum_received counters, every Ack-arm consumer re-homed onto the counter diff; BLOCK mode bit-exact; the delivery statistic/cadence/counts unchanged) copa_feed=false
  ECHO ship 400B tm-c.log: A* send-rate anchor ACTIVE (RWM_ASTAR_ANCHOR: windowed-max send rate over ~8 SRTT, clock-gap sample discard)
  ECHO ship 400B tm-c.log: clock-gap estimator hygiene ACTIVE (RWM_CLOCK_GAP: process-clock stall witness, post-stall sample discard at the ack feed sites)
  ECHO ship 400B tm-c.log: M* peer-report RTT-feed suppression ACTIVE (RWM_MSTAR_ANCHOR plain-live subset: local-echo-only RTT feed + estimator seed-from-sample)
  ECHO ship 400B tm-c.log: quinn congestion controller: BBR (shipped default; RWM_QUIC_CC overrides)
  ECHO ship 400B tm-c.log: RWM_UNIFIED=1 RWM_UNIFIED_SHED=1 RWM_TAPER_R=1 RWM_ASTAR_ANCHOR=1 RWM_MSTAR_ANCHOR=1 RWM_PLAIN_RS=0 RWM_HONEST_ANCHOR=1 RWM_HONEST_K=0 RWM_STORE_SACK_RELEASE=1 RWM_STORE_PATHS=1 RWM_STORE_PATH_POOL=2048 RWM_STORE=unset RWM_STORE_GAIN=2 RWM_STORE_BOOT=128 RWM_STORE_CAPW=0 RWM_STORE_CAP_UNIFIED=0 RWM_THREE_TERM=0 RWM_COMPOSED_CAP=0 RWM_SUM_CAP=1 RWM_LATE_BRAKE=0 RWM_DELTA_CAP=1 RWM_STORE_PERCAP=0 RWM_PERCAP_GUARD=1 RWM_STORE_BORROW=0 RWM_HONEST_CAP=1 RWM_POOL_ANCHOR=0 RWM_POOL_DELIV=0 RWM_FLOOR_BOUND=0 RWM_ACK_MERGE=1 RWM_LOSS_SENT_TRUTH=0 RWM_RELEASE_1TO1=0 RWM_CHARGE_RECOVERY=0 RWM_PATIENCE_DERIVED=0 RWM_SIDLE_DERIVED=0 RWM_WIN_DECOUPLE=0 RWM_PLACE_SLACK=0 RWM_COLD_PLACE=0 RWM_GEN=1 RWM_PIPELINE=2 RWM_GEN_PIPE=1 RWM_GEN_R=unset RWM_GEN_RATE=9000 RWM_GEN_RATE_FLOOR=2000 RWM_GEN_INFLIGHT=unset RWM_OOO_RETAIN=0/16 RWM_WINDOW=unset RWM_REPORT_GENS=unset RWM_REPAIR_WAIT=unset RWM_CODED_SRC=0 RWM_NO_REACTIVE=0 RWM_XPATH_REPAIR=0 RWM_PROACTIVE_PACER=0 RWM_REASM_BDP=0 RWM_MIN_R=0 RWM_CC_PACE=0 RWM_CC_PACE_HR=1.1 RWM_REACT_CAP=unset RWM_INFL_CAP=0 RWM_INFL_BDP=unset RWM_COPA_FEED=0 RWM_RS_ATTR=1 RWM_EMIT_BATCH=0 RWM_EMIT_BURST=64 RWM_RECOV_MP=1 RWM_RECOV_MP_LAW=1 RWM_RECOV_MP_LIVE=0 RWM_RECOV_SP=0 RWM_DERIVED_SWEEP=0 RWM_RACK_CLOCKS=0 RWM_RACK_REO_MULT=1 RWM_QUANTILE_CLOCKS=0 RWM_ALPHA_OVERRIDE=unset RWM_W_FORM=cantelli RWM_HOLDDOWN_Q=unset RWM_REFRESH_FLOOR_US=unset RWM_DELTA=unset RWM_COMPLETION_EXPOSURE=0 RWM_DIAG=1 RWM_ACKDIAG=0 RWM_ACKDIAG_WINDOW_US=2000000 RWM_RTT_DUMP=0 RWM_RTT_DUMP_MAX=400000 RWM_SUCC_DUMP=0 RWM_SUCC_DUMP_MAX=200000 RWM_WALLDIAG=0 RWM_CPUPROF=0 RWM_RDIAG=0 RWM_FDIAG=0 RWM_TRACE=0 RWM_PFRAC=0
  ECHO ship 400B tm-c.log: RWM_UNIFIED: Realtime rides the RLC span machine (small-δ parameterization, no code-family switch)
  ECHO ship 400B tm-c.log: RWM_UNIFIED: receive path on the unified global decoder (one machine, both wires) generation=false
  ECHO ship 400B tm-c.log: sliding-window FEC mode symbol_size=512 backend=Rlc
  ECHO ship 400B tm-c.log: unified overload shedding ACTIVE at receiver (RWM_UNIFIED_SHED: in-order hold = delta-derived b*SRTT within the eps-class give-up budget)
  ECHO ship 400B tm-c.log: unified overload shedding ACTIVE (RWM_UNIFIED_SHED: past-deadline holes shed within the derived 1-rho budget; =0 = serializing arm)
  ECHO ship 400B tm-c.log: unified span law ACTIVE (RWM_UNIFIED: plain-mode proactive repair over the trailing solvable span [end-A*, end-Δ), A* from δ) hint=Realtime
  ship 400B rep1: p50=7.968ms p99=36.013ms p999=89.066ms max=89.066ms n=1000
  ship 400B rep2: p50=8.449ms p99=56.48ms p999=126.384ms max=126.384ms n=1000
  ship 400B rep3: p50=7.74ms p99=39.675ms p999=91.362ms max=91.362ms n=1000
  ship 400B rep4: p50=8.28ms p99=35.686ms p999=62.914ms max=62.914ms n=1000
  ship 400B rep5: p50=7.924ms p99=34.363ms p999=57.611ms max=57.611ms n=1000
  ship 400B rep6: p50=8.294ms p99=37.022ms p999=61.991ms max=61.991ms n=1000
  ship 400B rep7: p50=8.141ms p99=35.538ms p999=59.672ms max=59.672ms n=1000
  ship 400B rep8: p50=8.195ms p99=42.046ms p999=75.718ms max=75.718ms n=1000
  SPAN ship 400B tm-s.log: [SPAN] t=1.7s ack=0 win=[0,1] wsize=2 a_star=Some(1) delta=Some(1) owed=0.00 rr=0.500 debt=0.00 retx_buf=2 shed=0/0 bud=0.0067 D=5ms ar=0 agap=0/0 dg_rx=51 dg_tx=53
  SPAN ship 400B tm-s.log: [SPAN] t=2.2s ack=24 win=[0,25] wsize=26 a_star=Some(1) delta=Some(1) owed=0.00 rr=0.500 debt=0.00 retx_buf=1 shed=0/1 bud=0.0000 D=5ms ar=67 agap=0/0 dg_rx=109 dg_tx=109
  SPAN ship 400B tm-s.log: [SPAN] t=2.7s ack=49 win=[0,50] wsize=51 a_star=Some(1) delta=Some(1) owed=0.00 rr=0.353 debt=0.08 retx_buf=1 shed=0/2 bud=0.0000 D=5ms ar=104 agap=0/0 dg_rx=164 dg_tx=166
  SPAN ship 400B tm-s.log: [SPAN] t=3.2s ack=73 win=[0,74] wsize=75 a_star=Some(1) delta=Some(1) owed=0.00 rr=0.500 debt=0.00 retx_buf=1 shed=0/4 bud=0.0095 D=5ms ar=74 agap=0/0 dg_rx=215 dg_tx=219
  SPAN ship 400B tm-s.log: [SPAN] t=3.7s ack=99 win=[0,100] wsize=101 a_star=Some(1) delta=Some(1) owed=0.00 rr=0.262 debt=0.06 retx_buf=1 shed=0/5 bud=0.0000 D=6ms ar=68 agap=0/0 dg_rx=268 dg_tx=273
  SPAN ship 400B tm-s.log: [SPAN] t=4.3s ack=125 win=[109,126] wsize=18 a_star=Some(1) delta=Some(1) owed=0.00 rr=0.430 debt=0.14 retx_buf=1 shed=0/5 bud=0.0000 D=6ms ar=70 agap=0/0 dg_rx=321 dg_tx=326
  SPAN ship 400B tm-s.log: [SPAN] t=6.3s ack=227 win=[211,228] wsize=18 a_star=Some(1) delta=Some(1) owed=0.00 rr=0.455 debt=0.00 retx_buf=1 shed=1/14 bud=0.0000 D=5ms ar=123 agap=0/0 dg_rx=548 dg_tx=564
  SPAN ship 400B tm-s.log: [SPAN] t=11.4s ack=479 win=[463,480] wsize=18 a_star=Some(1) delta=Some(1) owed=0.00 rr=0.455 debt=0.05 retx_buf=1 shed=3/19 bud=0.0000 D=5ms ar=63 agap=0/0 dg_rx=1065 dg_tx=1093
  SPAN ship 400B tm-s.log: [SPAN] t=16.6s ack=732 win=[716,733] wsize=18 a_star=Some(1) delta=Some(1) owed=0.00 rr=0.420 debt=0.01 retx_buf=1 shed=3/29 bud=0.0000 D=5ms ar=66 agap=0/0 dg_rx=1594 dg_tx=1635
  SPAN ship 400B tm-s.log: [SPAN] t=21.7s ack=985 win=[969,986] wsize=18 a_star=Some(1) delta=Some(1) owed=0.00 rr=0.400 debt=0.03 retx_buf=1 shed=4/35 bud=0.0000 D=5ms ar=66 agap=0/0 dg_rx=2116 dg_tx=2165
  SPAN ship 400B tm-s.log: [SPAN] t=36.3s ack=1217 win=[1201,1218] wsize=18 a_star=Some(1) delta=Some(1) owed=0.00 rr=0.425 debt=0.01 retx_buf=1 shed=7/44 bud=0.0000 D=5ms ar=67 agap=1/99 dg_rx=2608 dg_tx=2671
  SPAN ship 400B tm-s.log: [SPAN] t=41.6s ack=1475 win=[1459,1476] wsize=18 a_star=Some(1) delta=Some(1) owed=0.00 rr=0.430 debt=0.00 retx_buf=1 shed=8/55 bud=0.0000 D=5ms ar=71 agap=1/99 dg_rx=3149 dg_tx=3225
  SPAN ship 400B tm-s.log: [SPAN] t=46.7s ack=1731 win=[1715,1732] wsize=18 a_star=Some(1) delta=Some(1) owed=0.00 rr=0.400 debt=0.01 retx_buf=1 shed=8/64 bud=0.0000 D=5ms ar=63 agap=1/99 dg_rx=3676 dg_tx=3763
  SPAN ship 400B tm-s.log: [SPAN] t=61.7s ack=1975 win=[1959,1976] wsize=18 a_star=Some(2) delta=Some(1) owed=0.00 rr=0.475 debt=0.00 retx_buf=1 shed=10/77 bud=0.0001 D=6ms ar=268 agap=2/100 dg_rx=4209 dg_tx=4311
  SPAN ship 400B tm-s.log: [SPAN] t=66.9s ack=2230 win=[2214,2231] wsize=18 a_star=Some(1) delta=Some(1) owed=0.00 rr=0.410 debt=0.01 retx_buf=1 shed=11/86 bud=0.0000 D=6ms ar=59 agap=2/197 dg_rx=4739 dg_tx=4857
  SPAN ship 400B tm-s.log: [SPAN] t=72.1s ack=2484 win=[2468,2485] wsize=18 a_star=Some(1) delta=Some(1) owed=0.00 rr=0.500 debt=0.00 retx_buf=1 shed=11/102 bud=0.0000 D=6ms ar=60 agap=2/197 dg_rx=5285 dg_tx=5419
  SPAN ship 400B tm-s.log: [SPAN] t=77.2s ack=2737 win=[2721,2738] wsize=18 a_star=Some(1) delta=Some(1) owed=0.00 rr=0.470 debt=0.01 retx_buf=1 shed=11/110 bud=0.0000 D=6ms ar=115 agap=2/197 dg_rx=5817 dg_tx=5962
  SPAN ship 400B tm-s.log: [SPAN] t=92.3s ack=2987 win=[2971,2988] wsize=18 a_star=Some(1) delta=Some(1) owed=0.00 rr=0.400 debt=0.02 retx_buf=1 shed=12/117 bud=0.0000 D=6ms ar=66 agap=3/222 dg_rx=6344 dg_tx=6497
  SPAN ship 400B tm-s.log: [SPAN] t=97.5s ack=3242 win=[3226,3243] wsize=18 a_star=Some(1) delta=Some(1) owed=0.00 rr=0.410 debt=0.00 retx_buf=1 shed=16/126 bud=0.0000 D=5ms ar=62 agap=3/293 dg_rx=6873 dg_tx=7038
  SPAN ship 400B tm-s.log: [SPAN] t=102.6s ack=3497 win=[3481,3498] wsize=18 a_star=Some(1) delta=Some(1) owed=0.00 rr=0.405 debt=0.03 retx_buf=1 shed=16/134 bud=0.0000 D=5ms ar=157 agap=3/293 dg_rx=7406 dg_tx=7582
  SPAN ship 400B tm-s.log: [SPAN] t=107.7s ack=3754 win=[3738,3755] wsize=18 a_star=Some(1) delta=Some(1) owed=0.00 rr=0.380 debt=0.01 retx_buf=1 shed=16/140 bud=0.0000 D=6ms ar=68 agap=3/293 dg_rx=7929 dg_tx=8115
  SPAN ship 400B tm-s.log: [SPAN] t=122.8s ack=4005 win=[3989,4006] wsize=18 a_star=Some(1) delta=Some(1) owed=0.00 rr=0.365 debt=0.00 retx_buf=1 shed=18/149 bud=0.0000 D=6ms ar=83 agap=4/344 dg_rx=8460 dg_tx=8655
  SPAN ship 400B tm-s.log: [SPAN] t=128.0s ack=4258 win=[4242,4259] wsize=18 a_star=Some(1) delta=Some(1) owed=0.00 rr=0.385 debt=0.00 retx_buf=1 shed=19/161 bud=0.0000 D=6ms ar=97 agap=4/393 dg_rx=8987 dg_tx=9193
  SPAN ship 400B tm-s.log: [SPAN] t=133.1s ack=4516 win=[4500,4517] wsize=18 a_star=Some(1) delta=Some(1) owed=0.00 rr=0.395 debt=0.08 retx_buf=1 shed=19/168 bud=0.0000 D=5ms ar=112 agap=4/393 dg_rx=9523 dg_tx=9740
  SPAN ship 400B tm-c.log: [SPAN] t=1.6s ack=0 win=[0,1] wsize=2 a_star=Some(1) delta=Some(1) owed=0.00 rr=0.500 debt=0.00 retx_buf=2 shed=0/0 bud=0.0000 D=5ms ar=0 agap=0/0 dg_rx=46 dg_tx=46
  SPAN ship 400B tm-c.log: [SPAN] t=2.1s ack=24 win=[0,25] wsize=26 a_star=Some(1) delta=Some(1) owed=0.00 rr=0.500 debt=0.00 retx_buf=1 shed=0/6 bud=0.0000 D=5ms ar=94 agap=0/0 dg_rx=104 dg_tx=107
  SPAN ship 400B tm-c.log: [SPAN] t=2.7s ack=51 win=[0,52] wsize=53 a_star=Some(1) delta=Some(1) owed=0.00 rr=0.352 debt=0.05 retx_buf=1 shed=0/8 bud=0.0000 D=5ms ar=90 agap=0/0 dg_rx=161 dg_tx=164
  SPAN ship 400B tm-c.log: [SPAN] t=3.2s ack=76 win=[0,77] wsize=78 a_star=Some(1) delta=Some(1) owed=0.00 rr=0.280 debt=0.08 retx_buf=1 shed=0/8 bud=0.0000 D=5ms ar=54 agap=0/0 dg_rx=213 dg_tx=216
  SPAN ship 400B tm-c.log: [SPAN] t=3.7s ack=102 win=[2,103] wsize=102 a_star=Some(1) delta=Some(1) owed=0.00 rr=0.265 debt=0.21 retx_buf=1 shed=0/9 bud=0.0000 D=6ms ar=55 agap=0/0 dg_rx=267 dg_tx=272
  SPAN ship 400B tm-c.log: [SPAN] t=4.2s ack=127 win=[111,128] wsize=18 a_star=Some(1) delta=Some(1) owed=0.00 rr=0.430 debt=0.29 retx_buf=1 shed=0/9 bud=0.0000 D=5ms ar=53 agap=0/0 dg_rx=319 dg_tx=324
  SPAN ship 400B tm-c.log: [SPAN] t=6.2s ack=230 win=[214,232] wsize=19 a_star=Some(1) delta=Some(1) owed=0.00 rr=0.455 debt=0.50 retx_buf=2 shed=0/21 bud=0.0000 D=5ms ar=56 agap=0/0 dg_rx=545 dg_tx=560
  SPAN ship 400B tm-c.log: [SPAN] t=11.4s ack=490 win=[474,491] wsize=18 a_star=Some(1) delta=Some(1) owed=0.00 rr=0.455 debt=0.05 retx_buf=1 shed=0/34 bud=0.0000 D=5ms ar=54 agap=0/0 dg_rx=1086 dg_tx=1107
  SPAN ship 400B tm-c.log: [SPAN] t=16.5s ack=751 win=[735,752] wsize=18 a_star=Some(1) delta=Some(1) owed=0.00 rr=0.420 debt=0.05 retx_buf=1 shed=2/44 bud=0.0000 D=6ms ar=53 agap=0/0 dg_rx=1630 dg_tx=1660
  SPAN ship 400B tm-c.log: [SPAN] t=21.6s ack=1009 win=[993,1010] wsize=18 a_star=Some(1) delta=Some(1) owed=0.00 rr=0.400 debt=0.09 retx_buf=1 shed=2/51 bud=0.0000 D=5ms ar=53 agap=0/0 dg_rx=2160 dg_tx=2193
  SPAN ship 400B tm-c.log: [SPAN] t=36.2s ack=1245 win=[1229,1246] wsize=18 a_star=Some(1) delta=Some(1) owed=0.00 rr=0.425 debt=0.05 retx_buf=1 shed=2/60 bud=0.0000 D=5ms ar=54 agap=1/100 dg_rx=2662 dg_tx=2702
  SPAN ship 400B tm-c.log: [SPAN] t=41.3s ack=1505 win=[1489,1506] wsize=18 a_star=Some(1) delta=Some(1) owed=0.00 rr=0.430 debt=0.03 retx_buf=1 shed=6/69 bud=0.0000 D=6ms ar=51 agap=1/100 dg_rx=3202 dg_tx=3253
  SPAN ship 400B tm-c.log: [SPAN] t=46.5s ack=1762 win=[1746,1763] wsize=18 a_star=Some(1) delta=Some(1) owed=0.00 rr=0.400 debt=0.10 retx_buf=1 shed=6/74 bud=0.0000 D=5ms ar=52 agap=1/100 dg_rx=3736 dg_tx=3791
  SPAN ship 400B tm-c.log: [SPAN] t=51.6s ack=2021 win=[2005,2022] wsize=18 a_star=Some(1) delta=Some(1) owed=0.00 rr=0.480 debt=0.02 retx_buf=1 shed=9/86 bud=0.0000 D=5ms ar=99 agap=1/100 dg_rx=4286 dg_tx=4354
  SPAN ship 400B tm-c.log: [SPAN] t=66.4s ack=2265 win=[2249,2266] wsize=18 a_star=Some(1) delta=Some(1) owed=0.00 rr=0.410 debt=0.02 retx_buf=1 shed=11/99 bud=0.0000 D=5ms ar=53 agap=2/201 dg_rx=4806 dg_tx=4882
  SPAN ship 400B tm-c.log: [SPAN] t=71.4s ack=2521 win=[2505,2522] wsize=18 a_star=Some(1) delta=Some(1) owed=0.00 rr=0.500 debt=0.00 retx_buf=1 shed=11/119 bud=0.0000 D=5ms ar=53 agap=2/201 dg_rx=5346 dg_tx=5436
  SPAN ship 400B tm-c.log: [SPAN] t=76.5s ack=2776 win=[2760,2777] wsize=18 a_star=Some(1) delta=Some(1) owed=0.00 rr=0.490 debt=0.01 retx_buf=1 shed=12/133 bud=0.0000 D=5ms ar=55 agap=2/201 dg_rx=5883 dg_tx=5980
  SPAN ship 400B tm-c.log: [SPAN] t=81.7s ack=3035 win=[3019,3036] wsize=18 a_star=Some(1) delta=Some(1) owed=0.00 rr=0.440 debt=0.06 retx_buf=1 shed=12/140 bud=0.0000 D=5ms ar=56 agap=2/201 dg_rx=6416 dg_tx=6516
  SPAN ship 400B tm-c.log: [SPAN] t=96.4s ack=3276 win=[3260,3277] wsize=18 a_star=Some(1) delta=Some(1) owed=0.00 rr=0.415 debt=0.00 retx_buf=1 shed=12/152 bud=0.0000 D=5ms ar=53 agap=3/302 dg_rx=6924 dg_tx=7034
  SPAN ship 400B tm-c.log: [SPAN] t=101.6s ack=3536 win=[3520,3537] wsize=18 a_star=Some(1) delta=Some(1) owed=0.00 rr=0.430 debt=0.02 retx_buf=1 shed=13/161 bud=0.0000 D=5ms ar=57 agap=3/302 dg_rx=7468 dg_tx=7583
  SPAN ship 400B tm-c.log: [SPAN] t=106.7s ack=3797 win=[3781,3798] wsize=18 a_star=Some(1) delta=Some(1) owed=0.00 rr=0.380 debt=0.06 retx_buf=1 shed=14/169 bud=0.0000 D=6ms ar=51 agap=3/302 dg_rx=8016 dg_tx=8132
  SPAN ship 400B tm-c.log: [SPAN] t=121.8s ack=4051 win=[4035,4052] wsize=18 a_star=Some(1) delta=Some(1) owed=0.00 rr=0.365 debt=0.00 retx_buf=1 shed=14/175 bud=0.0000 D=6ms ar=56 agap=4/303 dg_rx=8544 dg_tx=8665
  SPAN ship 400B tm-c.log: [SPAN] t=126.9s ack=4306 win=[4290,4307] wsize=18 a_star=Some(1) delta=Some(1) owed=0.00 rr=0.370 debt=0.13 retx_buf=1 shed=15/178 bud=0.0000 D=5ms ar=52 agap=4/402 dg_rx=9073 dg_tx=9197
  SPAN ship 400B tm-c.log: [SPAN] t=132.0s ack=4565 win=[4549,4566] wsize=18 a_star=Some(1) delta=Some(1) owed=0.00 rr=0.400 debt=0.10 retx_buf=1 shed=17/191 bud=0.0000 D=5ms ar=50 agap=4/402 dg_rx=9623 dg_tx=9755
  EVICT ship 400B tm-s.log: [RFA] gen=0 fires=248 false=63 false_frac=0.2540 fill_coded=56 fill_src=129 dup_src=50 preempt_src=13 src_n=8066 rep_n=220 nu_recv=0.03075 fa_class=0.0625 rep_redundant=161 late_after_aban=86
  EVICT ship 400B tm-s.log: [SUCC] gen=0 det=156 res=57 orig_n=57 orig_p50_us=4608 orig_p90_us=6144 orig_p99_us=6656 orig_mx_us=6845 orig_mean_us=4036 rep_n=0 rep_p50_us=- rep_p90_us=- rep_p99_us=- rep_mx_us=- rep_mean_us=- aban_n=99 aban_p50_us=6656 aban_p90_us=7168 aban_p99_us=7680 aban_mx_us=8157 aban_mean_us=6926 open=0 over=0 orig_frac=1.0000 cross_us=- dump=0/0 sp_n=57 xp_n=0 xp_frac=0.0000 sp_p50_us=4608 sp_p90_us=6144 xp_p50_us=- xp_p90_us=-
  EVICT ship 400B tm-c.log: [RFA] gen=0 fires=329 false=329 false_frac=1.0000 fill_coded=0 fill_src=0 dup_src=329 preempt_src=0 src_n=8205 rep_n=325 nu_recv=0.04010 fa_class=0.0625 rep_redundant=322 late_after_aban=0
  EVICT ship 400B tm-c.log: [SUCC] gen=0 det=0 res=0 orig_n=0 orig_p50_us=- orig_p90_us=- orig_p99_us=- orig_mx_us=- orig_mean_us=- rep_n=0 rep_p50_us=- rep_p90_us=- rep_p99_us=- rep_mx_us=- rep_mean_us=- aban_n=0 aban_p50_us=- aban_p90_us=- aban_p99_us=- aban_mx_us=- aban_mean_us=- open=0 over=0 orig_frac=- cross_us=- dump=0/0 sp_n=0 xp_n=0 xp_frac=- sp_p50_us=- sp_p90_us=- xp_p50_us=- xp_p90_us=-
ARM ship 400B: n=8 min=34 median=36 max=56
--- ship 1200B start=07:18:58
ARMENV ship 1200B: hint=realtime env='<unset>' flags='' rate=50 dur=20
  ECHO ship 1200B tm-s.log: ack-merge ACTIVE (RWM_ACK_MERGE: WINDOW mode sends ONE control datagram per data message instead of two — the legacy per-batch Ack is suppressed, the SACK WindowAck goes unconditional at that cadence and carries the Ack's payload in the v6 cumulative cum_expected/cum_received counters, every Ack-arm consumer re-homed onto the counter diff; BLOCK mode bit-exact; the delivery statistic/cadence/counts unchanged) copa_feed=false
  ECHO ship 1200B tm-s.log: A* send-rate anchor ACTIVE (RWM_ASTAR_ANCHOR: windowed-max send rate over ~8 SRTT, clock-gap sample discard)
  ECHO ship 1200B tm-s.log: clock-gap estimator hygiene ACTIVE (RWM_CLOCK_GAP: process-clock stall witness, post-stall sample discard at the ack feed sites)
  ECHO ship 1200B tm-s.log: M* peer-report RTT-feed suppression ACTIVE (RWM_MSTAR_ANCHOR plain-live subset: local-echo-only RTT feed + estimator seed-from-sample)
  ECHO ship 1200B tm-s.log: quinn congestion controller: BBR (shipped default; RWM_QUIC_CC overrides)
  ECHO ship 1200B tm-s.log: RWM_UNIFIED=1 RWM_UNIFIED_SHED=1 RWM_TAPER_R=1 RWM_ASTAR_ANCHOR=1 RWM_MSTAR_ANCHOR=1 RWM_PLAIN_RS=0 RWM_HONEST_ANCHOR=1 RWM_HONEST_K=0 RWM_STORE_SACK_RELEASE=1 RWM_STORE_PATHS=1 RWM_STORE_PATH_POOL=2048 RWM_STORE=unset RWM_STORE_GAIN=2 RWM_STORE_BOOT=128 RWM_STORE_CAPW=0 RWM_STORE_CAP_UNIFIED=0 RWM_THREE_TERM=0 RWM_COMPOSED_CAP=0 RWM_SUM_CAP=1 RWM_LATE_BRAKE=0 RWM_DELTA_CAP=1 RWM_STORE_PERCAP=0 RWM_PERCAP_GUARD=1 RWM_STORE_BORROW=0 RWM_HONEST_CAP=1 RWM_POOL_ANCHOR=0 RWM_POOL_DELIV=0 RWM_FLOOR_BOUND=0 RWM_ACK_MERGE=1 RWM_LOSS_SENT_TRUTH=0 RWM_RELEASE_1TO1=0 RWM_CHARGE_RECOVERY=0 RWM_PATIENCE_DERIVED=0 RWM_SIDLE_DERIVED=0 RWM_WIN_DECOUPLE=0 RWM_PLACE_SLACK=0 RWM_COLD_PLACE=0 RWM_GEN=1 RWM_PIPELINE=2 RWM_GEN_PIPE=1 RWM_GEN_R=unset RWM_GEN_RATE=9000 RWM_GEN_RATE_FLOOR=2000 RWM_GEN_INFLIGHT=unset RWM_OOO_RETAIN=0/16 RWM_WINDOW=unset RWM_REPORT_GENS=unset RWM_REPAIR_WAIT=unset RWM_CODED_SRC=0 RWM_NO_REACTIVE=0 RWM_XPATH_REPAIR=0 RWM_PROACTIVE_PACER=0 RWM_REASM_BDP=0 RWM_MIN_R=0 RWM_CC_PACE=0 RWM_CC_PACE_HR=1.1 RWM_REACT_CAP=unset RWM_INFL_CAP=0 RWM_INFL_BDP=unset RWM_COPA_FEED=0 RWM_RS_ATTR=1 RWM_EMIT_BATCH=0 RWM_EMIT_BURST=64 RWM_RECOV_MP=1 RWM_RECOV_MP_LAW=1 RWM_RECOV_MP_LIVE=0 RWM_RECOV_SP=0 RWM_DERIVED_SWEEP=0 RWM_RACK_CLOCKS=0 RWM_RACK_REO_MULT=1 RWM_QUANTILE_CLOCKS=0 RWM_ALPHA_OVERRIDE=unset RWM_W_FORM=cantelli RWM_HOLDDOWN_Q=unset RWM_REFRESH_FLOOR_US=unset RWM_DELTA=unset RWM_COMPLETION_EXPOSURE=0 RWM_DIAG=1 RWM_ACKDIAG=0 RWM_ACKDIAG_WINDOW_US=2000000 RWM_RTT_DUMP=0 RWM_RTT_DUMP_MAX=400000 RWM_SUCC_DUMP=0 RWM_SUCC_DUMP_MAX=200000 RWM_WALLDIAG=0 RWM_CPUPROF=0 RWM_RDIAG=0 RWM_FDIAG=0 RWM_TRACE=0 RWM_PFRAC=0
  ECHO ship 1200B tm-s.log: RWM_UNIFIED: Realtime rides the RLC span machine (small-δ parameterization, no code-family switch)
  ECHO ship 1200B tm-s.log: RWM_UNIFIED: receive path on the unified global decoder (one machine, both wires) generation=false
  ECHO ship 1200B tm-s.log: sliding-window FEC mode symbol_size=512 backend=Rlc
  ECHO ship 1200B tm-s.log: unified overload shedding ACTIVE at receiver (RWM_UNIFIED_SHED: in-order hold = delta-derived b*SRTT within the eps-class give-up budget)
  ECHO ship 1200B tm-s.log: unified overload shedding ACTIVE (RWM_UNIFIED_SHED: past-deadline holes shed within the derived 1-rho budget; =0 = serializing arm)
  ECHO ship 1200B tm-s.log: unified span law ACTIVE (RWM_UNIFIED: plain-mode proactive repair over the trailing solvable span [end-A*, end-Δ), A* from δ) hint=Realtime
  ECHO ship 1200B tm-c.log: ack-merge ACTIVE (RWM_ACK_MERGE: WINDOW mode sends ONE control datagram per data message instead of two — the legacy per-batch Ack is suppressed, the SACK WindowAck goes unconditional at that cadence and carries the Ack's payload in the v6 cumulative cum_expected/cum_received counters, every Ack-arm consumer re-homed onto the counter diff; BLOCK mode bit-exact; the delivery statistic/cadence/counts unchanged) copa_feed=false
  ECHO ship 1200B tm-c.log: A* send-rate anchor ACTIVE (RWM_ASTAR_ANCHOR: windowed-max send rate over ~8 SRTT, clock-gap sample discard)
  ECHO ship 1200B tm-c.log: clock-gap estimator hygiene ACTIVE (RWM_CLOCK_GAP: process-clock stall witness, post-stall sample discard at the ack feed sites)
  ECHO ship 1200B tm-c.log: M* peer-report RTT-feed suppression ACTIVE (RWM_MSTAR_ANCHOR plain-live subset: local-echo-only RTT feed + estimator seed-from-sample)
  ECHO ship 1200B tm-c.log: quinn congestion controller: BBR (shipped default; RWM_QUIC_CC overrides)
  ECHO ship 1200B tm-c.log: RWM_UNIFIED=1 RWM_UNIFIED_SHED=1 RWM_TAPER_R=1 RWM_ASTAR_ANCHOR=1 RWM_MSTAR_ANCHOR=1 RWM_PLAIN_RS=0 RWM_HONEST_ANCHOR=1 RWM_HONEST_K=0 RWM_STORE_SACK_RELEASE=1 RWM_STORE_PATHS=1 RWM_STORE_PATH_POOL=2048 RWM_STORE=unset RWM_STORE_GAIN=2 RWM_STORE_BOOT=128 RWM_STORE_CAPW=0 RWM_STORE_CAP_UNIFIED=0 RWM_THREE_TERM=0 RWM_COMPOSED_CAP=0 RWM_SUM_CAP=1 RWM_LATE_BRAKE=0 RWM_DELTA_CAP=1 RWM_STORE_PERCAP=0 RWM_PERCAP_GUARD=1 RWM_STORE_BORROW=0 RWM_HONEST_CAP=1 RWM_POOL_ANCHOR=0 RWM_POOL_DELIV=0 RWM_FLOOR_BOUND=0 RWM_ACK_MERGE=1 RWM_LOSS_SENT_TRUTH=0 RWM_RELEASE_1TO1=0 RWM_CHARGE_RECOVERY=0 RWM_PATIENCE_DERIVED=0 RWM_SIDLE_DERIVED=0 RWM_WIN_DECOUPLE=0 RWM_PLACE_SLACK=0 RWM_COLD_PLACE=0 RWM_GEN=1 RWM_PIPELINE=2 RWM_GEN_PIPE=1 RWM_GEN_R=unset RWM_GEN_RATE=9000 RWM_GEN_RATE_FLOOR=2000 RWM_GEN_INFLIGHT=unset RWM_OOO_RETAIN=0/16 RWM_WINDOW=unset RWM_REPORT_GENS=unset RWM_REPAIR_WAIT=unset RWM_CODED_SRC=0 RWM_NO_REACTIVE=0 RWM_XPATH_REPAIR=0 RWM_PROACTIVE_PACER=0 RWM_REASM_BDP=0 RWM_MIN_R=0 RWM_CC_PACE=0 RWM_CC_PACE_HR=1.1 RWM_REACT_CAP=unset RWM_INFL_CAP=0 RWM_INFL_BDP=unset RWM_COPA_FEED=0 RWM_RS_ATTR=1 RWM_EMIT_BATCH=0 RWM_EMIT_BURST=64 RWM_RECOV_MP=1 RWM_RECOV_MP_LAW=1 RWM_RECOV_MP_LIVE=0 RWM_RECOV_SP=0 RWM_DERIVED_SWEEP=0 RWM_RACK_CLOCKS=0 RWM_RACK_REO_MULT=1 RWM_QUANTILE_CLOCKS=0 RWM_ALPHA_OVERRIDE=unset RWM_W_FORM=cantelli RWM_HOLDDOWN_Q=unset RWM_REFRESH_FLOOR_US=unset RWM_DELTA=unset RWM_COMPLETION_EXPOSURE=0 RWM_DIAG=1 RWM_ACKDIAG=0 RWM_ACKDIAG_WINDOW_US=2000000 RWM_RTT_DUMP=0 RWM_RTT_DUMP_MAX=400000 RWM_SUCC_DUMP=0 RWM_SUCC_DUMP_MAX=200000 RWM_WALLDIAG=0 RWM_CPUPROF=0 RWM_RDIAG=0 RWM_FDIAG=0 RWM_TRACE=0 RWM_PFRAC=0
  ECHO ship 1200B tm-c.log: RWM_UNIFIED: Realtime rides the RLC span machine (small-δ parameterization, no code-family switch)
  ECHO ship 1200B tm-c.log: RWM_UNIFIED: receive path on the unified global decoder (one machine, both wires) generation=false
  ECHO ship 1200B tm-c.log: sliding-window FEC mode symbol_size=512 backend=Rlc
  ECHO ship 1200B tm-c.log: unified overload shedding ACTIVE at receiver (RWM_UNIFIED_SHED: in-order hold = delta-derived b*SRTT within the eps-class give-up budget)
  ECHO ship 1200B tm-c.log: unified overload shedding ACTIVE (RWM_UNIFIED_SHED: past-deadline holes shed within the derived 1-rho budget; =0 = serializing arm)
  ECHO ship 1200B tm-c.log: unified span law ACTIVE (RWM_UNIFIED: plain-mode proactive repair over the trailing solvable span [end-A*, end-Δ), A* from δ) hint=Realtime
  ship 1200B rep1: p50=8.546ms p99=65.979ms p999=109.317ms max=109.317ms n=1000
  ship 1200B rep2: p50=8.613ms p99=44.602ms p999=75.579ms max=75.579ms n=1000
  ship 1200B rep3: p50=8.647ms p99=37.354ms p999=43.744ms max=43.744ms n=1000
  ship 1200B rep4: p50=8.683ms p99=168.595ms p999=298.38ms max=298.38ms n=1000
  ship 1200B rep5: p50=8.525ms p99=40.719ms p999=92.201ms max=92.201ms n=1000
  ship 1200B rep6: p50=8.689ms p99=39.979ms p999=60.072ms max=60.072ms n=1000
  ship 1200B rep7: p50=8.564ms p99=38.158ms p999=69.515ms max=69.515ms n=1000
  ship 1200B rep8: p50=8.471ms p99=38.176ms p999=49.158ms max=49.158ms n=1000
  SPAN ship 1200B tm-s.log: [SPAN] t=1.6s ack=0 win=[0,1] wsize=2 a_star=Some(1) delta=Some(1) owed=0.00 rr=0.500 debt=0.00 retx_buf=2 shed=0/0 bud=0.0000 D=5ms ar=0 agap=0/0 dg_rx=45 dg_tx=46
  SPAN ship 1200B tm-s.log: [SPAN] t=2.1s ack=41 win=[0,42] wsize=43 a_star=Some(2) delta=Some(1) owed=0.00 rr=0.412 debt=0.05 retx_buf=1 shed=0/3 bud=0.0000 D=6ms ar=190 agap=0/0 dg_rx=186 dg_tx=191
  SPAN ship 1200B tm-s.log: [SPAN] t=2.6s ack=84 win=[0,85] wsize=86 a_star=Some(1) delta=Some(1) owed=0.00 rr=0.412 debt=0.07 retx_buf=1 shed=0/4 bud=0.0000 D=5ms ar=152 agap=0/0 dg_rx=316 dg_tx=324
  SPAN ship 1200B tm-s.log: [SPAN] t=3.2s ack=125 win=[25,126] wsize=102 a_star=Some(1) delta=Some(1) owed=0.00 rr=0.500 debt=0.00 retx_buf=1 shed=0/5 bud=0.0129 D=5ms ar=154 agap=0/0 dg_rx=438 dg_tx=449
  SPAN ship 1200B tm-s.log: [SPAN] t=3.7s ack=161 win=[61,162] wsize=102 a_star=Some(1) delta=Some(1) owed=0.00 rr=0.317 debt=0.25 retx_buf=1 shed=1/7 bud=0.0000 D=5ms ar=170 agap=0/0 dg_rx=591 dg_tx=603
  SPAN ship 1200B tm-s.log: [SPAN] t=4.2s ack=202 win=[186,203] wsize=18 a_star=Some(1) delta=Some(1) owed=0.00 rr=0.500 debt=0.00 retx_buf=1 shed=1/11 bud=0.0000 D=5ms ar=157 agap=0/0 dg_rx=752 dg_tx=767
  SPAN ship 1200B tm-s.log: [SPAN] t=6.2s ack=348 win=[332,349] wsize=18 a_star=Some(1) delta=Some(1) owed=0.00 rr=0.500 debt=0.00 retx_buf=1 shed=1/17 bud=0.0116 D=6ms ar=122 agap=0/0 dg_rx=1353 dg_tx=1375
  SPAN ship 1200B tm-s.log: [SPAN] t=11.3s ack=740 win=[724,742] wsize=19 a_star=Some(2) delta=Some(1) owed=0.00 rr=0.500 debt=0.50 retx_buf=2 shed=4/28 bud=0.0000 D=5ms ar=170 agap=0/0 dg_rx=2920 dg_tx=2966
  SPAN ship 1200B tm-s.log: [SPAN] t=16.4s ack=1120 win=[1104,1121] wsize=18 a_star=Some(2) delta=Some(1) owed=0.00 rr=0.500 debt=0.00 retx_buf=1 shed=4/37 bud=0.0000 D=6ms ar=167 agap=0/0 dg_rx=4461 dg_tx=4516
  SPAN ship 1200B tm-s.log: [SPAN] t=21.5s ack=1510 win=[1494,1511] wsize=18 a_star=Some(2) delta=Some(1) owed=0.00 rr=0.500 debt=0.00 retx_buf=1 shed=7/47 bud=0.0000 D=5ms ar=261 agap=0/0 dg_rx=6004 dg_tx=6081
  SPAN ship 1200B tm-s.log: [SPAN] t=36.3s ack=1879 win=[1863,1880] wsize=18 a_star=Some(1) delta=Some(1) owed=0.00 rr=0.500 debt=0.00 retx_buf=1 shed=7/69 bud=0.0000 D=5ms ar=153 agap=1/108 dg_rx=7484 dg_tx=7587
  SPAN ship 1200B tm-s.log: [SPAN] t=41.4s ack=2270 win=[2254,2271] wsize=18 a_star=Some(1) delta=Some(1) owed=0.00 rr=0.500 debt=0.00 retx_buf=1 shed=9/88 bud=0.0000 D=5ms ar=116 agap=1/108 dg_rx=9049 dg_tx=9174
  SPAN ship 1200B tm-s.log: [SPAN] t=46.5s ack=2660 win=[2644,2661] wsize=18 a_star=Some(2) delta=Some(1) owed=0.00 rr=0.500 debt=0.00 retx_buf=1 shed=13/96 bud=0.0000 D=5ms ar=176 agap=1/108 dg_rx=10609 dg_tx=10751
  SPAN ship 1200B tm-s.log: [SPAN] t=51.6s ack=3047 win=[3031,3048] wsize=18 a_star=Some(1) delta=Some(1) owed=0.00 rr=0.500 debt=0.00 retx_buf=1 shed=15/112 bud=0.0000 D=5ms ar=166 agap=1/108 dg_rx=12171 dg_tx=12335
  SPAN ship 1200B tm-s.log: [SPAN] t=66.3s ack=3421 win=[3405,3423] wsize=19 a_star=Some(1) delta=Some(1) owed=0.00 rr=0.500 debt=0.50 retx_buf=2 shed=17/120 bud=0.0000 D=5ms ar=166 agap=2/211 dg_rx=13621 dg_tx=13798
  SPAN ship 1200B tm-s.log: [SPAN] t=71.4s ack=3814 win=[3798,3815] wsize=18 a_star=Some(1) delta=Some(1) owed=0.00 rr=0.500 debt=0.01 retx_buf=1 shed=17/132 bud=0.0000 D=5ms ar=115 agap=2/211 dg_rx=15164 dg_tx=15357
  SPAN ship 1200B tm-s.log: [SPAN] t=76.5s ack=4211 win=[4195,4213] wsize=19 a_star=Some(2) delta=Some(1) owed=0.00 rr=0.470 debt=0.51 retx_buf=2 shed=17/140 bud=0.0000 D=5ms ar=172 agap=2/211 dg_rx=16697 dg_tx=16909
  SPAN ship 1200B tm-s.log: [SPAN] t=81.6s ack=4614 win=[4598,4615] wsize=18 a_star=Some(2) delta=Some(1) owed=0.00 rr=0.500 debt=0.01 retx_buf=1 shed=17/153 bud=0.0000 D=6ms ar=231 agap=2/211 dg_rx=18248 dg_tx=18468
  SPAN ship 1200B tm-s.log: [SPAN] t=96.3s ack=4993 win=[4977,4994] wsize=18 a_star=Some(2) delta=Some(1) owed=0.00 rr=0.500 debt=0.00 retx_buf=1 shed=17/164 bud=0.0000 D=5ms ar=257 agap=3/322 dg_rx=19673 dg_tx=19915
  SPAN ship 1200B tm-s.log: [SPAN] t=101.6s ack=5383 win=[5367,5384] wsize=18 a_star=Some(2) delta=Some(1) owed=0.00 rr=0.500 debt=0.00 retx_buf=1 shed=19/184 bud=0.0000 D=6ms ar=305 agap=4/340 dg_rx=21310 dg_tx=21578
  SPAN ship 1200B tm-s.log: [SPAN] t=106.6s ack=5771 win=[5755,5772] wsize=18 a_star=Some(2) delta=Some(1) owed=0.00 rr=0.485 debt=0.03 retx_buf=1 shed=20/187 bud=0.0000 D=6ms ar=176 agap=4/340 dg_rx=22827 dg_tx=23104
  SPAN ship 1200B tm-s.log: [SPAN] t=111.7s ack=6166 win=[6150,6167] wsize=18 a_star=Some(1) delta=Some(1) owed=0.00 rr=0.500 debt=0.00 retx_buf=1 shed=21/194 bud=0.0000 D=6ms ar=151 agap=4/340 dg_rx=24368 dg_tx=24661
  SPAN ship 1200B tm-s.log: [SPAN] t=126.4s ack=6515 win=[6499,6516] wsize=18 a_star=Some(1) delta=Some(1) owed=0.00 rr=0.500 debt=0.00 retx_buf=1 shed=23/205 bud=0.0000 D=5ms ar=137 agap=5/446 dg_rx=25741 dg_tx=26049
  SPAN ship 1200B tm-s.log: [SPAN] t=131.5s ack=6903 win=[6887,6904] wsize=18 a_star=Some(2) delta=Some(1) owed=0.00 rr=0.500 debt=0.00 retx_buf=1 shed=29/223 bud=0.0000 D=5ms ar=190 agap=5/446 dg_rx=27303 dg_tx=27636
  SPAN ship 1200B tm-c.log: [SPAN] t=1.6s ack=0 win=[0,1] wsize=2 a_star=Some(1) delta=Some(1) owed=0.00 rr=0.500 debt=0.00 retx_buf=2 shed=0/0 bud=0.0000 D=5ms ar=0 agap=0/0 dg_rx=44 dg_tx=44
  SPAN ship 1200B tm-c.log: [SPAN] t=2.1s ack=78 win=[0,79] wsize=80 a_star=Some(2) delta=Some(1) owed=0.00 rr=0.341 debt=0.00 retx_buf=1 shed=0/4 bud=0.0000 D=5ms ar=323 agap=0/0 dg_rx=189 dg_tx=190
  SPAN ship 1200B tm-c.log: [SPAN] t=2.6s ack=153 win=[53,156] wsize=104 a_star=Some(1) delta=Some(1) owed=0.00 rr=0.426 debt=0.86 retx_buf=3 shed=0/8 bud=0.0000 D=6ms ar=153 agap=0/0 dg_rx=320 dg_tx=326
  SPAN ship 1200B tm-c.log: [SPAN] t=3.1s ack=228 win=[128,231] wsize=104 a_star=Some(1) delta=Some(1) owed=0.00 rr=0.244 debt=0.64 retx_buf=3 shed=0/8 bud=0.0000 D=6ms ar=155 agap=0/0 dg_rx=441 dg_tx=447
  SPAN ship 1200B tm-c.log: [SPAN] t=3.6s ack=308 win=[208,309] wsize=102 a_star=Some(2) delta=Some(1) owed=0.00 rr=0.328 debt=0.02 retx_buf=1 shed=0/23 bud=0.0000 D=6ms ar=249 agap=0/0 dg_rx=594 dg_tx=604
  SPAN ship 1200B tm-c.log: [SPAN] t=4.1s ack=385 win=[369,386] wsize=18 a_star=Some(4) delta=Some(1) owed=0.00 rr=0.500 debt=0.00 retx_buf=1 shed=0/33 bud=0.0000 D=5ms ar=537 agap=0/0 dg_rx=756 dg_tx=770
  SPAN ship 1200B tm-c.log: [SPAN] t=6.2s ack=695 win=[679,698] wsize=20 a_star=Some(1) delta=Some(1) owed=0.00 rr=0.500 debt=0.00 retx_buf=3 shed=7/51 bud=0.0000 D=5ms ar=166 agap=0/0 dg_rx=1363 dg_tx=1395
  SPAN ship 1200B tm-c.log: [SPAN] t=11.2s ack=1460 win=[1444,1461] wsize=18 a_star=Some(2) delta=Some(1) owed=0.00 rr=0.500 debt=0.00 retx_buf=1 shed=15/88 bud=0.0000 D=6ms ar=197 agap=0/0 dg_rx=2937 dg_tx=2994
  SPAN ship 1200B tm-c.log: [SPAN] t=16.3s ack=2220 win=[2204,2223] wsize=20 a_star=Some(1) delta=Some(1) owed=0.00 rr=0.500 debt=0.00 retx_buf=3 shed=18/135 bud=0.0000 D=6ms ar=153 agap=0/0 dg_rx=4478 dg_tx=4560
  SPAN ship 1200B tm-c.log: [SPAN] t=21.3s ack=2984 win=[2968,2987] wsize=20 a_star=Some(3) delta=Some(1) owed=0.00 rr=0.500 debt=0.00 retx_buf=3 shed=26/164 bud=0.0000 D=5ms ar=394 agap=0/0 dg_rx=6033 dg_tx=6140
  SPAN ship 1200B tm-c.log: [SPAN] t=36.2s ack=3727 win=[3711,3730] wsize=20 a_star=Some(1) delta=Some(1) owed=0.00 rr=0.500 debt=0.00 retx_buf=3 shed=35/208 bud=0.0000 D=6ms ar=152 agap=1/103 dg_rx=7555 dg_tx=7696
  SPAN ship 1200B tm-c.log: [SPAN] t=41.3s ack=4491 win=[4475,4492] wsize=18 a_star=Some(2) delta=Some(1) owed=0.00 rr=0.500 debt=0.00 retx_buf=1 shed=35/274 bud=0.0000 D=6ms ar=151 agap=1/103 dg_rx=9139 dg_tx=9312
  SPAN ship 1200B tm-c.log: [SPAN] t=46.3s ack=5256 win=[5240,5258] wsize=19 a_star=Some(2) delta=Some(1) owed=0.00 rr=0.500 debt=0.50 retx_buf=2 shed=40/304 bud=0.0000 D=5ms ar=298 agap=1/103 dg_rx=10703 dg_tx=10895
  SPAN ship 1200B tm-c.log: [SPAN] t=51.3s ack=6018 win=[6002,6021] wsize=20 a_star=Some(1) delta=Some(1) owed=0.00 rr=0.500 debt=0.00 retx_buf=3 shed=46/333 bud=0.0000 D=5ms ar=152 agap=1/103 dg_rx=12254 dg_tx=12471
  SPAN ship 1200B tm-c.log: [SPAN] t=66.2s ack=6758 win=[6742,6761] wsize=20 a_star=Some(2) delta=Some(1) owed=0.00 rr=0.500 debt=0.00 retx_buf=3 shed=49/371 bud=0.0000 D=6ms ar=169 agap=2/204 dg_rx=13772 dg_tx=14009
  SPAN ship 1200B tm-c.log: [SPAN] t=71.3s ack=7518 win=[7502,7521] wsize=20 a_star=Some(1) delta=Some(1) owed=0.00 rr=0.475 debt=0.98 retx_buf=3 shed=51/407 bud=0.0000 D=6ms ar=153 agap=2/204 dg_rx=15315 dg_tx=15567
  SPAN ship 1200B tm-c.log: [SPAN] t=76.3s ack=8283 win=[8267,8285] wsize=19 a_star=Some(2) delta=Some(1) owed=0.00 rr=0.470 debt=0.48 retx_buf=2 shed=51/451 bud=0.0000 D=5ms ar=200 agap=2/204 dg_rx=16853 dg_tx=17119
  SPAN ship 1200B tm-c.log: [SPAN] t=81.3s ack=9042 win=[9026,9045] wsize=20 a_star=Some(1) delta=Some(1) owed=0.00 rr=0.480 debt=0.99 retx_buf=3 shed=53/479 bud=0.0000 D=5ms ar=154 agap=2/204 dg_rx=18410 dg_tx=18690
  SPAN ship 1200B tm-c.log: [SPAN] t=96.3s ack=9790 win=[9774,9791] wsize=18 a_star=Some(2) delta=Some(1) owed=0.00 rr=0.500 debt=0.00 retx_buf=1 shed=56/522 bud=0.0000 D=6ms ar=249 agap=3/305 dg_rx=19908 dg_tx=20205
  SPAN ship 1200B tm-c.log: [SPAN] t=101.5s ack=10591 win=[10575,10592] wsize=18 a_star=Some(3) delta=Some(1) owed=0.00 rr=0.500 debt=0.00 retx_buf=1 shed=64/619 bud=0.0000 D=5ms ar=401 agap=3/305 dg_rx=21574 dg_tx=21928
  SPAN ship 1200B tm-c.log: [SPAN] t=106.6s ack=11347 win=[11331,11348] wsize=18 a_star=Some(1) delta=Some(1) owed=0.00 rr=0.485 debt=0.00 retx_buf=1 shed=66/631 bud=0.0000 D=5ms ar=151 agap=3/305 dg_rx=23090 dg_tx=23453
  SPAN ship 1200B tm-c.log: [SPAN] t=111.7s ack=12115 win=[12099,12116] wsize=18 a_star=Some(2) delta=Some(1) owed=0.00 rr=0.500 debt=0.00 retx_buf=1 shed=67/663 bud=0.0000 D=6ms ar=154 agap=3/305 dg_rx=24641 dg_tx=25016
  SPAN ship 1200B tm-c.log: [SPAN] t=126.3s ack=12822 win=[12806,12823] wsize=18 a_star=Some(1) delta=Some(1) owed=0.00 rr=0.500 debt=0.00 retx_buf=1 shed=67/689 bud=0.0000 D=5ms ar=153 agap=4/406 dg_rx=26045 dg_tx=26432
  SPAN ship 1200B tm-c.log: [SPAN] t=131.4s ack=13587 win=[13571,13593] wsize=23 a_star=Some(1) delta=Some(1) owed=0.00 rr=0.500 debt=0.00 retx_buf=6 shed=70/750 bud=0.0190 D=6ms ar=154 agap=4/406 dg_rx=27610 dg_tx=28034
  EVICT ship 1200B tm-s.log: [RFA] gen=0 fires=1000 false=377 false_frac=0.3770 fill_coded=135 fill_src=488 dup_src=246 preempt_src=131 src_n=24318 rep_n=8023 nu_recv=0.04112 fa_class=0.0625 rep_redundant=7822 late_after_aban=427
  EVICT ship 1200B tm-s.log: [SUCC] gen=0 det=683 res=195 orig_n=147 orig_p50_us=96 orig_p90_us=5632 orig_p99_us=15360 orig_mx_us=15748 orig_mean_us=1820 rep_n=48 rep_p50_us=88 rep_p90_us=11264 rep_p99_us=15360 rep_mx_us=15748 rep_mean_us=2784 aban_n=488 aban_p50_us=6656 aban_p90_us=7168 aban_p99_us=8192 aban_mx_us=15632 aban_mean_us=7036 open=0 over=0 orig_frac=0.7538 cross_us=- dump=0/0 sp_n=195 xp_n=0 xp_frac=0.0000 sp_p50_us=96 sp_p90_us=6144 xp_p50_us=- xp_p90_us=-
  EVICT ship 1200B tm-c.log: [RFA] gen=0 fires=433 false=433 false_frac=1.0000 fill_coded=0 fill_src=0 dup_src=433 preempt_src=0 src_n=12653 rep_n=3745 nu_recv=0.03422 fa_class=0.0625 rep_redundant=3721 late_after_aban=0
  EVICT ship 1200B tm-c.log: [SUCC] gen=0 det=0 res=0 orig_n=0 orig_p50_us=- orig_p90_us=- orig_p99_us=- orig_mx_us=- orig_mean_us=- rep_n=0 rep_p50_us=- rep_p90_us=- rep_p99_us=- rep_mx_us=- rep_mean_us=- aban_n=0 aban_p50_us=- aban_p90_us=- aban_p99_us=- aban_mx_us=- aban_mean_us=- open=0 over=0 orig_frac=- cross_us=- dump=0/0 sp_n=0 xp_n=0 xp_frac=- sp_p50_us=- sp_p90_us=- xp_p50_us=- xp_p90_us=-
ARM ship 1200B: n=8 min=37 median=40 max=169
=== done 07:23:02
=== CROWNSPOT stage seed=7 cell=c2 rc=0 end=2026-09-08T05:23:03Z
=== CROWNSPOT stage seed=7 cell=c3 start=2026-09-08T05:23:03Z
=== tail matrix (task #61 flip-gate) @ c3 seed=7 arms='ship', 8 reps/arm (warm tunnel), 50msg/s x20s sizes='400 1200' 07:23:03
--- ship 400B start=07:23:03
ARMENV ship 400B: hint=realtime env='<unset>' flags='' rate=50 dur=20
  ECHO ship 400B tm-s.log: ack-merge ACTIVE (RWM_ACK_MERGE: WINDOW mode sends ONE control datagram per data message instead of two — the legacy per-batch Ack is suppressed, the SACK WindowAck goes unconditional at that cadence and carries the Ack's payload in the v6 cumulative cum_expected/cum_received counters, every Ack-arm consumer re-homed onto the counter diff; BLOCK mode bit-exact; the delivery statistic/cadence/counts unchanged) copa_feed=false
  ECHO ship 400B tm-s.log: A* send-rate anchor ACTIVE (RWM_ASTAR_ANCHOR: windowed-max send rate over ~8 SRTT, clock-gap sample discard)
  ECHO ship 400B tm-s.log: clock-gap estimator hygiene ACTIVE (RWM_CLOCK_GAP: process-clock stall witness, post-stall sample discard at the ack feed sites)
  ECHO ship 400B tm-s.log: M* peer-report RTT-feed suppression ACTIVE (RWM_MSTAR_ANCHOR plain-live subset: local-echo-only RTT feed + estimator seed-from-sample)
  ECHO ship 400B tm-s.log: quinn congestion controller: BBR (shipped default; RWM_QUIC_CC overrides)
  ECHO ship 400B tm-s.log: RWM_UNIFIED=1 RWM_UNIFIED_SHED=1 RWM_TAPER_R=1 RWM_ASTAR_ANCHOR=1 RWM_MSTAR_ANCHOR=1 RWM_PLAIN_RS=0 RWM_HONEST_ANCHOR=1 RWM_HONEST_K=0 RWM_STORE_SACK_RELEASE=1 RWM_STORE_PATHS=1 RWM_STORE_PATH_POOL=2048 RWM_STORE=unset RWM_STORE_GAIN=2 RWM_STORE_BOOT=128 RWM_STORE_CAPW=0 RWM_STORE_CAP_UNIFIED=0 RWM_THREE_TERM=0 RWM_COMPOSED_CAP=0 RWM_SUM_CAP=1 RWM_LATE_BRAKE=0 RWM_DELTA_CAP=1 RWM_STORE_PERCAP=0 RWM_PERCAP_GUARD=1 RWM_STORE_BORROW=0 RWM_HONEST_CAP=1 RWM_POOL_ANCHOR=0 RWM_POOL_DELIV=0 RWM_FLOOR_BOUND=0 RWM_ACK_MERGE=1 RWM_LOSS_SENT_TRUTH=0 RWM_RELEASE_1TO1=0 RWM_CHARGE_RECOVERY=0 RWM_PATIENCE_DERIVED=0 RWM_SIDLE_DERIVED=0 RWM_WIN_DECOUPLE=0 RWM_PLACE_SLACK=0 RWM_COLD_PLACE=0 RWM_GEN=1 RWM_PIPELINE=2 RWM_GEN_PIPE=1 RWM_GEN_R=unset RWM_GEN_RATE=9000 RWM_GEN_RATE_FLOOR=2000 RWM_GEN_INFLIGHT=unset RWM_OOO_RETAIN=0/16 RWM_WINDOW=unset RWM_REPORT_GENS=unset RWM_REPAIR_WAIT=unset RWM_CODED_SRC=0 RWM_NO_REACTIVE=0 RWM_XPATH_REPAIR=0 RWM_PROACTIVE_PACER=0 RWM_REASM_BDP=0 RWM_MIN_R=0 RWM_CC_PACE=0 RWM_CC_PACE_HR=1.1 RWM_REACT_CAP=unset RWM_INFL_CAP=0 RWM_INFL_BDP=unset RWM_COPA_FEED=0 RWM_RS_ATTR=1 RWM_EMIT_BATCH=0 RWM_EMIT_BURST=64 RWM_RECOV_MP=1 RWM_RECOV_MP_LAW=1 RWM_RECOV_MP_LIVE=0 RWM_RECOV_SP=0 RWM_DERIVED_SWEEP=0 RWM_RACK_CLOCKS=0 RWM_RACK_REO_MULT=1 RWM_QUANTILE_CLOCKS=0 RWM_ALPHA_OVERRIDE=unset RWM_W_FORM=cantelli RWM_HOLDDOWN_Q=unset RWM_REFRESH_FLOOR_US=unset RWM_DELTA=unset RWM_COMPLETION_EXPOSURE=0 RWM_DIAG=1 RWM_ACKDIAG=0 RWM_ACKDIAG_WINDOW_US=2000000 RWM_RTT_DUMP=0 RWM_RTT_DUMP_MAX=400000 RWM_SUCC_DUMP=0 RWM_SUCC_DUMP_MAX=200000 RWM_WALLDIAG=0 RWM_CPUPROF=0 RWM_RDIAG=0 RWM_FDIAG=0 RWM_TRACE=0 RWM_PFRAC=0
  ECHO ship 400B tm-s.log: RWM_UNIFIED: Realtime rides the RLC span machine (small-δ parameterization, no code-family switch)
  ECHO ship 400B tm-s.log: RWM_UNIFIED: receive path on the unified global decoder (one machine, both wires) generation=false
  ECHO ship 400B tm-s.log: sliding-window FEC mode symbol_size=512 backend=Rlc
  ECHO ship 400B tm-s.log: unified overload shedding ACTIVE at receiver (RWM_UNIFIED_SHED: in-order hold = delta-derived b*SRTT within the eps-class give-up budget)
  ECHO ship 400B tm-s.log: unified overload shedding ACTIVE (RWM_UNIFIED_SHED: past-deadline holes shed within the derived 1-rho budget; =0 = serializing arm)
  ECHO ship 400B tm-s.log: unified span law ACTIVE (RWM_UNIFIED: plain-mode proactive repair over the trailing solvable span [end-A*, end-Δ), A* from δ) hint=Realtime
  ECHO ship 400B tm-c.log: ack-merge ACTIVE (RWM_ACK_MERGE: WINDOW mode sends ONE control datagram per data message instead of two — the legacy per-batch Ack is suppressed, the SACK WindowAck goes unconditional at that cadence and carries the Ack's payload in the v6 cumulative cum_expected/cum_received counters, every Ack-arm consumer re-homed onto the counter diff; BLOCK mode bit-exact; the delivery statistic/cadence/counts unchanged) copa_feed=false
  ECHO ship 400B tm-c.log: A* send-rate anchor ACTIVE (RWM_ASTAR_ANCHOR: windowed-max send rate over ~8 SRTT, clock-gap sample discard)
  ECHO ship 400B tm-c.log: clock-gap estimator hygiene ACTIVE (RWM_CLOCK_GAP: process-clock stall witness, post-stall sample discard at the ack feed sites)
  ECHO ship 400B tm-c.log: M* peer-report RTT-feed suppression ACTIVE (RWM_MSTAR_ANCHOR plain-live subset: local-echo-only RTT feed + estimator seed-from-sample)
  ECHO ship 400B tm-c.log: quinn congestion controller: BBR (shipped default; RWM_QUIC_CC overrides)
  ECHO ship 400B tm-c.log: RWM_UNIFIED=1 RWM_UNIFIED_SHED=1 RWM_TAPER_R=1 RWM_ASTAR_ANCHOR=1 RWM_MSTAR_ANCHOR=1 RWM_PLAIN_RS=0 RWM_HONEST_ANCHOR=1 RWM_HONEST_K=0 RWM_STORE_SACK_RELEASE=1 RWM_STORE_PATHS=1 RWM_STORE_PATH_POOL=2048 RWM_STORE=unset RWM_STORE_GAIN=2 RWM_STORE_BOOT=128 RWM_STORE_CAPW=0 RWM_STORE_CAP_UNIFIED=0 RWM_THREE_TERM=0 RWM_COMPOSED_CAP=0 RWM_SUM_CAP=1 RWM_LATE_BRAKE=0 RWM_DELTA_CAP=1 RWM_STORE_PERCAP=0 RWM_PERCAP_GUARD=1 RWM_STORE_BORROW=0 RWM_HONEST_CAP=1 RWM_POOL_ANCHOR=0 RWM_POOL_DELIV=0 RWM_FLOOR_BOUND=0 RWM_ACK_MERGE=1 RWM_LOSS_SENT_TRUTH=0 RWM_RELEASE_1TO1=0 RWM_CHARGE_RECOVERY=0 RWM_PATIENCE_DERIVED=0 RWM_SIDLE_DERIVED=0 RWM_WIN_DECOUPLE=0 RWM_PLACE_SLACK=0 RWM_COLD_PLACE=0 RWM_GEN=1 RWM_PIPELINE=2 RWM_GEN_PIPE=1 RWM_GEN_R=unset RWM_GEN_RATE=9000 RWM_GEN_RATE_FLOOR=2000 RWM_GEN_INFLIGHT=unset RWM_OOO_RETAIN=0/16 RWM_WINDOW=unset RWM_REPORT_GENS=unset RWM_REPAIR_WAIT=unset RWM_CODED_SRC=0 RWM_NO_REACTIVE=0 RWM_XPATH_REPAIR=0 RWM_PROACTIVE_PACER=0 RWM_REASM_BDP=0 RWM_MIN_R=0 RWM_CC_PACE=0 RWM_CC_PACE_HR=1.1 RWM_REACT_CAP=unset RWM_INFL_CAP=0 RWM_INFL_BDP=unset RWM_COPA_FEED=0 RWM_RS_ATTR=1 RWM_EMIT_BATCH=0 RWM_EMIT_BURST=64 RWM_RECOV_MP=1 RWM_RECOV_MP_LAW=1 RWM_RECOV_MP_LIVE=0 RWM_RECOV_SP=0 RWM_DERIVED_SWEEP=0 RWM_RACK_CLOCKS=0 RWM_RACK_REO_MULT=1 RWM_QUANTILE_CLOCKS=0 RWM_ALPHA_OVERRIDE=unset RWM_W_FORM=cantelli RWM_HOLDDOWN_Q=unset RWM_REFRESH_FLOOR_US=unset RWM_DELTA=unset RWM_COMPLETION_EXPOSURE=0 RWM_DIAG=1 RWM_ACKDIAG=0 RWM_ACKDIAG_WINDOW_US=2000000 RWM_RTT_DUMP=0 RWM_RTT_DUMP_MAX=400000 RWM_SUCC_DUMP=0 RWM_SUCC_DUMP_MAX=200000 RWM_WALLDIAG=0 RWM_CPUPROF=0 RWM_RDIAG=0 RWM_FDIAG=0 RWM_TRACE=0 RWM_PFRAC=0
  ECHO ship 400B tm-c.log: RWM_UNIFIED: Realtime rides the RLC span machine (small-δ parameterization, no code-family switch)
  ECHO ship 400B tm-c.log: RWM_UNIFIED: receive path on the unified global decoder (one machine, both wires) generation=false
  ECHO ship 400B tm-c.log: sliding-window FEC mode symbol_size=512 backend=Rlc
  ECHO ship 400B tm-c.log: unified overload shedding ACTIVE at receiver (RWM_UNIFIED_SHED: in-order hold = delta-derived b*SRTT within the eps-class give-up budget)
  ECHO ship 400B tm-c.log: unified overload shedding ACTIVE (RWM_UNIFIED_SHED: past-deadline holes shed within the derived 1-rho budget; =0 = serializing arm)
  ECHO ship 400B tm-c.log: unified span law ACTIVE (RWM_UNIFIED: plain-mode proactive repair over the trailing solvable span [end-A*, end-Δ), A* from δ) hint=Realtime
  ship 400B rep1: p50=24.142ms p99=122.168ms p999=196.335ms max=196.335ms n=1000
  ship 400B rep2: p50=24.032ms p99=94.859ms p999=131.528ms max=131.528ms n=1000
  ship 400B rep3: p50=23.987ms p99=124.182ms p999=151.218ms max=151.218ms n=1000
  ship 400B rep4: p50=24.152ms p99=97.633ms p999=173.533ms max=173.533ms n=1000
  ship 400B rep5: p50=23.949ms p99=112.918ms p999=231.099ms max=231.099ms n=1000
  ship 400B rep6: p50=24.493ms p99=133.226ms p999=178.404ms max=178.404ms n=1000
  ship 400B rep7: p50=24.011ms p99=89.715ms p999=159.962ms max=159.962ms n=1000
  ship 400B rep8: p50=24.469ms p99=297.454ms p999=437.374ms max=437.374ms n=1000
  SPAN ship 400B tm-s.log: [SPAN] t=1.7s ack=0 win=[0,1] wsize=2 a_star=Some(1) delta=Some(1) owed=0.00 rr=0.500 debt=0.00 retx_buf=2 shed=0/0 bud=0.0000 D=23ms ar=0 agap=0/0 dg_rx=18 dg_tx=19
  SPAN ship 400B tm-s.log: [SPAN] t=2.2s ack=22 win=[0,24] wsize=25 a_star=Some(2) delta=Some(1) owed=0.00 rr=0.500 debt=0.00 retx_buf=3 shed=0/1 bud=0.0000 D=21ms ar=80 agap=0/0 dg_rx=78 dg_tx=81
  SPAN ship 400B tm-s.log: [SPAN] t=2.7s ack=47 win=[0,49] wsize=50 a_star=Some(3) delta=Some(1) owed=0.00 rr=0.456 debt=0.04 retx_buf=2 shed=0/2 bud=0.0000 D=21ms ar=109 agap=0/0 dg_rx=137 dg_tx=143
  SPAN ship 400B tm-s.log: [SPAN] t=3.2s ack=71 win=[0,74] wsize=75 a_star=Some(2) delta=Some(1) owed=0.00 rr=0.334 debt=0.00 retx_buf=3 shed=0/4 bud=0.0000 D=22ms ar=66 agap=0/0 dg_rx=191 dg_tx=202
  SPAN ship 400B tm-s.log: [SPAN] t=3.7s ack=96 win=[0,99] wsize=100 a_star=Some(3) delta=Some(1) owed=0.00 rr=0.293 debt=0.29 retx_buf=3 shed=0/5 bud=0.0000 D=21ms ar=115 agap=0/0 dg_rx=244 dg_tx=258
  SPAN ship 400B tm-s.log: [SPAN] t=4.2s ack=122 win=[106,124] wsize=19 a_star=Some(2) delta=Some(1) owed=0.00 rr=0.420 debt=0.00 retx_buf=2 shed=0/5 bud=0.0000 D=21ms ar=63 agap=0/0 dg_rx=296 dg_tx=309
  SPAN ship 400B tm-s.log: [SPAN] t=6.2s ack=214 win=[198,218] wsize=21 a_star=Some(2) delta=Some(1) owed=0.00 rr=0.370 debt=0.38 retx_buf=4 shed=0/11 bud=0.0000 D=21ms ar=87 agap=0/0 dg_rx=508 dg_tx=540
  SPAN ship 400B tm-s.log: [SPAN] t=11.3s ack=461 win=[445,463] wsize=19 a_star=Some(2) delta=Some(1) owed=0.00 rr=0.405 debt=0.02 retx_buf=2 shed=2/19 bud=0.0000 D=21ms ar=79 agap=0/0 dg_rx=1049 dg_tx=1093
  SPAN ship 400B tm-s.log: [SPAN] t=16.5s ack=716 win=[700,718] wsize=19 a_star=Some(2) delta=Some(1) owed=0.00 rr=0.385 debt=0.00 retx_buf=2 shed=2/25 bud=0.0000 D=21ms ar=62 agap=0/0 dg_rx=1598 dg_tx=1657
  SPAN ship 400B tm-s.log: [SPAN] t=21.7s ack=962 win=[946,965] wsize=20 a_star=Some(2) delta=Some(1) owed=0.00 rr=0.420 debt=0.50 retx_buf=3 shed=2/36 bud=0.0000 D=21ms ar=65 agap=0/0 dg_rx=2145 dg_tx=2228
  SPAN ship 400B tm-s.log: [SPAN] t=36.3s ack=1190 win=[1174,1193] wsize=20 a_star=Some(2) delta=Some(1) owed=0.00 rr=0.385 debt=0.41 retx_buf=3 shed=2/45 bud=0.0000 D=21ms ar=62 agap=1/56 dg_rx=2661 dg_tx=2763
  SPAN ship 400B tm-s.log: [SPAN] t=41.4s ack=1441 win=[1425,1444] wsize=20 a_star=Some(2) delta=Some(1) owed=0.00 rr=0.400 debt=0.42 retx_buf=3 shed=4/52 bud=0.0000 D=21ms ar=79 agap=1/56 dg_rx=3199 dg_tx=3315
  SPAN ship 400B tm-s.log: [SPAN] t=46.5s ack=1691 win=[1675,1694] wsize=20 a_star=Some(2) delta=Some(1) owed=0.00 rr=0.365 debt=0.52 retx_buf=3 shed=4/58 bud=0.0000 D=20ms ar=63 agap=1/56 dg_rx=3737 dg_tx=3864
  SPAN ship 400B tm-s.log: [SPAN] t=51.7s ack=1940 win=[1924,1942] wsize=19 a_star=Some(2) delta=Some(1) owed=0.00 rr=0.395 debt=0.00 retx_buf=2 shed=6/68 bud=0.0000 D=22ms ar=88 agap=1/56 dg_rx=4295 dg_tx=4447
  SPAN ship 400B tm-s.log: [SPAN] t=66.3s ack=2167 win=[2151,2168] wsize=18 a_star=Some(2) delta=Some(1) owed=0.00 rr=0.475 debt=0.00 retx_buf=1 shed=9/78 bud=0.0016 D=21ms ar=59 agap=2/116 dg_rx=4808 dg_tx=4985
  SPAN ship 400B tm-s.log: [SPAN] t=71.4s ack=2409 win=[2393,2412] wsize=20 a_star=Some(2) delta=Some(1) owed=0.00 rr=0.405 debt=0.00 retx_buf=3 shed=10/88 bud=0.0000 D=21ms ar=86 agap=2/116 dg_rx=5356 dg_tx=5559
  SPAN ship 400B tm-s.log: [SPAN] t=76.6s ack=2660 win=[2644,2663] wsize=20 a_star=Some(2) delta=Some(1) owed=0.00 rr=0.390 debt=0.83 retx_buf=3 shed=10/99 bud=0.0001 D=21ms ar=89 agap=2/116 dg_rx=5913 dg_tx=6141
  SPAN ship 400B tm-s.log: [SPAN] t=81.8s ack=2909 win=[2893,2911] wsize=19 a_star=Some(2) delta=Some(1) owed=0.00 rr=0.430 debt=0.00 retx_buf=2 shed=10/108 bud=0.0000 D=21ms ar=75 agap=2/116 dg_rx=6462 dg_tx=6708
  SPAN ship 400B tm-s.log: [SPAN] t=96.3s ack=3132 win=[3116,3135] wsize=20 a_star=Some(2) delta=Some(1) owed=0.00 rr=0.400 debt=0.45 retx_buf=3 shed=10/117 bud=0.0000 D=21ms ar=74 agap=3/169 dg_rx=6958 dg_tx=7221
  SPAN ship 400B tm-s.log: [SPAN] t=101.4s ack=3379 win=[3363,3382] wsize=20 a_star=Some(2) delta=Some(1) owed=0.00 rr=0.425 debt=0.53 retx_buf=3 shed=11/124 bud=0.0000 D=21ms ar=62 agap=3/169 dg_rx=7495 dg_tx=7774
  SPAN ship 400B tm-s.log: [SPAN] t=106.5s ack=3627 win=[3611,3630] wsize=20 a_star=Some(2) delta=Some(1) owed=0.00 rr=0.375 debt=0.41 retx_buf=3 shed=11/131 bud=0.0000 D=22ms ar=62 agap=3/169 dg_rx=8034 dg_tx=8322
  SPAN ship 400B tm-s.log: [SPAN] t=111.6s ack=3871 win=[3855,3876] wsize=22 a_star=Some(3) delta=Some(1) owed=0.00 rr=0.385 debt=0.72 retx_buf=5 shed=12/142 bud=0.0002 D=21ms ar=109 agap=3/169 dg_rx=8582 dg_tx=8895
  SPAN ship 400B tm-s.log: [SPAN] t=126.4s ack=4107 win=[4091,4110] wsize=20 a_star=Some(2) delta=Some(1) owed=0.00 rr=0.370 debt=0.41 retx_buf=3 shed=12/150 bud=0.0000 D=21ms ar=61 agap=4/221 dg_rx=9101 dg_tx=9430
  SPAN ship 400B tm-s.log: [SPAN] t=131.6s ack=4354 win=[4338,4356] wsize=19 a_star=Some(3) delta=Some(1) owed=0.00 rr=0.470 debt=0.02 retx_buf=2 shed=15/158 bud=0.0000 D=22ms ar=127 agap=4/221 dg_rx=9647 dg_tx=9999
  SPAN ship 400B tm-c.log: [SPAN] t=1.6s ack=0 win=[0,1] wsize=2 a_star=Some(1) delta=Some(1) owed=0.00 rr=0.500 debt=0.00 retx_buf=2 shed=0/0 bud=0.0000 D=22ms ar=0 agap=0/0 dg_rx=16 dg_tx=17
  SPAN ship 400B tm-c.log: [SPAN] t=2.1s ack=25 win=[0,27] wsize=28 a_star=Some(2) delta=Some(1) owed=0.00 rr=0.500 debt=0.50 retx_buf=3 shed=0/2 bud=0.0006 D=20ms ar=73 agap=0/0 dg_rx=76 dg_tx=79
  SPAN ship 400B tm-c.log: [SPAN] t=2.6s ack=51 win=[0,53] wsize=54 a_star=Some(2) delta=Some(1) owed=0.00 rr=0.445 debt=0.07 retx_buf=2 shed=0/5 bud=0.0000 D=20ms ar=75 agap=0/0 dg_rx=140 dg_tx=143
  SPAN ship 400B tm-c.log: [SPAN] t=3.1s ack=77 win=[0,80] wsize=81 a_star=Some(2) delta=Some(1) owed=0.00 rr=0.338 debt=0.14 retx_buf=3 shed=0/8 bud=0.0000 D=21ms ar=75 agap=0/0 dg_rx=196 dg_tx=200
  SPAN ship 400B tm-c.log: [SPAN] t=3.7s ack=104 win=[4,107] wsize=104 a_star=Some(2) delta=Some(1) owed=0.00 rr=0.295 debt=0.06 retx_buf=3 shed=0/10 bud=0.0000 D=21ms ar=78 agap=0/0 dg_rx=255 dg_tx=259
  SPAN ship 400B tm-c.log: [SPAN] t=4.2s ack=129 win=[113,132] wsize=20 a_star=Some(2) delta=Some(1) owed=0.00 rr=0.410 debt=0.42 retx_buf=3 shed=0/10 bud=0.0000 D=20ms ar=51 agap=0/0 dg_rx=306 dg_tx=310
  SPAN ship 400B tm-c.log: [SPAN] t=6.2s ack=235 win=[218,238] wsize=21 a_star=Some(2) delta=Some(1) owed=0.00 rr=0.370 debt=0.39 retx_buf=4 shed=1/21 bud=0.0000 D=21ms ar=75 agap=0/0 dg_rx=534 dg_tx=541
  SPAN ship 400B tm-c.log: [SPAN] t=11.3s ack=499 win=[483,502] wsize=20 a_star=Some(2) delta=Some(1) owed=0.00 rr=0.405 debt=0.42 retx_buf=3 shed=1/48 bud=0.0000 D=20ms ar=75 agap=0/0 dg_rx=1092 dg_tx=1109
  SPAN ship 400B tm-c.log: [SPAN] t=16.4s ack=762 win=[746,765] wsize=20 a_star=Some(2) delta=Some(1) owed=0.00 rr=0.380 debt=0.47 retx_buf=3 shed=1/66 bud=0.0000 D=20ms ar=51 agap=0/0 dg_rx=1654 dg_tx=1674
  SPAN ship 400B tm-c.log: [SPAN] t=21.6s ack=1029 win=[1013,1032] wsize=20 a_star=Some(2) delta=Some(1) owed=0.00 rr=0.420 debt=0.52 retx_buf=3 shed=5/87 bud=0.0000 D=21ms ar=51 agap=0/0 dg_rx=2219 dg_tx=2247
  SPAN ship 400B tm-c.log: [SPAN] t=36.3s ack=1273 win=[1256,1275] wsize=20 a_star=Some(2) delta=Some(1) owed=0.00 rr=0.385 debt=0.43 retx_buf=3 shed=8/108 bud=0.0000 D=20ms ar=52 agap=1/52 dg_rx=2762 dg_tx=2793
  SPAN ship 400B tm-c.log: [SPAN] t=41.4s ack=1533 win=[1517,1536] wsize=20 a_star=Some(2) delta=Some(1) owed=0.00 rr=0.400 debt=0.42 retx_buf=3 shed=8/130 bud=0.0000 D=21ms ar=76 agap=1/52 dg_rx=3310 dg_tx=3348
  SPAN ship 400B tm-c.log: [SPAN] t=46.4s ack=1793 win=[1777,1796] wsize=20 a_star=Some(2) delta=Some(1) owed=0.00 rr=0.365 debt=0.47 retx_buf=3 shed=8/143 bud=0.0000 D=20ms ar=54 agap=1/52 dg_rx=3855 dg_tx=3894
  SPAN ship 400B tm-c.log: [SPAN] t=51.5s ack=2059 win=[2043,2061] wsize=19 a_star=Some(2) delta=Some(1) owed=0.00 rr=0.425 debt=0.00 retx_buf=2 shed=8/178 bud=0.0007 D=21ms ar=75 agap=1/52 dg_rx=4428 dg_tx=4474
  SPAN ship 400B tm-c.log: [SPAN] t=66.3s ack=2312 win=[2296,2315] wsize=20 a_star=Some(2) delta=Some(1) owed=0.00 rr=0.430 debt=0.56 retx_buf=3 shed=13/208 bud=0.0000 D=20ms ar=51 agap=2/106 dg_rx=4982 dg_tx=5043
  SPAN ship 400B tm-c.log: [SPAN] t=71.4s ack=2577 win=[2561,2580] wsize=20 a_star=Some(2) delta=Some(1) owed=0.00 rr=0.410 debt=0.03 retx_buf=3 shed=16/244 bud=0.0000 D=21ms ar=92 agap=2/106 dg_rx=5550 dg_tx=5618
  SPAN ship 400B tm-c.log: [SPAN] t=76.4s ack=2839 win=[2823,2842] wsize=20 a_star=Some(2) delta=Some(1) owed=0.00 rr=0.400 debt=0.44 retx_buf=3 shed=16/272 bud=0.0000 D=20ms ar=72 agap=2/106 dg_rx=6117 dg_tx=6190
  SPAN ship 400B tm-c.log: [SPAN] t=81.6s ack=3103 win=[3087,3106] wsize=20 a_star=Some(2) delta=Some(1) owed=0.00 rr=0.405 debt=0.43 retx_buf=3 shed=16/294 bud=0.0000 D=20ms ar=76 agap=2/106 dg_rx=6682 dg_tx=6758
  SPAN ship 400B tm-c.log: [SPAN] t=96.3s ack=3353 win=[3337,3356] wsize=20 a_star=Some(2) delta=Some(1) owed=0.00 rr=0.395 debt=0.45 retx_buf=3 shed=19/322 bud=0.0000 D=20ms ar=52 agap=3/159 dg_rx=7224 dg_tx=7309
  SPAN ship 400B tm-c.log: [SPAN] t=101.5s ack=3620 win=[3604,3622] wsize=19 a_star=Some(2) delta=Some(1) owed=0.00 rr=0.430 debt=0.15 retx_buf=2 shed=25/341 bud=0.0000 D=20ms ar=53 agap=3/159 dg_rx=7781 dg_tx=7873
  SPAN ship 400B tm-c.log: [SPAN] t=106.6s ack=3880 win=[3864,3883] wsize=20 a_star=Some(2) delta=Some(1) owed=0.00 rr=0.370 debt=0.44 retx_buf=3 shed=25/355 bud=0.0000 D=20ms ar=51 agap=3/159 dg_rx=8325 dg_tx=8418
  SPAN ship 400B tm-c.log: [SPAN] t=111.7s ack=4145 win=[4129,4147] wsize=19 a_star=Some(2) delta=Some(1) owed=0.00 rr=0.415 debt=0.00 retx_buf=2 shed=26/388 bud=0.0000 D=20ms ar=67 agap=3/159 dg_rx=8903 dg_tx=9000
  SPAN ship 400B tm-c.log: [SPAN] t=126.4s ack=4390 win=[4373,4392] wsize=20 a_star=Some(2) delta=Some(1) owed=0.00 rr=0.370 debt=0.42 retx_buf=3 shed=27/412 bud=0.0000 D=20ms ar=51 agap=4/215 dg_rx=9432 dg_tx=9534
  SPAN ship 400B tm-c.log: [SPAN] t=131.5s ack=4650 win=[4634,4653] wsize=20 a_star=Some(2) delta=Some(1) owed=0.00 rr=0.460 debt=0.51 retx_buf=3 shed=35/446 bud=0.0000 D=21ms ar=80 agap=4/215 dg_rx=9990 dg_tx=10108
  EVICT ship 400B tm-s.log: [RFA] gen=0 fires=581 false=226 false_frac=0.3890 fill_coded=56 fill_src=299 dup_src=183 preempt_src=43 src_n=8453 rep_n=442 nu_recv=0.06873 fa_class=0.0625 rep_redundant=366 late_after_aban=296
  EVICT ship 400B tm-s.log: [SUCC] gen=0 det=376 res=55 orig_n=46 orig_p50_us=16384 orig_p90_us=30720 orig_p99_us=40960 orig_mx_us=44659 orig_mean_us=15214 rep_n=9 rep_p50_us=5632 rep_p90_us=20480 rep_p99_us=20480 rep_mx_us=21399 rep_mean_us=9564 aban_n=321 aban_p50_us=22528 aban_p90_us=22528 aban_p99_us=40960 aban_mx_us=48097 aban_mean_us=24008 open=0 over=0 orig_frac=0.8364 cross_us=- dump=0/0 sp_n=55 xp_n=0 xp_frac=0.0000 sp_p50_us=16384 sp_p90_us=20480 xp_p50_us=- xp_p90_us=-
  EVICT ship 400B tm-c.log: [RFA] gen=0 fires=277 false=277 false_frac=1.0000 fill_coded=0 fill_src=0 dup_src=277 preempt_src=0 src_n=7984 rep_n=540 nu_recv=0.03469 fa_class=0.0625 rep_redundant=537 late_after_aban=0
  EVICT ship 400B tm-c.log: [SUCC] gen=0 det=0 res=0 orig_n=0 orig_p50_us=- orig_p90_us=- orig_p99_us=- orig_mx_us=- orig_mean_us=- rep_n=0 rep_p50_us=- rep_p90_us=- rep_p99_us=- rep_mx_us=- rep_mean_us=- aban_n=0 aban_p50_us=- aban_p90_us=- aban_p99_us=- aban_mx_us=- aban_mean_us=- open=0 over=0 orig_frac=- cross_us=- dump=0/0 sp_n=0 xp_n=0 xp_frac=- sp_p50_us=- sp_p90_us=- xp_p50_us=- xp_p90_us=-
ARM ship 400B: n=8 min=90 median=113 max=297
--- ship 1200B start=07:27:07
ARMENV ship 1200B: hint=realtime env='<unset>' flags='' rate=50 dur=20
  ECHO ship 1200B tm-s.log: ack-merge ACTIVE (RWM_ACK_MERGE: WINDOW mode sends ONE control datagram per data message instead of two — the legacy per-batch Ack is suppressed, the SACK WindowAck goes unconditional at that cadence and carries the Ack's payload in the v6 cumulative cum_expected/cum_received counters, every Ack-arm consumer re-homed onto the counter diff; BLOCK mode bit-exact; the delivery statistic/cadence/counts unchanged) copa_feed=false
  ECHO ship 1200B tm-s.log: A* send-rate anchor ACTIVE (RWM_ASTAR_ANCHOR: windowed-max send rate over ~8 SRTT, clock-gap sample discard)
  ECHO ship 1200B tm-s.log: clock-gap estimator hygiene ACTIVE (RWM_CLOCK_GAP: process-clock stall witness, post-stall sample discard at the ack feed sites)
  ECHO ship 1200B tm-s.log: M* peer-report RTT-feed suppression ACTIVE (RWM_MSTAR_ANCHOR plain-live subset: local-echo-only RTT feed + estimator seed-from-sample)
  ECHO ship 1200B tm-s.log: quinn congestion controller: BBR (shipped default; RWM_QUIC_CC overrides)
  ECHO ship 1200B tm-s.log: RWM_UNIFIED=1 RWM_UNIFIED_SHED=1 RWM_TAPER_R=1 RWM_ASTAR_ANCHOR=1 RWM_MSTAR_ANCHOR=1 RWM_PLAIN_RS=0 RWM_HONEST_ANCHOR=1 RWM_HONEST_K=0 RWM_STORE_SACK_RELEASE=1 RWM_STORE_PATHS=1 RWM_STORE_PATH_POOL=2048 RWM_STORE=unset RWM_STORE_GAIN=2 RWM_STORE_BOOT=128 RWM_STORE_CAPW=0 RWM_STORE_CAP_UNIFIED=0 RWM_THREE_TERM=0 RWM_COMPOSED_CAP=0 RWM_SUM_CAP=1 RWM_LATE_BRAKE=0 RWM_DELTA_CAP=1 RWM_STORE_PERCAP=0 RWM_PERCAP_GUARD=1 RWM_STORE_BORROW=0 RWM_HONEST_CAP=1 RWM_POOL_ANCHOR=0 RWM_POOL_DELIV=0 RWM_FLOOR_BOUND=0 RWM_ACK_MERGE=1 RWM_LOSS_SENT_TRUTH=0 RWM_RELEASE_1TO1=0 RWM_CHARGE_RECOVERY=0 RWM_PATIENCE_DERIVED=0 RWM_SIDLE_DERIVED=0 RWM_WIN_DECOUPLE=0 RWM_PLACE_SLACK=0 RWM_COLD_PLACE=0 RWM_GEN=1 RWM_PIPELINE=2 RWM_GEN_PIPE=1 RWM_GEN_R=unset RWM_GEN_RATE=9000 RWM_GEN_RATE_FLOOR=2000 RWM_GEN_INFLIGHT=unset RWM_OOO_RETAIN=0/16 RWM_WINDOW=unset RWM_REPORT_GENS=unset RWM_REPAIR_WAIT=unset RWM_CODED_SRC=0 RWM_NO_REACTIVE=0 RWM_XPATH_REPAIR=0 RWM_PROACTIVE_PACER=0 RWM_REASM_BDP=0 RWM_MIN_R=0 RWM_CC_PACE=0 RWM_CC_PACE_HR=1.1 RWM_REACT_CAP=unset RWM_INFL_CAP=0 RWM_INFL_BDP=unset RWM_COPA_FEED=0 RWM_RS_ATTR=1 RWM_EMIT_BATCH=0 RWM_EMIT_BURST=64 RWM_RECOV_MP=1 RWM_RECOV_MP_LAW=1 RWM_RECOV_MP_LIVE=0 RWM_RECOV_SP=0 RWM_DERIVED_SWEEP=0 RWM_RACK_CLOCKS=0 RWM_RACK_REO_MULT=1 RWM_QUANTILE_CLOCKS=0 RWM_ALPHA_OVERRIDE=unset RWM_W_FORM=cantelli RWM_HOLDDOWN_Q=unset RWM_REFRESH_FLOOR_US=unset RWM_DELTA=unset RWM_COMPLETION_EXPOSURE=0 RWM_DIAG=1 RWM_ACKDIAG=0 RWM_ACKDIAG_WINDOW_US=2000000 RWM_RTT_DUMP=0 RWM_RTT_DUMP_MAX=400000 RWM_SUCC_DUMP=0 RWM_SUCC_DUMP_MAX=200000 RWM_WALLDIAG=0 RWM_CPUPROF=0 RWM_RDIAG=0 RWM_FDIAG=0 RWM_TRACE=0 RWM_PFRAC=0
  ECHO ship 1200B tm-s.log: RWM_UNIFIED: Realtime rides the RLC span machine (small-δ parameterization, no code-family switch)
  ECHO ship 1200B tm-s.log: RWM_UNIFIED: receive path on the unified global decoder (one machine, both wires) generation=false
  ECHO ship 1200B tm-s.log: sliding-window FEC mode symbol_size=512 backend=Rlc
  ECHO ship 1200B tm-s.log: unified overload shedding ACTIVE at receiver (RWM_UNIFIED_SHED: in-order hold = delta-derived b*SRTT within the eps-class give-up budget)
  ECHO ship 1200B tm-s.log: unified overload shedding ACTIVE (RWM_UNIFIED_SHED: past-deadline holes shed within the derived 1-rho budget; =0 = serializing arm)
  ECHO ship 1200B tm-s.log: unified span law ACTIVE (RWM_UNIFIED: plain-mode proactive repair over the trailing solvable span [end-A*, end-Δ), A* from δ) hint=Realtime
  ECHO ship 1200B tm-c.log: ack-merge ACTIVE (RWM_ACK_MERGE: WINDOW mode sends ONE control datagram per data message instead of two — the legacy per-batch Ack is suppressed, the SACK WindowAck goes unconditional at that cadence and carries the Ack's payload in the v6 cumulative cum_expected/cum_received counters, every Ack-arm consumer re-homed onto the counter diff; BLOCK mode bit-exact; the delivery statistic/cadence/counts unchanged) copa_feed=false
  ECHO ship 1200B tm-c.log: A* send-rate anchor ACTIVE (RWM_ASTAR_ANCHOR: windowed-max send rate over ~8 SRTT, clock-gap sample discard)
  ECHO ship 1200B tm-c.log: clock-gap estimator hygiene ACTIVE (RWM_CLOCK_GAP: process-clock stall witness, post-stall sample discard at the ack feed sites)
  ECHO ship 1200B tm-c.log: M* peer-report RTT-feed suppression ACTIVE (RWM_MSTAR_ANCHOR plain-live subset: local-echo-only RTT feed + estimator seed-from-sample)
  ECHO ship 1200B tm-c.log: quinn congestion controller: BBR (shipped default; RWM_QUIC_CC overrides)
  ECHO ship 1200B tm-c.log: RWM_UNIFIED=1 RWM_UNIFIED_SHED=1 RWM_TAPER_R=1 RWM_ASTAR_ANCHOR=1 RWM_MSTAR_ANCHOR=1 RWM_PLAIN_RS=0 RWM_HONEST_ANCHOR=1 RWM_HONEST_K=0 RWM_STORE_SACK_RELEASE=1 RWM_STORE_PATHS=1 RWM_STORE_PATH_POOL=2048 RWM_STORE=unset RWM_STORE_GAIN=2 RWM_STORE_BOOT=128 RWM_STORE_CAPW=0 RWM_STORE_CAP_UNIFIED=0 RWM_THREE_TERM=0 RWM_COMPOSED_CAP=0 RWM_SUM_CAP=1 RWM_LATE_BRAKE=0 RWM_DELTA_CAP=1 RWM_STORE_PERCAP=0 RWM_PERCAP_GUARD=1 RWM_STORE_BORROW=0 RWM_HONEST_CAP=1 RWM_POOL_ANCHOR=0 RWM_POOL_DELIV=0 RWM_FLOOR_BOUND=0 RWM_ACK_MERGE=1 RWM_LOSS_SENT_TRUTH=0 RWM_RELEASE_1TO1=0 RWM_CHARGE_RECOVERY=0 RWM_PATIENCE_DERIVED=0 RWM_SIDLE_DERIVED=0 RWM_WIN_DECOUPLE=0 RWM_PLACE_SLACK=0 RWM_COLD_PLACE=0 RWM_GEN=1 RWM_PIPELINE=2 RWM_GEN_PIPE=1 RWM_GEN_R=unset RWM_GEN_RATE=9000 RWM_GEN_RATE_FLOOR=2000 RWM_GEN_INFLIGHT=unset RWM_OOO_RETAIN=0/16 RWM_WINDOW=unset RWM_REPORT_GENS=unset RWM_REPAIR_WAIT=unset RWM_CODED_SRC=0 RWM_NO_REACTIVE=0 RWM_XPATH_REPAIR=0 RWM_PROACTIVE_PACER=0 RWM_REASM_BDP=0 RWM_MIN_R=0 RWM_CC_PACE=0 RWM_CC_PACE_HR=1.1 RWM_REACT_CAP=unset RWM_INFL_CAP=0 RWM_INFL_BDP=unset RWM_COPA_FEED=0 RWM_RS_ATTR=1 RWM_EMIT_BATCH=0 RWM_EMIT_BURST=64 RWM_RECOV_MP=1 RWM_RECOV_MP_LAW=1 RWM_RECOV_MP_LIVE=0 RWM_RECOV_SP=0 RWM_DERIVED_SWEEP=0 RWM_RACK_CLOCKS=0 RWM_RACK_REO_MULT=1 RWM_QUANTILE_CLOCKS=0 RWM_ALPHA_OVERRIDE=unset RWM_W_FORM=cantelli RWM_HOLDDOWN_Q=unset RWM_REFRESH_FLOOR_US=unset RWM_DELTA=unset RWM_COMPLETION_EXPOSURE=0 RWM_DIAG=1 RWM_ACKDIAG=0 RWM_ACKDIAG_WINDOW_US=2000000 RWM_RTT_DUMP=0 RWM_RTT_DUMP_MAX=400000 RWM_SUCC_DUMP=0 RWM_SUCC_DUMP_MAX=200000 RWM_WALLDIAG=0 RWM_CPUPROF=0 RWM_RDIAG=0 RWM_FDIAG=0 RWM_TRACE=0 RWM_PFRAC=0
  ECHO ship 1200B tm-c.log: RWM_UNIFIED: Realtime rides the RLC span machine (small-δ parameterization, no code-family switch)
  ECHO ship 1200B tm-c.log: RWM_UNIFIED: receive path on the unified global decoder (one machine, both wires) generation=false
  ECHO ship 1200B tm-c.log: sliding-window FEC mode symbol_size=512 backend=Rlc
  ECHO ship 1200B tm-c.log: unified overload shedding ACTIVE at receiver (RWM_UNIFIED_SHED: in-order hold = delta-derived b*SRTT within the eps-class give-up budget)
  ECHO ship 1200B tm-c.log: unified overload shedding ACTIVE (RWM_UNIFIED_SHED: past-deadline holes shed within the derived 1-rho budget; =0 = serializing arm)
  ECHO ship 1200B tm-c.log: unified span law ACTIVE (RWM_UNIFIED: plain-mode proactive repair over the trailing solvable span [end-A*, end-Δ), A* from δ) hint=Realtime
  ship 1200B rep1: p50=25.336ms p99=100.164ms p999=173.736ms max=173.736ms n=1000
  ship 1200B rep2: p50=25.272ms p99=99.054ms p999=149.464ms max=149.464ms n=1000
  ship 1200B rep3: p50=25.443ms p99=91.54ms p999=152.121ms max=152.121ms n=1000
  ship 1200B rep4: p50=25.547ms p99=138.993ms p999=305.829ms max=305.829ms n=1000
  ship 1200B rep5: p50=25.462ms p99=125.847ms p999=180.803ms max=180.803ms n=1000
  ship 1200B rep6: p50=25.156ms p99=93.757ms p999=141.434ms max=141.434ms n=1000
  ship 1200B rep7: p50=25.197ms p99=102.14ms p999=169.056ms max=169.056ms n=1000
  ship 1200B rep8: p50=25.679ms p99=120.861ms p999=171.109ms max=171.109ms n=1000
  SPAN ship 1200B tm-s.log: [SPAN] t=1.6s ack=0 win=[0,1] wsize=2 a_star=Some(1) delta=Some(1) owed=0.00 rr=0.500 debt=0.00 retx_buf=2 shed=0/0 bud=0.0000 D=23ms ar=0 agap=0/0 dg_rx=18 dg_tx=19
  SPAN ship 1200B tm-s.log: [SPAN] t=2.1s ack=31 win=[0,33] wsize=34 a_star=Some(3) delta=Some(1) owed=0.00 rr=0.500 debt=0.00 retx_buf=2 shed=0/2 bud=0.0000 D=21ms ar=140 agap=0/0 dg_rx=168 dg_tx=173
  SPAN ship 1200B tm-s.log: [SPAN] t=2.7s ack=67 win=[0,70] wsize=71 a_star=Some(3) delta=Some(1) owed=0.00 rr=0.345 debt=0.01 retx_buf=3 shed=0/2 bud=0.0000 D=22ms ar=129 agap=0/0 dg_rx=304 dg_tx=312
  SPAN ship 1200B tm-s.log: [SPAN] t=3.2s ack=103 win=[3,106] wsize=104 a_star=Some(3) delta=Some(1) owed=0.00 rr=0.278 debt=0.11 retx_buf=3 shed=0/3 bud=0.0000 D=21ms ar=132 agap=0/0 dg_rx=442 dg_tx=452
  SPAN ship 1200B tm-s.log: [SPAN] t=3.7s ack=134 win=[33,139] wsize=107 a_star=Some(3) delta=Some(1) owed=0.00 rr=0.351 debt=0.36 retx_buf=6 shed=0/4 bud=0.0000 D=22ms ar=124 agap=0/0 dg_rx=580 dg_tx=598
  SPAN ship 1200B tm-s.log: [SPAN] t=4.2s ack=172 win=[156,176] wsize=21 a_star=Some(3) delta=Some(1) owed=0.00 rr=0.470 debt=0.04 retx_buf=4 shed=0/4 bud=0.0000 D=21ms ar=130 agap=0/0 dg_rx=719 dg_tx=739
  SPAN ship 1200B tm-s.log: [SPAN] t=6.3s ack=321 win=[305,323] wsize=19 a_star=Some(3) delta=Some(1) owed=0.00 rr=0.500 debt=0.00 retx_buf=2 shed=0/6 bud=0.0000 D=22ms ar=107 agap=0/0 dg_rx=1310 dg_tx=1337
  SPAN ship 1200B tm-s.log: [SPAN] t=11.3s ack=676 win=[660,678] wsize=19 a_star=Some(3) delta=Some(1) owed=0.00 rr=0.500 debt=0.00 retx_buf=2 shed=0/13 bud=0.0002 D=22ms ar=132 agap=0/0 dg_rx=2781 dg_tx=2829
  SPAN ship 1200B tm-s.log: [SPAN] t=16.4s ack=1043 win=[1027,1048] wsize=22 a_star=Some(3) delta=Some(1) owed=0.00 rr=0.500 debt=0.00 retx_buf=5 shed=1/21 bud=0.0000 D=21ms ar=119 agap=0/0 dg_rx=4264 dg_tx=4342
  SPAN ship 1200B tm-s.log: [SPAN] t=21.5s ack=1426 win=[1410,1429] wsize=20 a_star=Some(3) delta=Some(1) owed=0.00 rr=0.495 debt=0.00 retx_buf=3 shed=2/24 bud=0.0000 D=21ms ar=120 agap=0/0 dg_rx=5758 dg_tx=5851
  SPAN ship 1200B tm-s.log: [SPAN] t=36.3s ack=1768 win=[1750,1770] wsize=21 a_star=Some(3) delta=Some(1) owed=0.00 rr=0.500 debt=0.50 retx_buf=4 shed=2/31 bud=0.0001 D=21ms ar=124 agap=1/62 dg_rx=7152 dg_tx=7269
  SPAN ship 1200B tm-s.log: [SPAN] t=41.6s ack=2106 win=[2090,2108] wsize=19 a_star=Some(4) delta=Some(1) owed=0.00 rr=0.500 debt=0.00 retx_buf=2 shed=3/41 bud=0.0023 D=22ms ar=162 agap=1/62 dg_rx=8655 dg_tx=8815
  SPAN ship 1200B tm-s.log: [SPAN] t=46.7s ack=2458 win=[2442,2462] wsize=21 a_star=Some(4) delta=Some(1) owed=0.00 rr=0.500 debt=0.00 retx_buf=4 shed=4/45 bud=0.0000 D=22ms ar=135 agap=1/62 dg_rx=10147 dg_tx=10337
  SPAN ship 1200B tm-s.log: [SPAN] t=61.7s ack=2818 win=[2802,2819] wsize=18 a_star=Some(3) delta=Some(1) owed=0.00 rr=0.500 debt=0.00 retx_buf=1 shed=5/50 bud=0.0000 D=20ms ar=132 agap=2/63 dg_rx=11599 dg_tx=11816
  SPAN ship 1200B tm-s.log: [SPAN] t=66.9s ack=3192 win=[3176,3194] wsize=19 a_star=Some(5) delta=Some(1) owed=0.00 rr=0.490 debt=0.00 retx_buf=2 shed=5/55 bud=0.0000 D=22ms ar=221 agap=2/122 dg_rx=13070 dg_tx=13300
  SPAN ship 1200B tm-s.log: [SPAN] t=72.0s ack=3550 win=[3534,3552] wsize=19 a_star=Some(3) delta=Some(1) owed=0.00 rr=0.500 debt=0.00 retx_buf=2 shed=6/61 bud=0.0013 D=22ms ar=133 agap=2/122 dg_rx=14556 dg_tx=14824
  SPAN ship 1200B tm-s.log: [SPAN] t=77.1s ack=3927 win=[3911,3930] wsize=20 a_star=Some(3) delta=Some(1) owed=0.00 rr=0.500 debt=0.00 retx_buf=3 shed=6/69 bud=0.0000 D=22ms ar=115 agap=2/122 dg_rx=16095 dg_tx=16390
  SPAN ship 1200B tm-s.log: [SPAN] t=91.7s ack=4246 win=[4230,4247] wsize=18 a_star=Some(3) delta=Some(1) owed=0.00 rr=0.500 debt=0.00 retx_buf=1 shed=6/74 bud=0.0000 D=21ms ar=134 agap=3/123 dg_rx=17417 dg_tx=17736
  SPAN ship 1200B tm-s.log: [SPAN] t=96.8s ack=4616 win=[4600,4621] wsize=22 a_star=Some(3) delta=Some(1) owed=0.00 rr=0.500 debt=0.00 retx_buf=5 shed=6/80 bud=0.0000 D=21ms ar=117 agap=3/183 dg_rx=18865 dg_tx=19216
  SPAN ship 1200B tm-s.log: [SPAN] t=101.9s ack=4982 win=[4966,4987] wsize=22 a_star=Some(3) delta=Some(1) owed=0.00 rr=0.500 debt=0.50 retx_buf=5 shed=9/88 bud=0.0000 D=22ms ar=120 agap=3/183 dg_rx=20342 dg_tx=20730
  SPAN ship 1200B tm-s.log: [SPAN] t=107.0s ack=5353 win=[5337,5358] wsize=22 a_star=Some(3) delta=Some(1) owed=0.00 rr=0.500 debt=0.50 retx_buf=5 shed=9/89 bud=0.0000 D=21ms ar=97 agap=3/183 dg_rx=21836 dg_tx=22236
  SPAN ship 1200B tm-s.log: [SPAN] t=121.8s ack=5681 win=[5665,5682] wsize=18 a_star=Some(3) delta=Some(1) owed=0.00 rr=0.500 debt=0.00 retx_buf=1 shed=10/101 bud=0.0000 D=21ms ar=135 agap=4/184 dg_rx=23231 dg_tx=23653
  SPAN ship 1200B tm-s.log: [SPAN] t=126.9s ack=6063 win=[6047,6068] wsize=22 a_star=Some(4) delta=Some(1) owed=0.00 rr=0.500 debt=0.50 retx_buf=5 shed=10/109 bud=0.0000 D=22ms ar=144 agap=4/246 dg_rx=24756 dg_tx=25211
  SPAN ship 1200B tm-s.log: [SPAN] t=132.0s ack=6413 win=[6397,6417] wsize=21 a_star=Some(2) delta=Some(1) owed=0.00 rr=0.500 debt=0.00 retx_buf=4 shed=10/115 bud=0.0000 D=21ms ar=90 agap=4/246 dg_rx=26239 dg_tx=26721
  SPAN ship 1200B tm-c.log: [SPAN] t=1.6s ack=0 win=[0,1] wsize=2 a_star=Some(1) delta=Some(1) owed=0.00 rr=0.500 debt=0.00 retx_buf=2 shed=0/0 bud=0.0000 D=22ms ar=0 agap=0/0 dg_rx=17 dg_tx=17
  SPAN ship 1200B tm-c.log: [SPAN] t=2.1s ack=70 win=[0,75] wsize=76 a_star=Some(6) delta=Some(1) owed=0.00 rr=0.398 debt=0.00 retx_buf=5 shed=0/24 bud=0.0000 D=19ms ar=272 agap=0/0 dg_rx=157 dg_tx=171
  SPAN ship 1200B tm-c.log: [SPAN] t=2.6s ack=147 win=[47,152] wsize=106 a_star=Some(5) delta=Some(1) owed=0.00 rr=0.303 debt=0.31 retx_buf=5 shed=0/30 bud=0.0000 D=20ms ar=230 agap=0/0 dg_rx=298 dg_tx=309
  SPAN ship 1200B tm-c.log: [SPAN] t=3.1s ack=223 win=[123,230] wsize=108 a_star=Some(5) delta=Some(1) owed=0.00 rr=0.311 debt=0.63 retx_buf=7 shed=0/39 bud=0.0000 D=20ms ar=230 agap=0/0 dg_rx=430 dg_tx=446
  SPAN ship 1200B tm-c.log: [SPAN] t=3.6s ack=300 win=[200,309] wsize=110 a_star=Some(6) delta=Some(1) owed=0.00 rr=0.417 debt=0.84 retx_buf=9 shed=0/59 bud=0.0000 D=21ms ar=230 agap=0/0 dg_rx=568 dg_tx=595
  SPAN ship 1200B tm-c.log: [SPAN] t=4.1s ack=378 win=[362,385] wsize=24 a_star=Some(6) delta=Some(1) owed=0.00 rr=0.440 debt=0.00 retx_buf=7 shed=1/70 bud=0.0000 D=21ms ar=229 agap=0/0 dg_rx=712 dg_tx=742
  SPAN ship 1200B tm-c.log: [SPAN] t=6.1s ack=684 win=[668,693] wsize=26 a_star=Some(6) delta=Some(1) owed=0.00 rr=0.500 debt=0.00 retx_buf=9 shed=11/107 bud=0.0000 D=22ms ar=232 agap=0/0 dg_rx=1294 dg_tx=1353
  SPAN ship 1200B tm-c.log: [SPAN] t=11.2s ack=1445 win=[1429,1455] wsize=27 a_star=Some(5) delta=Some(1) owed=0.00 rr=0.500 debt=0.00 retx_buf=10 shed=11/178 bud=0.0022 D=20ms ar=227 agap=0/0 dg_rx=2786 dg_tx=2876
  SPAN ship 1200B tm-c.log: [SPAN] t=16.2s ack=2214 win=[2198,2221] wsize=24 a_star=Some(6) delta=Some(1) owed=0.00 rr=0.480 debt=0.00 retx_buf=7 shed=12/267 bud=0.0000 D=22ms ar=226 agap=0/0 dg_rx=4271 dg_tx=4401
  SPAN ship 1200B tm-c.log: [SPAN] t=21.3s ack=2981 win=[2963,2988] wsize=26 a_star=Some(5) delta=Some(1) owed=0.00 rr=0.435 debt=0.89 retx_buf=9 shed=20/315 bud=0.0000 D=21ms ar=230 agap=0/0 dg_rx=5768 dg_tx=5931
  SPAN ship 1200B tm-c.log: [SPAN] t=36.2s ack=3733 win=[3715,3740] wsize=26 a_star=Some(5) delta=Some(1) owed=0.00 rr=0.500 debt=0.00 retx_buf=9 shed=23/438 bud=0.0000 D=21ms ar=227 agap=1/65 dg_rx=7232 dg_tx=7445
  SPAN ship 1200B tm-c.log: [SPAN] t=41.2s ack=4500 win=[4484,4507] wsize=24 a_star=Some(5) delta=Some(1) owed=0.00 rr=0.500 debt=0.00 retx_buf=7 shed=30/581 bud=0.0000 D=20ms ar=229 agap=1/65 dg_rx=8715 dg_tx=8993
  SPAN ship 1200B tm-c.log: [SPAN] t=46.2s ack=5266 win=[5250,5275] wsize=26 a_star=Some(7) delta=Some(1) owed=0.00 rr=0.465 debt=0.96 retx_buf=9 shed=34/678 bud=0.0000 D=21ms ar=308 agap=1/65 dg_rx=10197 dg_tx=10515
  SPAN ship 1200B tm-c.log: [SPAN] t=51.3s ack=6026 win=[6010,6035] wsize=26 a_star=Some(6) delta=Some(1) owed=0.00 rr=0.500 debt=0.00 retx_buf=9 shed=38/766 bud=0.0000 D=22ms ar=234 agap=1/65 dg_rx=11674 dg_tx=12032
  SPAN ship 1200B tm-c.log: [SPAN] t=66.2s ack=6772 win=[6756,6777] wsize=22 a_star=Some(6) delta=Some(1) owed=0.00 rr=0.435 debt=0.00 retx_buf=5 shed=38/827 bud=0.0000 D=21ms ar=240 agap=2/131 dg_rx=13105 dg_tx=13484
  SPAN ship 1200B tm-c.log: [SPAN] t=71.2s ack=7536 win=[7520,7546] wsize=27 a_star=Some(6) delta=Some(1) owed=0.00 rr=0.500 debt=0.00 retx_buf=10 shed=46/941 bud=0.0058 D=22ms ar=227 agap=2/131 dg_rx=14595 dg_tx=15039
  SPAN ship 1200B tm-c.log: [SPAN] t=76.3s ack=8311 win=[8295,8318] wsize=24 a_star=Some(6) delta=Some(1) owed=0.00 rr=0.500 debt=0.00 retx_buf=7 shed=54/1060 bud=0.0000 D=22ms ar=226 agap=2/131 dg_rx=16134 dg_tx=16622
  SPAN ship 1200B tm-c.log: [SPAN] t=81.3s ack=9072 win=[9056,9080] wsize=25 a_star=Some(5) delta=Some(1) owed=0.00 rr=0.470 debt=0.48 retx_buf=8 shed=54/1116 bud=0.0000 D=20ms ar=237 agap=2/131 dg_rx=17611 dg_tx=18123
  SPAN ship 1200B tm-c.log: [SPAN] t=96.2s ack=9812 win=[9796,9821] wsize=26 a_star=Some(10) delta=Some(1) owed=0.00 rr=0.500 debt=0.00 retx_buf=9 shed=57/1207 bud=0.0000 D=22ms ar=438 agap=3/197 dg_rx=19027 dg_tx=19593
  SPAN ship 1200B tm-c.log: [SPAN] t=101.2s ack=10587 win=[10571,10594] wsize=24 a_star=Some(7) delta=Some(1) owed=0.00 rr=0.500 debt=0.00 retx_buf=7 shed=64/1277 bud=0.0000 D=21ms ar=303 agap=3/197 dg_rx=20529 dg_tx=21134
  SPAN ship 1200B tm-c.log: [SPAN] t=106.3s ack=11343 win=[11327,11350] wsize=24 a_star=Some(6) delta=Some(1) owed=0.00 rr=0.500 debt=0.00 retx_buf=7 shed=67/1293 bud=0.0000 D=22ms ar=225 agap=3/197 dg_rx=22032 dg_tx=22645
  SPAN ship 1200B tm-c.log: [SPAN] t=111.3s ack=12108 win=[12090,12115] wsize=26 a_star=Some(5) delta=Some(1) owed=0.00 rr=0.500 debt=0.00 retx_buf=9 shed=82/1375 bud=0.0000 D=21ms ar=225 agap=3/197 dg_rx=23513 dg_tx=24167
  SPAN ship 1200B tm-c.log: [SPAN] t=126.3s ack=12860 win=[12844,12867] wsize=24 a_star=Some(6) delta=Some(1) owed=0.00 rr=0.490 debt=0.00 retx_buf=7 shed=83/1481 bud=0.0000 D=22ms ar=225 agap=4/261 dg_rx=25030 dg_tx=25726
  SPAN ship 1200B tm-c.log: [SPAN] t=131.3s ack=13627 win=[13611,13636] wsize=26 a_star=Some(5) delta=Some(1) owed=0.00 rr=0.500 debt=0.00 retx_buf=9 shed=83/1597 bud=0.0000 D=21ms ar=226 agap=4/261 dg_rx=26522 dg_tx=27266
  EVICT ship 1200B tm-s.log: [RFA] gen=0 fires=2307 false=1194 false_frac=0.5176 fill_coded=690 fill_src=423 dup_src=542 preempt_src=652 src_n=24803 rep_n=7825 nu_recv=0.09301 fa_class=0.0625 rep_redundant=7075 late_after_aban=745
  EVICT ship 1200B tm-s.log: [SUCC] gen=0 det=1157 res=364 orig_n=55 orig_p50_us=40960 orig_p90_us=45056 orig_p99_us=49152 orig_mx_us=50523 orig_mean_us=35193 rep_n=309 rep_p50_us=16384 rep_p90_us=36864 rep_p99_us=45056 rep_mx_us=50523 rep_mean_us=16103 aban_n=793 aban_p50_us=22528 aban_p90_us=22528 aban_p99_us=36864 aban_mx_us=41604 aban_mean_us=23284 open=0 over=0 orig_frac=0.1511 cross_us=52 dump=0/0 sp_n=364 xp_n=0 xp_frac=0.0000 sp_p50_us=16384 sp_p90_us=40960 xp_p50_us=- xp_p90_us=-
  EVICT ship 1200B tm-c.log: [RFA] gen=0 fires=230 false=230 false_frac=1.0000 fill_coded=0 fill_src=0 dup_src=230 preempt_src=0 src_n=11447 rep_n=2934 nu_recv=0.02009 fa_class=0.0625 rep_redundant=2903 late_after_aban=0
  EVICT ship 1200B tm-c.log: [SUCC] gen=0 det=0 res=0 orig_n=0 orig_p50_us=- orig_p90_us=- orig_p99_us=- orig_mx_us=- orig_mean_us=- rep_n=0 rep_p50_us=- rep_p90_us=- rep_p99_us=- rep_mx_us=- rep_mean_us=- aban_n=0 aban_p50_us=- aban_p90_us=- aban_p99_us=- aban_mx_us=- aban_mean_us=- open=0 over=0 orig_frac=- cross_us=- dump=0/0 sp_n=0 xp_n=0 xp_frac=- sp_p50_us=- sp_p90_us=- xp_p50_us=- xp_p90_us=-
ARM ship 1200B: n=8 min=92 median=100 max=139
=== done 07:31:12
=== CROWNSPOT stage seed=7 cell=c3 rc=0 end=2026-09-08T05:31:12Z
CROWNSPOT-DONE seed=7 stages=2/2 2026-09-08T05:31:12Z
