SMOKE start 2026-09-08T04:53:21Z
85c8a9c2c99dc7c1ac75730851ab22d7af2d2108c40e7b6f74812ccf20265901  /home/vibe/raptorpath/target/release/raptorpath
=== SMOKE cell=c2 2026-09-08T04:53:21Z
=== tail matrix (task #61 flip-gate) @ c2 seed=42 arms='ship', 1 reps/arm (warm tunnel), 50msg/s x20s sizes='400 1200' 06:53:21
--- ship 400B start=06:53:21
ARMENV ship 400B: hint=realtime env='<unset>' flags='' rate=50 dur=20
  ECHO ship 400B tm-s.log: ack-merge ACTIVE (RWM_ACK_MERGE: WINDOW mode sends ONE control datagram per data message instead of two — the legacy per-batch Ack is suppressed, the SACK WindowAck goes unconditional at that cadence and carries the Ack's payload in the v6 cumulative cum_expected/cum_received counters, every Ack-arm consumer re-homed onto the counter diff; BLOCK mode bit-exact; the delivery statistic/cadence/counts unchanged) copa_feed=false
  ECHO ship 400B tm-s.log: A* send-rate anchor ACTIVE (RWM_ASTAR_ANCHOR: windowed-max send rate over ~8 SRTT, clock-gap sample discard)
  ECHO ship 400B tm-s.log: clock-gap estimator hygiene ACTIVE (RWM_CLOCK_GAP: process-clock stall witness, post-stall sample discard at the ack feed sites)
  ECHO ship 400B tm-s.log: M* peer-report RTT-feed suppression ACTIVE (RWM_MSTAR_ANCHOR plain-live subset: local-echo-only RTT feed + estimator seed-from-sample)
  ECHO ship 400B tm-s.log: quinn congestion controller: BBR (shipped default; RWM_QUIC_CC overrides)
  ECHO ship 400B tm-s.log: RWM_UNIFIED=1 RWM_UNIFIED_SHED=1 RWM_TAPER_R=1 RWM_ASTAR_ANCHOR=1 RWM_MSTAR_ANCHOR=1 RWM_PLAIN_RS=0 RWM_HONEST_ANCHOR=1 RWM_HONEST_K=0 RWM_STORE_SACK_RELEASE=1 RWM_STORE_PATHS=1 RWM_STORE_PATH_POOL=2048 RWM_STORE=unset RWM_STORE_GAIN=2 RWM_STORE_BOOT=128 RWM_STORE_CAPW=0 RWM_STORE_CAP_UNIFIED=0 RWM_THREE_TERM=0 RWM_COMPOSED_CAP=0 RWM_SUM_CAP=1 RWM_LATE_BRAKE=0 RWM_DELTA_CAP=1 RWM_STORE_PERCAP=0 RWM_PERCAP_GUARD=1 RWM_STORE_BORROW=0 RWM_HONEST_CAP=1 RWM_POOL_ANCHOR=0 RWM_POOL_DELIV=0 RWM_FLOOR_BOUND=0 RWM_ACK_MERGE=1 RWM_LOSS_SENT_TRUTH=0 RWM_RELEASE_1TO1=0 RWM_CHARGE_RECOVERY=0 RWM_PATIENCE_DERIVED=0 RWM_SIDLE_DERIVED=0 RWM_WIN_DECOUPLE=0 RWM_PLACE_SLACK=0 RWM_COLD_PLACE=0 RWM_GEN=1 RWM_PIPELINE=2 RWM_GEN_PIPE=1 RWM_GEN_R=unset RWM_GEN_RATE=9000 RWM_GEN_RATE_FLOOR=2000 RWM_GEN_INFLIGHT=unset RWM_OOO_RETAIN=0/16 RWM_WINDOW=unset RWM_REPORT_GENS=unset RWM_REPAIR_WAIT=unset RWM_CODED_SRC=0 RWM_NO_REACTIVE=0 RWM_XPATH_REPAIR=0 RWM_PROACTIVE_PACER=0 RWM_REASM_BDP=0 RWM_MIN_R=0 RWM_CC_PACE=0 RWM_CC_PACE_HR=1.1 RWM_REACT_CAP=unset RWM_INFL_CAP=0 RWM_INFL_BDP=unset RWM_COPA_FEED=0 RWM_RS_ATTR=1 RWM_EMIT_BATCH=0 RWM_EMIT_BURST=64 RWM_RECOV_MP=1 RWM_RECOV_MP_LAW=1 RWM_RECOV_MP_LIVE=0 RWM_RECOV_SP=0 RWM_DERIVED_SWEEP=0 RWM_RACK_CLOCKS=0 RWM_RACK_REO_MULT=1 RWM_QUANTILE_CLOCKS=0 RWM_ALPHA_OVERRIDE=unset RWM_W_FORM=cantelli RWM_HOLDDOWN_Q=unset RWM_REFRESH_FLOOR_US=unset RWM_DELTA=unset RWM_COMPLETION_EXPOSURE=0 RWM_DIAG=1 RWM_ACKDIAG=0 RWM_ACKDIAG_WINDOW_US=2000000 RWM_RTT_DUMP=0 RWM_RTT_DUMP_MAX=400000 RWM_SUCC_DUMP=0 RWM_SUCC_DUMP_MAX=200000 RWM_WALLDIAG=0 RWM_CPUPROF=0 RWM_RDIAG=0 RWM_FDIAG=0 RWM_TRACE=0 RWM_PFRAC=0
  ECHO ship 400B tm-s.log: RWM_UNIFIED: Realtime rides the RLC span machine (small-δ parameterization, no code-family switch)
  ECHO ship 400B tm-s.log: RWM_UNIFIED: receive path on the unified global decoder (one machine, both wires) generation=false
  ECHO ship 400B tm-s.log: sliding-window FEC mode symbol_size=512 backend=Rlc
  ECHO ship 400B tm-s.log: unified overload shedding ACTIVE at receiver (RWM_UNIFIED_SHED: in-order hold = delta-derived b*SRTT within the eps-class give-up budget)
  ECHO ship 400B tm-s.log: unified overload shedding ACTIVE (RWM_UNIFIED_SHED: past-deadline holes shed within the derived 1-rho budget; =0 = serializing arm)
  ECHO ship 400B tm-s.log: unified span law ACTIVE (RWM_UNIFIED: plain-mode proactive repair over the trailing solvable span [end-A*, end-Δ), A* from δ) hint=Realtime
  ECHO ship 400B tm-c.log: ack-merge ACTIVE (RWM_ACK_MERGE: WINDOW mode sends ONE control datagram per data message instead of two — the legacy per-batch Ack is suppressed, the SACK WindowAck goes unconditional at that cadence and carries the Ack's payload in the v6 cumulative cum_expected/cum_received counters, every Ack-arm consumer re-homed onto the counter diff; BLOCK mode bit-exact; the delivery statistic/cadence/counts unchanged) copa_feed=false
  ECHO ship 400B tm-c.log: A* send-rate anchor ACTIVE (RWM_ASTAR_ANCHOR: windowed-max send rate over ~8 SRTT, clock-gap sample discard)
  ECHO ship 400B tm-c.log: clock-gap estimator hygiene ACTIVE (RWM_CLOCK_GAP: process-clock stall witness, post-stall sample discard at the ack feed sites)
  ECHO ship 400B tm-c.log: M* peer-report RTT-feed suppression ACTIVE (RWM_MSTAR_ANCHOR plain-live subset: local-echo-only RTT feed + estimator seed-from-sample)
  ECHO ship 400B tm-c.log: quinn congestion controller: BBR (shipped default; RWM_QUIC_CC overrides)
  ECHO ship 400B tm-c.log: RWM_UNIFIED=1 RWM_UNIFIED_SHED=1 RWM_TAPER_R=1 RWM_ASTAR_ANCHOR=1 RWM_MSTAR_ANCHOR=1 RWM_PLAIN_RS=0 RWM_HONEST_ANCHOR=1 RWM_HONEST_K=0 RWM_STORE_SACK_RELEASE=1 RWM_STORE_PATHS=1 RWM_STORE_PATH_POOL=2048 RWM_STORE=unset RWM_STORE_GAIN=2 RWM_STORE_BOOT=128 RWM_STORE_CAPW=0 RWM_STORE_CAP_UNIFIED=0 RWM_THREE_TERM=0 RWM_COMPOSED_CAP=0 RWM_SUM_CAP=1 RWM_LATE_BRAKE=0 RWM_DELTA_CAP=1 RWM_STORE_PERCAP=0 RWM_PERCAP_GUARD=1 RWM_STORE_BORROW=0 RWM_HONEST_CAP=1 RWM_POOL_ANCHOR=0 RWM_POOL_DELIV=0 RWM_FLOOR_BOUND=0 RWM_ACK_MERGE=1 RWM_LOSS_SENT_TRUTH=0 RWM_RELEASE_1TO1=0 RWM_CHARGE_RECOVERY=0 RWM_PATIENCE_DERIVED=0 RWM_SIDLE_DERIVED=0 RWM_WIN_DECOUPLE=0 RWM_PLACE_SLACK=0 RWM_COLD_PLACE=0 RWM_GEN=1 RWM_PIPELINE=2 RWM_GEN_PIPE=1 RWM_GEN_R=unset RWM_GEN_RATE=9000 RWM_GEN_RATE_FLOOR=2000 RWM_GEN_INFLIGHT=unset RWM_OOO_RETAIN=0/16 RWM_WINDOW=unset RWM_REPORT_GENS=unset RWM_REPAIR_WAIT=unset RWM_CODED_SRC=0 RWM_NO_REACTIVE=0 RWM_XPATH_REPAIR=0 RWM_PROACTIVE_PACER=0 RWM_REASM_BDP=0 RWM_MIN_R=0 RWM_CC_PACE=0 RWM_CC_PACE_HR=1.1 RWM_REACT_CAP=unset RWM_INFL_CAP=0 RWM_INFL_BDP=unset RWM_COPA_FEED=0 RWM_RS_ATTR=1 RWM_EMIT_BATCH=0 RWM_EMIT_BURST=64 RWM_RECOV_MP=1 RWM_RECOV_MP_LAW=1 RWM_RECOV_MP_LIVE=0 RWM_RECOV_SP=0 RWM_DERIVED_SWEEP=0 RWM_RACK_CLOCKS=0 RWM_RACK_REO_MULT=1 RWM_QUANTILE_CLOCKS=0 RWM_ALPHA_OVERRIDE=unset RWM_W_FORM=cantelli RWM_HOLDDOWN_Q=unset RWM_REFRESH_FLOOR_US=unset RWM_DELTA=unset RWM_COMPLETION_EXPOSURE=0 RWM_DIAG=1 RWM_ACKDIAG=0 RWM_ACKDIAG_WINDOW_US=2000000 RWM_RTT_DUMP=0 RWM_RTT_DUMP_MAX=400000 RWM_SUCC_DUMP=0 RWM_SUCC_DUMP_MAX=200000 RWM_WALLDIAG=0 RWM_CPUPROF=0 RWM_RDIAG=0 RWM_FDIAG=0 RWM_TRACE=0 RWM_PFRAC=0
  ECHO ship 400B tm-c.log: RWM_UNIFIED: Realtime rides the RLC span machine (small-δ parameterization, no code-family switch)
  ECHO ship 400B tm-c.log: RWM_UNIFIED: receive path on the unified global decoder (one machine, both wires) generation=false
  ECHO ship 400B tm-c.log: sliding-window FEC mode symbol_size=512 backend=Rlc
  ECHO ship 400B tm-c.log: unified overload shedding ACTIVE at receiver (RWM_UNIFIED_SHED: in-order hold = delta-derived b*SRTT within the eps-class give-up budget)
  ECHO ship 400B tm-c.log: unified overload shedding ACTIVE (RWM_UNIFIED_SHED: past-deadline holes shed within the derived 1-rho budget; =0 = serializing arm)
  ECHO ship 400B tm-c.log: unified span law ACTIVE (RWM_UNIFIED: plain-mode proactive repair over the trailing solvable span [end-A*, end-Δ), A* from δ) hint=Realtime
  ship 400B rep1: p50=8.105ms p99=36.8ms p999=78.736ms max=78.736ms n=1000
  SPAN ship 400B tm-s.log: [SPAN] t=2.5s ack=0 win=[0,1] wsize=2 a_star=Some(1) delta=Some(1) owed=0.00 rr=0.500 debt=0.00 retx_buf=2 shed=0/0 bud=0.0000 D=5ms ar=0 agap=0/0 dg_rx=117 dg_tx=119
  SPAN ship 400B tm-s.log: [SPAN] t=3.0s ack=26 win=[0,27] wsize=28 a_star=Some(1) delta=Some(1) owed=0.00 rr=0.212 debt=0.01 retx_buf=1 shed=0/1 bud=0.0000 D=6ms ar=67 agap=0/0 dg_rx=173 dg_tx=174
  SPAN ship 400B tm-s.log: [SPAN] t=3.5s ack=52 win=[0,53] wsize=54 a_star=Some(1) delta=Some(1) owed=0.00 rr=0.159 debt=0.02 retx_buf=1 shed=0/1 bud=0.0000 D=6ms ar=73 agap=0/0 dg_rx=225 dg_tx=226
  SPAN ship 400B tm-s.log: [SPAN] t=4.0s ack=74 win=[0,76] wsize=77 a_star=Some(1) delta=Some(1) owed=0.00 rr=0.500 debt=0.00 retx_buf=2 shed=0/2 bud=0.0108 D=6ms ar=129 agap=0/0 dg_rx=273 dg_tx=278
  SPAN ship 400B tm-s.log: [SPAN] t=4.5s ack=101 win=[85,102] wsize=18 a_star=Some(1) delta=Some(1) owed=0.00 rr=0.500 debt=0.00 retx_buf=1 shed=0/4 bud=0.0000 D=6ms ar=108 agap=0/0 dg_rx=332 dg_tx=336
  SPAN ship 400B tm-s.log: [SPAN] t=5.0s ack=127 win=[111,128] wsize=18 a_star=Some(1) delta=Some(1) owed=0.00 rr=0.500 debt=0.00 retx_buf=1 shed=0/6 bud=0.0000 D=6ms ar=68 agap=0/0 dg_rx=386 dg_tx=391
  SPAN ship 400B tm-s.log: [SPAN] t=7.1s ack=229 win=[213,230] wsize=18 a_star=Some(1) delta=Some(1) owed=0.00 rr=0.500 debt=0.00 retx_buf=1 shed=1/11 bud=0.0000 D=5ms ar=62 agap=0/0 dg_rx=603 dg_tx=613
  SPAN ship 400B tm-s.log: [SPAN] t=12.2s ack=478 win=[462,479] wsize=18 a_star=Some(1) delta=Some(1) owed=0.00 rr=0.500 debt=0.00 retx_buf=1 shed=3/22 bud=0.0070 D=6ms ar=108 agap=0/0 dg_rx=1126 dg_tx=1144
  SPAN ship 400B tm-s.log: [SPAN] t=17.3s ack=731 win=[715,732] wsize=18 a_star=Some(1) delta=Some(1) owed=0.00 rr=0.495 debt=0.01 retx_buf=1 shed=3/29 bud=0.0001 D=5ms ar=133 agap=0/0 dg_rx=1659 dg_tx=1681
  SPAN ship 400B tm-s.log: [SPAN] t=22.4s ack=986 win=[970,987] wsize=18 a_star=Some(1) delta=Some(1) owed=0.00 rr=0.420 debt=0.06 retx_buf=1 shed=3/37 bud=0.0000 D=6ms ar=67 agap=0/0 dg_rx=2192 dg_tx=2223
  SPAN ship 400B tm-c.log: [SPAN] t=2.5s ack=0 win=[0,1] wsize=2 a_star=Some(1) delta=Some(1) owed=0.00 rr=0.500 debt=0.00 retx_buf=2 shed=0/0 bud=0.0000 D=6ms ar=0 agap=0/0 dg_rx=116 dg_tx=117
  SPAN ship 400B tm-c.log: [SPAN] t=3.0s ack=27 win=[0,28] wsize=29 a_star=Some(1) delta=Some(1) owed=0.00 rr=0.210 debt=0.03 retx_buf=1 shed=0/0 bud=0.0000 D=5ms ar=87 agap=0/0 dg_rx=173 dg_tx=173
  SPAN ship 400B tm-c.log: [SPAN] t=3.5s ack=53 win=[0,54] wsize=55 a_star=Some(1) delta=Some(1) owed=0.00 rr=0.158 debt=0.04 retx_buf=1 shed=0/0 bud=0.0000 D=5ms ar=54 agap=0/0 dg_rx=225 dg_tx=225
  SPAN ship 400B tm-c.log: [SPAN] t=4.0s ack=78 win=[0,80] wsize=81 a_star=Some(1) delta=Some(1) owed=0.00 rr=0.500 debt=0.00 retx_buf=2 shed=0/5 bud=0.0127 D=5ms ar=55 agap=0/0 dg_rx=275 dg_tx=280
  SPAN ship 400B tm-c.log: [SPAN] t=4.5s ack=105 win=[89,106] wsize=18 a_star=Some(1) delta=Some(1) owed=0.00 rr=0.500 debt=0.00 retx_buf=1 shed=0/6 bud=0.0000 D=6ms ar=53 agap=0/0 dg_rx=337 dg_tx=341
  SPAN ship 400B tm-c.log: [SPAN] t=5.0s ack=131 win=[115,132] wsize=18 a_star=Some(1) delta=Some(1) owed=0.00 rr=0.500 debt=0.00 retx_buf=1 shed=0/6 bud=0.0000 D=5ms ar=56 agap=0/0 dg_rx=392 dg_tx=396
  SPAN ship 400B tm-c.log: [SPAN] t=7.1s ack=234 win=[218,235] wsize=18 a_star=Some(1) delta=Some(1) owed=0.00 rr=0.500 debt=0.00 retx_buf=1 shed=0/12 bud=0.0000 D=4ms ar=51 agap=0/0 dg_rx=612 dg_tx=624
  SPAN ship 400B tm-c.log: [SPAN] t=12.2s ack=490 win=[474,491] wsize=18 a_star=Some(1) delta=Some(1) owed=0.00 rr=0.500 debt=0.00 retx_buf=1 shed=1/24 bud=0.0050 D=6ms ar=95 agap=0/0 dg_rx=1145 dg_tx=1168
  SPAN ship 400B tm-c.log: [SPAN] t=17.3s ack=747 win=[731,748] wsize=18 a_star=Some(1) delta=Some(1) owed=0.00 rr=0.500 debt=0.00 retx_buf=1 shed=2/35 bud=0.0001 D=5ms ar=98 agap=0/0 dg_rx=1680 dg_tx=1708
  SPAN ship 400B tm-c.log: [SPAN] t=22.4s ack=1005 win=[989,1006] wsize=18 a_star=Some(1) delta=Some(1) owed=0.00 rr=0.415 debt=0.06 retx_buf=1 shed=3/46 bud=0.0000 D=5ms ar=52 agap=0/0 dg_rx=2218 dg_tx=2250
  EVICT ship 400B tm-s.log: [RFA] gen=0 fires=85 false=63 false_frac=0.7412 fill_coded=7 fill_src=15 dup_src=61 preempt_src=2 src_n=1055 rep_n=24 nu_recv=0.08057 fa_class=0.0625 rep_redundant=17 late_after_aban=11
  EVICT ship 400B tm-s.log: [SUCC] gen=0 det=19 res=7 orig_n=6 orig_p50_us=2816 orig_p90_us=5632 orig_p99_us=5632 orig_mx_us=5984 orig_mean_us=2964 rep_n=1 rep_p50_us=208 rep_p90_us=208 rep_p99_us=208 rep_mx_us=211 rep_mean_us=211 aban_n=12 aban_p50_us=7168 aban_p90_us=7168 aban_p99_us=7680 aban_mx_us=8018 aban_mean_us=7039 open=0 over=0 orig_frac=0.8571 cross_us=- dump=0/0 sp_n=7 xp_n=0 xp_frac=0.0000 sp_p50_us=2816 sp_p90_us=5632 xp_p50_us=- xp_p90_us=-
  EVICT ship 400B tm-c.log: [RFA] gen=0 fires=94 false=94 false_frac=1.0000 fill_coded=0 fill_src=0 dup_src=94 preempt_src=0 src_n=1071 rep_n=33 nu_recv=0.08777 fa_class=0.0625 rep_redundant=33 late_after_aban=0
  EVICT ship 400B tm-c.log: [SUCC] gen=0 det=0 res=0 orig_n=0 orig_p50_us=- orig_p90_us=- orig_p99_us=- orig_mx_us=- orig_mean_us=- rep_n=0 rep_p50_us=- rep_p90_us=- rep_p99_us=- rep_mx_us=- rep_mean_us=- aban_n=0 aban_p50_us=- aban_p90_us=- aban_p99_us=- aban_mx_us=- aban_mean_us=- open=0 over=0 orig_frac=- cross_us=- dump=0/0 sp_n=0 xp_n=0 xp_frac=- sp_p50_us=- sp_p90_us=- xp_p50_us=- xp_p90_us=-
ARM ship 400B: n=1 min=37 median=37 max=37
--- ship 1200B start=06:53:56
ARMENV ship 1200B: hint=realtime env='<unset>' flags='' rate=50 dur=20
  ECHO ship 1200B tm-s.log: ack-merge ACTIVE (RWM_ACK_MERGE: WINDOW mode sends ONE control datagram per data message instead of two — the legacy per-batch Ack is suppressed, the SACK WindowAck goes unconditional at that cadence and carries the Ack's payload in the v6 cumulative cum_expected/cum_received counters, every Ack-arm consumer re-homed onto the counter diff; BLOCK mode bit-exact; the delivery statistic/cadence/counts unchanged) copa_feed=false
  ECHO ship 1200B tm-s.log: A* send-rate anchor ACTIVE (RWM_ASTAR_ANCHOR: windowed-max send rate over ~8 SRTT, clock-gap sample discard)
  ECHO ship 1200B tm-s.log: clock-gap estimator hygiene ACTIVE (RWM_CLOCK_GAP: process-clock stall witness, post-stall sample discard at the ack feed sites)
  ECHO ship 1200B tm-s.log: M* peer-report RTT-feed suppression ACTIVE (RWM_MSTAR_ANCHOR plain-live subset: local-echo-only RTT feed + estimator seed-from-sample)
  ECHO ship 1200B tm-s.log: quinn congestion controller: BBR (shipped default; RWM_QUIC_CC overrides)
  ECHO ship 1200B tm-s.log: RWM_UNIFIED=1 RWM_UNIFIED_SHED=1 RWM_TAPER_R=1 RWM_ASTAR_ANCHOR=1 RWM_MSTAR_ANCHOR=1 RWM_PLAIN_RS=0 RWM_HONEST_ANCHOR=1 RWM_HONEST_K=0 RWM_STORE_SACK_RELEASE=1 RWM_STORE_PATHS=1 RWM_STORE_PATH_POOL=2048 RWM_STORE=unset RWM_STORE_GAIN=2 RWM_STORE_BOOT=128 RWM_STORE_CAPW=0 RWM_STORE_CAP_UNIFIED=0 RWM_THREE_TERM=0 RWM_COMPOSED_CAP=0 RWM_SUM_CAP=1 RWM_LATE_BRAKE=0 RWM_DELTA_CAP=1 RWM_STORE_PERCAP=0 RWM_PERCAP_GUARD=1 RWM_STORE_BORROW=0 RWM_HONEST_CAP=1 RWM_POOL_ANCHOR=0 RWM_POOL_DELIV=0 RWM_FLOOR_BOUND=0 RWM_ACK_MERGE=1 RWM_LOSS_SENT_TRUTH=0 RWM_RELEASE_1TO1=0 RWM_CHARGE_RECOVERY=0 RWM_PATIENCE_DERIVED=0 RWM_SIDLE_DERIVED=0 RWM_WIN_DECOUPLE=0 RWM_PLACE_SLACK=0 RWM_COLD_PLACE=0 RWM_GEN=1 RWM_PIPELINE=2 RWM_GEN_PIPE=1 RWM_GEN_R=unset RWM_GEN_RATE=9000 RWM_GEN_RATE_FLOOR=2000 RWM_GEN_INFLIGHT=unset RWM_OOO_RETAIN=0/16 RWM_WINDOW=unset RWM_REPORT_GENS=unset RWM_REPAIR_WAIT=unset RWM_CODED_SRC=0 RWM_NO_REACTIVE=0 RWM_XPATH_REPAIR=0 RWM_PROACTIVE_PACER=0 RWM_REASM_BDP=0 RWM_MIN_R=0 RWM_CC_PACE=0 RWM_CC_PACE_HR=1.1 RWM_REACT_CAP=unset RWM_INFL_CAP=0 RWM_INFL_BDP=unset RWM_COPA_FEED=0 RWM_RS_ATTR=1 RWM_EMIT_BATCH=0 RWM_EMIT_BURST=64 RWM_RECOV_MP=1 RWM_RECOV_MP_LAW=1 RWM_RECOV_MP_LIVE=0 RWM_RECOV_SP=0 RWM_DERIVED_SWEEP=0 RWM_RACK_CLOCKS=0 RWM_RACK_REO_MULT=1 RWM_QUANTILE_CLOCKS=0 RWM_ALPHA_OVERRIDE=unset RWM_W_FORM=cantelli RWM_HOLDDOWN_Q=unset RWM_REFRESH_FLOOR_US=unset RWM_DELTA=unset RWM_COMPLETION_EXPOSURE=0 RWM_DIAG=1 RWM_ACKDIAG=0 RWM_ACKDIAG_WINDOW_US=2000000 RWM_RTT_DUMP=0 RWM_RTT_DUMP_MAX=400000 RWM_SUCC_DUMP=0 RWM_SUCC_DUMP_MAX=200000 RWM_WALLDIAG=0 RWM_CPUPROF=0 RWM_RDIAG=0 RWM_FDIAG=0 RWM_TRACE=0 RWM_PFRAC=0
  ECHO ship 1200B tm-s.log: RWM_UNIFIED: Realtime rides the RLC span machine (small-δ parameterization, no code-family switch)
  ECHO ship 1200B tm-s.log: RWM_UNIFIED: receive path on the unified global decoder (one machine, both wires) generation=false
  ECHO ship 1200B tm-s.log: sliding-window FEC mode symbol_size=512 backend=Rlc
  ECHO ship 1200B tm-s.log: unified overload shedding ACTIVE at receiver (RWM_UNIFIED_SHED: in-order hold = delta-derived b*SRTT within the eps-class give-up budget)
  ECHO ship 1200B tm-s.log: unified overload shedding ACTIVE (RWM_UNIFIED_SHED: past-deadline holes shed within the derived 1-rho budget; =0 = serializing arm)
  ECHO ship 1200B tm-s.log: unified span law ACTIVE (RWM_UNIFIED: plain-mode proactive repair over the trailing solvable span [end-A*, end-Δ), A* from δ) hint=Realtime
  ECHO ship 1200B tm-c.log: ack-merge ACTIVE (RWM_ACK_MERGE: WINDOW mode sends ONE control datagram per data message instead of two — the legacy per-batch Ack is suppressed, the SACK WindowAck goes unconditional at that cadence and carries the Ack's payload in the v6 cumulative cum_expected/cum_received counters, every Ack-arm consumer re-homed onto the counter diff; BLOCK mode bit-exact; the delivery statistic/cadence/counts unchanged) copa_feed=false
  ECHO ship 1200B tm-c.log: A* send-rate anchor ACTIVE (RWM_ASTAR_ANCHOR: windowed-max send rate over ~8 SRTT, clock-gap sample discard)
  ECHO ship 1200B tm-c.log: clock-gap estimator hygiene ACTIVE (RWM_CLOCK_GAP: process-clock stall witness, post-stall sample discard at the ack feed sites)
  ECHO ship 1200B tm-c.log: M* peer-report RTT-feed suppression ACTIVE (RWM_MSTAR_ANCHOR plain-live subset: local-echo-only RTT feed + estimator seed-from-sample)
  ECHO ship 1200B tm-c.log: quinn congestion controller: BBR (shipped default; RWM_QUIC_CC overrides)
  ECHO ship 1200B tm-c.log: RWM_UNIFIED=1 RWM_UNIFIED_SHED=1 RWM_TAPER_R=1 RWM_ASTAR_ANCHOR=1 RWM_MSTAR_ANCHOR=1 RWM_PLAIN_RS=0 RWM_HONEST_ANCHOR=1 RWM_HONEST_K=0 RWM_STORE_SACK_RELEASE=1 RWM_STORE_PATHS=1 RWM_STORE_PATH_POOL=2048 RWM_STORE=unset RWM_STORE_GAIN=2 RWM_STORE_BOOT=128 RWM_STORE_CAPW=0 RWM_STORE_CAP_UNIFIED=0 RWM_THREE_TERM=0 RWM_COMPOSED_CAP=0 RWM_SUM_CAP=1 RWM_LATE_BRAKE=0 RWM_DELTA_CAP=1 RWM_STORE_PERCAP=0 RWM_PERCAP_GUARD=1 RWM_STORE_BORROW=0 RWM_HONEST_CAP=1 RWM_POOL_ANCHOR=0 RWM_POOL_DELIV=0 RWM_FLOOR_BOUND=0 RWM_ACK_MERGE=1 RWM_LOSS_SENT_TRUTH=0 RWM_RELEASE_1TO1=0 RWM_CHARGE_RECOVERY=0 RWM_PATIENCE_DERIVED=0 RWM_SIDLE_DERIVED=0 RWM_WIN_DECOUPLE=0 RWM_PLACE_SLACK=0 RWM_COLD_PLACE=0 RWM_GEN=1 RWM_PIPELINE=2 RWM_GEN_PIPE=1 RWM_GEN_R=unset RWM_GEN_RATE=9000 RWM_GEN_RATE_FLOOR=2000 RWM_GEN_INFLIGHT=unset RWM_OOO_RETAIN=0/16 RWM_WINDOW=unset RWM_REPORT_GENS=unset RWM_REPAIR_WAIT=unset RWM_CODED_SRC=0 RWM_NO_REACTIVE=0 RWM_XPATH_REPAIR=0 RWM_PROACTIVE_PACER=0 RWM_REASM_BDP=0 RWM_MIN_R=0 RWM_CC_PACE=0 RWM_CC_PACE_HR=1.1 RWM_REACT_CAP=unset RWM_INFL_CAP=0 RWM_INFL_BDP=unset RWM_COPA_FEED=0 RWM_RS_ATTR=1 RWM_EMIT_BATCH=0 RWM_EMIT_BURST=64 RWM_RECOV_MP=1 RWM_RECOV_MP_LAW=1 RWM_RECOV_MP_LIVE=0 RWM_RECOV_SP=0 RWM_DERIVED_SWEEP=0 RWM_RACK_CLOCKS=0 RWM_RACK_REO_MULT=1 RWM_QUANTILE_CLOCKS=0 RWM_ALPHA_OVERRIDE=unset RWM_W_FORM=cantelli RWM_HOLDDOWN_Q=unset RWM_REFRESH_FLOOR_US=unset RWM_DELTA=unset RWM_COMPLETION_EXPOSURE=0 RWM_DIAG=1 RWM_ACKDIAG=0 RWM_ACKDIAG_WINDOW_US=2000000 RWM_RTT_DUMP=0 RWM_RTT_DUMP_MAX=400000 RWM_SUCC_DUMP=0 RWM_SUCC_DUMP_MAX=200000 RWM_WALLDIAG=0 RWM_CPUPROF=0 RWM_RDIAG=0 RWM_FDIAG=0 RWM_TRACE=0 RWM_PFRAC=0
  ECHO ship 1200B tm-c.log: RWM_UNIFIED: Realtime rides the RLC span machine (small-δ parameterization, no code-family switch)
  ECHO ship 1200B tm-c.log: RWM_UNIFIED: receive path on the unified global decoder (one machine, both wires) generation=false
  ECHO ship 1200B tm-c.log: sliding-window FEC mode symbol_size=512 backend=Rlc
  ECHO ship 1200B tm-c.log: unified overload shedding ACTIVE at receiver (RWM_UNIFIED_SHED: in-order hold = delta-derived b*SRTT within the eps-class give-up budget)
  ECHO ship 1200B tm-c.log: unified overload shedding ACTIVE (RWM_UNIFIED_SHED: past-deadline holes shed within the derived 1-rho budget; =0 = serializing arm)
  ECHO ship 1200B tm-c.log: unified span law ACTIVE (RWM_UNIFIED: plain-mode proactive repair over the trailing solvable span [end-A*, end-Δ), A* from δ) hint=Realtime
  ship 1200B rep1: p50=8.35ms p99=35.177ms p999=63.786ms max=63.786ms n=1000
  SPAN ship 1200B tm-s.log: [SPAN] t=1.6s ack=0 win=[0,1] wsize=2 a_star=Some(1) delta=Some(1) owed=0.00 rr=0.500 debt=0.00 retx_buf=2 shed=0/0 bud=0.0000 D=5ms ar=0 agap=0/0 dg_rx=46 dg_tx=47
  SPAN ship 1200B tm-s.log: [SPAN] t=2.1s ack=39 win=[0,40] wsize=41 a_star=Some(1) delta=Some(1) owed=0.00 rr=0.182 debt=0.04 retx_buf=1 shed=0/1 bud=0.0000 D=6ms ar=155 agap=0/0 dg_rx=174 dg_tx=176
  SPAN ship 1200B tm-s.log: [SPAN] t=2.6s ack=80 win=[0,81] wsize=82 a_star=Some(2) delta=Some(1) owed=0.00 rr=0.136 debt=0.07 retx_buf=1 shed=0/1 bud=0.0000 D=6ms ar=170 agap=0/0 dg_rx=290 dg_tx=292
  SPAN ship 1200B tm-s.log: [SPAN] t=3.1s ack=116 win=[16,118] wsize=103 a_star=Some(1) delta=Some(1) owed=0.00 rr=0.500 debt=0.50 retx_buf=2 shed=0/3 bud=0.0000 D=6ms ar=140 agap=0/0 dg_rx=420 dg_tx=427
  SPAN ship 1200B tm-s.log: [SPAN] t=3.6s ack=155 win=[55,156] wsize=102 a_star=Some(1) delta=Some(1) owed=0.00 rr=0.406 debt=0.12 retx_buf=1 shed=0/3 bud=0.0000 D=6ms ar=114 agap=0/0 dg_rx=571 dg_tx=577
  SPAN ship 1200B tm-s.log: [SPAN] t=4.1s ack=193 win=[177,194] wsize=18 a_star=Some(2) delta=Some(1) owed=0.00 rr=0.500 debt=0.00 retx_buf=1 shed=0/4 bud=0.0000 D=5ms ar=260 agap=0/0 dg_rx=719 dg_tx=727
  SPAN ship 1200B tm-s.log: [SPAN] t=6.1s ack=346 win=[330,347] wsize=18 a_star=Some(2) delta=Some(1) owed=0.00 rr=0.500 debt=0.00 retx_buf=1 shed=0/11 bud=0.0000 D=6ms ar=230 agap=0/0 dg_rx=1342 dg_tx=1355
  SPAN ship 1200B tm-s.log: [SPAN] t=11.2s ack=750 win=[734,751] wsize=18 a_star=Some(2) delta=Some(1) owed=0.00 rr=0.500 debt=0.00 retx_buf=1 shed=1/21 bud=0.0000 D=5ms ar=268 agap=0/0 dg_rx=2918 dg_tx=2954
  SPAN ship 1200B tm-s.log: [SPAN] t=16.3s ack=1138 win=[1122,1139] wsize=18 a_star=Some(2) delta=Some(1) owed=0.00 rr=0.500 debt=0.00 retx_buf=1 shed=3/27 bud=0.0000 D=5ms ar=252 agap=0/0 dg_rx=4454 dg_tx=4507
  SPAN ship 1200B tm-s.log: [SPAN] t=21.4s ack=1532 win=[1516,1534] wsize=19 a_star=Some(2) delta=Some(1) owed=0.00 rr=0.500 debt=0.50 retx_buf=2 shed=6/35 bud=0.0000 D=5ms ar=188 agap=0/0 dg_rx=6023 dg_tx=6092
  SPAN ship 1200B tm-c.log: [SPAN] t=1.5s ack=0 win=[0,1] wsize=2 a_star=Some(1) delta=Some(1) owed=0.00 rr=0.500 debt=0.00 retx_buf=2 shed=0/0 bud=0.0000 D=5ms ar=0 agap=0/0 dg_rx=44 dg_tx=45
  SPAN ship 1200B tm-c.log: [SPAN] t=2.1s ack=77 win=[0,78] wsize=79 a_star=Some(2) delta=Some(1) owed=0.00 rr=0.145 debt=0.28 retx_buf=1 shed=0/1 bud=0.0000 D=6ms ar=198 agap=0/0 dg_rx=173 dg_tx=173
  SPAN ship 1200B tm-c.log: [SPAN] t=2.6s ack=152 win=[52,153] wsize=102 a_star=Some(1) delta=Some(1) owed=0.00 rr=0.127 debt=0.33 retx_buf=1 shed=0/1 bud=0.0000 D=5ms ar=151 agap=0/0 dg_rx=289 dg_tx=289
  SPAN ship 1200B tm-c.log: [SPAN] t=3.1s ack=230 win=[130,233] wsize=104 a_star=Some(3) delta=Some(1) owed=0.00 rr=0.500 debt=0.00 retx_buf=3 shed=0/12 bud=0.0000 D=6ms ar=364 agap=0/0 dg_rx=422 dg_tx=435
  SPAN ship 1200B tm-c.log: [SPAN] t=3.6s ack=305 win=[205,308] wsize=104 a_star=Some(2) delta=Some(1) owed=0.00 rr=0.410 debt=0.82 retx_buf=3 shed=0/15 bud=0.0000 D=6ms ar=162 agap=0/0 dg_rx=567 dg_tx=581
  SPAN ship 1200B tm-c.log: [SPAN] t=4.1s ack=380 win=[364,383] wsize=20 a_star=Some(1) delta=Some(1) owed=0.00 rr=0.500 debt=0.00 retx_buf=3 shed=1/30 bud=0.0000 D=5ms ar=157 agap=0/0 dg_rx=718 dg_tx=740
  SPAN ship 1200B tm-c.log: [SPAN] t=6.1s ack=685 win=[669,688] wsize=20 a_star=Some(2) delta=Some(1) owed=0.00 rr=0.500 debt=0.00 retx_buf=3 shed=2/39 bud=0.0000 D=6ms ar=233 agap=0/0 dg_rx=1344 dg_tx=1372
  SPAN ship 1200B tm-c.log: [SPAN] t=11.2s ack=1451 win=[1435,1452] wsize=18 a_star=Some(1) delta=Some(1) owed=0.00 rr=0.500 debt=0.00 retx_buf=1 shed=7/71 bud=0.0000 D=5ms ar=154 agap=0/0 dg_rx=2946 dg_tx=2993
  SPAN ship 1200B tm-c.log: [SPAN] t=16.2s ack=2208 win=[2192,2211] wsize=20 a_star=Some(2) delta=Some(1) owed=0.00 rr=0.500 debt=0.00 retx_buf=3 shed=13/87 bud=0.0000 D=6ms ar=197 agap=0/0 dg_rx=4485 dg_tx=4547
  SPAN ship 1200B tm-c.log: [SPAN] t=21.2s ack=2965 win=[2949,2968] wsize=20 a_star=Some(1) delta=Some(1) owed=0.00 rr=0.500 debt=0.00 retx_buf=3 shed=14/116 bud=0.0000 D=5ms ar=153 agap=0/0 dg_rx=6044 dg_tx=6124
  EVICT ship 1200B tm-s.log: [RFA] gen=0 fires=110 false=42 false_frac=0.3818 fill_coded=8 fill_src=60 dup_src=34 preempt_src=8 src_n=2993 rep_n=925 nu_recv=0.03675 fa_class=0.0625 rep_redundant=867 late_after_aban=57
  EVICT ship 1200B tm-s.log: [SUCC] gen=0 det=70 res=11 orig_n=9 orig_p50_us=2816 orig_p90_us=5120 orig_p99_us=5120 orig_mx_us=5192 orig_mean_us=2509 rep_n=2 rep_p50_us=64 rep_p90_us=72 rep_p99_us=72 rep_mx_us=76 rep_mean_us=73 aban_n=59 aban_p50_us=7168 aban_p90_us=7680 aban_p99_us=8192 aban_mx_us=8388 aban_mean_us=6987 open=0 over=0 orig_frac=0.8182 cross_us=72 dump=0/0 sp_n=11 xp_n=0 xp_frac=0.0000 sp_p50_us=1152 sp_p90_us=4608 xp_p50_us=- xp_p90_us=-
  EVICT ship 1200B tm-c.log: [RFA] gen=0 fires=56 false=56 false_frac=1.0000 fill_coded=0 fill_src=0 dup_src=56 preempt_src=0 src_n=1576 rep_n=502 nu_recv=0.03553 fa_class=0.0625 rep_redundant=477 late_after_aban=0
  EVICT ship 1200B tm-c.log: [SUCC] gen=0 det=0 res=0 orig_n=0 orig_p50_us=- orig_p90_us=- orig_p99_us=- orig_mx_us=- orig_mean_us=- rep_n=0 rep_p50_us=- rep_p90_us=- rep_p99_us=- rep_mx_us=- rep_mean_us=- aban_n=0 aban_p50_us=- aban_p90_us=- aban_p99_us=- aban_mx_us=- aban_mean_us=- open=0 over=0 orig_frac=- cross_us=- dump=0/0 sp_n=0 xp_n=0 xp_frac=- sp_p50_us=- sp_p90_us=- xp_p50_us=- xp_p90_us=-
ARM ship 1200B: n=1 min=35 median=35 max=35
=== done 06:54:30
=== SMOKE cell=c2 rc=0 2026-09-08T04:54:30Z
=== SMOKE cell=c3 2026-09-08T04:54:30Z
=== tail matrix (task #61 flip-gate) @ c3 seed=42 arms='ship', 1 reps/arm (warm tunnel), 50msg/s x20s sizes='400 1200' 06:54:30
--- ship 400B start=06:54:30
ARMENV ship 400B: hint=realtime env='<unset>' flags='' rate=50 dur=20
  ECHO ship 400B tm-s.log: ack-merge ACTIVE (RWM_ACK_MERGE: WINDOW mode sends ONE control datagram per data message instead of two — the legacy per-batch Ack is suppressed, the SACK WindowAck goes unconditional at that cadence and carries the Ack's payload in the v6 cumulative cum_expected/cum_received counters, every Ack-arm consumer re-homed onto the counter diff; BLOCK mode bit-exact; the delivery statistic/cadence/counts unchanged) copa_feed=false
  ECHO ship 400B tm-s.log: A* send-rate anchor ACTIVE (RWM_ASTAR_ANCHOR: windowed-max send rate over ~8 SRTT, clock-gap sample discard)
  ECHO ship 400B tm-s.log: clock-gap estimator hygiene ACTIVE (RWM_CLOCK_GAP: process-clock stall witness, post-stall sample discard at the ack feed sites)
  ECHO ship 400B tm-s.log: M* peer-report RTT-feed suppression ACTIVE (RWM_MSTAR_ANCHOR plain-live subset: local-echo-only RTT feed + estimator seed-from-sample)
  ECHO ship 400B tm-s.log: quinn congestion controller: BBR (shipped default; RWM_QUIC_CC overrides)
  ECHO ship 400B tm-s.log: RWM_UNIFIED=1 RWM_UNIFIED_SHED=1 RWM_TAPER_R=1 RWM_ASTAR_ANCHOR=1 RWM_MSTAR_ANCHOR=1 RWM_PLAIN_RS=0 RWM_HONEST_ANCHOR=1 RWM_HONEST_K=0 RWM_STORE_SACK_RELEASE=1 RWM_STORE_PATHS=1 RWM_STORE_PATH_POOL=2048 RWM_STORE=unset RWM_STORE_GAIN=2 RWM_STORE_BOOT=128 RWM_STORE_CAPW=0 RWM_STORE_CAP_UNIFIED=0 RWM_THREE_TERM=0 RWM_COMPOSED_CAP=0 RWM_SUM_CAP=1 RWM_LATE_BRAKE=0 RWM_DELTA_CAP=1 RWM_STORE_PERCAP=0 RWM_PERCAP_GUARD=1 RWM_STORE_BORROW=0 RWM_HONEST_CAP=1 RWM_POOL_ANCHOR=0 RWM_POOL_DELIV=0 RWM_FLOOR_BOUND=0 RWM_ACK_MERGE=1 RWM_LOSS_SENT_TRUTH=0 RWM_RELEASE_1TO1=0 RWM_CHARGE_RECOVERY=0 RWM_PATIENCE_DERIVED=0 RWM_SIDLE_DERIVED=0 RWM_WIN_DECOUPLE=0 RWM_PLACE_SLACK=0 RWM_COLD_PLACE=0 RWM_GEN=1 RWM_PIPELINE=2 RWM_GEN_PIPE=1 RWM_GEN_R=unset RWM_GEN_RATE=9000 RWM_GEN_RATE_FLOOR=2000 RWM_GEN_INFLIGHT=unset RWM_OOO_RETAIN=0/16 RWM_WINDOW=unset RWM_REPORT_GENS=unset RWM_REPAIR_WAIT=unset RWM_CODED_SRC=0 RWM_NO_REACTIVE=0 RWM_XPATH_REPAIR=0 RWM_PROACTIVE_PACER=0 RWM_REASM_BDP=0 RWM_MIN_R=0 RWM_CC_PACE=0 RWM_CC_PACE_HR=1.1 RWM_REACT_CAP=unset RWM_INFL_CAP=0 RWM_INFL_BDP=unset RWM_COPA_FEED=0 RWM_RS_ATTR=1 RWM_EMIT_BATCH=0 RWM_EMIT_BURST=64 RWM_RECOV_MP=1 RWM_RECOV_MP_LAW=1 RWM_RECOV_MP_LIVE=0 RWM_RECOV_SP=0 RWM_DERIVED_SWEEP=0 RWM_RACK_CLOCKS=0 RWM_RACK_REO_MULT=1 RWM_QUANTILE_CLOCKS=0 RWM_ALPHA_OVERRIDE=unset RWM_W_FORM=cantelli RWM_HOLDDOWN_Q=unset RWM_REFRESH_FLOOR_US=unset RWM_DELTA=unset RWM_COMPLETION_EXPOSURE=0 RWM_DIAG=1 RWM_ACKDIAG=0 RWM_ACKDIAG_WINDOW_US=2000000 RWM_RTT_DUMP=0 RWM_RTT_DUMP_MAX=400000 RWM_SUCC_DUMP=0 RWM_SUCC_DUMP_MAX=200000 RWM_WALLDIAG=0 RWM_CPUPROF=0 RWM_RDIAG=0 RWM_FDIAG=0 RWM_TRACE=0 RWM_PFRAC=0
  ECHO ship 400B tm-s.log: RWM_UNIFIED: Realtime rides the RLC span machine (small-δ parameterization, no code-family switch)
  ECHO ship 400B tm-s.log: RWM_UNIFIED: receive path on the unified global decoder (one machine, both wires) generation=false
  ECHO ship 400B tm-s.log: sliding-window FEC mode symbol_size=512 backend=Rlc
  ECHO ship 400B tm-s.log: unified overload shedding ACTIVE at receiver (RWM_UNIFIED_SHED: in-order hold = delta-derived b*SRTT within the eps-class give-up budget)
  ECHO ship 400B tm-s.log: unified overload shedding ACTIVE (RWM_UNIFIED_SHED: past-deadline holes shed within the derived 1-rho budget; =0 = serializing arm)
  ECHO ship 400B tm-s.log: unified span law ACTIVE (RWM_UNIFIED: plain-mode proactive repair over the trailing solvable span [end-A*, end-Δ), A* from δ) hint=Realtime
  ECHO ship 400B tm-c.log: ack-merge ACTIVE (RWM_ACK_MERGE: WINDOW mode sends ONE control datagram per data message instead of two — the legacy per-batch Ack is suppressed, the SACK WindowAck goes unconditional at that cadence and carries the Ack's payload in the v6 cumulative cum_expected/cum_received counters, every Ack-arm consumer re-homed onto the counter diff; BLOCK mode bit-exact; the delivery statistic/cadence/counts unchanged) copa_feed=false
  ECHO ship 400B tm-c.log: A* send-rate anchor ACTIVE (RWM_ASTAR_ANCHOR: windowed-max send rate over ~8 SRTT, clock-gap sample discard)
  ECHO ship 400B tm-c.log: clock-gap estimator hygiene ACTIVE (RWM_CLOCK_GAP: process-clock stall witness, post-stall sample discard at the ack feed sites)
  ECHO ship 400B tm-c.log: M* peer-report RTT-feed suppression ACTIVE (RWM_MSTAR_ANCHOR plain-live subset: local-echo-only RTT feed + estimator seed-from-sample)
  ECHO ship 400B tm-c.log: quinn congestion controller: BBR (shipped default; RWM_QUIC_CC overrides)
  ECHO ship 400B tm-c.log: RWM_UNIFIED=1 RWM_UNIFIED_SHED=1 RWM_TAPER_R=1 RWM_ASTAR_ANCHOR=1 RWM_MSTAR_ANCHOR=1 RWM_PLAIN_RS=0 RWM_HONEST_ANCHOR=1 RWM_HONEST_K=0 RWM_STORE_SACK_RELEASE=1 RWM_STORE_PATHS=1 RWM_STORE_PATH_POOL=2048 RWM_STORE=unset RWM_STORE_GAIN=2 RWM_STORE_BOOT=128 RWM_STORE_CAPW=0 RWM_STORE_CAP_UNIFIED=0 RWM_THREE_TERM=0 RWM_COMPOSED_CAP=0 RWM_SUM_CAP=1 RWM_LATE_BRAKE=0 RWM_DELTA_CAP=1 RWM_STORE_PERCAP=0 RWM_PERCAP_GUARD=1 RWM_STORE_BORROW=0 RWM_HONEST_CAP=1 RWM_POOL_ANCHOR=0 RWM_POOL_DELIV=0 RWM_FLOOR_BOUND=0 RWM_ACK_MERGE=1 RWM_LOSS_SENT_TRUTH=0 RWM_RELEASE_1TO1=0 RWM_CHARGE_RECOVERY=0 RWM_PATIENCE_DERIVED=0 RWM_SIDLE_DERIVED=0 RWM_WIN_DECOUPLE=0 RWM_PLACE_SLACK=0 RWM_COLD_PLACE=0 RWM_GEN=1 RWM_PIPELINE=2 RWM_GEN_PIPE=1 RWM_GEN_R=unset RWM_GEN_RATE=9000 RWM_GEN_RATE_FLOOR=2000 RWM_GEN_INFLIGHT=unset RWM_OOO_RETAIN=0/16 RWM_WINDOW=unset RWM_REPORT_GENS=unset RWM_REPAIR_WAIT=unset RWM_CODED_SRC=0 RWM_NO_REACTIVE=0 RWM_XPATH_REPAIR=0 RWM_PROACTIVE_PACER=0 RWM_REASM_BDP=0 RWM_MIN_R=0 RWM_CC_PACE=0 RWM_CC_PACE_HR=1.1 RWM_REACT_CAP=unset RWM_INFL_CAP=0 RWM_INFL_BDP=unset RWM_COPA_FEED=0 RWM_RS_ATTR=1 RWM_EMIT_BATCH=0 RWM_EMIT_BURST=64 RWM_RECOV_MP=1 RWM_RECOV_MP_LAW=1 RWM_RECOV_MP_LIVE=0 RWM_RECOV_SP=0 RWM_DERIVED_SWEEP=0 RWM_RACK_CLOCKS=0 RWM_RACK_REO_MULT=1 RWM_QUANTILE_CLOCKS=0 RWM_ALPHA_OVERRIDE=unset RWM_W_FORM=cantelli RWM_HOLDDOWN_Q=unset RWM_REFRESH_FLOOR_US=unset RWM_DELTA=unset RWM_COMPLETION_EXPOSURE=0 RWM_DIAG=1 RWM_ACKDIAG=0 RWM_ACKDIAG_WINDOW_US=2000000 RWM_RTT_DUMP=0 RWM_RTT_DUMP_MAX=400000 RWM_SUCC_DUMP=0 RWM_SUCC_DUMP_MAX=200000 RWM_WALLDIAG=0 RWM_CPUPROF=0 RWM_RDIAG=0 RWM_FDIAG=0 RWM_TRACE=0 RWM_PFRAC=0
  ECHO ship 400B tm-c.log: RWM_UNIFIED: Realtime rides the RLC span machine (small-δ parameterization, no code-family switch)
  ECHO ship 400B tm-c.log: RWM_UNIFIED: receive path on the unified global decoder (one machine, both wires) generation=false
  ECHO ship 400B tm-c.log: sliding-window FEC mode symbol_size=512 backend=Rlc
  ECHO ship 400B tm-c.log: unified overload shedding ACTIVE at receiver (RWM_UNIFIED_SHED: in-order hold = delta-derived b*SRTT within the eps-class give-up budget)
  ECHO ship 400B tm-c.log: unified overload shedding ACTIVE (RWM_UNIFIED_SHED: past-deadline holes shed within the derived 1-rho budget; =0 = serializing arm)
  ECHO ship 400B tm-c.log: unified span law ACTIVE (RWM_UNIFIED: plain-mode proactive repair over the trailing solvable span [end-A*, end-Δ), A* from δ) hint=Realtime
  ship 400B rep1: p50=24.054ms p99=115.333ms p999=168.138ms max=168.138ms n=1000
  SPAN ship 400B tm-s.log: [SPAN] t=1.5s ack=0 win=[0,1] wsize=2 a_star=Some(1) delta=Some(1) owed=0.00 rr=0.500 debt=0.00 retx_buf=2 shed=0/0 bud=0.0001 D=21ms ar=0 agap=0/0 dg_rx=21 dg_tx=24
  SPAN ship 400B tm-s.log: [SPAN] t=2.0s ack=20 win=[0,24] wsize=25 a_star=Some(2) delta=Some(1) owed=0.00 rr=0.500 debt=0.50 retx_buf=4 shed=0/2 bud=0.0025 D=20ms ar=57 agap=0/0 dg_rx=72 dg_tx=79
  SPAN ship 400B tm-s.log: [SPAN] t=2.5s ack=48 win=[0,51] wsize=52 a_star=Some(2) delta=Some(1) owed=0.00 rr=0.500 debt=0.00 retx_buf=3 shed=0/4 bud=0.0000 D=21ms ar=90 agap=0/0 dg_rx=140 dg_tx=149
  SPAN ship 400B tm-s.log: [SPAN] t=3.0s ack=74 win=[0,77] wsize=78 a_star=Some(2) delta=Some(1) owed=0.00 rr=0.395 debt=0.49 retx_buf=3 shed=0/4 bud=0.0000 D=21ms ar=61 agap=0/0 dg_rx=195 dg_tx=203
  SPAN ship 400B tm-s.log: [SPAN] t=3.5s ack=99 win=[0,102] wsize=103 a_star=Some(2) delta=Some(1) owed=0.00 rr=0.328 debt=0.34 retx_buf=3 shed=0/5 bud=0.0000 D=21ms ar=71 agap=0/0 dg_rx=251 dg_tx=261
  SPAN ship 400B tm-s.log: [SPAN] t=4.1s ack=124 win=[108,127] wsize=20 a_star=Some(3) delta=Some(1) owed=0.00 rr=0.475 debt=0.32 retx_buf=3 shed=0/6 bud=0.0000 D=22ms ar=90 agap=0/0 dg_rx=307 dg_tx=317
  SPAN ship 400B tm-s.log: [SPAN] t=6.1s ack=224 win=[207,226] wsize=20 a_star=Some(2) delta=Some(1) owed=0.00 rr=0.420 debt=0.49 retx_buf=3 shed=0/10 bud=0.0000 D=21ms ar=69 agap=0/0 dg_rx=527 dg_tx=543
  SPAN ship 400B tm-s.log: [SPAN] t=11.2s ack=476 win=[460,479] wsize=20 a_star=Some(3) delta=Some(1) owed=0.00 rr=0.385 debt=0.00 retx_buf=3 shed=0/18 bud=0.0000 D=22ms ar=114 agap=0/0 dg_rx=1068 dg_tx=1100
  SPAN ship 400B tm-s.log: [SPAN] t=16.4s ack=732 win=[716,735] wsize=20 a_star=Some(2) delta=Some(1) owed=0.00 rr=0.380 debt=0.40 retx_buf=3 shed=0/27 bud=0.0000 D=21ms ar=60 agap=0/0 dg_rx=1609 dg_tx=1665
  SPAN ship 400B tm-c.log: [SPAN] t=1.4s ack=0 win=[0,1] wsize=2 a_star=Some(1) delta=Some(1) owed=0.00 rr=0.500 debt=0.00 retx_buf=2 shed=0/0 bud=0.0006 D=21ms ar=0 agap=0/0 dg_rx=19 dg_tx=22
  SPAN ship 400B tm-c.log: [SPAN] t=1.9s ack=23 win=[0,26] wsize=27 a_star=Some(2) delta=Some(1) owed=0.00 rr=0.353 debt=0.44 retx_buf=3 shed=0/0 bud=0.0000 D=20ms ar=89 agap=0/0 dg_rx=72 dg_tx=75
  SPAN ship 400B tm-c.log: [SPAN] t=2.4s ack=50 win=[0,53] wsize=54 a_star=Some(3) delta=Some(1) owed=0.00 rr=0.500 debt=0.50 retx_buf=3 shed=0/3 bud=0.0000 D=20ms ar=101 agap=0/0 dg_rx=138 dg_tx=143
  SPAN ship 400B tm-c.log: [SPAN] t=2.9s ack=76 win=[0,78] wsize=79 a_star=Some(2) delta=Some(1) owed=0.00 rr=0.393 debt=0.02 retx_buf=2 shed=0/3 bud=0.0000 D=20ms ar=52 agap=0/0 dg_rx=193 dg_tx=197
  SPAN ship 400B tm-c.log: [SPAN] t=3.4s ack=100 win=[0,104] wsize=105 a_star=Some(2) delta=Some(1) owed=0.00 rr=0.469 debt=0.47 retx_buf=4 shed=0/5 bud=0.0020 D=21ms ar=57 agap=0/0 dg_rx=242 dg_tx=251
  SPAN ship 400B tm-c.log: [SPAN] t=3.9s ack=127 win=[27,130] wsize=104 a_star=Some(2) delta=Some(1) owed=0.00 rr=0.432 debt=0.00 retx_buf=3 shed=0/6 bud=0.0019 D=20ms ar=75 agap=0/0 dg_rx=299 dg_tx=307
  SPAN ship 400B tm-c.log: [SPAN] t=6.0s ack=235 win=[219,237] wsize=19 a_star=Some(2) delta=Some(1) owed=0.00 rr=0.450 debt=0.01 retx_buf=2 shed=1/15 bud=0.0000 D=20ms ar=76 agap=0/0 dg_rx=532 dg_tx=538
  SPAN ship 400B tm-c.log: [SPAN] t=11.2s ack=499 win=[483,502] wsize=20 a_star=Some(3) delta=Some(1) owed=0.00 rr=0.385 debt=0.39 retx_buf=3 shed=2/27 bud=0.0000 D=21ms ar=116 agap=0/0 dg_rx=1093 dg_tx=1102
  SPAN ship 400B tm-c.log: [SPAN] t=16.3s ack=763 win=[747,766] wsize=20 a_star=Some(2) delta=Some(1) owed=0.00 rr=0.380 debt=0.44 retx_buf=3 shed=4/45 bud=0.0000 D=21ms ar=52 agap=0/0 dg_rx=1650 dg_tx=1663
  SPAN ship 400B tm-c.log: [SPAN] t=21.4s ack=1032 win=[1016,1035] wsize=20 a_star=Some(2) delta=Some(1) owed=0.00 rr=0.455 debt=0.50 retx_buf=3 shed=8/76 bud=0.0000 D=20ms ar=55 agap=0/0 dg_rx=2218 dg_tx=2242
  EVICT ship 400B tm-s.log: [RFA] gen=0 fires=58 false=23 false_frac=0.3966 fill_coded=3 fill_src=32 dup_src=21 preempt_src=2 src_n=1039 rep_n=57 nu_recv=0.05582 fa_class=0.0625 rep_redundant=48 late_after_aban=29
  EVICT ship 400B tm-s.log: [SUCC] gen=0 det=41 res=6 orig_n=5 orig_p50_us=20480 orig_p90_us=40960 orig_p99_us=40960 orig_mx_us=41649 orig_mean_us=20822 rep_n=1 rep_p50_us=16384 rep_p90_us=16384 rep_p99_us=16384 rep_mx_us=16910 rep_mean_us=16910 aban_n=35 aban_p50_us=22528 aban_p90_us=22528 aban_p99_us=36864 aban_mx_us=37454 aban_mean_us=23549 open=0 over=0 orig_frac=0.8333 cross_us=- dump=0/0 sp_n=6 xp_n=0 xp_frac=0.0000 sp_p50_us=18432 sp_p90_us=40960 xp_p50_us=- xp_p90_us=-
  EVICT ship 400B tm-c.log: [RFA] gen=0 fires=44 false=44 false_frac=1.0000 fill_coded=0 fill_src=0 dup_src=44 preempt_src=0 src_n=1003 rep_n=63 nu_recv=0.04387 fa_class=0.0625 rep_redundant=61 late_after_aban=0
  EVICT ship 400B tm-c.log: [SUCC] gen=0 det=0 res=0 orig_n=0 orig_p50_us=- orig_p90_us=- orig_p99_us=- orig_mx_us=- orig_mean_us=- rep_n=0 rep_p50_us=- rep_p90_us=- rep_p99_us=- rep_mx_us=- rep_mean_us=- aban_n=0 aban_p50_us=- aban_p90_us=- aban_p99_us=- aban_mx_us=- aban_mean_us=- open=0 over=0 orig_frac=- cross_us=- dump=0/0 sp_n=0 xp_n=0 xp_frac=- sp_p50_us=- sp_p90_us=- xp_p50_us=- xp_p90_us=-
ARM ship 400B: n=1 min=115 median=115 max=115
--- ship 1200B start=06:55:05
ARMENV ship 1200B: hint=realtime env='<unset>' flags='' rate=50 dur=20
  ECHO ship 1200B tm-s.log: ack-merge ACTIVE (RWM_ACK_MERGE: WINDOW mode sends ONE control datagram per data message instead of two — the legacy per-batch Ack is suppressed, the SACK WindowAck goes unconditional at that cadence and carries the Ack's payload in the v6 cumulative cum_expected/cum_received counters, every Ack-arm consumer re-homed onto the counter diff; BLOCK mode bit-exact; the delivery statistic/cadence/counts unchanged) copa_feed=false
  ECHO ship 1200B tm-s.log: A* send-rate anchor ACTIVE (RWM_ASTAR_ANCHOR: windowed-max send rate over ~8 SRTT, clock-gap sample discard)
  ECHO ship 1200B tm-s.log: clock-gap estimator hygiene ACTIVE (RWM_CLOCK_GAP: process-clock stall witness, post-stall sample discard at the ack feed sites)
  ECHO ship 1200B tm-s.log: M* peer-report RTT-feed suppression ACTIVE (RWM_MSTAR_ANCHOR plain-live subset: local-echo-only RTT feed + estimator seed-from-sample)
  ECHO ship 1200B tm-s.log: quinn congestion controller: BBR (shipped default; RWM_QUIC_CC overrides)
  ECHO ship 1200B tm-s.log: RWM_UNIFIED=1 RWM_UNIFIED_SHED=1 RWM_TAPER_R=1 RWM_ASTAR_ANCHOR=1 RWM_MSTAR_ANCHOR=1 RWM_PLAIN_RS=0 RWM_HONEST_ANCHOR=1 RWM_HONEST_K=0 RWM_STORE_SACK_RELEASE=1 RWM_STORE_PATHS=1 RWM_STORE_PATH_POOL=2048 RWM_STORE=unset RWM_STORE_GAIN=2 RWM_STORE_BOOT=128 RWM_STORE_CAPW=0 RWM_STORE_CAP_UNIFIED=0 RWM_THREE_TERM=0 RWM_COMPOSED_CAP=0 RWM_SUM_CAP=1 RWM_LATE_BRAKE=0 RWM_DELTA_CAP=1 RWM_STORE_PERCAP=0 RWM_PERCAP_GUARD=1 RWM_STORE_BORROW=0 RWM_HONEST_CAP=1 RWM_POOL_ANCHOR=0 RWM_POOL_DELIV=0 RWM_FLOOR_BOUND=0 RWM_ACK_MERGE=1 RWM_LOSS_SENT_TRUTH=0 RWM_RELEASE_1TO1=0 RWM_CHARGE_RECOVERY=0 RWM_PATIENCE_DERIVED=0 RWM_SIDLE_DERIVED=0 RWM_WIN_DECOUPLE=0 RWM_PLACE_SLACK=0 RWM_COLD_PLACE=0 RWM_GEN=1 RWM_PIPELINE=2 RWM_GEN_PIPE=1 RWM_GEN_R=unset RWM_GEN_RATE=9000 RWM_GEN_RATE_FLOOR=2000 RWM_GEN_INFLIGHT=unset RWM_OOO_RETAIN=0/16 RWM_WINDOW=unset RWM_REPORT_GENS=unset RWM_REPAIR_WAIT=unset RWM_CODED_SRC=0 RWM_NO_REACTIVE=0 RWM_XPATH_REPAIR=0 RWM_PROACTIVE_PACER=0 RWM_REASM_BDP=0 RWM_MIN_R=0 RWM_CC_PACE=0 RWM_CC_PACE_HR=1.1 RWM_REACT_CAP=unset RWM_INFL_CAP=0 RWM_INFL_BDP=unset RWM_COPA_FEED=0 RWM_RS_ATTR=1 RWM_EMIT_BATCH=0 RWM_EMIT_BURST=64 RWM_RECOV_MP=1 RWM_RECOV_MP_LAW=1 RWM_RECOV_MP_LIVE=0 RWM_RECOV_SP=0 RWM_DERIVED_SWEEP=0 RWM_RACK_CLOCKS=0 RWM_RACK_REO_MULT=1 RWM_QUANTILE_CLOCKS=0 RWM_ALPHA_OVERRIDE=unset RWM_W_FORM=cantelli RWM_HOLDDOWN_Q=unset RWM_REFRESH_FLOOR_US=unset RWM_DELTA=unset RWM_COMPLETION_EXPOSURE=0 RWM_DIAG=1 RWM_ACKDIAG=0 RWM_ACKDIAG_WINDOW_US=2000000 RWM_RTT_DUMP=0 RWM_RTT_DUMP_MAX=400000 RWM_SUCC_DUMP=0 RWM_SUCC_DUMP_MAX=200000 RWM_WALLDIAG=0 RWM_CPUPROF=0 RWM_RDIAG=0 RWM_FDIAG=0 RWM_TRACE=0 RWM_PFRAC=0
  ECHO ship 1200B tm-s.log: RWM_UNIFIED: Realtime rides the RLC span machine (small-δ parameterization, no code-family switch)
  ECHO ship 1200B tm-s.log: RWM_UNIFIED: receive path on the unified global decoder (one machine, both wires) generation=false
  ECHO ship 1200B tm-s.log: sliding-window FEC mode symbol_size=512 backend=Rlc
  ECHO ship 1200B tm-s.log: unified overload shedding ACTIVE at receiver (RWM_UNIFIED_SHED: in-order hold = delta-derived b*SRTT within the eps-class give-up budget)
  ECHO ship 1200B tm-s.log: unified overload shedding ACTIVE (RWM_UNIFIED_SHED: past-deadline holes shed within the derived 1-rho budget; =0 = serializing arm)
  ECHO ship 1200B tm-s.log: unified span law ACTIVE (RWM_UNIFIED: plain-mode proactive repair over the trailing solvable span [end-A*, end-Δ), A* from δ) hint=Realtime
  ECHO ship 1200B tm-c.log: ack-merge ACTIVE (RWM_ACK_MERGE: WINDOW mode sends ONE control datagram per data message instead of two — the legacy per-batch Ack is suppressed, the SACK WindowAck goes unconditional at that cadence and carries the Ack's payload in the v6 cumulative cum_expected/cum_received counters, every Ack-arm consumer re-homed onto the counter diff; BLOCK mode bit-exact; the delivery statistic/cadence/counts unchanged) copa_feed=false
  ECHO ship 1200B tm-c.log: A* send-rate anchor ACTIVE (RWM_ASTAR_ANCHOR: windowed-max send rate over ~8 SRTT, clock-gap sample discard)
  ECHO ship 1200B tm-c.log: clock-gap estimator hygiene ACTIVE (RWM_CLOCK_GAP: process-clock stall witness, post-stall sample discard at the ack feed sites)
  ECHO ship 1200B tm-c.log: M* peer-report RTT-feed suppression ACTIVE (RWM_MSTAR_ANCHOR plain-live subset: local-echo-only RTT feed + estimator seed-from-sample)
  ECHO ship 1200B tm-c.log: quinn congestion controller: BBR (shipped default; RWM_QUIC_CC overrides)
  ECHO ship 1200B tm-c.log: RWM_UNIFIED=1 RWM_UNIFIED_SHED=1 RWM_TAPER_R=1 RWM_ASTAR_ANCHOR=1 RWM_MSTAR_ANCHOR=1 RWM_PLAIN_RS=0 RWM_HONEST_ANCHOR=1 RWM_HONEST_K=0 RWM_STORE_SACK_RELEASE=1 RWM_STORE_PATHS=1 RWM_STORE_PATH_POOL=2048 RWM_STORE=unset RWM_STORE_GAIN=2 RWM_STORE_BOOT=128 RWM_STORE_CAPW=0 RWM_STORE_CAP_UNIFIED=0 RWM_THREE_TERM=0 RWM_COMPOSED_CAP=0 RWM_SUM_CAP=1 RWM_LATE_BRAKE=0 RWM_DELTA_CAP=1 RWM_STORE_PERCAP=0 RWM_PERCAP_GUARD=1 RWM_STORE_BORROW=0 RWM_HONEST_CAP=1 RWM_POOL_ANCHOR=0 RWM_POOL_DELIV=0 RWM_FLOOR_BOUND=0 RWM_ACK_MERGE=1 RWM_LOSS_SENT_TRUTH=0 RWM_RELEASE_1TO1=0 RWM_CHARGE_RECOVERY=0 RWM_PATIENCE_DERIVED=0 RWM_SIDLE_DERIVED=0 RWM_WIN_DECOUPLE=0 RWM_PLACE_SLACK=0 RWM_COLD_PLACE=0 RWM_GEN=1 RWM_PIPELINE=2 RWM_GEN_PIPE=1 RWM_GEN_R=unset RWM_GEN_RATE=9000 RWM_GEN_RATE_FLOOR=2000 RWM_GEN_INFLIGHT=unset RWM_OOO_RETAIN=0/16 RWM_WINDOW=unset RWM_REPORT_GENS=unset RWM_REPAIR_WAIT=unset RWM_CODED_SRC=0 RWM_NO_REACTIVE=0 RWM_XPATH_REPAIR=0 RWM_PROACTIVE_PACER=0 RWM_REASM_BDP=0 RWM_MIN_R=0 RWM_CC_PACE=0 RWM_CC_PACE_HR=1.1 RWM_REACT_CAP=unset RWM_INFL_CAP=0 RWM_INFL_BDP=unset RWM_COPA_FEED=0 RWM_RS_ATTR=1 RWM_EMIT_BATCH=0 RWM_EMIT_BURST=64 RWM_RECOV_MP=1 RWM_RECOV_MP_LAW=1 RWM_RECOV_MP_LIVE=0 RWM_RECOV_SP=0 RWM_DERIVED_SWEEP=0 RWM_RACK_CLOCKS=0 RWM_RACK_REO_MULT=1 RWM_QUANTILE_CLOCKS=0 RWM_ALPHA_OVERRIDE=unset RWM_W_FORM=cantelli RWM_HOLDDOWN_Q=unset RWM_REFRESH_FLOOR_US=unset RWM_DELTA=unset RWM_COMPLETION_EXPOSURE=0 RWM_DIAG=1 RWM_ACKDIAG=0 RWM_ACKDIAG_WINDOW_US=2000000 RWM_RTT_DUMP=0 RWM_RTT_DUMP_MAX=400000 RWM_SUCC_DUMP=0 RWM_SUCC_DUMP_MAX=200000 RWM_WALLDIAG=0 RWM_CPUPROF=0 RWM_RDIAG=0 RWM_FDIAG=0 RWM_TRACE=0 RWM_PFRAC=0
  ECHO ship 1200B tm-c.log: RWM_UNIFIED: Realtime rides the RLC span machine (small-δ parameterization, no code-family switch)
  ECHO ship 1200B tm-c.log: RWM_UNIFIED: receive path on the unified global decoder (one machine, both wires) generation=false
  ECHO ship 1200B tm-c.log: sliding-window FEC mode symbol_size=512 backend=Rlc
  ECHO ship 1200B tm-c.log: unified overload shedding ACTIVE at receiver (RWM_UNIFIED_SHED: in-order hold = delta-derived b*SRTT within the eps-class give-up budget)
  ECHO ship 1200B tm-c.log: unified overload shedding ACTIVE (RWM_UNIFIED_SHED: past-deadline holes shed within the derived 1-rho budget; =0 = serializing arm)
  ECHO ship 1200B tm-c.log: unified span law ACTIVE (RWM_UNIFIED: plain-mode proactive repair over the trailing solvable span [end-A*, end-Δ), A* from δ) hint=Realtime
  ship 1200B rep1: p50=25.888ms p99=97.953ms p999=146.599ms max=146.599ms n=1000
  SPAN ship 1200B tm-s.log: [SPAN] t=1.4s ack=0 win=[0,1] wsize=2 a_star=Some(1) delta=Some(1) owed=0.00 rr=0.500 debt=0.00 retx_buf=2 shed=0/0 bud=0.0000 D=20ms ar=0 agap=0/0 dg_rx=23 dg_tx=26
  SPAN ship 1200B tm-s.log: [SPAN] t=1.9s ack=31 win=[0,33] wsize=34 a_star=Some(4) delta=Some(1) owed=0.00 rr=0.500 debt=0.00 retx_buf=4 shed=0/2 bud=0.0000 D=22ms ar=144 agap=0/0 dg_rx=170 dg_tx=178
  SPAN ship 1200B tm-s.log: [SPAN] t=2.4s ack=72 win=[0,75] wsize=76 a_star=Some(3) delta=Some(1) owed=0.00 rr=0.243 debt=0.04 retx_buf=3 shed=0/2 bud=0.0000 D=22ms ar=126 agap=0/0 dg_rx=304 dg_tx=313
  SPAN ship 1200B tm-s.log: [SPAN] t=2.9s ack=112 win=[12,115] wsize=104 a_star=Some(4) delta=Some(1) owed=0.00 rr=0.301 debt=0.00 retx_buf=3 shed=0/2 bud=0.0000 D=22ms ar=151 agap=0/0 dg_rx=442 dg_tx=455
  SPAN ship 1200B tm-s.log: [SPAN] t=3.5s ack=150 win=[49,152] wsize=104 a_star=Some(4) delta=Some(1) owed=0.00 rr=0.328 debt=0.00 retx_buf=3 shed=0/3 bud=0.0000 D=22ms ar=136 agap=0/0 dg_rx=574 dg_tx=590
  SPAN ship 1200B tm-s.log: [SPAN] t=4.0s ack=185 win=[84,187] wsize=104 a_star=Some(3) delta=Some(1) owed=0.00 rr=0.264 debt=0.09 retx_buf=3 shed=0/3 bud=0.0000 D=21ms ar=133 agap=0/0 dg_rx=698 dg_tx=716
  SPAN ship 1200B tm-s.log: [SPAN] t=6.0s ack=337 win=[321,341] wsize=21 a_star=Some(3) delta=Some(1) owed=0.00 rr=0.445 debt=0.46 retx_buf=4 shed=0/3 bud=0.0000 D=22ms ar=106 agap=0/0 dg_rx=1268 dg_tx=1292
  SPAN ship 1200B tm-s.log: [SPAN] t=11.1s ack=681 win=[665,686] wsize=22 a_star=Some(3) delta=Some(1) owed=0.00 rr=0.500 debt=0.00 retx_buf=5 shed=1/12 bud=0.0000 D=21ms ar=118 agap=0/0 dg_rx=2731 dg_tx=2799
  SPAN ship 1200B tm-s.log: [SPAN] t=16.2s ack=1054 win=[1038,1059] wsize=22 a_star=Some(3) delta=Some(1) owed=0.00 rr=0.500 debt=0.00 retx_buf=5 shed=1/20 bud=0.0000 D=22ms ar=124 agap=0/0 dg_rx=4248 dg_tx=4347
  SPAN ship 1200B tm-s.log: [SPAN] t=21.5s ack=1425 win=[1409,1428] wsize=20 a_star=Some(3) delta=Some(1) owed=0.00 rr=0.500 debt=0.00 retx_buf=3 shed=1/27 bud=0.0000 D=21ms ar=129 agap=0/0 dg_rx=5789 dg_tx=5909
  SPAN ship 1200B tm-c.log: [SPAN] t=1.4s ack=0 win=[0,1] wsize=2 a_star=Some(1) delta=Some(1) owed=0.00 rr=0.500 debt=0.00 retx_buf=2 shed=0/0 bud=0.0001 D=19ms ar=0 agap=0/0 dg_rx=21 dg_tx=24
  SPAN ship 1200B tm-c.log: [SPAN] t=1.9s ack=68 win=[0,75] wsize=76 a_star=Some(7) delta=Some(1) owed=0.00 rr=0.500 debt=0.00 retx_buf=7 shed=0/22 bud=0.0000 D=23ms ar=268 agap=0/0 dg_rx=161 dg_tx=179
  SPAN ship 1200B tm-c.log: [SPAN] t=2.4s ack=143 win=[43,150] wsize=108 a_star=Some(5) delta=Some(1) owed=0.00 rr=0.216 debt=0.00 retx_buf=7 shed=0/22 bud=0.0000 D=20ms ar=231 agap=0/0 dg_rx=296 dg_tx=312
  SPAN ship 1200B tm-c.log: [SPAN] t=2.9s ack=220 win=[120,229] wsize=110 a_star=Some(8) delta=Some(1) owed=0.00 rr=0.367 debt=0.00 retx_buf=9 shed=0/28 bud=0.0000 D=22ms ar=316 agap=0/0 dg_rx=425 dg_tx=447
  SPAN ship 1200B tm-c.log: [SPAN] t=3.4s ack=298 win=[198,305] wsize=108 a_star=Some(6) delta=Some(1) owed=0.00 rr=0.330 debt=0.00 retx_buf=7 shed=1/34 bud=0.0000 D=22ms ar=229 agap=0/0 dg_rx=568 dg_tx=590
  SPAN ship 1200B tm-c.log: [SPAN] t=3.9s ack=373 win=[273,380] wsize=108 a_star=Some(5) delta=Some(1) owed=0.00 rr=0.301 debt=0.01 retx_buf=7 shed=1/38 bud=0.0000 D=21ms ar=231 agap=0/0 dg_rx=695 dg_tx=717
  SPAN ship 1200B tm-c.log: [SPAN] t=5.9s ack=678 win=[662,683] wsize=22 a_star=Some(5) delta=Some(1) owed=0.00 rr=0.435 debt=0.00 retx_buf=5 shed=1/44 bud=0.0000 D=20ms ar=230 agap=0/0 dg_rx=1262 dg_tx=1287
  SPAN ship 1200B tm-c.log: [SPAN] t=10.9s ack=1438 win=[1422,1445] wsize=24 a_star=Some(5) delta=Some(1) owed=0.00 rr=0.500 debt=0.50 retx_buf=7 shed=8/166 bud=0.0003 D=21ms ar=227 agap=0/0 dg_rx=2743 dg_tx=2825
  SPAN ship 1200B tm-c.log: [SPAN] t=15.9s ack=2202 win=[2186,2209] wsize=24 a_star=Some(5) delta=Some(1) owed=0.00 rr=0.500 debt=0.00 retx_buf=7 shed=14/301 bud=0.0000 D=21ms ar=227 agap=0/0 dg_rx=4267 dg_tx=4399
  SPAN ship 1200B tm-c.log: [SPAN] t=21.0s ack=2968 win=[2952,2973] wsize=22 a_star=Some(5) delta=Some(1) owed=0.00 rr=0.500 debt=0.00 retx_buf=5 shed=30/406 bud=0.0000 D=21ms ar=226 agap=0/0 dg_rx=5778 dg_tx=5957
  EVICT ship 1200B tm-s.log: [RFA] gen=0 fires=302 false=154 false_frac=0.5099 fill_coded=81 fill_src=67 dup_src=80 preempt_src=74 src_n=3085 rep_n=900 nu_recv=0.09789 fa_class=0.0625 rep_redundant=767 late_after_aban=104
  EVICT ship 1200B tm-s.log: [SUCC] gen=0 det=148 res=44 orig_n=12 orig_p50_us=36864 orig_p90_us=45056 orig_p99_us=49152 orig_mx_us=51181 orig_mean_us=35309 rep_n=32 rep_p50_us=16384 rep_p90_us=40960 rep_p99_us=45056 rep_mx_us=45994 rep_mean_us=20882 aban_n=104 aban_p50_us=22528 aban_p90_us=22528 aban_p99_us=24576 aban_mx_us=25717 aban_mean_us=23235 open=0 over=0 orig_frac=0.2727 cross_us=72 dump=0/0 sp_n=44 xp_n=0 xp_frac=0.0000 sp_p50_us=20480 sp_p90_us=40960 xp_p50_us=- xp_p90_us=-
  EVICT ship 1200B tm-c.log: [RFA] gen=0 fires=37 false=37 false_frac=1.0000 fill_coded=0 fill_src=0 dup_src=37 preempt_src=0 src_n=1459 rep_n=382 nu_recv=0.02536 fa_class=0.0625 rep_redundant=357 late_after_aban=0
  EVICT ship 1200B tm-c.log: [SUCC] gen=0 det=0 res=0 orig_n=0 orig_p50_us=- orig_p90_us=- orig_p99_us=- orig_mx_us=- orig_mean_us=- rep_n=0 rep_p50_us=- rep_p90_us=- rep_p99_us=- rep_mx_us=- rep_mean_us=- aban_n=0 aban_p50_us=- aban_p90_us=- aban_p99_us=- aban_mx_us=- aban_mean_us=- open=0 over=0 orig_frac=- cross_us=- dump=0/0 sp_n=0 xp_n=0 xp_frac=- sp_p50_us=- sp_p90_us=- xp_p50_us=- xp_p90_us=-
ARM ship 1200B: n=1 min=98 median=98 max=98
=== done 06:55:39
=== SMOKE cell=c3 rc=0 2026-09-08T04:55:39Z
SMOKE end 2026-09-08T04:55:39Z
