=== FCAUSE DIAGNOSTIC PASS seed=42 reps=1 2026-08-21T06:45:31Z
CONTRACT classify the recovery fires; the sweep proved fa _|_ W, so the 16.69 measurand is wrong and the cause mix is what names its successor
CELLS c8
ARMS  OFF Q009   (paired within rep, ARMS INNERMOST; OFF = the machine AS SHIPPED)
ARMENV OFF alpha=unset form=unset gates_form=cantelli win_n=unavail | RWM_QUANTILE_CLOCKS=0 RWM_DELTA_CAP=1 RWM_SUM_CAP=1 RWM_RACK_CLOCKS=0 RWM_DERIVED_SWEEP=0 RWM_COMPOSED_CAP=0 RWM_THREE_TERM=0 RWM_STORE_CAP_UNIFIED=0 RWM_LATE_BRAKE=0 RWM_CHARGE_RECOVERY=0 RWM_RELEASE_1TO1=0 RWM_LOSS_SENT_TRUTH=0 RWM_RTT_DUMP=0
ARMENV Q009 alpha=0.009 form=quantile gates_form=quantile win_n=1112 | RWM_QUANTILE_CLOCKS=1 RWM_ALPHA_OVERRIDE=0.009 RWM_W_FORM=quantile RWM_DELTA_CAP=1 RWM_SUM_CAP=1 RWM_RACK_CLOCKS=0 RWM_DERIVED_SWEEP=0 RWM_COMPOSED_CAP=0 RWM_THREE_TERM=0 RWM_STORE_CAP_UNIFIED=0 RWM_LATE_BRAKE=0 RWM_CHARGE_RECOVERY=0 RWM_RELEASE_1TO1=0 RWM_LOSS_SENT_TRUTH=0 RWM_RTT_DUMP=0
GEN   RWM_GEN=0 on EVERY arm — under generation recv_nack_tx is None, both gap_ classes are structurally empty, and the pass would FALSELY CONFIRM its own premise
BANDSCOPE the goodput abort bands apply to the OFF (shipped) arm ONLY; out-of-band on Q009 is a RESULT
VOID  W1 (no/empty [FCAUSE]) and W3 (gen!=0) VOID a row — a void row is NOT a measured timer_frac of zero
BIN /home/vibe/raptorpath/target/release/raptorpath
SHA256 87993150c58efb1a5880c39a868b2b01f99056d0f2b870dc9a8185fb6288a32e  /home/vibe/raptorpath/target/release/raptorpath
COMMIT b6cbe3e92e98b2bdf322cdb5f730d46b10da6d34
KERNEL 7.0.14-101.fc43.x86_64
UPTIME  08:45:32 up 2 days, 11:27,  6 users,  load average: 2.27, 1.19, 0.59
CPU Model name:                              Intel(R) Xeon(R) CPU E5-2650 v3 @ 2.30GHz
=== rep=1 arm=c8-OFF alpha=unset form=unset win_n=unavail seed=42 env="RWM_QUANTILE_CLOCKS=0 RWM_DELTA_CAP=1 RWM_SUM_CAP=1 RWM_RACK_CLOCKS=0 RWM_DERIVED_SWEEP=0 RWM_COMPOSED_CAP=0 RWM_THREE_TERM=0 RWM_STORE_CAP_UNIFIED=0 RWM_LATE_BRAKE=0 RWM_CHARGE_RECOVERY=0 RWM_RELEASE_1TO1=0 RWM_LOSS_SENT_TRUTH=0 RWM_RTT_DUMP=0" cell=c2/c3/dual bytes=25000000 06:45:32
[2m2026-08-21T06:45:36.081366Z[0m [32m INFO[0m [2mraptorpath::gates[0m[2m:[0m [GATES] RWM_UNIFIED=1 RWM_UNIFIED_SHED=1 RWM_TAPER_R=1 RWM_ASTAR_ANCHOR=1 RWM_MSTAR_ANCHOR=1 RWM_PLAIN_RS=0 RWM_HONEST_ANCHOR=1 RWM_HONEST_K=0 RWM_STORE_SACK_RELEASE=1 RWM_STORE_PATHS=1 RWM_STORE_PATH_POOL=2048 RWM_STORE=unset RWM_STORE_GAIN=2 RWM_STORE_BOOT=128 RWM_STORE_CAPW=0 RWM_STORE_CAP_UNIFIED=0 RWM_THREE_TERM=0 RWM_COMPOSED_CAP=0 RWM_SUM_CAP=1 RWM_LATE_BRAKE=0 RWM_DELTA_CAP=1 RWM_STORE_PERCAP=0 RWM_PERCAP_GUARD=1 RWM_STORE_BORROW=0 RWM_HONEST_CAP=1 RWM_POOL_ANCHOR=0 RWM_POOL_DELIV=0 RWM_FLOOR_BOUND=0 RWM_ACK_MERGE=1 RWM_LOSS_SENT_TRUTH=0 RWM_RELEASE_1TO1=0 RWM_CHARGE_RECOVERY=0 RWM_PATIENCE_DERIVED=0 RWM_SIDLE_DERIVED=0 RWM_WIN_DECOUPLE=0 RWM_PLACE_SLACK=0 RWM_COLD_PLACE=0 RWM_GEN=384 RWM_PIPELINE=2 RWM_GEN_PIPE=1 RWM_GEN_R=unset RWM_GEN_RATE=9000 RWM_GEN_RATE_FLOOR=2000 RWM_GEN_INFLIGHT=unset RWM_OOO_RETAIN=0/16 RWM_WINDOW=unset RWM_REPORT_GENS=unset RWM_REPAIR_WAIT=unset RWM_CODED_SRC=0 RWM_NO_REACTIVE=0 RWM_XPATH_REPAIR=0 RWM_PROACTIVE_PACER=0 RWM_REASM_BDP=0 RWM_MIN_R=0 RWM_CC_PACE=0 RWM_CC_PACE_HR=1.1 RWM_REACT_CAP=unset RWM_INFL_CAP=0 RWM_INFL_BDP=unset RWM_COPA_FEED=0 RWM_RS_ATTR=1 RWM_EMIT_BATCH=0 RWM_EMIT_BURST=64 RWM_RECOV_MP=1 RWM_RECOV_MP_LAW=1 RWM_RECOV_MP_LIVE=0 RWM_RECOV_SP=0 RWM_DERIVED_SWEEP=0 RWM_RACK_CLOCKS=0 RWM_RACK_REO_MULT=1 RWM_QUANTILE_CLOCKS=0 RWM_ALPHA_OVERRIDE=unset RWM_W_FORM=cantelli RWM_DIAG=1 RWM_ACKDIAG=0 RWM_ACKDIAG_WINDOW_US=2000000 RWM_RTT_DUMP=0 RWM_RTT_DUMP_MAX=400000 RWM_WALLDIAG=0 RWM_CPUPROF=0 RWM_RDIAG=0 RWM_FDIAG=1 RWM_TRACE=0 RWM_PFRAC=0
{"bytes":25000000,"dnf":0,"hint":"bulk","max_s":2.1957,"mean_mbps":91.089,"mean_s":2.1957,"median_s":2.1957,"min_s":2.1957,"proto":"rp-native","runs":1,"stdev_s":0.0,"summary":true}
    CPU: CPUSRV=2.35s CPUCLI=2.12s (srv=decoder cli=sender; whole-invocation incl warmup)
    QDISC cli0: qdisc netem b551: root refcnt 7 limit 1000 delay 5ms  3ms loss gemodel p 1.3% r 50% 1-h 100% 1-k 0% rate 100Mbit seed 42  Sent 24294505 bytes 18922 pkt (dropped 82, overlimits 0 requeues 0)   backlog 0b 0p requeues 0 
    QDISC cli1: qdisc netem b552: root refcnt 7 limit 1000 delay 20ms  5ms loss gemodel p 2% r 40% 1-h 100% 1-k 0% rate 20Mbit seed 1042  Sent 4790090 bytes 4466 pkt (dropped 83, overlimits 0 requeues 0)   backlog 0b 0p requeues 0 
    QDISC srv0: qdisc netem b553: root refcnt 7 limit 1000 delay 5ms  3ms rate 100Mbit seed 10894133425669291300  Sent 2510525 bytes 13025 pkt (dropped 0, overlimits 0 requeues 0)   backlog 0b 0p requeues 0 
    QDISC srv1: qdisc netem b554: root refcnt 7 limit 1000 delay 20ms  5ms rate 20Mbit seed 16402773052562321276  Sent 625816 bytes 3380 pkt (dropped 0, overlimits 0 requeues 0)   backlog 0b 0p requeues 0 
RUNTIME c8-OFF rep=1 6s rc=0
LIVENESS c8-OFF rep=1 RWM_QUANTILE_CLOCKS=RWM_QUANTILE_CLOCKS=0/RWM_QUANTILE_CLOCKS=0(exp0) RWM_ALPHA_OVERRIDE=RWM_ALPHA_OVERRIDE=unset/RWM_ALPHA_OVERRIDE=unset(expunset) RWM_W_FORM=RWM_W_FORM=cantelli/RWM_W_FORM=cantelli(expcantelli) RWM_DELTA_CAP=RWM_DELTA_CAP=1/RWM_DELTA_CAP=1(exp1) RWM_SUM_CAP=RWM_SUM_CAP=1/RWM_SUM_CAP=1(exp1) RWM_RACK_CLOCKS=RWM_RACK_CLOCKS=0/RWM_RACK_CLOCKS=0(exp0) RWM_DERIVED_SWEEP=RWM_DERIVED_SWEEP=0/RWM_DERIVED_SWEEP=0(exp0) RWM_COMPOSED_CAP=RWM_COMPOSED_CAP=0/RWM_COMPOSED_CAP=0(exp0) RWM_THREE_TERM=RWM_THREE_TERM=0/RWM_THREE_TERM=0(exp0) RWM_STORE_CAP_UNIFIED=RWM_STORE_CAP_UNIFIED=0/RWM_STORE_CAP_UNIFIED=0(exp0) RWM_LATE_BRAKE=RWM_LATE_BRAKE=0/RWM_LATE_BRAKE=0(exp0) RWM_CHARGE_RECOVERY=RWM_CHARGE_RECOVERY=0/RWM_CHARGE_RECOVERY=0(exp0) RWM_RELEASE_1TO1=RWM_RELEASE_1TO1=0/RWM_RELEASE_1TO1=0(exp0) RWM_LOSS_SENT_TRUTH=RWM_LOSS_SENT_TRUTH=0/RWM_LOSS_SENT_TRUTH=0(exp0) RWM_RTT_DUMP=RWM_RTT_DUMP=0/RWM_RTT_DUMP=0(exp0) RWM_DIAG=RWM_DIAG=1/RWM_DIAG=1(exp1) RWM_FDIAG=RWM_FDIAG=1/RWM_FDIAG=1(exp1)
W6FORM c8-OFF rep=1 cli=cantelli/unavail srv=cantelli/unavail (expcantelli/unavail)
FCAUSELINE c8-OFF rep=1 site=cli [FCAUSE] gen=0 n=1271 timer=1 gap_data=1268 gap_refresh=2 other=0 timer_frac=0.0008 gap_frac=0.9992 fired=1271 unattr=0 fa_class=0.0625
RACKLINE c8-OFF rep=1 site=cli [RACK] on=0 evals=0 ceil=0.0000 gran=0.0000 legacy_pin=0.0000 round=0.0 legacy=0.0 mult=1 fa=12/12 fa_frac=1.0000 fa_class=0.0625
RACKLINE c8-OFF rep=1 site=cli [RACK] on=0 evals=0 ceil=0.0000 gran=0.0000 legacy_pin=0.0000 round=0.0 legacy=0.0 mult=1 fa=654/1271 fa_frac=0.5146 fa_class=0.0625
RFALINE c8-OFF rep=1 site=cli [RFA] gen=0 fires=7 false=7 false_frac=1.0000 fill_coded=0 fill_src=0 dup_src=7 preempt_src=0 src_n=8 rep_n=6 nu_recv=0.87500 fa_class=0.0625
RFALINE c8-OFF rep=1 site=cli [RFA] gen=0 fires=12 false=12 false_frac=1.0000 fill_coded=0 fill_src=0 dup_src=12 preempt_src=0 src_n=13 rep_n=11 nu_recv=0.92308 fa_class=0.0625
RFALINE c8-OFF rep=1 site=cli [RFA] gen=0 fires=12 false=12 false_frac=1.0000 fill_coded=0 fill_src=0 dup_src=12 preempt_src=0 src_n=14 rep_n=12 nu_recv=0.85714 fa_class=0.0625
RFALINE c8-OFF rep=1 site=srv [RFA] gen=0 fires=4763 false=586 false_frac=0.1230 fill_coded=102 fill_src=4075 dup_src=496 preempt_src=90 src_n=9174 rep_n=252 nu_recv=0.51918 fa_class=0.0625
RFALINE c8-OFF rep=1 site=srv [RFA] gen=0 fires=9446 false=931 false_frac=0.0986 fill_coded=211 fill_src=8304 dup_src=766 preempt_src=165 src_n=20425 rep_n=482 nu_recv=0.46247 fa_class=0.0625
QALPHALINE c8-OFF rep=1 site=cli [QALPHA] site=receiver quantile=0 form=cantelli win_n=unavail contract_alpha=1.000000e-5 override=unset alpha=1.000000e-5 k=316.2262 fa_class=0.0625
QALPHALINE c8-OFF rep=1 site=cli [QALPHA] site=sender quantile=0 form=cantelli win_n=unavail contract_alpha=1.000000e-3 override=unset alpha=1.000000e-3 k=31.6070 fa_class=0.0625
QALPHALINE c8-OFF rep=1 site=srv [QALPHA] site=receiver quantile=0 form=cantelli win_n=unavail contract_alpha=1.000000e-5 override=unset alpha=1.000000e-5 k=316.2262 fa_class=0.06252026-08-21T06:45:36.250969Z  INFO raptorpath::net: M* peer-report RTT-feed suppression ACTIVE (RWM_MSTAR_ANCHOR plain-live subset: local-echo-only RTT feed + estimator seed-from-sample)
QALPHALINE c8-OFF rep=1 site=srv [QALPHA] site=sender quantile=0 form=cantelli win_n=unavail contract_alpha=1.000000e-3 override=unset alpha=1.000000e-3 k=31.6070 fa_class=0.0625
QCLKLINE c8-OFF rep=1 site=cli [QCLK] site=sender on=0 form=cantelli win_n=unavail win_ok=0 alpha=1.000000e-3 k=31.6070 evals=22021 law_n=22021 kept=2753 w_us_mean=98505.6 w_us_p05=100000 w_us_p50=100000 w_us_p95=100000 w_us_min=25000 w_us_max=100000 srtt_us_mean=153732.0 sigma_us_mean=5044.9/n21841 fa_class=0.0625
QCLKLINE c8-OFF rep=1 site=srv [QCLK] site=receiver on=0 form=cantelli win_n=unavail win_ok=0 alpha=1.000000e-5 k=316.2262 evals=9429 law_n=9429 kept=2358 w_us_mean=100000.0 w_us_p05=100000 w_us_p50=100000 w_us_p95=100000 w_us_min=100000 w_us_max=100000 srtt_us_mean=129372.6 sigma_us_mean=46276.5/n8328 fa_class=0.0625
QCLKLINE c8-OFF rep=1 site=srv [QCLK] site=receiver on=0 form=cantelli win_n=unavail win_ok=0 alpha=1.000000e-5 k=316.2262 evals=20919 law_n=20919 kept=2615 w_us_mean=100000.0 w_us_p05=100000 w_us_p50=100000 w_us_p95=100000 w_us_min=100000 w_us_max=100000 srtt_us_mean=161354.1 sigma_us_mean=48826.9/n19818 fa_class=0.0625
FCWITNESS {"cell":"c8","arm":"OFF","alpha":"unset","seed":42,"rep":1,"rc":0,"mbps":91.089,"band":[50,100],"band_applies":1,"in_band":1,"lossy":1,"n":1271,"timer":1,"gap_data":1268,"gap_refresh":2,"other":0,"fired":1271,"unattr":0,"timer_frac":"0.0008","W3_gen":"0","W4_retx_max":1252,"W5_rack_fa":"654/1271","w6_form_cli":"cantelli","w6_winn_cli":"unavail","w6_form_srv":"cantelli","w6_winn_srv":"unavail"}
=== rep=1 arm=c8-Q009 alpha=0.009 form=quantile win_n=1112 seed=42 env="RWM_QUANTILE_CLOCKS=1 RWM_ALPHA_OVERRIDE=0.009 RWM_W_FORM=quantile RWM_DELTA_CAP=1 RWM_SUM_CAP=1 RWM_RACK_CLOCKS=0 RWM_DERIVED_SWEEP=0 RWM_COMPOSED_CAP=0 RWM_THREE_TERM=0 RWM_STORE_CAP_UNIFIED=0 RWM_LATE_BRAKE=0 RWM_CHARGE_RECOVERY=0 RWM_RELEASE_1TO1=0 RWM_LOSS_SENT_TRUTH=0 RWM_RTT_DUMP=0" cell=c2/c3/dual bytes=25000000 06:45:39
[2m2026-08-21T06:45:40.981970Z[0m [32m INFO[0m [2mraptorpath::gates[0m[2m:[0m [GATES] RWM_UNIFIED=1 RWM_UNIFIED_SHED=1 RWM_TAPER_R=1 RWM_ASTAR_ANCHOR=1 RWM_MSTAR_ANCHOR=1 RWM_PLAIN_RS=0 RWM_HONEST_ANCHOR=1 RWM_HONEST_K=0 RWM_STORE_SACK_RELEASE=1 RWM_STORE_PATHS=1 RWM_STORE_PATH_POOL=2048 RWM_STORE=unset RWM_STORE_GAIN=2 RWM_STORE_BOOT=128 RWM_STORE_CAPW=0 RWM_STORE_CAP_UNIFIED=0 RWM_THREE_TERM=0 RWM_COMPOSED_CAP=0 RWM_SUM_CAP=1 RWM_LATE_BRAKE=0 RWM_DELTA_CAP=1 RWM_STORE_PERCAP=0 RWM_PERCAP_GUARD=1 RWM_STORE_BORROW=0 RWM_HONEST_CAP=1 RWM_POOL_ANCHOR=0 RWM_POOL_DELIV=0 RWM_FLOOR_BOUND=0 RWM_ACK_MERGE=1 RWM_LOSS_SENT_TRUTH=0 RWM_RELEASE_1TO1=0 RWM_CHARGE_RECOVERY=0 RWM_PATIENCE_DERIVED=0 RWM_SIDLE_DERIVED=0 RWM_WIN_DECOUPLE=0 RWM_PLACE_SLACK=0 RWM_COLD_PLACE=0 RWM_GEN=384 RWM_PIPELINE=2 RWM_GEN_PIPE=1 RWM_GEN_R=unset RWM_GEN_RATE=9000 RWM_GEN_RATE_FLOOR=2000 RWM_GEN_INFLIGHT=unset RWM_OOO_RETAIN=0/16 RWM_WINDOW=unset RWM_REPORT_GENS=unset RWM_REPAIR_WAIT=unset RWM_CODED_SRC=0 RWM_NO_REACTIVE=0 RWM_XPATH_REPAIR=0 RWM_PROACTIVE_PACER=0 RWM_REASM_BDP=0 RWM_MIN_R=0 RWM_CC_PACE=0 RWM_CC_PACE_HR=1.1 RWM_REACT_CAP=unset RWM_INFL_CAP=0 RWM_INFL_BDP=unset RWM_COPA_FEED=0 RWM_RS_ATTR=1 RWM_EMIT_BATCH=0 RWM_EMIT_BURST=64 RWM_RECOV_MP=1 RWM_RECOV_MP_LAW=1 RWM_RECOV_MP_LIVE=0 RWM_RECOV_SP=0 RWM_DERIVED_SWEEP=0 RWM_RACK_CLOCKS=0 RWM_RACK_REO_MULT=1 RWM_QUANTILE_CLOCKS=1 RWM_ALPHA_OVERRIDE=0.009 RWM_W_FORM=quantile RWM_DIAG=1 RWM_ACKDIAG=0 RWM_ACKDIAG_WINDOW_US=2000000 RWM_RTT_DUMP=0 RWM_RTT_DUMP_MAX=400000 RWM_WALLDIAG=0 RWM_CPUPROF=0 RWM_RDIAG=0 RWM_FDIAG=1 RWM_TRACE=0 RWM_PFRAC=0
{"bytes":25000000,"dnf":0,"hint":"bulk","max_s":2.0658,"mean_mbps":96.815,"mean_s":2.0658,"median_s":2.0658,"min_s":2.0658,"proto":"rp-native","runs":1,"stdev_s":0.0,"summary":true}
    CPU: CPUSRV=2.26s CPUCLI=2.24s (srv=decoder cli=sender; whole-invocation incl warmup)
    QDISC cli0: qdisc netem b555: root refcnt 7 limit 1000 delay 5ms  3ms loss gemodel p 1.3% r 50% 1-h 100% 1-k 0% rate 100Mbit seed 42  Sent 25014583 bytes 19687 pkt (dropped 101, overlimits 0 requeues 0)   backlog 0b 0p requeues 0 
    QDISC cli1: qdisc netem b556: root refcnt 7 limit 1000 delay 20ms  5ms loss gemodel p 2% r 40% 1-h 100% 1-k 0% rate 20Mbit seed 1042  Sent 3633681 bytes 3441 pkt (dropped 66, overlimits 0 requeues 0)   backlog 0b 0p requeues 0 
    QDISC srv0: qdisc netem b557: root refcnt 7 limit 1000 delay 5ms  3ms rate 100Mbit seed 4633908896001794067  Sent 2605791 bytes 13417 pkt (dropped 0, overlimits 0 requeues 0)   backlog 0b 0p requeues 0 
    QDISC srv1: qdisc netem b558: root refcnt 7 limit 1000 delay 20ms  5ms rate 20Mbit seed 8108486362635602521  Sent 489135 bytes 2538 pkt (dropped 0, overlimits 0 requeues 0)   backlog 0b 0p requeues 0 
RUNTIME c8-Q009 rep=1 4s rc=0
LIVENESS c8-Q009 rep=1 RWM_QUANTILE_CLOCKS=RWM_QUANTILE_CLOCKS=1/RWM_QUANTILE_CLOCKS=1(exp1) RWM_ALPHA_OVERRIDE=RWM_ALPHA_OVERRIDE=0.009/RWM_ALPHA_OVERRIDE=0.009(exp0.009) RWM_W_FORM=RWM_W_FORM=quantile/RWM_W_FORM=quantile(expquantile) RWM_DELTA_CAP=RWM_DELTA_CAP=1/RWM_DELTA_CAP=1(exp1) RWM_SUM_CAP=RWM_SUM_CAP=1/RWM_SUM_CAP=1(exp1) RWM_RACK_CLOCKS=RWM_RACK_CLOCKS=0/RWM_RACK_CLOCKS=0(exp0) RWM_DERIVED_SWEEP=RWM_DERIVED_SWEEP=0/RWM_DERIVED_SWEEP=0(exp0) RWM_COMPOSED_CAP=RWM_COMPOSED_CAP=0/RWM_COMPOSED_CAP=0(exp0) RWM_THREE_TERM=RWM_THREE_TERM=0/RWM_THREE_TERM=0(exp0) RWM_STORE_CAP_UNIFIED=RWM_STORE_CAP_UNIFIED=0/RWM_STORE_CAP_UNIFIED=0(exp0) RWM_LATE_BRAKE=RWM_LATE_BRAKE=0/RWM_LATE_BRAKE=0(exp0) RWM_CHARGE_RECOVERY=RWM_CHARGE_RECOVERY=0/RWM_CHARGE_RECOVERY=0(exp0) RWM_RELEASE_1TO1=RWM_RELEASE_1TO1=0/RWM_RELEASE_1TO1=0(exp0) RWM_LOSS_SENT_TRUTH=RWM_LOSS_SENT_TRUTH=0/RWM_LOSS_SENT_TRUTH=0(exp0) RWM_RTT_DUMP=RWM_RTT_DUMP=0/RWM_RTT_DUMP=0(exp0) RWM_DIAG=RWM_DIAG=1/RWM_DIAG=1(exp1) RWM_FDIAG=RWM_FDIAG=1/RWM_FDIAG=1(exp1)
W6FORM c8-Q009 rep=1 cli=quantile/1112 srv=quantile/1112 (expquantile/1112)
FCAUSELINE c8-Q009 rep=1 site=cli [FCAUSE] gen=0 n=1057 timer=1 gap_data=1056 gap_refresh=0 other=0 timer_frac=0.0009 gap_frac=0.9991 fired=1057 unattr=0 fa_class=0.0625
RACKLINE c8-Q009 rep=1 site=cli [RACK] on=0 evals=0 ceil=0.0000 gran=0.0000 legacy_pin=0.0000 round=0.0 legacy=0.0 mult=1 fa=13/13 fa_frac=1.0000 fa_class=0.0625
RACKLINE c8-Q009 rep=1 site=cli [RACK] on=0 evals=0 ceil=0.0000 gran=0.0000 legacy_pin=0.0000 round=0.0 legacy=0.0 mult=1 fa=344/1057 fa_frac=0.3254 fa_class=0.0625
RFALINE c8-Q009 rep=1 site=cli [RFA] gen=0 fires=8 false=8 false_frac=1.0000 fill_coded=0 fill_src=0 dup_src=8 preempt_src=0 src_n=9 rep_n=7 nu_recv=0.88889 fa_class=0.0625
RFALINE c8-Q009 rep=1 site=cli [RFA] gen=0 fires=13 false=13 false_frac=1.0000 fill_coded=0 fill_src=0 dup_src=13 preempt_src=0 src_n=14 rep_n=12 nu_recv=0.92857 fa_class=0.0625
RFALINE c8-Q009 rep=1 site=cli [RFA] gen=0 fires=13 false=13 false_frac=1.0000 fill_coded=0 fill_src=0 dup_src=13 preempt_src=0 src_n=15 rep_n=13 nu_recv=0.86667 fa_class=0.0625
RFALINE c8-Q009 rep=1 site=srv [RFA] gen=0 fires=5355 false=411 false_frac=0.0768 fill_coded=77 fill_src=4867 dup_src=340 preempt_src=71 src_n=9961 rep_n=207 nu_recv=0.53760 fa_class=0.0625
RFALINE c8-Q009 rep=1 site=srv [RFA] gen=0 fires=9756 false=599 false_frac=0.0614 fill_coded=150 fill_src=9007 dup_src=465 preempt_src=134 src_n=20648 rep_n=384 nu_recv=0.47249 fa_class=0.0625
QALPHALINE c8-Q009 rep=1 site=cli [QALPHA] site=receiver quantile=1 form=quantile win_n=1112 contract_alpha=1.000000e-5 override=9.000000e-3 alpha=9.000000e-3 k=10.4934 fa_class=0.06252026-08-21T06:45:41.099099Z  INFO raptorpath::net: unified span law ACTIVE (RWM_UNIFIED: plain-mode proactive repair over the trailing solvable span [end-A*, end-Δ), A* from δ) hint=Bulk
QALPHALINE c8-Q009 rep=1 site=cli [QALPHA] site=sender quantile=1 form=quantile win_n=1112 contract_alpha=1.000000e-3 override=9.000000e-3 alpha=9.000000e-3 k=10.4934 fa_class=0.0625
QALPHALINE c8-Q009 rep=1 site=srv [QALPHA] site=receiver quantile=1 form=quantile win_n=1112 contract_alpha=1.000000e-5 override=9.000000e-3 alpha=9.000000e-3 k=10.4934 fa_class=0.06252026-08-21T06:45:41.074244Z  INFO raptorpath::net: M* peer-report RTT-feed suppression ACTIVE (RWM_MSTAR_ANCHOR plain-live subset: local-echo-only RTT feed + estimator seed-from-sample)
QALPHALINE c8-Q009 rep=1 site=srv [QALPHA] site=sender quantile=1 form=quantile win_n=1112 contract_alpha=1.000000e-3 override=9.000000e-3 alpha=9.000000e-3 k=10.4934 fa_class=0.0625
QCLKLINE c8-Q009 rep=1 site=cli [QCLK] site=sender on=1 form=quantile win_n=1112 win_ok=20067 alpha=9.000000e-3 k=10.4934 evals=21845 law_n=20067 kept=2508 w_us_mean=178564.2 w_us_p05=61270 w_us_p50=223790 w_us_p95=311370 w_us_min=61270 w_us_max=311370 srtt_us_mean=143367.7 sigma_us_mean=6737.9/n21637 fa_class=0.0625
QCLKLINE c8-Q009 rep=1 site=srv [QCLK] site=receiver on=1 form=quantile win_n=1112 win_ok=0 alpha=9.000000e-3 k=10.4934 evals=9809 law_n=0 kept=0 w_us_mean=0.0 w_us_p05=0 w_us_p50=0 w_us_p95=0 w_us_min=0 w_us_max=0 srtt_us_mean=0.0 sigma_us_mean=33177.9/n9124 fa_class=0.0625
QCLKLINE c8-Q009 rep=1 site=srv [QCLK] site=receiver on=1 form=quantile win_n=1112 win_ok=0 alpha=9.000000e-3 k=10.4934 evals=20596 law_n=0 kept=0 w_us_mean=0.0 w_us_p05=0 w_us_p50=0 w_us_p95=0 w_us_min=0 w_us_max=0 srtt_us_mean=0.0 sigma_us_mean=46459.8/n19911 fa_class=0.0625
FCWITNESS {"cell":"c8","arm":"Q009","alpha":"0.009","seed":42,"rep":1,"rc":0,"mbps":96.815,"band":[50,100],"band_applies":0,"in_band":1,"lossy":1,"n":1057,"timer":1,"gap_data":1056,"gap_refresh":0,"other":0,"fired":1057,"unattr":0,"timer_frac":"0.0009","W3_gen":"0","W4_retx_max":1020,"W5_rack_fa":"344/1057","w6_form_cli":"quantile","w6_winn_cli":"1112","w6_form_srv":"quantile","w6_winn_srv":"1112"}
=== ARMCOUNTS (rows, NOT live n — see fcause_report.py) 2026-08-21T06:45:43Z
ARMCOUNT c8-OFF rows=1/1
ARMCOUNT c8-Q009 rows=1/1
FCAUSE-BATTERY-DONE seed=42 2026-08-21T06:45:43Z
