=== FLIP BATTERY seed=42 reps=1 c1reps=1 cells='c1 jit25' arms='A H DH DHU BH BHU' 2026-08-11T01:30:29Z
=== binary sha256 13a9d9730873dc4a5d3d4bd6ea010aa851cd0018e58891d409a80fdc3fa84ad0
=== source 0db23223e9f6884fa5314757f0f79606ddbc85f9
=== kernel 7.0.14-101.fc43.x86_64
=== uptime/load  03:30:29 up 11:49,  7 users,  load average: 1.36, 0.93, 0.55
Model name:                              Intel(R) Xeon(R) CPU E5-2650 v3 @ 2.30GHz
aes avx2 pclmulqdq 
=== rep=1 arm=c1-A seed=42 env="" cell=c1/c1/single bytes=400000000 01:30:29
[2m2026-08-11T01:30:31.702215Z[0m [32m INFO[0m [2mraptorpath::gates[0m[2m:[0m [GATES] RWM_UNIFIED=1 RWM_UNIFIED_SHED=1 RWM_TAPER_R=1 RWM_ASTAR_ANCHOR=1 RWM_MSTAR_ANCHOR=1 RWM_PLAIN_RS=0 RWM_HONEST_ANCHOR=0 RWM_HONEST_K=0 RWM_STORE_SACK_RELEASE=1 RWM_STORE_PATHS=1 RWM_STORE_PATH_POOL=2048 RWM_STORE=unset RWM_STORE_GAIN=2 RWM_STORE_BOOT=128 RWM_STORE_CAPW=0 RWM_STORE_CAP_UNIFIED=0 RWM_THREE_TERM=0 RWM_STORE_PERCAP=0 RWM_PERCAP_GUARD=1 RWM_STORE_BORROW=0 RWM_HONEST_CAP=1 RWM_POOL_ANCHOR=0 RWM_POOL_DELIV=0 RWM_FLOOR_BOUND=0 RWM_ACK_MERGE=1 RWM_PATIENCE_DERIVED=0 RWM_SIDLE_DERIVED=0 RWM_WIN_DECOUPLE=0 RWM_PLACE_SLACK=0 RWM_GEN=384 RWM_PIPELINE=2 RWM_GEN_PIPE=1 RWM_GEN_R=unset RWM_GEN_RATE=9000 RWM_GEN_RATE_FLOOR=2000 RWM_GEN_INFLIGHT=unset RWM_OOO_RETAIN=0/16 RWM_WINDOW=unset RWM_REPORT_GENS=unset RWM_REPAIR_WAIT=unset RWM_CODED_SRC=0 RWM_NO_REACTIVE=0 RWM_XPATH_REPAIR=0 RWM_PROACTIVE_PACER=0 RWM_REASM_BDP=0 RWM_MIN_R=0 RWM_CC_PACE=0 RWM_CC_PACE_HR=1.1 RWM_REACT_CAP=unset RWM_INFL_CAP=0 RWM_INFL_BDP=unset RWM_COPA_FEED=0 RWM_RS_ATTR=1 RWM_EMIT_BATCH=0 RWM_EMIT_BURST=64 RWM_RECOV_MP=1 RWM_RECOV_MP_LAW=1 RWM_RECOV_MP_LIVE=0 RWM_RECOV_SP=0 RWM_DIAG=1 RWM_RDIAG=0 RWM_FDIAG=0 RWM_TRACE=0 RWM_PFRAC=0
{"bytes":400000000,"dnf":0,"hint":"bulk","max_s":14.9763,"mean_mbps":213.672,"mean_s":14.9763,"median_s":14.9763,"min_s":14.9763,"proto":"rp-native","runs":1,"stdev_s":0.0,"summary":true}
    LATPROBE: /tmp/rwm-ping.txt 298 replies
    CPU: CPUSRV=16.40s CPUCLI=16.17s (srv=decoder cli=sender; whole-invocation incl warmup)
    QDISC cli0: qdisc netem 8c5f: root refcnt 7 limit 1000 delay 1ms loss gemodel p 0.05% r 50% 1-h 100% 1-k 0% rate 1Gbit seed 42  Sent 438127809 bytes 347234 pkt (dropped 52, overlimits 0 requeues 0)   backlog 0b 0p requeues 0 
    QDISC cli1: qdisc netem 8c60: root refcnt 7 limit 1000 delay 1ms loss gemodel p 0.05% r 50% 1-h 100% 1-k 0% rate 1Gbit seed 42  Sent 846 bytes 11 pkt (dropped 0, overlimits 0 requeues 0)   backlog 0b 0p requeues 0 
    QDISC srv0: qdisc netem 8c61: root refcnt 7 limit 1000 delay 1ms rate 1Gbit seed 8414013874408569828  Sent 31359337 bytes 80772 pkt (dropped 0, overlimits 0 requeues 0)   backlog 0b 0p requeues 0 
    QDISC srv1: qdisc netem 8c62: root refcnt 7 limit 1000 delay 1ms rate 1Gbit seed 3346568858021834530  Sent 936 bytes 12 pkt (dropped 0, overlimits 0 requeues 0)   backlog 0b 0p requeues 0 
    QCAP: /tmp/rwm-q.txt 18 lines
RUNTIME c1-A rep=1 17s
FLIPRESULT {"cell": "c1", "arm": "A", "seed": 42, "rep": 1, "dnf": false, "dnf_count": 0, "mbps": 213.672, "seconds": 14.976, "n_runs": 1, "cpusrv": 16.4, "cpucli": 16.17, "tt_eng1": 0, "cap_med": null, "window_med": null, "slack_med": null, "span_med": null, "swratio_med": null, "khr_med": 1.0, "kraw_med": null, "khr_n": 39, "kraw_n": 0, "rtp_med": 2, "occ_p50": 212, "occcap_p50": 520, "q_p50": 7, "q_p99": 26, "diag_lines": 59, "retx": 672, "gates_cli_3t": 0, "gates_srv_3t": 0, "gates_cli_rs": 0, "gates_srv_rs": 0, "gates_cli_ha": 0, "gates_srv_ha": 0, "gates_cli_hk": 0, "gates_srv_hk": 0, "gates_cli_u": 0, "gates_srv_u": 0, "gates_lines_cli": 1, "gates_lines_srv": 1, "active_3t_cli": 0, "active_ha_cli": 0, "active_ha_srv": 0, "active_hk_cli": 0, "active_hk_srv": 0, "active_u_cli": 0, "active_u_srv": 0, "sf_ticks": 2514, "sf_E": 0.681, "sf_short": 0.319, "sf_zero": 0.319, "capboot_n": 56, "capboot_frac": 0.2679, "ping_n": 298, "ping_p50": 2.07, "ping_p95": 2.54, "ping_p99": 2.69, "ping_tx": null, "ping_rx": null, "ping_loss": null, "wait_tun": 65, "wait_paused": 34, "wait_pace": 0, "wait_gen": 0, "wait_nack": 0, "wait_defc": 0, "wait_tail": 0, "wait_flush": 0, "wait_lines": 56, "dgq_hand": 335632, "dgq_full": 0, "dgq_gap": 59, "tc_bytes": 438128755, "tc_pkts": 347246, "tc_drop": 52, "tc_s": 17}
LIVENESS c1-A rep=1 cli=[RWM_THREE_TERM=0 RWM_PLAIN_RS=0 RWM_HONEST_ANCHOR=0 RWM_HONEST_K=0 RWM_STORE_CAP_UNIFIED=0] srv=[RWM_THREE_TERM=0 RWM_PLAIN_RS=0 RWM_HONEST_ANCHOR=0 RWM_HONEST_K=0 RWM_STORE_CAP_UNIFIED=0] act3=0 actHA=0/0 actHK=0/0 actU=0/0 eng1=0 (expect 3t=0 rs=0 ha=0 hk=0 u=0)
=== rep=1 arm=c1-H seed=42 env="RWM_HONEST_ANCHOR=1" cell=c1/c1/single bytes=400000000 01:30:47
[2m2026-08-11T01:30:49.066841Z[0m [32m INFO[0m [2mraptorpath::gates[0m[2m:[0m [GATES] RWM_UNIFIED=1 RWM_UNIFIED_SHED=1 RWM_TAPER_R=1 RWM_ASTAR_ANCHOR=1 RWM_MSTAR_ANCHOR=1 RWM_PLAIN_RS=0 RWM_HONEST_ANCHOR=1 RWM_HONEST_K=0 RWM_STORE_SACK_RELEASE=1 RWM_STORE_PATHS=1 RWM_STORE_PATH_POOL=2048 RWM_STORE=unset RWM_STORE_GAIN=2 RWM_STORE_BOOT=128 RWM_STORE_CAPW=0 RWM_STORE_CAP_UNIFIED=0 RWM_THREE_TERM=0 RWM_STORE_PERCAP=0 RWM_PERCAP_GUARD=1 RWM_STORE_BORROW=0 RWM_HONEST_CAP=1 RWM_POOL_ANCHOR=0 RWM_POOL_DELIV=0 RWM_FLOOR_BOUND=0 RWM_ACK_MERGE=1 RWM_PATIENCE_DERIVED=0 RWM_SIDLE_DERIVED=0 RWM_WIN_DECOUPLE=0 RWM_PLACE_SLACK=0 RWM_GEN=384 RWM_PIPELINE=2 RWM_GEN_PIPE=1 RWM_GEN_R=unset RWM_GEN_RATE=9000 RWM_GEN_RATE_FLOOR=2000 RWM_GEN_INFLIGHT=unset RWM_OOO_RETAIN=0/16 RWM_WINDOW=unset RWM_REPORT_GENS=unset RWM_REPAIR_WAIT=unset RWM_CODED_SRC=0 RWM_NO_REACTIVE=0 RWM_XPATH_REPAIR=0 RWM_PROACTIVE_PACER=0 RWM_REASM_BDP=0 RWM_MIN_R=0 RWM_CC_PACE=0 RWM_CC_PACE_HR=1.1 RWM_REACT_CAP=unset RWM_INFL_CAP=0 RWM_INFL_BDP=unset RWM_COPA_FEED=0 RWM_RS_ATTR=1 RWM_EMIT_BATCH=0 RWM_EMIT_BURST=64 RWM_RECOV_MP=1 RWM_RECOV_MP_LAW=1 RWM_RECOV_MP_LIVE=0 RWM_RECOV_SP=0 RWM_DIAG=1 RWM_RDIAG=0 RWM_FDIAG=0 RWM_TRACE=0 RWM_PFRAC=0
{"bytes":400000000,"dnf":0,"hint":"bulk","max_s":15.2743,"mean_mbps":209.502,"mean_s":15.2743,"median_s":15.2743,"min_s":15.2743,"proto":"rp-native","runs":1,"stdev_s":0.0,"summary":true}
    LATPROBE: /tmp/rwm-ping.txt 304 replies
    CPU: CPUSRV=16.91s CPUCLI=16.91s (srv=decoder cli=sender; whole-invocation incl warmup)
    QDISC cli0: qdisc netem 8c63: root refcnt 7 limit 1000 delay 1ms loss gemodel p 0.05% r 50% 1-h 100% 1-k 0% rate 1Gbit seed 42  Sent 437857307 bytes 346035 pkt (dropped 52, overlimits 0 requeues 0)   backlog 0b 0p requeues 0 
    QDISC cli1: qdisc netem 8c64: root refcnt 7 limit 1000 delay 1ms loss gemodel p 0.05% r 50% 1-h 100% 1-k 0% rate 1Gbit seed 42  Sent 846 bytes 11 pkt (dropped 0, overlimits 0 requeues 0)   backlog 0b 0p requeues 0 
    QDISC srv0: qdisc netem 8c65: root refcnt 7 limit 1000 delay 1ms rate 1Gbit seed 4911584782457854031  Sent 31418448 bytes 81461 pkt (dropped 0, overlimits 0 requeues 0)   backlog 0b 0p requeues 0 
    QDISC srv1: qdisc netem 8c66: root refcnt 7 limit 1000 delay 1ms rate 1Gbit seed 2229779849610668656  Sent 936 bytes 12 pkt (dropped 0, overlimits 0 requeues 0)   backlog 0b 0p requeues 0 
    QCAP: /tmp/rwm-q.txt 18 lines
RUNTIME c1-H rep=1 17s
FLIPRESULT {"cell": "c1", "arm": "H", "seed": 42, "rep": 1, "dnf": false, "dnf_count": 0, "mbps": 209.502, "seconds": 15.274, "n_runs": 1, "cpusrv": 16.91, "cpucli": 16.91, "tt_eng1": 0, "cap_med": null, "window_med": null, "slack_med": null, "span_med": null, "swratio_med": null, "khr_med": 1.0, "kraw_med": null, "khr_n": 37, "kraw_n": 0, "rtp_med": 2, "occ_p50": 244, "occcap_p50": 543, "q_p50": 8, "q_p99": 19, "diag_lines": 60, "retx": 526, "gates_cli_3t": 0, "gates_srv_3t": 0, "gates_cli_rs": 0, "gates_srv_rs": 0, "gates_cli_ha": 1, "gates_srv_ha": 1, "gates_cli_hk": 0, "gates_srv_hk": 0, "gates_cli_u": 0, "gates_srv_u": 0, "gates_lines_cli": 1, "gates_lines_srv": 1, "active_3t_cli": 0, "active_ha_cli": 1, "active_ha_srv": 1, "active_hk_cli": 0, "active_hk_srv": 0, "active_u_cli": 0, "active_u_srv": 0, "sf_ticks": 2518, "sf_E": 0.7101, "sf_short": 0.2899, "sf_zero": 0.2899, "capboot_n": 57, "capboot_frac": 0.3158, "ping_n": 304, "ping_p50": 2.07, "ping_p95": 2.59, "ping_p99": 2.77, "ping_tx": null, "ping_rx": null, "ping_loss": null, "wait_tun": 69, "wait_paused": 31, "wait_pace": 0, "wait_gen": 0, "wait_nack": 0, "wait_defc": 0, "wait_tail": 0, "wait_flush": 0, "wait_lines": 57, "dgq_hand": 328440, "dgq_full": 0, "dgq_gap": 1, "tc_bytes": 437858353, "tc_pkts": 346048, "tc_drop": 52, "tc_s": 17}
LIVENESS c1-H rep=1 cli=[RWM_THREE_TERM=0 RWM_PLAIN_RS=0 RWM_HONEST_ANCHOR=1 RWM_HONEST_K=0 RWM_STORE_CAP_UNIFIED=0] srv=[RWM_THREE_TERM=0 RWM_PLAIN_RS=0 RWM_HONEST_ANCHOR=1 RWM_HONEST_K=0 RWM_STORE_CAP_UNIFIED=0] act3=0 actHA=1/1 actHK=0/0 actU=0/0 eng1=0 (expect 3t=0 rs=0 ha=1 hk=0 u=0)
=== rep=1 arm=c1-DH seed=42 env="RWM_PLAIN_RS=1 RWM_HONEST_ANCHOR=1" cell=c1/c1/single bytes=400000000 01:31:04
[2m2026-08-11T01:31:06.658649Z[0m [32m INFO[0m [2mraptorpath::gates[0m[2m:[0m [GATES] RWM_UNIFIED=1 RWM_UNIFIED_SHED=1 RWM_TAPER_R=1 RWM_ASTAR_ANCHOR=1 RWM_MSTAR_ANCHOR=1 RWM_PLAIN_RS=1 RWM_HONEST_ANCHOR=1 RWM_HONEST_K=0 RWM_STORE_SACK_RELEASE=1 RWM_STORE_PATHS=1 RWM_STORE_PATH_POOL=2048 RWM_STORE=unset RWM_STORE_GAIN=2 RWM_STORE_BOOT=128 RWM_STORE_CAPW=0 RWM_STORE_CAP_UNIFIED=0 RWM_THREE_TERM=0 RWM_STORE_PERCAP=0 RWM_PERCAP_GUARD=1 RWM_STORE_BORROW=0 RWM_HONEST_CAP=1 RWM_POOL_ANCHOR=0 RWM_POOL_DELIV=0 RWM_FLOOR_BOUND=0 RWM_ACK_MERGE=1 RWM_PATIENCE_DERIVED=0 RWM_SIDLE_DERIVED=0 RWM_WIN_DECOUPLE=0 RWM_PLACE_SLACK=0 RWM_GEN=384 RWM_PIPELINE=2 RWM_GEN_PIPE=1 RWM_GEN_R=unset RWM_GEN_RATE=9000 RWM_GEN_RATE_FLOOR=2000 RWM_GEN_INFLIGHT=unset RWM_OOO_RETAIN=0/16 RWM_WINDOW=unset RWM_REPORT_GENS=unset RWM_REPAIR_WAIT=unset RWM_CODED_SRC=0 RWM_NO_REACTIVE=0 RWM_XPATH_REPAIR=0 RWM_PROACTIVE_PACER=0 RWM_REASM_BDP=0 RWM_MIN_R=0 RWM_CC_PACE=0 RWM_CC_PACE_HR=1.1 RWM_REACT_CAP=unset RWM_INFL_CAP=0 RWM_INFL_BDP=unset RWM_COPA_FEED=0 RWM_RS_ATTR=1 RWM_EMIT_BATCH=0 RWM_EMIT_BURST=64 RWM_RECOV_MP=1 RWM_RECOV_MP_LAW=1 RWM_RECOV_MP_LIVE=0 RWM_RECOV_SP=0 RWM_DIAG=1 RWM_RDIAG=0 RWM_FDIAG=0 RWM_TRACE=0 RWM_PFRAC=0
{"bytes":400000000,"dnf":0,"hint":"bulk","max_s":18.4742,"mean_mbps":173.215,"mean_s":18.4742,"median_s":18.4742,"min_s":18.4742,"proto":"rp-native","runs":1,"stdev_s":0.0,"summary":true}
    LATPROBE: /tmp/rwm-ping.txt 368 replies
    CPU: CPUSRV=18.48s CPUCLI=16.81s (srv=decoder cli=sender; whole-invocation incl warmup)
    QDISC cli0: qdisc netem 8c67: root refcnt 7 limit 1000 delay 1ms loss gemodel p 0.05% r 50% 1-h 100% 1-k 0% rate 1Gbit seed 42  Sent 439523459 bytes 365008 pkt (dropped 71, overlimits 0 requeues 0)   backlog 0b 0p requeues 0 
    QDISC cli1: qdisc netem 8c68: root refcnt 7 limit 1000 delay 1ms loss gemodel p 0.05% r 50% 1-h 100% 1-k 0% rate 1Gbit seed 42  Sent 846 bytes 11 pkt (dropped 0, overlimits 0 requeues 0)   backlog 0b 0p requeues 0 
    QDISC srv0: qdisc netem 8c69: root refcnt 7 limit 1000 delay 1ms rate 1Gbit seed 4958967760263714727  Sent 33294730 bytes 103420 pkt (dropped 0, overlimits 0 requeues 0)   backlog 0b 0p requeues 0 
    QDISC srv1: qdisc netem 8c6a: root refcnt 7 limit 1000 delay 1ms rate 1Gbit seed 6997242622794852760  Sent 936 bytes 12 pkt (dropped 0, overlimits 0 requeues 0)   backlog 0b 0p requeues 0 
    QCAP: /tmp/rwm-q.txt 18 lines
RUNTIME c1-DH rep=1 21s
FLIPRESULT {"cell": "c1", "arm": "DH", "seed": 42, "rep": 1, "dnf": false, "dnf_count": 0, "mbps": 173.215, "seconds": 18.474, "n_runs": 1, "cpusrv": 18.48, "cpucli": 16.81, "tt_eng1": 0, "cap_med": null, "window_med": null, "slack_med": null, "span_med": null, "swratio_med": null, "khr_med": 1.69, "kraw_med": null, "khr_n": 24, "kraw_n": 0, "rtp_med": 2, "occ_p50": 208, "occcap_p50": 128, "q_p50": 8, "q_p99": 23, "diag_lines": 73, "retx": 676, "gates_cli_3t": 0, "gates_srv_3t": 0, "gates_cli_rs": 1, "gates_srv_rs": 1, "gates_cli_ha": 1, "gates_srv_ha": 1, "gates_cli_hk": 0, "gates_srv_hk": 0, "gates_cli_u": 0, "gates_srv_u": 0, "gates_lines_cli": 1, "gates_lines_srv": 1, "active_3t_cli": 0, "active_ha_cli": 1, "active_ha_srv": 1, "active_hk_cli": 0, "active_hk_srv": 0, "active_u_cli": 0, "active_u_srv": 0, "sf_ticks": 3196, "sf_E": 0.4365, "sf_short": 0.5635, "sf_zero": 0.5635, "capboot_n": 70, "capboot_frac": 0.5, "ping_n": 368, "ping_p50": 2.07, "ping_p95": 2.46, "ping_p99": 2.76, "ping_tx": null, "ping_rx": null, "ping_loss": null, "wait_tun": 43, "wait_paused": 55, "wait_pace": 0, "wait_gen": 0, "wait_nack": 0, "wait_defc": 0, "wait_tail": 0, "wait_flush": 0, "wait_lines": 70, "dgq_hand": 336564, "dgq_full": 0, "dgq_gap": 16, "tc_bytes": 439524405, "tc_pkts": 365020, "tc_drop": 71, "tc_s": 21}
LIVENESS c1-DH rep=1 cli=[RWM_THREE_TERM=0 RWM_PLAIN_RS=1 RWM_HONEST_ANCHOR=1 RWM_HONEST_K=0 RWM_STORE_CAP_UNIFIED=0] srv=[RWM_THREE_TERM=0 RWM_PLAIN_RS=1 RWM_HONEST_ANCHOR=1 RWM_HONEST_K=0 RWM_STORE_CAP_UNIFIED=0] act3=0 actHA=1/1 actHK=0/0 actU=0/0 eng1=0 (expect 3t=0 rs=1 ha=1 hk=0 u=0)
=== rep=1 arm=c1-DHU seed=42 env="RWM_PLAIN_RS=1 RWM_HONEST_ANCHOR=1 RWM_STORE_CAP_UNIFIED=1" cell=c1/c1/single bytes=400000000 01:31:25
[2m2026-08-11T01:31:27.113882Z[0m [32m INFO[0m [2mraptorpath::gates[0m[2m:[0m [GATES] RWM_UNIFIED=1 RWM_UNIFIED_SHED=1 RWM_TAPER_R=1 RWM_ASTAR_ANCHOR=1 RWM_MSTAR_ANCHOR=1 RWM_PLAIN_RS=1 RWM_HONEST_ANCHOR=1 RWM_HONEST_K=0 RWM_STORE_SACK_RELEASE=1 RWM_STORE_PATHS=1 RWM_STORE_PATH_POOL=2048 RWM_STORE=unset RWM_STORE_GAIN=2 RWM_STORE_BOOT=128 RWM_STORE_CAPW=0 RWM_STORE_CAP_UNIFIED=1 RWM_THREE_TERM=0 RWM_STORE_PERCAP=0 RWM_PERCAP_GUARD=1 RWM_STORE_BORROW=0 RWM_HONEST_CAP=1 RWM_POOL_ANCHOR=0 RWM_POOL_DELIV=0 RWM_FLOOR_BOUND=0 RWM_ACK_MERGE=1 RWM_PATIENCE_DERIVED=0 RWM_SIDLE_DERIVED=0 RWM_WIN_DECOUPLE=0 RWM_PLACE_SLACK=0 RWM_GEN=384 RWM_PIPELINE=2 RWM_GEN_PIPE=1 RWM_GEN_R=unset RWM_GEN_RATE=9000 RWM_GEN_RATE_FLOOR=2000 RWM_GEN_INFLIGHT=unset RWM_OOO_RETAIN=0/16 RWM_WINDOW=unset RWM_REPORT_GENS=unset RWM_REPAIR_WAIT=unset RWM_CODED_SRC=0 RWM_NO_REACTIVE=0 RWM_XPATH_REPAIR=0 RWM_PROACTIVE_PACER=0 RWM_REASM_BDP=0 RWM_MIN_R=0 RWM_CC_PACE=0 RWM_CC_PACE_HR=1.1 RWM_REACT_CAP=unset RWM_INFL_CAP=0 RWM_INFL_BDP=unset RWM_COPA_FEED=0 RWM_RS_ATTR=1 RWM_EMIT_BATCH=0 RWM_EMIT_BURST=64 RWM_RECOV_MP=1 RWM_RECOV_MP_LAW=1 RWM_RECOV_MP_LIVE=0 RWM_RECOV_SP=0 RWM_DIAG=1 RWM_RDIAG=0 RWM_FDIAG=0 RWM_TRACE=0 RWM_PFRAC=0
{"bytes":400000000,"dnf":0,"hint":"bulk","max_s":11.7511,"mean_mbps":272.315,"mean_s":11.7511,"median_s":11.7511,"min_s":11.7511,"proto":"rp-native","runs":1,"stdev_s":0.0,"summary":true}
    LATPROBE: /tmp/rwm-ping.txt 234 replies
    CPU: CPUSRV=14.14s CPUCLI=15.46s (srv=decoder cli=sender; whole-invocation incl warmup)
    QDISC cli0: qdisc netem 8c6b: root refcnt 7 limit 1000 delay 1ms loss gemodel p 0.05% r 50% 1-h 100% 1-k 0% rate 1Gbit seed 42  Sent 439274519 bytes 342752 pkt (dropped 47, overlimits 0 requeues 0)   backlog 0b 0p requeues 0 
    QDISC cli1: qdisc netem 8c6c: root refcnt 7 limit 1000 delay 1ms loss gemodel p 0.05% r 50% 1-h 100% 1-k 0% rate 1Gbit seed 42  Sent 776 bytes 10 pkt (dropped 0, overlimits 0 requeues 0)   backlog 0b 0p requeues 0 
    QDISC srv0: qdisc netem 8c6d: root refcnt 7 limit 1000 delay 1ms rate 1Gbit seed 12474157333840132814  Sent 29699707 bytes 62373 pkt (dropped 0, overlimits 0 requeues 0)   backlog 0b 0p requeues 0 
    QDISC srv1: qdisc netem 8c6e: root refcnt 7 limit 1000 delay 1ms rate 1Gbit seed 12361583715124827680  Sent 866 bytes 11 pkt (dropped 0, overlimits 0 requeues 0)   backlog 0b 0p requeues 0 
    QCAP: /tmp/rwm-q.txt 18 lines
RUNTIME c1-DHU rep=1 14s
FLIPRESULT {"cell": "c1", "arm": "DHU", "seed": 42, "rep": 1, "dnf": false, "dnf_count": 0, "mbps": 272.315, "seconds": 11.751, "n_runs": 1, "cpusrv": 14.14, "cpucli": 15.46, "tt_eng1": 0, "cap_med": null, "window_med": null, "slack_med": null, "span_med": null, "swratio_med": null, "khr_med": 2.17, "kraw_med": null, "khr_n": 15, "kraw_n": 0, "rtp_med": 2, "occ_p50": 372, "occcap_p50": 1024, "q_p50": 6, "q_p99": 10, "diag_lines": 46, "retx": 1958, "gates_cli_3t": 0, "gates_srv_3t": 0, "gates_cli_rs": 1, "gates_srv_rs": 1, "gates_cli_ha": 1, "gates_srv_ha": 1, "gates_cli_hk": 0, "gates_srv_hk": 0, "gates_cli_u": 1, "gates_srv_u": 1, "gates_lines_cli": 1, "gates_lines_srv": 1, "active_3t_cli": 0, "active_ha_cli": 1, "active_ha_srv": 1, "active_hk_cli": 0, "active_hk_srv": 0, "active_u_cli": 1, "active_u_srv": 1, "sf_ticks": 1813, "sf_E": 0.3326, "sf_short": 0.6674, "sf_zero": 0.6674, "capboot_n": 43, "capboot_frac": 0.0, "ping_n": 234, "ping_p50": 2.06, "ping_p95": 2.69, "ping_p99": 2.86, "ping_tx": null, "ping_rx": null, "ping_loss": null, "wait_tun": 100, "wait_paused": 0, "wait_pace": 0, "wait_gen": 0, "wait_nack": 0, "wait_defc": 0, "wait_tail": 0, "wait_flush": 0, "wait_lines": 43, "dgq_hand": 335441, "dgq_full": 0, "dgq_gap": 1, "tc_bytes": 439275495, "tc_pkts": 342764, "tc_drop": 47, "tc_s": 14}
LIVENESS c1-DHU rep=1 cli=[RWM_THREE_TERM=0 RWM_PLAIN_RS=1 RWM_HONEST_ANCHOR=1 RWM_HONEST_K=0 RWM_STORE_CAP_UNIFIED=1] srv=[RWM_THREE_TERM=0 RWM_PLAIN_RS=1 RWM_HONEST_ANCHOR=1 RWM_HONEST_K=0 RWM_STORE_CAP_UNIFIED=1] act3=0 actHA=1/1 actHK=0/0 actU=1/1 eng1=0 (expect 3t=0 rs=1 ha=1 hk=0 u=1)
=== rep=1 arm=c1-BH seed=42 env="RWM_THREE_TERM=1 RWM_PLAIN_RS=1 RWM_HONEST_ANCHOR=1 RWM_HONEST_K=1" cell=c1/c1/single bytes=400000000 01:31:39
[2m2026-08-11T01:31:40.816245Z[0m [32m INFO[0m [2mraptorpath::gates[0m[2m:[0m [GATES] RWM_UNIFIED=1 RWM_UNIFIED_SHED=1 RWM_TAPER_R=1 RWM_ASTAR_ANCHOR=1 RWM_MSTAR_ANCHOR=1 RWM_PLAIN_RS=1 RWM_HONEST_ANCHOR=1 RWM_HONEST_K=1 RWM_STORE_SACK_RELEASE=1 RWM_STORE_PATHS=1 RWM_STORE_PATH_POOL=2048 RWM_STORE=unset RWM_STORE_GAIN=2 RWM_STORE_BOOT=128 RWM_STORE_CAPW=0 RWM_STORE_CAP_UNIFIED=0 RWM_THREE_TERM=1 RWM_STORE_PERCAP=0 RWM_PERCAP_GUARD=1 RWM_STORE_BORROW=0 RWM_HONEST_CAP=1 RWM_POOL_ANCHOR=0 RWM_POOL_DELIV=0 RWM_FLOOR_BOUND=0 RWM_ACK_MERGE=1 RWM_PATIENCE_DERIVED=0 RWM_SIDLE_DERIVED=0 RWM_WIN_DECOUPLE=0 RWM_PLACE_SLACK=0 RWM_GEN=384 RWM_PIPELINE=2 RWM_GEN_PIPE=1 RWM_GEN_R=unset RWM_GEN_RATE=9000 RWM_GEN_RATE_FLOOR=2000 RWM_GEN_INFLIGHT=unset RWM_OOO_RETAIN=0/16 RWM_WINDOW=unset RWM_REPORT_GENS=unset RWM_REPAIR_WAIT=unset RWM_CODED_SRC=0 RWM_NO_REACTIVE=0 RWM_XPATH_REPAIR=0 RWM_PROACTIVE_PACER=0 RWM_REASM_BDP=0 RWM_MIN_R=0 RWM_CC_PACE=0 RWM_CC_PACE_HR=1.1 RWM_REACT_CAP=unset RWM_INFL_CAP=0 RWM_INFL_BDP=unset RWM_COPA_FEED=0 RWM_RS_ATTR=1 RWM_EMIT_BATCH=0 RWM_EMIT_BURST=64 RWM_RECOV_MP=1 RWM_RECOV_MP_LAW=1 RWM_RECOV_MP_LIVE=0 RWM_RECOV_SP=0 RWM_DIAG=1 RWM_RDIAG=0 RWM_FDIAG=0 RWM_TRACE=0 RWM_PFRAC=0
{"bytes":400000000,"dnf":0,"hint":"bulk","max_s":13.5103,"mean_mbps":236.857,"mean_s":13.5103,"median_s":13.5103,"min_s":13.5103,"proto":"rp-native","runs":1,"stdev_s":0.0,"summary":true}
    LATPROBE: /tmp/rwm-ping.txt 269 replies
    CPU: CPUSRV=15.86s CPUCLI=16.35s (srv=decoder cli=sender; whole-invocation incl warmup)
    QDISC cli0: qdisc netem 8c6f: root refcnt 7 limit 1000 delay 1ms loss gemodel p 0.05% r 50% 1-h 100% 1-k 0% rate 1Gbit seed 42  Sent 438434232 bytes 344448 pkt (dropped 50, overlimits 0 requeues 0)   backlog 0b 0p requeues 0 
    QDISC cli1: qdisc netem 8c70: root refcnt 7 limit 1000 delay 1ms loss gemodel p 0.05% r 50% 1-h 100% 1-k 0% rate 1Gbit seed 42  Sent 846 bytes 11 pkt (dropped 0, overlimits 0 requeues 0)   backlog 0b 0p requeues 0 
    QDISC srv0: qdisc netem 8c71: root refcnt 7 limit 1000 delay 1ms rate 1Gbit seed 11080071691030446632  Sent 30787637 bytes 74982 pkt (dropped 0, overlimits 0 requeues 0)   backlog 0b 0p requeues 0 
    QDISC srv1: qdisc netem 8c72: root refcnt 7 limit 1000 delay 1ms rate 1Gbit seed 6580341575719442507  Sent 936 bytes 12 pkt (dropped 0, overlimits 0 requeues 0)   backlog 0b 0p requeues 0 
    QCAP: /tmp/rwm-q.txt 18 lines
RUNTIME c1-BH rep=1 15s
FLIPRESULT {"cell": "c1", "arm": "BH", "seed": 42, "rep": 1, "dnf": false, "dnf_count": 0, "mbps": 236.857, "seconds": 13.51, "n_runs": 1, "cpusrv": 15.86, "cpucli": 16.35, "tt_eng1": 6, "cap_med": 353, "window_med": 112.922, "slack_med": 239.959, "span_med": 0.0, "swratio_med": 2.125, "khr_med": 1.52, "kraw_med": 1.23, "khr_n": 26, "kraw_n": 26, "rtp_med": 2, "occ_p50": 243, "occcap_p50": 355, "q_p50": 7, "q_p99": 10, "diag_lines": 53, "retx": 1161, "gates_cli_3t": 1, "gates_srv_3t": 1, "gates_cli_rs": 1, "gates_srv_rs": 1, "gates_cli_ha": 1, "gates_srv_ha": 1, "gates_cli_hk": 1, "gates_srv_hk": 1, "gates_cli_u": 0, "gates_srv_u": 0, "gates_lines_cli": 1, "gates_lines_srv": 1, "active_3t_cli": 1, "active_ha_cli": 1, "active_ha_srv": 1, "active_hk_cli": 1, "active_hk_srv": 1, "active_u_cli": 0, "active_u_srv": 0, "sf_ticks": 2142, "sf_E": 0.4645, "sf_short": 0.5355, "sf_zero": 0.5355, "capboot_n": 50, "capboot_frac": 0.0, "ping_n": 269, "ping_p50": 2.07, "ping_p95": 2.59, "ping_p99": 2.77, "ping_tx": null, "ping_rx": null, "ping_loss": null, "wait_tun": 74, "wait_paused": 24, "wait_pace": 0, "wait_gen": 0, "wait_nack": 0, "wait_defc": 0, "wait_tail": 0, "wait_flush": 0, "wait_lines": 50, "dgq_hand": 332438, "dgq_full": 0, "dgq_gap": 1, "tc_bytes": 438435178, "tc_pkts": 344460, "tc_drop": 50, "tc_s": 15}
LIVENESS c1-BH rep=1 cli=[RWM_THREE_TERM=1 RWM_PLAIN_RS=1 RWM_HONEST_ANCHOR=1 RWM_HONEST_K=1 RWM_STORE_CAP_UNIFIED=0] srv=[RWM_THREE_TERM=1 RWM_PLAIN_RS=1 RWM_HONEST_ANCHOR=1 RWM_HONEST_K=1 RWM_STORE_CAP_UNIFIED=0] act3=1 actHA=1/1 actHK=1/1 actU=0/0 eng1=6 (expect 3t=1 rs=1 ha=1 hk=1 u=0)
3TLINE c1-BH rep=1 eng=1 cap=372 window=119.02503618857996 slack=252.9282019007324 span=0.0 rho=1.0 b=2.0
3TLINE c1-BH rep=1 eng=1 cap=657 window=210.05114013180489 slack=446.3586727800853 span=0.0 rho=1.0 b=2.0
=== rep=1 arm=c1-BHU seed=42 env="RWM_THREE_TERM=1 RWM_PLAIN_RS=1 RWM_HONEST_ANCHOR=1 RWM_HONEST_K=1 RWM_STORE_CAP_UNIFIED=1" cell=c1/c1/single bytes=400000000 01:31:54
[2m2026-08-11T01:31:56.580890Z[0m [32m INFO[0m [2mraptorpath::gates[0m[2m:[0m [GATES] RWM_UNIFIED=1 RWM_UNIFIED_SHED=1 RWM_TAPER_R=1 RWM_ASTAR_ANCHOR=1 RWM_MSTAR_ANCHOR=1 RWM_PLAIN_RS=1 RWM_HONEST_ANCHOR=1 RWM_HONEST_K=1 RWM_STORE_SACK_RELEASE=1 RWM_STORE_PATHS=1 RWM_STORE_PATH_POOL=2048 RWM_STORE=unset RWM_STORE_GAIN=2 RWM_STORE_BOOT=128 RWM_STORE_CAPW=0 RWM_STORE_CAP_UNIFIED=1 RWM_THREE_TERM=1 RWM_STORE_PERCAP=0 RWM_PERCAP_GUARD=1 RWM_STORE_BORROW=0 RWM_HONEST_CAP=1 RWM_POOL_ANCHOR=0 RWM_POOL_DELIV=0 RWM_FLOOR_BOUND=0 RWM_ACK_MERGE=1 RWM_PATIENCE_DERIVED=0 RWM_SIDLE_DERIVED=0 RWM_WIN_DECOUPLE=0 RWM_PLACE_SLACK=0 RWM_GEN=384 RWM_PIPELINE=2 RWM_GEN_PIPE=1 RWM_GEN_R=unset RWM_GEN_RATE=9000 RWM_GEN_RATE_FLOOR=2000 RWM_GEN_INFLIGHT=unset RWM_OOO_RETAIN=0/16 RWM_WINDOW=unset RWM_REPORT_GENS=unset RWM_REPAIR_WAIT=unset RWM_CODED_SRC=0 RWM_NO_REACTIVE=0 RWM_XPATH_REPAIR=0 RWM_PROACTIVE_PACER=0 RWM_REASM_BDP=0 RWM_MIN_R=0 RWM_CC_PACE=0 RWM_CC_PACE_HR=1.1 RWM_REACT_CAP=unset RWM_INFL_CAP=0 RWM_INFL_BDP=unset RWM_COPA_FEED=0 RWM_RS_ATTR=1 RWM_EMIT_BATCH=0 RWM_EMIT_BURST=64 RWM_RECOV_MP=1 RWM_RECOV_MP_LAW=1 RWM_RECOV_MP_LIVE=0 RWM_RECOV_SP=0 RWM_DIAG=1 RWM_RDIAG=0 RWM_FDIAG=0 RWM_TRACE=0 RWM_PFRAC=0
{"bytes":400000000,"dnf":0,"hint":"bulk","max_s":15.6985,"mean_mbps":203.841,"mean_s":15.6985,"median_s":15.6985,"min_s":15.6985,"proto":"rp-native","runs":1,"stdev_s":0.0,"summary":true}
    LATPROBE: /tmp/rwm-ping.txt 313 replies
    CPU: CPUSRV=17.21s CPUCLI=17.87s (srv=decoder cli=sender; whole-invocation incl warmup)
    QDISC cli0: qdisc netem 8c73: root refcnt 7 limit 1000 delay 1ms loss gemodel p 0.05% r 50% 1-h 100% 1-k 0% rate 1Gbit seed 42  Sent 438481409 bytes 349338 pkt (dropped 55, overlimits 0 requeues 0)   backlog 0b 0p requeues 0 
    QDISC cli1: qdisc netem 8c74: root refcnt 7 limit 1000 delay 1ms loss gemodel p 0.05% r 50% 1-h 100% 1-k 0% rate 1Gbit seed 42  Sent 846 bytes 11 pkt (dropped 0, overlimits 0 requeues 0)   backlog 0b 0p requeues 0 
    QDISC srv0: qdisc netem 8c75: root refcnt 7 limit 1000 delay 1ms rate 1Gbit seed 172392506668822093  Sent 31804528 bytes 86233 pkt (dropped 0, overlimits 0 requeues 0)   backlog 0b 0p requeues 0 
    QDISC srv1: qdisc netem 8c76: root refcnt 7 limit 1000 delay 1ms rate 1Gbit seed 15754336216199017234  Sent 936 bytes 12 pkt (dropped 0, overlimits 0 requeues 0)   backlog 0b 0p requeues 0 
    QCAP: /tmp/rwm-q.txt 18 lines
RUNTIME c1-BHU rep=1 18s
FLIPRESULT {"cell": "c1", "arm": "BHU", "seed": 42, "rep": 1, "dnf": false, "dnf_count": 0, "mbps": 203.841, "seconds": 15.698, "n_runs": 1, "cpusrv": 17.21, "cpucli": 17.87, "tt_eng1": 7, "cap_med": 229, "window_med": 73.036, "slack_med": 155.2, "span_med": 0.0, "swratio_med": 2.125, "khr_med": 1.19, "kraw_med": 1.01, "khr_n": 39, "kraw_n": 39, "rtp_med": 2, "occ_p50": 203, "occcap_p50": 229, "q_p50": 7, "q_p99": 20, "diag_lines": 62, "retx": 879, "gates_cli_3t": 1, "gates_srv_3t": 1, "gates_cli_rs": 1, "gates_srv_rs": 1, "gates_cli_ha": 1, "gates_srv_ha": 1, "gates_cli_hk": 1, "gates_srv_hk": 1, "gates_cli_u": 1, "gates_srv_u": 1, "gates_lines_cli": 1, "gates_lines_srv": 1, "active_3t_cli": 1, "active_ha_cli": 1, "active_ha_srv": 1, "active_hk_cli": 1, "active_hk_srv": 1, "active_u_cli": 1, "active_u_srv": 1, "sf_ticks": 2506, "sf_E": 0.6644, "sf_short": 0.3356, "sf_zero": 0.3356, "capboot_n": 59, "capboot_frac": 0.0, "ping_n": 313, "ping_p50": 2.07, "ping_p95": 2.53, "ping_p99": 2.82, "ping_tx": null, "ping_rx": null, "ping_loss": null, "wait_tun": 62, "wait_paused": 37, "wait_pace": 0, "wait_gen": 0, "wait_nack": 0, "wait_defc": 0, "wait_tail": 0, "wait_flush": 0, "wait_lines": 59, "dgq_hand": 336935, "dgq_full": 0, "dgq_gap": 17, "tc_bytes": 438482455, "tc_pkts": 349351, "tc_drop": 55, "tc_s": 18}
LIVENESS c1-BHU rep=1 cli=[RWM_THREE_TERM=1 RWM_PLAIN_RS=1 RWM_HONEST_ANCHOR=1 RWM_HONEST_K=1 RWM_STORE_CAP_UNIFIED=1] srv=[RWM_THREE_TERM=1 RWM_PLAIN_RS=1 RWM_HONEST_ANCHOR=1 RWM_HONEST_K=1 RWM_STORE_CAP_UNIFIED=1] act3=1 actHA=1/1 actHK=1/1 actU=1/1 eng1=7 (expect 3t=1 rs=1 ha=1 hk=1 u=1)
3TLINE c1-BHU rep=1 eng=1 cap=426 window=136.01165673582057 slack=289.0247705636187 span=0.0 rho=1.0 b=2.0
3TLINE c1-BHU rep=1 eng=1 cap=193 window=61.558490177386 slack=130.81179162694522 span=0.0 rho=1.0 b=2.0
=== rep=1 arm=jit25-A seed=42 env="" cell=jit25 bytes=50000000 01:32:12
RUNTIME jit25-A rep=1 8s
    CPU: CPUSRV=3.57s CPUCLI=3.02s (srv=decoder cli=sender; whole-invocation incl warmup)
FLIPRESULT {"cell": "jit25", "arm": "A", "seed": 42, "rep": 1, "dnf": false, "dnf_count": 0, "mbps": 73.074, "seconds": 5.474, "n_runs": 1, "cpusrv": 3.57, "cpucli": 3.02, "tt_eng1": 0, "cap_med": null, "window_med": null, "slack_med": null, "span_med": null, "swratio_med": null, "khr_med": 1.0, "kraw_med": null, "khr_n": 19, "kraw_n": 0, "rtp_med": 68, "occ_p50": 1004, "occcap_p50": 1024, "q_p50": 37, "q_p99": 257, "diag_lines": 22, "retx": 1340, "gates_cli_3t": 0, "gates_srv_3t": 0, "gates_cli_rs": 0, "gates_srv_rs": 0, "gates_cli_ha": 0, "gates_srv_ha": 0, "gates_cli_hk": 0, "gates_srv_hk": 0, "gates_cli_u": 0, "gates_srv_u": 0, "gates_lines_cli": 1, "gates_lines_srv": 1, "active_3t_cli": 0, "active_ha_cli": 0, "active_ha_srv": 0, "active_hk_cli": 0, "active_hk_srv": 0, "active_u_cli": 0, "active_u_srv": 0, "sf_ticks": 680, "sf_E": 0.7868, "sf_short": 0.2132, "sf_zero": 0.2132, "capboot_n": 19, "capboot_frac": 0.0, "ping_n": 0, "ping_p50": null, "ping_p95": null, "ping_p99": null, "ping_tx": null, "ping_rx": null, "ping_loss": null, "wait_tun": 30, "wait_paused": 47, "wait_pace": 0, "wait_gen": 0, "wait_nack": 21, "wait_defc": 0, "wait_tail": 1, "wait_flush": 0, "wait_lines": 19, "dgq_hand": 43904, "dgq_full": 0, "dgq_gap": 0, "tc_bytes": 55526857, "tc_pkts": 46010, "tc_drop": 273, "tc_s": 8}
LIVENESS jit25-A rep=1 cli=[RWM_THREE_TERM=0 RWM_PLAIN_RS=0 RWM_HONEST_ANCHOR=0 RWM_HONEST_K=0 RWM_STORE_CAP_UNIFIED=0] srv=[RWM_THREE_TERM=0 RWM_PLAIN_RS=0 RWM_HONEST_ANCHOR=0 RWM_HONEST_K=0 RWM_STORE_CAP_UNIFIED=0] act3=0 actHA=0/0 actHK=0/0 actU=0/0 eng1=0 (expect 3t=0 rs=0 ha=0 hk=0 u=0)
=== rep=1 arm=jit25-H seed=42 env="RWM_HONEST_ANCHOR=1" cell=jit25 bytes=50000000 01:32:20
RUNTIME jit25-H rep=1 7s
    CPU: CPUSRV=3.50s CPUCLI=2.85s (srv=decoder cli=sender; whole-invocation incl warmup)
FLIPRESULT {"cell": "jit25", "arm": "H", "seed": 42, "rep": 1, "dnf": false, "dnf_count": 0, "mbps": 80.821, "seconds": 4.949, "n_runs": 1, "cpusrv": 3.5, "cpucli": 2.85, "tt_eng1": 0, "cap_med": null, "window_med": null, "slack_med": null, "span_med": null, "swratio_med": null, "khr_med": 1.0, "kraw_med": null, "khr_n": 17, "kraw_n": 0, "rtp_med": 68, "occ_p50": 1019, "occcap_p50": 1024, "q_p50": 33, "q_p99": 39, "diag_lines": 20, "retx": 1474, "gates_cli_3t": 0, "gates_srv_3t": 0, "gates_cli_rs": 0, "gates_srv_rs": 0, "gates_cli_ha": 1, "gates_srv_ha": 1, "gates_cli_hk": 0, "gates_srv_hk": 0, "gates_cli_u": 0, "gates_srv_u": 0, "gates_lines_cli": 1, "gates_lines_srv": 1, "active_3t_cli": 0, "active_ha_cli": 1, "active_ha_srv": 1, "active_hk_cli": 0, "active_hk_srv": 0, "active_u_cli": 0, "active_u_srv": 0, "sf_ticks": 686, "sf_E": 0.9417, "sf_short": 0.0583, "sf_zero": 0.0583, "capboot_n": 17, "capboot_frac": 0.0, "ping_n": 0, "ping_p50": null, "ping_p95": null, "ping_p99": null, "ping_tx": null, "ping_rx": null, "ping_loss": null, "wait_tun": 27, "wait_paused": 50, "wait_pace": 0, "wait_gen": 0, "wait_nack": 20, "wait_defc": 0, "wait_tail": 1, "wait_flush": 0, "wait_lines": 17, "dgq_hand": 44040, "dgq_full": 0, "dgq_gap": 10, "tc_bytes": 55640547, "tc_pkts": 47181, "tc_drop": 265, "tc_s": 7}
LIVENESS jit25-H rep=1 cli=[RWM_THREE_TERM=0 RWM_PLAIN_RS=0 RWM_HONEST_ANCHOR=1 RWM_HONEST_K=0 RWM_STORE_CAP_UNIFIED=0] srv=[RWM_THREE_TERM=0 RWM_PLAIN_RS=0 RWM_HONEST_ANCHOR=1 RWM_HONEST_K=0 RWM_STORE_CAP_UNIFIED=0] act3=0 actHA=1/1 actHK=0/0 actU=0/0 eng1=0 (expect 3t=0 rs=0 ha=1 hk=0 u=0)
=== rep=1 arm=jit25-DH seed=42 env="RWM_PLAIN_RS=1 RWM_HONEST_ANCHOR=1" cell=jit25 bytes=50000000 01:32:27
RUNTIME jit25-DH rep=1 8s
    CPU: CPUSRV=3.65s CPUCLI=3.29s (srv=decoder cli=sender; whole-invocation incl warmup)
FLIPRESULT {"cell": "jit25", "arm": "DH", "seed": 42, "rep": 1, "dnf": false, "dnf_count": 0, "mbps": 66.373, "seconds": 6.027, "n_runs": 1, "cpusrv": 3.65, "cpucli": 3.29, "tt_eng1": 0, "cap_med": null, "window_med": null, "slack_med": null, "span_med": null, "swratio_med": null, "khr_med": 1.71, "kraw_med": null, "khr_n": 17, "kraw_n": 0, "rtp_med": 49, "occ_p50": 1001, "occcap_p50": 1024, "q_p50": 54, "q_p99": 62, "diag_lines": 24, "retx": 2160, "gates_cli_3t": 0, "gates_srv_3t": 0, "gates_cli_rs": 1, "gates_srv_rs": 1, "gates_cli_ha": 1, "gates_srv_ha": 1, "gates_cli_hk": 0, "gates_srv_hk": 0, "gates_cli_u": 0, "gates_srv_u": 0, "gates_lines_cli": 1, "gates_lines_srv": 1, "active_3t_cli": 0, "active_ha_cli": 1, "active_ha_srv": 1, "active_hk_cli": 0, "active_hk_srv": 0, "active_u_cli": 0, "active_u_srv": 0, "sf_ticks": 1028, "sf_E": 0.714, "sf_short": 0.286, "sf_zero": 0.286, "capboot_n": 21, "capboot_frac": 0.1905, "ping_n": 0, "ping_p50": null, "ping_p95": null, "ping_p99": null, "ping_tx": null, "ping_rx": null, "ping_loss": null, "wait_tun": 29, "wait_paused": 45, "wait_pace": 0, "wait_gen": 0, "wait_nack": 23, "wait_defc": 0, "wait_tail": 1, "wait_flush": 0, "wait_lines": 21, "dgq_hand": 44761, "dgq_full": 0, "dgq_gap": 0, "tc_bytes": 56516152, "tc_pkts": 46611, "tc_drop": 278, "tc_s": 8}
LIVENESS jit25-DH rep=1 cli=[RWM_THREE_TERM=0 RWM_PLAIN_RS=1 RWM_HONEST_ANCHOR=1 RWM_HONEST_K=0 RWM_STORE_CAP_UNIFIED=0] srv=[RWM_THREE_TERM=0 RWM_PLAIN_RS=1 RWM_HONEST_ANCHOR=1 RWM_HONEST_K=0 RWM_STORE_CAP_UNIFIED=0] act3=0 actHA=1/1 actHK=0/0 actU=0/0 eng1=0 (expect 3t=0 rs=1 ha=1 hk=0 u=0)
=== rep=1 arm=jit25-DHU seed=42 env="RWM_PLAIN_RS=1 RWM_HONEST_ANCHOR=1 RWM_STORE_CAP_UNIFIED=1" cell=jit25 bytes=50000000 01:32:35
RUNTIME jit25-DHU rep=1 14s
    CPU: CPUSRV=3.75s CPUCLI=3.65s (srv=decoder cli=sender; whole-invocation incl warmup)
FLIPRESULT {"cell": "jit25", "arm": "DHU", "seed": 42, "rep": 1, "dnf": false, "dnf_count": 0, "mbps": 33.078, "seconds": 12.093, "n_runs": 1, "cpusrv": 3.75, "cpucli": 3.65, "tt_eng1": 0, "cap_med": null, "window_med": null, "slack_med": null, "span_med": null, "swratio_med": null, "khr_med": 1.07, "kraw_med": null, "khr_n": 41, "kraw_n": 0, "rtp_med": 70, "occ_p50": 968, "occcap_p50": 988, "q_p50": 165, "q_p99": 285, "diag_lines": 48, "retx": 2222, "gates_cli_3t": 0, "gates_srv_3t": 0, "gates_cli_rs": 1, "gates_srv_rs": 1, "gates_cli_ha": 1, "gates_srv_ha": 1, "gates_cli_hk": 0, "gates_srv_hk": 0, "gates_cli_u": 1, "gates_srv_u": 1, "gates_lines_cli": 1, "gates_lines_srv": 1, "active_3t_cli": 0, "active_ha_cli": 1, "active_ha_srv": 1, "active_hk_cli": 0, "active_hk_srv": 0, "active_u_cli": 1, "active_u_srv": 1, "sf_ticks": 1987, "sf_E": 0.845, "sf_short": 0.155, "sf_zero": 0.155, "capboot_n": 45, "capboot_frac": 0.0, "ping_n": 0, "ping_p50": null, "ping_p95": null, "ping_p99": null, "ping_tx": null, "ping_rx": null, "ping_loss": null, "wait_tun": 14, "wait_paused": 73, "wait_pace": 0, "wait_gen": 0, "wait_nack": 13, "wait_defc": 0, "wait_tail": 1, "wait_flush": 0, "wait_lines": 45, "dgq_hand": 44855, "dgq_full": 0, "dgq_gap": 0, "tc_bytes": 56470394, "tc_pkts": 43719, "tc_drop": 254, "tc_s": 15}
LIVENESS jit25-DHU rep=1 cli=[RWM_THREE_TERM=0 RWM_PLAIN_RS=1 RWM_HONEST_ANCHOR=1 RWM_HONEST_K=0 RWM_STORE_CAP_UNIFIED=1] srv=[RWM_THREE_TERM=0 RWM_PLAIN_RS=1 RWM_HONEST_ANCHOR=1 RWM_HONEST_K=0 RWM_STORE_CAP_UNIFIED=1] act3=0 actHA=1/1 actHK=0/0 actU=1/1 eng1=0 (expect 3t=0 rs=1 ha=1 hk=0 u=1)
=== rep=1 arm=jit25-BH seed=42 env="RWM_THREE_TERM=1 RWM_PLAIN_RS=1 RWM_HONEST_ANCHOR=1 RWM_HONEST_K=1" cell=jit25 bytes=50000000 01:32:50
RUNTIME jit25-BH rep=1 12s
    CPU: CPUSRV=3.83s CPUCLI=3.89s (srv=decoder cli=sender; whole-invocation incl warmup)
FLIPRESULT {"cell": "jit25", "arm": "BH", "seed": 42, "rep": 1, "dnf": false, "dnf_count": 0, "mbps": 37.984, "seconds": 10.531, "n_runs": 1, "cpusrv": 3.83, "cpucli": 3.89, "tt_eng1": 5, "cap_med": 1003, "window_med": 320.945, "slack_med": 682.007, "span_med": 0.0, "swratio_med": 2.125, "khr_med": 1.28, "kraw_med": 1.46, "khr_n": 26, "kraw_n": 26, "rtp_med": 49, "occ_p50": 970, "occcap_p50": 970, "q_p50": 182, "q_p99": 286, "diag_lines": 42, "retx": 3241, "gates_cli_3t": 1, "gates_srv_3t": 1, "gates_cli_rs": 1, "gates_srv_rs": 1, "gates_cli_ha": 1, "gates_srv_ha": 1, "gates_cli_hk": 1, "gates_srv_hk": 1, "gates_cli_u": 0, "gates_srv_u": 0, "gates_lines_cli": 1, "gates_lines_srv": 1, "active_3t_cli": 1, "active_ha_cli": 1, "active_ha_srv": 1, "active_hk_cli": 1, "active_hk_srv": 1, "active_u_cli": 0, "active_u_srv": 0, "sf_ticks": 1676, "sf_E": 0.5459, "sf_short": 0.4541, "sf_zero": 0.4541, "capboot_n": 39, "capboot_frac": 0.1538, "ping_n": 0, "ping_p50": null, "ping_p95": null, "ping_p99": null, "ping_tx": null, "ping_rx": null, "ping_loss": null, "wait_tun": 14, "wait_paused": 66, "wait_pace": 0, "wait_gen": 0, "wait_nack": 15, "wait_defc": 0, "wait_tail": 1, "wait_flush": 0, "wait_lines": 39, "dgq_hand": 45821, "dgq_full": 0, "dgq_gap": 0, "tc_bytes": 57677591, "tc_pkts": 44658, "tc_drop": 265, "tc_s": 12}
LIVENESS jit25-BH rep=1 cli=[RWM_THREE_TERM=1 RWM_PLAIN_RS=1 RWM_HONEST_ANCHOR=1 RWM_HONEST_K=1 RWM_STORE_CAP_UNIFIED=0] srv=[RWM_THREE_TERM=1 RWM_PLAIN_RS=1 RWM_HONEST_ANCHOR=1 RWM_HONEST_K=1 RWM_STORE_CAP_UNIFIED=0] act3=1 actHA=1/1 actHK=1/1 actU=0/0 eng1=5 (expect 3t=1 rs=1 ha=1 hk=1 u=0)
3TLINE jit25-BH rep=1 eng=1 cap=64 window=14.863234036232083 slack=31.584372326993172 span=0.0 rho=1.0 b=2.0
3TLINE jit25-BH rep=1 eng=1 cap=2046 window=654.6327136054911 slack=1391.0945164116683 span=0.0 rho=1.0 b=2.0
=== rep=1 arm=jit25-BHU seed=42 env="RWM_THREE_TERM=1 RWM_PLAIN_RS=1 RWM_HONEST_ANCHOR=1 RWM_HONEST_K=1 RWM_STORE_CAP_UNIFIED=1" cell=jit25 bytes=50000000 01:33:02
RUNTIME jit25-BHU rep=1 12s
    CPU: CPUSRV=3.83s CPUCLI=3.75s (srv=decoder cli=sender; whole-invocation incl warmup)
FLIPRESULT {"cell": "jit25", "arm": "BHU", "seed": 42, "rep": 1, "dnf": false, "dnf_count": 0, "mbps": 43.031, "seconds": 9.296, "n_runs": 1, "cpusrv": 3.83, "cpucli": 3.75, "tt_eng1": 4, "cap_med": 1324, "window_med": 423.425, "slack_med": 899.779, "span_med": 0.0, "swratio_med": 2.125, "khr_med": 1.01, "kraw_med": 1.0, "khr_n": 29, "kraw_n": 29, "rtp_med": 74, "occ_p50": 1198, "occcap_p50": 1200, "q_p50": 158, "q_p99": 209, "diag_lines": 37, "retx": 2080, "gates_cli_3t": 1, "gates_srv_3t": 1, "gates_cli_rs": 1, "gates_srv_rs": 1, "gates_cli_ha": 1, "gates_srv_ha": 1, "gates_cli_hk": 1, "gates_srv_hk": 1, "gates_cli_u": 1, "gates_srv_u": 1, "gates_lines_cli": 1, "gates_lines_srv": 1, "active_3t_cli": 1, "active_ha_cli": 1, "active_ha_srv": 1, "active_hk_cli": 1, "active_hk_srv": 1, "active_u_cli": 1, "active_u_srv": 1, "sf_ticks": 1351, "sf_E": 0.7513, "sf_short": 0.2487, "sf_zero": 0.2487, "capboot_n": 34, "capboot_frac": 0.0, "ping_n": 0, "ping_p50": null, "ping_p95": null, "ping_p99": null, "ping_tx": null, "ping_rx": null, "ping_loss": null, "wait_tun": 19, "wait_paused": 64, "wait_pace": 0, "wait_gen": 0, "wait_nack": 16, "wait_defc": 0, "wait_tail": 1, "wait_flush": 0, "wait_lines": 34, "dgq_hand": 44667, "dgq_full": 0, "dgq_gap": 19, "tc_bytes": 56347176, "tc_pkts": 43616, "tc_drop": 265, "tc_s": 12}
LIVENESS jit25-BHU rep=1 cli=[RWM_THREE_TERM=1 RWM_PLAIN_RS=1 RWM_HONEST_ANCHOR=1 RWM_HONEST_K=1 RWM_STORE_CAP_UNIFIED=1] srv=[RWM_THREE_TERM=1 RWM_PLAIN_RS=1 RWM_HONEST_ANCHOR=1 RWM_HONEST_K=1 RWM_STORE_CAP_UNIFIED=1] act3=1 actHA=1/1 actHK=1/1 actU=1/1 eng1=4 (expect 3t=1 rs=1 ha=1 hk=1 u=1)
3TLINE jit25-BHU rep=1 eng=1 cap=743 window=237.48459369278024 slack=504.65476159715803 span=0.0 rho=1.0 b=2.0
3TLINE jit25-BHU rep=1 eng=1 cap=1408 window=450.5148350262199 slack=957.3440244307174 span=0.0 rho=1.0 b=2.0
=== ARMCOUNTS 2026-08-11T01:33:14Z
ARMCOUNT c1-A n=1/1
ARMCOUNT c1-H n=1/1
ARMCOUNT c1-DH n=1/1
ARMCOUNT c1-DHU n=1/1
ARMCOUNT c1-BH n=1/1
ARMCOUNT c1-BHU n=1/1
ARMCOUNT jit25-A n=1/1
ARMCOUNT jit25-H n=1/1
ARMCOUNT jit25-DH n=1/1
ARMCOUNT jit25-DHU n=1/1
ARMCOUNT jit25-BH n=1/1
ARMCOUNT jit25-BHU n=1/1
FLIP-BATTERY-DONE seed=42 2026-08-11T01:33:14Z
