=== HI BATTERY seed=42 reps=1 cells='c1 jit25' arms='A D DH B BH' 2026-08-10T17:53:39Z
=== binary sha256 ba86d0e088d666a43c833df04f7bb504b35ef65af187cf646a3a9e4390603f8b
=== source e20e0ee
=== kernel 7.0.14-101.fc43.x86_64
=== uptime/load  19:53:39 up  4:13,  7 users,  load average: 0.83, 0.99, 0.69
Model name:                              Intel(R) Xeon(R) CPU E5-2650 v3 @ 2.30GHz
aes avx2 pclmulqdq 
=== rep=1 arm=c1-A seed=42 env="" cell=c1/c1/single bytes=400000000 17:53:39
[2m2026-08-10T17:53:41.524979Z[0m [32m INFO[0m [2mraptorpath::gates[0m[2m:[0m [GATES] RWM_UNIFIED=1 RWM_UNIFIED_SHED=1 RWM_TAPER_R=1 RWM_ASTAR_ANCHOR=1 RWM_MSTAR_ANCHOR=1 RWM_PLAIN_RS=0 RWM_HONEST_ANCHOR=0 RWM_HONEST_K=0 RWM_STORE_SACK_RELEASE=1 RWM_STORE_PATHS=1 RWM_STORE_PATH_POOL=2048 RWM_STORE=unset RWM_STORE_GAIN=2 RWM_STORE_BOOT=128 RWM_STORE_CAPW=0 RWM_STORE_CAP_UNIFIED=0 RWM_THREE_TERM=0 RWM_STORE_PERCAP=0 RWM_PERCAP_GUARD=1 RWM_STORE_BORROW=0 RWM_HONEST_CAP=1 RWM_POOL_ANCHOR=0 RWM_POOL_DELIV=0 RWM_FLOOR_BOUND=0 RWM_ACK_MERGE=1 RWM_PATIENCE_DERIVED=0 RWM_SIDLE_DERIVED=0 RWM_WIN_DECOUPLE=0 RWM_PLACE_SLACK=0 RWM_GEN=384 RWM_PIPELINE=2 RWM_GEN_PIPE=1 RWM_GEN_R=unset RWM_GEN_RATE=9000 RWM_GEN_RATE_FLOOR=2000 RWM_GEN_INFLIGHT=unset RWM_OOO_RETAIN=0/16 RWM_WINDOW=unset RWM_REPORT_GENS=unset RWM_REPAIR_WAIT=unset RWM_CODED_SRC=0 RWM_NO_REACTIVE=0 RWM_XPATH_REPAIR=0 RWM_PROACTIVE_PACER=0 RWM_REASM_BDP=0 RWM_MIN_R=0 RWM_CC_PACE=0 RWM_CC_PACE_HR=1.1 RWM_REACT_CAP=unset RWM_INFL_CAP=0 RWM_INFL_BDP=unset RWM_COPA_FEED=0 RWM_RS_ATTR=1 RWM_EMIT_BATCH=0 RWM_EMIT_BURST=64 RWM_RECOV_MP=1 RWM_RECOV_MP_LAW=1 RWM_RECOV_MP_LIVE=0 RWM_RECOV_SP=0 RWM_DIAG=1 RWM_RDIAG=0 RWM_FDIAG=0 RWM_TRACE=0 RWM_PFRAC=0
{"bytes":400000000,"dnf":0,"hint":"bulk","max_s":13.8494,"mean_mbps":231.056,"mean_s":13.8494,"median_s":13.8494,"min_s":13.8494,"proto":"rp-native","runs":1,"stdev_s":0.0,"summary":true}
    LATPROBE: /tmp/rwm-ping.txt 276 replies
    CPU: CPUSRV=15.23s CPUCLI=15.21s (srv=decoder cli=sender; whole-invocation incl warmup)
    QDISC cli0: qdisc netem 85b1: root refcnt 7 limit 1000 delay 1ms loss gemodel p 0.05% r 50% 1-h 100% 1-k 0% rate 1Gbit seed 42  Sent 438336855 bytes 346917 pkt (dropped 52, overlimits 0 requeues 0)   backlog 0b 0p requeues 0 
    QDISC cli1: qdisc netem 85b2: root refcnt 7 limit 1000 delay 1ms loss gemodel p 0.05% r 50% 1-h 100% 1-k 0% rate 1Gbit seed 42  Sent 846 bytes 11 pkt (dropped 0, overlimits 0 requeues 0)   backlog 0b 0p requeues 0 
    QDISC srv0: qdisc netem 85b3: root refcnt 7 limit 1000 delay 1ms rate 1Gbit seed 4181750411886821461  Sent 31624010 bytes 86220 pkt (dropped 0, overlimits 0 requeues 0)   backlog 0b 0p requeues 0 
    QDISC srv1: qdisc netem 85b4: root refcnt 7 limit 1000 delay 1ms rate 1Gbit seed 15409955739116517392  Sent 936 bytes 12 pkt (dropped 0, overlimits 0 requeues 0)   backlog 0b 0p requeues 0 
    QCAP: /tmp/rwm-q.txt 18 lines
RUNTIME c1-A rep=1 16s
HIRESULT {"cell": "c1", "arm": "A", "seed": 42, "rep": 1, "dnf": false, "dnf_count": 0, "mbps": 231.056, "seconds": 13.849, "n_runs": 1, "cpusrv": 15.23, "cpucli": 15.21, "tt_eng1": 0, "cap_med": null, "window_med": null, "slack_med": null, "span_med": null, "khr_med": 1.0, "kraw_med": null, "khr_n": 37, "kraw_n": 0, "occ_p50": 250, "occcap_p50": 557, "q_p50": 7, "q_p99": 22, "diag_lines": 55, "retx": 757, "gates_cli_3t": 0, "gates_srv_3t": 0, "gates_cli_rs": 0, "gates_srv_rs": 0, "gates_cli_ha": 0, "gates_srv_ha": 0, "gates_cli_hk": 0, "gates_srv_hk": 0, "gates_lines_cli": 1, "gates_lines_srv": 1, "active_3t_cli": 0, "active_ha_cli": 0, "active_ha_srv": 0, "active_hk_cli": 0, "active_hk_srv": 0, "ping_n": 276, "ping_p50": 2.06, "ping_p95": 2.59, "ping_p99": 2.79, "ping_tx": null, "ping_rx": null, "ping_loss": null, "wait_tun": 69, "wait_paused": 31, "wait_pace": 0, "wait_gen": 0, "wait_nack": 0, "wait_defc": 0, "wait_tail": 0, "wait_flush": 0, "wait_lines": 52, "dgq_hand": 338403, "dgq_full": 0, "dgq_gap": 1, "tc_bytes": 438337801, "tc_pkts": 346929, "tc_drop": 52, "tc_s": 16}
LIVENESS c1-A rep=1 cli=[RWM_THREE_TERM=0 RWM_PLAIN_RS=0 RWM_HONEST_ANCHOR=0 RWM_HONEST_K=0] srv=[RWM_THREE_TERM=0 RWM_PLAIN_RS=0 RWM_HONEST_ANCHOR=0 RWM_HONEST_K=0] act3=0 actHA=0/0 actHK=0/0 eng1=0 (expect 3t=0 rs=0 ha=0 hk=0)
=== rep=1 arm=c1-D seed=42 env="RWM_PLAIN_RS=1" cell=c1/c1/single bytes=400000000 17:53:55
[2m2026-08-10T17:53:57.607749Z[0m [32m INFO[0m [2mraptorpath::gates[0m[2m:[0m [GATES] RWM_UNIFIED=1 RWM_UNIFIED_SHED=1 RWM_TAPER_R=1 RWM_ASTAR_ANCHOR=1 RWM_MSTAR_ANCHOR=1 RWM_PLAIN_RS=1 RWM_HONEST_ANCHOR=0 RWM_HONEST_K=0 RWM_STORE_SACK_RELEASE=1 RWM_STORE_PATHS=1 RWM_STORE_PATH_POOL=2048 RWM_STORE=unset RWM_STORE_GAIN=2 RWM_STORE_BOOT=128 RWM_STORE_CAPW=0 RWM_STORE_CAP_UNIFIED=0 RWM_THREE_TERM=0 RWM_STORE_PERCAP=0 RWM_PERCAP_GUARD=1 RWM_STORE_BORROW=0 RWM_HONEST_CAP=1 RWM_POOL_ANCHOR=0 RWM_POOL_DELIV=0 RWM_FLOOR_BOUND=0 RWM_ACK_MERGE=1 RWM_PATIENCE_DERIVED=0 RWM_SIDLE_DERIVED=0 RWM_WIN_DECOUPLE=0 RWM_PLACE_SLACK=0 RWM_GEN=384 RWM_PIPELINE=2 RWM_GEN_PIPE=1 RWM_GEN_R=unset RWM_GEN_RATE=9000 RWM_GEN_RATE_FLOOR=2000 RWM_GEN_INFLIGHT=unset RWM_OOO_RETAIN=0/16 RWM_WINDOW=unset RWM_REPORT_GENS=unset RWM_REPAIR_WAIT=unset RWM_CODED_SRC=0 RWM_NO_REACTIVE=0 RWM_XPATH_REPAIR=0 RWM_PROACTIVE_PACER=0 RWM_REASM_BDP=0 RWM_MIN_R=0 RWM_CC_PACE=0 RWM_CC_PACE_HR=1.1 RWM_REACT_CAP=unset RWM_INFL_CAP=0 RWM_INFL_BDP=unset RWM_COPA_FEED=0 RWM_RS_ATTR=1 RWM_EMIT_BATCH=0 RWM_EMIT_BURST=64 RWM_RECOV_MP=1 RWM_RECOV_MP_LAW=1 RWM_RECOV_MP_LIVE=0 RWM_RECOV_SP=0 RWM_DIAG=1 RWM_RDIAG=0 RWM_FDIAG=0 RWM_TRACE=0 RWM_PFRAC=0
{"bytes":400000000,"dnf":0,"hint":"bulk","max_s":21.3753,"mean_mbps":149.706,"mean_s":21.3753,"median_s":21.3753,"min_s":21.3753,"proto":"rp-native","runs":1,"stdev_s":0.0,"summary":true}
    LATPROBE: /tmp/rwm-ping.txt 426 replies
    CPU: CPUSRV=17.05s CPUCLI=24.13s (srv=decoder cli=sender; whole-invocation incl warmup)
    QDISC cli0: qdisc netem 85b5: root refcnt 7 limit 1000 delay 1ms loss gemodel p 0.05% r 50% 1-h 100% 1-k 0% rate 1Gbit seed 42  Sent 439409630 bytes 364722 pkt (dropped 71, overlimits 0 requeues 0)   backlog 0b 0p requeues 0 
    QDISC cli1: qdisc netem 85b6: root refcnt 7 limit 1000 delay 1ms loss gemodel p 0.05% r 50% 1-h 100% 1-k 0% rate 1Gbit seed 42  Sent 846 bytes 11 pkt (dropped 0, overlimits 0 requeues 0)   backlog 0b 0p requeues 0 
    QDISC srv0: qdisc netem 85b7: root refcnt 7 limit 1000 delay 1ms rate 1Gbit seed 17723508881286093114  Sent 34284190 bytes 113612 pkt (dropped 0, overlimits 0 requeues 0)   backlog 144b 2p requeues 0 
    QDISC srv1: qdisc netem 85b8: root refcnt 7 limit 1000 delay 1ms rate 1Gbit seed 4887990708225782468  Sent 936 bytes 12 pkt (dropped 0, overlimits 0 requeues 0)   backlog 0b 0p requeues 0 
    QCAP: /tmp/rwm-q.txt 18 lines
RUNTIME c1-D rep=1 24s
HIRESULT {"cell": "c1", "arm": "D", "seed": 42, "rep": 1, "dnf": false, "dnf_count": 0, "mbps": 149.706, "seconds": 21.375, "n_runs": 1, "cpusrv": 17.05, "cpucli": 24.13, "tt_eng1": 0, "cap_med": null, "window_med": null, "slack_med": null, "span_med": null, "khr_med": 2.22, "kraw_med": null, "khr_n": 47, "kraw_n": 0, "occ_p50": 157, "occcap_p50": 1024, "q_p50": 12, "q_p99": 21, "diag_lines": 85, "retx": 557, "gates_cli_3t": 0, "gates_srv_3t": 0, "gates_cli_rs": 1, "gates_srv_rs": 1, "gates_cli_ha": 0, "gates_srv_ha": 0, "gates_cli_hk": 0, "gates_srv_hk": 0, "gates_lines_cli": 1, "gates_lines_srv": 1, "active_3t_cli": 0, "active_ha_cli": 0, "active_ha_srv": 0, "active_hk_cli": 0, "active_hk_srv": 0, "ping_n": 426, "ping_p50": 2.06, "ping_p95": 2.49, "ping_p99": 2.85, "ping_tx": null, "ping_rx": null, "ping_loss": null, "wait_tun": 56, "wait_paused": 42, "wait_pace": 0, "wait_gen": 0, "wait_nack": 0, "wait_defc": 0, "wait_tail": 0, "wait_flush": 0, "wait_lines": 82, "dgq_hand": 340038, "dgq_full": 0, "dgq_gap": 4, "tc_bytes": 439410576, "tc_pkts": 364734, "tc_drop": 71, "tc_s": 24}
LIVENESS c1-D rep=1 cli=[RWM_THREE_TERM=0 RWM_PLAIN_RS=1 RWM_HONEST_ANCHOR=0 RWM_HONEST_K=0] srv=[RWM_THREE_TERM=0 RWM_PLAIN_RS=1 RWM_HONEST_ANCHOR=0 RWM_HONEST_K=0] act3=0 actHA=0/0 actHK=0/0 eng1=0 (expect 3t=0 rs=1 ha=0 hk=0)
=== rep=1 arm=c1-DH seed=42 env="RWM_PLAIN_RS=1 RWM_HONEST_ANCHOR=1" cell=c1/c1/single bytes=400000000 17:54:19
[2m2026-08-10T17:54:21.259203Z[0m [32m INFO[0m [2mraptorpath::gates[0m[2m:[0m [GATES] RWM_UNIFIED=1 RWM_UNIFIED_SHED=1 RWM_TAPER_R=1 RWM_ASTAR_ANCHOR=1 RWM_MSTAR_ANCHOR=1 RWM_PLAIN_RS=1 RWM_HONEST_ANCHOR=1 RWM_HONEST_K=0 RWM_STORE_SACK_RELEASE=1 RWM_STORE_PATHS=1 RWM_STORE_PATH_POOL=2048 RWM_STORE=unset RWM_STORE_GAIN=2 RWM_STORE_BOOT=128 RWM_STORE_CAPW=0 RWM_STORE_CAP_UNIFIED=0 RWM_THREE_TERM=0 RWM_STORE_PERCAP=0 RWM_PERCAP_GUARD=1 RWM_STORE_BORROW=0 RWM_HONEST_CAP=1 RWM_POOL_ANCHOR=0 RWM_POOL_DELIV=0 RWM_FLOOR_BOUND=0 RWM_ACK_MERGE=1 RWM_PATIENCE_DERIVED=0 RWM_SIDLE_DERIVED=0 RWM_WIN_DECOUPLE=0 RWM_PLACE_SLACK=0 RWM_GEN=384 RWM_PIPELINE=2 RWM_GEN_PIPE=1 RWM_GEN_R=unset RWM_GEN_RATE=9000 RWM_GEN_RATE_FLOOR=2000 RWM_GEN_INFLIGHT=unset RWM_OOO_RETAIN=0/16 RWM_WINDOW=unset RWM_REPORT_GENS=unset RWM_REPAIR_WAIT=unset RWM_CODED_SRC=0 RWM_NO_REACTIVE=0 RWM_XPATH_REPAIR=0 RWM_PROACTIVE_PACER=0 RWM_REASM_BDP=0 RWM_MIN_R=0 RWM_CC_PACE=0 RWM_CC_PACE_HR=1.1 RWM_REACT_CAP=unset RWM_INFL_CAP=0 RWM_INFL_BDP=unset RWM_COPA_FEED=0 RWM_RS_ATTR=1 RWM_EMIT_BATCH=0 RWM_EMIT_BURST=64 RWM_RECOV_MP=1 RWM_RECOV_MP_LAW=1 RWM_RECOV_MP_LIVE=0 RWM_RECOV_SP=0 RWM_DIAG=1 RWM_RDIAG=0 RWM_FDIAG=0 RWM_TRACE=0 RWM_PFRAC=0
{"bytes":400000000,"dnf":0,"hint":"bulk","max_s":16.0206,"mean_mbps":199.743,"mean_s":16.0206,"median_s":16.0206,"min_s":16.0206,"proto":"rp-native","runs":1,"stdev_s":0.0,"summary":true}
    LATPROBE: /tmp/rwm-ping.txt 319 replies
    CPU: CPUSRV=16.06s CPUCLI=15.25s (srv=decoder cli=sender; whole-invocation incl warmup)
    QDISC cli0: qdisc netem 85b9: root refcnt 7 limit 1000 delay 1ms loss gemodel p 0.05% r 50% 1-h 100% 1-k 0% rate 1Gbit seed 42  Sent 439378693 bytes 361500 pkt (dropped 69, overlimits 0 requeues 0)   backlog 0b 0p requeues 0 
    QDISC cli1: qdisc netem 85ba: root refcnt 7 limit 1000 delay 1ms loss gemodel p 0.05% r 50% 1-h 100% 1-k 0% rate 1Gbit seed 42  Sent 846 bytes 11 pkt (dropped 0, overlimits 0 requeues 0)   backlog 0b 0p requeues 0 
    QDISC srv0: qdisc netem 85bb: root refcnt 7 limit 1000 delay 1ms rate 1Gbit seed 393669085103882580  Sent 33013621 bytes 102456 pkt (dropped 0, overlimits 0 requeues 0)   backlog 0b 0p requeues 0 
    QDISC srv1: qdisc netem 85bc: root refcnt 7 limit 1000 delay 1ms rate 1Gbit seed 12655425881053622684  Sent 936 bytes 12 pkt (dropped 0, overlimits 0 requeues 0)   backlog 0b 0p requeues 0 
    QCAP: /tmp/rwm-q.txt 18 lines
RUNTIME c1-DH rep=1 18s
HIRESULT {"cell": "c1", "arm": "DH", "seed": 42, "rep": 1, "dnf": false, "dnf_count": 0, "mbps": 199.743, "seconds": 16.021, "n_runs": 1, "cpusrv": 16.06, "cpucli": 15.25, "tt_eng1": 0, "cap_med": null, "window_med": null, "slack_med": null, "span_med": null, "khr_med": 1.69, "kraw_med": null, "khr_n": 32, "kraw_n": 0, "occ_p50": 189, "occcap_p50": 1024, "q_p50": 7, "q_p99": 21, "diag_lines": 63, "retx": 780, "gates_cli_3t": 0, "gates_srv_3t": 0, "gates_cli_rs": 1, "gates_srv_rs": 1, "gates_cli_ha": 1, "gates_srv_ha": 1, "gates_cli_hk": 0, "gates_srv_hk": 0, "gates_lines_cli": 1, "gates_lines_srv": 1, "active_3t_cli": 0, "active_ha_cli": 1, "active_ha_srv": 1, "active_hk_cli": 0, "active_hk_srv": 0, "ping_n": 319, "ping_p50": 2.06, "ping_p95": 2.59, "ping_p99": 2.78, "ping_tx": null, "ping_rx": null, "ping_loss": null, "wait_tun": 50, "wait_paused": 49, "wait_pace": 0, "wait_gen": 0, "wait_nack": 0, "wait_defc": 0, "wait_tail": 0, "wait_flush": 0, "wait_lines": 60, "dgq_hand": 329577, "dgq_full": 0, "dgq_gap": 0, "tc_bytes": 439379539, "tc_pkts": 361511, "tc_drop": 69, "tc_s": 18}
LIVENESS c1-DH rep=1 cli=[RWM_THREE_TERM=0 RWM_PLAIN_RS=1 RWM_HONEST_ANCHOR=1 RWM_HONEST_K=0] srv=[RWM_THREE_TERM=0 RWM_PLAIN_RS=1 RWM_HONEST_ANCHOR=1 RWM_HONEST_K=0] act3=0 actHA=1/1 actHK=0/0 eng1=0 (expect 3t=0 rs=1 ha=1 hk=0)
=== rep=1 arm=c1-B seed=42 env="RWM_THREE_TERM=1 RWM_PLAIN_RS=1" cell=c1/c1/single bytes=400000000 17:54:37
[2m2026-08-10T17:54:39.486822Z[0m [32m INFO[0m [2mraptorpath::gates[0m[2m:[0m [GATES] RWM_UNIFIED=1 RWM_UNIFIED_SHED=1 RWM_TAPER_R=1 RWM_ASTAR_ANCHOR=1 RWM_MSTAR_ANCHOR=1 RWM_PLAIN_RS=1 RWM_HONEST_ANCHOR=0 RWM_HONEST_K=0 RWM_STORE_SACK_RELEASE=1 RWM_STORE_PATHS=1 RWM_STORE_PATH_POOL=2048 RWM_STORE=unset RWM_STORE_GAIN=2 RWM_STORE_BOOT=128 RWM_STORE_CAPW=0 RWM_STORE_CAP_UNIFIED=0 RWM_THREE_TERM=1 RWM_STORE_PERCAP=0 RWM_PERCAP_GUARD=1 RWM_STORE_BORROW=0 RWM_HONEST_CAP=1 RWM_POOL_ANCHOR=0 RWM_POOL_DELIV=0 RWM_FLOOR_BOUND=0 RWM_ACK_MERGE=1 RWM_PATIENCE_DERIVED=0 RWM_SIDLE_DERIVED=0 RWM_WIN_DECOUPLE=0 RWM_PLACE_SLACK=0 RWM_GEN=384 RWM_PIPELINE=2 RWM_GEN_PIPE=1 RWM_GEN_R=unset RWM_GEN_RATE=9000 RWM_GEN_RATE_FLOOR=2000 RWM_GEN_INFLIGHT=unset RWM_OOO_RETAIN=0/16 RWM_WINDOW=unset RWM_REPORT_GENS=unset RWM_REPAIR_WAIT=unset RWM_CODED_SRC=0 RWM_NO_REACTIVE=0 RWM_XPATH_REPAIR=0 RWM_PROACTIVE_PACER=0 RWM_REASM_BDP=0 RWM_MIN_R=0 RWM_CC_PACE=0 RWM_CC_PACE_HR=1.1 RWM_REACT_CAP=unset RWM_INFL_CAP=0 RWM_INFL_BDP=unset RWM_COPA_FEED=0 RWM_RS_ATTR=1 RWM_EMIT_BATCH=0 RWM_EMIT_BURST=64 RWM_RECOV_MP=1 RWM_RECOV_MP_LAW=1 RWM_RECOV_MP_LIVE=0 RWM_RECOV_SP=0 RWM_DIAG=1 RWM_RDIAG=0 RWM_FDIAG=0 RWM_TRACE=0 RWM_PFRAC=0
{"bytes":400000000,"dnf":0,"hint":"bulk","max_s":20.8398,"mean_mbps":153.552,"mean_s":20.8398,"median_s":20.8398,"min_s":20.8398,"proto":"rp-native","runs":1,"stdev_s":0.0,"summary":true}
    LATPROBE: /tmp/rwm-ping.txt 414 replies
    CPU: CPUSRV=19.76s CPUCLI=27.10s (srv=decoder cli=sender; whole-invocation incl warmup)
    QDISC cli0: qdisc netem 85bd: root refcnt 7 limit 1000 delay 1ms loss gemodel p 0.05% r 50% 1-h 100% 1-k 0% rate 1Gbit seed 42  Sent 438975363 bytes 349134 pkt (dropped 54, overlimits 0 requeues 0)   backlog 0b 0p requeues 0 
    QDISC cli1: qdisc netem 85be: root refcnt 7 limit 1000 delay 1ms loss gemodel p 0.05% r 50% 1-h 100% 1-k 0% rate 1Gbit seed 42  Sent 846 bytes 11 pkt (dropped 0, overlimits 0 requeues 0)   backlog 0b 0p requeues 0 
    QDISC srv0: qdisc netem 85bf: root refcnt 7 limit 1000 delay 1ms rate 1Gbit seed 7300520953845526728  Sent 37275040 bytes 159196 pkt (dropped 0, overlimits 0 requeues 0)   backlog 0b 0p requeues 0 
    QDISC srv1: qdisc netem 85c0: root refcnt 7 limit 1000 delay 1ms rate 1Gbit seed 7421200255031298888  Sent 936 bytes 12 pkt (dropped 0, overlimits 0 requeues 0)   backlog 0b 0p requeues 0 
    QCAP: /tmp/rwm-q.txt 18 lines
RUNTIME c1-B rep=1 23s
HIRESULT {"cell": "c1", "arm": "B", "seed": 42, "rep": 1, "dnf": false, "dnf_count": 0, "mbps": 153.552, "seconds": 20.84, "n_runs": 1, "cpusrv": 19.76, "cpucli": 27.1, "tt_eng1": 10, "cap_med": 462, "window_med": 147.735, "slack_med": 313.938, "span_med": 0.0, "khr_med": 1.4, "kraw_med": null, "khr_n": 70, "kraw_n": 0, "occ_p50": 178, "occcap_p50": 457, "q_p50": 8, "q_p99": 17, "diag_lines": 83, "retx": 1203, "gates_cli_3t": 1, "gates_srv_3t": 1, "gates_cli_rs": 1, "gates_srv_rs": 1, "gates_cli_ha": 0, "gates_srv_ha": 0, "gates_cli_hk": 0, "gates_srv_hk": 0, "gates_lines_cli": 1, "gates_lines_srv": 1, "active_3t_cli": 1, "active_ha_cli": 0, "active_ha_srv": 0, "active_hk_cli": 0, "active_hk_srv": 0, "ping_n": 414, "ping_p50": 2.06, "ping_p95": 2.57, "ping_p99": 2.87, "ping_tx": null, "ping_rx": null, "ping_loss": null, "wait_tun": 99, "wait_paused": 0, "wait_pace": 0, "wait_gen": 0, "wait_nack": 0, "wait_defc": 0, "wait_tail": 0, "wait_flush": 0, "wait_lines": 80, "dgq_hand": 341058, "dgq_full": 0, "dgq_gap": 1, "tc_bytes": 438976209, "tc_pkts": 349145, "tc_drop": 54, "tc_s": 23}
LIVENESS c1-B rep=1 cli=[RWM_THREE_TERM=1 RWM_PLAIN_RS=1 RWM_HONEST_ANCHOR=0 RWM_HONEST_K=0] srv=[RWM_THREE_TERM=1 RWM_PLAIN_RS=1 RWM_HONEST_ANCHOR=0 RWM_HONEST_K=0] act3=1 actHA=0/0 actHK=0/0 eng1=10 (expect 3t=1 rs=1 ha=0 hk=0)
3TLINE c1-B rep=1 eng=1 cap=462 window=147.73534055747393 slack=313.9375986846321 span=0.0 rho=1.0 b=2.0
3TLINE c1-B rep=1 eng=1 cap=539 window=172.44150110892122 slack=366.4381898564576 span=0.0 rho=1.0 b=2.0
=== rep=1 arm=c1-BH seed=42 env="RWM_THREE_TERM=1 RWM_PLAIN_RS=1 RWM_HONEST_ANCHOR=1 RWM_HONEST_K=1" cell=c1/c1/single bytes=400000000 17:55:00
[2m2026-08-10T17:55:02.232301Z[0m [32m INFO[0m [2mraptorpath::gates[0m[2m:[0m [GATES] RWM_UNIFIED=1 RWM_UNIFIED_SHED=1 RWM_TAPER_R=1 RWM_ASTAR_ANCHOR=1 RWM_MSTAR_ANCHOR=1 RWM_PLAIN_RS=1 RWM_HONEST_ANCHOR=1 RWM_HONEST_K=1 RWM_STORE_SACK_RELEASE=1 RWM_STORE_PATHS=1 RWM_STORE_PATH_POOL=2048 RWM_STORE=unset RWM_STORE_GAIN=2 RWM_STORE_BOOT=128 RWM_STORE_CAPW=0 RWM_STORE_CAP_UNIFIED=0 RWM_THREE_TERM=1 RWM_STORE_PERCAP=0 RWM_PERCAP_GUARD=1 RWM_STORE_BORROW=0 RWM_HONEST_CAP=1 RWM_POOL_ANCHOR=0 RWM_POOL_DELIV=0 RWM_FLOOR_BOUND=0 RWM_ACK_MERGE=1 RWM_PATIENCE_DERIVED=0 RWM_SIDLE_DERIVED=0 RWM_WIN_DECOUPLE=0 RWM_PLACE_SLACK=0 RWM_GEN=384 RWM_PIPELINE=2 RWM_GEN_PIPE=1 RWM_GEN_R=unset RWM_GEN_RATE=9000 RWM_GEN_RATE_FLOOR=2000 RWM_GEN_INFLIGHT=unset RWM_OOO_RETAIN=0/16 RWM_WINDOW=unset RWM_REPORT_GENS=unset RWM_REPAIR_WAIT=unset RWM_CODED_SRC=0 RWM_NO_REACTIVE=0 RWM_XPATH_REPAIR=0 RWM_PROACTIVE_PACER=0 RWM_REASM_BDP=0 RWM_MIN_R=0 RWM_CC_PACE=0 RWM_CC_PACE_HR=1.1 RWM_REACT_CAP=unset RWM_INFL_CAP=0 RWM_INFL_BDP=unset RWM_COPA_FEED=0 RWM_RS_ATTR=1 RWM_EMIT_BATCH=0 RWM_EMIT_BURST=64 RWM_RECOV_MP=1 RWM_RECOV_MP_LAW=1 RWM_RECOV_MP_LIVE=0 RWM_RECOV_SP=0 RWM_DIAG=1 RWM_RDIAG=0 RWM_FDIAG=0 RWM_TRACE=0 RWM_PFRAC=0
{"bytes":400000000,"dnf":0,"hint":"bulk","max_s":11.2473,"mean_mbps":284.512,"mean_s":11.2473,"median_s":11.2473,"min_s":11.2473,"proto":"rp-native","runs":1,"stdev_s":0.0,"summary":true}
    LATPROBE: /tmp/rwm-ping.txt 224 replies
    CPU: CPUSRV=13.49s CPUCLI=14.64s (srv=decoder cli=sender; whole-invocation incl warmup)
    QDISC cli0: qdisc netem 85c1: root refcnt 7 limit 1000 delay 1ms loss gemodel p 0.05% r 50% 1-h 100% 1-k 0% rate 1Gbit seed 42  Sent 438161465 bytes 342242 pkt (dropped 49, overlimits 0 requeues 0)   backlog 0b 0p requeues 0 
    QDISC cli1: qdisc netem 85c2: root refcnt 7 limit 1000 delay 1ms loss gemodel p 0.05% r 50% 1-h 100% 1-k 0% rate 1Gbit seed 42  Sent 776 bytes 10 pkt (dropped 0, overlimits 0 requeues 0)   backlog 0b 0p requeues 0 
    QDISC srv0: qdisc netem 85c3: root refcnt 7 limit 1000 delay 1ms rate 1Gbit seed 6551179010846231111  Sent 29890453 bytes 65629 pkt (dropped 0, overlimits 0 requeues 0)   backlog 0b 0p requeues 0 
    QDISC srv1: qdisc netem 85c4: root refcnt 7 limit 1000 delay 1ms rate 1Gbit seed 7333568953215700540  Sent 866 bytes 11 pkt (dropped 0, overlimits 0 requeues 0)   backlog 0b 0p requeues 0 
    QCAP: /tmp/rwm-q.txt 18 lines
RUNTIME c1-BH rep=1 13s
HIRESULT {"cell": "c1", "arm": "BH", "seed": 42, "rep": 1, "dnf": false, "dnf_count": 0, "mbps": 284.512, "seconds": 11.247, "n_runs": 1, "cpusrv": 13.49, "cpucli": 14.64, "tt_eng1": 5, "cap_med": 805, "window_med": 257.334, "slack_med": 546.835, "span_med": 0.0, "khr_med": 2.27, "kraw_med": 2.18, "khr_n": 15, "kraw_n": 15, "occ_p50": 382, "occcap_p50": 805, "q_p50": 7, "q_p99": 11, "diag_lines": 44, "retx": 1197, "gates_cli_3t": 1, "gates_srv_3t": 1, "gates_cli_rs": 1, "gates_srv_rs": 1, "gates_cli_ha": 1, "gates_srv_ha": 1, "gates_cli_hk": 1, "gates_srv_hk": 1, "gates_lines_cli": 1, "gates_lines_srv": 1, "active_3t_cli": 1, "active_ha_cli": 1, "active_ha_srv": 1, "active_hk_cli": 1, "active_hk_srv": 1, "ping_n": 224, "ping_p50": 2.07, "ping_p95": 2.71, "ping_p99": 2.89, "ping_tx": null, "ping_rx": null, "ping_loss": null, "wait_tun": 98, "wait_paused": 2, "wait_pace": 0, "wait_gen": 0, "wait_nack": 0, "wait_defc": 0, "wait_tail": 0, "wait_flush": 0, "wait_lines": 41, "dgq_hand": 334807, "dgq_full": 0, "dgq_gap": 14, "tc_bytes": 438162241, "tc_pkts": 342252, "tc_drop": 49, "tc_s": 13}
LIVENESS c1-BH rep=1 cli=[RWM_THREE_TERM=1 RWM_PLAIN_RS=1 RWM_HONEST_ANCHOR=1 RWM_HONEST_K=1] srv=[RWM_THREE_TERM=1 RWM_PLAIN_RS=1 RWM_HONEST_ANCHOR=1 RWM_HONEST_K=1] act3=1 actHA=1/1 actHK=1/1 eng1=5 (expect 3t=1 rs=1 ha=1 hk=1)
3TLINE c1-BH rep=1 eng=1 cap=877 window=280.5132135526692 slack=596.090578799422 span=0.0 rho=1.0 b=2.0
3TLINE c1-BH rep=1 eng=1 cap=777 window=248.3804959215578 slack=527.8085538333103 span=0.0 rho=1.0 b=2.0
=== rep=1 arm=jit25-A seed=42 env="" cell=jit25 bytes=50000000 17:55:13
RUNTIME jit25-A rep=1 11s
    CPU: CPUSRV=3.36s CPUCLI=3.04s (srv=decoder cli=sender; whole-invocation incl warmup)
HIRESULT {"cell": "jit25", "arm": "A", "seed": 42, "rep": 1, "dnf": false, "dnf_count": 0, "mbps": 47.182, "seconds": 8.478, "n_runs": 1, "cpusrv": 3.36, "cpucli": 3.04, "tt_eng1": 0, "cap_med": null, "window_med": null, "slack_med": null, "span_med": null, "khr_med": 1.0, "kraw_med": null, "khr_n": 30, "kraw_n": 0, "occ_p50": 1024, "occcap_p50": 1024, "q_p50": 111, "q_p99": 296, "diag_lines": 33, "retx": 1359, "gates_cli_3t": 0, "gates_srv_3t": 0, "gates_cli_rs": 0, "gates_srv_rs": 0, "gates_cli_ha": 0, "gates_srv_ha": 0, "gates_cli_hk": 0, "gates_srv_hk": 0, "gates_lines_cli": 1, "gates_lines_srv": 1, "active_3t_cli": 0, "active_ha_cli": 0, "active_ha_srv": 0, "active_hk_cli": 0, "active_hk_srv": 0, "ping_n": 0, "ping_p50": null, "ping_p95": null, "ping_p99": null, "ping_tx": null, "ping_rx": null, "ping_loss": null, "wait_tun": 20, "wait_paused": 63, "wait_pace": 0, "wait_gen": 0, "wait_nack": 14, "wait_defc": 0, "wait_tail": 1, "wait_flush": 0, "wait_lines": 30, "dgq_hand": 43952, "dgq_full": 0, "dgq_gap": 0, "tc_bytes": 55516000, "tc_pkts": 42976, "tc_drop": 265, "tc_s": 11}
LIVENESS jit25-A rep=1 cli=[RWM_THREE_TERM=0 RWM_PLAIN_RS=0 RWM_HONEST_ANCHOR=0 RWM_HONEST_K=0] srv=[RWM_THREE_TERM=0 RWM_PLAIN_RS=0 RWM_HONEST_ANCHOR=0 RWM_HONEST_K=0] act3=0 actHA=0/0 actHK=0/0 eng1=0 (expect 3t=0 rs=0 ha=0 hk=0)
=== rep=1 arm=jit25-D seed=42 env="RWM_PLAIN_RS=1" cell=jit25 bytes=50000000 17:55:24
RUNTIME jit25-D rep=1 8s
    CPU: CPUSRV=3.11s CPUCLI=3.21s (srv=decoder cli=sender; whole-invocation incl warmup)
HIRESULT {"cell": "jit25", "arm": "D", "seed": 42, "rep": 1, "dnf": false, "dnf_count": 0, "mbps": 72.133, "seconds": 5.545, "n_runs": 1, "cpusrv": 3.11, "cpucli": 3.21, "tt_eng1": 0, "cap_med": null, "window_med": null, "slack_med": null, "span_med": null, "khr_med": 1.31, "kraw_med": null, "khr_n": 15, "kraw_n": 0, "occ_p50": 1003, "occcap_p50": 1024, "q_p50": 73, "q_p99": 78, "diag_lines": 22, "retx": 1937, "gates_cli_3t": 0, "gates_srv_3t": 0, "gates_cli_rs": 1, "gates_srv_rs": 1, "gates_cli_ha": 0, "gates_srv_ha": 0, "gates_cli_hk": 0, "gates_srv_hk": 0, "gates_lines_cli": 1, "gates_lines_srv": 1, "active_3t_cli": 0, "active_ha_cli": 0, "active_ha_srv": 0, "active_hk_cli": 0, "active_hk_srv": 0, "ping_n": 0, "ping_p50": null, "ping_p95": null, "ping_p99": null, "ping_tx": null, "ping_rx": null, "ping_loss": null, "wait_tun": 30, "wait_paused": 42, "wait_pace": 0, "wait_gen": 0, "wait_nack": 26, "wait_defc": 0, "wait_tail": 1, "wait_flush": 0, "wait_lines": 19, "dgq_hand": 44503, "dgq_full": 0, "dgq_gap": 11, "tc_bytes": 56450059, "tc_pkts": 47218, "tc_drop": 279, "tc_s": 8}
LIVENESS jit25-D rep=1 cli=[RWM_THREE_TERM=0 RWM_PLAIN_RS=1 RWM_HONEST_ANCHOR=0 RWM_HONEST_K=0] srv=[RWM_THREE_TERM=0 RWM_PLAIN_RS=1 RWM_HONEST_ANCHOR=0 RWM_HONEST_K=0] act3=0 actHA=0/0 actHK=0/0 eng1=0 (expect 3t=0 rs=1 ha=0 hk=0)
=== rep=1 arm=jit25-DH seed=42 env="RWM_PLAIN_RS=1 RWM_HONEST_ANCHOR=1" cell=jit25 bytes=50000000 17:55:32
RUNTIME jit25-DH rep=1 9s
    CPU: CPUSRV=3.44s CPUCLI=3.19s (srv=decoder cli=sender; whole-invocation incl warmup)
HIRESULT {"cell": "jit25", "arm": "DH", "seed": 42, "rep": 1, "dnf": false, "dnf_count": 0, "mbps": 56.808, "seconds": 7.041, "n_runs": 1, "cpusrv": 3.44, "cpucli": 3.19, "tt_eng1": 0, "cap_med": null, "window_med": null, "slack_med": null, "span_med": null, "khr_med": 6.16, "kraw_med": null, "khr_n": 18, "kraw_n": 0, "occ_p50": 1002, "occcap_p50": 1024, "q_p50": 92, "q_p99": 205, "diag_lines": 28, "retx": 2395, "gates_cli_3t": 0, "gates_srv_3t": 0, "gates_cli_rs": 1, "gates_srv_rs": 1, "gates_cli_ha": 1, "gates_srv_ha": 1, "gates_cli_hk": 0, "gates_srv_hk": 0, "gates_lines_cli": 1, "gates_lines_srv": 1, "active_3t_cli": 0, "active_ha_cli": 1, "active_ha_srv": 1, "active_hk_cli": 0, "active_hk_srv": 0, "ping_n": 0, "ping_p50": null, "ping_p95": null, "ping_p99": null, "ping_tx": null, "ping_rx": null, "ping_loss": null, "wait_tun": 25, "wait_paused": 56, "wait_pace": 0, "wait_gen": 0, "wait_nack": 17, "wait_defc": 0, "wait_tail": 1, "wait_flush": 0, "wait_lines": 25, "dgq_hand": 44981, "dgq_full": 0, "dgq_gap": 0, "tc_bytes": 56723285, "tc_pkts": 44021, "tc_drop": 244, "tc_s": 9}
LIVENESS jit25-DH rep=1 cli=[RWM_THREE_TERM=0 RWM_PLAIN_RS=1 RWM_HONEST_ANCHOR=1 RWM_HONEST_K=0] srv=[RWM_THREE_TERM=0 RWM_PLAIN_RS=1 RWM_HONEST_ANCHOR=1 RWM_HONEST_K=0] act3=0 actHA=1/1 actHK=0/0 eng1=0 (expect 3t=0 rs=1 ha=1 hk=0)
=== rep=1 arm=jit25-B seed=42 env="RWM_THREE_TERM=1 RWM_PLAIN_RS=1" cell=jit25 bytes=50000000 17:55:41
RUNTIME jit25-B rep=1 7s
    CPU: CPUSRV=3.33s CPUCLI=3.95s (srv=decoder cli=sender; whole-invocation incl warmup)
HIRESULT {"cell": "jit25", "arm": "B", "seed": 42, "rep": 1, "dnf": false, "dnf_count": 0, "mbps": 77.095, "seconds": 5.188, "n_runs": 1, "cpusrv": 3.33, "cpucli": 3.95, "tt_eng1": 2, "cap_med": 1999, "window_med": 639.448, "slack_med": 1358.827, "span_med": 0.0, "khr_med": 1.04, "kraw_med": null, "khr_n": 14, "kraw_n": 0, "occ_p50": 2164, "occcap_p50": 2205, "q_p50": 153, "q_p99": 166, "diag_lines": 20, "retx": 2721, "gates_cli_3t": 1, "gates_srv_3t": 1, "gates_cli_rs": 1, "gates_srv_rs": 1, "gates_cli_ha": 0, "gates_srv_ha": 0, "gates_cli_hk": 0, "gates_srv_hk": 0, "gates_lines_cli": 1, "gates_lines_srv": 1, "active_3t_cli": 1, "active_ha_cli": 0, "active_ha_srv": 0, "active_hk_cli": 0, "active_hk_srv": 0, "ping_n": 0, "ping_p50": null, "ping_p95": null, "ping_p99": null, "ping_tx": null, "ping_rx": null, "ping_loss": null, "wait_tun": 37, "wait_paused": 33, "wait_pace": 0, "wait_gen": 0, "wait_nack": 27, "wait_defc": 0, "wait_tail": 1, "wait_flush": 0, "wait_lines": 17, "dgq_hand": 45208, "dgq_full": 0, "dgq_gap": 0, "tc_bytes": 57484063, "tc_pkts": 48398, "tc_drop": 316, "tc_s": 7}
LIVENESS jit25-B rep=1 cli=[RWM_THREE_TERM=1 RWM_PLAIN_RS=1 RWM_HONEST_ANCHOR=0 RWM_HONEST_K=0] srv=[RWM_THREE_TERM=1 RWM_PLAIN_RS=1 RWM_HONEST_ANCHOR=0 RWM_HONEST_K=0] act3=1 actHA=0/0 actHK=0/0 eng1=2 (expect 3t=1 rs=1 ha=0 hk=0)
3TLINE jit25-B rep=1 eng=1 cap=1999 window=639.4478085806995 slack=1358.8265932339864 span=0.0 rho=1.0 b=2.0
3TLINE jit25-B rep=1 eng=1 cap=2205 window=705.2839926624671 slack=1498.7284844077426 span=0.0 rho=1.0 b=2.0
=== rep=1 arm=jit25-BH seed=42 env="RWM_THREE_TERM=1 RWM_PLAIN_RS=1 RWM_HONEST_ANCHOR=1 RWM_HONEST_K=1" cell=jit25 bytes=50000000 17:55:48
RUNTIME jit25-BH rep=1 11s
    CPU: CPUSRV=3.38s CPUCLI=3.33s (srv=decoder cli=sender; whole-invocation incl warmup)
HIRESULT {"cell": "jit25", "arm": "BH", "seed": 42, "rep": 1, "dnf": false, "dnf_count": 0, "mbps": 47.745, "seconds": 8.378, "n_runs": 1, "cpusrv": 3.38, "cpucli": 3.33, "tt_eng1": 4, "cap_med": 1518, "window_med": 485.44, "slack_med": 1031.56, "span_med": 0.0, "khr_med": 1.08, "kraw_med": 1.13, "khr_n": 24, "kraw_n": 24, "occ_p50": 1472, "occcap_p50": 1491, "q_p50": 160, "q_p99": 318, "diag_lines": 33, "retx": 2617, "gates_cli_3t": 1, "gates_srv_3t": 1, "gates_cli_rs": 1, "gates_srv_rs": 1, "gates_cli_ha": 1, "gates_srv_ha": 1, "gates_cli_hk": 1, "gates_srv_hk": 1, "gates_lines_cli": 1, "gates_lines_srv": 1, "active_3t_cli": 1, "active_ha_cli": 1, "active_ha_srv": 1, "active_hk_cli": 1, "active_hk_srv": 1, "ping_n": 0, "ping_p50": null, "ping_p95": null, "ping_p99": null, "ping_tx": null, "ping_rx": null, "ping_loss": null, "wait_tun": 21, "wait_paused": 57, "wait_pace": 0, "wait_gen": 0, "wait_nack": 18, "wait_defc": 0, "wait_tail": 1, "wait_flush": 0, "wait_lines": 30, "dgq_hand": 45212, "dgq_full": 0, "dgq_gap": 199, "tc_bytes": 57088457, "tc_pkts": 44207, "tc_drop": 265, "tc_s": 11}
LIVENESS jit25-BH rep=1 cli=[RWM_THREE_TERM=1 RWM_PLAIN_RS=1 RWM_HONEST_ANCHOR=1 RWM_HONEST_K=1] srv=[RWM_THREE_TERM=1 RWM_PLAIN_RS=1 RWM_HONEST_ANCHOR=1 RWM_HONEST_K=1] act3=1 actHA=1/1 actHK=1/1 eng1=4 (expect 3t=1 rs=1 ha=1 hk=1)
3TLINE jit25-BH rep=1 eng=1 cap=491 window=156.84378596309168 slack=333.29304517156976 span=0.0 rho=1.0 b=2.0
3TLINE jit25-BH rep=1 eng=1 cap=1591 window=509.02788609098695 slack=1081.6842579433471 span=0.0 rho=1.0 b=2.0
=== ARMCOUNTS 2026-08-10T17:55:59Z
ARMCOUNT c1-A n=1/1
ARMCOUNT c1-D n=1/1
ARMCOUNT c1-DH n=1/1
ARMCOUNT c1-B n=1/1
ARMCOUNT c1-BH n=1/1
ARMCOUNT jit25-A n=1/1
ARMCOUNT jit25-D n=1/1
ARMCOUNT jit25-DH n=1/1
ARMCOUNT jit25-B n=1/1
ARMCOUNT jit25-BH n=1/1
HI-BATTERY-DONE seed=42 2026-08-10T17:55:59Z
