=== tail matrix @ c2, 5 reps/arm (warm tunnel), 50msg/s x20s 17:17:48
--- realtime 400B start=17:17:48
ARMENV realtime 400B: hint=realtime env='<unset>' flags='' rate=50 dur=20
  ECHO realtime 400B tm-s.log: ack-merge ACTIVE (RWM_ACK_MERGE: WINDOW mode sends ONE control datagram per data message instead of two — the legacy per-batch Ack is suppressed, the SACK WindowAck goes unconditional at that cadence and carries the Ack's payload in the v6 cumulative cum_expected/cum_received counters, every Ack-arm consumer re-homed onto the counter diff; BLOCK mode bit-exact; the delivery statistic/cadence/counts unchanged) copa_feed=false
  ECHO realtime 400B tm-s.log: A* send-rate anchor ACTIVE (RWM_ASTAR_ANCHOR: windowed-max send rate over ~8 SRTT, clock-gap sample discard)
  ECHO realtime 400B tm-s.log: clock-gap estimator hygiene ACTIVE (RWM_CLOCK_GAP: process-clock stall witness, post-stall sample discard at the ack feed sites)
  ECHO realtime 400B tm-s.log: M* peer-report RTT-feed suppression ACTIVE (RWM_MSTAR_ANCHOR plain-live subset: local-echo-only RTT feed + estimator seed-from-sample)
  ECHO realtime 400B tm-s.log: quinn congestion controller: BBR (shipped default; RWM_QUIC_CC overrides)
  ECHO realtime 400B tm-s.log: RWM_UNIFIED=1 RWM_UNIFIED_SHED=1 RWM_TAPER_R=1 RWM_ASTAR_ANCHOR=1 RWM_MSTAR_ANCHOR=1 RWM_PLAIN_RS=0 RWM_STORE_SACK_RELEASE=1 RWM_STORE_PATHS=1 RWM_STORE_PATH_POOL=2048 RWM_STORE=unset RWM_STORE_GAIN=2 RWM_STORE_BOOT=128 RWM_STORE_CAPW=0 RWM_STORE_CAP_UNIFIED=0 RWM_THREE_TERM=0 RWM_STORE_PERCAP=0 RWM_PERCAP_GUARD=1 RWM_STORE_BORROW=0 RWM_HONEST_CAP=1 RWM_POOL_ANCHOR=0 RWM_POOL_DELIV=0 RWM_FLOOR_BOUND=0 RWM_ACK_MERGE=1 RWM_PATIENCE_DERIVED=0 RWM_SIDLE_DERIVED=0 RWM_WIN_DECOUPLE=0 RWM_PLACE_SLACK=0 RWM_GEN=384 RWM_PIPELINE=2 RWM_GEN_PIPE=1 RWM_GEN_R=unset RWM_GEN_RATE=9000 RWM_GEN_RATE_FLOOR=2000 RWM_GEN_INFLIGHT=unset RWM_OOO_RETAIN=0/16 RWM_WINDOW=unset RWM_REPORT_GENS=unset RWM_REPAIR_WAIT=unset RWM_CODED_SRC=0 RWM_NO_REACTIVE=0 RWM_XPATH_REPAIR=0 RWM_PROACTIVE_PACER=0 RWM_REASM_BDP=0 RWM_MIN_R=0 RWM_CC_PACE=0 RWM_CC_PACE_HR=1.1 RWM_REACT_CAP=unset RWM_INFL_CAP=0 RWM_INFL_BDP=unset RWM_COPA_FEED=0 RWM_RS_ATTR=1 RWM_EMIT_BATCH=0 RWM_EMIT_BURST=64 RWM_RECOV_MP=1 RWM_RECOV_MP_LAW=1 RWM_RECOV_MP_LIVE=0 RWM_RECOV_SP=0 RWM_DIAG=0 RWM_RDIAG=0 RWM_FDIAG=0 RWM_TRACE=0 RWM_PFRAC=0
  ECHO realtime 400B tm-s.log: RWM_UNIFIED: Realtime rides the RLC span machine (small-δ parameterization, no code-family switch)
  ECHO realtime 400B tm-s.log: RWM_UNIFIED: receive path on the unified global decoder (one machine, both wires) generation=false
  ECHO realtime 400B tm-s.log: sliding-window FEC mode symbol_size=512 backend=Rlc
  ECHO realtime 400B tm-s.log: unified overload shedding ACTIVE at receiver (RWM_UNIFIED_SHED: in-order hold = delta-derived b*SRTT within the eps-class give-up budget)
  ECHO realtime 400B tm-s.log: unified overload shedding ACTIVE (RWM_UNIFIED_SHED: past-deadline holes shed within the derived 1-rho budget; =0 = serializing arm)
  ECHO realtime 400B tm-s.log: unified span law ACTIVE (RWM_UNIFIED: plain-mode proactive repair over the trailing solvable span [end-A*, end-Δ), A* from δ) hint=Realtime
  ECHO realtime 400B tm-c.log: ack-merge ACTIVE (RWM_ACK_MERGE: WINDOW mode sends ONE control datagram per data message instead of two — the legacy per-batch Ack is suppressed, the SACK WindowAck goes unconditional at that cadence and carries the Ack's payload in the v6 cumulative cum_expected/cum_received counters, every Ack-arm consumer re-homed onto the counter diff; BLOCK mode bit-exact; the delivery statistic/cadence/counts unchanged) copa_feed=false
  ECHO realtime 400B tm-c.log: A* send-rate anchor ACTIVE (RWM_ASTAR_ANCHOR: windowed-max send rate over ~8 SRTT, clock-gap sample discard)
  ECHO realtime 400B tm-c.log: clock-gap estimator hygiene ACTIVE (RWM_CLOCK_GAP: process-clock stall witness, post-stall sample discard at the ack feed sites)
  ECHO realtime 400B tm-c.log: M* peer-report RTT-feed suppression ACTIVE (RWM_MSTAR_ANCHOR plain-live subset: local-echo-only RTT feed + estimator seed-from-sample)
  ECHO realtime 400B tm-c.log: quinn congestion controller: BBR (shipped default; RWM_QUIC_CC overrides)
  ECHO realtime 400B tm-c.log: RWM_UNIFIED=1 RWM_UNIFIED_SHED=1 RWM_TAPER_R=1 RWM_ASTAR_ANCHOR=1 RWM_MSTAR_ANCHOR=1 RWM_PLAIN_RS=0 RWM_STORE_SACK_RELEASE=1 RWM_STORE_PATHS=1 RWM_STORE_PATH_POOL=2048 RWM_STORE=unset RWM_STORE_GAIN=2 RWM_STORE_BOOT=128 RWM_STORE_CAPW=0 RWM_STORE_CAP_UNIFIED=0 RWM_THREE_TERM=0 RWM_STORE_PERCAP=0 RWM_PERCAP_GUARD=1 RWM_STORE_BORROW=0 RWM_HONEST_CAP=1 RWM_POOL_ANCHOR=0 RWM_POOL_DELIV=0 RWM_FLOOR_BOUND=0 RWM_ACK_MERGE=1 RWM_PATIENCE_DERIVED=0 RWM_SIDLE_DERIVED=0 RWM_WIN_DECOUPLE=0 RWM_PLACE_SLACK=0 RWM_GEN=384 RWM_PIPELINE=2 RWM_GEN_PIPE=1 RWM_GEN_R=unset RWM_GEN_RATE=9000 RWM_GEN_RATE_FLOOR=2000 RWM_GEN_INFLIGHT=unset RWM_OOO_RETAIN=0/16 RWM_WINDOW=unset RWM_REPORT_GENS=unset RWM_REPAIR_WAIT=unset RWM_CODED_SRC=0 RWM_NO_REACTIVE=0 RWM_XPATH_REPAIR=0 RWM_PROACTIVE_PACER=0 RWM_REASM_BDP=0 RWM_MIN_R=0 RWM_CC_PACE=0 RWM_CC_PACE_HR=1.1 RWM_REACT_CAP=unset RWM_INFL_CAP=0 RWM_INFL_BDP=unset RWM_COPA_FEED=0 RWM_RS_ATTR=1 RWM_EMIT_BATCH=0 RWM_EMIT_BURST=64 RWM_RECOV_MP=1 RWM_RECOV_MP_LAW=1 RWM_RECOV_MP_LIVE=0 RWM_RECOV_SP=0 RWM_DIAG=0 RWM_RDIAG=0 RWM_FDIAG=0 RWM_TRACE=0 RWM_PFRAC=0
  ECHO realtime 400B tm-c.log: RWM_UNIFIED: Realtime rides the RLC span machine (small-δ parameterization, no code-family switch)
  ECHO realtime 400B tm-c.log: RWM_UNIFIED: receive path on the unified global decoder (one machine, both wires) generation=false
  ECHO realtime 400B tm-c.log: sliding-window FEC mode symbol_size=512 backend=Rlc
  ECHO realtime 400B tm-c.log: unified overload shedding ACTIVE at receiver (RWM_UNIFIED_SHED: in-order hold = delta-derived b*SRTT within the eps-class give-up budget)
  ECHO realtime 400B tm-c.log: unified overload shedding ACTIVE (RWM_UNIFIED_SHED: past-deadline holes shed within the derived 1-rho budget; =0 = serializing arm)
  ECHO realtime 400B tm-c.log: unified span law ACTIVE (RWM_UNIFIED: plain-mode proactive repair over the trailing solvable span [end-A*, end-Δ), A* from δ) hint=Realtime
  realtime 400B rep1: p50=7.821ms p99=35.204ms p999=76.93ms max=76.93ms n=1000
  realtime 400B rep2: p50=8.093ms p99=36.663ms p999=62.336ms max=62.336ms n=1000
  realtime 400B rep3: p50=7.892ms p99=35.346ms p999=56.214ms max=56.214ms n=1000
  realtime 400B rep4: p50=7.9ms p99=48.429ms p999=103.085ms max=103.085ms n=1000
  realtime 400B rep5: p50=7.24ms p99=35.039ms p999=58.44ms max=58.44ms n=1000
ARM realtime 400B: n=5 min=35 median=35 max=48
--- realtime 1200B start=17:20:23
ARMENV realtime 1200B: hint=realtime env='<unset>' flags='' rate=50 dur=20
  ECHO realtime 1200B tm-s.log: ack-merge ACTIVE (RWM_ACK_MERGE: WINDOW mode sends ONE control datagram per data message instead of two — the legacy per-batch Ack is suppressed, the SACK WindowAck goes unconditional at that cadence and carries the Ack's payload in the v6 cumulative cum_expected/cum_received counters, every Ack-arm consumer re-homed onto the counter diff; BLOCK mode bit-exact; the delivery statistic/cadence/counts unchanged) copa_feed=false
  ECHO realtime 1200B tm-s.log: A* send-rate anchor ACTIVE (RWM_ASTAR_ANCHOR: windowed-max send rate over ~8 SRTT, clock-gap sample discard)
  ECHO realtime 1200B tm-s.log: clock-gap estimator hygiene ACTIVE (RWM_CLOCK_GAP: process-clock stall witness, post-stall sample discard at the ack feed sites)
  ECHO realtime 1200B tm-s.log: M* peer-report RTT-feed suppression ACTIVE (RWM_MSTAR_ANCHOR plain-live subset: local-echo-only RTT feed + estimator seed-from-sample)
  ECHO realtime 1200B tm-s.log: quinn congestion controller: BBR (shipped default; RWM_QUIC_CC overrides)
  ECHO realtime 1200B tm-s.log: RWM_UNIFIED=1 RWM_UNIFIED_SHED=1 RWM_TAPER_R=1 RWM_ASTAR_ANCHOR=1 RWM_MSTAR_ANCHOR=1 RWM_PLAIN_RS=0 RWM_STORE_SACK_RELEASE=1 RWM_STORE_PATHS=1 RWM_STORE_PATH_POOL=2048 RWM_STORE=unset RWM_STORE_GAIN=2 RWM_STORE_BOOT=128 RWM_STORE_CAPW=0 RWM_STORE_CAP_UNIFIED=0 RWM_THREE_TERM=0 RWM_STORE_PERCAP=0 RWM_PERCAP_GUARD=1 RWM_STORE_BORROW=0 RWM_HONEST_CAP=1 RWM_POOL_ANCHOR=0 RWM_POOL_DELIV=0 RWM_FLOOR_BOUND=0 RWM_ACK_MERGE=1 RWM_PATIENCE_DERIVED=0 RWM_SIDLE_DERIVED=0 RWM_WIN_DECOUPLE=0 RWM_PLACE_SLACK=0 RWM_GEN=384 RWM_PIPELINE=2 RWM_GEN_PIPE=1 RWM_GEN_R=unset RWM_GEN_RATE=9000 RWM_GEN_RATE_FLOOR=2000 RWM_GEN_INFLIGHT=unset RWM_OOO_RETAIN=0/16 RWM_WINDOW=unset RWM_REPORT_GENS=unset RWM_REPAIR_WAIT=unset RWM_CODED_SRC=0 RWM_NO_REACTIVE=0 RWM_XPATH_REPAIR=0 RWM_PROACTIVE_PACER=0 RWM_REASM_BDP=0 RWM_MIN_R=0 RWM_CC_PACE=0 RWM_CC_PACE_HR=1.1 RWM_REACT_CAP=unset RWM_INFL_CAP=0 RWM_INFL_BDP=unset RWM_COPA_FEED=0 RWM_RS_ATTR=1 RWM_EMIT_BATCH=0 RWM_EMIT_BURST=64 RWM_RECOV_MP=1 RWM_RECOV_MP_LAW=1 RWM_RECOV_MP_LIVE=0 RWM_RECOV_SP=0 RWM_DIAG=0 RWM_RDIAG=0 RWM_FDIAG=0 RWM_TRACE=0 RWM_PFRAC=0
  ECHO realtime 1200B tm-s.log: RWM_UNIFIED: Realtime rides the RLC span machine (small-δ parameterization, no code-family switch)
  ECHO realtime 1200B tm-s.log: RWM_UNIFIED: receive path on the unified global decoder (one machine, both wires) generation=false
  ECHO realtime 1200B tm-s.log: sliding-window FEC mode symbol_size=512 backend=Rlc
  ECHO realtime 1200B tm-s.log: unified overload shedding ACTIVE at receiver (RWM_UNIFIED_SHED: in-order hold = delta-derived b*SRTT within the eps-class give-up budget)
  ECHO realtime 1200B tm-s.log: unified overload shedding ACTIVE (RWM_UNIFIED_SHED: past-deadline holes shed within the derived 1-rho budget; =0 = serializing arm)
  ECHO realtime 1200B tm-s.log: unified span law ACTIVE (RWM_UNIFIED: plain-mode proactive repair over the trailing solvable span [end-A*, end-Δ), A* from δ) hint=Realtime
  ECHO realtime 1200B tm-c.log: ack-merge ACTIVE (RWM_ACK_MERGE: WINDOW mode sends ONE control datagram per data message instead of two — the legacy per-batch Ack is suppressed, the SACK WindowAck goes unconditional at that cadence and carries the Ack's payload in the v6 cumulative cum_expected/cum_received counters, every Ack-arm consumer re-homed onto the counter diff; BLOCK mode bit-exact; the delivery statistic/cadence/counts unchanged) copa_feed=false
  ECHO realtime 1200B tm-c.log: A* send-rate anchor ACTIVE (RWM_ASTAR_ANCHOR: windowed-max send rate over ~8 SRTT, clock-gap sample discard)
  ECHO realtime 1200B tm-c.log: clock-gap estimator hygiene ACTIVE (RWM_CLOCK_GAP: process-clock stall witness, post-stall sample discard at the ack feed sites)
  ECHO realtime 1200B tm-c.log: M* peer-report RTT-feed suppression ACTIVE (RWM_MSTAR_ANCHOR plain-live subset: local-echo-only RTT feed + estimator seed-from-sample)
  ECHO realtime 1200B tm-c.log: quinn congestion controller: BBR (shipped default; RWM_QUIC_CC overrides)
  ECHO realtime 1200B tm-c.log: RWM_UNIFIED=1 RWM_UNIFIED_SHED=1 RWM_TAPER_R=1 RWM_ASTAR_ANCHOR=1 RWM_MSTAR_ANCHOR=1 RWM_PLAIN_RS=0 RWM_STORE_SACK_RELEASE=1 RWM_STORE_PATHS=1 RWM_STORE_PATH_POOL=2048 RWM_STORE=unset RWM_STORE_GAIN=2 RWM_STORE_BOOT=128 RWM_STORE_CAPW=0 RWM_STORE_CAP_UNIFIED=0 RWM_THREE_TERM=0 RWM_STORE_PERCAP=0 RWM_PERCAP_GUARD=1 RWM_STORE_BORROW=0 RWM_HONEST_CAP=1 RWM_POOL_ANCHOR=0 RWM_POOL_DELIV=0 RWM_FLOOR_BOUND=0 RWM_ACK_MERGE=1 RWM_PATIENCE_DERIVED=0 RWM_SIDLE_DERIVED=0 RWM_WIN_DECOUPLE=0 RWM_PLACE_SLACK=0 RWM_GEN=384 RWM_PIPELINE=2 RWM_GEN_PIPE=1 RWM_GEN_R=unset RWM_GEN_RATE=9000 RWM_GEN_RATE_FLOOR=2000 RWM_GEN_INFLIGHT=unset RWM_OOO_RETAIN=0/16 RWM_WINDOW=unset RWM_REPORT_GENS=unset RWM_REPAIR_WAIT=unset RWM_CODED_SRC=0 RWM_NO_REACTIVE=0 RWM_XPATH_REPAIR=0 RWM_PROACTIVE_PACER=0 RWM_REASM_BDP=0 RWM_MIN_R=0 RWM_CC_PACE=0 RWM_CC_PACE_HR=1.1 RWM_REACT_CAP=unset RWM_INFL_CAP=0 RWM_INFL_BDP=unset RWM_COPA_FEED=0 RWM_RS_ATTR=1 RWM_EMIT_BATCH=0 RWM_EMIT_BURST=64 RWM_RECOV_MP=1 RWM_RECOV_MP_LAW=1 RWM_RECOV_MP_LIVE=0 RWM_RECOV_SP=0 RWM_DIAG=0 RWM_RDIAG=0 RWM_FDIAG=0 RWM_TRACE=0 RWM_PFRAC=0
  ECHO realtime 1200B tm-c.log: RWM_UNIFIED: Realtime rides the RLC span machine (small-δ parameterization, no code-family switch)
  ECHO realtime 1200B tm-c.log: RWM_UNIFIED: receive path on the unified global decoder (one machine, both wires) generation=false
  ECHO realtime 1200B tm-c.log: sliding-window FEC mode symbol_size=512 backend=Rlc
  ECHO realtime 1200B tm-c.log: unified overload shedding ACTIVE at receiver (RWM_UNIFIED_SHED: in-order hold = delta-derived b*SRTT within the eps-class give-up budget)
  ECHO realtime 1200B tm-c.log: unified overload shedding ACTIVE (RWM_UNIFIED_SHED: past-deadline holes shed within the derived 1-rho budget; =0 = serializing arm)
  ECHO realtime 1200B tm-c.log: unified span law ACTIVE (RWM_UNIFIED: plain-mode proactive repair over the trailing solvable span [end-A*, end-Δ), A* from δ) hint=Realtime
  realtime 1200B rep1: p50=8.152ms p99=39.615ms p999=70.28ms max=70.28ms n=1000
  realtime 1200B rep2: p50=8.202ms p99=37.253ms p999=41.303ms max=41.303ms n=1000
  realtime 1200B rep3: p50=8.165ms p99=43.28ms p999=75.962ms max=75.962ms n=1000
  realtime 1200B rep4: p50=8.367ms p99=40.013ms p999=65.825ms max=65.825ms n=1000
  realtime 1200B rep5: p50=8.292ms p99=41.817ms p999=70.985ms max=70.985ms n=1000
ARM realtime 1200B: n=5 min=37 median=40 max=43
--- bulk 400B start=17:22:57
ARMENV bulk 400B: hint=bulk env='<unset>' flags='' rate=50 dur=20
  ECHO bulk 400B tm-s.log: ack-merge ACTIVE (RWM_ACK_MERGE: WINDOW mode sends ONE control datagram per data message instead of two — the legacy per-batch Ack is suppressed, the SACK WindowAck goes unconditional at that cadence and carries the Ack's payload in the v6 cumulative cum_expected/cum_received counters, every Ack-arm consumer re-homed onto the counter diff; BLOCK mode bit-exact; the delivery statistic/cadence/counts unchanged) copa_feed=false
  ECHO bulk 400B tm-s.log: quinn congestion controller: BBR (shipped default; RWM_QUIC_CC overrides)
  ECHO bulk 400B tm-s.log: RWM_UNIFIED=1 RWM_UNIFIED_SHED=1 RWM_TAPER_R=1 RWM_ASTAR_ANCHOR=1 RWM_MSTAR_ANCHOR=1 RWM_PLAIN_RS=0 RWM_STORE_SACK_RELEASE=1 RWM_STORE_PATHS=1 RWM_STORE_PATH_POOL=2048 RWM_STORE=unset RWM_STORE_GAIN=2 RWM_STORE_BOOT=128 RWM_STORE_CAPW=0 RWM_STORE_CAP_UNIFIED=0 RWM_THREE_TERM=0 RWM_STORE_PERCAP=0 RWM_PERCAP_GUARD=1 RWM_STORE_BORROW=0 RWM_HONEST_CAP=1 RWM_POOL_ANCHOR=0 RWM_POOL_DELIV=0 RWM_FLOOR_BOUND=0 RWM_ACK_MERGE=1 RWM_PATIENCE_DERIVED=0 RWM_SIDLE_DERIVED=0 RWM_WIN_DECOUPLE=0 RWM_PLACE_SLACK=0 RWM_GEN=384 RWM_PIPELINE=2 RWM_GEN_PIPE=1 RWM_GEN_R=unset RWM_GEN_RATE=9000 RWM_GEN_RATE_FLOOR=2000 RWM_GEN_INFLIGHT=unset RWM_OOO_RETAIN=0/16 RWM_WINDOW=unset RWM_REPORT_GENS=unset RWM_REPAIR_WAIT=unset RWM_CODED_SRC=0 RWM_NO_REACTIVE=0 RWM_XPATH_REPAIR=0 RWM_PROACTIVE_PACER=0 RWM_REASM_BDP=0 RWM_MIN_R=0 RWM_CC_PACE=0 RWM_CC_PACE_HR=1.1 RWM_REACT_CAP=unset RWM_INFL_CAP=0 RWM_INFL_BDP=unset RWM_COPA_FEED=0 RWM_RS_ATTR=1 RWM_EMIT_BATCH=0 RWM_EMIT_BURST=64 RWM_RECOV_MP=1 RWM_RECOV_MP_LAW=1 RWM_RECOV_MP_LIVE=0 RWM_RECOV_SP=0 RWM_DIAG=0 RWM_RDIAG=0 RWM_FDIAG=0 RWM_TRACE=0 RWM_PFRAC=0
  ECHO bulk 400B tm-c.log: ack-merge ACTIVE (RWM_ACK_MERGE: WINDOW mode sends ONE control datagram per data message instead of two — the legacy per-batch Ack is suppressed, the SACK WindowAck goes unconditional at that cadence and carries the Ack's payload in the v6 cumulative cum_expected/cum_received counters, every Ack-arm consumer re-homed onto the counter diff; BLOCK mode bit-exact; the delivery statistic/cadence/counts unchanged) copa_feed=false
  ECHO bulk 400B tm-c.log: quinn congestion controller: BBR (shipped default; RWM_QUIC_CC overrides)
  ECHO bulk 400B tm-c.log: RWM_UNIFIED=1 RWM_UNIFIED_SHED=1 RWM_TAPER_R=1 RWM_ASTAR_ANCHOR=1 RWM_MSTAR_ANCHOR=1 RWM_PLAIN_RS=0 RWM_STORE_SACK_RELEASE=1 RWM_STORE_PATHS=1 RWM_STORE_PATH_POOL=2048 RWM_STORE=unset RWM_STORE_GAIN=2 RWM_STORE_BOOT=128 RWM_STORE_CAPW=0 RWM_STORE_CAP_UNIFIED=0 RWM_THREE_TERM=0 RWM_STORE_PERCAP=0 RWM_PERCAP_GUARD=1 RWM_STORE_BORROW=0 RWM_HONEST_CAP=1 RWM_POOL_ANCHOR=0 RWM_POOL_DELIV=0 RWM_FLOOR_BOUND=0 RWM_ACK_MERGE=1 RWM_PATIENCE_DERIVED=0 RWM_SIDLE_DERIVED=0 RWM_WIN_DECOUPLE=0 RWM_PLACE_SLACK=0 RWM_GEN=384 RWM_PIPELINE=2 RWM_GEN_PIPE=1 RWM_GEN_R=unset RWM_GEN_RATE=9000 RWM_GEN_RATE_FLOOR=2000 RWM_GEN_INFLIGHT=unset RWM_OOO_RETAIN=0/16 RWM_WINDOW=unset RWM_REPORT_GENS=unset RWM_REPAIR_WAIT=unset RWM_CODED_SRC=0 RWM_NO_REACTIVE=0 RWM_XPATH_REPAIR=0 RWM_PROACTIVE_PACER=0 RWM_REASM_BDP=0 RWM_MIN_R=0 RWM_CC_PACE=0 RWM_CC_PACE_HR=1.1 RWM_REACT_CAP=unset RWM_INFL_CAP=0 RWM_INFL_BDP=unset RWM_COPA_FEED=0 RWM_RS_ATTR=1 RWM_EMIT_BATCH=0 RWM_EMIT_BURST=64 RWM_RECOV_MP=1 RWM_RECOV_MP_LAW=1 RWM_RECOV_MP_LIVE=0 RWM_RECOV_SP=0 RWM_DIAG=0 RWM_RDIAG=0 RWM_FDIAG=0 RWM_TRACE=0 RWM_PFRAC=0
  bulk 400B rep1: p50=12.221ms p99=76.543ms p999=127.119ms max=127.119ms n=1000
  bulk 400B rep2: p50=11.856ms p99=72.575ms p999=118.44ms max=118.44ms n=1000
  bulk 400B rep3: p50=11.825ms p99=71.338ms p999=107.313ms max=107.313ms n=1000
  bulk 400B rep4: p50=12.003ms p99=78.036ms p999=125.506ms max=125.506ms n=1000
  bulk 400B rep5: p50=12.176ms p99=73.428ms p999=119.785ms max=119.785ms n=1000
ARM bulk 400B: n=5 min=71 median=73 max=78
--- bulk 1200B start=17:25:32
ARMENV bulk 1200B: hint=bulk env='<unset>' flags='' rate=50 dur=20
  ECHO bulk 1200B tm-s.log: ack-merge ACTIVE (RWM_ACK_MERGE: WINDOW mode sends ONE control datagram per data message instead of two — the legacy per-batch Ack is suppressed, the SACK WindowAck goes unconditional at that cadence and carries the Ack's payload in the v6 cumulative cum_expected/cum_received counters, every Ack-arm consumer re-homed onto the counter diff; BLOCK mode bit-exact; the delivery statistic/cadence/counts unchanged) copa_feed=false
  ECHO bulk 1200B tm-s.log: quinn congestion controller: BBR (shipped default; RWM_QUIC_CC overrides)
  ECHO bulk 1200B tm-s.log: RWM_UNIFIED=1 RWM_UNIFIED_SHED=1 RWM_TAPER_R=1 RWM_ASTAR_ANCHOR=1 RWM_MSTAR_ANCHOR=1 RWM_PLAIN_RS=0 RWM_STORE_SACK_RELEASE=1 RWM_STORE_PATHS=1 RWM_STORE_PATH_POOL=2048 RWM_STORE=unset RWM_STORE_GAIN=2 RWM_STORE_BOOT=128 RWM_STORE_CAPW=0 RWM_STORE_CAP_UNIFIED=0 RWM_THREE_TERM=0 RWM_STORE_PERCAP=0 RWM_PERCAP_GUARD=1 RWM_STORE_BORROW=0 RWM_HONEST_CAP=1 RWM_POOL_ANCHOR=0 RWM_POOL_DELIV=0 RWM_FLOOR_BOUND=0 RWM_ACK_MERGE=1 RWM_PATIENCE_DERIVED=0 RWM_SIDLE_DERIVED=0 RWM_WIN_DECOUPLE=0 RWM_PLACE_SLACK=0 RWM_GEN=384 RWM_PIPELINE=2 RWM_GEN_PIPE=1 RWM_GEN_R=unset RWM_GEN_RATE=9000 RWM_GEN_RATE_FLOOR=2000 RWM_GEN_INFLIGHT=unset RWM_OOO_RETAIN=0/16 RWM_WINDOW=unset RWM_REPORT_GENS=unset RWM_REPAIR_WAIT=unset RWM_CODED_SRC=0 RWM_NO_REACTIVE=0 RWM_XPATH_REPAIR=0 RWM_PROACTIVE_PACER=0 RWM_REASM_BDP=0 RWM_MIN_R=0 RWM_CC_PACE=0 RWM_CC_PACE_HR=1.1 RWM_REACT_CAP=unset RWM_INFL_CAP=0 RWM_INFL_BDP=unset RWM_COPA_FEED=0 RWM_RS_ATTR=1 RWM_EMIT_BATCH=0 RWM_EMIT_BURST=64 RWM_RECOV_MP=1 RWM_RECOV_MP_LAW=1 RWM_RECOV_MP_LIVE=0 RWM_RECOV_SP=0 RWM_DIAG=0 RWM_RDIAG=0 RWM_FDIAG=0 RWM_TRACE=0 RWM_PFRAC=0
  ECHO bulk 1200B tm-c.log: ack-merge ACTIVE (RWM_ACK_MERGE: WINDOW mode sends ONE control datagram per data message instead of two — the legacy per-batch Ack is suppressed, the SACK WindowAck goes unconditional at that cadence and carries the Ack's payload in the v6 cumulative cum_expected/cum_received counters, every Ack-arm consumer re-homed onto the counter diff; BLOCK mode bit-exact; the delivery statistic/cadence/counts unchanged) copa_feed=false
  ECHO bulk 1200B tm-c.log: quinn congestion controller: BBR (shipped default; RWM_QUIC_CC overrides)
  ECHO bulk 1200B tm-c.log: RWM_UNIFIED=1 RWM_UNIFIED_SHED=1 RWM_TAPER_R=1 RWM_ASTAR_ANCHOR=1 RWM_MSTAR_ANCHOR=1 RWM_PLAIN_RS=0 RWM_STORE_SACK_RELEASE=1 RWM_STORE_PATHS=1 RWM_STORE_PATH_POOL=2048 RWM_STORE=unset RWM_STORE_GAIN=2 RWM_STORE_BOOT=128 RWM_STORE_CAPW=0 RWM_STORE_CAP_UNIFIED=0 RWM_THREE_TERM=0 RWM_STORE_PERCAP=0 RWM_PERCAP_GUARD=1 RWM_STORE_BORROW=0 RWM_HONEST_CAP=1 RWM_POOL_ANCHOR=0 RWM_POOL_DELIV=0 RWM_FLOOR_BOUND=0 RWM_ACK_MERGE=1 RWM_PATIENCE_DERIVED=0 RWM_SIDLE_DERIVED=0 RWM_WIN_DECOUPLE=0 RWM_PLACE_SLACK=0 RWM_GEN=384 RWM_PIPELINE=2 RWM_GEN_PIPE=1 RWM_GEN_R=unset RWM_GEN_RATE=9000 RWM_GEN_RATE_FLOOR=2000 RWM_GEN_INFLIGHT=unset RWM_OOO_RETAIN=0/16 RWM_WINDOW=unset RWM_REPORT_GENS=unset RWM_REPAIR_WAIT=unset RWM_CODED_SRC=0 RWM_NO_REACTIVE=0 RWM_XPATH_REPAIR=0 RWM_PROACTIVE_PACER=0 RWM_REASM_BDP=0 RWM_MIN_R=0 RWM_CC_PACE=0 RWM_CC_PACE_HR=1.1 RWM_REACT_CAP=unset RWM_INFL_CAP=0 RWM_INFL_BDP=unset RWM_COPA_FEED=0 RWM_RS_ATTR=1 RWM_EMIT_BATCH=0 RWM_EMIT_BURST=64 RWM_RECOV_MP=1 RWM_RECOV_MP_LAW=1 RWM_RECOV_MP_LIVE=0 RWM_RECOV_SP=0 RWM_DIAG=0 RWM_RDIAG=0 RWM_FDIAG=0 RWM_TRACE=0 RWM_PFRAC=0
  bulk 1200B rep1: p50=12.772ms p99=68.251ms p999=111.263ms max=111.263ms n=1000
  bulk 1200B rep2: p50=12.192ms p99=67.124ms p999=82.179ms max=82.179ms n=1000
  bulk 1200B rep3: p50=12.32ms p99=69.691ms p999=110.016ms max=110.016ms n=1000
  bulk 1200B rep4: p50=12.269ms p99=67.348ms p999=124.547ms max=124.547ms n=1000
  bulk 1200B rep5: p50=12.368ms p99=67.529ms p999=108.1ms max=108.1ms n=1000
ARM bulk 1200B: n=5 min=67 median=68 max=70
=== done 17:28:07
