=== LAT BATTERY seed=42 reps=1 cells='sc2 sc3 c2r100 c7 c2r200 c1' 2026-08-10T12:15:31Z
=== binary sha256 44e5eff7415766861803dc365c5ad761f0e77b5b2f28886952b206bc94a04b01
=== source 9f5adc0
Model name:                              Intel(R) Xeon(R) CPU E5-2650 v3 @ 2.30GHz
Flags:                                   fpu vme de pse tsc msr pae mce cx8 apic sep mtrr pge mca cmov pat pse36 clflush mmx fxsr sse sse2 ss ht syscall nx pdpe1gb rdtscp lm arch_perfmon rep_good nopl xtopology cpuid tsc_known_freq pni pclmulqdq vmx ssse3 fma cx16 pdcm pcid sse4_1 sse4_2 x2apic movbe popcnt tsc_deadline_timer aes xsave avx f16c rdrand hypervisor lahf_lm abm cpuid_fault pti ssbd ibrs ibpb stibp tpr_shadow flexpriority ept vpid ept_ad fsgsbase tsc_adjust bmi1 avx2 smep bmi2 erms invpcid xsaveopt arat vnmi umip md_clear flush_l1d arch_capabilities
=== rep=1 arm=sc2-A seed=42 env="" cell=c2/c2/single bytes=100000000 12:15:31
[2m2026-08-10T12:15:32.800890Z[0m [32m INFO[0m [2mraptorpath::gates[0m[2m:[0m [GATES] RWM_UNIFIED=1 RWM_UNIFIED_SHED=1 RWM_TAPER_R=1 RWM_ASTAR_ANCHOR=1 RWM_MSTAR_ANCHOR=1 RWM_PLAIN_RS=0 RWM_STORE_SACK_RELEASE=1 RWM_STORE_PATHS=1 RWM_STORE_PATH_POOL=2048 RWM_STORE=unset RWM_STORE_GAIN=2 RWM_STORE_BOOT=128 RWM_STORE_CAPW=0 RWM_STORE_CAP_UNIFIED=0 RWM_THREE_TERM=0 RWM_STORE_PERCAP=0 RWM_PERCAP_GUARD=1 RWM_STORE_BORROW=0 RWM_HONEST_CAP=1 RWM_POOL_ANCHOR=0 RWM_POOL_DELIV=0 RWM_FLOOR_BOUND=0 RWM_ACK_MERGE=1 RWM_PATIENCE_DERIVED=0 RWM_SIDLE_DERIVED=0 RWM_WIN_DECOUPLE=0 RWM_PLACE_SLACK=0 RWM_GEN=384 RWM_PIPELINE=2 RWM_GEN_PIPE=1 RWM_GEN_R=unset RWM_GEN_RATE=9000 RWM_GEN_RATE_FLOOR=2000 RWM_GEN_INFLIGHT=unset RWM_OOO_RETAIN=0/16 RWM_WINDOW=unset RWM_REPORT_GENS=unset RWM_REPAIR_WAIT=unset RWM_CODED_SRC=0 RWM_NO_REACTIVE=0 RWM_XPATH_REPAIR=0 RWM_PROACTIVE_PACER=0 RWM_REASM_BDP=0 RWM_MIN_R=0 RWM_CC_PACE=0 RWM_CC_PACE_HR=1.1 RWM_REACT_CAP=unset RWM_INFL_CAP=0 RWM_INFL_BDP=unset RWM_COPA_FEED=0 RWM_RS_ATTR=1 RWM_EMIT_BATCH=0 RWM_EMIT_BURST=64 RWM_RECOV_MP=1 RWM_RECOV_MP_LAW=1 RWM_RECOV_MP_LIVE=0 RWM_RECOV_SP=0 RWM_DIAG=1 RWM_RDIAG=0 RWM_FDIAG=0 RWM_TRACE=0 RWM_PFRAC=0
{"bytes":100000000,"dnf":0,"hint":"bulk","max_s":9.0546,"mean_mbps":88.353,"mean_s":9.0546,"median_s":9.0546,"min_s":9.0546,"proto":"rp-native","runs":1,"stdev_s":0.0,"summary":true}
    LATPROBE: /tmp/rwm-ping.txt 177 replies
    CPU: CPUSRV=7.25s CPUCLI=6.08s (srv=decoder cli=sender; whole-invocation incl warmup)
    QDISC cli0: qdisc netem 854c: root refcnt 7 limit 1000 delay 5ms  3ms loss gemodel p 1.3% r 50% 1-h 100% 1-k 0% rate 100Mbit seed 42  Sent 111659521 bytes 86319 pkt (dropped 331, overlimits 0 requeues 0)   backlog 0b 0p requeues 0 
    QDISC cli1: qdisc netem 854d: root refcnt 7 limit 1000 delay 5ms  3ms loss gemodel p 1.3% r 50% 1-h 100% 1-k 0% rate 100Mbit seed 42  Sent 776 bytes 10 pkt (dropped 0, overlimits 0 requeues 0)   backlog 0b 0p requeues 0 
    QDISC srv0: qdisc netem 854e: root refcnt 7 limit 1000 delay 5ms  3ms rate 100Mbit seed 2883856355774815943  Sent 10884671 bytes 61266 pkt (dropped 0, overlimits 0 requeues 0)   backlog 0b 0p requeues 0 
    QDISC srv1: qdisc netem 854f: root refcnt 7 limit 1000 delay 5ms  3ms rate 100Mbit seed 704601115135594045  Sent 866 bytes 11 pkt (dropped 0, overlimits 0 requeues 0)   backlog 0b 0p requeues 0 
    QCAP: /tmp/rwm-q.txt 18 lines
RUNTIME sc2-A rep=1 11s
LATRESULT {"cell": "sc2", "arm": "A", "seed": 42, "rep": 1, "dnf": false, "dnf_count": 0, "mbps": 88.353, "seconds": 9.055, "n_runs": 1, "occ_p50": 1006, "occ_p90": 1024, "occcap_p50": 1024, "q_p50": 87, "q_p95": 90, "q_p99": 95, "q_n": 33, "diag_lines": 36, "retx": 3080, "gates_cli_3t": 0, "gates_srv_3t": 0, "gates_cli_rs": 0, "gates_srv_rs": 0, "gates_lines_cli": 1, "gates_lines_srv": 1, "active_echo_cli": 0, "tt_eng1": 0, "ping_n": 177, "ping_p50": 89.3, "ping_p95": 93.4, "ping_p99": 94.4, "ping_max": 94.9, "ping_min": 4.22, "ping_tx": null, "ping_rx": null, "ping_loss": null, "wait_tun": 30, "wait_paused": 40, "wait_pace": 0, "wait_gen": 0, "wait_nack": 30, "wait_defc": 0, "wait_tail": 1, "wait_flush": 0, "wait_lines": 33, "dgq_hand": 88186, "dgq_tx": 88186, "dgq_full": 0, "dgq_err": 0, "dgq_gap": 0, "dgq_paths": 1, "tc_bytes": 111660297, "tc_pkts": 86329, "tc_drop": 331, "tc_s": 11}
LIVENESS sc2-A rep=1 cli=[RWM_THREE_TERM=0 RWM_PLAIN_RS=0] srv=[RWM_THREE_TERM=0 RWM_PLAIN_RS=0] active=0 eng1_lines=0 wait_lines=36 dgq_lines=34 ping_replies=177 (expect 3t=0 rs=0)
=== rep=1 arm=sc2-B seed=42 env="RWM_THREE_TERM=1 RWM_PLAIN_RS=1" cell=c2/c2/single bytes=100000000 12:15:42
[2m2026-08-10T12:15:43.867846Z[0m [32m INFO[0m [2mraptorpath::gates[0m[2m:[0m [GATES] RWM_UNIFIED=1 RWM_UNIFIED_SHED=1 RWM_TAPER_R=1 RWM_ASTAR_ANCHOR=1 RWM_MSTAR_ANCHOR=1 RWM_PLAIN_RS=1 RWM_STORE_SACK_RELEASE=1 RWM_STORE_PATHS=1 RWM_STORE_PATH_POOL=2048 RWM_STORE=unset RWM_STORE_GAIN=2 RWM_STORE_BOOT=128 RWM_STORE_CAPW=0 RWM_STORE_CAP_UNIFIED=0 RWM_THREE_TERM=1 RWM_STORE_PERCAP=0 RWM_PERCAP_GUARD=1 RWM_STORE_BORROW=0 RWM_HONEST_CAP=1 RWM_POOL_ANCHOR=0 RWM_POOL_DELIV=0 RWM_FLOOR_BOUND=0 RWM_ACK_MERGE=1 RWM_PATIENCE_DERIVED=0 RWM_SIDLE_DERIVED=0 RWM_WIN_DECOUPLE=0 RWM_PLACE_SLACK=0 RWM_GEN=384 RWM_PIPELINE=2 RWM_GEN_PIPE=1 RWM_GEN_R=unset RWM_GEN_RATE=9000 RWM_GEN_RATE_FLOOR=2000 RWM_GEN_INFLIGHT=unset RWM_OOO_RETAIN=0/16 RWM_WINDOW=unset RWM_REPORT_GENS=unset RWM_REPAIR_WAIT=unset RWM_CODED_SRC=0 RWM_NO_REACTIVE=0 RWM_XPATH_REPAIR=0 RWM_PROACTIVE_PACER=0 RWM_REASM_BDP=0 RWM_MIN_R=0 RWM_CC_PACE=0 RWM_CC_PACE_HR=1.1 RWM_REACT_CAP=unset RWM_INFL_CAP=0 RWM_INFL_BDP=unset RWM_COPA_FEED=0 RWM_RS_ATTR=1 RWM_EMIT_BATCH=0 RWM_EMIT_BURST=64 RWM_RECOV_MP=1 RWM_RECOV_MP_LAW=1 RWM_RECOV_MP_LIVE=0 RWM_RECOV_SP=0 RWM_DIAG=1 RWM_RDIAG=0 RWM_FDIAG=0 RWM_TRACE=0 RWM_PFRAC=0
{"bytes":100000000,"dnf":0,"hint":"bulk","max_s":9.2316,"mean_mbps":86.659,"mean_s":9.2316,"median_s":9.2316,"min_s":9.2316,"proto":"rp-native","runs":1,"stdev_s":0.0,"summary":true}
    LATPROBE: /tmp/rwm-ping.txt 184 replies
    CPU: CPUSRV=7.40s CPUCLI=7.39s (srv=decoder cli=sender; whole-invocation incl warmup)
    QDISC cli0: qdisc netem 8550: root refcnt 7 limit 1000 delay 5ms  3ms loss gemodel p 1.3% r 50% 1-h 100% 1-k 0% rate 100Mbit seed 42  Sent 112070168 bytes 92361 pkt (dropped 517, overlimits 0 requeues 0)   backlog 0b 0p requeues 0 
    QDISC cli1: qdisc netem 8551: root refcnt 7 limit 1000 delay 5ms  3ms loss gemodel p 1.3% r 50% 1-h 100% 1-k 0% rate 100Mbit seed 42  Sent 776 bytes 10 pkt (dropped 0, overlimits 0 requeues 0)   backlog 0b 0p requeues 0 
    QDISC srv0: qdisc netem 8552: root refcnt 7 limit 1000 delay 5ms  3ms rate 100Mbit seed 3904857041356469185  Sent 11013870 bytes 62405 pkt (dropped 0, overlimits 0 requeues 0)   backlog 0b 0p requeues 0 
    QDISC srv1: qdisc netem 8553: root refcnt 7 limit 1000 delay 5ms  3ms rate 100Mbit seed 5223327481198795055  Sent 866 bytes 11 pkt (dropped 0, overlimits 0 requeues 0)   backlog 0b 0p requeues 0 
    QCAP: /tmp/rwm-q.txt 18 lines
RUNTIME sc2-B rep=1 11s
LATRESULT {"cell": "sc2", "arm": "B", "seed": 42, "rep": 1, "dnf": false, "dnf_count": 0, "mbps": 86.659, "seconds": 9.232, "n_runs": 1, "occ_p50": 472, "occ_p90": 493, "occcap_p50": 491, "q_p50": 35, "q_p95": 40, "q_p99": 42, "q_n": 33, "diag_lines": 36, "retx": 3361, "gates_cli_3t": 1, "gates_srv_3t": 1, "gates_cli_rs": 1, "gates_srv_rs": 1, "gates_lines_cli": 1, "gates_lines_srv": 1, "active_echo_cli": 1, "tt_eng1": 4, "ping_n": 184, "ping_p50": 46.4, "ping_p95": 50.7, "ping_p99": 51.5, "ping_max": 52.9, "ping_min": 7.15, "ping_tx": null, "ping_rx": null, "ping_loss": null, "wait_tun": 33, "wait_paused": 37, "wait_pace": 0, "wait_gen": 0, "wait_nack": 31, "wait_defc": 0, "wait_tail": 0, "wait_flush": 0, "wait_lines": 33, "dgq_hand": 86930, "dgq_tx": 86930, "dgq_full": 0, "dgq_err": 0, "dgq_gap": 0, "dgq_paths": 1, "tc_bytes": 112070944, "tc_pkts": 92371, "tc_drop": 517, "tc_s": 11}
LIVENESS sc2-B rep=1 cli=[RWM_THREE_TERM=1 RWM_PLAIN_RS=1] srv=[RWM_THREE_TERM=1 RWM_PLAIN_RS=1] active=1 eng1_lines=4 wait_lines=36 dgq_lines=34 ping_replies=184 (expect 3t=1 rs=1)
=== rep=1 arm=sc2-D seed=42 env="RWM_PLAIN_RS=1" cell=c2/c2/single bytes=100000000 12:15:53
[2m2026-08-10T12:15:55.212716Z[0m [32m INFO[0m [2mraptorpath::gates[0m[2m:[0m [GATES] RWM_UNIFIED=1 RWM_UNIFIED_SHED=1 RWM_TAPER_R=1 RWM_ASTAR_ANCHOR=1 RWM_MSTAR_ANCHOR=1 RWM_PLAIN_RS=1 RWM_STORE_SACK_RELEASE=1 RWM_STORE_PATHS=1 RWM_STORE_PATH_POOL=2048 RWM_STORE=unset RWM_STORE_GAIN=2 RWM_STORE_BOOT=128 RWM_STORE_CAPW=0 RWM_STORE_CAP_UNIFIED=0 RWM_THREE_TERM=0 RWM_STORE_PERCAP=0 RWM_PERCAP_GUARD=1 RWM_STORE_BORROW=0 RWM_HONEST_CAP=1 RWM_POOL_ANCHOR=0 RWM_POOL_DELIV=0 RWM_FLOOR_BOUND=0 RWM_ACK_MERGE=1 RWM_PATIENCE_DERIVED=0 RWM_SIDLE_DERIVED=0 RWM_WIN_DECOUPLE=0 RWM_PLACE_SLACK=0 RWM_GEN=384 RWM_PIPELINE=2 RWM_GEN_PIPE=1 RWM_GEN_R=unset RWM_GEN_RATE=9000 RWM_GEN_RATE_FLOOR=2000 RWM_GEN_INFLIGHT=unset RWM_OOO_RETAIN=0/16 RWM_WINDOW=unset RWM_REPORT_GENS=unset RWM_REPAIR_WAIT=unset RWM_CODED_SRC=0 RWM_NO_REACTIVE=0 RWM_XPATH_REPAIR=0 RWM_PROACTIVE_PACER=0 RWM_REASM_BDP=0 RWM_MIN_R=0 RWM_CC_PACE=0 RWM_CC_PACE_HR=1.1 RWM_REACT_CAP=unset RWM_INFL_CAP=0 RWM_INFL_BDP=unset RWM_COPA_FEED=0 RWM_RS_ATTR=1 RWM_EMIT_BATCH=0 RWM_EMIT_BURST=64 RWM_RECOV_MP=1 RWM_RECOV_MP_LAW=1 RWM_RECOV_MP_LIVE=0 RWM_RECOV_SP=0 RWM_DIAG=1 RWM_RDIAG=0 RWM_FDIAG=0 RWM_TRACE=0 RWM_PFRAC=0
{"bytes":100000000,"dnf":0,"hint":"bulk","max_s":9.3029,"mean_mbps":85.995,"mean_s":9.3029,"median_s":9.3029,"min_s":9.3029,"proto":"rp-native","runs":1,"stdev_s":0.0,"summary":true}
    LATPROBE: /tmp/rwm-ping.txt 177 replies
    CPU: CPUSRV=7.71s CPUCLI=8.38s (srv=decoder cli=sender; whole-invocation incl warmup)
    QDISC cli0: qdisc netem 8554: root refcnt 7 limit 1000 delay 5ms  3ms loss gemodel p 1.3% r 50% 1-h 100% 1-k 0% rate 100Mbit seed 42  Sent 112818903 bytes 93271 pkt (dropped 581, overlimits 0 requeues 0)   backlog 0b 0p requeues 0 
    QDISC cli1: qdisc netem 8555: root refcnt 7 limit 1000 delay 5ms  3ms loss gemodel p 1.3% r 50% 1-h 100% 1-k 0% rate 100Mbit seed 42  Sent 776 bytes 10 pkt (dropped 0, overlimits 0 requeues 0)   backlog 0b 0p requeues 0 
    QDISC srv0: qdisc netem 8556: root refcnt 7 limit 1000 delay 5ms  3ms rate 100Mbit seed 3443580516735983443  Sent 11224364 bytes 62997 pkt (dropped 0, overlimits 0 requeues 0)   backlog 0b 0p requeues 0 
    QDISC srv1: qdisc netem 8557: root refcnt 7 limit 1000 delay 5ms  3ms rate 100Mbit seed 9366207310651549576  Sent 866 bytes 11 pkt (dropped 0, overlimits 0 requeues 0)   backlog 0b 0p requeues 0 
    QCAP: /tmp/rwm-q.txt 18 lines
RUNTIME sc2-D rep=1 11s
LATRESULT {"cell": "sc2", "arm": "D", "seed": 42, "rep": 1, "dnf": false, "dnf_count": 0, "mbps": 85.995, "seconds": 9.303, "n_runs": 1, "occ_p50": 1004, "occ_p90": 1024, "occcap_p50": 1024, "q_p50": 93, "q_p95": 97, "q_p99": 100, "q_n": 33, "diag_lines": 37, "retx": 3988, "gates_cli_3t": 0, "gates_srv_3t": 0, "gates_cli_rs": 1, "gates_srv_rs": 1, "gates_lines_cli": 1, "gates_lines_srv": 1, "active_echo_cli": 0, "tt_eng1": 0, "ping_n": 177, "ping_p50": 101.0, "ping_p95": 106.0, "ping_p99": 108.0, "ping_max": 111.0, "ping_min": 6.77, "ping_tx": null, "ping_rx": null, "ping_loss": null, "wait_tun": 38, "wait_paused": 22, "wait_pace": 0, "wait_gen": 0, "wait_nack": 39, "wait_defc": 0, "wait_tail": 1, "wait_flush": 0, "wait_lines": 34, "dgq_hand": 89190, "dgq_tx": 89190, "dgq_full": 0, "dgq_err": 0, "dgq_gap": 0, "dgq_paths": 1, "tc_bytes": 112819679, "tc_pkts": 93281, "tc_drop": 581, "tc_s": 11}
LIVENESS sc2-D rep=1 cli=[RWM_THREE_TERM=0 RWM_PLAIN_RS=1] srv=[RWM_THREE_TERM=0 RWM_PLAIN_RS=1] active=0 eng1_lines=0 wait_lines=37 dgq_lines=34 ping_replies=177 (expect 3t=0 rs=1)
=== rep=1 arm=sc3-A seed=42 env="" cell=c3/c3/single bytes=25000000 12:16:04
[2m2026-08-10T12:16:06.957506Z[0m [32m INFO[0m [2mraptorpath::gates[0m[2m:[0m [GATES] RWM_UNIFIED=1 RWM_UNIFIED_SHED=1 RWM_TAPER_R=1 RWM_ASTAR_ANCHOR=1 RWM_MSTAR_ANCHOR=1 RWM_PLAIN_RS=0 RWM_STORE_SACK_RELEASE=1 RWM_STORE_PATHS=1 RWM_STORE_PATH_POOL=2048 RWM_STORE=unset RWM_STORE_GAIN=2 RWM_STORE_BOOT=128 RWM_STORE_CAPW=0 RWM_STORE_CAP_UNIFIED=0 RWM_THREE_TERM=0 RWM_STORE_PERCAP=0 RWM_PERCAP_GUARD=1 RWM_STORE_BORROW=0 RWM_HONEST_CAP=1 RWM_POOL_ANCHOR=0 RWM_POOL_DELIV=0 RWM_FLOOR_BOUND=0 RWM_ACK_MERGE=1 RWM_PATIENCE_DERIVED=0 RWM_SIDLE_DERIVED=0 RWM_WIN_DECOUPLE=0 RWM_PLACE_SLACK=0 RWM_GEN=384 RWM_PIPELINE=2 RWM_GEN_PIPE=1 RWM_GEN_R=unset RWM_GEN_RATE=9000 RWM_GEN_RATE_FLOOR=2000 RWM_GEN_INFLIGHT=unset RWM_OOO_RETAIN=0/16 RWM_WINDOW=unset RWM_REPORT_GENS=unset RWM_REPAIR_WAIT=unset RWM_CODED_SRC=0 RWM_NO_REACTIVE=0 RWM_XPATH_REPAIR=0 RWM_PROACTIVE_PACER=0 RWM_REASM_BDP=0 RWM_MIN_R=0 RWM_CC_PACE=0 RWM_CC_PACE_HR=1.1 RWM_REACT_CAP=unset RWM_INFL_CAP=0 RWM_INFL_BDP=unset RWM_COPA_FEED=0 RWM_RS_ATTR=1 RWM_EMIT_BATCH=0 RWM_EMIT_BURST=64 RWM_RECOV_MP=1 RWM_RECOV_MP_LAW=1 RWM_RECOV_MP_LIVE=0 RWM_RECOV_SP=0 RWM_DIAG=1 RWM_RDIAG=0 RWM_FDIAG=0 RWM_TRACE=0 RWM_PFRAC=0
{"bytes":25000000,"dnf":0,"hint":"bulk","max_s":11.9812,"mean_mbps":16.693,"mean_s":11.9812,"median_s":11.9812,"min_s":11.9812,"proto":"rp-native","runs":1,"stdev_s":0.0,"summary":true}
    LATPROBE: /tmp/rwm-ping.txt 228 replies
    CPU: CPUSRV=2.54s CPUCLI=2.78s (srv=decoder cli=sender; whole-invocation incl warmup)
    QDISC cli0: qdisc netem 8558: root refcnt 7 limit 1000 delay 20ms  5ms loss gemodel p 2% r 40% 1-h 100% 1-k 0% rate 20Mbit seed 42  Sent 29555123 bytes 26623 pkt (dropped 481, overlimits 0 requeues 0)   backlog 111b 1p requeues 0 
    QDISC cli1: qdisc netem 8559: root refcnt 7 limit 1000 delay 20ms  5ms loss gemodel p 2% r 40% 1-h 100% 1-k 0% rate 20Mbit seed 42  Sent 776 bytes 10 pkt (dropped 1, overlimits 0 requeues 0)   backlog 0b 0p requeues 0 
    QDISC srv0: qdisc netem 855a: root refcnt 7 limit 1000 delay 20ms  5ms rate 20Mbit seed 7143025225671711292  Sent 3460990 bytes 19113 pkt (dropped 0, overlimits 0 requeues 0)   backlog 156b 2p requeues 0 
    QDISC srv1: qdisc netem 855b: root refcnt 7 limit 1000 delay 20ms  5ms rate 20Mbit seed 5270363992609369840  Sent 866 bytes 11 pkt (dropped 0, overlimits 0 requeues 0)   backlog 0b 0p requeues 0 
    QCAP: /tmp/rwm-q.txt 18 lines
RUNTIME sc3-A rep=1 15s
LATRESULT {"cell": "sc3", "arm": "A", "seed": 42, "rep": 1, "dnf": false, "dnf_count": 0, "mbps": 16.693, "seconds": 11.981, "n_runs": 1, "occ_p50": 1024, "occ_p90": 1024, "occcap_p50": 1024, "q_p50": 476, "q_p95": 561, "q_p99": 606, "q_n": 43, "diag_lines": 47, "retx": 2477, "gates_cli_3t": 0, "gates_srv_3t": 0, "gates_cli_rs": 0, "gates_srv_rs": 0, "gates_lines_cli": 1, "gates_lines_srv": 1, "active_echo_cli": 0, "tt_eng1": 0, "ping_n": 228, "ping_p50": 504.0, "ping_p95": 542.0, "ping_p99": 552.0, "ping_max": 562.0, "ping_min": 33.5, "ping_tx": null, "ping_rx": null, "ping_loss": null, "wait_tun": 9, "wait_paused": 73, "wait_pace": 0, "wait_gen": 0, "wait_nack": 17, "wait_defc": 0, "wait_tail": 1, "wait_flush": 0, "wait_lines": 44, "dgq_hand": 23956, "dgq_tx": 23956, "dgq_full": 0, "dgq_err": 0, "dgq_gap": 0, "dgq_paths": 1, "tc_bytes": 29556010, "tc_pkts": 26634, "tc_drop": 483, "tc_s": 15}
LIVENESS sc3-A rep=1 cli=[RWM_THREE_TERM=0 RWM_PLAIN_RS=0] srv=[RWM_THREE_TERM=0 RWM_PLAIN_RS=0] active=0 eng1_lines=0 wait_lines=47 dgq_lines=43 ping_replies=228 (expect 3t=0 rs=0)
=== rep=1 arm=sc3-B seed=42 env="RWM_THREE_TERM=1 RWM_PLAIN_RS=1" cell=c3/c3/single bytes=25000000 12:16:19
[2m2026-08-10T12:16:21.438464Z[0m [32m INFO[0m [2mraptorpath::gates[0m[2m:[0m [GATES] RWM_UNIFIED=1 RWM_UNIFIED_SHED=1 RWM_TAPER_R=1 RWM_ASTAR_ANCHOR=1 RWM_MSTAR_ANCHOR=1 RWM_PLAIN_RS=1 RWM_STORE_SACK_RELEASE=1 RWM_STORE_PATHS=1 RWM_STORE_PATH_POOL=2048 RWM_STORE=unset RWM_STORE_GAIN=2 RWM_STORE_BOOT=128 RWM_STORE_CAPW=0 RWM_STORE_CAP_UNIFIED=0 RWM_THREE_TERM=1 RWM_STORE_PERCAP=0 RWM_PERCAP_GUARD=1 RWM_STORE_BORROW=0 RWM_HONEST_CAP=1 RWM_POOL_ANCHOR=0 RWM_POOL_DELIV=0 RWM_FLOOR_BOUND=0 RWM_ACK_MERGE=1 RWM_PATIENCE_DERIVED=0 RWM_SIDLE_DERIVED=0 RWM_WIN_DECOUPLE=0 RWM_PLACE_SLACK=0 RWM_GEN=384 RWM_PIPELINE=2 RWM_GEN_PIPE=1 RWM_GEN_R=unset RWM_GEN_RATE=9000 RWM_GEN_RATE_FLOOR=2000 RWM_GEN_INFLIGHT=unset RWM_OOO_RETAIN=0/16 RWM_WINDOW=unset RWM_REPORT_GENS=unset RWM_REPAIR_WAIT=unset RWM_CODED_SRC=0 RWM_NO_REACTIVE=0 RWM_XPATH_REPAIR=0 RWM_PROACTIVE_PACER=0 RWM_REASM_BDP=0 RWM_MIN_R=0 RWM_CC_PACE=0 RWM_CC_PACE_HR=1.1 RWM_REACT_CAP=unset RWM_INFL_CAP=0 RWM_INFL_BDP=unset RWM_COPA_FEED=0 RWM_RS_ATTR=1 RWM_EMIT_BATCH=0 RWM_EMIT_BURST=64 RWM_RECOV_MP=1 RWM_RECOV_MP_LAW=1 RWM_RECOV_MP_LIVE=0 RWM_RECOV_SP=0 RWM_DIAG=1 RWM_RDIAG=0 RWM_FDIAG=0 RWM_TRACE=0 RWM_PFRAC=0
{"bytes":25000000,"dnf":0,"hint":"bulk","max_s":12.3688,"mean_mbps":16.17,"mean_s":12.3688,"median_s":12.3688,"min_s":12.3688,"proto":"rp-native","runs":1,"stdev_s":0.0,"summary":true}
    LATPROBE: /tmp/rwm-ping.txt 236 replies
    CPU: CPUSRV=2.49s CPUCLI=2.73s (srv=decoder cli=sender; whole-invocation incl warmup)
    QDISC cli0: qdisc netem 855c: root refcnt 7 limit 1000 delay 20ms  5ms loss gemodel p 2% r 40% 1-h 100% 1-k 0% rate 20Mbit seed 42  Sent 30791286 bytes 27567 pkt (dropped 505, overlimits 0 requeues 0)   backlog 200b 2p requeues 0 
    QDISC cli1: qdisc netem 855d: root refcnt 7 limit 1000 delay 20ms  5ms loss gemodel p 2% r 40% 1-h 100% 1-k 0% rate 20Mbit seed 42  Sent 776 bytes 10 pkt (dropped 1, overlimits 0 requeues 0)   backlog 0b 0p requeues 0 
    QDISC srv0: qdisc netem 855e: root refcnt 7 limit 1000 delay 20ms  5ms rate 20Mbit seed 10945593216648654191  Sent 3469385 bytes 19569 pkt (dropped 0, overlimits 0 requeues 0)   backlog 0b 0p requeues 0 
    QDISC srv1: qdisc netem 855f: root refcnt 7 limit 1000 delay 20ms  5ms rate 20Mbit seed 12073238556289126423  Sent 936 bytes 12 pkt (dropped 0, overlimits 0 requeues 0)   backlog 0b 0p requeues 0 
    QCAP: /tmp/rwm-q.txt 18 lines
RUNTIME sc3-B rep=1 15s
LATRESULT {"cell": "sc3", "arm": "B", "seed": 42, "rep": 1, "dnf": false, "dnf_count": 0, "mbps": 16.17, "seconds": 12.369, "n_runs": 1, "occ_p50": 307, "occ_p90": 931, "occcap_p50": 311, "q_p50": 114, "q_p95": 800, "q_p99": 875, "q_n": 42, "diag_lines": 49, "retx": 3389, "gates_cli_3t": 1, "gates_srv_3t": 1, "gates_cli_rs": 1, "gates_srv_rs": 1, "gates_lines_cli": 1, "gates_lines_srv": 1, "active_echo_cli": 1, "tt_eng1": 6, "ping_n": 236, "ping_p50": 156.0, "ping_p95": 768.0, "ping_p99": 923.0, "ping_max": 927.0, "ping_min": 34.0, "ping_tx": null, "ping_rx": null, "ping_loss": null, "wait_tun": 7, "wait_paused": 75, "wait_pace": 0, "wait_gen": 0, "wait_nack": 16, "wait_defc": 0, "wait_tail": 1, "wait_flush": 0, "wait_lines": 46, "dgq_hand": 24920, "dgq_tx": 24920, "dgq_full": 0, "dgq_err": 0, "dgq_gap": 0, "dgq_paths": 1, "tc_bytes": 30792262, "tc_pkts": 27579, "tc_drop": 506, "tc_s": 15}
LIVENESS sc3-B rep=1 cli=[RWM_THREE_TERM=1 RWM_PLAIN_RS=1] srv=[RWM_THREE_TERM=1 RWM_PLAIN_RS=1] active=1 eng1_lines=6 wait_lines=49 dgq_lines=44 ping_replies=236 (expect 3t=1 rs=1)
=== rep=1 arm=sc3-D seed=42 env="RWM_PLAIN_RS=1" cell=c3/c3/single bytes=25000000 12:16:34
[2m2026-08-10T12:16:36.531521Z[0m [32m INFO[0m [2mraptorpath::gates[0m[2m:[0m [GATES] RWM_UNIFIED=1 RWM_UNIFIED_SHED=1 RWM_TAPER_R=1 RWM_ASTAR_ANCHOR=1 RWM_MSTAR_ANCHOR=1 RWM_PLAIN_RS=1 RWM_STORE_SACK_RELEASE=1 RWM_STORE_PATHS=1 RWM_STORE_PATH_POOL=2048 RWM_STORE=unset RWM_STORE_GAIN=2 RWM_STORE_BOOT=128 RWM_STORE_CAPW=0 RWM_STORE_CAP_UNIFIED=0 RWM_THREE_TERM=0 RWM_STORE_PERCAP=0 RWM_PERCAP_GUARD=1 RWM_STORE_BORROW=0 RWM_HONEST_CAP=1 RWM_POOL_ANCHOR=0 RWM_POOL_DELIV=0 RWM_FLOOR_BOUND=0 RWM_ACK_MERGE=1 RWM_PATIENCE_DERIVED=0 RWM_SIDLE_DERIVED=0 RWM_WIN_DECOUPLE=0 RWM_PLACE_SLACK=0 RWM_GEN=384 RWM_PIPELINE=2 RWM_GEN_PIPE=1 RWM_GEN_R=unset RWM_GEN_RATE=9000 RWM_GEN_RATE_FLOOR=2000 RWM_GEN_INFLIGHT=unset RWM_OOO_RETAIN=0/16 RWM_WINDOW=unset RWM_REPORT_GENS=unset RWM_REPAIR_WAIT=unset RWM_CODED_SRC=0 RWM_NO_REACTIVE=0 RWM_XPATH_REPAIR=0 RWM_PROACTIVE_PACER=0 RWM_REASM_BDP=0 RWM_MIN_R=0 RWM_CC_PACE=0 RWM_CC_PACE_HR=1.1 RWM_REACT_CAP=unset RWM_INFL_CAP=0 RWM_INFL_BDP=unset RWM_COPA_FEED=0 RWM_RS_ATTR=1 RWM_EMIT_BATCH=0 RWM_EMIT_BURST=64 RWM_RECOV_MP=1 RWM_RECOV_MP_LAW=1 RWM_RECOV_MP_LIVE=0 RWM_RECOV_SP=0 RWM_DIAG=1 RWM_RDIAG=0 RWM_FDIAG=0 RWM_TRACE=0 RWM_PFRAC=0
{"bytes":25000000,"dnf":0,"hint":"bulk","max_s":12.1502,"mean_mbps":16.461,"mean_s":12.1502,"median_s":12.1502,"min_s":12.1502,"proto":"rp-native","runs":1,"stdev_s":0.0,"summary":true}
    LATPROBE: /tmp/rwm-ping.txt 226 replies
    CPU: CPUSRV=2.46s CPUCLI=2.74s (srv=decoder cli=sender; whole-invocation incl warmup)
    QDISC cli0: qdisc netem 8560: root refcnt 7 limit 1000 delay 20ms  5ms loss gemodel p 2% r 40% 1-h 100% 1-k 0% rate 20Mbit seed 42  Sent 29876996 bytes 27230 pkt (dropped 497, overlimits 0 requeues 0)   backlog 0b 0p requeues 0 
    QDISC cli1: qdisc netem 8561: root refcnt 7 limit 1000 delay 20ms  5ms loss gemodel p 2% r 40% 1-h 100% 1-k 0% rate 20Mbit seed 42  Sent 776 bytes 10 pkt (dropped 1, overlimits 0 requeues 0)   backlog 0b 0p requeues 0 
    QDISC srv0: qdisc netem 8562: root refcnt 7 limit 1000 delay 20ms  5ms rate 20Mbit seed 14852024466476565959  Sent 3322104 bytes 18729 pkt (dropped 0, overlimits 0 requeues 0)   backlog 0b 0p requeues 0 
    QDISC srv1: qdisc netem 8563: root refcnt 7 limit 1000 delay 20ms  5ms rate 20Mbit seed 9910067915699919497  Sent 936 bytes 12 pkt (dropped 0, overlimits 0 requeues 0)   backlog 0b 0p requeues 0 
    QCAP: /tmp/rwm-q.txt 18 lines
RUNTIME sc3-D rep=1 15s
LATRESULT {"cell": "sc3", "arm": "D", "seed": 42, "rep": 1, "dnf": false, "dnf_count": 0, "mbps": 16.461, "seconds": 12.15, "n_runs": 1, "occ_p50": 406, "occ_p90": 965, "occcap_p50": 406, "q_p50": 164, "q_p95": 491, "q_p99": 587, "q_n": 42, "diag_lines": 48, "retx": 2694, "gates_cli_3t": 0, "gates_srv_3t": 0, "gates_cli_rs": 1, "gates_srv_rs": 1, "gates_lines_cli": 1, "gates_lines_srv": 1, "active_echo_cli": 0, "tt_eng1": 0, "ping_n": 226, "ping_p50": 202.0, "ping_p95": 481.0, "ping_p99": 629.0, "ping_max": 683.0, "ping_min": 35.7, "ping_tx": null, "ping_rx": null, "ping_loss": null, "wait_tun": 7, "wait_paused": 75, "wait_pace": 0, "wait_gen": 0, "wait_nack": 17, "wait_defc": 0, "wait_tail": 1, "wait_flush": 0, "wait_lines": 45, "dgq_hand": 24206, "dgq_tx": 24206, "dgq_full": 0, "dgq_err": 0, "dgq_gap": 0, "dgq_paths": 1, "tc_bytes": 29877772, "tc_pkts": 27240, "tc_drop": 498, "tc_s": 15}
LIVENESS sc3-D rep=1 cli=[RWM_THREE_TERM=0 RWM_PLAIN_RS=1] srv=[RWM_THREE_TERM=0 RWM_PLAIN_RS=1] active=0 eng1_lines=0 wait_lines=48 dgq_lines=43 ping_replies=226 (expect 3t=0 rs=1)
=== rep=1 arm=c2r100-A seed=42 env="" cell=c2r100/c2r100/single bytes=100000000 12:16:49
[2m2026-08-10T12:16:51.141045Z[0m [32m INFO[0m [2mraptorpath::gates[0m[2m:[0m [GATES] RWM_UNIFIED=1 RWM_UNIFIED_SHED=1 RWM_TAPER_R=1 RWM_ASTAR_ANCHOR=1 RWM_MSTAR_ANCHOR=1 RWM_PLAIN_RS=0 RWM_STORE_SACK_RELEASE=1 RWM_STORE_PATHS=1 RWM_STORE_PATH_POOL=2048 RWM_STORE=unset RWM_STORE_GAIN=2 RWM_STORE_BOOT=128 RWM_STORE_CAPW=0 RWM_STORE_CAP_UNIFIED=0 RWM_THREE_TERM=0 RWM_STORE_PERCAP=0 RWM_PERCAP_GUARD=1 RWM_STORE_BORROW=0 RWM_HONEST_CAP=1 RWM_POOL_ANCHOR=0 RWM_POOL_DELIV=0 RWM_FLOOR_BOUND=0 RWM_ACK_MERGE=1 RWM_PATIENCE_DERIVED=0 RWM_SIDLE_DERIVED=0 RWM_WIN_DECOUPLE=0 RWM_PLACE_SLACK=0 RWM_GEN=384 RWM_PIPELINE=2 RWM_GEN_PIPE=1 RWM_GEN_R=unset RWM_GEN_RATE=9000 RWM_GEN_RATE_FLOOR=2000 RWM_GEN_INFLIGHT=unset RWM_OOO_RETAIN=0/16 RWM_WINDOW=unset RWM_REPORT_GENS=unset RWM_REPAIR_WAIT=unset RWM_CODED_SRC=0 RWM_NO_REACTIVE=0 RWM_XPATH_REPAIR=0 RWM_PROACTIVE_PACER=0 RWM_REASM_BDP=0 RWM_MIN_R=0 RWM_CC_PACE=0 RWM_CC_PACE_HR=1.1 RWM_REACT_CAP=unset RWM_INFL_CAP=0 RWM_INFL_BDP=unset RWM_COPA_FEED=0 RWM_RS_ATTR=1 RWM_EMIT_BATCH=0 RWM_EMIT_BURST=64 RWM_RECOV_MP=1 RWM_RECOV_MP_LAW=1 RWM_RECOV_MP_LIVE=0 RWM_RECOV_SP=0 RWM_DIAG=1 RWM_RDIAG=0 RWM_FDIAG=0 RWM_TRACE=0 RWM_PFRAC=0
{"bytes":100000000,"dnf":0,"hint":"bulk","max_s":9.7411,"mean_mbps":82.126,"mean_s":9.7411,"median_s":9.7411,"min_s":9.7411,"proto":"rp-native","runs":1,"stdev_s":0.0,"summary":true}
    LATPROBE: /tmp/rwm-ping.txt 188 replies
    CPU: CPUSRV=7.10s CPUCLI=7.10s (srv=decoder cli=sender; whole-invocation incl warmup)
    QDISC cli0: qdisc netem 8564: root refcnt 7 limit 1000 delay 50ms loss gemodel p 1.3% r 50% 1-h 100% 1-k 0% rate 100Mbit seed 42  Sent 112267327 bytes 99221 pkt (dropped 797, overlimits 0 requeues 0)   backlog 873b 5p requeues 0 
    QDISC cli1: qdisc netem 8565: root refcnt 7 limit 1000 delay 50ms loss gemodel p 1.3% r 50% 1-h 100% 1-k 0% rate 100Mbit seed 42  Sent 776 bytes 10 pkt (dropped 0, overlimits 0 requeues 0)   backlog 0b 0p requeues 0 
    QDISC srv0: qdisc netem 8566: root refcnt 7 limit 1000 delay 50ms rate 100Mbit seed 17412904511255280221  Sent 10870397 bytes 59841 pkt (dropped 0, overlimits 0 requeues 0)   backlog 2759b 3p requeues 0 
    QDISC srv1: qdisc netem 8567: root refcnt 7 limit 1000 delay 50ms rate 100Mbit seed 12224634949436921010  Sent 866 bytes 11 pkt (dropped 0, overlimits 0 requeues 0)   backlog 0b 0p requeues 0 
    QCAP: /tmp/rwm-q.txt 18 lines
RUNTIME c2r100-A rep=1 12s
LATRESULT {"cell": "c2r100", "arm": "A", "seed": 42, "rep": 1, "dnf": false, "dnf_count": 0, "mbps": 82.126, "seconds": 9.741, "n_runs": 1, "occ_p50": 1019, "occ_p90": 1024, "occcap_p50": 1024, "q_p50": 5, "q_p95": 13, "q_p99": 13, "q_n": 36, "diag_lines": 39, "retx": 3406, "gates_cli_3t": 0, "gates_srv_3t": 0, "gates_cli_rs": 0, "gates_srv_rs": 0, "gates_lines_cli": 1, "gates_lines_srv": 1, "active_echo_cli": 0, "tt_eng1": 0, "ping_n": 188, "ping_p50": 103.0, "ping_p95": 109.0, "ping_p99": 113.0, "ping_max": 115.0, "ping_min": 100.0, "ping_tx": null, "ping_rx": null, "ping_loss": null, "wait_tun": 31, "wait_paused": 36, "wait_pace": 0, "wait_gen": 0, "wait_nack": 34, "wait_defc": 0, "wait_tail": 1, "wait_flush": 0, "wait_lines": 36, "dgq_hand": 88592, "dgq_tx": 88592, "dgq_full": 0, "dgq_err": 0, "dgq_gap": 0, "dgq_paths": 1, "tc_bytes": 112268976, "tc_pkts": 99236, "tc_drop": 797, "tc_s": 12}
LIVENESS c2r100-A rep=1 cli=[RWM_THREE_TERM=0 RWM_PLAIN_RS=0] srv=[RWM_THREE_TERM=0 RWM_PLAIN_RS=0] active=0 eng1_lines=0 wait_lines=39 dgq_lines=37 ping_replies=188 (expect 3t=0 rs=0)
=== rep=1 arm=c2r100-B seed=42 env="RWM_THREE_TERM=1 RWM_PLAIN_RS=1" cell=c2r100/c2r100/single bytes=100000000 12:17:01
[2m2026-08-10T12:17:03.648546Z[0m [32m INFO[0m [2mraptorpath::gates[0m[2m:[0m [GATES] RWM_UNIFIED=1 RWM_UNIFIED_SHED=1 RWM_TAPER_R=1 RWM_ASTAR_ANCHOR=1 RWM_MSTAR_ANCHOR=1 RWM_PLAIN_RS=1 RWM_STORE_SACK_RELEASE=1 RWM_STORE_PATHS=1 RWM_STORE_PATH_POOL=2048 RWM_STORE=unset RWM_STORE_GAIN=2 RWM_STORE_BOOT=128 RWM_STORE_CAPW=0 RWM_STORE_CAP_UNIFIED=0 RWM_THREE_TERM=1 RWM_STORE_PERCAP=0 RWM_PERCAP_GUARD=1 RWM_STORE_BORROW=0 RWM_HONEST_CAP=1 RWM_POOL_ANCHOR=0 RWM_POOL_DELIV=0 RWM_FLOOR_BOUND=0 RWM_ACK_MERGE=1 RWM_PATIENCE_DERIVED=0 RWM_SIDLE_DERIVED=0 RWM_WIN_DECOUPLE=0 RWM_PLACE_SLACK=0 RWM_GEN=384 RWM_PIPELINE=2 RWM_GEN_PIPE=1 RWM_GEN_R=unset RWM_GEN_RATE=9000 RWM_GEN_RATE_FLOOR=2000 RWM_GEN_INFLIGHT=unset RWM_OOO_RETAIN=0/16 RWM_WINDOW=unset RWM_REPORT_GENS=unset RWM_REPAIR_WAIT=unset RWM_CODED_SRC=0 RWM_NO_REACTIVE=0 RWM_XPATH_REPAIR=0 RWM_PROACTIVE_PACER=0 RWM_REASM_BDP=0 RWM_MIN_R=0 RWM_CC_PACE=0 RWM_CC_PACE_HR=1.1 RWM_REACT_CAP=unset RWM_INFL_CAP=0 RWM_INFL_BDP=unset RWM_COPA_FEED=0 RWM_RS_ATTR=1 RWM_EMIT_BATCH=0 RWM_EMIT_BURST=64 RWM_RECOV_MP=1 RWM_RECOV_MP_LAW=1 RWM_RECOV_MP_LIVE=0 RWM_RECOV_SP=0 RWM_DIAG=1 RWM_RDIAG=0 RWM_FDIAG=0 RWM_TRACE=0 RWM_PFRAC=0
{"bytes":100000000,"dnf":0,"hint":"bulk","max_s":9.9223,"mean_mbps":80.626,"mean_s":9.9223,"median_s":9.9223,"min_s":9.9223,"proto":"rp-native","runs":1,"stdev_s":0.0,"summary":true}
    LATPROBE: /tmp/rwm-ping.txt 191 replies
    CPU: CPUSRV=8.21s CPUCLI=12.15s (srv=decoder cli=sender; whole-invocation incl warmup)
    QDISC cli0: qdisc netem 8568: root refcnt 7 limit 1000 delay 50ms loss gemodel p 1.3% r 50% 1-h 100% 1-k 0% rate 100Mbit seed 42  Sent 117532655 bytes 100230 pkt (dropped 1101, overlimits 0 requeues 0)   backlog 0b 0p requeues 0 
    QDISC cli1: qdisc netem 8569: root refcnt 7 limit 1000 delay 50ms loss gemodel p 1.3% r 50% 1-h 100% 1-k 0% rate 100Mbit seed 42  Sent 776 bytes 10 pkt (dropped 0, overlimits 0 requeues 0)   backlog 0b 0p requeues 0 
    QDISC srv0: qdisc netem 856a: root refcnt 7 limit 1000 delay 50ms rate 100Mbit seed 9063174891631484420  Sent 12412014 bytes 62604 pkt (dropped 0, overlimits 0 requeues 0)   backlog 2584b 2p requeues 0 
    QDISC srv1: qdisc netem 856b: root refcnt 7 limit 1000 delay 50ms rate 100Mbit seed 18079224457447374749  Sent 866 bytes 11 pkt (dropped 0, overlimits 0 requeues 0)   backlog 0b 0p requeues 0 
    QCAP: /tmp/rwm-q.txt 18 lines
RUNTIME c2r100-B rep=1 13s
LATRESULT {"cell": "c2r100", "arm": "B", "seed": 42, "rep": 1, "dnf": false, "dnf_count": 0, "mbps": 80.626, "seconds": 9.922, "n_runs": 1, "occ_p50": 2927, "occ_p90": 3370, "occcap_p50": 3015, "q_p50": 211, "q_p95": 290, "q_p99": 290, "q_n": 26, "diag_lines": 39, "retx": 8212, "gates_cli_3t": 1, "gates_srv_3t": 1, "gates_cli_rs": 1, "gates_srv_rs": 1, "gates_lines_cli": 1, "gates_lines_srv": 1, "active_echo_cli": 1, "tt_eng1": 5, "ping_n": 191, "ping_p50": 307.0, "ping_p95": 382.0, "ping_p99": 389.0, "ping_max": 392.0, "ping_min": 100.0, "ping_tx": null, "ping_rx": null, "ping_loss": null, "wait_tun": 58, "wait_paused": 9, "wait_pace": 0, "wait_gen": 0, "wait_nack": 37, "wait_defc": 0, "wait_tail": 0, "wait_flush": 0, "wait_lines": 36, "dgq_hand": 93330, "dgq_tx": 93327, "dgq_full": 0, "dgq_err": 0, "dgq_gap": 3, "dgq_paths": 1, "tc_bytes": 117533431, "tc_pkts": 100240, "tc_drop": 1101, "tc_s": 13}
LIVENESS c2r100-B rep=1 cli=[RWM_THREE_TERM=1 RWM_PLAIN_RS=1] srv=[RWM_THREE_TERM=1 RWM_PLAIN_RS=1] active=1 eng1_lines=5 wait_lines=39 dgq_lines=26 ping_replies=191 (expect 3t=1 rs=1)
=== rep=1 arm=c2r100-D seed=42 env="RWM_PLAIN_RS=1" cell=c2r100/c2r100/single bytes=100000000 12:17:14
[2m2026-08-10T12:17:16.485410Z[0m [32m INFO[0m [2mraptorpath::gates[0m[2m:[0m [GATES] RWM_UNIFIED=1 RWM_UNIFIED_SHED=1 RWM_TAPER_R=1 RWM_ASTAR_ANCHOR=1 RWM_MSTAR_ANCHOR=1 RWM_PLAIN_RS=1 RWM_STORE_SACK_RELEASE=1 RWM_STORE_PATHS=1 RWM_STORE_PATH_POOL=2048 RWM_STORE=unset RWM_STORE_GAIN=2 RWM_STORE_BOOT=128 RWM_STORE_CAPW=0 RWM_STORE_CAP_UNIFIED=0 RWM_THREE_TERM=0 RWM_STORE_PERCAP=0 RWM_PERCAP_GUARD=1 RWM_STORE_BORROW=0 RWM_HONEST_CAP=1 RWM_POOL_ANCHOR=0 RWM_POOL_DELIV=0 RWM_FLOOR_BOUND=0 RWM_ACK_MERGE=1 RWM_PATIENCE_DERIVED=0 RWM_SIDLE_DERIVED=0 RWM_WIN_DECOUPLE=0 RWM_PLACE_SLACK=0 RWM_GEN=384 RWM_PIPELINE=2 RWM_GEN_PIPE=1 RWM_GEN_R=unset RWM_GEN_RATE=9000 RWM_GEN_RATE_FLOOR=2000 RWM_GEN_INFLIGHT=unset RWM_OOO_RETAIN=0/16 RWM_WINDOW=unset RWM_REPORT_GENS=unset RWM_REPAIR_WAIT=unset RWM_CODED_SRC=0 RWM_NO_REACTIVE=0 RWM_XPATH_REPAIR=0 RWM_PROACTIVE_PACER=0 RWM_REASM_BDP=0 RWM_MIN_R=0 RWM_CC_PACE=0 RWM_CC_PACE_HR=1.1 RWM_REACT_CAP=unset RWM_INFL_CAP=0 RWM_INFL_BDP=unset RWM_COPA_FEED=0 RWM_RS_ATTR=1 RWM_EMIT_BATCH=0 RWM_EMIT_BURST=64 RWM_RECOV_MP=1 RWM_RECOV_MP_LAW=1 RWM_RECOV_MP_LIVE=0 RWM_RECOV_SP=0 RWM_DIAG=1 RWM_RDIAG=0 RWM_FDIAG=0 RWM_TRACE=0 RWM_PFRAC=0
{"bytes":100000000,"dnf":0,"hint":"bulk","max_s":10.3739,"mean_mbps":77.117,"mean_s":10.3739,"median_s":10.3739,"min_s":10.3739,"proto":"rp-native","runs":1,"stdev_s":0.0,"summary":true}
    LATPROBE: /tmp/rwm-ping.txt 199 replies
    CPU: CPUSRV=7.35s CPUCLI=8.79s (srv=decoder cli=sender; whole-invocation incl warmup)
    QDISC cli0: qdisc netem 856c: root refcnt 7 limit 1000 delay 50ms loss gemodel p 1.3% r 50% 1-h 100% 1-k 0% rate 100Mbit seed 42  Sent 112603203 bytes 97549 pkt (dropped 795, overlimits 0 requeues 0)   backlog 0b 0p requeues 0 
    QDISC cli1: qdisc netem 856d: root refcnt 7 limit 1000 delay 50ms loss gemodel p 1.3% r 50% 1-h 100% 1-k 0% rate 100Mbit seed 42  Sent 776 bytes 10 pkt (dropped 0, overlimits 0 requeues 0)   backlog 0b 0p requeues 0 
    QDISC srv0: qdisc netem 856e: root refcnt 7 limit 1000 delay 50ms rate 100Mbit seed 8539355425453287073  Sent 10982069 bytes 60622 pkt (dropped 0, overlimits 0 requeues 0)   backlog 0b 0p requeues 0 
    QDISC srv1: qdisc netem 856f: root refcnt 7 limit 1000 delay 50ms rate 100Mbit seed 11049771825962609934  Sent 866 bytes 11 pkt (dropped 0, overlimits 0 requeues 0)   backlog 0b 0p requeues 0 
    QCAP: /tmp/rwm-q.txt 18 lines
RUNTIME c2r100-D rep=1 13s
LATRESULT {"cell": "c2r100", "arm": "D", "seed": 42, "rep": 1, "dnf": false, "dnf_count": 0, "mbps": 77.117, "seconds": 10.374, "n_runs": 1, "occ_p50": 1003, "occ_p90": 1024, "occcap_p50": 1024, "q_p50": 6, "q_p95": 17, "q_p99": 26, "q_n": 36, "diag_lines": 41, "retx": 3431, "gates_cli_3t": 0, "gates_srv_3t": 0, "gates_cli_rs": 1, "gates_srv_rs": 1, "gates_lines_cli": 1, "gates_lines_srv": 1, "active_echo_cli": 0, "tt_eng1": 0, "ping_n": 199, "ping_p50": 103.0, "ping_p95": 111.0, "ping_p99": 114.0, "ping_max": 121.0, "ping_min": 100.0, "ping_tx": null, "ping_rx": null, "ping_loss": null, "wait_tun": 34, "wait_paused": 19, "wait_pace": 0, "wait_gen": 0, "wait_nack": 44, "wait_defc": 0, "wait_tail": 1, "wait_flush": 0, "wait_lines": 38, "dgq_hand": 88626, "dgq_tx": 88626, "dgq_full": 0, "dgq_err": 0, "dgq_gap": 0, "dgq_paths": 1, "tc_bytes": 112603979, "tc_pkts": 97559, "tc_drop": 795, "tc_s": 13}
LIVENESS c2r100-D rep=1 cli=[RWM_THREE_TERM=0 RWM_PLAIN_RS=1] srv=[RWM_THREE_TERM=0 RWM_PLAIN_RS=1] active=0 eng1_lines=0 wait_lines=41 dgq_lines=37 ping_replies=199 (expect 3t=0 rs=1)
=== rep=1 arm=c7-A seed=42 env="" cell=c2/c2/dual bytes=200000000 12:17:27
[2m2026-08-10T12:17:29.446464Z[0m [32m INFO[0m [2mraptorpath::gates[0m[2m:[0m [GATES] RWM_UNIFIED=1 RWM_UNIFIED_SHED=1 RWM_TAPER_R=1 RWM_ASTAR_ANCHOR=1 RWM_MSTAR_ANCHOR=1 RWM_PLAIN_RS=0 RWM_STORE_SACK_RELEASE=1 RWM_STORE_PATHS=1 RWM_STORE_PATH_POOL=2048 RWM_STORE=unset RWM_STORE_GAIN=2 RWM_STORE_BOOT=128 RWM_STORE_CAPW=0 RWM_STORE_CAP_UNIFIED=0 RWM_THREE_TERM=0 RWM_STORE_PERCAP=0 RWM_PERCAP_GUARD=1 RWM_STORE_BORROW=0 RWM_HONEST_CAP=1 RWM_POOL_ANCHOR=0 RWM_POOL_DELIV=0 RWM_FLOOR_BOUND=0 RWM_ACK_MERGE=1 RWM_PATIENCE_DERIVED=0 RWM_SIDLE_DERIVED=0 RWM_WIN_DECOUPLE=0 RWM_PLACE_SLACK=0 RWM_GEN=384 RWM_PIPELINE=2 RWM_GEN_PIPE=1 RWM_GEN_R=unset RWM_GEN_RATE=9000 RWM_GEN_RATE_FLOOR=2000 RWM_GEN_INFLIGHT=unset RWM_OOO_RETAIN=0/16 RWM_WINDOW=unset RWM_REPORT_GENS=unset RWM_REPAIR_WAIT=unset RWM_CODED_SRC=0 RWM_NO_REACTIVE=0 RWM_XPATH_REPAIR=0 RWM_PROACTIVE_PACER=0 RWM_REASM_BDP=0 RWM_MIN_R=0 RWM_CC_PACE=0 RWM_CC_PACE_HR=1.1 RWM_REACT_CAP=unset RWM_INFL_CAP=0 RWM_INFL_BDP=unset RWM_COPA_FEED=0 RWM_RS_ATTR=1 RWM_EMIT_BATCH=0 RWM_EMIT_BURST=64 RWM_RECOV_MP=1 RWM_RECOV_MP_LAW=1 RWM_RECOV_MP_LIVE=0 RWM_RECOV_SP=0 RWM_DIAG=1 RWM_RDIAG=0 RWM_FDIAG=0 RWM_TRACE=0 RWM_PFRAC=0
{"bytes":200000000,"dnf":0,"hint":"bulk","max_s":9.507,"mean_mbps":168.297,"mean_s":9.507,"median_s":9.507,"min_s":9.507,"proto":"rp-native","runs":1,"stdev_s":0.0,"summary":true}
    LATPROBE: /tmp/rwm-ping.txt 188 replies
    CPU: CPUSRV=12.87s CPUCLI=14.17s (srv=decoder cli=sender; whole-invocation incl warmup)
    QDISC cli0: qdisc netem 8570: root refcnt 7 limit 1000 delay 5ms  3ms loss gemodel p 1.3% r 50% 1-h 100% 1-k 0% rate 100Mbit seed 42  Sent 112266958 bytes 89852 pkt (dropped 479, overlimits 0 requeues 0)   backlog 0b 0p requeues 0 
    QDISC cli1: qdisc netem 8571: root refcnt 7 limit 1000 delay 5ms  3ms loss gemodel p 1.3% r 50% 1-h 100% 1-k 0% rate 100Mbit seed 42  Sent 110637785 bytes 88559 pkt (dropped 477, overlimits 0 requeues 0)   backlog 0b 0p requeues 0 
    QDISC srv0: qdisc netem 8572: root refcnt 7 limit 1000 delay 5ms  3ms rate 100Mbit seed 6790195141805600716  Sent 12016093 bytes 50750 pkt (dropped 0, overlimits 0 requeues 0)   backlog 0b 0p requeues 0 
    QDISC srv1: qdisc netem 8573: root refcnt 7 limit 1000 delay 5ms  3ms rate 100Mbit seed 11827698789305816742  Sent 11162007 bytes 49253 pkt (dropped 0, overlimits 0 requeues 0)   backlog 0b 0p requeues 0 
    QCAP: /tmp/rwm-q.txt 18 lines
RUNTIME c7-A rep=1 12s
LATRESULT {"cell": "c7", "arm": "A", "seed": 42, "rep": 1, "dnf": false, "dnf_count": 0, "mbps": 168.297, "seconds": 9.507, "n_runs": 1, "occ_p50": 958, "occ_p90": 1776, "occcap_p50": 4096, "q_p50": 63, "q_p95": 142, "q_p99": 179, "q_n": 69, "diag_lines": 38, "retx": 5416, "gates_cli_3t": 0, "gates_srv_3t": 0, "gates_cli_rs": 0, "gates_srv_rs": 0, "gates_lines_cli": 1, "gates_lines_srv": 1, "active_echo_cli": 0, "tt_eng1": 0, "ping_n": 188, "ping_p50": 52.2, "ping_p95": 101.0, "ping_p99": 127.0, "ping_max": 165.0, "ping_min": 8.55, "ping_tx": null, "ping_rx": null, "ping_loss": null, "wait_tun": 97, "wait_paused": 0, "wait_pace": 0, "wait_gen": 0, "wait_nack": 2, "wait_defc": 0, "wait_tail": 0, "wait_flush": 0, "wait_lines": 35, "dgq_hand": 176477, "dgq_tx": 176477, "dgq_full": 0, "dgq_err": 0, "dgq_gap": 0, "dgq_paths": 2, "tc_bytes": 222904743, "tc_pkts": 178411, "tc_drop": 956, "tc_s": 12}
LIVENESS c7-A rep=1 cli=[RWM_THREE_TERM=0 RWM_PLAIN_RS=0] srv=[RWM_THREE_TERM=0 RWM_PLAIN_RS=0] active=0 eng1_lines=0 wait_lines=38 dgq_lines=37 ping_replies=188 (expect 3t=0 rs=0)
=== rep=1 arm=c7-B seed=42 env="RWM_THREE_TERM=1 RWM_PLAIN_RS=1" cell=c2/c2/dual bytes=200000000 12:17:39
[2m2026-08-10T12:17:41.127504Z[0m [32m INFO[0m [2mraptorpath::gates[0m[2m:[0m [GATES] RWM_UNIFIED=1 RWM_UNIFIED_SHED=1 RWM_TAPER_R=1 RWM_ASTAR_ANCHOR=1 RWM_MSTAR_ANCHOR=1 RWM_PLAIN_RS=1 RWM_STORE_SACK_RELEASE=1 RWM_STORE_PATHS=1 RWM_STORE_PATH_POOL=2048 RWM_STORE=unset RWM_STORE_GAIN=2 RWM_STORE_BOOT=128 RWM_STORE_CAPW=0 RWM_STORE_CAP_UNIFIED=0 RWM_THREE_TERM=1 RWM_STORE_PERCAP=0 RWM_PERCAP_GUARD=1 RWM_STORE_BORROW=0 RWM_HONEST_CAP=1 RWM_POOL_ANCHOR=0 RWM_POOL_DELIV=0 RWM_FLOOR_BOUND=0 RWM_ACK_MERGE=1 RWM_PATIENCE_DERIVED=0 RWM_SIDLE_DERIVED=0 RWM_WIN_DECOUPLE=0 RWM_PLACE_SLACK=0 RWM_GEN=384 RWM_PIPELINE=2 RWM_GEN_PIPE=1 RWM_GEN_R=unset RWM_GEN_RATE=9000 RWM_GEN_RATE_FLOOR=2000 RWM_GEN_INFLIGHT=unset RWM_OOO_RETAIN=0/16 RWM_WINDOW=unset RWM_REPORT_GENS=unset RWM_REPAIR_WAIT=unset RWM_CODED_SRC=0 RWM_NO_REACTIVE=0 RWM_XPATH_REPAIR=0 RWM_PROACTIVE_PACER=0 RWM_REASM_BDP=0 RWM_MIN_R=0 RWM_CC_PACE=0 RWM_CC_PACE_HR=1.1 RWM_REACT_CAP=unset RWM_INFL_CAP=0 RWM_INFL_BDP=unset RWM_COPA_FEED=0 RWM_RS_ATTR=1 RWM_EMIT_BATCH=0 RWM_EMIT_BURST=64 RWM_RECOV_MP=1 RWM_RECOV_MP_LAW=1 RWM_RECOV_MP_LIVE=0 RWM_RECOV_SP=0 RWM_DIAG=1 RWM_RDIAG=0 RWM_FDIAG=0 RWM_TRACE=0 RWM_PFRAC=0
{"bytes":200000000,"dnf":0,"hint":"bulk","max_s":14.9928,"mean_mbps":106.718,"mean_s":14.9928,"median_s":14.9928,"min_s":14.9928,"proto":"rp-native","runs":1,"stdev_s":0.0,"summary":true}
    LATPROBE: /tmp/rwm-ping.txt 295 replies
    CPU: CPUSRV=14.18s CPUCLI=15.40s (srv=decoder cli=sender; whole-invocation incl warmup)
    QDISC cli0: qdisc netem 8574: root refcnt 7 limit 1000 delay 5ms  3ms loss gemodel p 1.3% r 50% 1-h 100% 1-k 0% rate 100Mbit seed 42  Sent 179857827 bytes 147278 pkt (dropped 841, overlimits 0 requeues 0)   backlog 0b 0p requeues 0 
    QDISC cli1: qdisc netem 8575: root refcnt 7 limit 1000 delay 5ms  3ms loss gemodel p 1.3% r 50% 1-h 100% 1-k 0% rate 100Mbit seed 42  Sent 46183517 bytes 37546 pkt (dropped 242, overlimits 0 requeues 0)   backlog 0b 0p requeues 0 
    QDISC srv0: qdisc netem 8576: root refcnt 7 limit 1000 delay 5ms  3ms rate 100Mbit seed 178459328774189972  Sent 20172060 bytes 98767 pkt (dropped 0, overlimits 0 requeues 0)   backlog 0b 0p requeues 0 
    QDISC srv1: qdisc netem 8577: root refcnt 7 limit 1000 delay 5ms  3ms rate 100Mbit seed 13765376549951089845  Sent 5626289 bytes 23871 pkt (dropped 0, overlimits 0 requeues 0)   backlog 0b 0p requeues 0 
    QCAP: /tmp/rwm-q.txt 18 lines
RUNTIME c7-B rep=1 17s
LATRESULT {"cell": "c7", "arm": "B", "seed": 42, "rep": 1, "dnf": false, "dnf_count": 0, "mbps": 106.718, "seconds": 14.993, "n_runs": 1, "occ_p50": 656, "occ_p90": 680, "occcap_p50": 680, "q_p50": 58, "q_p95": 109, "q_p99": 109, "q_n": 109, "diag_lines": 59, "retx": 6082, "gates_cli_3t": 1, "gates_srv_3t": 1, "gates_cli_rs": 1, "gates_srv_rs": 1, "gates_lines_cli": 1, "gates_lines_srv": 1, "active_echo_cli": 1, "tt_eng1": 7, "ping_n": 295, "ping_p50": 63.8, "ping_p95": 69.4, "ping_p99": 72.3, "ping_max": 83.2, "ping_min": 9.04, "ping_tx": null, "ping_rx": null, "ping_loss": null, "wait_tun": 30, "wait_paused": 30, "wait_pace": 0, "wait_gen": 0, "wait_nack": 33, "wait_defc": 0, "wait_tail": 0, "wait_flush": 0, "wait_lines": 56, "dgq_hand": 175632, "dgq_tx": 175515, "dgq_full": 0, "dgq_err": 0, "dgq_gap": 117, "dgq_paths": 2, "tc_bytes": 226041344, "tc_pkts": 184824, "tc_drop": 1083, "tc_s": 17}
LIVENESS c7-B rep=1 cli=[RWM_THREE_TERM=1 RWM_PLAIN_RS=1] srv=[RWM_THREE_TERM=1 RWM_PLAIN_RS=1] active=1 eng1_lines=7 wait_lines=59 dgq_lines=59 ping_replies=295 (expect 3t=1 rs=1)
=== rep=1 arm=c7-D seed=42 env="RWM_PLAIN_RS=1" cell=c2/c2/dual bytes=200000000 12:17:56
[2m2026-08-10T12:17:58.583172Z[0m [32m INFO[0m [2mraptorpath::gates[0m[2m:[0m [GATES] RWM_UNIFIED=1 RWM_UNIFIED_SHED=1 RWM_TAPER_R=1 RWM_ASTAR_ANCHOR=1 RWM_MSTAR_ANCHOR=1 RWM_PLAIN_RS=1 RWM_STORE_SACK_RELEASE=1 RWM_STORE_PATHS=1 RWM_STORE_PATH_POOL=2048 RWM_STORE=unset RWM_STORE_GAIN=2 RWM_STORE_BOOT=128 RWM_STORE_CAPW=0 RWM_STORE_CAP_UNIFIED=0 RWM_THREE_TERM=0 RWM_STORE_PERCAP=0 RWM_PERCAP_GUARD=1 RWM_STORE_BORROW=0 RWM_HONEST_CAP=1 RWM_POOL_ANCHOR=0 RWM_POOL_DELIV=0 RWM_FLOOR_BOUND=0 RWM_ACK_MERGE=1 RWM_PATIENCE_DERIVED=0 RWM_SIDLE_DERIVED=0 RWM_WIN_DECOUPLE=0 RWM_PLACE_SLACK=0 RWM_GEN=384 RWM_PIPELINE=2 RWM_GEN_PIPE=1 RWM_GEN_R=unset RWM_GEN_RATE=9000 RWM_GEN_RATE_FLOOR=2000 RWM_GEN_INFLIGHT=unset RWM_OOO_RETAIN=0/16 RWM_WINDOW=unset RWM_REPORT_GENS=unset RWM_REPAIR_WAIT=unset RWM_CODED_SRC=0 RWM_NO_REACTIVE=0 RWM_XPATH_REPAIR=0 RWM_PROACTIVE_PACER=0 RWM_REASM_BDP=0 RWM_MIN_R=0 RWM_CC_PACE=0 RWM_CC_PACE_HR=1.1 RWM_REACT_CAP=unset RWM_INFL_CAP=0 RWM_INFL_BDP=unset RWM_COPA_FEED=0 RWM_RS_ATTR=1 RWM_EMIT_BATCH=0 RWM_EMIT_BURST=64 RWM_RECOV_MP=1 RWM_RECOV_MP_LAW=1 RWM_RECOV_MP_LIVE=0 RWM_RECOV_SP=0 RWM_DIAG=1 RWM_RDIAG=0 RWM_FDIAG=0 RWM_TRACE=0 RWM_PFRAC=0
{"bytes":200000000,"dnf":0,"hint":"bulk","max_s":10.8454,"mean_mbps":147.528,"mean_s":10.8454,"median_s":10.8454,"min_s":10.8454,"proto":"rp-native","runs":1,"stdev_s":0.0,"summary":true}
    LATPROBE: /tmp/rwm-ping.txt 217 replies
    CPU: CPUSRV=14.02s CPUCLI=16.69s (srv=decoder cli=sender; whole-invocation incl warmup)
    QDISC cli0: qdisc netem 8578: root refcnt 7 limit 1000 delay 5ms  3ms loss gemodel p 1.3% r 50% 1-h 100% 1-k 0% rate 100Mbit seed 42  Sent 114425691 bytes 93128 pkt (dropped 593, overlimits 0 requeues 0)   backlog 0b 0p requeues 0 
    QDISC cli1: qdisc netem 8579: root refcnt 7 limit 1000 delay 5ms  3ms loss gemodel p 1.3% r 50% 1-h 100% 1-k 0% rate 100Mbit seed 42  Sent 112092397 bytes 90780 pkt (dropped 577, overlimits 0 requeues 0)   backlog 0b 0p requeues 0 
    QDISC srv0: qdisc netem 857a: root refcnt 7 limit 1000 delay 5ms  3ms rate 100Mbit seed 4680248659575781391  Sent 14978429 bytes 60501 pkt (dropped 0, overlimits 0 requeues 0)   backlog 0b 0p requeues 0 
    QDISC srv1: qdisc netem 857b: root refcnt 7 limit 1000 delay 5ms  3ms rate 100Mbit seed 10749028867216391538  Sent 14260800 bytes 58982 pkt (dropped 0, overlimits 0 requeues 0)   backlog 0b 0p requeues 0 
    QCAP: /tmp/rwm-q.txt 18 lines
RUNTIME c7-D rep=1 13s
LATRESULT {"cell": "c7", "arm": "D", "seed": 42, "rep": 1, "dnf": false, "dnf_count": 0, "mbps": 147.528, "seconds": 10.845, "n_runs": 1, "occ_p50": 387, "occ_p90": 500, "occcap_p50": 3903, "q_p50": 16, "q_p95": 43, "q_p99": 49, "q_n": 79, "diag_lines": 43, "retx": 7145, "gates_cli_3t": 0, "gates_srv_3t": 0, "gates_cli_rs": 1, "gates_srv_rs": 1, "gates_lines_cli": 1, "gates_lines_srv": 1, "active_echo_cli": 0, "tt_eng1": 0, "ping_n": 217, "ping_p50": 19.2, "ping_p95": 42.4, "ping_p99": 53.0, "ping_max": 82.4, "ping_min": 4.71, "ping_tx": null, "ping_rx": null, "ping_loss": null, "wait_tun": 96, "wait_paused": 0, "wait_pace": 0, "wait_gen": 0, "wait_nack": 4, "wait_defc": 0, "wait_tail": 0, "wait_flush": 0, "wait_lines": 40, "dgq_hand": 178101, "dgq_tx": 178075, "dgq_full": 0, "dgq_err": 0, "dgq_gap": 26, "dgq_paths": 2, "tc_bytes": 226518088, "tc_pkts": 183908, "tc_drop": 1170, "tc_s": 13}
LIVENESS c7-D rep=1 cli=[RWM_THREE_TERM=0 RWM_PLAIN_RS=1] srv=[RWM_THREE_TERM=0 RWM_PLAIN_RS=1] active=0 eng1_lines=0 wait_lines=43 dgq_lines=43 ping_replies=217 (expect 3t=0 rs=1)
=== rep=1 arm=c2r200-A seed=42 env="" cell=c2r200/c2r200/single bytes=50000000 12:18:09
[2m2026-08-10T12:18:12.297218Z[0m [32m INFO[0m [2mraptorpath::gates[0m[2m:[0m [GATES] RWM_UNIFIED=1 RWM_UNIFIED_SHED=1 RWM_TAPER_R=1 RWM_ASTAR_ANCHOR=1 RWM_MSTAR_ANCHOR=1 RWM_PLAIN_RS=0 RWM_STORE_SACK_RELEASE=1 RWM_STORE_PATHS=1 RWM_STORE_PATH_POOL=2048 RWM_STORE=unset RWM_STORE_GAIN=2 RWM_STORE_BOOT=128 RWM_STORE_CAPW=0 RWM_STORE_CAP_UNIFIED=0 RWM_THREE_TERM=0 RWM_STORE_PERCAP=0 RWM_PERCAP_GUARD=1 RWM_STORE_BORROW=0 RWM_HONEST_CAP=1 RWM_POOL_ANCHOR=0 RWM_POOL_DELIV=0 RWM_FLOOR_BOUND=0 RWM_ACK_MERGE=1 RWM_PATIENCE_DERIVED=0 RWM_SIDLE_DERIVED=0 RWM_WIN_DECOUPLE=0 RWM_PLACE_SLACK=0 RWM_GEN=384 RWM_PIPELINE=2 RWM_GEN_PIPE=1 RWM_GEN_R=unset RWM_GEN_RATE=9000 RWM_GEN_RATE_FLOOR=2000 RWM_GEN_INFLIGHT=unset RWM_OOO_RETAIN=0/16 RWM_WINDOW=unset RWM_REPORT_GENS=unset RWM_REPAIR_WAIT=unset RWM_CODED_SRC=0 RWM_NO_REACTIVE=0 RWM_XPATH_REPAIR=0 RWM_PROACTIVE_PACER=0 RWM_REASM_BDP=0 RWM_MIN_R=0 RWM_CC_PACE=0 RWM_CC_PACE_HR=1.1 RWM_REACT_CAP=unset RWM_INFL_CAP=0 RWM_INFL_BDP=unset RWM_COPA_FEED=0 RWM_RS_ATTR=1 RWM_EMIT_BATCH=0 RWM_EMIT_BURST=64 RWM_RECOV_MP=1 RWM_RECOV_MP_LAW=1 RWM_RECOV_MP_LIVE=0 RWM_RECOV_SP=0 RWM_DIAG=1 RWM_RDIAG=0 RWM_FDIAG=0 RWM_TRACE=0 RWM_PFRAC=0
{"bytes":50000000,"dnf":0,"hint":"bulk","max_s":9.9578,"mean_mbps":40.169,"mean_s":9.9578,"median_s":9.9578,"min_s":9.9578,"proto":"rp-native","runs":1,"stdev_s":0.0,"summary":true}
    LATPROBE: /tmp/rwm-ping.txt 188 replies
    CPU: CPUSRV=3.83s CPUCLI=3.88s (srv=decoder cli=sender; whole-invocation incl warmup)
    QDISC cli0: qdisc netem 857c: root refcnt 7 limit 1000 delay 100ms loss gemodel p 1.3% r 50% 1-h 100% 1-k 0% rate 100Mbit seed 42  Sent 56149052 bytes 50435 pkt (dropped 439, overlimits 0 requeues 0)   backlog 1942b 9p requeues 0 
    QDISC cli1: qdisc netem 857d: root refcnt 7 limit 1000 delay 100ms loss gemodel p 1.3% r 50% 1-h 100% 1-k 0% rate 100Mbit seed 42  Sent 776 bytes 10 pkt (dropped 0, overlimits 0 requeues 0)   backlog 0b 0p requeues 0 
    QDISC srv0: qdisc netem 857e: root refcnt 7 limit 1000 delay 100ms rate 100Mbit seed 16845785558053065164  Sent 5599552 bytes 31083 pkt (dropped 0, overlimits 0 requeues 0)   backlog 196b 2p requeues 0 
    QDISC srv1: qdisc netem 857f: root refcnt 7 limit 1000 delay 100ms rate 100Mbit seed 12768975001805950410  Sent 866 bytes 11 pkt (dropped 0, overlimits 0 requeues 0)   backlog 0b 0p requeues 0 
    QCAP: /tmp/rwm-q.txt 18 lines
RUNTIME c2r200-A rep=1 14s
LATRESULT {"cell": "c2r200", "arm": "A", "seed": 42, "rep": 1, "dnf": false, "dnf_count": 0, "mbps": 40.169, "seconds": 9.958, "n_runs": 1, "occ_p50": 1024, "occ_p90": 1024, "occcap_p50": 1024, "q_p50": 2, "q_p95": 10, "q_p99": 330, "q_n": 37, "diag_lines": 40, "retx": 1530, "gates_cli_3t": 0, "gates_srv_3t": 0, "gates_cli_rs": 0, "gates_srv_rs": 0, "gates_lines_cli": 1, "gates_lines_srv": 1, "active_echo_cli": 0, "tt_eng1": 0, "ping_n": 188, "ping_p50": 200.0, "ping_p95": 202.0, "ping_p99": 203.0, "ping_max": 204.0, "ping_min": 200.0, "ping_tx": null, "ping_rx": null, "ping_loss": null, "wait_tun": 16, "wait_paused": 63, "wait_pace": 0, "wait_gen": 0, "wait_nack": 20, "wait_defc": 0, "wait_tail": 1, "wait_flush": 0, "wait_lines": 37, "dgq_hand": 44151, "dgq_tx": 44151, "dgq_full": 0, "dgq_err": 0, "dgq_gap": 0, "dgq_paths": 1, "tc_bytes": 56150242, "tc_pkts": 50449, "tc_drop": 439, "tc_s": 14}
LIVENESS c2r200-A rep=1 cli=[RWM_THREE_TERM=0 RWM_PLAIN_RS=0] srv=[RWM_THREE_TERM=0 RWM_PLAIN_RS=0] active=0 eng1_lines=0 wait_lines=40 dgq_lines=37 ping_replies=188 (expect 3t=0 rs=0)
=== rep=1 arm=c2r200-B seed=42 env="RWM_THREE_TERM=1 RWM_PLAIN_RS=1" cell=c2r200/c2r200/single bytes=50000000 12:18:23
[2m2026-08-10T12:18:25.553536Z[0m [32m INFO[0m [2mraptorpath::gates[0m[2m:[0m [GATES] RWM_UNIFIED=1 RWM_UNIFIED_SHED=1 RWM_TAPER_R=1 RWM_ASTAR_ANCHOR=1 RWM_MSTAR_ANCHOR=1 RWM_PLAIN_RS=1 RWM_STORE_SACK_RELEASE=1 RWM_STORE_PATHS=1 RWM_STORE_PATH_POOL=2048 RWM_STORE=unset RWM_STORE_GAIN=2 RWM_STORE_BOOT=128 RWM_STORE_CAPW=0 RWM_STORE_CAP_UNIFIED=0 RWM_THREE_TERM=1 RWM_STORE_PERCAP=0 RWM_PERCAP_GUARD=1 RWM_STORE_BORROW=0 RWM_HONEST_CAP=1 RWM_POOL_ANCHOR=0 RWM_POOL_DELIV=0 RWM_FLOOR_BOUND=0 RWM_ACK_MERGE=1 RWM_PATIENCE_DERIVED=0 RWM_SIDLE_DERIVED=0 RWM_WIN_DECOUPLE=0 RWM_PLACE_SLACK=0 RWM_GEN=384 RWM_PIPELINE=2 RWM_GEN_PIPE=1 RWM_GEN_R=unset RWM_GEN_RATE=9000 RWM_GEN_RATE_FLOOR=2000 RWM_GEN_INFLIGHT=unset RWM_OOO_RETAIN=0/16 RWM_WINDOW=unset RWM_REPORT_GENS=unset RWM_REPAIR_WAIT=unset RWM_CODED_SRC=0 RWM_NO_REACTIVE=0 RWM_XPATH_REPAIR=0 RWM_PROACTIVE_PACER=0 RWM_REASM_BDP=0 RWM_MIN_R=0 RWM_CC_PACE=0 RWM_CC_PACE_HR=1.1 RWM_REACT_CAP=unset RWM_INFL_CAP=0 RWM_INFL_BDP=unset RWM_COPA_FEED=0 RWM_RS_ATTR=1 RWM_EMIT_BATCH=0 RWM_EMIT_BURST=64 RWM_RECOV_MP=1 RWM_RECOV_MP_LAW=1 RWM_RECOV_MP_LIVE=0 RWM_RECOV_SP=0 RWM_DIAG=1 RWM_RDIAG=0 RWM_FDIAG=0 RWM_TRACE=0 RWM_PFRAC=0
{"bytes":50000000,"dnf":0,"hint":"bulk","max_s":8.5386,"mean_mbps":46.846,"mean_s":8.5386,"median_s":8.5386,"min_s":8.5386,"proto":"rp-native","runs":1,"stdev_s":0.0,"summary":true}
    LATPROBE: /tmp/rwm-ping.txt 163 replies
    CPU: CPUSRV=4.26s CPUCLI=7.48s (srv=decoder cli=sender; whole-invocation incl warmup)
    QDISC cli0: qdisc netem 8580: root refcnt 7 limit 1000 delay 100ms loss gemodel p 1.3% r 50% 1-h 100% 1-k 0% rate 100Mbit seed 42  Sent 59703683 bytes 49419 pkt (dropped 684, overlimits 0 requeues 0)   backlog 12214b 6p requeues 0 
    QDISC cli1: qdisc netem 8581: root refcnt 7 limit 1000 delay 100ms loss gemodel p 1.3% r 50% 1-h 100% 1-k 0% rate 100Mbit seed 42  Sent 776 bytes 10 pkt (dropped 0, overlimits 0 requeues 0)   backlog 0b 0p requeues 0 
    QDISC srv0: qdisc netem 8582: root refcnt 7 limit 1000 delay 100ms rate 100Mbit seed 14527789523366617347  Sent 6802021 bytes 33378 pkt (dropped 0, overlimits 0 requeues 0)   backlog 3909b 11p requeues 0 
    QDISC srv1: qdisc netem 8583: root refcnt 7 limit 1000 delay 100ms rate 100Mbit seed 1486991872306164796  Sent 866 bytes 11 pkt (dropped 0, overlimits 0 requeues 0)   backlog 0b 0p requeues 0 
    QCAP: /tmp/rwm-q.txt 18 lines
RUNTIME c2r200-B rep=1 11s
LATRESULT {"cell": "c2r200", "arm": "B", "seed": 42, "rep": 1, "dnf": false, "dnf_count": 0, "mbps": 46.846, "seconds": 8.539, "n_runs": 1, "occ_p50": 3121, "occ_p90": 4084, "occcap_p50": 4096, "q_p50": 224, "q_p95": 302, "q_p99": 309, "q_n": 20, "diag_lines": 33, "retx": 5622, "gates_cli_3t": 1, "gates_srv_3t": 1, "gates_cli_rs": 1, "gates_srv_rs": 1, "gates_lines_cli": 1, "gates_lines_srv": 1, "active_echo_cli": 1, "tt_eng1": 4, "ping_n": 163, "ping_p50": 201.0, "ping_p95": 452.0, "ping_p99": 460.0, "ping_max": 463.0, "ping_min": 200.0, "ping_tx": null, "ping_rx": null, "ping_loss": null, "wait_tun": 36, "wait_paused": 5, "wait_pace": 0, "wait_gen": 0, "wait_nack": 19, "wait_defc": 0, "wait_tail": 1, "wait_flush": 0, "wait_lines": 30, "dgq_hand": 48226, "dgq_tx": 48226, "dgq_full": 0, "dgq_err": 0, "dgq_gap": 0, "dgq_paths": 1, "tc_bytes": 59716561, "tc_pkts": 49441, "tc_drop": 684, "tc_s": 11}
LIVENESS c2r200-B rep=1 cli=[RWM_THREE_TERM=1 RWM_PLAIN_RS=1] srv=[RWM_THREE_TERM=1 RWM_PLAIN_RS=1] active=1 eng1_lines=4 wait_lines=33 dgq_lines=20 ping_replies=163 (expect 3t=1 rs=1)
=== rep=1 arm=c2r200-D seed=42 env="RWM_PLAIN_RS=1" cell=c2r200/c2r200/single bytes=50000000 12:18:35
[2m2026-08-10T12:18:37.045678Z[0m [32m INFO[0m [2mraptorpath::gates[0m[2m:[0m [GATES] RWM_UNIFIED=1 RWM_UNIFIED_SHED=1 RWM_TAPER_R=1 RWM_ASTAR_ANCHOR=1 RWM_MSTAR_ANCHOR=1 RWM_PLAIN_RS=1 RWM_STORE_SACK_RELEASE=1 RWM_STORE_PATHS=1 RWM_STORE_PATH_POOL=2048 RWM_STORE=unset RWM_STORE_GAIN=2 RWM_STORE_BOOT=128 RWM_STORE_CAPW=0 RWM_STORE_CAP_UNIFIED=0 RWM_THREE_TERM=0 RWM_STORE_PERCAP=0 RWM_PERCAP_GUARD=1 RWM_STORE_BORROW=0 RWM_HONEST_CAP=1 RWM_POOL_ANCHOR=0 RWM_POOL_DELIV=0 RWM_FLOOR_BOUND=0 RWM_ACK_MERGE=1 RWM_PATIENCE_DERIVED=0 RWM_SIDLE_DERIVED=0 RWM_WIN_DECOUPLE=0 RWM_PLACE_SLACK=0 RWM_GEN=384 RWM_PIPELINE=2 RWM_GEN_PIPE=1 RWM_GEN_R=unset RWM_GEN_RATE=9000 RWM_GEN_RATE_FLOOR=2000 RWM_GEN_INFLIGHT=unset RWM_OOO_RETAIN=0/16 RWM_WINDOW=unset RWM_REPORT_GENS=unset RWM_REPAIR_WAIT=unset RWM_CODED_SRC=0 RWM_NO_REACTIVE=0 RWM_XPATH_REPAIR=0 RWM_PROACTIVE_PACER=0 RWM_REASM_BDP=0 RWM_MIN_R=0 RWM_CC_PACE=0 RWM_CC_PACE_HR=1.1 RWM_REACT_CAP=unset RWM_INFL_CAP=0 RWM_INFL_BDP=unset RWM_COPA_FEED=0 RWM_RS_ATTR=1 RWM_EMIT_BATCH=0 RWM_EMIT_BURST=64 RWM_RECOV_MP=1 RWM_RECOV_MP_LAW=1 RWM_RECOV_MP_LIVE=0 RWM_RECOV_SP=0 RWM_DIAG=1 RWM_RDIAG=0 RWM_FDIAG=0 RWM_TRACE=0 RWM_PFRAC=0
{"bytes":50000000,"dnf":0,"hint":"bulk","max_s":10.1568,"mean_mbps":39.382,"mean_s":10.1568,"median_s":10.1568,"min_s":10.1568,"proto":"rp-native","runs":1,"stdev_s":0.0,"summary":true}
    LATPROBE: /tmp/rwm-ping.txt 198 replies
    CPU: CPUSRV=3.78s CPUCLI=4.49s (srv=decoder cli=sender; whole-invocation incl warmup)
    QDISC cli0: qdisc netem 8584: root refcnt 7 limit 1000 delay 100ms loss gemodel p 1.3% r 50% 1-h 100% 1-k 0% rate 100Mbit seed 42  Sent 56576563 bytes 49858 pkt (dropped 415, overlimits 0 requeues 0)   backlog 1928b 8p requeues 0 
    QDISC cli1: qdisc netem 8585: root refcnt 7 limit 1000 delay 100ms loss gemodel p 1.3% r 50% 1-h 100% 1-k 0% rate 100Mbit seed 42  Sent 776 bytes 10 pkt (dropped 0, overlimits 0 requeues 0)   backlog 0b 0p requeues 0 
    QDISC srv0: qdisc netem 8586: root refcnt 7 limit 1000 delay 100ms rate 100Mbit seed 4761621153349211059  Sent 5677455 bytes 31802 pkt (dropped 0, overlimits 0 requeues 0)   backlog 418b 4p requeues 0 
    QDISC srv1: qdisc netem 8587: root refcnt 7 limit 1000 delay 100ms rate 100Mbit seed 4222145115233336996  Sent 866 bytes 11 pkt (dropped 0, overlimits 0 requeues 0)   backlog 0b 0p requeues 0 
    QCAP: /tmp/rwm-q.txt 18 lines
RUNTIME c2r200-D rep=1 13s
LATRESULT {"cell": "c2r200", "arm": "D", "seed": 42, "rep": 1, "dnf": false, "dnf_count": 0, "mbps": 39.382, "seconds": 10.157, "n_runs": 1, "occ_p50": 1015, "occ_p90": 1024, "occcap_p50": 1024, "q_p50": 3, "q_p95": 13, "q_p99": 52, "q_n": 35, "diag_lines": 41, "retx": 2064, "gates_cli_3t": 0, "gates_srv_3t": 0, "gates_cli_rs": 1, "gates_srv_rs": 1, "gates_lines_cli": 1, "gates_lines_srv": 1, "active_echo_cli": 0, "tt_eng1": 0, "ping_n": 198, "ping_p50": 200.0, "ping_p95": 202.0, "ping_p99": 203.0, "ping_max": 204.0, "ping_min": 200.0, "ping_tx": null, "ping_rx": null, "ping_loss": null, "wait_tun": 17, "wait_paused": 52, "wait_pace": 0, "wait_gen": 0, "wait_nack": 29, "wait_defc": 0, "wait_tail": 1, "wait_flush": 0, "wait_lines": 38, "dgq_hand": 44707, "dgq_tx": 44707, "dgq_full": 0, "dgq_err": 0, "dgq_gap": 0, "dgq_paths": 1, "tc_bytes": 56577642, "tc_pkts": 49871, "tc_drop": 415, "tc_s": 12}
LIVENESS c2r200-D rep=1 cli=[RWM_THREE_TERM=0 RWM_PLAIN_RS=1] srv=[RWM_THREE_TERM=0 RWM_PLAIN_RS=1] active=0 eng1_lines=0 wait_lines=41 dgq_lines=35 ping_replies=198 (expect 3t=0 rs=1)
=== rep=1 arm=c1-A seed=42 env="" cell=c1/c1/single bytes=400000000 12:18:48
[2m2026-08-10T12:18:49.757283Z[0m [32m INFO[0m [2mraptorpath::gates[0m[2m:[0m [GATES] RWM_UNIFIED=1 RWM_UNIFIED_SHED=1 RWM_TAPER_R=1 RWM_ASTAR_ANCHOR=1 RWM_MSTAR_ANCHOR=1 RWM_PLAIN_RS=0 RWM_STORE_SACK_RELEASE=1 RWM_STORE_PATHS=1 RWM_STORE_PATH_POOL=2048 RWM_STORE=unset RWM_STORE_GAIN=2 RWM_STORE_BOOT=128 RWM_STORE_CAPW=0 RWM_STORE_CAP_UNIFIED=0 RWM_THREE_TERM=0 RWM_STORE_PERCAP=0 RWM_PERCAP_GUARD=1 RWM_STORE_BORROW=0 RWM_HONEST_CAP=1 RWM_POOL_ANCHOR=0 RWM_POOL_DELIV=0 RWM_FLOOR_BOUND=0 RWM_ACK_MERGE=1 RWM_PATIENCE_DERIVED=0 RWM_SIDLE_DERIVED=0 RWM_WIN_DECOUPLE=0 RWM_PLACE_SLACK=0 RWM_GEN=384 RWM_PIPELINE=2 RWM_GEN_PIPE=1 RWM_GEN_R=unset RWM_GEN_RATE=9000 RWM_GEN_RATE_FLOOR=2000 RWM_GEN_INFLIGHT=unset RWM_OOO_RETAIN=0/16 RWM_WINDOW=unset RWM_REPORT_GENS=unset RWM_REPAIR_WAIT=unset RWM_CODED_SRC=0 RWM_NO_REACTIVE=0 RWM_XPATH_REPAIR=0 RWM_PROACTIVE_PACER=0 RWM_REASM_BDP=0 RWM_MIN_R=0 RWM_CC_PACE=0 RWM_CC_PACE_HR=1.1 RWM_REACT_CAP=unset RWM_INFL_CAP=0 RWM_INFL_BDP=unset RWM_COPA_FEED=0 RWM_RS_ATTR=1 RWM_EMIT_BATCH=0 RWM_EMIT_BURST=64 RWM_RECOV_MP=1 RWM_RECOV_MP_LAW=1 RWM_RECOV_MP_LIVE=0 RWM_RECOV_SP=0 RWM_DIAG=1 RWM_RDIAG=0 RWM_FDIAG=0 RWM_TRACE=0 RWM_PFRAC=0
{"bytes":400000000,"dnf":0,"hint":"bulk","max_s":15.2297,"mean_mbps":210.115,"mean_s":15.2297,"median_s":15.2297,"min_s":15.2297,"proto":"rp-native","runs":1,"stdev_s":0.0,"summary":true}
    LATPROBE: /tmp/rwm-ping.txt 303 replies
    CPU: CPUSRV=17.05s CPUCLI=16.31s (srv=decoder cli=sender; whole-invocation incl warmup)
    QDISC cli0: qdisc netem 8588: root refcnt 7 limit 1000 delay 1ms loss gemodel p 0.05% r 50% 1-h 100% 1-k 0% rate 1Gbit seed 42  Sent 438049275 bytes 344715 pkt (dropped 50, overlimits 0 requeues 0)   backlog 0b 0p requeues 0 
    QDISC cli1: qdisc netem 8589: root refcnt 7 limit 1000 delay 1ms loss gemodel p 0.05% r 50% 1-h 100% 1-k 0% rate 1Gbit seed 42  Sent 846 bytes 11 pkt (dropped 0, overlimits 0 requeues 0)   backlog 0b 0p requeues 0 
    QDISC srv0: qdisc netem 858a: root refcnt 7 limit 1000 delay 1ms rate 1Gbit seed 10055034032018799866  Sent 31666589 bytes 85631 pkt (dropped 0, overlimits 0 requeues 0)   backlog 0b 0p requeues 0 
    QDISC srv1: qdisc netem 858b: root refcnt 7 limit 1000 delay 1ms rate 1Gbit seed 10593501919785030887  Sent 936 bytes 12 pkt (dropped 0, overlimits 0 requeues 0)   backlog 0b 0p requeues 0 
    QCAP: /tmp/rwm-q.txt 18 lines
RUNTIME c1-A rep=1 17s
LATRESULT {"cell": "c1", "arm": "A", "seed": 42, "rep": 1, "dnf": false, "dnf_count": 0, "mbps": 210.115, "seconds": 15.23, "n_runs": 1, "occ_p50": 230, "occ_p90": 357, "occcap_p50": 543, "q_p50": 9, "q_p95": 18, "q_p99": 24, "q_n": 42, "diag_lines": 60, "retx": 651, "gates_cli_3t": 0, "gates_srv_3t": 0, "gates_cli_rs": 0, "gates_srv_rs": 0, "gates_lines_cli": 1, "gates_lines_srv": 1, "active_echo_cli": 0, "tt_eng1": 0, "ping_n": 303, "ping_p50": 2.07, "ping_p95": 2.54, "ping_p99": 2.71, "ping_max": 3.09, "ping_min": 2.04, "ping_tx": null, "ping_rx": null, "ping_loss": null, "wait_tun": 63, "wait_paused": 37, "wait_pace": 0, "wait_gen": 0, "wait_nack": 0, "wait_defc": 0, "wait_tail": 0, "wait_flush": 0, "wait_lines": 57, "dgq_hand": 334875, "dgq_tx": 334875, "dgq_full": 0, "dgq_err": 0, "dgq_gap": 0, "dgq_paths": 1, "tc_bytes": 438050221, "tc_pkts": 344727, "tc_drop": 50, "tc_s": 17}
LIVENESS c1-A rep=1 cli=[RWM_THREE_TERM=0 RWM_PLAIN_RS=0] srv=[RWM_THREE_TERM=0 RWM_PLAIN_RS=0] active=0 eng1_lines=0 wait_lines=60 dgq_lines=44 ping_replies=303 (expect 3t=0 rs=0)
=== rep=1 arm=c1-B seed=42 env="RWM_THREE_TERM=1 RWM_PLAIN_RS=1" cell=c1/c1/single bytes=400000000 12:19:05
[2m2026-08-10T12:19:07.233013Z[0m [32m INFO[0m [2mraptorpath::gates[0m[2m:[0m [GATES] RWM_UNIFIED=1 RWM_UNIFIED_SHED=1 RWM_TAPER_R=1 RWM_ASTAR_ANCHOR=1 RWM_MSTAR_ANCHOR=1 RWM_PLAIN_RS=1 RWM_STORE_SACK_RELEASE=1 RWM_STORE_PATHS=1 RWM_STORE_PATH_POOL=2048 RWM_STORE=unset RWM_STORE_GAIN=2 RWM_STORE_BOOT=128 RWM_STORE_CAPW=0 RWM_STORE_CAP_UNIFIED=0 RWM_THREE_TERM=1 RWM_STORE_PERCAP=0 RWM_PERCAP_GUARD=1 RWM_STORE_BORROW=0 RWM_HONEST_CAP=1 RWM_POOL_ANCHOR=0 RWM_POOL_DELIV=0 RWM_FLOOR_BOUND=0 RWM_ACK_MERGE=1 RWM_PATIENCE_DERIVED=0 RWM_SIDLE_DERIVED=0 RWM_WIN_DECOUPLE=0 RWM_PLACE_SLACK=0 RWM_GEN=384 RWM_PIPELINE=2 RWM_GEN_PIPE=1 RWM_GEN_R=unset RWM_GEN_RATE=9000 RWM_GEN_RATE_FLOOR=2000 RWM_GEN_INFLIGHT=unset RWM_OOO_RETAIN=0/16 RWM_WINDOW=unset RWM_REPORT_GENS=unset RWM_REPAIR_WAIT=unset RWM_CODED_SRC=0 RWM_NO_REACTIVE=0 RWM_XPATH_REPAIR=0 RWM_PROACTIVE_PACER=0 RWM_REASM_BDP=0 RWM_MIN_R=0 RWM_CC_PACE=0 RWM_CC_PACE_HR=1.1 RWM_REACT_CAP=unset RWM_INFL_CAP=0 RWM_INFL_BDP=unset RWM_COPA_FEED=0 RWM_RS_ATTR=1 RWM_EMIT_BATCH=0 RWM_EMIT_BURST=64 RWM_RECOV_MP=1 RWM_RECOV_MP_LAW=1 RWM_RECOV_MP_LIVE=0 RWM_RECOV_SP=0 RWM_DIAG=1 RWM_RDIAG=0 RWM_FDIAG=0 RWM_TRACE=0 RWM_PFRAC=0
{"bytes":400000000,"dnf":0,"hint":"bulk","max_s":22.4585,"mean_mbps":142.485,"mean_s":22.4585,"median_s":22.4585,"min_s":22.4585,"proto":"rp-native","runs":1,"stdev_s":0.0,"summary":true}
    LATPROBE: /tmp/rwm-ping.txt 447 replies
    CPU: CPUSRV=22.05s CPUCLI=29.35s (srv=decoder cli=sender; whole-invocation incl warmup)
    QDISC cli0: qdisc netem 858c: root refcnt 7 limit 1000 delay 1ms loss gemodel p 0.05% r 50% 1-h 100% 1-k 0% rate 1Gbit seed 42  Sent 438250584 bytes 348739 pkt (dropped 54, overlimits 0 requeues 0)   backlog 0b 0p requeues 0 
    QDISC cli1: qdisc netem 858d: root refcnt 7 limit 1000 delay 1ms loss gemodel p 0.05% r 50% 1-h 100% 1-k 0% rate 1Gbit seed 42  Sent 846 bytes 11 pkt (dropped 0, overlimits 0 requeues 0)   backlog 0b 0p requeues 0 
    QDISC srv0: qdisc netem 858e: root refcnt 7 limit 1000 delay 1ms rate 1Gbit seed 3377404310793413417  Sent 35775782 bytes 136937 pkt (dropped 0, overlimits 0 requeues 0)   backlog 0b 0p requeues 0 
    QDISC srv1: qdisc netem 858f: root refcnt 7 limit 1000 delay 1ms rate 1Gbit seed 990076355819759716  Sent 936 bytes 12 pkt (dropped 0, overlimits 0 requeues 0)   backlog 0b 0p requeues 0 
    QCAP: /tmp/rwm-q.txt 18 lines
RUNTIME c1-B rep=1 24s
LATRESULT {"cell": "c1", "arm": "B", "seed": 42, "rep": 1, "dnf": false, "dnf_count": 0, "mbps": 142.485, "seconds": 22.458, "n_runs": 1, "occ_p50": 186, "occ_p90": 288, "occcap_p50": 467, "q_p50": 8, "q_p95": 14, "q_p99": 17, "q_n": 70, "diag_lines": 89, "retx": 708, "gates_cli_3t": 1, "gates_srv_3t": 1, "gates_cli_rs": 1, "gates_srv_rs": 1, "gates_lines_cli": 1, "gates_lines_srv": 1, "active_echo_cli": 1, "tt_eng1": 11, "ping_n": 447, "ping_p50": 2.07, "ping_p95": 2.5, "ping_p99": 2.74, "ping_max": 2.82, "ping_min": 2.04, "ping_tx": null, "ping_rx": null, "ping_loss": null, "wait_tun": 100, "wait_paused": 0, "wait_pace": 0, "wait_gen": 0, "wait_nack": 0, "wait_defc": 0, "wait_tail": 0, "wait_flush": 0, "wait_lines": 86, "dgq_hand": 338656, "dgq_tx": 338653, "dgq_full": 0, "dgq_err": 0, "dgq_gap": 3, "dgq_paths": 1, "tc_bytes": 438251430, "tc_pkts": 348750, "tc_drop": 54, "tc_s": 24}
LIVENESS c1-B rep=1 cli=[RWM_THREE_TERM=1 RWM_PLAIN_RS=1] srv=[RWM_THREE_TERM=1 RWM_PLAIN_RS=1] active=1 eng1_lines=11 wait_lines=89 dgq_lines=72 ping_replies=447 (expect 3t=1 rs=1)
=== rep=1 arm=c1-D seed=42 env="RWM_PLAIN_RS=1" cell=c1/c1/single bytes=400000000 12:19:30
[2m2026-08-10T12:19:31.663355Z[0m [32m INFO[0m [2mraptorpath::gates[0m[2m:[0m [GATES] RWM_UNIFIED=1 RWM_UNIFIED_SHED=1 RWM_TAPER_R=1 RWM_ASTAR_ANCHOR=1 RWM_MSTAR_ANCHOR=1 RWM_PLAIN_RS=1 RWM_STORE_SACK_RELEASE=1 RWM_STORE_PATHS=1 RWM_STORE_PATH_POOL=2048 RWM_STORE=unset RWM_STORE_GAIN=2 RWM_STORE_BOOT=128 RWM_STORE_CAPW=0 RWM_STORE_CAP_UNIFIED=0 RWM_THREE_TERM=0 RWM_STORE_PERCAP=0 RWM_PERCAP_GUARD=1 RWM_STORE_BORROW=0 RWM_HONEST_CAP=1 RWM_POOL_ANCHOR=0 RWM_POOL_DELIV=0 RWM_FLOOR_BOUND=0 RWM_ACK_MERGE=1 RWM_PATIENCE_DERIVED=0 RWM_SIDLE_DERIVED=0 RWM_WIN_DECOUPLE=0 RWM_PLACE_SLACK=0 RWM_GEN=384 RWM_PIPELINE=2 RWM_GEN_PIPE=1 RWM_GEN_R=unset RWM_GEN_RATE=9000 RWM_GEN_RATE_FLOOR=2000 RWM_GEN_INFLIGHT=unset RWM_OOO_RETAIN=0/16 RWM_WINDOW=unset RWM_REPORT_GENS=unset RWM_REPAIR_WAIT=unset RWM_CODED_SRC=0 RWM_NO_REACTIVE=0 RWM_XPATH_REPAIR=0 RWM_PROACTIVE_PACER=0 RWM_REASM_BDP=0 RWM_MIN_R=0 RWM_CC_PACE=0 RWM_CC_PACE_HR=1.1 RWM_REACT_CAP=unset RWM_INFL_CAP=0 RWM_INFL_BDP=unset RWM_COPA_FEED=0 RWM_RS_ATTR=1 RWM_EMIT_BATCH=0 RWM_EMIT_BURST=64 RWM_RECOV_MP=1 RWM_RECOV_MP_LAW=1 RWM_RECOV_MP_LIVE=0 RWM_RECOV_SP=0 RWM_DIAG=1 RWM_RDIAG=0 RWM_FDIAG=0 RWM_TRACE=0 RWM_PFRAC=0
{"bytes":400000000,"dnf":0,"hint":"bulk","max_s":23.8562,"mean_mbps":134.137,"mean_s":23.8562,"median_s":23.8562,"min_s":23.8562,"proto":"rp-native","runs":1,"stdev_s":0.0,"summary":true}
    LATPROBE: /tmp/rwm-ping.txt 474 replies
    CPU: CPUSRV=19.71s CPUCLI=26.57s (srv=decoder cli=sender; whole-invocation incl warmup)
    QDISC cli0: qdisc netem 8590: root refcnt 7 limit 1000 delay 1ms loss gemodel p 0.05% r 50% 1-h 100% 1-k 0% rate 1Gbit seed 42  Sent 439959781 bytes 362706 pkt (dropped 71, overlimits 0 requeues 0)   backlog 0b 0p requeues 0 
    QDISC cli1: qdisc netem 8591: root refcnt 7 limit 1000 delay 1ms loss gemodel p 0.05% r 50% 1-h 100% 1-k 0% rate 1Gbit seed 42  Sent 846 bytes 11 pkt (dropped 0, overlimits 0 requeues 0)   backlog 0b 0p requeues 0 
    QDISC srv0: qdisc netem 8592: root refcnt 7 limit 1000 delay 1ms rate 1Gbit seed 5575304160945664030  Sent 33980888 bytes 106185 pkt (dropped 0, overlimits 0 requeues 0)   backlog 0b 0p requeues 0 
    QDISC srv1: qdisc netem 8593: root refcnt 7 limit 1000 delay 1ms rate 1Gbit seed 14676283626126508492  Sent 936 bytes 12 pkt (dropped 0, overlimits 0 requeues 0)   backlog 0b 0p requeues 0 
    QCAP: /tmp/rwm-q.txt 18 lines
RUNTIME c1-D rep=1 25s
LATRESULT {"cell": "c1", "arm": "D", "seed": 42, "rep": 1, "dnf": false, "dnf_count": 0, "mbps": 134.137, "seconds": 23.856, "n_runs": 1, "occ_p50": 174, "occ_p90": 301, "occcap_p50": 1024, "q_p50": 10, "q_p95": 18, "q_p99": 27, "q_n": 51, "diag_lines": 95, "retx": 1135, "gates_cli_3t": 0, "gates_srv_3t": 0, "gates_cli_rs": 1, "gates_srv_rs": 1, "gates_lines_cli": 1, "gates_lines_srv": 1, "active_echo_cli": 0, "tt_eng1": 0, "ping_n": 474, "ping_p50": 2.08, "ping_p95": 2.42, "ping_p99": 2.7, "ping_max": 2.87, "ping_min": 2.04, "ping_tx": null, "ping_rx": null, "ping_loss": null, "wait_tun": 58, "wait_paused": 42, "wait_pace": 0, "wait_gen": 0, "wait_nack": 0, "wait_defc": 0, "wait_tail": 0, "wait_flush": 0, "wait_lines": 92, "dgq_hand": 337603, "dgq_tx": 337603, "dgq_full": 0, "dgq_err": 0, "dgq_gap": 0, "dgq_paths": 1, "tc_bytes": 439960832, "tc_pkts": 362718, "tc_drop": 71, "tc_s": 25}
LIVENESS c1-D rep=1 cli=[RWM_THREE_TERM=0 RWM_PLAIN_RS=1] srv=[RWM_THREE_TERM=0 RWM_PLAIN_RS=1] active=0 eng1_lines=0 wait_lines=95 dgq_lines=52 ping_replies=474 (expect 3t=0 rs=1)
=== ARMCOUNTS 2026-08-10T12:19:55Z
ARMCOUNT sc2-A n=1/1
ARMCOUNT sc2-B n=1/1
ARMCOUNT sc2-D n=1/1
ARMCOUNT sc3-A n=1/1
ARMCOUNT sc3-B n=1/1
ARMCOUNT sc3-D n=1/1
ARMCOUNT c2r100-A n=1/1
ARMCOUNT c2r100-B n=1/1
ARMCOUNT c2r100-D n=1/1
ARMCOUNT c7-A n=1/1
ARMCOUNT c7-B n=1/1
ARMCOUNT c7-D n=1/1
ARMCOUNT c2r200-A n=1/1
ARMCOUNT c2r200-B n=1/1
ARMCOUNT c2r200-D n=1/1
ARMCOUNT c1-A n=1/1
ARMCOUNT c1-B n=1/1
ARMCOUNT c1-D n=1/1
LAT-BATTERY-DONE seed=42 2026-08-10T12:19:55Z
