=== MODE-HUNT BATTERY seed=42 reps=1 pinreps=1 cells='c8 c8L' arms='A AU AUR' 2026-08-12T04:42:19Z
=== CONTRACT goal-gate "Mode-Hunt Battery — VM PRE-REGISTRATION" (commit b8fd6d9)
=== BASELINE AU (the arm that CARRIES the mode, 8/11 = 0.727 in the predecessor) — NOT the shipped default
=== ARMS-DROPPED AUP (pooled ceiling + unified set): NOT gate-expressible, dropped before contact — see the pre-registration
=== STATISTIC deadwall = (wait_tun == 0 AND wait_paused == 0), per rep
=== binary sha256 8b2337cce580c200fef09d054665d8bf6a1837092b0ec4297ea7658b183168b0
=== source 5d089d0 feat/mode-hunt-battery (mode-hunt battery: the driver)
=== kernel 7.0.14-101.fc43.x86_64
=== uptime/load  06:42:19 up 1 day, 15:01,  6 users,  load average: 0.89, 0.69, 0.71
=== co-tenant 0
0 kwin_x11 / 1 sddm (desktop session, recorded per era honesty)
Model name:                              Intel(R) Xeon(R) CPU E5-2650 v3 @ 2.30GHz
aes avx2 pclmulqdq 
=== rep=1 arm=c8-A seed=42 env="" cell=c2/c3/dual bytes=25000000 04:42:19
[2m2026-08-12T04:42:21.369002Z[0m [32m INFO[0m [2mraptorpath::gates[0m[2m:[0m [GATES] RWM_UNIFIED=1 RWM_UNIFIED_SHED=1 RWM_TAPER_R=1 RWM_ASTAR_ANCHOR=1 RWM_MSTAR_ANCHOR=1 RWM_PLAIN_RS=0 RWM_HONEST_ANCHOR=1 RWM_HONEST_K=0 RWM_STORE_SACK_RELEASE=1 RWM_STORE_PATHS=1 RWM_STORE_PATH_POOL=2048 RWM_STORE=unset RWM_STORE_GAIN=2 RWM_STORE_BOOT=128 RWM_STORE_CAPW=0 RWM_STORE_CAP_UNIFIED=0 RWM_THREE_TERM=0 RWM_STORE_PERCAP=0 RWM_PERCAP_GUARD=1 RWM_STORE_BORROW=0 RWM_HONEST_CAP=1 RWM_POOL_ANCHOR=0 RWM_POOL_DELIV=0 RWM_FLOOR_BOUND=0 RWM_ACK_MERGE=1 RWM_PATIENCE_DERIVED=0 RWM_SIDLE_DERIVED=0 RWM_WIN_DECOUPLE=0 RWM_PLACE_SLACK=0 RWM_GEN=384 RWM_PIPELINE=2 RWM_GEN_PIPE=1 RWM_GEN_R=unset RWM_GEN_RATE=9000 RWM_GEN_RATE_FLOOR=2000 RWM_GEN_INFLIGHT=unset RWM_OOO_RETAIN=0/16 RWM_WINDOW=unset RWM_REPORT_GENS=unset RWM_REPAIR_WAIT=unset RWM_CODED_SRC=0 RWM_NO_REACTIVE=0 RWM_XPATH_REPAIR=0 RWM_PROACTIVE_PACER=0 RWM_REASM_BDP=0 RWM_MIN_R=0 RWM_CC_PACE=0 RWM_CC_PACE_HR=1.1 RWM_REACT_CAP=unset RWM_INFL_CAP=0 RWM_INFL_BDP=unset RWM_COPA_FEED=0 RWM_RS_ATTR=1 RWM_EMIT_BATCH=0 RWM_EMIT_BURST=64 RWM_RECOV_MP=1 RWM_RECOV_MP_LAW=1 RWM_RECOV_MP_LIVE=0 RWM_RECOV_SP=0 RWM_DERIVED_SWEEP=0 RWM_DIAG=1 RWM_ACKDIAG=1 RWM_RDIAG=0 RWM_FDIAG=0 RWM_TRACE=0 RWM_PFRAC=0
{"bytes":25000000,"dnf":0,"hint":"bulk","max_s":2.718,"mean_mbps":73.584,"mean_s":2.718,"median_s":2.718,"min_s":2.718,"proto":"rp-native","runs":1,"stdev_s":0.0,"summary":true}
    LATPROBE: /tmp/rwm-ping.txt 62 replies
    CPU: CPUSRV=2.13s CPUCLI=2.30s (srv=decoder cli=sender; whole-invocation incl warmup)
    QDISC cli0: qdisc netem a143: root refcnt 7 limit 1000 delay 5ms  3ms loss gemodel p 1.3% r 50% 1-h 100% 1-k 0% rate 100Mbit seed 42  Sent 23929148 bytes 20077 pkt (dropped 279, overlimits 0 requeues 0)   backlog 0b 0p requeues 0 
    QDISC cli1: qdisc netem a144: root refcnt 7 limit 1000 delay 20ms  5ms loss gemodel p 2% r 40% 1-h 100% 1-k 0% rate 20Mbit seed 42  Sent 5453503 bytes 5101 pkt (dropped 116, overlimits 0 requeues 0)   backlog 0b 0p requeues 0 
    QDISC srv0: qdisc netem a145: root refcnt 7 limit 1000 delay 5ms  3ms rate 100Mbit seed 9449261805764565623  Sent 2731443 bytes 15025 pkt (dropped 0, overlimits 0 requeues 0)   backlog 0b 0p requeues 0 
    QDISC srv1: qdisc netem a146: root refcnt 7 limit 1000 delay 20ms  5ms rate 20Mbit seed 13361501990650413195  Sent 977928 bytes 4484 pkt (dropped 0, overlimits 0 requeues 0)   backlog 0b 0p requeues 0 
    QCAP: /tmp/rwm-q.txt 18 lines
RUNTIME c8-A rep=1 5s
DEADWALLRESULT {"cell": "c8", "arm": "A", "seed": 42, "rep": 1, "dnf": false, "dnf_count": 0, "mbps": 73.584, "seconds": 2.718, "n_runs": 1, "cpusrv": 2.13, "cpucli": 2.3, "khr_med": 1.0, "kraw_med": null, "khr_n": 14, "kraw_n": 0, "rtp_med": 11, "occ_p50": 2594, "occcap_p50": 4096, "q_p50": 271, "q_p99": 461, "diag_lines": 10, "retx": 1684, "gates_cli_ds": 0, "gates_srv_ds": 0, "gates_cli_u": 0, "gates_srv_u": 0, "gates_cli_mp": 1, "gates_srv_mp": 1, "gates_cli_ack": 1, "gates_srv_ack": 1, "gates_cli_diag": 1, "gates_srv_diag": 1, "gates_lines_cli": 1, "gates_lines_srv": 1, "active_ds_cli": 0, "active_ds_srv": 0, "diverged_ds_cli": 0, "diverged_ds_srv": 0, "active_u_cli": 0, "active_u_srv": 0, "ds_site": null, "ds_srtt_us": null, "ds_jitter_us": null, "ds_derived_us": null, "ds_legacy_us": null, "ds_from": null, "ds_n_echo": 0, "ackdiag_lines_cli": 2, "ackdiag_lines_srv": 2, "sf_ticks": 317, "sf_E": 0.8265, "sf_short": 0.3091, "sf_zero": 0.0379, "capboot_n": 7, "capboot_frac": 0.0, "ping_n": 62, "ping_p50": 98.7, "ping_p95": 363.0, "ping_p99": 370.0, "ping_tx": null, "ping_rx": null, "ping_loss": null, "wait_tun": 44, "wait_paused": 6, "wait_pace": 0, "wait_gen": 0, "wait_nack": 38, "wait_defc": 0, "wait_tail": 1, "wait_flush": 0, "wait_lines": 7, "deadwall": false, "dgq_hand": 23426, "dgq_full": 0, "dgq_gap": 0, "tc_bytes": 29382651, "tc_pkts": 25178, "tc_drop": 395, "tc_s": 5}
LIVENESS c8-A rep=1 cli=[RWM_DERIVED_SWEEP=0 RWM_STORE_CAP_UNIFIED=0 RWM_RECOV_MP=1 RWM_ACKDIAG=1] srv=[RWM_DERIVED_SWEEP=0 RWM_STORE_CAP_UNIFIED=0 RWM_RECOV_MP=1 RWM_ACKDIAG=1] actDS=0/0 divDS=0/0 actU=0/0 ackdiag=2/2 (expect ds=0 u=0)
=== rep=1 arm=c8-AU seed=42 env="RWM_STORE_CAP_UNIFIED=1" cell=c2/c3/dual bytes=25000000 04:42:24
[2m2026-08-12T04:42:26.878805Z[0m [32m INFO[0m [2mraptorpath::gates[0m[2m:[0m [GATES] RWM_UNIFIED=1 RWM_UNIFIED_SHED=1 RWM_TAPER_R=1 RWM_ASTAR_ANCHOR=1 RWM_MSTAR_ANCHOR=1 RWM_PLAIN_RS=0 RWM_HONEST_ANCHOR=1 RWM_HONEST_K=0 RWM_STORE_SACK_RELEASE=1 RWM_STORE_PATHS=1 RWM_STORE_PATH_POOL=2048 RWM_STORE=unset RWM_STORE_GAIN=2 RWM_STORE_BOOT=128 RWM_STORE_CAPW=0 RWM_STORE_CAP_UNIFIED=1 RWM_THREE_TERM=0 RWM_STORE_PERCAP=0 RWM_PERCAP_GUARD=1 RWM_STORE_BORROW=0 RWM_HONEST_CAP=1 RWM_POOL_ANCHOR=0 RWM_POOL_DELIV=0 RWM_FLOOR_BOUND=0 RWM_ACK_MERGE=1 RWM_PATIENCE_DERIVED=0 RWM_SIDLE_DERIVED=0 RWM_WIN_DECOUPLE=0 RWM_PLACE_SLACK=0 RWM_GEN=384 RWM_PIPELINE=2 RWM_GEN_PIPE=1 RWM_GEN_R=unset RWM_GEN_RATE=9000 RWM_GEN_RATE_FLOOR=2000 RWM_GEN_INFLIGHT=unset RWM_OOO_RETAIN=0/16 RWM_WINDOW=unset RWM_REPORT_GENS=unset RWM_REPAIR_WAIT=unset RWM_CODED_SRC=0 RWM_NO_REACTIVE=0 RWM_XPATH_REPAIR=0 RWM_PROACTIVE_PACER=0 RWM_REASM_BDP=0 RWM_MIN_R=0 RWM_CC_PACE=0 RWM_CC_PACE_HR=1.1 RWM_REACT_CAP=unset RWM_INFL_CAP=0 RWM_INFL_BDP=unset RWM_COPA_FEED=0 RWM_RS_ATTR=1 RWM_EMIT_BATCH=0 RWM_EMIT_BURST=64 RWM_RECOV_MP=1 RWM_RECOV_MP_LAW=1 RWM_RECOV_MP_LIVE=0 RWM_RECOV_SP=0 RWM_DERIVED_SWEEP=0 RWM_DIAG=1 RWM_ACKDIAG=1 RWM_RDIAG=0 RWM_FDIAG=0 RWM_TRACE=0 RWM_PFRAC=0
{"bytes":25000000,"dnf":0,"hint":"bulk","max_s":5.6501,"mean_mbps":35.398,"mean_s":5.6501,"median_s":5.6501,"min_s":5.6501,"proto":"rp-native","runs":1,"stdev_s":0.0,"summary":true}
    LATPROBE: /tmp/rwm-ping.txt 117 replies
    CPU: CPUSRV=2.19s CPUCLI=3.12s (srv=decoder cli=sender; whole-invocation incl warmup)
    QDISC cli0: qdisc netem a147: root refcnt 7 limit 1000 delay 5ms  3ms loss gemodel p 1.3% r 50% 1-h 100% 1-k 0% rate 100Mbit seed 42  Sent 25981212 bytes 20733 pkt (dropped 104, overlimits 0 requeues 0)   backlog 0b 0p requeues 0 
    QDISC cli1: qdisc netem a148: root refcnt 7 limit 1000 delay 20ms  5ms loss gemodel p 2% r 40% 1-h 100% 1-k 0% rate 20Mbit seed 42  Sent 5901358 bytes 4905 pkt (dropped 75, overlimits 0 requeues 0)   backlog 0b 0p requeues 0 
    QDISC srv0: qdisc netem a149: root refcnt 7 limit 1000 delay 5ms  3ms rate 100Mbit seed 11189872104012945153  Sent 3140350 bytes 15906 pkt (dropped 0, overlimits 0 requeues 0)   backlog 0b 0p requeues 0 
    QDISC srv1: qdisc netem a14a: root refcnt 7 limit 1000 delay 20ms  5ms rate 20Mbit seed 4426598507063645864  Sent 786667 bytes 4397 pkt (dropped 0, overlimits 0 requeues 0)   backlog 0b 0p requeues 0 
    QCAP: /tmp/rwm-q.txt 18 lines
RUNTIME c8-AU rep=1 9s
DEADWALLRESULT {"cell": "c8", "arm": "AU", "seed": 42, "rep": 1, "dnf": false, "dnf_count": 0, "mbps": 35.398, "seconds": 5.65, "n_runs": 1, "cpusrv": 2.19, "cpucli": 3.12, "khr_med": 1.0, "kraw_med": null, "khr_n": 30, "kraw_n": 0, "rtp_med": 39, "occ_p50": 0, "occcap_p50": 4096, "q_p50": 612, "q_p99": 1274, "diag_lines": 20, "retx": 3953, "gates_cli_ds": 0, "gates_srv_ds": 0, "gates_cli_u": 1, "gates_srv_u": 1, "gates_cli_mp": 1, "gates_srv_mp": 1, "gates_cli_ack": 1, "gates_srv_ack": 1, "gates_cli_diag": 1, "gates_srv_diag": 1, "gates_lines_cli": 1, "gates_lines_srv": 1, "active_ds_cli": 0, "active_ds_srv": 0, "diverged_ds_cli": 0, "diverged_ds_srv": 0, "active_u_cli": 1, "active_u_srv": 1, "ds_site": null, "ds_srtt_us": null, "ds_jitter_us": null, "ds_derived_us": null, "ds_legacy_us": null, "ds_from": null, "ds_n_echo": 0, "ackdiag_lines_cli": 4, "ackdiag_lines_srv": 4, "sf_ticks": 387, "sf_E": 0.4018, "sf_short": 0.7183, "sf_zero": 0.478, "capboot_n": 17, "capboot_frac": 0.0, "ping_n": 117, "ping_p50": 12.2, "ping_p95": 154.0, "ping_p99": 156.0, "ping_tx": null, "ping_rx": null, "ping_loss": null, "wait_tun": 0, "wait_paused": 0, "wait_pace": 0, "wait_gen": 0, "wait_nack": 51, "wait_defc": 0, "wait_tail": 3, "wait_flush": 0, "wait_lines": 17, "deadwall": true, "dgq_hand": 25945, "dgq_full": 1153, "dgq_gap": 1153, "tc_bytes": 31882570, "tc_pkts": 25638, "tc_drop": 179, "tc_s": 9}
LIVENESS c8-AU rep=1 cli=[RWM_DERIVED_SWEEP=0 RWM_STORE_CAP_UNIFIED=1 RWM_RECOV_MP=1 RWM_ACKDIAG=1] srv=[RWM_DERIVED_SWEEP=0 RWM_STORE_CAP_UNIFIED=1 RWM_RECOV_MP=1 RWM_ACKDIAG=1] actDS=0/0 divDS=0/0 actU=1/1 ackdiag=4/4 (expect ds=0 u=1)
=== rep=1 arm=c8-AUR seed=42 env="RWM_STORE_CAP_UNIFIED=1 RWM_DERIVED_SWEEP=1" cell=c2/c3/dual bytes=25000000 04:42:33
[2m2026-08-12T04:42:35.337155Z[0m [32m INFO[0m [2mraptorpath::gates[0m[2m:[0m [GATES] RWM_UNIFIED=1 RWM_UNIFIED_SHED=1 RWM_TAPER_R=1 RWM_ASTAR_ANCHOR=1 RWM_MSTAR_ANCHOR=1 RWM_PLAIN_RS=0 RWM_HONEST_ANCHOR=1 RWM_HONEST_K=0 RWM_STORE_SACK_RELEASE=1 RWM_STORE_PATHS=1 RWM_STORE_PATH_POOL=2048 RWM_STORE=unset RWM_STORE_GAIN=2 RWM_STORE_BOOT=128 RWM_STORE_CAPW=0 RWM_STORE_CAP_UNIFIED=1 RWM_THREE_TERM=0 RWM_STORE_PERCAP=0 RWM_PERCAP_GUARD=1 RWM_STORE_BORROW=0 RWM_HONEST_CAP=1 RWM_POOL_ANCHOR=0 RWM_POOL_DELIV=0 RWM_FLOOR_BOUND=0 RWM_ACK_MERGE=1 RWM_PATIENCE_DERIVED=0 RWM_SIDLE_DERIVED=0 RWM_WIN_DECOUPLE=0 RWM_PLACE_SLACK=0 RWM_GEN=384 RWM_PIPELINE=2 RWM_GEN_PIPE=1 RWM_GEN_R=unset RWM_GEN_RATE=9000 RWM_GEN_RATE_FLOOR=2000 RWM_GEN_INFLIGHT=unset RWM_OOO_RETAIN=0/16 RWM_WINDOW=unset RWM_REPORT_GENS=unset RWM_REPAIR_WAIT=unset RWM_CODED_SRC=0 RWM_NO_REACTIVE=0 RWM_XPATH_REPAIR=0 RWM_PROACTIVE_PACER=0 RWM_REASM_BDP=0 RWM_MIN_R=0 RWM_CC_PACE=0 RWM_CC_PACE_HR=1.1 RWM_REACT_CAP=unset RWM_INFL_CAP=0 RWM_INFL_BDP=unset RWM_COPA_FEED=0 RWM_RS_ATTR=1 RWM_EMIT_BATCH=0 RWM_EMIT_BURST=64 RWM_RECOV_MP=1 RWM_RECOV_MP_LAW=1 RWM_RECOV_MP_LIVE=0 RWM_RECOV_SP=0 RWM_DERIVED_SWEEP=1 RWM_DIAG=1 RWM_ACKDIAG=1 RWM_RDIAG=0 RWM_FDIAG=0 RWM_TRACE=0 RWM_PFRAC=0
{"bytes":25000000,"dnf":0,"hint":"bulk","max_s":2.8015,"mean_mbps":71.39,"mean_s":2.8015,"median_s":2.8015,"min_s":2.8015,"proto":"rp-native","runs":1,"stdev_s":0.0,"summary":true}
    LATPROBE: /tmp/rwm-ping.txt 62 replies
    CPU: CPUSRV=2.13s CPUCLI=2.18s (srv=decoder cli=sender; whole-invocation incl warmup)
    QDISC cli0: qdisc netem a14b: root refcnt 7 limit 1000 delay 5ms  3ms loss gemodel p 1.3% r 50% 1-h 100% 1-k 0% rate 100Mbit seed 42  Sent 25229909 bytes 19843 pkt (dropped 82, overlimits 0 requeues 0)   backlog 0b 0p requeues 0 
    QDISC cli1: qdisc netem a14c: root refcnt 7 limit 1000 delay 20ms  5ms loss gemodel p 2% r 40% 1-h 100% 1-k 0% rate 20Mbit seed 42  Sent 5443480 bytes 4837 pkt (dropped 91, overlimits 0 requeues 0)   backlog 0b 0p requeues 0 
    QDISC srv0: qdisc netem a14d: root refcnt 7 limit 1000 delay 5ms  3ms rate 100Mbit seed 8382248040813326069  Sent 2790474 bytes 14983 pkt (dropped 0, overlimits 0 requeues 0)   backlog 0b 0p requeues 0 
    QDISC srv1: qdisc netem a14e: root refcnt 7 limit 1000 delay 20ms  5ms rate 20Mbit seed 17107148710178975932  Sent 759707 bytes 4030 pkt (dropped 0, overlimits 0 requeues 0)   backlog 0b 0p requeues 0 
    QCAP: /tmp/rwm-q.txt 18 lines
RUNTIME c8-AUR rep=1 5s
DEADWALLRESULT {"cell": "c8", "arm": "AUR", "seed": 42, "rep": 1, "dnf": false, "dnf_count": 0, "mbps": 71.39, "seconds": 2.802, "n_runs": 1, "cpusrv": 2.13, "cpucli": 2.18, "khr_med": 1.0, "kraw_med": null, "khr_n": 8, "kraw_n": 0, "rtp_med": 41, "occ_p50": 3680, "occcap_p50": 4096, "q_p50": 426, "q_p99": 928, "diag_lines": 9, "retx": 2663, "gates_cli_ds": 1, "gates_srv_ds": 1, "gates_cli_u": 1, "gates_srv_u": 1, "gates_cli_mp": 1, "gates_srv_mp": 1, "gates_cli_ack": 1, "gates_srv_ack": 1, "gates_cli_diag": 1, "gates_srv_diag": 1, "gates_lines_cli": 1, "gates_lines_srv": 1, "active_ds_cli": 1, "active_ds_srv": 2, "diverged_ds_cli": 1, "diverged_ds_srv": 2, "active_u_cli": 1, "active_u_srv": 1, "ds_site": "sender-tail-sweep", "ds_srtt_us": 80459, "ds_jitter_us": 36679, "ds_derived_us": 160918, "ds_legacy_us": 100000, "ds_from": "diverged", "ds_n_echo": 6, "ackdiag_lines_cli": 2, "ackdiag_lines_srv": 2, "sf_ticks": 318, "sf_E": 0.2248, "sf_short": 0.9591, "sf_zero": 0.5912, "capboot_n": 6, "capboot_frac": 0.0, "ping_n": 62, "ping_p50": 59.1, "ping_p95": 211.0, "ping_p99": 212.0, "ping_tx": null, "ping_rx": null, "ping_loss": null, "wait_tun": 50, "wait_paused": 9, "wait_pace": 0, "wait_gen": 0, "wait_nack": 28, "wait_defc": 0, "wait_tail": 0, "wait_flush": 0, "wait_lines": 6, "deadwall": false, "dgq_hand": 24111, "dgq_full": 0, "dgq_gap": 2, "tc_bytes": 30673389, "tc_pkts": 24680, "tc_drop": 173, "tc_s": 5}
LIVENESS c8-AUR rep=1 cli=[RWM_DERIVED_SWEEP=1 RWM_STORE_CAP_UNIFIED=1 RWM_RECOV_MP=1 RWM_ACKDIAG=1] srv=[RWM_DERIVED_SWEEP=1 RWM_STORE_CAP_UNIFIED=1 RWM_RECOV_MP=1 RWM_ACKDIAG=1] actDS=1/2 divDS=1/2 actU=1/1 ackdiag=2/2 (expect ds=1 u=1)
DSLINE c8-AUR rep=1 ep=c ACTIVE site=sender-tail-sweep srtt_us=50000 jitter_us=0 derived_us=100000 legacy_us=100000
DSLINE c8-AUR rep=1 ep=c DIVERGED site=sender-tail-sweep srtt_us=10000 jitter_us=0 derived_us=20000 legacy_us=25000
DSLINE c8-AUR rep=1 ep=s ACTIVE site=sender-tail-sweep srtt_us=50000 jitter_us=0 derived_us=100000 legacy_us=100000
DSLINE c8-AUR rep=1 ep=s ACTIVE site=receiver-hole-refresh srtt_us=50000 jitter_us=128 derived_us=100000 legacy_us=100000
DSLINE c8-AUR rep=1 ep=s DIVERGED site=receiver-hole-refresh srtt_us=67091 jitter_us=24759 derived_us=134182 legacy_us=100000
DSLINE c8-AUR rep=1 ep=s DIVERGED site=sender-tail-sweep srtt_us=80459 jitter_us=36679 derived_us=160918 legacy_us=100000
=== rep=1 arm=c8L-AU seed=42 env="RWM_STORE_CAP_UNIFIED=1" cell=c2/c3/dual bytes=200000000 04:42:38
[2m2026-08-12T04:42:40.900214Z[0m [32m INFO[0m [2mraptorpath::gates[0m[2m:[0m [GATES] RWM_UNIFIED=1 RWM_UNIFIED_SHED=1 RWM_TAPER_R=1 RWM_ASTAR_ANCHOR=1 RWM_MSTAR_ANCHOR=1 RWM_PLAIN_RS=0 RWM_HONEST_ANCHOR=1 RWM_HONEST_K=0 RWM_STORE_SACK_RELEASE=1 RWM_STORE_PATHS=1 RWM_STORE_PATH_POOL=2048 RWM_STORE=unset RWM_STORE_GAIN=2 RWM_STORE_BOOT=128 RWM_STORE_CAPW=0 RWM_STORE_CAP_UNIFIED=1 RWM_THREE_TERM=0 RWM_STORE_PERCAP=0 RWM_PERCAP_GUARD=1 RWM_STORE_BORROW=0 RWM_HONEST_CAP=1 RWM_POOL_ANCHOR=0 RWM_POOL_DELIV=0 RWM_FLOOR_BOUND=0 RWM_ACK_MERGE=1 RWM_PATIENCE_DERIVED=0 RWM_SIDLE_DERIVED=0 RWM_WIN_DECOUPLE=0 RWM_PLACE_SLACK=0 RWM_GEN=384 RWM_PIPELINE=2 RWM_GEN_PIPE=1 RWM_GEN_R=unset RWM_GEN_RATE=9000 RWM_GEN_RATE_FLOOR=2000 RWM_GEN_INFLIGHT=unset RWM_OOO_RETAIN=0/16 RWM_WINDOW=unset RWM_REPORT_GENS=unset RWM_REPAIR_WAIT=unset RWM_CODED_SRC=0 RWM_NO_REACTIVE=0 RWM_XPATH_REPAIR=0 RWM_PROACTIVE_PACER=0 RWM_REASM_BDP=0 RWM_MIN_R=0 RWM_CC_PACE=0 RWM_CC_PACE_HR=1.1 RWM_REACT_CAP=unset RWM_INFL_CAP=0 RWM_INFL_BDP=unset RWM_COPA_FEED=0 RWM_RS_ATTR=1 RWM_EMIT_BATCH=0 RWM_EMIT_BURST=64 RWM_RECOV_MP=1 RWM_RECOV_MP_LAW=1 RWM_RECOV_MP_LIVE=0 RWM_RECOV_SP=0 RWM_DERIVED_SWEEP=0 RWM_DIAG=1 RWM_ACKDIAG=1 RWM_RDIAG=0 RWM_FDIAG=0 RWM_TRACE=0 RWM_PFRAC=0
{"bytes":200000000,"dnf":0,"hint":"bulk","max_s":22.4691,"mean_mbps":71.209,"mean_s":22.4691,"median_s":22.4691,"min_s":22.4691,"proto":"rp-native","runs":1,"stdev_s":0.0,"summary":true}
    LATPROBE: /tmp/rwm-ping.txt 433 replies
    CPU: CPUSRV=15.62s CPUCLI=24.62s (srv=decoder cli=sender; whole-invocation incl warmup)
    QDISC cli0: qdisc netem a14f: root refcnt 7 limit 1000 delay 5ms  3ms loss gemodel p 1.3% r 50% 1-h 100% 1-k 0% rate 100Mbit seed 42  Sent 227512109 bytes 180759 pkt (dropped 895, overlimits 0 requeues 0)   backlog 0b 0p requeues 0 
    QDISC cli1: qdisc netem a150: root refcnt 7 limit 1000 delay 20ms  5ms loss gemodel p 2% r 40% 1-h 100% 1-k 0% rate 20Mbit seed 42  Sent 5360653 bytes 4666 pkt (dropped 80, overlimits 0 requeues 0)   backlog 0b 0p requeues 0 
    QDISC srv0: qdisc netem a151: root refcnt 7 limit 1000 delay 5ms  3ms rate 100Mbit seed 12752478357946186883  Sent 25178369 bytes 134537 pkt (dropped 0, overlimits 0 requeues 0)   backlog 0b 0p requeues 0 
    QDISC srv1: qdisc netem a152: root refcnt 7 limit 1000 delay 20ms  5ms rate 20Mbit seed 15746519368220331814  Sent 651538 bytes 3887 pkt (dropped 0, overlimits 0 requeues 0)   backlog 0b 0p requeues 0 
    QCAP: /tmp/rwm-q.txt 18 lines
RUNTIME c8L-AU rep=1 25s
DEADWALLRESULT {"cell": "c8L", "arm": "AU", "seed": 42, "rep": 1, "dnf": false, "dnf_count": 0, "mbps": 71.209, "seconds": 22.469, "n_runs": 1, "cpusrv": 15.62, "cpucli": 24.62, "khr_med": 1.0, "kraw_med": null, "khr_n": 135, "kraw_n": 0, "rtp_med": 44, "occ_p50": 2254, "occcap_p50": 4096, "q_p50": 787, "q_p99": 1237, "diag_lines": 81, "retx": 13511, "gates_cli_ds": 0, "gates_srv_ds": 0, "gates_cli_u": 1, "gates_srv_u": 1, "gates_cli_mp": 1, "gates_srv_mp": 1, "gates_cli_ack": 1, "gates_srv_ack": 1, "gates_cli_diag": 1, "gates_srv_diag": 1, "gates_lines_cli": 1, "gates_lines_srv": 1, "active_ds_cli": 0, "active_ds_srv": 0, "diverged_ds_cli": 0, "diverged_ds_srv": 0, "active_u_cli": 1, "active_u_srv": 1, "ds_site": null, "ds_srtt_us": null, "ds_jitter_us": null, "ds_derived_us": null, "ds_legacy_us": null, "ds_from": null, "ds_n_echo": 0, "ackdiag_lines_cli": 18, "ackdiag_lines_srv": 13, "sf_ticks": 2103, "sf_E": 0.7313, "sf_short": 0.4931, "sf_zero": 0.0442, "capboot_n": 78, "capboot_frac": 0.0, "ping_n": 433, "ping_p50": 82.1, "ping_p95": 146.0, "ping_p99": 148.0, "ping_tx": null, "ping_rx": null, "ping_loss": null, "wait_tun": 75, "wait_paused": 0, "wait_pace": 0, "wait_gen": 0, "wait_nack": 19, "wait_defc": 0, "wait_tail": 0, "wait_flush": 0, "wait_lines": 78, "deadwall": false, "dgq_hand": 193204, "dgq_full": 9358, "dgq_gap": 9384, "tc_bytes": 232872762, "tc_pkts": 185425, "tc_drop": 975, "tc_s": 25}
LIVENESS c8L-AU rep=1 cli=[RWM_DERIVED_SWEEP=0 RWM_STORE_CAP_UNIFIED=1 RWM_RECOV_MP=1 RWM_ACKDIAG=1] srv=[RWM_DERIVED_SWEEP=0 RWM_STORE_CAP_UNIFIED=1 RWM_RECOV_MP=1 RWM_ACKDIAG=1] actDS=0/0 divDS=0/0 actU=1/1 ackdiag=18/13 (expect ds=0 u=1)
=== ARMCOUNTS 2026-08-12T04:43:04Z
ARMCOUNT c8-A n=1/1
ARMCOUNT c8-AU n=1/1
ARMCOUNT c8-AUR n=1/1
ARMCOUNT c8L-AU n=1/1
MODEHUNT-BATTERY-DONE seed=42 2026-08-12T04:43:04Z
