=== MODE-HUNT BATTERY seed=7 reps=8 pinreps=4 cells='c8 c8L' arms='AU AUR' 2026-08-12T05:11:29Z
=== CONTRACT goal-gate "Mode-Hunt Battery — VM PRE-REGISTRATION" (commit b8fd6d9)
=== BASELINE AU (the arm that CARRIES the mode, 8/11 = 0.727 in the predecessor) — NOT the shipped default
=== ARMS-DROPPED AUP (pooled ceiling + unified set): NOT gate-expressible, dropped before contact — see the pre-registration
=== STATISTIC deadwall = (wait_tun == 0 AND wait_paused == 0), per rep
=== binary sha256 8b2337cce580c200fef09d054665d8bf6a1837092b0ec4297ea7658b183168b0
=== source 5d089d0 feat/mode-hunt-battery (mode-hunt battery: the driver)
=== kernel 7.0.14-101.fc43.x86_64
=== uptime/load  07:11:29 up 1 day, 15:30,  6 users,  load average: 0.48, 1.11, 1.32
=== co-tenant 0
0 kwin_x11 / 1 sddm (desktop session, recorded per era honesty)
Model name:                              Intel(R) Xeon(R) CPU E5-2650 v3 @ 2.30GHz
aes avx2 pclmulqdq 
=== rep=1 arm=c8-AU seed=7 env="RWM_STORE_CAP_UNIFIED=1" cell=c2/c3/dual bytes=25000000 05:11:29
[2m2026-08-12T05:11:32.558462Z[0m [32m INFO[0m [2mraptorpath::gates[0m[2m:[0m [GATES] RWM_UNIFIED=1 RWM_UNIFIED_SHED=1 RWM_TAPER_R=1 RWM_ASTAR_ANCHOR=1 RWM_MSTAR_ANCHOR=1 RWM_PLAIN_RS=0 RWM_HONEST_ANCHOR=1 RWM_HONEST_K=0 RWM_STORE_SACK_RELEASE=1 RWM_STORE_PATHS=1 RWM_STORE_PATH_POOL=2048 RWM_STORE=unset RWM_STORE_GAIN=2 RWM_STORE_BOOT=128 RWM_STORE_CAPW=0 RWM_STORE_CAP_UNIFIED=1 RWM_THREE_TERM=0 RWM_STORE_PERCAP=0 RWM_PERCAP_GUARD=1 RWM_STORE_BORROW=0 RWM_HONEST_CAP=1 RWM_POOL_ANCHOR=0 RWM_POOL_DELIV=0 RWM_FLOOR_BOUND=0 RWM_ACK_MERGE=1 RWM_PATIENCE_DERIVED=0 RWM_SIDLE_DERIVED=0 RWM_WIN_DECOUPLE=0 RWM_PLACE_SLACK=0 RWM_GEN=384 RWM_PIPELINE=2 RWM_GEN_PIPE=1 RWM_GEN_R=unset RWM_GEN_RATE=9000 RWM_GEN_RATE_FLOOR=2000 RWM_GEN_INFLIGHT=unset RWM_OOO_RETAIN=0/16 RWM_WINDOW=unset RWM_REPORT_GENS=unset RWM_REPAIR_WAIT=unset RWM_CODED_SRC=0 RWM_NO_REACTIVE=0 RWM_XPATH_REPAIR=0 RWM_PROACTIVE_PACER=0 RWM_REASM_BDP=0 RWM_MIN_R=0 RWM_CC_PACE=0 RWM_CC_PACE_HR=1.1 RWM_REACT_CAP=unset RWM_INFL_CAP=0 RWM_INFL_BDP=unset RWM_COPA_FEED=0 RWM_RS_ATTR=1 RWM_EMIT_BATCH=0 RWM_EMIT_BURST=64 RWM_RECOV_MP=1 RWM_RECOV_MP_LAW=1 RWM_RECOV_MP_LIVE=0 RWM_RECOV_SP=0 RWM_DERIVED_SWEEP=0 RWM_DIAG=1 RWM_ACKDIAG=1 RWM_RDIAG=0 RWM_FDIAG=0 RWM_TRACE=0 RWM_PFRAC=0
{"bytes":25000000,"dnf":0,"hint":"bulk","max_s":2.5484,"mean_mbps":78.482,"mean_s":2.5484,"median_s":2.5484,"min_s":2.5484,"proto":"rp-native","runs":1,"stdev_s":0.0,"summary":true}
    LATPROBE: /tmp/rwm-ping.txt 53 replies
    CPU: CPUSRV=2.22s CPUCLI=2.68s (srv=decoder cli=sender; whole-invocation incl warmup)
    QDISC cli0: qdisc netem a293: root refcnt 7 limit 1000 delay 5ms  3ms loss gemodel p 1.3% r 50% 1-h 100% 1-k 0% rate 100Mbit seed 7  Sent 23354584 bytes 18316 pkt (dropped 100, overlimits 0 requeues 0)   backlog 0b 0p requeues 0 
    QDISC cli1: qdisc netem a294: root refcnt 7 limit 1000 delay 20ms  5ms loss gemodel p 2% r 40% 1-h 100% 1-k 0% rate 20Mbit seed 7  Sent 4864794 bytes 4372 pkt (dropped 85, overlimits 0 requeues 0)   backlog 0b 0p requeues 0 
    QDISC srv0: qdisc netem a295: root refcnt 7 limit 1000 delay 5ms  3ms rate 100Mbit seed 17010989549932007273  Sent 2595637 bytes 14657 pkt (dropped 0, overlimits 0 requeues 0)   backlog 0b 0p requeues 0 
    QDISC srv1: qdisc netem a296: root refcnt 7 limit 1000 delay 20ms  5ms rate 20Mbit seed 10530453759680927653  Sent 730372 bytes 3861 pkt (dropped 0, overlimits 0 requeues 0)   backlog 0b 0p requeues 0 
    QCAP: /tmp/rwm-q.txt 18 lines
RUNTIME c8-AU rep=1 6s
DEADWALLRESULT {"cell": "c8", "arm": "AU", "seed": 7, "rep": 1, "dnf": false, "dnf_count": 0, "mbps": 78.482, "seconds": 2.548, "n_runs": 1, "cpusrv": 2.22, "cpucli": 2.68, "khr_med": 1.0, "kraw_med": null, "khr_n": 14, "kraw_n": 0, "rtp_med": 10, "occ_p50": 2035, "occcap_p50": 4096, "q_p50": 263, "q_p99": 720, "diag_lines": 10, "retx": 1029, "gates_cli_ds": 0, "gates_srv_ds": 0, "gates_cli_u": 1, "gates_srv_u": 1, "gates_cli_mp": 1, "gates_srv_mp": 1, "gates_cli_ack": 1, "gates_srv_ack": 1, "gates_cli_diag": 1, "gates_srv_diag": 1, "gates_lines_cli": 1, "gates_lines_srv": 1, "active_ds_cli": 0, "active_ds_srv": 0, "diverged_ds_cli": 0, "diverged_ds_srv": 0, "active_u_cli": 1, "active_u_srv": 1, "ds_site": null, "ds_srtt_us": null, "ds_jitter_us": null, "ds_derived_us": null, "ds_legacy_us": null, "ds_from": null, "ds_n_echo": 0, "ackdiag_lines_cli": 2, "ackdiag_lines_srv": 2, "sf_ticks": 305, "sf_E": 0.8295, "sf_short": 0.3115, "sf_zero": 0.0295, "capboot_n": 7, "capboot_frac": 0.0, "ping_n": 53, "ping_p50": 73.9, "ping_p95": 162.0, "ping_p99": 167.0, "ping_tx": null, "ping_rx": null, "ping_loss": null, "wait_tun": 1, "wait_paused": 2, "wait_pace": 0, "wait_gen": 0, "wait_nack": 95, "wait_defc": 0, "wait_tail": 0, "wait_flush": 0, "wait_lines": 7, "deadwall": false, "dgq_hand": 22477, "dgq_full": 0, "dgq_gap": 10, "tc_bytes": 28219378, "tc_pkts": 22688, "tc_drop": 185, "tc_s": 6}
LIVENESS c8-AU rep=1 cli=[RWM_DERIVED_SWEEP=0 RWM_STORE_CAP_UNIFIED=1 RWM_RECOV_MP=1 RWM_ACKDIAG=1] srv=[RWM_DERIVED_SWEEP=0 RWM_STORE_CAP_UNIFIED=1 RWM_RECOV_MP=1 RWM_ACKDIAG=1] actDS=0/0 divDS=0/0 actU=1/1 ackdiag=2/2 (expect ds=0 u=1)
=== rep=1 arm=c8-AUR seed=7 env="RWM_STORE_CAP_UNIFIED=1 RWM_DERIVED_SWEEP=1" cell=c2/c3/dual bytes=25000000 05:11:35
[2m2026-08-12T05:11:38.635025Z[0m [32m INFO[0m [2mraptorpath::gates[0m[2m:[0m [GATES] RWM_UNIFIED=1 RWM_UNIFIED_SHED=1 RWM_TAPER_R=1 RWM_ASTAR_ANCHOR=1 RWM_MSTAR_ANCHOR=1 RWM_PLAIN_RS=0 RWM_HONEST_ANCHOR=1 RWM_HONEST_K=0 RWM_STORE_SACK_RELEASE=1 RWM_STORE_PATHS=1 RWM_STORE_PATH_POOL=2048 RWM_STORE=unset RWM_STORE_GAIN=2 RWM_STORE_BOOT=128 RWM_STORE_CAPW=0 RWM_STORE_CAP_UNIFIED=1 RWM_THREE_TERM=0 RWM_STORE_PERCAP=0 RWM_PERCAP_GUARD=1 RWM_STORE_BORROW=0 RWM_HONEST_CAP=1 RWM_POOL_ANCHOR=0 RWM_POOL_DELIV=0 RWM_FLOOR_BOUND=0 RWM_ACK_MERGE=1 RWM_PATIENCE_DERIVED=0 RWM_SIDLE_DERIVED=0 RWM_WIN_DECOUPLE=0 RWM_PLACE_SLACK=0 RWM_GEN=384 RWM_PIPELINE=2 RWM_GEN_PIPE=1 RWM_GEN_R=unset RWM_GEN_RATE=9000 RWM_GEN_RATE_FLOOR=2000 RWM_GEN_INFLIGHT=unset RWM_OOO_RETAIN=0/16 RWM_WINDOW=unset RWM_REPORT_GENS=unset RWM_REPAIR_WAIT=unset RWM_CODED_SRC=0 RWM_NO_REACTIVE=0 RWM_XPATH_REPAIR=0 RWM_PROACTIVE_PACER=0 RWM_REASM_BDP=0 RWM_MIN_R=0 RWM_CC_PACE=0 RWM_CC_PACE_HR=1.1 RWM_REACT_CAP=unset RWM_INFL_CAP=0 RWM_INFL_BDP=unset RWM_COPA_FEED=0 RWM_RS_ATTR=1 RWM_EMIT_BATCH=0 RWM_EMIT_BURST=64 RWM_RECOV_MP=1 RWM_RECOV_MP_LAW=1 RWM_RECOV_MP_LIVE=0 RWM_RECOV_SP=0 RWM_DERIVED_SWEEP=1 RWM_DIAG=1 RWM_ACKDIAG=1 RWM_RDIAG=0 RWM_FDIAG=0 RWM_TRACE=0 RWM_PFRAC=0
{"bytes":25000000,"dnf":0,"hint":"bulk","max_s":2.3972,"mean_mbps":83.429,"mean_s":2.3972,"median_s":2.3972,"min_s":2.3972,"proto":"rp-native","runs":1,"stdev_s":0.0,"summary":true}
    LATPROBE: /tmp/rwm-ping.txt 50 replies
    CPU: CPUSRV=2.07s CPUCLI=2.35s (srv=decoder cli=sender; whole-invocation incl warmup)
    QDISC cli0: qdisc netem a297: root refcnt 7 limit 1000 delay 5ms  3ms loss gemodel p 1.3% r 50% 1-h 100% 1-k 0% rate 100Mbit seed 7  Sent 24078069 bytes 18972 pkt (dropped 87, overlimits 0 requeues 0)   backlog 0b 0p requeues 0 
    QDISC cli1: qdisc netem a298: root refcnt 7 limit 1000 delay 20ms  5ms loss gemodel p 2% r 40% 1-h 100% 1-k 0% rate 20Mbit seed 7  Sent 5263147 bytes 4501 pkt (dropped 80, overlimits 0 requeues 0)   backlog 0b 0p requeues 0 
    QDISC srv0: qdisc netem a299: root refcnt 7 limit 1000 delay 5ms  3ms rate 100Mbit seed 5581253579287855631  Sent 2653005 bytes 14455 pkt (dropped 0, overlimits 0 requeues 0)   backlog 0b 0p requeues 0 
    QDISC srv1: qdisc netem a29a: root refcnt 7 limit 1000 delay 20ms  5ms rate 20Mbit seed 5345897243357175322  Sent 681685 bytes 3859 pkt (dropped 0, overlimits 0 requeues 0)   backlog 0b 0p requeues 0 
    QCAP: /tmp/rwm-q.txt 18 lines
RUNTIME c8-AUR rep=1 6s
DEADWALLRESULT {"cell": "c8", "arm": "AUR", "seed": 7, "rep": 1, "dnf": false, "dnf_count": 0, "mbps": 83.429, "seconds": 2.397, "n_runs": 1, "cpusrv": 2.07, "cpucli": 2.35, "khr_med": 1.0, "kraw_med": null, "khr_n": 12, "kraw_n": 0, "rtp_med": 43, "occ_p50": 1133, "occcap_p50": 4096, "q_p50": 413, "q_p99": 1379, "diag_lines": 9, "retx": 1810, "gates_cli_ds": 1, "gates_srv_ds": 1, "gates_cli_u": 1, "gates_srv_u": 1, "gates_cli_mp": 1, "gates_srv_mp": 1, "gates_cli_ack": 1, "gates_srv_ack": 1, "gates_cli_diag": 1, "gates_srv_diag": 1, "gates_lines_cli": 1, "gates_lines_srv": 1, "active_ds_cli": 1, "active_ds_srv": 2, "diverged_ds_cli": 1, "diverged_ds_srv": 2, "active_u_cli": 1, "active_u_srv": 1, "ds_site": "receiver-hole-refresh", "ds_srtt_us": 61157, "ds_jitter_us": 24291, "ds_derived_us": 122314, "ds_legacy_us": 100000, "ds_from": "diverged", "ds_n_echo": 6, "ackdiag_lines_cli": 2, "ackdiag_lines_srv": 2, "sf_ticks": 300, "sf_E": 0.6933, "sf_short": 0.43, "sf_zero": 0.1833, "capboot_n": 6, "capboot_frac": 0.0, "ping_n": 50, "ping_p50": 89.0, "ping_p95": 137.0, "ping_p99": 138.0, "ping_tx": null, "ping_rx": null, "ping_loss": null, "wait_tun": 0, "wait_paused": 0, "wait_pace": 0, "wait_gen": 0, "wait_nack": 25, "wait_defc": 0, "wait_tail": 0, "wait_flush": 0, "wait_lines": 6, "deadwall": true, "dgq_hand": 23386, "dgq_full": 338, "dgq_gap": 338, "tc_bytes": 29341216, "tc_pkts": 23473, "tc_drop": 167, "tc_s": 6}
LIVENESS c8-AUR rep=1 cli=[RWM_DERIVED_SWEEP=1 RWM_STORE_CAP_UNIFIED=1 RWM_RECOV_MP=1 RWM_ACKDIAG=1] srv=[RWM_DERIVED_SWEEP=1 RWM_STORE_CAP_UNIFIED=1 RWM_RECOV_MP=1 RWM_ACKDIAG=1] actDS=1/2 divDS=1/2 actU=1/1 ackdiag=2/2 (expect ds=1 u=1)
DSLINE c8-AUR rep=1 ep=c ACTIVE site=sender-tail-sweep srtt_us=50000 jitter_us=0 derived_us=100000 legacy_us=100000
DSLINE c8-AUR rep=1 ep=c DIVERGED site=sender-tail-sweep srtt_us=10000 jitter_us=0 derived_us=20000 legacy_us=25000
DSLINE c8-AUR rep=1 ep=s ACTIVE site=sender-tail-sweep srtt_us=50000 jitter_us=0 derived_us=100000 legacy_us=100000
DSLINE c8-AUR rep=1 ep=s ACTIVE site=receiver-hole-refresh srtt_us=50000 jitter_us=106 derived_us=100000 legacy_us=100000
DSLINE c8-AUR rep=1 ep=s DIVERGED site=receiver-hole-refresh srtt_us=61157 jitter_us=24291 derived_us=122314 legacy_us=100000
DSLINE c8-AUR rep=1 ep=s DIVERGED site=sender-tail-sweep srtt_us=61157 jitter_us=24291 derived_us=122314 legacy_us=100000
=== rep=1 arm=c8L-AU seed=7 env="RWM_STORE_CAP_UNIFIED=1" cell=c2/c3/dual bytes=200000000 05:11:41
RUNTIME c8L-AU rep=1 3s
DEADWALLRESULT {"cell": "c8L", "arm": "AU", "seed": 7, "rep": 1, "dnf": true, "dnf_count": null, "mbps": null, "seconds": null, "n_runs": 0, "cpusrv": null, "cpucli": null, "khr_med": null, "kraw_med": null, "khr_n": 0, "kraw_n": 0, "rtp_med": null, "occ_p50": null, "occcap_p50": null, "q_p50": null, "q_p99": null, "diag_lines": 0, "retx": 0, "gates_cli_ds": null, "gates_srv_ds": null, "gates_cli_u": null, "gates_srv_u": null, "gates_cli_mp": null, "gates_srv_mp": null, "gates_cli_ack": null, "gates_srv_ack": null, "gates_cli_diag": null, "gates_srv_diag": null, "gates_lines_cli": 0, "gates_lines_srv": 0, "active_ds_cli": 0, "active_ds_srv": 0, "diverged_ds_cli": 0, "diverged_ds_srv": 0, "active_u_cli": 0, "active_u_srv": 0, "ds_site": null, "ds_srtt_us": null, "ds_jitter_us": null, "ds_derived_us": null, "ds_legacy_us": null, "ds_from": null, "ds_n_echo": 0, "ackdiag_lines_cli": 0, "ackdiag_lines_srv": 0, "sf_ticks": null, "sf_E": null, "sf_short": null, "sf_zero": null, "capboot_n": 0, "capboot_frac": null, "ping_n": 50, "ping_p50": 89.0, "ping_p95": 137.0, "ping_p99": 138.0, "ping_tx": null, "ping_rx": null, "ping_loss": null, "wait_tun": null, "wait_paused": null, "wait_pace": null, "wait_gen": null, "wait_nack": null, "wait_defc": null, "wait_tail": null, "wait_flush": null, "wait_lines": 0, "deadwall": null, "dgq_hand": null, "dgq_full": null, "dgq_gap": null, "tc_bytes": null, "tc_pkts": null, "tc_drop": null, "tc_s": null}
LIVENESS c8L-AU rep=1 cli=[   ] srv=[   ] actDS=/ divDS=/ actU=/ ackdiag=/ (expect ds=0 u=1)
ABORT c8L-AU rep=1 (no [GATES] on either endpoint)
QCAP-MISSING c8L-AU rep=1
=== rep=2 arm=c8-AU seed=7 env="RWM_STORE_CAP_UNIFIED=1" cell=c2/c3/dual bytes=25000000 05:11:44
RUNTIME c8-AU rep=2 3s
DEADWALLRESULT {"cell": "c8", "arm": "AU", "seed": 7, "rep": 2, "dnf": true, "dnf_count": null, "mbps": null, "seconds": null, "n_runs": 0, "cpusrv": null, "cpucli": null, "khr_med": null, "kraw_med": null, "khr_n": 0, "kraw_n": 0, "rtp_med": null, "occ_p50": null, "occcap_p50": null, "q_p50": null, "q_p99": null, "diag_lines": 0, "retx": 0, "gates_cli_ds": null, "gates_srv_ds": null, "gates_cli_u": null, "gates_srv_u": null, "gates_cli_mp": null, "gates_srv_mp": null, "gates_cli_ack": null, "gates_srv_ack": null, "gates_cli_diag": null, "gates_srv_diag": null, "gates_lines_cli": 0, "gates_lines_srv": 0, "active_ds_cli": 0, "active_ds_srv": 0, "diverged_ds_cli": 0, "diverged_ds_srv": 0, "active_u_cli": 0, "active_u_srv": 0, "ds_site": null, "ds_srtt_us": null, "ds_jitter_us": null, "ds_derived_us": null, "ds_legacy_us": null, "ds_from": null, "ds_n_echo": 0, "ackdiag_lines_cli": 0, "ackdiag_lines_srv": 0, "sf_ticks": null, "sf_E": null, "sf_short": null, "sf_zero": null, "capboot_n": 0, "capboot_frac": null, "ping_n": 50, "ping_p50": 89.0, "ping_p95": 137.0, "ping_p99": 138.0, "ping_tx": null, "ping_rx": null, "ping_loss": null, "wait_tun": null, "wait_paused": null, "wait_pace": null, "wait_gen": null, "wait_nack": null, "wait_defc": null, "wait_tail": null, "wait_flush": null, "wait_lines": 0, "deadwall": null, "dgq_hand": null, "dgq_full": null, "dgq_gap": null, "tc_bytes": null, "tc_pkts": null, "tc_drop": null, "tc_s": null}
LIVENESS c8-AU rep=2 cli=[   ] srv=[   ] actDS=/ divDS=/ actU=/ ackdiag=/ (expect ds=0 u=1)
ABORT c8-AU rep=2 (no [GATES] on either endpoint)
QCAP-MISSING c8-AU rep=2
=== rep=2 arm=c8-AUR seed=7 env="RWM_STORE_CAP_UNIFIED=1 RWM_DERIVED_SWEEP=1" cell=c2/c3/dual bytes=25000000 05:11:47
[2m2026-08-12T05:11:51.508652Z[0m [32m INFO[0m [2mraptorpath::gates[0m[2m:[0m [GATES] RWM_UNIFIED=1 RWM_UNIFIED_SHED=1 RWM_TAPER_R=1 RWM_ASTAR_ANCHOR=1 RWM_MSTAR_ANCHOR=1 RWM_PLAIN_RS=0 RWM_HONEST_ANCHOR=1 RWM_HONEST_K=0 RWM_STORE_SACK_RELEASE=1 RWM_STORE_PATHS=1 RWM_STORE_PATH_POOL=2048 RWM_STORE=unset RWM_STORE_GAIN=2 RWM_STORE_BOOT=128 RWM_STORE_CAPW=0 RWM_STORE_CAP_UNIFIED=1 RWM_THREE_TERM=0 RWM_STORE_PERCAP=0 RWM_PERCAP_GUARD=1 RWM_STORE_BORROW=0 RWM_HONEST_CAP=1 RWM_POOL_ANCHOR=0 RWM_POOL_DELIV=0 RWM_FLOOR_BOUND=0 RWM_ACK_MERGE=1 RWM_PATIENCE_DERIVED=0 RWM_SIDLE_DERIVED=0 RWM_WIN_DECOUPLE=0 RWM_PLACE_SLACK=0 RWM_GEN=384 RWM_PIPELINE=2 RWM_GEN_PIPE=1 RWM_GEN_R=unset RWM_GEN_RATE=9000 RWM_GEN_RATE_FLOOR=2000 RWM_GEN_INFLIGHT=unset RWM_OOO_RETAIN=0/16 RWM_WINDOW=unset RWM_REPORT_GENS=unset RWM_REPAIR_WAIT=unset RWM_CODED_SRC=0 RWM_NO_REACTIVE=0 RWM_XPATH_REPAIR=0 RWM_PROACTIVE_PACER=0 RWM_REASM_BDP=0 RWM_MIN_R=0 RWM_CC_PACE=0 RWM_CC_PACE_HR=1.1 RWM_REACT_CAP=unset RWM_INFL_CAP=0 RWM_INFL_BDP=unset RWM_COPA_FEED=0 RWM_RS_ATTR=1 RWM_EMIT_BATCH=0 RWM_EMIT_BURST=64 RWM_RECOV_MP=1 RWM_RECOV_MP_LAW=1 RWM_RECOV_MP_LIVE=0 RWM_RECOV_SP=0 RWM_DERIVED_SWEEP=1 RWM_DIAG=1 RWM_ACKDIAG=1 RWM_RDIAG=0 RWM_FDIAG=0 RWM_TRACE=0 RWM_PFRAC=0
{"bytes":25000000,"dnf":0,"hint":"bulk","max_s":4.0567,"mean_mbps":49.301,"mean_s":4.0567,"median_s":4.0567,"min_s":4.0567,"proto":"rp-native","runs":1,"stdev_s":0.0,"summary":true}
    LATPROBE: /tmp/rwm-ping.txt 82 replies
    CPU: CPUSRV=2.20s CPUCLI=2.81s (srv=decoder cli=sender; whole-invocation incl warmup)
    QDISC cli0: qdisc netem a2a3: root refcnt 7 limit 1000 delay 5ms  3ms loss gemodel p 1.3% r 50% 1-h 100% 1-k 0% rate 100Mbit seed 7  Sent 24882429 bytes 19735 pkt (dropped 91, overlimits 0 requeues 0)   backlog 0b 0p requeues 0 
    QDISC cli1: qdisc netem a2a4: root refcnt 7 limit 1000 delay 20ms  5ms loss gemodel p 2% r 40% 1-h 100% 1-k 0% rate 20Mbit seed 7  Sent 5002224 bytes 4295 pkt (dropped 80, overlimits 0 requeues 0)   backlog 0b 0p requeues 0 
    QDISC srv0: qdisc netem a2a5: root refcnt 7 limit 1000 delay 5ms  3ms rate 100Mbit seed 17507029843839398760  Sent 2856257 bytes 15357 pkt (dropped 0, overlimits 0 requeues 0)   backlog 0b 0p requeues 0 
    QDISC srv1: qdisc netem a2a6: root refcnt 7 limit 1000 delay 20ms  5ms rate 20Mbit seed 7501614318112598590  Sent 647167 bytes 4004 pkt (dropped 0, overlimits 0 requeues 0)   backlog 0b 0p requeues 0 
    QCAP: /tmp/rwm-q.txt 18 lines
RUNTIME c8-AUR rep=2 8s
DEADWALLRESULT {"cell": "c8", "arm": "AUR", "seed": 7, "rep": 2, "dnf": false, "dnf_count": 0, "mbps": 49.301, "seconds": 4.057, "n_runs": 1, "cpusrv": 2.2, "cpucli": 2.81, "khr_med": 1.0, "kraw_med": null, "khr_n": 16, "kraw_n": 0, "rtp_med": 41, "occ_p50": 1770, "occcap_p50": 4096, "q_p50": 608, "q_p99": 1081, "diag_lines": 11, "retx": 1959, "gates_cli_ds": 1, "gates_srv_ds": 1, "gates_cli_u": 1, "gates_srv_u": 1, "gates_cli_mp": 1, "gates_srv_mp": 1, "gates_cli_ack": 1, "gates_srv_ack": 1, "gates_cli_diag": 1, "gates_srv_diag": 1, "gates_lines_cli": 1, "gates_lines_srv": 1, "active_ds_cli": 1, "active_ds_srv": 2, "diverged_ds_cli": 1, "diverged_ds_srv": 2, "active_u_cli": 1, "active_u_srv": 1, "ds_site": "receiver-hole-refresh", "ds_srtt_us": 52660, "ds_jitter_us": 28427, "ds_derived_us": 105320, "ds_legacy_us": 100000, "ds_from": "diverged", "ds_n_echo": 6, "ackdiag_lines_cli": 4, "ackdiag_lines_srv": 2, "sf_ticks": 342, "sf_E": 0.7588, "sf_short": 0.3772, "sf_zero": 0.1053, "capboot_n": 8, "capboot_frac": 0.0, "ping_n": 82, "ping_p50": 14.0, "ping_p95": 199.0, "ping_p99": 201.0, "ping_tx": null, "ping_rx": null, "ping_loss": null, "wait_tun": 2, "wait_paused": 0, "wait_pace": 0, "wait_gen": 0, "wait_nack": 98, "wait_defc": 0, "wait_tail": 0, "wait_flush": 0, "wait_lines": 8, "deadwall": false, "dgq_hand": 23796, "dgq_full": 352, "dgq_gap": 354, "tc_bytes": 29884653, "tc_pkts": 24030, "tc_drop": 171, "tc_s": 8}
LIVENESS c8-AUR rep=2 cli=[RWM_DERIVED_SWEEP=1 RWM_STORE_CAP_UNIFIED=1 RWM_RECOV_MP=1 RWM_ACKDIAG=1] srv=[RWM_DERIVED_SWEEP=1 RWM_STORE_CAP_UNIFIED=1 RWM_RECOV_MP=1 RWM_ACKDIAG=1] actDS=1/2 divDS=1/2 actU=1/1 ackdiag=4/2 (expect ds=1 u=1)
DSLINE c8-AUR rep=2 ep=c ACTIVE site=sender-tail-sweep srtt_us=50000 jitter_us=0 derived_us=100000 legacy_us=100000
DSLINE c8-AUR rep=2 ep=c DIVERGED site=sender-tail-sweep srtt_us=10000 jitter_us=0 derived_us=20000 legacy_us=25000
DSLINE c8-AUR rep=2 ep=s ACTIVE site=sender-tail-sweep srtt_us=50000 jitter_us=0 derived_us=100000 legacy_us=100000
DSLINE c8-AUR rep=2 ep=s ACTIVE site=receiver-hole-refresh srtt_us=50000 jitter_us=0 derived_us=100000 legacy_us=100000
DSLINE c8-AUR rep=2 ep=s DIVERGED site=receiver-hole-refresh srtt_us=52660 jitter_us=28427 derived_us=105320 legacy_us=100000
DSLINE c8-AUR rep=2 ep=s DIVERGED site=sender-tail-sweep srtt_us=52660 jitter_us=28427 derived_us=105320 legacy_us=100000
=== rep=2 arm=c8L-AU seed=7 env="RWM_STORE_CAP_UNIFIED=1" cell=c2/c3/dual bytes=200000000 05:11:56
RUNTIME c8L-AU rep=2 2s
DEADWALLRESULT {"cell": "c8L", "arm": "AU", "seed": 7, "rep": 2, "dnf": true, "dnf_count": null, "mbps": null, "seconds": null, "n_runs": 0, "cpusrv": null, "cpucli": null, "khr_med": null, "kraw_med": null, "khr_n": 0, "kraw_n": 0, "rtp_med": null, "occ_p50": null, "occcap_p50": null, "q_p50": null, "q_p99": null, "diag_lines": 0, "retx": 0, "gates_cli_ds": null, "gates_srv_ds": null, "gates_cli_u": null, "gates_srv_u": null, "gates_cli_mp": null, "gates_srv_mp": null, "gates_cli_ack": null, "gates_srv_ack": null, "gates_cli_diag": null, "gates_srv_diag": null, "gates_lines_cli": 0, "gates_lines_srv": 0, "active_ds_cli": 0, "active_ds_srv": 0, "diverged_ds_cli": 0, "diverged_ds_srv": 0, "active_u_cli": 0, "active_u_srv": 0, "ds_site": null, "ds_srtt_us": null, "ds_jitter_us": null, "ds_derived_us": null, "ds_legacy_us": null, "ds_from": null, "ds_n_echo": 0, "ackdiag_lines_cli": 0, "ackdiag_lines_srv": 0, "sf_ticks": null, "sf_E": null, "sf_short": null, "sf_zero": null, "capboot_n": 0, "capboot_frac": null, "ping_n": 82, "ping_p50": 14.0, "ping_p95": 199.0, "ping_p99": 201.0, "ping_tx": null, "ping_rx": null, "ping_loss": null, "wait_tun": null, "wait_paused": null, "wait_pace": null, "wait_gen": null, "wait_nack": null, "wait_defc": null, "wait_tail": null, "wait_flush": null, "wait_lines": 0, "deadwall": null, "dgq_hand": null, "dgq_full": null, "dgq_gap": null, "tc_bytes": null, "tc_pkts": null, "tc_drop": null, "tc_s": null}
LIVENESS c8L-AU rep=2 cli=[   ] srv=[   ] actDS=/ divDS=/ actU=/ ackdiag=/ (expect ds=0 u=1)
ABORT c8L-AU rep=2 (no [GATES] on either endpoint)
QCAP-MISSING c8L-AU rep=2
=== rep=3 arm=c8-AU seed=7 env="RWM_STORE_CAP_UNIFIED=1" cell=c2/c3/dual bytes=25000000 05:11:59
[2m2026-08-12T05:12:01.375006Z[0m [32m INFO[0m [2mraptorpath::gates[0m[2m:[0m [GATES] RWM_UNIFIED=1 RWM_UNIFIED_SHED=1 RWM_TAPER_R=1 RWM_ASTAR_ANCHOR=1 RWM_MSTAR_ANCHOR=1 RWM_PLAIN_RS=0 RWM_HONEST_ANCHOR=1 RWM_HONEST_K=0 RWM_STORE_SACK_RELEASE=1 RWM_STORE_PATHS=1 RWM_STORE_PATH_POOL=2048 RWM_STORE=unset RWM_STORE_GAIN=2 RWM_STORE_BOOT=128 RWM_STORE_CAPW=0 RWM_STORE_CAP_UNIFIED=1 RWM_THREE_TERM=0 RWM_STORE_PERCAP=0 RWM_PERCAP_GUARD=1 RWM_STORE_BORROW=0 RWM_HONEST_CAP=1 RWM_POOL_ANCHOR=0 RWM_POOL_DELIV=0 RWM_FLOOR_BOUND=0 RWM_ACK_MERGE=1 RWM_PATIENCE_DERIVED=0 RWM_SIDLE_DERIVED=0 RWM_WIN_DECOUPLE=0 RWM_PLACE_SLACK=0 RWM_GEN=384 RWM_PIPELINE=2 RWM_GEN_PIPE=1 RWM_GEN_R=unset RWM_GEN_RATE=9000 RWM_GEN_RATE_FLOOR=2000 RWM_GEN_INFLIGHT=unset RWM_OOO_RETAIN=0/16 RWM_WINDOW=unset RWM_REPORT_GENS=unset RWM_REPAIR_WAIT=unset RWM_CODED_SRC=0 RWM_NO_REACTIVE=0 RWM_XPATH_REPAIR=0 RWM_PROACTIVE_PACER=0 RWM_REASM_BDP=0 RWM_MIN_R=0 RWM_CC_PACE=0 RWM_CC_PACE_HR=1.1 RWM_REACT_CAP=unset RWM_INFL_CAP=0 RWM_INFL_BDP=unset RWM_COPA_FEED=0 RWM_RS_ATTR=1 RWM_EMIT_BATCH=0 RWM_EMIT_BURST=64 RWM_RECOV_MP=1 RWM_RECOV_MP_LAW=1 RWM_RECOV_MP_LIVE=0 RWM_RECOV_SP=0 RWM_DERIVED_SWEEP=0 RWM_DIAG=1 RWM_ACKDIAG=1 RWM_RDIAG=0 RWM_FDIAG=0 RWM_TRACE=0 RWM_PFRAC=0
{"bytes":25000000,"dnf":0,"hint":"bulk","max_s":2.4167,"mean_mbps":82.759,"mean_s":2.4167,"median_s":2.4167,"min_s":2.4167,"proto":"rp-native","runs":1,"stdev_s":0.0,"summary":true}
    LATPROBE: /tmp/rwm-ping.txt 49 replies
    CPU: CPUSRV=2.05s CPUCLI=2.45s (srv=decoder cli=sender; whole-invocation incl warmup)
    QDISC cli0: qdisc netem a2ab: root refcnt 7 limit 1000 delay 5ms  3ms loss gemodel p 1.3% r 50% 1-h 100% 1-k 0% rate 100Mbit seed 7  Sent 25115855 bytes 19820 pkt (dropped 91, overlimits 0 requeues 0)   backlog 0b 0p requeues 0 
    QDISC cli1: qdisc netem a2ac: root refcnt 7 limit 1000 delay 20ms  5ms loss gemodel p 2% r 40% 1-h 100% 1-k 0% rate 20Mbit seed 7  Sent 4500205 bytes 4073 pkt (dropped 80, overlimits 0 requeues 0)   backlog 0b 0p requeues 0 
    QDISC srv0: qdisc netem a2ad: root refcnt 7 limit 1000 delay 5ms  3ms rate 100Mbit seed 3273586367808636235  Sent 2805051 bytes 15179 pkt (dropped 0, overlimits 0 requeues 0)   backlog 0b 0p requeues 0 
    QDISC srv1: qdisc netem a2ae: root refcnt 7 limit 1000 delay 20ms  5ms rate 20Mbit seed 3626521223241016837  Sent 581394 bytes 3447 pkt (dropped 0, overlimits 0 requeues 0)   backlog 0b 0p requeues 0 
    QCAP: /tmp/rwm-q.txt 18 lines
RUNTIME c8-AU rep=3 5s
DEADWALLRESULT {"cell": "c8", "arm": "AU", "seed": 7, "rep": 3, "dnf": false, "dnf_count": 0, "mbps": 82.759, "seconds": 2.417, "n_runs": 1, "cpusrv": 2.05, "cpucli": 2.45, "khr_med": 1.0, "kraw_med": null, "khr_n": 12, "kraw_n": 0, "rtp_med": 38, "occ_p50": 2398, "occcap_p50": 4096, "q_p50": 601, "q_p99": 1045, "diag_lines": 9, "retx": 1685, "gates_cli_ds": 0, "gates_srv_ds": 0, "gates_cli_u": 1, "gates_srv_u": 1, "gates_cli_mp": 1, "gates_srv_mp": 1, "gates_cli_ack": 1, "gates_srv_ack": 1, "gates_cli_diag": 1, "gates_srv_diag": 1, "gates_lines_cli": 1, "gates_lines_srv": 1, "active_ds_cli": 0, "active_ds_srv": 0, "diverged_ds_cli": 0, "diverged_ds_srv": 0, "active_u_cli": 1, "active_u_srv": 1, "ds_site": null, "ds_srtt_us": null, "ds_jitter_us": null, "ds_derived_us": null, "ds_legacy_us": null, "ds_from": null, "ds_n_echo": 0, "ackdiag_lines_cli": 2, "ackdiag_lines_srv": 2, "sf_ticks": 315, "sf_E": 0.646, "sf_short": 0.4698, "sf_zero": 0.2381, "capboot_n": 6, "capboot_frac": 0.0, "ping_n": 49, "ping_p50": 176.0, "ping_p95": 203.0, "ping_p99": 204.0, "ping_tx": null, "ping_rx": null, "ping_loss": null, "wait_tun": 16, "wait_paused": 7, "wait_pace": 0, "wait_gen": 0, "wait_nack": 21, "wait_defc": 0, "wait_tail": 1, "wait_flush": 0, "wait_lines": 6, "deadwall": false, "dgq_hand": 23270, "dgq_full": 0, "dgq_gap": 19, "tc_bytes": 29616060, "tc_pkts": 23893, "tc_drop": 171, "tc_s": 5}
LIVENESS c8-AU rep=3 cli=[RWM_DERIVED_SWEEP=0 RWM_STORE_CAP_UNIFIED=1 RWM_RECOV_MP=1 RWM_ACKDIAG=1] srv=[RWM_DERIVED_SWEEP=0 RWM_STORE_CAP_UNIFIED=1 RWM_RECOV_MP=1 RWM_ACKDIAG=1] actDS=0/0 divDS=0/0 actU=1/1 ackdiag=2/2 (expect ds=0 u=1)
=== rep=3 arm=c8-AUR seed=7 env="RWM_STORE_CAP_UNIFIED=1 RWM_DERIVED_SWEEP=1" cell=c2/c3/dual bytes=25000000 05:12:04
RUNTIME c8-AUR rep=3 3s
DEADWALLRESULT {"cell": "c8", "arm": "AUR", "seed": 7, "rep": 3, "dnf": true, "dnf_count": null, "mbps": null, "seconds": null, "n_runs": 0, "cpusrv": null, "cpucli": null, "khr_med": null, "kraw_med": null, "khr_n": 0, "kraw_n": 0, "rtp_med": null, "occ_p50": null, "occcap_p50": null, "q_p50": null, "q_p99": null, "diag_lines": 0, "retx": 0, "gates_cli_ds": null, "gates_srv_ds": null, "gates_cli_u": null, "gates_srv_u": null, "gates_cli_mp": null, "gates_srv_mp": null, "gates_cli_ack": null, "gates_srv_ack": null, "gates_cli_diag": null, "gates_srv_diag": null, "gates_lines_cli": 0, "gates_lines_srv": 0, "active_ds_cli": 0, "active_ds_srv": 0, "diverged_ds_cli": 0, "diverged_ds_srv": 0, "active_u_cli": 0, "active_u_srv": 0, "ds_site": null, "ds_srtt_us": null, "ds_jitter_us": null, "ds_derived_us": null, "ds_legacy_us": null, "ds_from": null, "ds_n_echo": 0, "ackdiag_lines_cli": 0, "ackdiag_lines_srv": 0, "sf_ticks": null, "sf_E": null, "sf_short": null, "sf_zero": null, "capboot_n": 0, "capboot_frac": null, "ping_n": 49, "ping_p50": 176.0, "ping_p95": 203.0, "ping_p99": 204.0, "ping_tx": null, "ping_rx": null, "ping_loss": null, "wait_tun": null, "wait_paused": null, "wait_pace": null, "wait_gen": null, "wait_nack": null, "wait_defc": null, "wait_tail": null, "wait_flush": null, "wait_lines": 0, "deadwall": null, "dgq_hand": null, "dgq_full": null, "dgq_gap": null, "tc_bytes": null, "tc_pkts": null, "tc_drop": null, "tc_s": null}
LIVENESS c8-AUR rep=3 cli=[   ] srv=[   ] actDS=/ divDS=/ actU=/ ackdiag=/ (expect ds=1 u=1)
ABORT c8-AUR rep=3 (no [GATES] on either endpoint)
QCAP-MISSING c8-AUR rep=3
=== rep=3 arm=c8L-AU seed=7 env="RWM_STORE_CAP_UNIFIED=1" cell=c2/c3/dual bytes=200000000 05:12:07
[2m2026-08-12T05:12:10.317676Z[0m [32m INFO[0m [2mraptorpath::gates[0m[2m:[0m [GATES] RWM_UNIFIED=1 RWM_UNIFIED_SHED=1 RWM_TAPER_R=1 RWM_ASTAR_ANCHOR=1 RWM_MSTAR_ANCHOR=1 RWM_PLAIN_RS=0 RWM_HONEST_ANCHOR=1 RWM_HONEST_K=0 RWM_STORE_SACK_RELEASE=1 RWM_STORE_PATHS=1 RWM_STORE_PATH_POOL=2048 RWM_STORE=unset RWM_STORE_GAIN=2 RWM_STORE_BOOT=128 RWM_STORE_CAPW=0 RWM_STORE_CAP_UNIFIED=1 RWM_THREE_TERM=0 RWM_STORE_PERCAP=0 RWM_PERCAP_GUARD=1 RWM_STORE_BORROW=0 RWM_HONEST_CAP=1 RWM_POOL_ANCHOR=0 RWM_POOL_DELIV=0 RWM_FLOOR_BOUND=0 RWM_ACK_MERGE=1 RWM_PATIENCE_DERIVED=0 RWM_SIDLE_DERIVED=0 RWM_WIN_DECOUPLE=0 RWM_PLACE_SLACK=0 RWM_GEN=384 RWM_PIPELINE=2 RWM_GEN_PIPE=1 RWM_GEN_R=unset RWM_GEN_RATE=9000 RWM_GEN_RATE_FLOOR=2000 RWM_GEN_INFLIGHT=unset RWM_OOO_RETAIN=0/16 RWM_WINDOW=unset RWM_REPORT_GENS=unset RWM_REPAIR_WAIT=unset RWM_CODED_SRC=0 RWM_NO_REACTIVE=0 RWM_XPATH_REPAIR=0 RWM_PROACTIVE_PACER=0 RWM_REASM_BDP=0 RWM_MIN_R=0 RWM_CC_PACE=0 RWM_CC_PACE_HR=1.1 RWM_REACT_CAP=unset RWM_INFL_CAP=0 RWM_INFL_BDP=unset RWM_COPA_FEED=0 RWM_RS_ATTR=1 RWM_EMIT_BATCH=0 RWM_EMIT_BURST=64 RWM_RECOV_MP=1 RWM_RECOV_MP_LAW=1 RWM_RECOV_MP_LIVE=0 RWM_RECOV_SP=0 RWM_DERIVED_SWEEP=0 RWM_DIAG=1 RWM_ACKDIAG=1 RWM_RDIAG=0 RWM_FDIAG=0 RWM_TRACE=0 RWM_PFRAC=0
{"bytes":200000000,"dnf":0,"hint":"bulk","max_s":19.7551,"mean_mbps":80.992,"mean_s":19.7551,"median_s":19.7551,"min_s":19.7551,"proto":"rp-native","runs":1,"stdev_s":0.0,"summary":true}
    LATPROBE: /tmp/rwm-ping.txt 384 replies
    CPU: CPUSRV=14.80s CPUCLI=22.16s (srv=decoder cli=sender; whole-invocation incl warmup)
    QDISC cli0: qdisc netem a2b3: root refcnt 7 limit 1000 delay 5ms  3ms loss gemodel p 1.3% r 50% 1-h 100% 1-k 0% rate 100Mbit seed 7  Sent 200105157 bytes 158457 pkt (dropped 692, overlimits 0 requeues 0)   backlog 0b 0p requeues 0 
    QDISC cli1: qdisc netem a2b4: root refcnt 7 limit 1000 delay 20ms  5ms loss gemodel p 2% r 40% 1-h 100% 1-k 0% rate 20Mbit seed 7  Sent 30392692 bytes 26612 pkt (dropped 432, overlimits 0 requeues 0)   backlog 0b 0p requeues 0 
    QDISC srv0: qdisc netem a2b5: root refcnt 7 limit 1000 delay 5ms  3ms rate 100Mbit seed 17677588463455775089  Sent 21660723 bytes 116661 pkt (dropped 0, overlimits 0 requeues 0)   backlog 0b 0p requeues 0 
    QDISC srv1: qdisc netem a2b6: root refcnt 7 limit 1000 delay 20ms  5ms rate 20Mbit seed 4658160900976695047  Sent 3714941 bytes 20752 pkt (dropped 0, overlimits 0 requeues 0)   backlog 0b 0p requeues 0 
    QCAP: /tmp/rwm-q.txt 18 lines
RUNTIME c8L-AU rep=3 23s
DEADWALLRESULT {"cell": "c8L", "arm": "AU", "seed": 7, "rep": 3, "dnf": false, "dnf_count": 0, "mbps": 80.992, "seconds": 19.755, "n_runs": 1, "cpusrv": 14.8, "cpucli": 22.16, "khr_med": 1.0, "kraw_med": null, "khr_n": 115, "kraw_n": 0, "rtp_med": 38, "occ_p50": 2452, "occcap_p50": 4096, "q_p50": 414, "q_p99": 1923, "diag_lines": 74, "retx": 12055, "gates_cli_ds": 0, "gates_srv_ds": 0, "gates_cli_u": 1, "gates_srv_u": 1, "gates_cli_mp": 1, "gates_srv_mp": 1, "gates_cli_ack": 1, "gates_srv_ack": 1, "gates_cli_diag": 1, "gates_srv_diag": 1, "gates_lines_cli": 1, "gates_lines_srv": 1, "active_ds_cli": 0, "active_ds_srv": 0, "diverged_ds_cli": 0, "diverged_ds_srv": 0, "active_u_cli": 1, "active_u_srv": 1, "ds_site": null, "ds_srtt_us": null, "ds_jitter_us": null, "ds_derived_us": null, "ds_legacy_us": null, "ds_from": null, "ds_n_echo": 0, "ackdiag_lines_cli": 18, "ackdiag_lines_srv": 10, "sf_ticks": 1960, "sf_E": 0.6921, "sf_short": 0.5418, "sf_zero": 0.074, "capboot_n": 71, "capboot_frac": 0.0, "ping_n": 384, "ping_p50": 72.8, "ping_p95": 192.0, "ping_p99": 201.0, "ping_tx": null, "ping_rx": null, "ping_loss": null, "wait_tun": 84, "wait_paused": 0, "wait_pace": 0, "wait_gen": 0, "wait_nack": 15, "wait_defc": 0, "wait_tail": 0, "wait_flush": 0, "wait_lines": 71, "deadwall": false, "dgq_hand": 185056, "dgq_full": 1947, "dgq_gap": 1947, "tc_bytes": 230497849, "tc_pkts": 185069, "tc_drop": 1124, "tc_s": 23}
LIVENESS c8L-AU rep=3 cli=[RWM_DERIVED_SWEEP=0 RWM_STORE_CAP_UNIFIED=1 RWM_RECOV_MP=1 RWM_ACKDIAG=1] srv=[RWM_DERIVED_SWEEP=0 RWM_STORE_CAP_UNIFIED=1 RWM_RECOV_MP=1 RWM_ACKDIAG=1] actDS=0/0 divDS=0/0 actU=1/1 ackdiag=18/10 (expect ds=0 u=1)
=== rep=4 arm=c8-AU seed=7 env="RWM_STORE_CAP_UNIFIED=1" cell=c2/c3/dual bytes=25000000 05:12:30
[2m2026-08-12T05:12:33.364998Z[0m [32m INFO[0m [2mraptorpath::gates[0m[2m:[0m [GATES] RWM_UNIFIED=1 RWM_UNIFIED_SHED=1 RWM_TAPER_R=1 RWM_ASTAR_ANCHOR=1 RWM_MSTAR_ANCHOR=1 RWM_PLAIN_RS=0 RWM_HONEST_ANCHOR=1 RWM_HONEST_K=0 RWM_STORE_SACK_RELEASE=1 RWM_STORE_PATHS=1 RWM_STORE_PATH_POOL=2048 RWM_STORE=unset RWM_STORE_GAIN=2 RWM_STORE_BOOT=128 RWM_STORE_CAPW=0 RWM_STORE_CAP_UNIFIED=1 RWM_THREE_TERM=0 RWM_STORE_PERCAP=0 RWM_PERCAP_GUARD=1 RWM_STORE_BORROW=0 RWM_HONEST_CAP=1 RWM_POOL_ANCHOR=0 RWM_POOL_DELIV=0 RWM_FLOOR_BOUND=0 RWM_ACK_MERGE=1 RWM_PATIENCE_DERIVED=0 RWM_SIDLE_DERIVED=0 RWM_WIN_DECOUPLE=0 RWM_PLACE_SLACK=0 RWM_GEN=384 RWM_PIPELINE=2 RWM_GEN_PIPE=1 RWM_GEN_R=unset RWM_GEN_RATE=9000 RWM_GEN_RATE_FLOOR=2000 RWM_GEN_INFLIGHT=unset RWM_OOO_RETAIN=0/16 RWM_WINDOW=unset RWM_REPORT_GENS=unset RWM_REPAIR_WAIT=unset RWM_CODED_SRC=0 RWM_NO_REACTIVE=0 RWM_XPATH_REPAIR=0 RWM_PROACTIVE_PACER=0 RWM_REASM_BDP=0 RWM_MIN_R=0 RWM_CC_PACE=0 RWM_CC_PACE_HR=1.1 RWM_REACT_CAP=unset RWM_INFL_CAP=0 RWM_INFL_BDP=unset RWM_COPA_FEED=0 RWM_RS_ATTR=1 RWM_EMIT_BATCH=0 RWM_EMIT_BURST=64 RWM_RECOV_MP=1 RWM_RECOV_MP_LAW=1 RWM_RECOV_MP_LIVE=0 RWM_RECOV_SP=0 RWM_DERIVED_SWEEP=0 RWM_DIAG=1 RWM_ACKDIAG=1 RWM_RDIAG=0 RWM_FDIAG=0 RWM_TRACE=0 RWM_PFRAC=0
{"bytes":25000000,"dnf":0,"hint":"bulk","max_s":2.4668,"mean_mbps":81.076,"mean_s":2.4668,"median_s":2.4668,"min_s":2.4668,"proto":"rp-native","runs":1,"stdev_s":0.0,"summary":true}
    LATPROBE: /tmp/rwm-ping.txt 52 replies
    CPU: CPUSRV=2.09s CPUCLI=2.40s (srv=decoder cli=sender; whole-invocation incl warmup)
    QDISC cli0: qdisc netem a2b7: root refcnt 7 limit 1000 delay 5ms  3ms loss gemodel p 1.3% r 50% 1-h 100% 1-k 0% rate 100Mbit seed 7  Sent 24325283 bytes 19294 pkt (dropped 86, overlimits 0 requeues 0)   backlog 0b 0p requeues 0 
    QDISC cli1: qdisc netem a2b8: root refcnt 7 limit 1000 delay 20ms  5ms loss gemodel p 2% r 40% 1-h 100% 1-k 0% rate 20Mbit seed 7  Sent 5290855 bytes 4587 pkt (dropped 95, overlimits 0 requeues 0)   backlog 0b 0p requeues 0 
    QDISC srv0: qdisc netem a2b9: root refcnt 7 limit 1000 delay 5ms  3ms rate 100Mbit seed 11087697104651311876  Sent 2696760 bytes 14677 pkt (dropped 0, overlimits 0 requeues 0)   backlog 0b 0p requeues 0 
    QDISC srv1: qdisc netem a2ba: root refcnt 7 limit 1000 delay 20ms  5ms rate 20Mbit seed 16219082113372760043  Sent 687011 bytes 4205 pkt (dropped 0, overlimits 0 requeues 0)   backlog 0b 0p requeues 0 
    QCAP: /tmp/rwm-q.txt 18 lines
RUNTIME c8-AU rep=4 6s
DEADWALLRESULT {"cell": "c8", "arm": "AU", "seed": 7, "rep": 4, "dnf": false, "dnf_count": 0, "mbps": 81.076, "seconds": 2.467, "n_runs": 1, "cpusrv": 2.09, "cpucli": 2.4, "khr_med": 1.0, "kraw_med": null, "khr_n": 12, "kraw_n": 0, "rtp_med": 45, "occ_p50": 1888, "occcap_p50": 4096, "q_p50": 666, "q_p99": 1108, "diag_lines": 9, "retx": 1624, "gates_cli_ds": 0, "gates_srv_ds": 0, "gates_cli_u": 1, "gates_srv_u": 1, "gates_cli_mp": 1, "gates_srv_mp": 1, "gates_cli_ack": 1, "gates_srv_ack": 1, "gates_cli_diag": 1, "gates_srv_diag": 1, "gates_lines_cli": 1, "gates_lines_srv": 1, "active_ds_cli": 0, "active_ds_srv": 0, "diverged_ds_cli": 0, "diverged_ds_srv": 0, "active_u_cli": 1, "active_u_srv": 1, "ds_site": null, "ds_srtt_us": null, "ds_jitter_us": null, "ds_derived_us": null, "ds_legacy_us": null, "ds_from": null, "ds_n_echo": 0, "ackdiag_lines_cli": 2, "ackdiag_lines_srv": 2, "sf_ticks": 320, "sf_E": 0.7359, "sf_short": 0.4188, "sf_zero": 0.1094, "capboot_n": 6, "capboot_frac": 0.0, "ping_n": 52, "ping_p50": 110.0, "ping_p95": 228.0, "ping_p99": 228.0, "ping_tx": null, "ping_rx": null, "ping_loss": null, "wait_tun": 6, "wait_paused": 1, "wait_pace": 0, "wait_gen": 0, "wait_nack": 20, "wait_defc": 0, "wait_tail": 1, "wait_flush": 0, "wait_lines": 6, "deadwall": false, "dgq_hand": 23238, "dgq_full": 0, "dgq_gap": 17, "tc_bytes": 29616138, "tc_pkts": 23881, "tc_drop": 181, "tc_s": 6}
LIVENESS c8-AU rep=4 cli=[RWM_DERIVED_SWEEP=0 RWM_STORE_CAP_UNIFIED=1 RWM_RECOV_MP=1 RWM_ACKDIAG=1] srv=[RWM_DERIVED_SWEEP=0 RWM_STORE_CAP_UNIFIED=1 RWM_RECOV_MP=1 RWM_ACKDIAG=1] actDS=0/0 divDS=0/0 actU=1/1 ackdiag=2/2 (expect ds=0 u=1)
=== rep=4 arm=c8-AUR seed=7 env="RWM_STORE_CAP_UNIFIED=1 RWM_DERIVED_SWEEP=1" cell=c2/c3/dual bytes=25000000 05:12:36
RUNTIME c8-AUR rep=4 2s
DEADWALLRESULT {"cell": "c8", "arm": "AUR", "seed": 7, "rep": 4, "dnf": true, "dnf_count": null, "mbps": null, "seconds": null, "n_runs": 0, "cpusrv": null, "cpucli": null, "khr_med": null, "kraw_med": null, "khr_n": 0, "kraw_n": 0, "rtp_med": null, "occ_p50": null, "occcap_p50": null, "q_p50": null, "q_p99": null, "diag_lines": 0, "retx": 0, "gates_cli_ds": null, "gates_srv_ds": null, "gates_cli_u": null, "gates_srv_u": null, "gates_cli_mp": null, "gates_srv_mp": null, "gates_cli_ack": null, "gates_srv_ack": null, "gates_cli_diag": null, "gates_srv_diag": null, "gates_lines_cli": 0, "gates_lines_srv": 0, "active_ds_cli": 0, "active_ds_srv": 0, "diverged_ds_cli": 0, "diverged_ds_srv": 0, "active_u_cli": 0, "active_u_srv": 0, "ds_site": null, "ds_srtt_us": null, "ds_jitter_us": null, "ds_derived_us": null, "ds_legacy_us": null, "ds_from": null, "ds_n_echo": 0, "ackdiag_lines_cli": 0, "ackdiag_lines_srv": 0, "sf_ticks": null, "sf_E": null, "sf_short": null, "sf_zero": null, "capboot_n": 0, "capboot_frac": null, "ping_n": 52, "ping_p50": 110.0, "ping_p95": 228.0, "ping_p99": 228.0, "ping_tx": null, "ping_rx": null, "ping_loss": null, "wait_tun": null, "wait_paused": null, "wait_pace": null, "wait_gen": null, "wait_nack": null, "wait_defc": null, "wait_tail": null, "wait_flush": null, "wait_lines": 0, "deadwall": null, "dgq_hand": null, "dgq_full": null, "dgq_gap": null, "tc_bytes": null, "tc_pkts": null, "tc_drop": null, "tc_s": null}
LIVENESS c8-AUR rep=4 cli=[   ] srv=[   ] actDS=/ divDS=/ actU=/ ackdiag=/ (expect ds=1 u=1)
ABORT c8-AUR rep=4 (no [GATES] on either endpoint)
QCAP-MISSING c8-AUR rep=4
=== rep=4 arm=c8L-AU seed=7 env="RWM_STORE_CAP_UNIFIED=1" cell=c2/c3/dual bytes=200000000 05:12:38
[2m2026-08-12T05:12:40.857370Z[0m [32m INFO[0m [2mraptorpath::gates[0m[2m:[0m [GATES] RWM_UNIFIED=1 RWM_UNIFIED_SHED=1 RWM_TAPER_R=1 RWM_ASTAR_ANCHOR=1 RWM_MSTAR_ANCHOR=1 RWM_PLAIN_RS=0 RWM_HONEST_ANCHOR=1 RWM_HONEST_K=0 RWM_STORE_SACK_RELEASE=1 RWM_STORE_PATHS=1 RWM_STORE_PATH_POOL=2048 RWM_STORE=unset RWM_STORE_GAIN=2 RWM_STORE_BOOT=128 RWM_STORE_CAPW=0 RWM_STORE_CAP_UNIFIED=1 RWM_THREE_TERM=0 RWM_STORE_PERCAP=0 RWM_PERCAP_GUARD=1 RWM_STORE_BORROW=0 RWM_HONEST_CAP=1 RWM_POOL_ANCHOR=0 RWM_POOL_DELIV=0 RWM_FLOOR_BOUND=0 RWM_ACK_MERGE=1 RWM_PATIENCE_DERIVED=0 RWM_SIDLE_DERIVED=0 RWM_WIN_DECOUPLE=0 RWM_PLACE_SLACK=0 RWM_GEN=384 RWM_PIPELINE=2 RWM_GEN_PIPE=1 RWM_GEN_R=unset RWM_GEN_RATE=9000 RWM_GEN_RATE_FLOOR=2000 RWM_GEN_INFLIGHT=unset RWM_OOO_RETAIN=0/16 RWM_WINDOW=unset RWM_REPORT_GENS=unset RWM_REPAIR_WAIT=unset RWM_CODED_SRC=0 RWM_NO_REACTIVE=0 RWM_XPATH_REPAIR=0 RWM_PROACTIVE_PACER=0 RWM_REASM_BDP=0 RWM_MIN_R=0 RWM_CC_PACE=0 RWM_CC_PACE_HR=1.1 RWM_REACT_CAP=unset RWM_INFL_CAP=0 RWM_INFL_BDP=unset RWM_COPA_FEED=0 RWM_RS_ATTR=1 RWM_EMIT_BATCH=0 RWM_EMIT_BURST=64 RWM_RECOV_MP=1 RWM_RECOV_MP_LAW=1 RWM_RECOV_MP_LIVE=0 RWM_RECOV_SP=0 RWM_DERIVED_SWEEP=0 RWM_DIAG=1 RWM_ACKDIAG=1 RWM_RDIAG=0 RWM_FDIAG=0 RWM_TRACE=0 RWM_PFRAC=0
{"bytes":200000000,"dnf":0,"hint":"bulk","max_s":17.7465,"mean_mbps":90.159,"mean_s":17.7465,"median_s":17.7465,"min_s":17.7465,"proto":"rp-native","runs":1,"stdev_s":0.0,"summary":true}
    LATPROBE: /tmp/rwm-ping.txt 346 replies
    CPU: CPUSRV=13.85s CPUCLI=17.21s (srv=decoder cli=sender; whole-invocation incl warmup)
    QDISC cli0: qdisc netem a2bf: root refcnt 7 limit 1000 delay 5ms  3ms loss gemodel p 1.3% r 50% 1-h 100% 1-k 0% rate 100Mbit seed 7  Sent 214269148 bytes 166552 pkt (dropped 713, overlimits 0 requeues 0)   backlog 0b 0p requeues 0 
    QDISC cli1: qdisc netem a2c0: root refcnt 7 limit 1000 delay 20ms  5ms loss gemodel p 2% r 40% 1-h 100% 1-k 0% rate 20Mbit seed 7  Sent 13098373 bytes 11492 pkt (dropped 192, overlimits 0 requeues 0)   backlog 0b 0p requeues 0 
    QDISC srv0: qdisc netem a2c1: root refcnt 7 limit 1000 delay 5ms  3ms rate 100Mbit seed 2566343238323820771  Sent 22479791 bytes 123253 pkt (dropped 0, overlimits 0 requeues 0)   backlog 0b 0p requeues 0 
    QDISC srv1: qdisc netem a2c2: root refcnt 7 limit 1000 delay 20ms  5ms rate 20Mbit seed 16651541848644306434  Sent 1595280 bytes 9304 pkt (dropped 0, overlimits 0 requeues 0)   backlog 0b 0p requeues 0 
    QCAP: /tmp/rwm-q.txt 18 lines
RUNTIME c8L-AU rep=4 20s
DEADWALLRESULT {"cell": "c8L", "arm": "AU", "seed": 7, "rep": 4, "dnf": false, "dnf_count": 0, "mbps": 90.159, "seconds": 17.746, "n_runs": 1, "cpusrv": 13.85, "cpucli": 17.21, "khr_med": 1.0, "kraw_med": null, "khr_n": 118, "kraw_n": 0, "rtp_med": 34, "occ_p50": 4064, "occcap_p50": 4096, "q_p50": 588, "q_p99": 1279, "diag_lines": 70, "retx": 7149, "gates_cli_ds": 0, "gates_srv_ds": 0, "gates_cli_u": 1, "gates_srv_u": 1, "gates_cli_mp": 1, "gates_srv_mp": 1, "gates_cli_ack": 1, "gates_srv_ack": 1, "gates_cli_diag": 1, "gates_srv_diag": 1, "gates_lines_cli": 1, "gates_lines_srv": 1, "active_ds_cli": 0, "active_ds_srv": 0, "diverged_ds_cli": 0, "diverged_ds_srv": 0, "active_u_cli": 1, "active_u_srv": 1, "ds_site": null, "ds_srtt_us": null, "ds_jitter_us": null, "ds_derived_us": null, "ds_legacy_us": null, "ds_from": null, "ds_n_echo": 0, "ackdiag_lines_cli": 11, "ackdiag_lines_srv": 9, "sf_ticks": 2369, "sf_E": 0.7982, "sf_short": 0.3542, "sf_zero": 0.0494, "capboot_n": 67, "capboot_frac": 0.0, "ping_n": 346, "ping_p50": 237.0, "ping_p95": 315.0, "ping_p99": 329.0, "ping_tx": null, "ping_rx": null, "ping_loss": null, "wait_tun": 56, "wait_paused": 15, "wait_pace": 0, "wait_gen": 0, "wait_nack": 27, "wait_defc": 0, "wait_tail": 1, "wait_flush": 0, "wait_lines": 67, "deadwall": false, "dgq_hand": 180838, "dgq_full": 924, "dgq_gap": 924, "tc_bytes": 227367521, "tc_pkts": 178044, "tc_drop": 905, "tc_s": 20}
LIVENESS c8L-AU rep=4 cli=[RWM_DERIVED_SWEEP=0 RWM_STORE_CAP_UNIFIED=1 RWM_RECOV_MP=1 RWM_ACKDIAG=1] srv=[RWM_DERIVED_SWEEP=0 RWM_STORE_CAP_UNIFIED=1 RWM_RECOV_MP=1 RWM_ACKDIAG=1] actDS=0/0 divDS=0/0 actU=1/1 ackdiag=11/9 (expect ds=0 u=1)
=== rep=5 arm=c8-AU seed=7 env="RWM_STORE_CAP_UNIFIED=1" cell=c2/c3/dual bytes=25000000 05:12:59
[2m2026-08-12T05:13:02.086741Z[0m [32m INFO[0m [2mraptorpath::gates[0m[2m:[0m [GATES] RWM_UNIFIED=1 RWM_UNIFIED_SHED=1 RWM_TAPER_R=1 RWM_ASTAR_ANCHOR=1 RWM_MSTAR_ANCHOR=1 RWM_PLAIN_RS=0 RWM_HONEST_ANCHOR=1 RWM_HONEST_K=0 RWM_STORE_SACK_RELEASE=1 RWM_STORE_PATHS=1 RWM_STORE_PATH_POOL=2048 RWM_STORE=unset RWM_STORE_GAIN=2 RWM_STORE_BOOT=128 RWM_STORE_CAPW=0 RWM_STORE_CAP_UNIFIED=1 RWM_THREE_TERM=0 RWM_STORE_PERCAP=0 RWM_PERCAP_GUARD=1 RWM_STORE_BORROW=0 RWM_HONEST_CAP=1 RWM_POOL_ANCHOR=0 RWM_POOL_DELIV=0 RWM_FLOOR_BOUND=0 RWM_ACK_MERGE=1 RWM_PATIENCE_DERIVED=0 RWM_SIDLE_DERIVED=0 RWM_WIN_DECOUPLE=0 RWM_PLACE_SLACK=0 RWM_GEN=384 RWM_PIPELINE=2 RWM_GEN_PIPE=1 RWM_GEN_R=unset RWM_GEN_RATE=9000 RWM_GEN_RATE_FLOOR=2000 RWM_GEN_INFLIGHT=unset RWM_OOO_RETAIN=0/16 RWM_WINDOW=unset RWM_REPORT_GENS=unset RWM_REPAIR_WAIT=unset RWM_CODED_SRC=0 RWM_NO_REACTIVE=0 RWM_XPATH_REPAIR=0 RWM_PROACTIVE_PACER=0 RWM_REASM_BDP=0 RWM_MIN_R=0 RWM_CC_PACE=0 RWM_CC_PACE_HR=1.1 RWM_REACT_CAP=unset RWM_INFL_CAP=0 RWM_INFL_BDP=unset RWM_COPA_FEED=0 RWM_RS_ATTR=1 RWM_EMIT_BATCH=0 RWM_EMIT_BURST=64 RWM_RECOV_MP=1 RWM_RECOV_MP_LAW=1 RWM_RECOV_MP_LIVE=0 RWM_RECOV_SP=0 RWM_DERIVED_SWEEP=0 RWM_DIAG=1 RWM_ACKDIAG=1 RWM_RDIAG=0 RWM_FDIAG=0 RWM_TRACE=0 RWM_PFRAC=0
{"bytes":25000000,"dnf":0,"hint":"bulk","max_s":2.2976,"mean_mbps":87.049,"mean_s":2.2976,"median_s":2.2976,"min_s":2.2976,"proto":"rp-native","runs":1,"stdev_s":0.0,"summary":true}
    LATPROBE: /tmp/rwm-ping.txt 48 replies
    CPU: CPUSRV=2.05s CPUCLI=2.32s (srv=decoder cli=sender; whole-invocation incl warmup)
    QDISC cli0: qdisc netem a2c3: root refcnt 7 limit 1000 delay 5ms  3ms loss gemodel p 1.3% r 50% 1-h 100% 1-k 0% rate 100Mbit seed 7  Sent 24633140 bytes 19345 pkt (dropped 91, overlimits 0 requeues 0)   backlog 0b 0p requeues 0 
    QDISC cli1: qdisc netem a2c4: root refcnt 7 limit 1000 delay 20ms  5ms loss gemodel p 2% r 40% 1-h 100% 1-k 0% rate 20Mbit seed 7  Sent 4468960 bytes 3804 pkt (dropped 71, overlimits 0 requeues 0)   backlog 0b 0p requeues 0 
    QDISC srv0: qdisc netem a2c5: root refcnt 7 limit 1000 delay 5ms  3ms rate 100Mbit seed 14459938640500428808  Sent 2757473 bytes 15265 pkt (dropped 0, overlimits 0 requeues 0)   backlog 0b 0p requeues 0 
    QDISC srv1: qdisc netem a2c6: root refcnt 7 limit 1000 delay 20ms  5ms rate 20Mbit seed 6306455605202286405  Sent 560572 bytes 3322 pkt (dropped 0, overlimits 0 requeues 0)   backlog 0b 0p requeues 0 
    QCAP: /tmp/rwm-q.txt 18 lines
RUNTIME c8-AU rep=5 5s
DEADWALLRESULT {"cell": "c8", "arm": "AU", "seed": 7, "rep": 5, "dnf": false, "dnf_count": 0, "mbps": 87.049, "seconds": 2.298, "n_runs": 1, "cpusrv": 2.05, "cpucli": 2.32, "khr_med": 1.0, "kraw_med": null, "khr_n": 10, "kraw_n": 0, "rtp_med": 12, "occ_p50": 4030, "occcap_p50": 4096, "q_p50": 418, "q_p99": 906, "diag_lines": 8, "retx": 1273, "gates_cli_ds": 0, "gates_srv_ds": 0, "gates_cli_u": 1, "gates_srv_u": 1, "gates_cli_mp": 1, "gates_srv_mp": 1, "gates_cli_ack": 1, "gates_srv_ack": 1, "gates_cli_diag": 1, "gates_srv_diag": 1, "gates_lines_cli": 1, "gates_lines_srv": 1, "active_ds_cli": 0, "active_ds_srv": 0, "diverged_ds_cli": 0, "diverged_ds_srv": 0, "active_u_cli": 1, "active_u_srv": 1, "ds_site": null, "ds_srtt_us": null, "ds_jitter_us": null, "ds_derived_us": null, "ds_legacy_us": null, "ds_from": null, "ds_n_echo": 0, "ackdiag_lines_cli": 2, "ackdiag_lines_srv": 2, "sf_ticks": 312, "sf_E": 0.6362, "sf_short": 0.4551, "sf_zero": 0.2724, "capboot_n": 5, "capboot_frac": 0.0, "ping_n": 48, "ping_p50": 112.0, "ping_p95": 169.0, "ping_p99": 171.0, "ping_tx": null, "ping_rx": null, "ping_loss": null, "wait_tun": 62, "wait_paused": 10, "wait_pace": 0, "wait_gen": 0, "wait_nack": 23, "wait_defc": 0, "wait_tail": 1, "wait_flush": 0, "wait_lines": 5, "deadwall": false, "dgq_hand": 22688, "dgq_full": 0, "dgq_gap": 17, "tc_bytes": 29102100, "tc_pkts": 23149, "tc_drop": 162, "tc_s": 5}
LIVENESS c8-AU rep=5 cli=[RWM_DERIVED_SWEEP=0 RWM_STORE_CAP_UNIFIED=1 RWM_RECOV_MP=1 RWM_ACKDIAG=1] srv=[RWM_DERIVED_SWEEP=0 RWM_STORE_CAP_UNIFIED=1 RWM_RECOV_MP=1 RWM_ACKDIAG=1] actDS=0/0 divDS=0/0 actU=1/1 ackdiag=2/2 (expect ds=0 u=1)
=== rep=5 arm=c8-AUR seed=7 env="RWM_STORE_CAP_UNIFIED=1 RWM_DERIVED_SWEEP=1" cell=c2/c3/dual bytes=25000000 05:13:04
RUNTIME c8-AUR rep=5 3s
DEADWALLRESULT {"cell": "c8", "arm": "AUR", "seed": 7, "rep": 5, "dnf": true, "dnf_count": null, "mbps": null, "seconds": null, "n_runs": 0, "cpusrv": null, "cpucli": null, "khr_med": null, "kraw_med": null, "khr_n": 0, "kraw_n": 0, "rtp_med": null, "occ_p50": null, "occcap_p50": null, "q_p50": null, "q_p99": null, "diag_lines": 0, "retx": 0, "gates_cli_ds": null, "gates_srv_ds": null, "gates_cli_u": null, "gates_srv_u": null, "gates_cli_mp": null, "gates_srv_mp": null, "gates_cli_ack": null, "gates_srv_ack": null, "gates_cli_diag": null, "gates_srv_diag": null, "gates_lines_cli": 0, "gates_lines_srv": 0, "active_ds_cli": 0, "active_ds_srv": 0, "diverged_ds_cli": 0, "diverged_ds_srv": 0, "active_u_cli": 0, "active_u_srv": 0, "ds_site": null, "ds_srtt_us": null, "ds_jitter_us": null, "ds_derived_us": null, "ds_legacy_us": null, "ds_from": null, "ds_n_echo": 0, "ackdiag_lines_cli": 0, "ackdiag_lines_srv": 0, "sf_ticks": null, "sf_E": null, "sf_short": null, "sf_zero": null, "capboot_n": 0, "capboot_frac": null, "ping_n": 48, "ping_p50": 112.0, "ping_p95": 169.0, "ping_p99": 171.0, "ping_tx": null, "ping_rx": null, "ping_loss": null, "wait_tun": null, "wait_paused": null, "wait_pace": null, "wait_gen": null, "wait_nack": null, "wait_defc": null, "wait_tail": null, "wait_flush": null, "wait_lines": 0, "deadwall": null, "dgq_hand": null, "dgq_full": null, "dgq_gap": null, "tc_bytes": null, "tc_pkts": null, "tc_drop": null, "tc_s": null}
LIVENESS c8-AUR rep=5 cli=[   ] srv=[   ] actDS=/ divDS=/ actU=/ ackdiag=/ (expect ds=1 u=1)
ABORT c8-AUR rep=5 (no [GATES] on either endpoint)
QCAP-MISSING c8-AUR rep=5
=== rep=5 arm=c8L-AU seed=7 env="RWM_STORE_CAP_UNIFIED=1" cell=c2/c3/dual bytes=200000000 05:13:07
RUNTIME c8L-AU rep=5 3s
DEADWALLRESULT {"cell": "c8L", "arm": "AU", "seed": 7, "rep": 5, "dnf": true, "dnf_count": null, "mbps": null, "seconds": null, "n_runs": 0, "cpusrv": null, "cpucli": null, "khr_med": null, "kraw_med": null, "khr_n": 0, "kraw_n": 0, "rtp_med": null, "occ_p50": null, "occcap_p50": null, "q_p50": null, "q_p99": null, "diag_lines": 0, "retx": 0, "gates_cli_ds": null, "gates_srv_ds": null, "gates_cli_u": null, "gates_srv_u": null, "gates_cli_mp": null, "gates_srv_mp": null, "gates_cli_ack": null, "gates_srv_ack": null, "gates_cli_diag": null, "gates_srv_diag": null, "gates_lines_cli": 0, "gates_lines_srv": 0, "active_ds_cli": 0, "active_ds_srv": 0, "diverged_ds_cli": 0, "diverged_ds_srv": 0, "active_u_cli": 0, "active_u_srv": 0, "ds_site": null, "ds_srtt_us": null, "ds_jitter_us": null, "ds_derived_us": null, "ds_legacy_us": null, "ds_from": null, "ds_n_echo": 0, "ackdiag_lines_cli": 0, "ackdiag_lines_srv": 0, "sf_ticks": null, "sf_E": null, "sf_short": null, "sf_zero": null, "capboot_n": 0, "capboot_frac": null, "ping_n": 48, "ping_p50": 112.0, "ping_p95": 169.0, "ping_p99": 171.0, "ping_tx": null, "ping_rx": null, "ping_loss": null, "wait_tun": null, "wait_paused": null, "wait_pace": null, "wait_gen": null, "wait_nack": null, "wait_defc": null, "wait_tail": null, "wait_flush": null, "wait_lines": 0, "deadwall": null, "dgq_hand": null, "dgq_full": null, "dgq_gap": null, "tc_bytes": null, "tc_pkts": null, "tc_drop": null, "tc_s": null}
LIVENESS c8L-AU rep=5 cli=[   ] srv=[   ] actDS=/ divDS=/ actU=/ ackdiag=/ (expect ds=0 u=1)
ABORT c8L-AU rep=5 (no [GATES] on either endpoint)
QCAP-MISSING c8L-AU rep=5
=== rep=6 arm=c8-AU seed=7 env="RWM_STORE_CAP_UNIFIED=1" cell=c2/c3/dual bytes=25000000 05:13:10
RUNTIME c8-AU rep=6 3s
DEADWALLRESULT {"cell": "c8", "arm": "AU", "seed": 7, "rep": 6, "dnf": true, "dnf_count": null, "mbps": null, "seconds": null, "n_runs": 0, "cpusrv": null, "cpucli": null, "khr_med": null, "kraw_med": null, "khr_n": 0, "kraw_n": 0, "rtp_med": null, "occ_p50": null, "occcap_p50": null, "q_p50": null, "q_p99": null, "diag_lines": 0, "retx": 0, "gates_cli_ds": null, "gates_srv_ds": null, "gates_cli_u": null, "gates_srv_u": null, "gates_cli_mp": null, "gates_srv_mp": null, "gates_cli_ack": null, "gates_srv_ack": null, "gates_cli_diag": null, "gates_srv_diag": null, "gates_lines_cli": 0, "gates_lines_srv": 0, "active_ds_cli": 0, "active_ds_srv": 0, "diverged_ds_cli": 0, "diverged_ds_srv": 0, "active_u_cli": 0, "active_u_srv": 0, "ds_site": null, "ds_srtt_us": null, "ds_jitter_us": null, "ds_derived_us": null, "ds_legacy_us": null, "ds_from": null, "ds_n_echo": 0, "ackdiag_lines_cli": 0, "ackdiag_lines_srv": 0, "sf_ticks": null, "sf_E": null, "sf_short": null, "sf_zero": null, "capboot_n": 0, "capboot_frac": null, "ping_n": 48, "ping_p50": 112.0, "ping_p95": 169.0, "ping_p99": 171.0, "ping_tx": null, "ping_rx": null, "ping_loss": null, "wait_tun": null, "wait_paused": null, "wait_pace": null, "wait_gen": null, "wait_nack": null, "wait_defc": null, "wait_tail": null, "wait_flush": null, "wait_lines": 0, "deadwall": null, "dgq_hand": null, "dgq_full": null, "dgq_gap": null, "tc_bytes": null, "tc_pkts": null, "tc_drop": null, "tc_s": null}
LIVENESS c8-AU rep=6 cli=[   ] srv=[   ] actDS=/ divDS=/ actU=/ ackdiag=/ (expect ds=0 u=1)
ABORT c8-AU rep=6 (no [GATES] on either endpoint)
QCAP-MISSING c8-AU rep=6
=== rep=6 arm=c8-AUR seed=7 env="RWM_STORE_CAP_UNIFIED=1 RWM_DERIVED_SWEEP=1" cell=c2/c3/dual bytes=25000000 05:13:13
[2m2026-08-12T05:13:16.368600Z[0m [32m INFO[0m [2mraptorpath::gates[0m[2m:[0m [GATES] RWM_UNIFIED=1 RWM_UNIFIED_SHED=1 RWM_TAPER_R=1 RWM_ASTAR_ANCHOR=1 RWM_MSTAR_ANCHOR=1 RWM_PLAIN_RS=0 RWM_HONEST_ANCHOR=1 RWM_HONEST_K=0 RWM_STORE_SACK_RELEASE=1 RWM_STORE_PATHS=1 RWM_STORE_PATH_POOL=2048 RWM_STORE=unset RWM_STORE_GAIN=2 RWM_STORE_BOOT=128 RWM_STORE_CAPW=0 RWM_STORE_CAP_UNIFIED=1 RWM_THREE_TERM=0 RWM_STORE_PERCAP=0 RWM_PERCAP_GUARD=1 RWM_STORE_BORROW=0 RWM_HONEST_CAP=1 RWM_POOL_ANCHOR=0 RWM_POOL_DELIV=0 RWM_FLOOR_BOUND=0 RWM_ACK_MERGE=1 RWM_PATIENCE_DERIVED=0 RWM_SIDLE_DERIVED=0 RWM_WIN_DECOUPLE=0 RWM_PLACE_SLACK=0 RWM_GEN=384 RWM_PIPELINE=2 RWM_GEN_PIPE=1 RWM_GEN_R=unset RWM_GEN_RATE=9000 RWM_GEN_RATE_FLOOR=2000 RWM_GEN_INFLIGHT=unset RWM_OOO_RETAIN=0/16 RWM_WINDOW=unset RWM_REPORT_GENS=unset RWM_REPAIR_WAIT=unset RWM_CODED_SRC=0 RWM_NO_REACTIVE=0 RWM_XPATH_REPAIR=0 RWM_PROACTIVE_PACER=0 RWM_REASM_BDP=0 RWM_MIN_R=0 RWM_CC_PACE=0 RWM_CC_PACE_HR=1.1 RWM_REACT_CAP=unset RWM_INFL_CAP=0 RWM_INFL_BDP=unset RWM_COPA_FEED=0 RWM_RS_ATTR=1 RWM_EMIT_BATCH=0 RWM_EMIT_BURST=64 RWM_RECOV_MP=1 RWM_RECOV_MP_LAW=1 RWM_RECOV_MP_LIVE=0 RWM_RECOV_SP=0 RWM_DERIVED_SWEEP=1 RWM_DIAG=1 RWM_ACKDIAG=1 RWM_RDIAG=0 RWM_FDIAG=0 RWM_TRACE=0 RWM_PFRAC=0
{"bytes":25000000,"dnf":0,"hint":"bulk","max_s":8.5724,"mean_mbps":23.331,"mean_s":8.5724,"median_s":8.5724,"min_s":8.5724,"proto":"rp-native","runs":1,"stdev_s":0.0,"summary":true}
    LATPROBE: /tmp/rwm-ping.txt 168 replies
    CPU: CPUSRV=2.09s CPUCLI=2.59s (srv=decoder cli=sender; whole-invocation incl warmup)
    QDISC cli0: qdisc netem a2d3: root refcnt 7 limit 1000 delay 5ms  3ms loss gemodel p 1.3% r 50% 1-h 100% 1-k 0% rate 100Mbit seed 7  Sent 23599155 bytes 18714 pkt (dropped 91, overlimits 0 requeues 0)   backlog 0b 0p requeues 0 
    QDISC cli1: qdisc netem a2d4: root refcnt 7 limit 1000 delay 20ms  5ms loss gemodel p 2% r 40% 1-h 100% 1-k 0% rate 20Mbit seed 7  Sent 6598993 bytes 5550 pkt (dropped 95, overlimits 0 requeues 0)   backlog 0b 0p requeues 0 
    QDISC srv0: qdisc netem a2d5: root refcnt 7 limit 1000 delay 5ms  3ms rate 100Mbit seed 15859321233945752846  Sent 2725768 bytes 14661 pkt (dropped 0, overlimits 0 requeues 0)   backlog 0b 0p requeues 0 
    QDISC srv1: qdisc netem a2d6: root refcnt 7 limit 1000 delay 20ms  5ms rate 20Mbit seed 16983147564388964242  Sent 830007 bytes 4885 pkt (dropped 0, overlimits 0 requeues 0)   backlog 0b 0p requeues 0 
    QCAP: /tmp/rwm-q.txt 18 lines
RUNTIME c8-AUR rep=6 12s
DEADWALLRESULT {"cell": "c8", "arm": "AUR", "seed": 7, "rep": 6, "dnf": false, "dnf_count": 0, "mbps": 23.331, "seconds": 8.572, "n_runs": 1, "cpusrv": 2.09, "cpucli": 2.59, "khr_med": 1.0, "kraw_med": null, "khr_n": 19, "kraw_n": 0, "rtp_med": 45, "occ_p50": 0, "occcap_p50": 4096, "q_p50": 963, "q_p99": 1690, "diag_lines": 14, "retx": 2550, "gates_cli_ds": 1, "gates_srv_ds": 1, "gates_cli_u": 1, "gates_srv_u": 1, "gates_cli_mp": 1, "gates_srv_mp": 1, "gates_cli_ack": 1, "gates_srv_ack": 1, "gates_cli_diag": 1, "gates_srv_diag": 1, "gates_lines_cli": 1, "gates_lines_srv": 1, "active_ds_cli": 1, "active_ds_srv": 2, "diverged_ds_cli": 1, "diverged_ds_srv": 2, "active_u_cli": 1, "active_u_srv": 1, "ds_site": "sender-tail-sweep", "ds_srtt_us": 271528, "ds_jitter_us": 417, "ds_derived_us": 543056, "ds_legacy_us": 100000, "ds_from": "diverged", "ds_n_echo": 6, "ackdiag_lines_cli": 6, "ackdiag_lines_srv": 5, "sf_ticks": 347, "sf_E": 0.3919, "sf_short": 0.6744, "sf_zero": 0.5418, "capboot_n": 11, "capboot_frac": 0.0, "ping_n": 168, "ping_p50": 11.2, "ping_p95": 103.0, "ping_p99": 105.0, "ping_tx": null, "ping_rx": null, "ping_loss": null, "wait_tun": 0, "wait_paused": 0, "wait_pace": 0, "wait_gen": 0, "wait_nack": 100, "wait_defc": 0, "wait_tail": 0, "wait_flush": 0, "wait_lines": 11, "deadwall": true, "dgq_hand": 24020, "dgq_full": 91, "dgq_gap": 105, "tc_bytes": 30198148, "tc_pkts": 24264, "tc_drop": 186, "tc_s": 12}
LIVENESS c8-AUR rep=6 cli=[RWM_DERIVED_SWEEP=1 RWM_STORE_CAP_UNIFIED=1 RWM_RECOV_MP=1 RWM_ACKDIAG=1] srv=[RWM_DERIVED_SWEEP=1 RWM_STORE_CAP_UNIFIED=1 RWM_RECOV_MP=1 RWM_ACKDIAG=1] actDS=1/2 divDS=1/2 actU=1/1 ackdiag=6/5 (expect ds=1 u=1)
DSLINE c8-AUR rep=6 ep=c ACTIVE site=sender-tail-sweep srtt_us=50000 jitter_us=0 derived_us=100000 legacy_us=100000
DSLINE c8-AUR rep=6 ep=c DIVERGED site=sender-tail-sweep srtt_us=10000 jitter_us=0 derived_us=20000 legacy_us=25000
DSLINE c8-AUR rep=6 ep=s ACTIVE site=sender-tail-sweep srtt_us=50000 jitter_us=0 derived_us=100000 legacy_us=100000
DSLINE c8-AUR rep=6 ep=s ACTIVE site=receiver-hole-refresh srtt_us=50000 jitter_us=6 derived_us=100000 legacy_us=100000
DSLINE c8-AUR rep=6 ep=s DIVERGED site=receiver-hole-refresh srtt_us=271521 jitter_us=399 derived_us=543042 legacy_us=100000
DSLINE c8-AUR rep=6 ep=s DIVERGED site=sender-tail-sweep srtt_us=271528 jitter_us=417 derived_us=543056 legacy_us=100000
=== rep=6 arm=c8L-AU seed=7 env="RWM_STORE_CAP_UNIFIED=1" cell=c2/c3/dual bytes=200000000 05:13:25
RUNTIME c8L-AU rep=6 3s
DEADWALLRESULT {"cell": "c8L", "arm": "AU", "seed": 7, "rep": 6, "dnf": true, "dnf_count": null, "mbps": null, "seconds": null, "n_runs": 0, "cpusrv": null, "cpucli": null, "khr_med": null, "kraw_med": null, "khr_n": 0, "kraw_n": 0, "rtp_med": null, "occ_p50": null, "occcap_p50": null, "q_p50": null, "q_p99": null, "diag_lines": 0, "retx": 0, "gates_cli_ds": null, "gates_srv_ds": null, "gates_cli_u": null, "gates_srv_u": null, "gates_cli_mp": null, "gates_srv_mp": null, "gates_cli_ack": null, "gates_srv_ack": null, "gates_cli_diag": null, "gates_srv_diag": null, "gates_lines_cli": 0, "gates_lines_srv": 0, "active_ds_cli": 0, "active_ds_srv": 0, "diverged_ds_cli": 0, "diverged_ds_srv": 0, "active_u_cli": 0, "active_u_srv": 0, "ds_site": null, "ds_srtt_us": null, "ds_jitter_us": null, "ds_derived_us": null, "ds_legacy_us": null, "ds_from": null, "ds_n_echo": 0, "ackdiag_lines_cli": 0, "ackdiag_lines_srv": 0, "sf_ticks": null, "sf_E": null, "sf_short": null, "sf_zero": null, "capboot_n": 0, "capboot_frac": null, "ping_n": 168, "ping_p50": 11.2, "ping_p95": 103.0, "ping_p99": 105.0, "ping_tx": null, "ping_rx": null, "ping_loss": null, "wait_tun": null, "wait_paused": null, "wait_pace": null, "wait_gen": null, "wait_nack": null, "wait_defc": null, "wait_tail": null, "wait_flush": null, "wait_lines": 0, "deadwall": null, "dgq_hand": null, "dgq_full": null, "dgq_gap": null, "tc_bytes": null, "tc_pkts": null, "tc_drop": null, "tc_s": null}
LIVENESS c8L-AU rep=6 cli=[   ] srv=[   ] actDS=/ divDS=/ actU=/ ackdiag=/ (expect ds=0 u=1)
ABORT c8L-AU rep=6 (no [GATES] on either endpoint)
QCAP-MISSING c8L-AU rep=6
=== rep=7 arm=c8-AU seed=7 env="RWM_STORE_CAP_UNIFIED=1" cell=c2/c3/dual bytes=25000000 05:13:28
RUNTIME c8-AU rep=7 3s
DEADWALLRESULT {"cell": "c8", "arm": "AU", "seed": 7, "rep": 7, "dnf": true, "dnf_count": null, "mbps": null, "seconds": null, "n_runs": 0, "cpusrv": null, "cpucli": null, "khr_med": null, "kraw_med": null, "khr_n": 0, "kraw_n": 0, "rtp_med": null, "occ_p50": null, "occcap_p50": null, "q_p50": null, "q_p99": null, "diag_lines": 0, "retx": 0, "gates_cli_ds": null, "gates_srv_ds": null, "gates_cli_u": null, "gates_srv_u": null, "gates_cli_mp": null, "gates_srv_mp": null, "gates_cli_ack": null, "gates_srv_ack": null, "gates_cli_diag": null, "gates_srv_diag": null, "gates_lines_cli": 0, "gates_lines_srv": 0, "active_ds_cli": 0, "active_ds_srv": 0, "diverged_ds_cli": 0, "diverged_ds_srv": 0, "active_u_cli": 0, "active_u_srv": 0, "ds_site": null, "ds_srtt_us": null, "ds_jitter_us": null, "ds_derived_us": null, "ds_legacy_us": null, "ds_from": null, "ds_n_echo": 0, "ackdiag_lines_cli": 0, "ackdiag_lines_srv": 0, "sf_ticks": null, "sf_E": null, "sf_short": null, "sf_zero": null, "capboot_n": 0, "capboot_frac": null, "ping_n": 168, "ping_p50": 11.2, "ping_p95": 103.0, "ping_p99": 105.0, "ping_tx": null, "ping_rx": null, "ping_loss": null, "wait_tun": null, "wait_paused": null, "wait_pace": null, "wait_gen": null, "wait_nack": null, "wait_defc": null, "wait_tail": null, "wait_flush": null, "wait_lines": 0, "deadwall": null, "dgq_hand": null, "dgq_full": null, "dgq_gap": null, "tc_bytes": null, "tc_pkts": null, "tc_drop": null, "tc_s": null}
LIVENESS c8-AU rep=7 cli=[   ] srv=[   ] actDS=/ divDS=/ actU=/ ackdiag=/ (expect ds=0 u=1)
ABORT c8-AU rep=7 (no [GATES] on either endpoint)
QCAP-MISSING c8-AU rep=7
=== rep=7 arm=c8-AUR seed=7 env="RWM_STORE_CAP_UNIFIED=1 RWM_DERIVED_SWEEP=1" cell=c2/c3/dual bytes=25000000 05:13:31
[2m2026-08-12T05:13:34.422066Z[0m [32m INFO[0m [2mraptorpath::gates[0m[2m:[0m [GATES] RWM_UNIFIED=1 RWM_UNIFIED_SHED=1 RWM_TAPER_R=1 RWM_ASTAR_ANCHOR=1 RWM_MSTAR_ANCHOR=1 RWM_PLAIN_RS=0 RWM_HONEST_ANCHOR=1 RWM_HONEST_K=0 RWM_STORE_SACK_RELEASE=1 RWM_STORE_PATHS=1 RWM_STORE_PATH_POOL=2048 RWM_STORE=unset RWM_STORE_GAIN=2 RWM_STORE_BOOT=128 RWM_STORE_CAPW=0 RWM_STORE_CAP_UNIFIED=1 RWM_THREE_TERM=0 RWM_STORE_PERCAP=0 RWM_PERCAP_GUARD=1 RWM_STORE_BORROW=0 RWM_HONEST_CAP=1 RWM_POOL_ANCHOR=0 RWM_POOL_DELIV=0 RWM_FLOOR_BOUND=0 RWM_ACK_MERGE=1 RWM_PATIENCE_DERIVED=0 RWM_SIDLE_DERIVED=0 RWM_WIN_DECOUPLE=0 RWM_PLACE_SLACK=0 RWM_GEN=384 RWM_PIPELINE=2 RWM_GEN_PIPE=1 RWM_GEN_R=unset RWM_GEN_RATE=9000 RWM_GEN_RATE_FLOOR=2000 RWM_GEN_INFLIGHT=unset RWM_OOO_RETAIN=0/16 RWM_WINDOW=unset RWM_REPORT_GENS=unset RWM_REPAIR_WAIT=unset RWM_CODED_SRC=0 RWM_NO_REACTIVE=0 RWM_XPATH_REPAIR=0 RWM_PROACTIVE_PACER=0 RWM_REASM_BDP=0 RWM_MIN_R=0 RWM_CC_PACE=0 RWM_CC_PACE_HR=1.1 RWM_REACT_CAP=unset RWM_INFL_CAP=0 RWM_INFL_BDP=unset RWM_COPA_FEED=0 RWM_RS_ATTR=1 RWM_EMIT_BATCH=0 RWM_EMIT_BURST=64 RWM_RECOV_MP=1 RWM_RECOV_MP_LAW=1 RWM_RECOV_MP_LIVE=0 RWM_RECOV_SP=0 RWM_DERIVED_SWEEP=1 RWM_DIAG=1 RWM_ACKDIAG=1 RWM_RDIAG=0 RWM_FDIAG=0 RWM_TRACE=0 RWM_PFRAC=0
{"bytes":25000000,"dnf":0,"hint":"bulk","max_s":3.7896,"mean_mbps":52.776,"mean_s":3.7896,"median_s":3.7896,"min_s":3.7896,"proto":"rp-native","runs":1,"stdev_s":0.0,"summary":true}
    LATPROBE: /tmp/rwm-ping.txt 79 replies
    CPU: CPUSRV=2.13s CPUCLI=2.88s (srv=decoder cli=sender; whole-invocation incl warmup)
    QDISC cli0: qdisc netem a2df: root refcnt 7 limit 1000 delay 5ms  3ms loss gemodel p 1.3% r 50% 1-h 100% 1-k 0% rate 100Mbit seed 7  Sent 23902238 bytes 18882 pkt (dropped 82, overlimits 0 requeues 0)   backlog 0b 0p requeues 0 
    QDISC cli1: qdisc netem a2e0: root refcnt 7 limit 1000 delay 20ms  5ms loss gemodel p 2% r 40% 1-h 100% 1-k 0% rate 20Mbit seed 7  Sent 5441496 bytes 4784 pkt (dropped 84, overlimits 0 requeues 0)   backlog 0b 0p requeues 0 
    QDISC srv0: qdisc netem a2e1: root refcnt 7 limit 1000 delay 5ms  3ms rate 100Mbit seed 10766483674615009993  Sent 2735533 bytes 14486 pkt (dropped 0, overlimits 0 requeues 0)   backlog 0b 0p requeues 0 
    QDISC srv1: qdisc netem a2e2: root refcnt 7 limit 1000 delay 20ms  5ms rate 20Mbit seed 6648987922892780989  Sent 655656 bytes 3919 pkt (dropped 0, overlimits 0 requeues 0)   backlog 0b 0p requeues 0 
    QCAP: /tmp/rwm-q.txt 18 lines
RUNTIME c8-AUR rep=7 7s
DEADWALLRESULT {"cell": "c8", "arm": "AUR", "seed": 7, "rep": 7, "dnf": false, "dnf_count": 0, "mbps": 52.776, "seconds": 3.79, "n_runs": 1, "cpusrv": 2.13, "cpucli": 2.88, "khr_med": 1.0, "kraw_med": null, "khr_n": 16, "kraw_n": 0, "rtp_med": 41, "occ_p50": 1186, "occcap_p50": 4096, "q_p50": 743, "q_p99": 1152, "diag_lines": 11, "retx": 1307, "gates_cli_ds": 1, "gates_srv_ds": 1, "gates_cli_u": 1, "gates_srv_u": 1, "gates_cli_mp": 1, "gates_srv_mp": 1, "gates_cli_ack": 1, "gates_srv_ack": 1, "gates_cli_diag": 1, "gates_srv_diag": 1, "gates_lines_cli": 1, "gates_lines_srv": 1, "active_ds_cli": 1, "active_ds_srv": 2, "diverged_ds_cli": 1, "diverged_ds_srv": 2, "active_u_cli": 1, "active_u_srv": 1, "ds_site": "receiver-hole-refresh", "ds_srtt_us": 106863, "ds_jitter_us": 428, "ds_derived_us": 213726, "ds_legacy_us": 100000, "ds_from": "diverged", "ds_n_echo": 6, "ackdiag_lines_cli": 2, "ackdiag_lines_srv": 2, "sf_ticks": 300, "sf_E": 0.7133, "sf_short": 0.39, "sf_zero": 0.1833, "capboot_n": 8, "capboot_frac": 0.0, "ping_n": 79, "ping_p50": 13.7, "ping_p95": 82.1, "ping_p99": 83.5, "ping_tx": null, "ping_rx": null, "ping_loss": null, "wait_tun": 0, "wait_paused": 0, "wait_pace": 0, "wait_gen": 0, "wait_nack": 100, "wait_defc": 0, "wait_tail": 0, "wait_flush": 0, "wait_lines": 8, "deadwall": true, "dgq_hand": 22926, "dgq_full": 0, "dgq_gap": 0, "tc_bytes": 29343734, "tc_pkts": 23666, "tc_drop": 166, "tc_s": 7}
LIVENESS c8-AUR rep=7 cli=[RWM_DERIVED_SWEEP=1 RWM_STORE_CAP_UNIFIED=1 RWM_RECOV_MP=1 RWM_ACKDIAG=1] srv=[RWM_DERIVED_SWEEP=1 RWM_STORE_CAP_UNIFIED=1 RWM_RECOV_MP=1 RWM_ACKDIAG=1] actDS=1/2 divDS=1/2 actU=1/1 ackdiag=2/2 (expect ds=1 u=1)
DSLINE c8-AUR rep=7 ep=c ACTIVE site=sender-tail-sweep srtt_us=50000 jitter_us=0 derived_us=100000 legacy_us=100000
DSLINE c8-AUR rep=7 ep=c DIVERGED site=sender-tail-sweep srtt_us=10000 jitter_us=0 derived_us=20000 legacy_us=25000
DSLINE c8-AUR rep=7 ep=s ACTIVE site=sender-tail-sweep srtt_us=50000 jitter_us=0 derived_us=100000 legacy_us=100000
DSLINE c8-AUR rep=7 ep=s ACTIVE site=receiver-hole-refresh srtt_us=50000 jitter_us=0 derived_us=100000 legacy_us=100000
DSLINE c8-AUR rep=7 ep=s DIVERGED site=receiver-hole-refresh srtt_us=106863 jitter_us=428 derived_us=213726 legacy_us=100000
DSLINE c8-AUR rep=7 ep=s DIVERGED site=sender-tail-sweep srtt_us=103199 jitter_us=1721 derived_us=206398 legacy_us=100000
=== rep=7 arm=c8L-AU seed=7 env="RWM_STORE_CAP_UNIFIED=1" cell=c2/c3/dual bytes=200000000 05:13:38
[2m2026-08-12T05:13:41.406198Z[0m [32m INFO[0m [2mraptorpath::gates[0m[2m:[0m [GATES] RWM_UNIFIED=1 RWM_UNIFIED_SHED=1 RWM_TAPER_R=1 RWM_ASTAR_ANCHOR=1 RWM_MSTAR_ANCHOR=1 RWM_PLAIN_RS=0 RWM_HONEST_ANCHOR=1 RWM_HONEST_K=0 RWM_STORE_SACK_RELEASE=1 RWM_STORE_PATHS=1 RWM_STORE_PATH_POOL=2048 RWM_STORE=unset RWM_STORE_GAIN=2 RWM_STORE_BOOT=128 RWM_STORE_CAPW=0 RWM_STORE_CAP_UNIFIED=1 RWM_THREE_TERM=0 RWM_STORE_PERCAP=0 RWM_PERCAP_GUARD=1 RWM_STORE_BORROW=0 RWM_HONEST_CAP=1 RWM_POOL_ANCHOR=0 RWM_POOL_DELIV=0 RWM_FLOOR_BOUND=0 RWM_ACK_MERGE=1 RWM_PATIENCE_DERIVED=0 RWM_SIDLE_DERIVED=0 RWM_WIN_DECOUPLE=0 RWM_PLACE_SLACK=0 RWM_GEN=384 RWM_PIPELINE=2 RWM_GEN_PIPE=1 RWM_GEN_R=unset RWM_GEN_RATE=9000 RWM_GEN_RATE_FLOOR=2000 RWM_GEN_INFLIGHT=unset RWM_OOO_RETAIN=0/16 RWM_WINDOW=unset RWM_REPORT_GENS=unset RWM_REPAIR_WAIT=unset RWM_CODED_SRC=0 RWM_NO_REACTIVE=0 RWM_XPATH_REPAIR=0 RWM_PROACTIVE_PACER=0 RWM_REASM_BDP=0 RWM_MIN_R=0 RWM_CC_PACE=0 RWM_CC_PACE_HR=1.1 RWM_REACT_CAP=unset RWM_INFL_CAP=0 RWM_INFL_BDP=unset RWM_COPA_FEED=0 RWM_RS_ATTR=1 RWM_EMIT_BATCH=0 RWM_EMIT_BURST=64 RWM_RECOV_MP=1 RWM_RECOV_MP_LAW=1 RWM_RECOV_MP_LIVE=0 RWM_RECOV_SP=0 RWM_DERIVED_SWEEP=0 RWM_DIAG=1 RWM_ACKDIAG=1 RWM_RDIAG=0 RWM_FDIAG=0 RWM_TRACE=0 RWM_PFRAC=0
{"bytes":200000000,"dnf":0,"hint":"bulk","max_s":41.9273,"mean_mbps":38.161,"mean_s":41.9273,"median_s":41.9273,"min_s":41.9273,"proto":"rp-native","runs":1,"stdev_s":0.0,"summary":true}
    LATPROBE: /tmp/rwm-ping.txt 803 replies
    CPU: CPUSRV=17.22s CPUCLI=45.85s (srv=decoder cli=sender; whole-invocation incl warmup)
    QDISC cli0: qdisc netem a2e3: root refcnt 7 limit 1000 delay 5ms  3ms loss gemodel p 1.3% r 50% 1-h 100% 1-k 0% rate 100Mbit seed 7  Sent 233002389 bytes 192033 pkt (dropped 1152, overlimits 0 requeues 0)   backlog 0b 0p requeues 0 
    QDISC cli1: qdisc netem a2e4: root refcnt 7 limit 1000 delay 20ms  5ms loss gemodel p 2% r 40% 1-h 100% 1-k 0% rate 20Mbit seed 7  Sent 4470639 bytes 4069 pkt (dropped 80, overlimits 0 requeues 0)   backlog 0b 0p requeues 0 
    QDISC srv0: qdisc netem a2e5: root refcnt 7 limit 1000 delay 5ms  3ms rate 100Mbit seed 14411784558542170416  Sent 28035288 bytes 147861 pkt (dropped 0, overlimits 0 requeues 0)   backlog 0b 0p requeues 0 
    QDISC srv1: qdisc netem a2e6: root refcnt 7 limit 1000 delay 20ms  5ms rate 20Mbit seed 384809245678484423  Sent 600853 bytes 3410 pkt (dropped 0, overlimits 0 requeues 0)   backlog 0b 0p requeues 0 
    QCAP: /tmp/rwm-q.txt 18 lines
RUNTIME c8L-AU rep=7 45s
DEADWALLRESULT {"cell": "c8L", "arm": "AU", "seed": 7, "rep": 7, "dnf": false, "dnf_count": 0, "mbps": 38.161, "seconds": 41.927, "n_runs": 1, "cpusrv": 17.22, "cpucli": 45.85, "khr_med": 1.0, "kraw_med": null, "khr_n": 247, "kraw_n": 0, "rtp_med": 42, "occ_p50": 70, "occcap_p50": 4096, "q_p50": 249, "q_p99": 1029, "diag_lines": 130, "retx": 16439, "gates_cli_ds": 0, "gates_srv_ds": 0, "gates_cli_u": 1, "gates_srv_u": 1, "gates_cli_mp": 1, "gates_srv_mp": 1, "gates_cli_ack": 1, "gates_srv_ack": 1, "gates_cli_diag": 1, "gates_srv_diag": 1, "gates_lines_cli": 1, "gates_lines_srv": 1, "active_ds_cli": 0, "active_ds_srv": 0, "diverged_ds_cli": 0, "diverged_ds_srv": 0, "active_u_cli": 1, "active_u_srv": 1, "ds_site": null, "ds_srtt_us": null, "ds_jitter_us": null, "ds_derived_us": null, "ds_legacy_us": null, "ds_from": null, "ds_n_echo": 0, "ackdiag_lines_cli": 37, "ackdiag_lines_srv": 20, "sf_ticks": 1482, "sf_E": 0.8111, "sf_short": 0.2881, "sf_zero": 0.0897, "capboot_n": 127, "capboot_frac": 0.0, "ping_n": 803, "ping_p50": 13.3, "ping_p95": 137.0, "ping_p99": 169.0, "ping_tx": null, "ping_rx": null, "ping_loss": null, "wait_tun": 98, "wait_paused": 0, "wait_pace": 0, "wait_gen": 0, "wait_nack": 2, "wait_defc": 0, "wait_tail": 0, "wait_flush": 0, "wait_lines": 127, "deadwall": false, "dgq_hand": 199246, "dgq_full": 11926, "dgq_gap": 11934, "tc_bytes": 237473228, "tc_pkts": 196104, "tc_drop": 1232, "tc_s": 45}
LIVENESS c8L-AU rep=7 cli=[RWM_DERIVED_SWEEP=0 RWM_STORE_CAP_UNIFIED=1 RWM_RECOV_MP=1 RWM_ACKDIAG=1] srv=[RWM_DERIVED_SWEEP=0 RWM_STORE_CAP_UNIFIED=1 RWM_RECOV_MP=1 RWM_ACKDIAG=1] actDS=0/0 divDS=0/0 actU=1/1 ackdiag=37/20 (expect ds=0 u=1)
=== rep=8 arm=c8-AU seed=7 env="RWM_STORE_CAP_UNIFIED=1" cell=c2/c3/dual bytes=25000000 05:14:23
[2m2026-08-12T05:14:26.896425Z[0m [32m INFO[0m [2mraptorpath::gates[0m[2m:[0m [GATES] RWM_UNIFIED=1 RWM_UNIFIED_SHED=1 RWM_TAPER_R=1 RWM_ASTAR_ANCHOR=1 RWM_MSTAR_ANCHOR=1 RWM_PLAIN_RS=0 RWM_HONEST_ANCHOR=1 RWM_HONEST_K=0 RWM_STORE_SACK_RELEASE=1 RWM_STORE_PATHS=1 RWM_STORE_PATH_POOL=2048 RWM_STORE=unset RWM_STORE_GAIN=2 RWM_STORE_BOOT=128 RWM_STORE_CAPW=0 RWM_STORE_CAP_UNIFIED=1 RWM_THREE_TERM=0 RWM_STORE_PERCAP=0 RWM_PERCAP_GUARD=1 RWM_STORE_BORROW=0 RWM_HONEST_CAP=1 RWM_POOL_ANCHOR=0 RWM_POOL_DELIV=0 RWM_FLOOR_BOUND=0 RWM_ACK_MERGE=1 RWM_PATIENCE_DERIVED=0 RWM_SIDLE_DERIVED=0 RWM_WIN_DECOUPLE=0 RWM_PLACE_SLACK=0 RWM_GEN=384 RWM_PIPELINE=2 RWM_GEN_PIPE=1 RWM_GEN_R=unset RWM_GEN_RATE=9000 RWM_GEN_RATE_FLOOR=2000 RWM_GEN_INFLIGHT=unset RWM_OOO_RETAIN=0/16 RWM_WINDOW=unset RWM_REPORT_GENS=unset RWM_REPAIR_WAIT=unset RWM_CODED_SRC=0 RWM_NO_REACTIVE=0 RWM_XPATH_REPAIR=0 RWM_PROACTIVE_PACER=0 RWM_REASM_BDP=0 RWM_MIN_R=0 RWM_CC_PACE=0 RWM_CC_PACE_HR=1.1 RWM_REACT_CAP=unset RWM_INFL_CAP=0 RWM_INFL_BDP=unset RWM_COPA_FEED=0 RWM_RS_ATTR=1 RWM_EMIT_BATCH=0 RWM_EMIT_BURST=64 RWM_RECOV_MP=1 RWM_RECOV_MP_LAW=1 RWM_RECOV_MP_LIVE=0 RWM_RECOV_SP=0 RWM_DERIVED_SWEEP=0 RWM_DIAG=1 RWM_ACKDIAG=1 RWM_RDIAG=0 RWM_FDIAG=0 RWM_TRACE=0 RWM_PFRAC=0
{"bytes":25000000,"dnf":0,"hint":"bulk","max_s":2.5205,"mean_mbps":79.349,"mean_s":2.5205,"median_s":2.5205,"min_s":2.5205,"proto":"rp-native","runs":1,"stdev_s":0.0,"summary":true}
    LATPROBE: /tmp/rwm-ping.txt 53 replies
    CPU: CPUSRV=1.95s CPUCLI=2.27s (srv=decoder cli=sender; whole-invocation incl warmup)
    QDISC cli0: qdisc netem a2e7: root refcnt 7 limit 1000 delay 5ms  3ms loss gemodel p 1.3% r 50% 1-h 100% 1-k 0% rate 100Mbit seed 7  Sent 24639184 bytes 19361 pkt (dropped 91, overlimits 0 requeues 0)   backlog 0b 0p requeues 0 
    QDISC cli1: qdisc netem a2e8: root refcnt 7 limit 1000 delay 20ms  5ms loss gemodel p 2% r 40% 1-h 100% 1-k 0% rate 20Mbit seed 7  Sent 5524458 bytes 4741 pkt (dropped 81, overlimits 0 requeues 0)   backlog 0b 0p requeues 0 
    QDISC srv0: qdisc netem a2e9: root refcnt 7 limit 1000 delay 5ms  3ms rate 100Mbit seed 8221577483325949229  Sent 2749141 bytes 15069 pkt (dropped 0, overlimits 0 requeues 0)   backlog 0b 0p requeues 0 
    QDISC srv1: qdisc netem a2ea: root refcnt 7 limit 1000 delay 20ms  5ms rate 20Mbit seed 17540230945517134721  Sent 671878 bytes 4024 pkt (dropped 0, overlimits 0 requeues 0)   backlog 0b 0p requeues 0 
    QCAP: /tmp/rwm-q.txt 18 lines
RUNTIME c8-AU rep=8 6s
DEADWALLRESULT {"cell": "c8", "arm": "AU", "seed": 7, "rep": 8, "dnf": false, "dnf_count": 0, "mbps": 79.349, "seconds": 2.521, "n_runs": 1, "cpusrv": 1.95, "cpucli": 2.27, "khr_med": 1.0, "kraw_med": null, "khr_n": 10, "kraw_n": 0, "rtp_med": 10, "occ_p50": 1824, "occcap_p50": 3849, "q_p50": 431, "q_p99": 1412, "diag_lines": 9, "retx": 2420, "gates_cli_ds": 0, "gates_srv_ds": 0, "gates_cli_u": 1, "gates_srv_u": 1, "gates_cli_mp": 1, "gates_srv_mp": 1, "gates_cli_ack": 1, "gates_srv_ack": 1, "gates_cli_diag": 1, "gates_srv_diag": 1, "gates_lines_cli": 1, "gates_lines_srv": 1, "active_ds_cli": 0, "active_ds_srv": 0, "diverged_ds_cli": 0, "diverged_ds_srv": 0, "active_u_cli": 1, "active_u_srv": 1, "ds_site": null, "ds_srtt_us": null, "ds_jitter_us": null, "ds_derived_us": null, "ds_legacy_us": null, "ds_from": null, "ds_n_echo": 0, "ackdiag_lines_cli": 2, "ackdiag_lines_srv": 2, "sf_ticks": 291, "sf_E": 0.3162, "sf_short": 0.7182, "sf_zero": 0.6495, "capboot_n": 6, "capboot_frac": 0.0, "ping_n": 53, "ping_p50": 102.0, "ping_p95": 131.0, "ping_p99": 132.0, "ping_tx": null, "ping_rx": null, "ping_loss": null, "wait_tun": 47, "wait_paused": 5, "wait_pace": 0, "wait_gen": 0, "wait_nack": 24, "wait_defc": 0, "wait_tail": 0, "wait_flush": 0, "wait_lines": 6, "deadwall": false, "dgq_hand": 23783, "dgq_full": 143, "dgq_gap": 158, "tc_bytes": 30163642, "tc_pkts": 24102, "tc_drop": 172, "tc_s": 6}
LIVENESS c8-AU rep=8 cli=[RWM_DERIVED_SWEEP=0 RWM_STORE_CAP_UNIFIED=1 RWM_RECOV_MP=1 RWM_ACKDIAG=1] srv=[RWM_DERIVED_SWEEP=0 RWM_STORE_CAP_UNIFIED=1 RWM_RECOV_MP=1 RWM_ACKDIAG=1] actDS=0/0 divDS=0/0 actU=1/1 ackdiag=2/2 (expect ds=0 u=1)
=== rep=8 arm=c8-AUR seed=7 env="RWM_STORE_CAP_UNIFIED=1 RWM_DERIVED_SWEEP=1" cell=c2/c3/dual bytes=25000000 05:14:29
[2m2026-08-12T05:14:33.999576Z[0m [32m INFO[0m [2mraptorpath::gates[0m[2m:[0m [GATES] RWM_UNIFIED=1 RWM_UNIFIED_SHED=1 RWM_TAPER_R=1 RWM_ASTAR_ANCHOR=1 RWM_MSTAR_ANCHOR=1 RWM_PLAIN_RS=0 RWM_HONEST_ANCHOR=1 RWM_HONEST_K=0 RWM_STORE_SACK_RELEASE=1 RWM_STORE_PATHS=1 RWM_STORE_PATH_POOL=2048 RWM_STORE=unset RWM_STORE_GAIN=2 RWM_STORE_BOOT=128 RWM_STORE_CAPW=0 RWM_STORE_CAP_UNIFIED=1 RWM_THREE_TERM=0 RWM_STORE_PERCAP=0 RWM_PERCAP_GUARD=1 RWM_STORE_BORROW=0 RWM_HONEST_CAP=1 RWM_POOL_ANCHOR=0 RWM_POOL_DELIV=0 RWM_FLOOR_BOUND=0 RWM_ACK_MERGE=1 RWM_PATIENCE_DERIVED=0 RWM_SIDLE_DERIVED=0 RWM_WIN_DECOUPLE=0 RWM_PLACE_SLACK=0 RWM_GEN=384 RWM_PIPELINE=2 RWM_GEN_PIPE=1 RWM_GEN_R=unset RWM_GEN_RATE=9000 RWM_GEN_RATE_FLOOR=2000 RWM_GEN_INFLIGHT=unset RWM_OOO_RETAIN=0/16 RWM_WINDOW=unset RWM_REPORT_GENS=unset RWM_REPAIR_WAIT=unset RWM_CODED_SRC=0 RWM_NO_REACTIVE=0 RWM_XPATH_REPAIR=0 RWM_PROACTIVE_PACER=0 RWM_REASM_BDP=0 RWM_MIN_R=0 RWM_CC_PACE=0 RWM_CC_PACE_HR=1.1 RWM_REACT_CAP=unset RWM_INFL_CAP=0 RWM_INFL_BDP=unset RWM_COPA_FEED=0 RWM_RS_ATTR=1 RWM_EMIT_BATCH=0 RWM_EMIT_BURST=64 RWM_RECOV_MP=1 RWM_RECOV_MP_LAW=1 RWM_RECOV_MP_LIVE=0 RWM_RECOV_SP=0 RWM_DERIVED_SWEEP=1 RWM_DIAG=1 RWM_ACKDIAG=1 RWM_RDIAG=0 RWM_FDIAG=0 RWM_TRACE=0 RWM_PFRAC=0
{"bytes":25000000,"dnf":0,"hint":"bulk","max_s":3.5716,"mean_mbps":55.997,"mean_s":3.5716,"median_s":3.5716,"min_s":3.5716,"proto":"rp-native","runs":1,"stdev_s":0.0,"summary":true}
    LATPROBE: /tmp/rwm-ping.txt 73 replies
    CPU: CPUSRV=2.06s CPUCLI=2.84s (srv=decoder cli=sender; whole-invocation incl warmup)
    QDISC cli0: qdisc netem a2eb: root refcnt 7 limit 1000 delay 5ms  3ms loss gemodel p 1.3% r 50% 1-h 100% 1-k 0% rate 100Mbit seed 7  Sent 25504706 bytes 20088 pkt (dropped 91, overlimits 0 requeues 0)   backlog 0b 0p requeues 0 
    QDISC cli1: qdisc netem a2ec: root refcnt 7 limit 1000 delay 20ms  5ms loss gemodel p 2% r 40% 1-h 100% 1-k 0% rate 20Mbit seed 7  Sent 4797245 bytes 4309 pkt (dropped 95, overlimits 0 requeues 0)   backlog 0b 0p requeues 0 
    QDISC srv0: qdisc netem a2ed: root refcnt 7 limit 1000 delay 5ms  3ms rate 100Mbit seed 7041501343775947520  Sent 3062937 bytes 15878 pkt (dropped 0, overlimits 0 requeues 0)   backlog 0b 0p requeues 0 
    QDISC srv1: qdisc netem a2ee: root refcnt 7 limit 1000 delay 20ms  5ms rate 20Mbit seed 4253264633518943142  Sent 624971 bytes 3724 pkt (dropped 0, overlimits 0 requeues 0)   backlog 0b 0p requeues 0 
    QCAP: /tmp/rwm-q.txt 18 lines
RUNTIME c8-AUR rep=8 8s
DEADWALLRESULT {"cell": "c8", "arm": "AUR", "seed": 7, "rep": 8, "dnf": false, "dnf_count": 0, "mbps": 55.997, "seconds": 3.572, "n_runs": 1, "cpusrv": 2.06, "cpucli": 2.84, "khr_med": 1.0, "kraw_med": null, "khr_n": 19, "kraw_n": 0, "rtp_med": 40, "occ_p50": 0, "occcap_p50": 4096, "q_p50": 118, "q_p99": 1201, "diag_lines": 13, "retx": 2903, "gates_cli_ds": 1, "gates_srv_ds": 1, "gates_cli_u": 1, "gates_srv_u": 1, "gates_cli_mp": 1, "gates_srv_mp": 1, "gates_cli_ack": 1, "gates_srv_ack": 1, "gates_cli_diag": 1, "gates_srv_diag": 1, "gates_lines_cli": 1, "gates_lines_srv": 1, "active_ds_cli": 1, "active_ds_srv": 2, "diverged_ds_cli": 1, "diverged_ds_srv": 2, "active_u_cli": 1, "active_u_srv": 1, "ds_site": "sender-tail-sweep", "ds_srtt_us": 175497, "ds_jitter_us": 475, "ds_derived_us": 350994, "ds_legacy_us": 100000, "ds_from": "diverged", "ds_n_echo": 6, "ackdiag_lines_cli": 2, "ackdiag_lines_srv": 2, "sf_ticks": 314, "sf_E": 0.5366, "sf_short": 0.5605, "sf_zero": 0.3662, "capboot_n": 10, "capboot_frac": 0.0, "ping_n": 73, "ping_p50": 15.2, "ping_p95": 90.9, "ping_p99": 94.3, "ping_tx": null, "ping_rx": null, "ping_loss": null, "wait_tun": 0, "wait_paused": 0, "wait_pace": 0, "wait_gen": 0, "wait_nack": 29, "wait_defc": 0, "wait_tail": 0, "wait_flush": 0, "wait_lines": 10, "deadwall": true, "dgq_hand": 24784, "dgq_full": 890, "dgq_gap": 889, "tc_bytes": 30301951, "tc_pkts": 24397, "tc_drop": 186, "tc_s": 8}
LIVENESS c8-AUR rep=8 cli=[RWM_DERIVED_SWEEP=1 RWM_STORE_CAP_UNIFIED=1 RWM_RECOV_MP=1 RWM_ACKDIAG=1] srv=[RWM_DERIVED_SWEEP=1 RWM_STORE_CAP_UNIFIED=1 RWM_RECOV_MP=1 RWM_ACKDIAG=1] actDS=1/2 divDS=1/2 actU=1/1 ackdiag=2/2 (expect ds=1 u=1)
DSLINE c8-AUR rep=8 ep=c ACTIVE site=sender-tail-sweep srtt_us=50000 jitter_us=0 derived_us=100000 legacy_us=100000
DSLINE c8-AUR rep=8 ep=c DIVERGED site=sender-tail-sweep srtt_us=10000 jitter_us=0 derived_us=20000 legacy_us=25000
DSLINE c8-AUR rep=8 ep=s ACTIVE site=sender-tail-sweep srtt_us=50000 jitter_us=0 derived_us=100000 legacy_us=100000
DSLINE c8-AUR rep=8 ep=s ACTIVE site=receiver-hole-refresh srtt_us=50000 jitter_us=219 derived_us=100000 legacy_us=100000
DSLINE c8-AUR rep=8 ep=s DIVERGED site=receiver-hole-refresh srtt_us=175491 jitter_us=473 derived_us=350982 legacy_us=100000
DSLINE c8-AUR rep=8 ep=s DIVERGED site=sender-tail-sweep srtt_us=175497 jitter_us=475 derived_us=350994 legacy_us=100000
=== rep=8 arm=c8L-AU seed=7 env="RWM_STORE_CAP_UNIFIED=1" cell=c2/c3/dual bytes=200000000 05:14:38
RUNTIME c8L-AU rep=8 2s
DEADWALLRESULT {"cell": "c8L", "arm": "AU", "seed": 7, "rep": 8, "dnf": true, "dnf_count": null, "mbps": null, "seconds": null, "n_runs": 0, "cpusrv": null, "cpucli": null, "khr_med": null, "kraw_med": null, "khr_n": 0, "kraw_n": 0, "rtp_med": null, "occ_p50": null, "occcap_p50": null, "q_p50": null, "q_p99": null, "diag_lines": 0, "retx": 0, "gates_cli_ds": null, "gates_srv_ds": null, "gates_cli_u": null, "gates_srv_u": null, "gates_cli_mp": null, "gates_srv_mp": null, "gates_cli_ack": null, "gates_srv_ack": null, "gates_cli_diag": null, "gates_srv_diag": null, "gates_lines_cli": 0, "gates_lines_srv": 0, "active_ds_cli": 0, "active_ds_srv": 0, "diverged_ds_cli": 0, "diverged_ds_srv": 0, "active_u_cli": 0, "active_u_srv": 0, "ds_site": null, "ds_srtt_us": null, "ds_jitter_us": null, "ds_derived_us": null, "ds_legacy_us": null, "ds_from": null, "ds_n_echo": 0, "ackdiag_lines_cli": 0, "ackdiag_lines_srv": 0, "sf_ticks": null, "sf_E": null, "sf_short": null, "sf_zero": null, "capboot_n": 0, "capboot_frac": null, "ping_n": 73, "ping_p50": 15.2, "ping_p95": 90.9, "ping_p99": 94.3, "ping_tx": null, "ping_rx": null, "ping_loss": null, "wait_tun": null, "wait_paused": null, "wait_pace": null, "wait_gen": null, "wait_nack": null, "wait_defc": null, "wait_tail": null, "wait_flush": null, "wait_lines": 0, "deadwall": null, "dgq_hand": null, "dgq_full": null, "dgq_gap": null, "tc_bytes": null, "tc_pkts": null, "tc_drop": null, "tc_s": null}
LIVENESS c8L-AU rep=8 cli=[   ] srv=[   ] actDS=/ divDS=/ actU=/ ackdiag=/ (expect ds=0 u=1)
ABORT c8L-AU rep=8 (no [GATES] on either endpoint)
QCAP-MISSING c8L-AU rep=8
=== ARMCOUNTS 2026-08-12T05:14:40Z
ARMCOUNT c8-AU n=8/8
ARMCOUNT c8-AUR n=8/8
ARMCOUNT c8L-AU n=8/8
MODEHUNT-BATTERY-DONE seed=7 2026-08-12T05:14:40Z
