=== COMPOSED-CAP BATTERY seed=42 reps=1 smallreps=1 cells='c8 sc2' arms='A C' 2026-08-12T21:37:59Z
=== CONTRACT goal-gate "Composed-Cap Battery — VM PRE-REGISTRATION" (commit 1e09c00)
=== ARMS A = shipped default | C = RWM_COMPOSED_CAP=1 (three-term pool + unified live set at the brake + late-stage per-path brake on the path's OWN cwnd)
=== READOUTS [CCAP] eng/cap/mem/floor/brake and [WALL] onset/dur_ms — NOT the tick-share flag, which is a WITNESS scored on nothing
=== binary sha256 9093c5ac539c45d5353494481295c1417c57bc52bc8eab25511d2bbb71b93d47
=== source e878ee2a7df89755a6b95277e32b248b877bdbe3 feat/composed-battery (engine == main@da37555)
=== kernel 7.0.14-101.fc43.x86_64
=== uptime/load  23:37:59 up 2 days,  7:57,  6 users,  load average: 1.09, 1.21, 0.70
=== co-tenant 0
0 kwin_x11 / 1 sddm (desktop session, recorded per era honesty)
Model name:                              Intel(R) Xeon(R) CPU E5-2650 v3 @ 2.30GHz
aes avx2 pclmulqdq 
=== rep=1 arm=c8-A seed=42 env="" cell=c2/c3/dual bytes=25000000 21:37:59
[2m2026-08-12T21:38:01.548028Z[0m [32m INFO[0m [2mraptorpath::gates[0m[2m:[0m [GATES] RWM_UNIFIED=1 RWM_UNIFIED_SHED=1 RWM_TAPER_R=1 RWM_ASTAR_ANCHOR=1 RWM_MSTAR_ANCHOR=1 RWM_PLAIN_RS=0 RWM_HONEST_ANCHOR=1 RWM_HONEST_K=0 RWM_STORE_SACK_RELEASE=1 RWM_STORE_PATHS=1 RWM_STORE_PATH_POOL=2048 RWM_STORE=unset RWM_STORE_GAIN=2 RWM_STORE_BOOT=128 RWM_STORE_CAPW=0 RWM_STORE_CAP_UNIFIED=0 RWM_THREE_TERM=0 RWM_COMPOSED_CAP=0 RWM_STORE_PERCAP=0 RWM_PERCAP_GUARD=1 RWM_STORE_BORROW=0 RWM_HONEST_CAP=1 RWM_POOL_ANCHOR=0 RWM_POOL_DELIV=0 RWM_FLOOR_BOUND=0 RWM_ACK_MERGE=1 RWM_PATIENCE_DERIVED=0 RWM_SIDLE_DERIVED=0 RWM_WIN_DECOUPLE=0 RWM_PLACE_SLACK=0 RWM_GEN=384 RWM_PIPELINE=2 RWM_GEN_PIPE=1 RWM_GEN_R=unset RWM_GEN_RATE=9000 RWM_GEN_RATE_FLOOR=2000 RWM_GEN_INFLIGHT=unset RWM_OOO_RETAIN=0/16 RWM_WINDOW=unset RWM_REPORT_GENS=unset RWM_REPAIR_WAIT=unset RWM_CODED_SRC=0 RWM_NO_REACTIVE=0 RWM_XPATH_REPAIR=0 RWM_PROACTIVE_PACER=0 RWM_REASM_BDP=0 RWM_MIN_R=0 RWM_CC_PACE=0 RWM_CC_PACE_HR=1.1 RWM_REACT_CAP=unset RWM_INFL_CAP=0 RWM_INFL_BDP=unset RWM_COPA_FEED=0 RWM_RS_ATTR=1 RWM_EMIT_BATCH=0 RWM_EMIT_BURST=64 RWM_RECOV_MP=1 RWM_RECOV_MP_LAW=1 RWM_RECOV_MP_LIVE=0 RWM_RECOV_SP=0 RWM_DERIVED_SWEEP=0 RWM_DIAG=1 RWM_ACKDIAG=1 RWM_WALLDIAG=1 RWM_RDIAG=0 RWM_FDIAG=0 RWM_TRACE=0 RWM_PFRAC=0
{"bytes":25000000,"dnf":0,"hint":"bulk","max_s":2.0964,"mean_mbps":95.402,"mean_s":2.0964,"median_s":2.0964,"min_s":2.0964,"proto":"rp-native","runs":1,"stdev_s":0.0,"summary":true}
    LATPROBE: /tmp/rwm-ping.txt 49 replies
    CPU: CPUSRV=2.16s CPUCLI=2.26s (srv=decoder cli=sender; whole-invocation incl warmup)
    QDISC cli0: qdisc netem a303: root refcnt 7 limit 1000 delay 5ms  3ms loss gemodel p 1.3% r 50% 1-h 100% 1-k 0% rate 100Mbit seed 42  Sent 25052276 bytes 19578 pkt (dropped 82, overlimits 0 requeues 0)   backlog 0b 0p requeues 0 
    QDISC cli1: qdisc netem a304: root refcnt 7 limit 1000 delay 20ms  5ms loss gemodel p 2% r 40% 1-h 100% 1-k 0% rate 20Mbit seed 42  Sent 4301485 bytes 3914 pkt (dropped 91, overlimits 0 requeues 0)   backlog 0b 0p requeues 0 
    QDISC srv0: qdisc netem a305: root refcnt 7 limit 1000 delay 5ms  3ms rate 100Mbit seed 10947496061046405715  Sent 2722485 bytes 15202 pkt (dropped 0, overlimits 0 requeues 0)   backlog 0b 0p requeues 0 
    QDISC srv1: qdisc netem a306: root refcnt 7 limit 1000 delay 20ms  5ms rate 20Mbit seed 5311422694176934957  Sent 687678 bytes 3579 pkt (dropped 0, overlimits 0 requeues 0)   backlog 0b 0p requeues 0 
    QCAP: /tmp/rwm-q.txt 18 lines
RUNTIME c8-A rep=1 5s
CCAPRESULT {"cell": "c8", "arm": "A", "seed": 42, "rep": 1, "dnf": false, "dnf_count": 0, "mbps": 95.402, "seconds": 2.096, "n_runs": 1, "cpusrv": 2.16, "cpucli": 2.26, "khr_med": 1.0, "kraw_med": null, "khr_n": 10, "kraw_n": 0, "rtp_med": 11, "occ_p50": 3983, "occcap_p50": 4096, "q_p50": 392, "q_p99": 704, "diag_lines": 8, "retx": 1478, "gates_cli_cc": 0, "gates_srv_cc": 0, "gates_cli_wall": 1, "gates_srv_wall": 1, "gates_cli_ack": 1, "gates_srv_ack": 1, "gates_cli_diag": 1, "gates_srv_diag": 1, "gates_cli_u": 0, "gates_srv_u": 0, "gates_cli_3t": 0, "gates_srv_3t": 0, "gates_cli_mp": 1, "gates_srv_mp": 1, "gates_lines_cli": 1, "gates_lines_srv": 1, "active_3t_cli": 0, "active_3t_srv": 0, "active_u_cli": 0, "active_u_srv": 0, "ccap_lines": 0, "ccap_eng_n": null, "ccap_eng_d": null, "ccap_eng": null, "ccap_cap": null, "ccap_mem": null, "ccap_floor": null, "ccap_floor_val": null, "ccap_brake_closed": null, "ccap_brake_ticks": null, "ccap_brake": null, "wall_lines": 1, "wall_onset": 0.799, "wall_dur_ms": 430.9, "wall_retx": 93, "wall_total_ms": 2143.6, "wall_it_ms": 0.098, "ackdiag_lines_cli": 2, "ackdiag_lines_srv": 2, "sf_ticks": 305, "sf_E": 0.7902, "sf_short": 0.3508, "sf_zero": 0.0689, "capboot_n": 5, "capboot_frac": 0.0, "ping_n": 49, "ping_p50": 64.5, "ping_p95": 104.0, "ping_p99": 106.0, "ping_tx": null, "ping_rx": null, "ping_loss": null, "wait_tun": 60, "wait_paused": 9, "wait_pace": 0, "wait_gen": 0, "wait_nack": 23, "wait_defc": 0, "wait_tail": 1, "wait_flush": 0, "wait_lines": 5, "deadwall": false, "dgq_hand": 23096, "dgq_full": 0, "dgq_gap": 97, "tc_bytes": 29353761, "tc_pkts": 23492, "tc_drop": 173, "tc_s": 5}
LIVENESS c8-A rep=1 cli=[RWM_COMPOSED_CAP=0 RWM_WALLDIAG=1 RWM_ACKDIAG=1 RWM_THREE_TERM=0 RWM_STORE_CAP_UNIFIED=0 RWM_RECOV_MP=1] srv=[RWM_COMPOSED_CAP=0 RWM_WALLDIAG=1 RWM_ACKDIAG=1 RWM_THREE_TERM=0 RWM_STORE_CAP_UNIFIED=0 RWM_RECOV_MP=1] act3T=0/0 actU=0/0 ackdiag=2 ccap=0 wall=1 (expect cc=0)
WALLLINE c8-A rep=1 [WALL] onset=0.7990 dur_ms=430.9 retx=93 total_ms=2143.6 it_ms=0.098
=== rep=1 arm=c8-C seed=42 env="RWM_COMPOSED_CAP=1" cell=c2/c3/dual bytes=25000000 21:38:04
[2m2026-08-12T21:38:06.430223Z[0m [32m INFO[0m [2mraptorpath::gates[0m[2m:[0m [GATES] RWM_UNIFIED=1 RWM_UNIFIED_SHED=1 RWM_TAPER_R=1 RWM_ASTAR_ANCHOR=1 RWM_MSTAR_ANCHOR=1 RWM_PLAIN_RS=0 RWM_HONEST_ANCHOR=1 RWM_HONEST_K=0 RWM_STORE_SACK_RELEASE=1 RWM_STORE_PATHS=1 RWM_STORE_PATH_POOL=2048 RWM_STORE=unset RWM_STORE_GAIN=2 RWM_STORE_BOOT=128 RWM_STORE_CAPW=0 RWM_STORE_CAP_UNIFIED=0 RWM_THREE_TERM=0 RWM_COMPOSED_CAP=1 RWM_STORE_PERCAP=0 RWM_PERCAP_GUARD=1 RWM_STORE_BORROW=0 RWM_HONEST_CAP=1 RWM_POOL_ANCHOR=0 RWM_POOL_DELIV=0 RWM_FLOOR_BOUND=0 RWM_ACK_MERGE=1 RWM_PATIENCE_DERIVED=0 RWM_SIDLE_DERIVED=0 RWM_WIN_DECOUPLE=0 RWM_PLACE_SLACK=0 RWM_GEN=384 RWM_PIPELINE=2 RWM_GEN_PIPE=1 RWM_GEN_R=unset RWM_GEN_RATE=9000 RWM_GEN_RATE_FLOOR=2000 RWM_GEN_INFLIGHT=unset RWM_OOO_RETAIN=0/16 RWM_WINDOW=unset RWM_REPORT_GENS=unset RWM_REPAIR_WAIT=unset RWM_CODED_SRC=0 RWM_NO_REACTIVE=0 RWM_XPATH_REPAIR=0 RWM_PROACTIVE_PACER=0 RWM_REASM_BDP=0 RWM_MIN_R=0 RWM_CC_PACE=0 RWM_CC_PACE_HR=1.1 RWM_REACT_CAP=unset RWM_INFL_CAP=0 RWM_INFL_BDP=unset RWM_COPA_FEED=0 RWM_RS_ATTR=1 RWM_EMIT_BATCH=0 RWM_EMIT_BURST=64 RWM_RECOV_MP=1 RWM_RECOV_MP_LAW=1 RWM_RECOV_MP_LIVE=0 RWM_RECOV_SP=0 RWM_DERIVED_SWEEP=0 RWM_DIAG=1 RWM_ACKDIAG=1 RWM_WALLDIAG=1 RWM_RDIAG=0 RWM_FDIAG=0 RWM_TRACE=0 RWM_PFRAC=0
{"bytes":25000000,"dnf":0,"hint":"bulk","max_s":2.3544,"mean_mbps":84.947,"mean_s":2.3544,"median_s":2.3544,"min_s":2.3544,"proto":"rp-native","runs":1,"stdev_s":0.0,"summary":true}
    LATPROBE: /tmp/rwm-ping.txt 55 replies
    CPU: CPUSRV=2.16s CPUCLI=2.30s (srv=decoder cli=sender; whole-invocation incl warmup)
    QDISC cli0: qdisc netem a307: root refcnt 7 limit 1000 delay 5ms  3ms loss gemodel p 1.3% r 50% 1-h 100% 1-k 0% rate 100Mbit seed 42  Sent 24314469 bytes 19022 pkt (dropped 86, overlimits 0 requeues 0)   backlog 0b 0p requeues 0 
    QDISC cli1: qdisc netem a308: root refcnt 7 limit 1000 delay 20ms  5ms loss gemodel p 2% r 40% 1-h 100% 1-k 0% rate 20Mbit seed 42  Sent 5209591 bytes 4764 pkt (dropped 98, overlimits 0 requeues 0)   backlog 0b 0p requeues 0 
    QDISC srv0: qdisc netem a309: root refcnt 7 limit 1000 delay 5ms  3ms rate 100Mbit seed 13851117714348020344  Sent 2664416 bytes 14524 pkt (dropped 0, overlimits 0 requeues 0)   backlog 0b 0p requeues 0 
    QDISC srv1: qdisc netem a30a: root refcnt 7 limit 1000 delay 20ms  5ms rate 20Mbit seed 7456683700119856889  Sent 815381 bytes 4064 pkt (dropped 0, overlimits 0 requeues 0)   backlog 0b 0p requeues 0 
    QCAP: /tmp/rwm-q.txt 18 lines
RUNTIME c8-C rep=1 5s
CCAPRESULT {"cell": "c8", "arm": "C", "seed": 42, "rep": 1, "dnf": false, "dnf_count": 0, "mbps": 84.947, "seconds": 2.354, "n_runs": 1, "cpusrv": 2.16, "cpucli": 2.3, "khr_med": 1.16, "kraw_med": null, "khr_n": 11, "kraw_n": 0, "rtp_med": 38, "occ_p50": 3993, "occcap_p50": 4096, "q_p50": 369, "q_p99": 700, "diag_lines": 9, "retx": 1572, "gates_cli_cc": 1, "gates_srv_cc": 1, "gates_cli_wall": 1, "gates_srv_wall": 1, "gates_cli_ack": 1, "gates_srv_ack": 1, "gates_cli_diag": 1, "gates_srv_diag": 1, "gates_cli_u": 0, "gates_srv_u": 0, "gates_cli_3t": 0, "gates_srv_3t": 0, "gates_cli_mp": 1, "gates_srv_mp": 1, "gates_lines_cli": 1, "gates_lines_srv": 1, "active_3t_cli": 1, "active_3t_srv": 1, "active_u_cli": 0, "active_u_srv": 0, "ccap_lines": 1, "ccap_eng_n": 343, "ccap_eng_d": 372, "ccap_eng": 0.922, "ccap_cap": 3804.9, "ccap_mem": 1.0, "ccap_floor": 0.0, "ccap_floor_val": 64, "ccap_brake_closed": 235, "ccap_brake_ticks": 21922, "ccap_brake": 0.0107, "wall_lines": 1, "wall_onset": 1.0, "wall_dur_ms": 0.0, "wall_retx": 0, "wall_total_ms": 2383.7, "wall_it_ms": 0.109, "ackdiag_lines_cli": 2, "ackdiag_lines_srv": 2, "sf_ticks": 333, "sf_E": 0.6952, "sf_short": 0.5285, "sf_zero": 0.0811, "capboot_n": 6, "capboot_frac": 0.0, "ping_n": 55, "ping_p50": 48.5, "ping_p95": 80.1, "ping_p99": 80.6, "ping_tx": null, "ping_rx": null, "ping_loss": null, "wait_tun": 58, "wait_paused": 5, "wait_pace": 0, "wait_gen": 0, "wait_nack": 20, "wait_defc": 0, "wait_tail": 0, "wait_flush": 0, "wait_lines": 6, "deadwall": false, "dgq_hand": 23202, "dgq_full": 0, "dgq_gap": 18, "tc_bytes": 29524060, "tc_pkts": 23786, "tc_drop": 184, "tc_s": 5}
LIVENESS c8-C rep=1 cli=[RWM_COMPOSED_CAP=1 RWM_WALLDIAG=1 RWM_ACKDIAG=1 RWM_THREE_TERM=0 RWM_STORE_CAP_UNIFIED=0 RWM_RECOV_MP=1] srv=[RWM_COMPOSED_CAP=1 RWM_WALLDIAG=1 RWM_ACKDIAG=1 RWM_THREE_TERM=0 RWM_STORE_CAP_UNIFIED=0 RWM_RECOV_MP=1] act3T=1/1 actU=0/0 ackdiag=2 ccap=1 wall=1 (expect cc=1)
CCAPLINE c8-C rep=1 [CCAP] eng=343/372 cap=3804.9 mem=1.0000 floor=0.0000 floor_val=64 brake=235/21922 brake_frac=0.0107
WALLLINE c8-C rep=1 [WALL] onset=1.0000 dur_ms=0.0 retx=0 total_ms=2383.7 it_ms=0.109
=== rep=1 arm=sc2-A seed=42 env="" cell=c2/c2/single bytes=100000000 21:38:09
[2m2026-08-12T21:38:11.196941Z[0m [32m INFO[0m [2mraptorpath::gates[0m[2m:[0m [GATES] RWM_UNIFIED=1 RWM_UNIFIED_SHED=1 RWM_TAPER_R=1 RWM_ASTAR_ANCHOR=1 RWM_MSTAR_ANCHOR=1 RWM_PLAIN_RS=0 RWM_HONEST_ANCHOR=1 RWM_HONEST_K=0 RWM_STORE_SACK_RELEASE=1 RWM_STORE_PATHS=1 RWM_STORE_PATH_POOL=2048 RWM_STORE=unset RWM_STORE_GAIN=2 RWM_STORE_BOOT=128 RWM_STORE_CAPW=0 RWM_STORE_CAP_UNIFIED=0 RWM_THREE_TERM=0 RWM_COMPOSED_CAP=0 RWM_STORE_PERCAP=0 RWM_PERCAP_GUARD=1 RWM_STORE_BORROW=0 RWM_HONEST_CAP=1 RWM_POOL_ANCHOR=0 RWM_POOL_DELIV=0 RWM_FLOOR_BOUND=0 RWM_ACK_MERGE=1 RWM_PATIENCE_DERIVED=0 RWM_SIDLE_DERIVED=0 RWM_WIN_DECOUPLE=0 RWM_PLACE_SLACK=0 RWM_GEN=384 RWM_PIPELINE=2 RWM_GEN_PIPE=1 RWM_GEN_R=unset RWM_GEN_RATE=9000 RWM_GEN_RATE_FLOOR=2000 RWM_GEN_INFLIGHT=unset RWM_OOO_RETAIN=0/16 RWM_WINDOW=unset RWM_REPORT_GENS=unset RWM_REPAIR_WAIT=unset RWM_CODED_SRC=0 RWM_NO_REACTIVE=0 RWM_XPATH_REPAIR=0 RWM_PROACTIVE_PACER=0 RWM_REASM_BDP=0 RWM_MIN_R=0 RWM_CC_PACE=0 RWM_CC_PACE_HR=1.1 RWM_REACT_CAP=unset RWM_INFL_CAP=0 RWM_INFL_BDP=unset RWM_COPA_FEED=0 RWM_RS_ATTR=1 RWM_EMIT_BATCH=0 RWM_EMIT_BURST=64 RWM_RECOV_MP=1 RWM_RECOV_MP_LAW=1 RWM_RECOV_MP_LIVE=0 RWM_RECOV_SP=0 RWM_DERIVED_SWEEP=0 RWM_DIAG=1 RWM_ACKDIAG=1 RWM_WALLDIAG=1 RWM_RDIAG=0 RWM_FDIAG=0 RWM_TRACE=0 RWM_PFRAC=0
{"bytes":100000000,"dnf":0,"hint":"bulk","max_s":9.2028,"mean_mbps":86.93,"mean_s":9.2028,"median_s":9.2028,"min_s":9.2028,"proto":"rp-native","runs":1,"stdev_s":0.0,"summary":true}
    LATPROBE: /tmp/rwm-ping.txt 171 replies
    CPU: CPUSRV=6.81s CPUCLI=6.05s (srv=decoder cli=sender; whole-invocation incl warmup)
    QDISC cli0: qdisc netem a30b: root refcnt 7 limit 1000 delay 5ms  3ms loss gemodel p 1.3% r 50% 1-h 100% 1-k 0% rate 100Mbit seed 42  Sent 111935684 bytes 93873 pkt (dropped 580, overlimits 0 requeues 0)   backlog 0b 0p requeues 0 
    QDISC cli1: qdisc netem a30c: root refcnt 7 limit 1000 delay 5ms  3ms loss gemodel p 1.3% r 50% 1-h 100% 1-k 0% rate 100Mbit seed 42  Sent 776 bytes 10 pkt (dropped 0, overlimits 0 requeues 0)   backlog 0b 0p requeues 0 
    QDISC srv0: qdisc netem a30d: root refcnt 7 limit 1000 delay 5ms  3ms rate 100Mbit seed 1404098668679277539  Sent 11273950 bytes 65189 pkt (dropped 0, overlimits 0 requeues 0)   backlog 0b 0p requeues 0 
    QDISC srv1: qdisc netem a30e: root refcnt 7 limit 1000 delay 5ms  3ms rate 100Mbit seed 12583128487147534799  Sent 866 bytes 11 pkt (dropped 0, overlimits 0 requeues 0)   backlog 0b 0p requeues 0 
    QCAP: /tmp/rwm-q.txt 18 lines
RUNTIME sc2-A rep=1 11s
CCAPRESULT {"cell": "sc2", "arm": "A", "seed": 42, "rep": 1, "dnf": false, "dnf_count": 0, "mbps": 86.93, "seconds": 9.203, "n_runs": 1, "cpusrv": 6.81, "cpucli": 6.05, "khr_med": 1.0, "kraw_med": null, "khr_n": 33, "kraw_n": 0, "rtp_med": 11, "occ_p50": 1011, "occcap_p50": 1024, "q_p50": 92, "q_p99": 97, "diag_lines": 36, "retx": 3085, "gates_cli_cc": 0, "gates_srv_cc": 0, "gates_cli_wall": 1, "gates_srv_wall": 1, "gates_cli_ack": 1, "gates_srv_ack": 1, "gates_cli_diag": 1, "gates_srv_diag": 1, "gates_cli_u": 0, "gates_srv_u": 0, "gates_cli_3t": 0, "gates_srv_3t": 0, "gates_cli_mp": 1, "gates_srv_mp": 1, "gates_lines_cli": 1, "gates_lines_srv": 1, "active_3t_cli": 0, "active_3t_srv": 0, "active_u_cli": 0, "active_u_srv": 0, "ccap_lines": 0, "ccap_eng_n": null, "ccap_eng_d": null, "ccap_eng": null, "ccap_cap": null, "ccap_mem": null, "ccap_floor": null, "ccap_floor_val": null, "ccap_brake_closed": null, "ccap_brake_ticks": null, "ccap_brake": null, "wall_lines": 1, "wall_onset": 0.9911, "wall_dur_ms": 82.0, "wall_retx": 15, "wall_total_ms": 9214.8, "wall_it_ms": 0.102, "ackdiag_lines_cli": 4, "ackdiag_lines_srv": 4, "sf_ticks": 1424, "sf_E": 0.9101, "sf_short": 0.0899, "sf_zero": 0.0899, "capboot_n": 33, "capboot_frac": 0.0, "ping_n": 171, "ping_p50": 101.0, "ping_p95": 106.0, "ping_p99": 107.0, "ping_tx": null, "ping_rx": null, "ping_loss": null, "wait_tun": 30, "wait_paused": 39, "wait_pace": 0, "wait_gen": 0, "wait_nack": 30, "wait_defc": 0, "wait_tail": 1, "wait_flush": 0, "wait_lines": 33, "deadwall": false, "dgq_hand": 87480, "dgq_full": 0, "dgq_gap": 7, "tc_bytes": 111937640, "tc_pkts": 93885, "tc_drop": 580, "tc_s": 11}
LIVENESS sc2-A rep=1 cli=[RWM_COMPOSED_CAP=0 RWM_WALLDIAG=1 RWM_ACKDIAG=1 RWM_THREE_TERM=0 RWM_STORE_CAP_UNIFIED=0 RWM_RECOV_MP=1] srv=[RWM_COMPOSED_CAP=0 RWM_WALLDIAG=1 RWM_ACKDIAG=1 RWM_THREE_TERM=0 RWM_STORE_CAP_UNIFIED=0 RWM_RECOV_MP=1] act3T=0/0 actU=0/0 ackdiag=4 ccap=0 wall=1 (expect cc=0)
WALLLINE sc2-A rep=1 [WALL] onset=0.9911 dur_ms=82.0 retx=15 total_ms=9214.8 it_ms=0.102
=== rep=1 arm=sc2-C seed=42 env="RWM_COMPOSED_CAP=1" cell=c2/c2/single bytes=100000000 21:38:20
[2m2026-08-12T21:38:22.412776Z[0m [32m INFO[0m [2mraptorpath::gates[0m[2m:[0m [GATES] RWM_UNIFIED=1 RWM_UNIFIED_SHED=1 RWM_TAPER_R=1 RWM_ASTAR_ANCHOR=1 RWM_MSTAR_ANCHOR=1 RWM_PLAIN_RS=0 RWM_HONEST_ANCHOR=1 RWM_HONEST_K=0 RWM_STORE_SACK_RELEASE=1 RWM_STORE_PATHS=1 RWM_STORE_PATH_POOL=2048 RWM_STORE=unset RWM_STORE_GAIN=2 RWM_STORE_BOOT=128 RWM_STORE_CAPW=0 RWM_STORE_CAP_UNIFIED=0 RWM_THREE_TERM=0 RWM_COMPOSED_CAP=1 RWM_STORE_PERCAP=0 RWM_PERCAP_GUARD=1 RWM_STORE_BORROW=0 RWM_HONEST_CAP=1 RWM_POOL_ANCHOR=0 RWM_POOL_DELIV=0 RWM_FLOOR_BOUND=0 RWM_ACK_MERGE=1 RWM_PATIENCE_DERIVED=0 RWM_SIDLE_DERIVED=0 RWM_WIN_DECOUPLE=0 RWM_PLACE_SLACK=0 RWM_GEN=384 RWM_PIPELINE=2 RWM_GEN_PIPE=1 RWM_GEN_R=unset RWM_GEN_RATE=9000 RWM_GEN_RATE_FLOOR=2000 RWM_GEN_INFLIGHT=unset RWM_OOO_RETAIN=0/16 RWM_WINDOW=unset RWM_REPORT_GENS=unset RWM_REPAIR_WAIT=unset RWM_CODED_SRC=0 RWM_NO_REACTIVE=0 RWM_XPATH_REPAIR=0 RWM_PROACTIVE_PACER=0 RWM_REASM_BDP=0 RWM_MIN_R=0 RWM_CC_PACE=0 RWM_CC_PACE_HR=1.1 RWM_REACT_CAP=unset RWM_INFL_CAP=0 RWM_INFL_BDP=unset RWM_COPA_FEED=0 RWM_RS_ATTR=1 RWM_EMIT_BATCH=0 RWM_EMIT_BURST=64 RWM_RECOV_MP=1 RWM_RECOV_MP_LAW=1 RWM_RECOV_MP_LIVE=0 RWM_RECOV_SP=0 RWM_DERIVED_SWEEP=0 RWM_DIAG=1 RWM_ACKDIAG=1 RWM_WALLDIAG=1 RWM_RDIAG=0 RWM_FDIAG=0 RWM_TRACE=0 RWM_PFRAC=0
{"bytes":100000000,"dnf":0,"hint":"bulk","max_s":9.0998,"mean_mbps":87.914,"mean_s":9.0998,"median_s":9.0998,"min_s":9.0998,"proto":"rp-native","runs":1,"stdev_s":0.0,"summary":true}
    LATPROBE: /tmp/rwm-ping.txt 170 replies
    CPU: CPUSRV=6.96s CPUCLI=6.51s (srv=decoder cli=sender; whole-invocation incl warmup)
    QDISC cli0: qdisc netem a30f: root refcnt 7 limit 1000 delay 5ms  3ms loss gemodel p 1.3% r 50% 1-h 100% 1-k 0% rate 100Mbit seed 42  Sent 111788511 bytes 87426 pkt (dropped 387, overlimits 0 requeues 0)   backlog 0b 0p requeues 0 
    QDISC cli1: qdisc netem a310: root refcnt 7 limit 1000 delay 5ms  3ms loss gemodel p 1.3% r 50% 1-h 100% 1-k 0% rate 100Mbit seed 42  Sent 776 bytes 10 pkt (dropped 0, overlimits 0 requeues 0)   backlog 0b 0p requeues 0 
    QDISC srv0: qdisc netem a311: root refcnt 7 limit 1000 delay 5ms  3ms rate 100Mbit seed 4873383428575612312  Sent 11327968 bytes 64781 pkt (dropped 0, overlimits 0 requeues 0)   backlog 0b 0p requeues 0 
    QDISC srv1: qdisc netem a312: root refcnt 7 limit 1000 delay 5ms  3ms rate 100Mbit seed 15056514483402811227  Sent 866 bytes 11 pkt (dropped 0, overlimits 0 requeues 0)   backlog 0b 0p requeues 0 
    QCAP: /tmp/rwm-q.txt 18 lines
RUNTIME sc2-C rep=1 11s
CCAPRESULT {"cell": "sc2", "arm": "C", "seed": 42, "rep": 1, "dnf": false, "dnf_count": 0, "mbps": 87.914, "seconds": 9.1, "n_runs": 1, "cpusrv": 6.96, "cpucli": 6.51, "khr_med": 1.11, "kraw_med": null, "khr_n": 31, "kraw_n": 0, "rtp_med": 9, "occ_p50": 2466, "occcap_p50": 2723, "q_p50": 257, "q_p99": 278, "diag_lines": 36, "retx": 3178, "gates_cli_cc": 1, "gates_srv_cc": 1, "gates_cli_wall": 1, "gates_srv_wall": 1, "gates_cli_ack": 1, "gates_srv_ack": 1, "gates_cli_diag": 1, "gates_srv_diag": 1, "gates_cli_u": 0, "gates_srv_u": 0, "gates_cli_3t": 0, "gates_srv_3t": 0, "gates_cli_mp": 1, "gates_srv_mp": 1, "gates_lines_cli": 1, "gates_lines_srv": 1, "active_3t_cli": 1, "active_3t_srv": 1, "active_u_cli": 0, "active_u_srv": 0, "ccap_lines": 1, "ccap_eng_n": 1595, "ccap_eng_d": 1605, "ccap_eng": 0.9938, "ccap_cap": 2203.8, "ccap_mem": 0.0, "ccap_floor": 0.0, "ccap_floor_val": 64, "ccap_brake_closed": 3149, "ccap_brake_ticks": 89885, "ccap_brake": 0.035, "wall_lines": 1, "wall_onset": 1.0, "wall_dur_ms": 0.0, "wall_retx": 0, "wall_total_ms": 9114.5, "wall_it_ms": 0.101, "ackdiag_lines_cli": 4, "ackdiag_lines_srv": 4, "sf_ticks": 1426, "sf_E": 0.9691, "sf_short": 0.0309, "sf_zero": 0.0309, "capboot_n": 33, "capboot_frac": 0.0, "ping_n": 170, "ping_p50": 98.7, "ping_p95": 105.0, "ping_p99": 107.0, "ping_tx": null, "ping_rx": null, "ping_loss": null, "wait_tun": 39, "wait_paused": 28, "wait_pace": 0, "wait_gen": 0, "wait_nack": 30, "wait_defc": 0, "wait_tail": 3, "wait_flush": 0, "wait_lines": 33, "deadwall": false, "dgq_hand": 88365, "dgq_full": 0, "dgq_gap": 0, "tc_bytes": 111789487, "tc_pkts": 87438, "tc_drop": 387, "tc_s": 11}
LIVENESS sc2-C rep=1 cli=[RWM_COMPOSED_CAP=1 RWM_WALLDIAG=1 RWM_ACKDIAG=1 RWM_THREE_TERM=0 RWM_STORE_CAP_UNIFIED=0 RWM_RECOV_MP=1] srv=[RWM_COMPOSED_CAP=1 RWM_WALLDIAG=1 RWM_ACKDIAG=1 RWM_THREE_TERM=0 RWM_STORE_CAP_UNIFIED=0 RWM_RECOV_MP=1] act3T=1/1 actU=0/0 ackdiag=4 ccap=1 wall=1 (expect cc=1)
CCAPLINE sc2-C rep=1 [CCAP] eng=1595/1605 cap=2203.8 mem=0.0000 floor=0.0000 floor_val=64 brake=3149/89885 brake_frac=0.0350
WALLLINE sc2-C rep=1 [WALL] onset=1.0000 dur_ms=0.0 retx=0 total_ms=9114.5 it_ms=0.101
=== ARMCOUNTS (rows, NOT live n — see ccap_report.py) 2026-08-12T21:38:32Z
ARMCOUNT c8-A rows=1/1
ARMCOUNT c8-C rows=1/1
ARMCOUNT sc2-A rows=1/1
ARMCOUNT sc2-C rows=1/1
CCAP-BATTERY-DONE seed=42 2026-08-12T21:38:32Z
