=== UNI ATTRIBUTION+FLIP BATTERY seed=42 reps=1 c1reps=1 cells='c8' arms='A AU AL ALU' 2026-08-11T11:26:55Z
=== binary sha256 36c109677cb2e50fbdff3dc968021dac4db33c3c7c7cb0f02e40b799fd32944c
=== source bbd863dfe6fb3649a60db9af20930cf082a18e63
=== kernel 7.0.14-101.fc43.x86_64
=== uptime/load  13:26:55 up 21:46,  6 users,  load average: 0.39, 0.18, 0.13
Model name:                              Intel(R) Xeon(R) CPU E5-2650 v3 @ 2.30GHz
aes avx2 pclmulqdq 
=== rep=1 arm=c8-A seed=42 env="" cell=c2/c3/dual bytes=25000000 11:26:55
[2m2026-08-11T11:26:57.639174Z[0m [32m INFO[0m [2mraptorpath::gates[0m[2m:[0m [GATES] RWM_UNIFIED=1 RWM_UNIFIED_SHED=1 RWM_TAPER_R=1 RWM_ASTAR_ANCHOR=1 RWM_MSTAR_ANCHOR=1 RWM_PLAIN_RS=0 RWM_HONEST_ANCHOR=1 RWM_HONEST_K=0 RWM_STORE_SACK_RELEASE=1 RWM_STORE_PATHS=1 RWM_STORE_PATH_POOL=2048 RWM_STORE=unset RWM_STORE_GAIN=2 RWM_STORE_BOOT=128 RWM_STORE_CAPW=0 RWM_STORE_CAP_UNIFIED=0 RWM_THREE_TERM=0 RWM_STORE_PERCAP=0 RWM_PERCAP_GUARD=1 RWM_STORE_BORROW=0 RWM_HONEST_CAP=1 RWM_POOL_ANCHOR=0 RWM_POOL_DELIV=0 RWM_FLOOR_BOUND=0 RWM_ACK_MERGE=1 RWM_PATIENCE_DERIVED=0 RWM_SIDLE_DERIVED=0 RWM_WIN_DECOUPLE=0 RWM_PLACE_SLACK=0 RWM_GEN=384 RWM_PIPELINE=2 RWM_GEN_PIPE=1 RWM_GEN_R=unset RWM_GEN_RATE=9000 RWM_GEN_RATE_FLOOR=2000 RWM_GEN_INFLIGHT=unset RWM_OOO_RETAIN=0/16 RWM_WINDOW=unset RWM_REPORT_GENS=unset RWM_REPAIR_WAIT=unset RWM_CODED_SRC=0 RWM_NO_REACTIVE=0 RWM_XPATH_REPAIR=0 RWM_PROACTIVE_PACER=0 RWM_REASM_BDP=0 RWM_MIN_R=0 RWM_CC_PACE=0 RWM_CC_PACE_HR=1.1 RWM_REACT_CAP=unset RWM_INFL_CAP=0 RWM_INFL_BDP=unset RWM_COPA_FEED=0 RWM_RS_ATTR=1 RWM_EMIT_BATCH=0 RWM_EMIT_BURST=64 RWM_RECOV_MP=1 RWM_RECOV_MP_LAW=1 RWM_RECOV_MP_LIVE=0 RWM_RECOV_SP=0 RWM_DIAG=1 RWM_RDIAG=0 RWM_FDIAG=0 RWM_TRACE=0 RWM_PFRAC=0
{"bytes":25000000,"dnf":0,"hint":"bulk","max_s":2.8147,"mean_mbps":71.056,"mean_s":2.8147,"median_s":2.8147,"min_s":2.8147,"proto":"rp-native","runs":1,"stdev_s":0.0,"summary":true}
    LATPROBE: /tmp/rwm-ping.txt 63 replies
    CPU: CPUSRV=2.17s CPUCLI=2.05s (srv=decoder cli=sender; whole-invocation incl warmup)
    QDISC cli0: qdisc netem 9527: root refcnt 7 limit 1000 delay 5ms  3ms loss gemodel p 1.3% r 50% 1-h 100% 1-k 0% rate 100Mbit seed 42  Sent 23591293 bytes 18454 pkt (dropped 86, overlimits 0 requeues 0)   backlog 0b 0p requeues 0 
    QDISC cli1: qdisc netem 9528: root refcnt 7 limit 1000 delay 20ms  5ms loss gemodel p 2% r 40% 1-h 100% 1-k 0% rate 20Mbit seed 42  Sent 6470420 bytes 5681 pkt (dropped 86, overlimits 0 requeues 0)   backlog 0b 0p requeues 0 
    QDISC srv0: qdisc netem 9529: root refcnt 7 limit 1000 delay 5ms  3ms rate 100Mbit seed 8904977382502042690  Sent 2826469 bytes 14566 pkt (dropped 0, overlimits 0 requeues 0)   backlog 0b 0p requeues 0 
    QDISC srv1: qdisc netem 952a: root refcnt 7 limit 1000 delay 20ms  5ms rate 20Mbit seed 5245170799733002205  Sent 823955 bytes 4592 pkt (dropped 0, overlimits 0 requeues 0)   backlog 0b 0p requeues 0 
    QCAP: /tmp/rwm-q.txt 18 lines
RUNTIME c8-A rep=1 6s
FLIPRESULT {"cell": "c8", "arm": "A", "seed": 42, "rep": 1, "dnf": false, "dnf_count": 0, "mbps": 71.056, "seconds": 2.815, "n_runs": 1, "cpusrv": 2.17, "cpucli": 2.05, "tt_eng1": 0, "cap_med": null, "window_med": null, "slack_med": null, "span_med": null, "swratio_med": null, "khr_med": 1.0, "kraw_med": null, "khr_n": 12, "kraw_n": 0, "rtp_med": 36, "occ_p50": 3149, "occcap_p50": 4096, "q_p50": 365, "q_p99": 1013, "diag_lines": 11, "retx": 2112, "gates_cli_3t": 0, "gates_srv_3t": 0, "gates_cli_rs": 0, "gates_srv_rs": 0, "gates_cli_ha": 1, "gates_srv_ha": 1, "gates_cli_hk": 0, "gates_srv_hk": 0, "gates_cli_u": 0, "gates_srv_u": 0, "gates_lines_cli": 1, "gates_lines_srv": 1, "active_3t_cli": 0, "active_ha_cli": 1, "active_ha_srv": 1, "active_hk_cli": 0, "active_hk_srv": 0, "active_u_cli": 0, "active_u_srv": 0, "sf_ticks": 339, "sf_E": 0.6814, "sf_short": 0.5959, "sf_zero": 0.0413, "capboot_n": 8, "capboot_frac": 0.0, "ping_n": 63, "ping_p50": 31.6, "ping_p95": 78.9, "ping_p99": 80.0, "ping_tx": null, "ping_rx": null, "ping_loss": null, "wait_tun": 25, "wait_paused": 18, "wait_pace": 0, "wait_gen": 0, "wait_nack": 62, "wait_defc": 0, "wait_tail": 2, "wait_flush": 0, "wait_lines": 8, "dgq_hand": 23785, "dgq_full": 0, "dgq_gap": 0, "tc_bytes": 30061713, "tc_pkts": 24135, "tc_drop": 172, "tc_s": 5}
LIVENESS c8-A rep=1 cli=[RWM_THREE_TERM=0 RWM_PLAIN_RS=0 RWM_HONEST_ANCHOR=1 RWM_HONEST_K=0 RWM_STORE_CAP_UNIFIED=0] srv=[RWM_THREE_TERM=0 RWM_PLAIN_RS=0 RWM_HONEST_ANCHOR=1 RWM_HONEST_K=0 RWM_STORE_CAP_UNIFIED=0] act3=0 actHA=1/1 actHK=0/0 actU=0/0 eng1=0 (expect 3t=0 rs=0 ha=1 hk=0 u=0)
=== rep=1 arm=c8-AU seed=42 env="RWM_STORE_CAP_UNIFIED=1" cell=c2/c3/dual bytes=25000000 11:27:01
[2m2026-08-11T11:27:03.128884Z[0m [32m INFO[0m [2mraptorpath::gates[0m[2m:[0m [GATES] RWM_UNIFIED=1 RWM_UNIFIED_SHED=1 RWM_TAPER_R=1 RWM_ASTAR_ANCHOR=1 RWM_MSTAR_ANCHOR=1 RWM_PLAIN_RS=0 RWM_HONEST_ANCHOR=1 RWM_HONEST_K=0 RWM_STORE_SACK_RELEASE=1 RWM_STORE_PATHS=1 RWM_STORE_PATH_POOL=2048 RWM_STORE=unset RWM_STORE_GAIN=2 RWM_STORE_BOOT=128 RWM_STORE_CAPW=0 RWM_STORE_CAP_UNIFIED=1 RWM_THREE_TERM=0 RWM_STORE_PERCAP=0 RWM_PERCAP_GUARD=1 RWM_STORE_BORROW=0 RWM_HONEST_CAP=1 RWM_POOL_ANCHOR=0 RWM_POOL_DELIV=0 RWM_FLOOR_BOUND=0 RWM_ACK_MERGE=1 RWM_PATIENCE_DERIVED=0 RWM_SIDLE_DERIVED=0 RWM_WIN_DECOUPLE=0 RWM_PLACE_SLACK=0 RWM_GEN=384 RWM_PIPELINE=2 RWM_GEN_PIPE=1 RWM_GEN_R=unset RWM_GEN_RATE=9000 RWM_GEN_RATE_FLOOR=2000 RWM_GEN_INFLIGHT=unset RWM_OOO_RETAIN=0/16 RWM_WINDOW=unset RWM_REPORT_GENS=unset RWM_REPAIR_WAIT=unset RWM_CODED_SRC=0 RWM_NO_REACTIVE=0 RWM_XPATH_REPAIR=0 RWM_PROACTIVE_PACER=0 RWM_REASM_BDP=0 RWM_MIN_R=0 RWM_CC_PACE=0 RWM_CC_PACE_HR=1.1 RWM_REACT_CAP=unset RWM_INFL_CAP=0 RWM_INFL_BDP=unset RWM_COPA_FEED=0 RWM_RS_ATTR=1 RWM_EMIT_BATCH=0 RWM_EMIT_BURST=64 RWM_RECOV_MP=1 RWM_RECOV_MP_LAW=1 RWM_RECOV_MP_LIVE=0 RWM_RECOV_SP=0 RWM_DIAG=1 RWM_RDIAG=0 RWM_FDIAG=0 RWM_TRACE=0 RWM_PFRAC=0
{"bytes":25000000,"dnf":0,"hint":"bulk","max_s":3.1403,"mean_mbps":63.689,"mean_s":3.1403,"median_s":3.1403,"min_s":3.1403,"proto":"rp-native","runs":1,"stdev_s":0.0,"summary":true}
    LATPROBE: /tmp/rwm-ping.txt 70 replies
    CPU: CPUSRV=2.19s CPUCLI=2.61s (srv=decoder cli=sender; whole-invocation incl warmup)
    QDISC cli0: qdisc netem 952b: root refcnt 7 limit 1000 delay 5ms  3ms loss gemodel p 1.3% r 50% 1-h 100% 1-k 0% rate 100Mbit seed 42  Sent 25005596 bytes 19656 pkt (dropped 86, overlimits 0 requeues 0)   backlog 0b 0p requeues 0 
    QDISC cli1: qdisc netem 952c: root refcnt 7 limit 1000 delay 20ms  5ms loss gemodel p 2% r 40% 1-h 100% 1-k 0% rate 20Mbit seed 42  Sent 5623946 bytes 4882 pkt (dropped 86, overlimits 0 requeues 0)   backlog 0b 0p requeues 0 
    QDISC srv0: qdisc netem 952d: root refcnt 7 limit 1000 delay 5ms  3ms rate 100Mbit seed 17197003091212946867  Sent 2732898 bytes 14995 pkt (dropped 0, overlimits 0 requeues 0)   backlog 0b 0p requeues 0 
    QDISC srv1: qdisc netem 952e: root refcnt 7 limit 1000 delay 20ms  5ms rate 20Mbit seed 6407300542842781884  Sent 809669 bytes 4202 pkt (dropped 0, overlimits 0 requeues 0)   backlog 0b 0p requeues 0 
    QCAP: /tmp/rwm-q.txt 18 lines
RUNTIME c8-AU rep=1 6s
FLIPRESULT {"cell": "c8", "arm": "AU", "seed": 42, "rep": 1, "dnf": false, "dnf_count": 0, "mbps": 63.689, "seconds": 3.14, "n_runs": 1, "cpusrv": 2.19, "cpucli": 2.61, "tt_eng1": 0, "cap_med": null, "window_med": null, "slack_med": null, "span_med": null, "swratio_med": null, "khr_med": 1.0, "kraw_med": null, "khr_n": 14, "kraw_n": 0, "rtp_med": 45, "occ_p50": 2043, "occcap_p50": 4096, "q_p50": 524, "q_p99": 1296, "diag_lines": 11, "retx": 2513, "gates_cli_3t": 0, "gates_srv_3t": 0, "gates_cli_rs": 0, "gates_srv_rs": 0, "gates_cli_ha": 1, "gates_srv_ha": 1, "gates_cli_hk": 0, "gates_srv_hk": 0, "gates_cli_u": 1, "gates_srv_u": 1, "gates_lines_cli": 1, "gates_lines_srv": 1, "active_3t_cli": 0, "active_ha_cli": 1, "active_ha_srv": 1, "active_hk_cli": 0, "active_hk_srv": 0, "active_u_cli": 1, "active_u_srv": 1, "sf_ticks": 285, "sf_E": 0.4333, "sf_short": 0.7614, "sf_zero": 0.3719, "capboot_n": 8, "capboot_frac": 0.0, "ping_n": 70, "ping_p50": 17.2, "ping_p95": 123.0, "ping_p99": 124.0, "ping_tx": null, "ping_rx": null, "ping_loss": null, "wait_tun": 45, "wait_paused": 0, "wait_pace": 0, "wait_gen": 0, "wait_nack": 54, "wait_defc": 0, "wait_tail": 1, "wait_flush": 0, "wait_lines": 8, "dgq_hand": 24168, "dgq_full": 0, "dgq_gap": 0, "tc_bytes": 30629542, "tc_pkts": 24538, "tc_drop": 172, "tc_s": 5}
LIVENESS c8-AU rep=1 cli=[RWM_THREE_TERM=0 RWM_PLAIN_RS=0 RWM_HONEST_ANCHOR=1 RWM_HONEST_K=0 RWM_STORE_CAP_UNIFIED=1] srv=[RWM_THREE_TERM=0 RWM_PLAIN_RS=0 RWM_HONEST_ANCHOR=1 RWM_HONEST_K=0 RWM_STORE_CAP_UNIFIED=1] act3=0 actHA=1/1 actHK=0/0 actU=1/1 eng1=0 (expect 3t=0 rs=0 ha=1 hk=0 u=1)
=== rep=1 arm=c8-AL seed=42 env="RWM_HONEST_ANCHOR=0" cell=c2/c3/dual bytes=25000000 11:27:07
[2m2026-08-11T11:27:09.138650Z[0m [32m INFO[0m [2mraptorpath::gates[0m[2m:[0m [GATES] RWM_UNIFIED=1 RWM_UNIFIED_SHED=1 RWM_TAPER_R=1 RWM_ASTAR_ANCHOR=1 RWM_MSTAR_ANCHOR=1 RWM_PLAIN_RS=0 RWM_HONEST_ANCHOR=0 RWM_HONEST_K=0 RWM_STORE_SACK_RELEASE=1 RWM_STORE_PATHS=1 RWM_STORE_PATH_POOL=2048 RWM_STORE=unset RWM_STORE_GAIN=2 RWM_STORE_BOOT=128 RWM_STORE_CAPW=0 RWM_STORE_CAP_UNIFIED=0 RWM_THREE_TERM=0 RWM_STORE_PERCAP=0 RWM_PERCAP_GUARD=1 RWM_STORE_BORROW=0 RWM_HONEST_CAP=1 RWM_POOL_ANCHOR=0 RWM_POOL_DELIV=0 RWM_FLOOR_BOUND=0 RWM_ACK_MERGE=1 RWM_PATIENCE_DERIVED=0 RWM_SIDLE_DERIVED=0 RWM_WIN_DECOUPLE=0 RWM_PLACE_SLACK=0 RWM_GEN=384 RWM_PIPELINE=2 RWM_GEN_PIPE=1 RWM_GEN_R=unset RWM_GEN_RATE=9000 RWM_GEN_RATE_FLOOR=2000 RWM_GEN_INFLIGHT=unset RWM_OOO_RETAIN=0/16 RWM_WINDOW=unset RWM_REPORT_GENS=unset RWM_REPAIR_WAIT=unset RWM_CODED_SRC=0 RWM_NO_REACTIVE=0 RWM_XPATH_REPAIR=0 RWM_PROACTIVE_PACER=0 RWM_REASM_BDP=0 RWM_MIN_R=0 RWM_CC_PACE=0 RWM_CC_PACE_HR=1.1 RWM_REACT_CAP=unset RWM_INFL_CAP=0 RWM_INFL_BDP=unset RWM_COPA_FEED=0 RWM_RS_ATTR=1 RWM_EMIT_BATCH=0 RWM_EMIT_BURST=64 RWM_RECOV_MP=1 RWM_RECOV_MP_LAW=1 RWM_RECOV_MP_LIVE=0 RWM_RECOV_SP=0 RWM_DIAG=1 RWM_RDIAG=0 RWM_FDIAG=0 RWM_TRACE=0 RWM_PFRAC=0
{"bytes":25000000,"dnf":0,"hint":"bulk","max_s":3.625,"mean_mbps":55.172,"mean_s":3.625,"median_s":3.625,"min_s":3.625,"proto":"rp-native","runs":1,"stdev_s":0.0,"summary":true}
    LATPROBE: /tmp/rwm-ping.txt 79 replies
    CPU: CPUSRV=2.16s CPUCLI=2.46s (srv=decoder cli=sender; whole-invocation incl warmup)
    QDISC cli0: qdisc netem 952f: root refcnt 7 limit 1000 delay 5ms  3ms loss gemodel p 1.3% r 50% 1-h 100% 1-k 0% rate 100Mbit seed 42  Sent 23290049 bytes 18307 pkt (dropped 82, overlimits 0 requeues 0)   backlog 0b 0p requeues 0 
    QDISC cli1: qdisc netem 9530: root refcnt 7 limit 1000 delay 20ms  5ms loss gemodel p 2% r 40% 1-h 100% 1-k 0% rate 20Mbit seed 42  Sent 5978323 bytes 5175 pkt (dropped 80, overlimits 0 requeues 0)   backlog 0b 0p requeues 0 
    QDISC srv0: qdisc netem 9531: root refcnt 7 limit 1000 delay 5ms  3ms rate 100Mbit seed 4757666020165452368  Sent 2568767 bytes 14203 pkt (dropped 0, overlimits 0 requeues 0)   backlog 0b 0p requeues 0 
    QDISC srv1: qdisc netem 9532: root refcnt 7 limit 1000 delay 20ms  5ms rate 20Mbit seed 943197965262771915  Sent 897964 bytes 4450 pkt (dropped 0, overlimits 0 requeues 0)   backlog 0b 0p requeues 0 
    QCAP: /tmp/rwm-q.txt 18 lines
RUNTIME c8-AL rep=1 6s
FLIPRESULT {"cell": "c8", "arm": "AL", "seed": 42, "rep": 1, "dnf": false, "dnf_count": 0, "mbps": 55.172, "seconds": 3.625, "n_runs": 1, "cpusrv": 2.16, "cpucli": 2.46, "tt_eng1": 0, "cap_med": null, "window_med": null, "slack_med": null, "span_med": null, "swratio_med": null, "khr_med": 1.0, "kraw_med": null, "khr_n": 20, "kraw_n": 0, "rtp_med": 44, "occ_p50": 0, "occcap_p50": 4096, "q_p50": 302, "q_p99": 784, "diag_lines": 13, "retx": 1648, "gates_cli_3t": 0, "gates_srv_3t": 0, "gates_cli_rs": 0, "gates_srv_rs": 0, "gates_cli_ha": 0, "gates_srv_ha": 0, "gates_cli_hk": 0, "gates_srv_hk": 0, "gates_cli_u": 0, "gates_srv_u": 0, "gates_lines_cli": 1, "gates_lines_srv": 1, "active_3t_cli": 0, "active_ha_cli": 0, "active_ha_srv": 0, "active_hk_cli": 0, "active_hk_srv": 0, "active_u_cli": 0, "active_u_srv": 0, "sf_ticks": 303, "sf_E": 0.6287, "sf_short": 0.6304, "sf_zero": 0.1122, "capboot_n": 10, "capboot_frac": 0.0, "ping_n": 79, "ping_p50": 12.8, "ping_p95": 74.0, "ping_p99": 74.6, "ping_tx": null, "ping_rx": null, "ping_loss": null, "wait_tun": 0, "wait_paused": 0, "wait_pace": 0, "wait_gen": 0, "wait_nack": 43, "wait_defc": 0, "wait_tail": 3, "wait_flush": 0, "wait_lines": 10, "dgq_hand": 23227, "dgq_full": 0, "dgq_gap": 0, "tc_bytes": 29268372, "tc_pkts": 23482, "tc_drop": 162, "tc_s": 6}
LIVENESS c8-AL rep=1 cli=[RWM_THREE_TERM=0 RWM_PLAIN_RS=0 RWM_HONEST_ANCHOR=0 RWM_HONEST_K=0 RWM_STORE_CAP_UNIFIED=0] srv=[RWM_THREE_TERM=0 RWM_PLAIN_RS=0 RWM_HONEST_ANCHOR=0 RWM_HONEST_K=0 RWM_STORE_CAP_UNIFIED=0] act3=0 actHA=0/0 actHK=0/0 actU=0/0 eng1=0 (expect 3t=0 rs=0 ha=0 hk=0 u=0)
=== rep=1 arm=c8-ALU seed=42 env="RWM_HONEST_ANCHOR=0 RWM_STORE_CAP_UNIFIED=1" cell=c2/c3/dual bytes=25000000 11:27:13
[2m2026-08-11T11:27:15.577028Z[0m [32m INFO[0m [2mraptorpath::gates[0m[2m:[0m [GATES] RWM_UNIFIED=1 RWM_UNIFIED_SHED=1 RWM_TAPER_R=1 RWM_ASTAR_ANCHOR=1 RWM_MSTAR_ANCHOR=1 RWM_PLAIN_RS=0 RWM_HONEST_ANCHOR=0 RWM_HONEST_K=0 RWM_STORE_SACK_RELEASE=1 RWM_STORE_PATHS=1 RWM_STORE_PATH_POOL=2048 RWM_STORE=unset RWM_STORE_GAIN=2 RWM_STORE_BOOT=128 RWM_STORE_CAPW=0 RWM_STORE_CAP_UNIFIED=1 RWM_THREE_TERM=0 RWM_STORE_PERCAP=0 RWM_PERCAP_GUARD=1 RWM_STORE_BORROW=0 RWM_HONEST_CAP=1 RWM_POOL_ANCHOR=0 RWM_POOL_DELIV=0 RWM_FLOOR_BOUND=0 RWM_ACK_MERGE=1 RWM_PATIENCE_DERIVED=0 RWM_SIDLE_DERIVED=0 RWM_WIN_DECOUPLE=0 RWM_PLACE_SLACK=0 RWM_GEN=384 RWM_PIPELINE=2 RWM_GEN_PIPE=1 RWM_GEN_R=unset RWM_GEN_RATE=9000 RWM_GEN_RATE_FLOOR=2000 RWM_GEN_INFLIGHT=unset RWM_OOO_RETAIN=0/16 RWM_WINDOW=unset RWM_REPORT_GENS=unset RWM_REPAIR_WAIT=unset RWM_CODED_SRC=0 RWM_NO_REACTIVE=0 RWM_XPATH_REPAIR=0 RWM_PROACTIVE_PACER=0 RWM_REASM_BDP=0 RWM_MIN_R=0 RWM_CC_PACE=0 RWM_CC_PACE_HR=1.1 RWM_REACT_CAP=unset RWM_INFL_CAP=0 RWM_INFL_BDP=unset RWM_COPA_FEED=0 RWM_RS_ATTR=1 RWM_EMIT_BATCH=0 RWM_EMIT_BURST=64 RWM_RECOV_MP=1 RWM_RECOV_MP_LAW=1 RWM_RECOV_MP_LIVE=0 RWM_RECOV_SP=0 RWM_DIAG=1 RWM_RDIAG=0 RWM_FDIAG=0 RWM_TRACE=0 RWM_PFRAC=0
{"bytes":25000000,"dnf":0,"hint":"bulk","max_s":2.7568,"mean_mbps":72.547,"mean_s":2.7568,"median_s":2.7568,"min_s":2.7568,"proto":"rp-native","runs":1,"stdev_s":0.0,"summary":true}
    LATPROBE: /tmp/rwm-ping.txt 63 replies
    CPU: CPUSRV=2.13s CPUCLI=2.63s (srv=decoder cli=sender; whole-invocation incl warmup)
    QDISC cli0: qdisc netem 9533: root refcnt 7 limit 1000 delay 5ms  3ms loss gemodel p 1.3% r 50% 1-h 100% 1-k 0% rate 100Mbit seed 42  Sent 24811831 bytes 19516 pkt (dropped 82, overlimits 0 requeues 0)   backlog 0b 0p requeues 0 
    QDISC cli1: qdisc netem 9534: root refcnt 7 limit 1000 delay 20ms  5ms loss gemodel p 2% r 40% 1-h 100% 1-k 0% rate 20Mbit seed 42  Sent 5720125 bytes 5076 pkt (dropped 98, overlimits 0 requeues 0)   backlog 0b 0p requeues 0 
    QDISC srv0: qdisc netem 9535: root refcnt 7 limit 1000 delay 5ms  3ms rate 100Mbit seed 14358937292873897784  Sent 2753492 bytes 14739 pkt (dropped 0, overlimits 0 requeues 0)   backlog 0b 0p requeues 0 
    QDISC srv1: qdisc netem 9536: root refcnt 7 limit 1000 delay 20ms  5ms rate 20Mbit seed 9427647641869262870  Sent 893134 bytes 4359 pkt (dropped 0, overlimits 0 requeues 0)   backlog 0b 0p requeues 0 
    QCAP: /tmp/rwm-q.txt 18 lines
RUNTIME c8-ALU rep=1 6s
FLIPRESULT {"cell": "c8", "arm": "ALU", "seed": 42, "rep": 1, "dnf": false, "dnf_count": 0, "mbps": 72.547, "seconds": 2.757, "n_runs": 1, "cpusrv": 2.13, "cpucli": 2.63, "tt_eng1": 0, "cap_med": null, "window_med": null, "slack_med": null, "span_med": null, "swratio_med": null, "khr_med": 1.0, "kraw_med": null, "khr_n": 13, "kraw_n": 0, "rtp_med": 43, "occ_p50": 1756, "occcap_p50": 4096, "q_p50": 636, "q_p99": 1288, "diag_lines": 10, "retx": 2798, "gates_cli_3t": 0, "gates_srv_3t": 0, "gates_cli_rs": 0, "gates_srv_rs": 0, "gates_cli_ha": 0, "gates_srv_ha": 0, "gates_cli_hk": 0, "gates_srv_hk": 0, "gates_cli_u": 1, "gates_srv_u": 1, "gates_lines_cli": 1, "gates_lines_srv": 1, "active_3t_cli": 0, "active_ha_cli": 0, "active_ha_srv": 0, "active_hk_cli": 0, "active_hk_srv": 0, "active_u_cli": 1, "active_u_srv": 1, "sf_ticks": 310, "sf_E": 0.4629, "sf_short": 0.6677, "sf_zero": 0.4065, "capboot_n": 7, "capboot_frac": 0.0, "ping_n": 63, "ping_p50": 36.4, "ping_p95": 128.0, "ping_p99": 129.0, "ping_tx": null, "ping_rx": null, "ping_loss": null, "wait_tun": 26, "wait_paused": 0, "wait_pace": 0, "wait_gen": 0, "wait_nack": 73, "wait_defc": 0, "wait_tail": 1, "wait_flush": 0, "wait_lines": 7, "dgq_hand": 24354, "dgq_full": 493, "dgq_gap": 505, "tc_bytes": 30531956, "tc_pkts": 24592, "tc_drop": 180, "tc_s": 5}
LIVENESS c8-ALU rep=1 cli=[RWM_THREE_TERM=0 RWM_PLAIN_RS=0 RWM_HONEST_ANCHOR=0 RWM_HONEST_K=0 RWM_STORE_CAP_UNIFIED=1] srv=[RWM_THREE_TERM=0 RWM_PLAIN_RS=0 RWM_HONEST_ANCHOR=0 RWM_HONEST_K=0 RWM_STORE_CAP_UNIFIED=1] act3=0 actHA=0/0 actHK=0/0 actU=1/1 eng1=0 (expect 3t=0 rs=0 ha=0 hk=0 u=1)
=== ARMCOUNTS 2026-08-11T11:27:19Z
ARMCOUNT c8-A n=1/1
ARMCOUNT c8-AU n=1/1
ARMCOUNT c8-AL n=1/1
ARMCOUNT c8-ALU n=1/1
UNI-BATTERY-DONE seed=42 2026-08-11T11:27:19Z
=== UNI ATTRIBUTION+FLIP BATTERY seed=42 reps=1 c1reps=1 cells='c1' arms='RU' 2026-08-11T11:27:52Z
=== binary sha256 36c109677cb2e50fbdff3dc968021dac4db33c3c7c7cb0f02e40b799fd32944c
=== source bbd863dfe6fb3649a60db9af20930cf082a18e63
=== kernel 7.0.14-101.fc43.x86_64
=== uptime/load  13:27:52 up 21:47,  6 users,  load average: 0.98, 0.37, 0.20
Model name:                              Intel(R) Xeon(R) CPU E5-2650 v3 @ 2.30GHz
aes avx2 pclmulqdq 
=== rep=1 arm=c1-RU seed=42 env="RWM_PLAIN_RS=1 RWM_STORE_CAP_UNIFIED=1" cell=c1/c1/single bytes=400000000 11:27:52
[2m2026-08-11T11:27:53.848202Z[0m [32m INFO[0m [2mraptorpath::gates[0m[2m:[0m [GATES] RWM_UNIFIED=1 RWM_UNIFIED_SHED=1 RWM_TAPER_R=1 RWM_ASTAR_ANCHOR=1 RWM_MSTAR_ANCHOR=1 RWM_PLAIN_RS=1 RWM_HONEST_ANCHOR=1 RWM_HONEST_K=0 RWM_STORE_SACK_RELEASE=1 RWM_STORE_PATHS=1 RWM_STORE_PATH_POOL=2048 RWM_STORE=unset RWM_STORE_GAIN=2 RWM_STORE_BOOT=128 RWM_STORE_CAPW=0 RWM_STORE_CAP_UNIFIED=1 RWM_THREE_TERM=0 RWM_STORE_PERCAP=0 RWM_PERCAP_GUARD=1 RWM_STORE_BORROW=0 RWM_HONEST_CAP=1 RWM_POOL_ANCHOR=0 RWM_POOL_DELIV=0 RWM_FLOOR_BOUND=0 RWM_ACK_MERGE=1 RWM_PATIENCE_DERIVED=0 RWM_SIDLE_DERIVED=0 RWM_WIN_DECOUPLE=0 RWM_PLACE_SLACK=0 RWM_GEN=384 RWM_PIPELINE=2 RWM_GEN_PIPE=1 RWM_GEN_R=unset RWM_GEN_RATE=9000 RWM_GEN_RATE_FLOOR=2000 RWM_GEN_INFLIGHT=unset RWM_OOO_RETAIN=0/16 RWM_WINDOW=unset RWM_REPORT_GENS=unset RWM_REPAIR_WAIT=unset RWM_CODED_SRC=0 RWM_NO_REACTIVE=0 RWM_XPATH_REPAIR=0 RWM_PROACTIVE_PACER=0 RWM_REASM_BDP=0 RWM_MIN_R=0 RWM_CC_PACE=0 RWM_CC_PACE_HR=1.1 RWM_REACT_CAP=unset RWM_INFL_CAP=0 RWM_INFL_BDP=unset RWM_COPA_FEED=0 RWM_RS_ATTR=1 RWM_EMIT_BATCH=0 RWM_EMIT_BURST=64 RWM_RECOV_MP=1 RWM_RECOV_MP_LAW=1 RWM_RECOV_MP_LIVE=0 RWM_RECOV_SP=0 RWM_DIAG=1 RWM_RDIAG=0 RWM_FDIAG=0 RWM_TRACE=0 RWM_PFRAC=0
{"bytes":400000000,"dnf":0,"hint":"bulk","max_s":11.3805,"mean_mbps":281.182,"mean_s":11.3805,"median_s":11.3805,"min_s":11.3805,"proto":"rp-native","runs":1,"stdev_s":0.0,"summary":true}
    LATPROBE: /tmp/rwm-ping.txt 227 replies
    CPU: CPUSRV=13.68s CPUCLI=14.54s (srv=decoder cli=sender; whole-invocation incl warmup)
    QDISC cli0: qdisc netem 9537: root refcnt 7 limit 1000 delay 1ms loss gemodel p 0.05% r 50% 1-h 100% 1-k 0% rate 1Gbit seed 42  Sent 438056156 bytes 341516 pkt (dropped 47, overlimits 0 requeues 0)   backlog 0b 0p requeues 0 
    QDISC cli1: qdisc netem 9538: root refcnt 7 limit 1000 delay 1ms loss gemodel p 0.05% r 50% 1-h 100% 1-k 0% rate 1Gbit seed 42  Sent 776 bytes 10 pkt (dropped 0, overlimits 0 requeues 0)   backlog 0b 0p requeues 0 
    QDISC srv0: qdisc netem 9539: root refcnt 7 limit 1000 delay 1ms rate 1Gbit seed 18309561801640848977  Sent 28978717 bytes 54136 pkt (dropped 0, overlimits 0 requeues 0)   backlog 0b 0p requeues 0 
    QDISC srv1: qdisc netem 953a: root refcnt 7 limit 1000 delay 1ms rate 1Gbit seed 5274379013429196160  Sent 866 bytes 11 pkt (dropped 0, overlimits 0 requeues 0)   backlog 0b 0p requeues 0 
    QCAP: /tmp/rwm-q.txt 18 lines
RUNTIME c1-RU rep=1 13s
FLIPRESULT {"cell": "c1", "arm": "RU", "seed": 42, "rep": 1, "dnf": false, "dnf_count": 0, "mbps": 281.182, "seconds": 11.381, "n_runs": 1, "cpusrv": 13.68, "cpucli": 14.54, "tt_eng1": 0, "cap_med": null, "window_med": null, "slack_med": null, "span_med": null, "swratio_med": null, "khr_med": 2.61, "kraw_med": null, "khr_n": 12, "kraw_n": 0, "rtp_med": 2, "occ_p50": 364, "occcap_p50": 1024, "q_p50": 8, "q_p99": 10, "diag_lines": 45, "retx": 1143, "gates_cli_3t": 0, "gates_srv_3t": 0, "gates_cli_rs": 1, "gates_srv_rs": 1, "gates_cli_ha": 1, "gates_srv_ha": 1, "gates_cli_hk": 0, "gates_srv_hk": 0, "gates_cli_u": 1, "gates_srv_u": 1, "gates_lines_cli": 1, "gates_lines_srv": 1, "active_3t_cli": 0, "active_ha_cli": 1, "active_ha_srv": 1, "active_hk_cli": 0, "active_hk_srv": 0, "active_u_cli": 1, "active_u_srv": 1, "sf_ticks": 1822, "sf_E": 0.2514, "sf_short": 0.7486, "sf_zero": 0.7486, "capboot_n": 42, "capboot_frac": 0.0, "ping_n": 227, "ping_p50": 2.07, "ping_p95": 2.6, "ping_p99": 2.89, "ping_tx": null, "ping_rx": null, "ping_loss": null, "wait_tun": 100, "wait_paused": 0, "wait_pace": 0, "wait_gen": 0, "wait_nack": 0, "wait_defc": 0, "wait_tail": 0, "wait_flush": 0, "wait_lines": 42, "dgq_hand": 338587, "dgq_full": 0, "dgq_gap": 10, "tc_bytes": 438057032, "tc_pkts": 341527, "tc_drop": 47, "tc_s": 13}
LIVENESS c1-RU rep=1 cli=[RWM_THREE_TERM=0 RWM_PLAIN_RS=1 RWM_HONEST_ANCHOR=1 RWM_HONEST_K=0 RWM_STORE_CAP_UNIFIED=1] srv=[RWM_THREE_TERM=0 RWM_PLAIN_RS=1 RWM_HONEST_ANCHOR=1 RWM_HONEST_K=0 RWM_STORE_CAP_UNIFIED=1] act3=0 actHA=1/1 actHK=0/0 actU=1/1 eng1=0 (expect 3t=0 rs=1 ha=1 hk=0 u=1)
=== ARMCOUNTS 2026-08-11T11:28:05Z
ARMCOUNT c1-RU n=1/1
UNI-BATTERY-DONE seed=42 2026-08-11T11:28:05Z
