LOCKS-HELD-BY-ENVELOPE p0_run_all:1558717
=== THREAD-P0 BATTERY tag=p0 blocks='1:42 1:7 2:42' cells='c1s-400 c1d-400' 2026-10-05T18:18:52Z
=== binary P0 /home/vibe/thrp0b/bin/raptorpath sha256 047a2270f2726f144ddef46a296b26942fb25f8e0b11ec24a5ae60ca58eeb4ed
=== binary MAIN /home/vibe/thrp0b/bin-main/raptorpath sha256 5dccf33bf647f3856a4041085822af0aab8125d7cd9e9302d18d2e61ce763d12
=== source f7180092378240fe36db5bef7da4d532b83bc21a
=== env RWM_GEN=0 RWM_DIAG=1 RWM_RDIAG=1 RWM_PERF_TIMEOUT_S=150 runs=1; every arm env -u RWM_EST_CADENCE RWM_POOL_ANCHOR RWM_EMIT_BATCH RWM_EMIT_BURST RWM_RDIAG, then RWM_RDIAG=1
Model name:                              Intel(R) Xeon(R) CPU E5-2650 v3 @ 2.30GHz
Flags:                                   fpu vme de pse tsc msr pae mce cx8 apic sep mtrr pge mca cmov pat pse36 clflush mmx fxsr sse sse2 ss ht syscall nx pdpe1gb rdtscp lm arch_perfmon rep_good nopl xtopology cpuid tsc_known_freq pni pclmulqdq vmx ssse3 fma cx16 pdcm pcid sse4_1 sse4_2 x2apic movbe popcnt tsc_deadline_timer aes xsave avx f16c rdrand hypervisor lahf_lm abm cpuid_fault pti ssbd ibrs ibpb stibp tpr_shadow flexpriority ept vpid ept_ad fsgsbase tsc_adjust bmi1 avx2 smep bmi2 erms invpcid xsaveopt arat vnmi umip md_clear flush_l1d arch_capabilities
=== rep=1 seed=42 cell=c1s-400 arm=P0 attempt=1 pipeline=window hint=bulk spec=c1/c1/single bytes=400000000 bin=/home/vibe/thrp0b/bin/raptorpath sha=047a2270f2726f14 18:18:52
COTENANT c1s-400-P0 s42 rep=1 before=0 after=0 load=2.82 2.10 2.69
--- RWM-C perf pipeline=window mode=single hint=bulk A=c1 B=c1 ooo=0 extra='' T=default (400000000 x 1) start=20:18:54
{"bytes":400000000,"dnf":0,"hint":"bulk","max_s":6.5146,"mean_mbps":491.208,"mean_s":6.5146,"median_s":6.5146,"min_s":6.5146,"proto":"rp-native","runs":1,"stdev_s":0.0,"summary":true}
    CPU: CPUSRV=8.44s CPUCLI=6.04s (srv=decoder cli=sender; whole-invocation incl warmup)
    [THR] sum phase=xfer side=client run=1 workers=6 busy_s=6.319 threads=7 cpu_s=5.980 cores=0.918 wall_s=6.515
    [LAG] phase=xfer side=client run=1 tick_ms=10 n=651 p50_us=776 p99_us=2932 max_us=6876 dropped=0
    [THR] sum phase=xfer side=server obj=0 workers=6 busy_s=0.000 threads=7 cpu_s=0.000 cores=0.000 wall_s=0.000
    [LAG] phase=xfer side=server obj=0 tick_ms=10 n=0 p50_us=- p99_us=- max_us=- dropped=0
    [THR] sum phase=xfer side=server obj=1 workers=6 busy_s=7.885 threads=7 cpu_s=8.380 cores=1.287 wall_s=6.509
    [LAG] phase=xfer side=server obj=1 tick_ms=10 n=651 p50_us=669 p99_us=1697 max_us=3188 dropped=0
[THR] sum phase=xfer side=server obj=1 workers=6 busy_s=7.885 threads=7 cpu_s=8.380 cores=1.287 wall_s=6.509
[LAG] phase=xfer side=server obj=1 tick_ms=10 n=651 p50_us=669 p99_us=1697 max_us=3188 dropped=0
    [TRUTH] leg=0 dev=cli0 egress_dgrams=340296 egress_skbs=37040 gso=9.19 netem_sent_dgrams=339956 netem_dropped_skbs=39 backlog=0 lost=340 loss=0.000999 rcvbuf_drops=0 rcvbuf_scope=netns
RUNTIME c1s-400-P0 s42 rep=1 attempt=1 8s rc=0
P0ROW {"arm": "P0", "bin_sha": "047a2270f2726f144ddef46a296b26942fb25f8e0b11ec24a5ae60ca58eeb4ed", "busy_last": 35.0, "busy_med": 35.0, "cad_cli": true, "cad_srv": true, "cadoff_cli": false, "cadoff_srv": false, "cell": "c1s-400", "cli_busy_r1": 0.209, "cli_busy_r2": 0.195, "cli_busy_r3": 0.193, "cli_busy_r4": 0.18, "cli_busy_r5": 0.169, "cli_busy_r6": 0.023, "cli_cores": 0.918, "cli_lag_max_us": 6876.0, "cli_lag_n": 651, "cli_lag_p50_us": 776.0, "cli_lag_p99_us": 2932.0, "cli_main_cores": 0.109, "cli_n_workers": 6, "cli_os_rpw": true, "cli_park_per_s": 9007.214121258634, "cli_thr_r1": 0.173, "cli_thr_r2": 0.166, "cli_thr_r3": 0.158, "cli_threads": [["raptorpath", 0.109], ["rp-w-0", 0.152], ["rp-w-1", 0.158], ["rp-w-2", 0.166], ["rp-w-3", 0.141], ["rp-w-4", 0.018], ["rp-w-5", 0.173]], "cli_top_comm": "rp-w-5", "cli_unpark_per_s": 18014.58173445894, "cli_wall_s": 6.515, "cli_workers_cores": 0.8079999999999999, "cod": 57, "coded_share": 0.00017351492532769968, "cotenant": 0, "cpu_cli": 6.04, "cpu_srv": 8.44, "cpu_us_per_dgram": 17.749253590991373, "diag_lines": 25, "dnf": false, "egress_dgrams": 340296, "emb_gate_cli": "1", "emb_gate_srv": "1", "feed_ratio_p0": 1.0010010010010009, "gates_cli": true, "gates_srv": true, "gen_guard": false, "header": ["window", "bulk"], "mbps": 491.208, "pa_cli": 0, "pa_srv": 0, "pipe_cli": ["window", "Rlc", "bulk"], "pipe_srv": ["window", "Rlc", "bulk"], "plc_p0": 0.001, "plu_last_p0": 0.0002, "plu_med_p0": 0.0003, "problems": [], "rc": 0, "rdiag_cli_busy_max": 12.0, "rdiag_cli_busy_med": 11.0, "rdiag_cli_n": 12, "rdiag_cli_q_med": 58.0, "rdiag_gate_cli": "1", "rdiag_gate_srv": "1", "rdiag_srv_busy_max": 81.0, "rdiag_srv_busy_med": 79.0, "rdiag_srv_n": 12, "rdiag_srv_q_med": 471.0, "rep": 1, "seconds": 6.514556, "seed": "42", "src": 328445, "srv_busy_r1": 0.298, "srv_busy_r2": 0.288, "srv_busy_r3": 0.227, "srv_busy_r4": 0.175, "srv_busy_r5": 0.173, "srv_busy_r6": 0.051, "srv_cores": 1.287, "srv_lag_max_us": 3188.0, "srv_lag_n": 651, "srv_lag_p50_us": 669.0, "srv_lag_p99_us": 1697.0, "srv_main_cores": 0.175, "srv_n_workers": 6, "srv_os_rpw": true, "srv_park_per_s": 8762.789983100321, "srv_run_lines": true, "srv_thr_r1": 0.273, "srv_thr_r2": 0.263, "srv_thr_r3": 0.206, "srv_threads": [["raptorpath", 0.175], ["rp-w-0", 0.163], ["rp-w-1", 0.263], ["rp-w-2", 0.161], ["rp-w-3", 0.206], ["rp-w-4", 0.273], ["rp-w-5", 0.046]], "srv_top_comm": "rp-w-4", "srv_unpark_per_s": 17525.272699339377, "srv_wall_s": 6.509, "srv_workers_cores": 1.112, "status": "LIVE", "summary": true, "thr_any_cli": true, "thr_any_srv": true, "truth_egress_p0": 340296, "truth_gso_p0": 9.19, "truth_loss_p0": 0.000999, "truth_lost_p0": 340, "truth_rcvbuf_drops": 0, "util": 0.9271545136767572, "wall_s": 8.0, "winline_cli": true, "winline_srv": true}
=== rep=1 seed=42 cell=c1s-400 arm=MAIN attempt=1 pipeline=window hint=bulk spec=c1/c1/single bytes=400000000 bin=/home/vibe/thrp0b/bin-main/raptorpath sha=5dccf33bf647f385 18:19:01
COTENANT c1s-400-MAIN s42 rep=1 before=0 after=0 load=2.83 2.12 2.69
--- RWM-C perf pipeline=window mode=single hint=bulk A=c1 B=c1 ooo=0 extra='' T=default (400000000 x 1) start=20:19:03
{"bytes":400000000,"dnf":0,"hint":"bulk","max_s":6.1719,"mean_mbps":518.482,"mean_s":6.1719,"median_s":6.1719,"min_s":6.1719,"proto":"rp-native","runs":1,"stdev_s":0.0,"summary":true}
    CPU: CPUSRV=8.14s CPUCLI=5.79s (srv=decoder cli=sender; whole-invocation incl warmup)
    [TRUTH] leg=0 dev=cli0 egress_dgrams=340331 egress_skbs=36274 gso=9.38 netem_sent_dgrams=339975 netem_dropped_skbs=38 backlog=0 lost=356 loss=0.001046 rcvbuf_drops=0 rcvbuf_scope=netns
RUNTIME c1s-400-MAIN s42 rep=1 attempt=1 9s rc=0
P0ROW {"arm": "MAIN", "bin_sha": "5dccf33bf647f3856a4041085822af0aab8125d7cd9e9302d18d2e61ce763d12", "busy_last": 33.0, "busy_med": 36.0, "cad_cli": true, "cad_srv": true, "cadoff_cli": false, "cadoff_srv": false, "cell": "c1s-400", "cli_busy_r1": null, "cli_busy_r2": null, "cli_busy_r3": null, "cli_busy_r4": null, "cli_busy_r5": null, "cli_busy_r6": null, "cli_cores": null, "cli_lag_max_us": null, "cli_lag_n": null, "cli_lag_p50_us": null, "cli_lag_p99_us": null, "cli_main_cores": null, "cli_n_workers": null, "cli_os_rpw": false, "cli_park_per_s": null, "cli_thr_r1": null, "cli_thr_r2": null, "cli_thr_r3": null, "cli_threads": [], "cli_top_comm": null, "cli_unpark_per_s": null, "cli_wall_s": null, "cli_workers_cores": null, "cod": 67, "coded_share": 0.00020167601801237748, "cotenant": 0, "cpu_cli": 5.79, "cpu_srv": 8.14, "cpu_us_per_dgram": 17.01284925557766, "diag_lines": 24, "dnf": false, "egress_dgrams": 340331, "emb_gate_cli": "1", "emb_gate_srv": "1", "feed_ratio_p0": 1.0516252390057361, "gates_cli": true, "gates_srv": true, "gen_guard": false, "header": ["window", "bulk"], "mbps": 518.482, "pa_cli": 0, "pa_srv": 0, "pipe_cli": ["window", "Rlc", "bulk"], "pipe_srv": ["window", "Rlc", "bulk"], "plc_p0": 0.0011, "plu_last_p0": 0.0002, "plu_med_p0": 0.0003, "problems": [], "rc": 0, "rdiag_cli_busy_max": 13.0, "rdiag_cli_busy_med": 11.0, "rdiag_cli_n": 12, "rdiag_cli_q_med": 58.5, "rdiag_gate_cli": "1", "rdiag_gate_srv": "1", "rdiag_srv_busy_max": 82.0, "rdiag_srv_busy_med": 80.0, "rdiag_srv_n": 12, "rdiag_srv_q_med": 458.0, "rep": 1, "seconds": 6.171858, "seed": "42", "src": 332149, "srv_busy_r1": null, "srv_busy_r2": null, "srv_busy_r3": null, "srv_busy_r4": null, "srv_busy_r5": null, "srv_busy_r6": null, "srv_cores": null, "srv_lag_max_us": null, "srv_lag_n": null, "srv_lag_p50_us": null, "srv_lag_p99_us": null, "srv_main_cores": null, "srv_n_workers": null, "srv_os_rpw": false, "srv_park_per_s": null, "srv_run_lines": false, "srv_thr_r1": null, "srv_thr_r2": null, "srv_thr_r3": null, "srv_threads": [], "srv_top_comm": null, "srv_unpark_per_s": null, "srv_wall_s": null, "srv_workers_cores": null, "status": "LIVE", "summary": true, "thr_any_cli": false, "thr_any_srv": false, "truth_egress_p0": 340331, "truth_gso_p0": 9.38, "truth_loss_p0": 0.001046, "truth_lost_p0": 356, "truth_rcvbuf_drops": 0, "util": 0.9381291662899567, "wall_s": 9.0, "winline_cli": true, "winline_srv": true}
=== rep=1 seed=42 cell=c1d-400 arm=P0 attempt=1 pipeline=window hint=bulk spec=c1/c1/dual bytes=400000000 bin=/home/vibe/thrp0b/bin/raptorpath sha=047a2270f2726f14 18:19:10
COTENANT c1d-400-P0 s42 rep=1 before=0 after=0 load=2.79 2.13 2.69
--- RWM-C perf pipeline=window mode=dual hint=bulk A=c1 B=c1 ooo=0 extra='' T=default (400000000 x 1) start=20:19:11
{"bytes":400000000,"dnf":0,"hint":"bulk","max_s":7.7795,"mean_mbps":411.335,"mean_s":7.7795,"median_s":7.7795,"min_s":7.7795,"proto":"rp-native","runs":1,"stdev_s":0.0,"summary":true}
    CPU: CPUSRV=12.59s CPUCLI=11.56s (srv=decoder cli=sender; whole-invocation incl warmup)
    [THR] sum phase=xfer side=client run=1 workers=6 busy_s=14.787 threads=7 cpu_s=11.500 cores=1.478 wall_s=7.780
    [LAG] phase=xfer side=client run=1 tick_ms=10 n=777 p50_us=347 p99_us=2196 max_us=8715 dropped=0
    [THR] sum phase=xfer side=server obj=0 workers=6 busy_s=0.000 threads=7 cpu_s=0.000 cores=0.000 wall_s=0.000
    [LAG] phase=xfer side=server obj=0 tick_ms=10 n=0 p50_us=- p99_us=- max_us=- dropped=0
    [THR] sum phase=xfer side=server obj=1 workers=6 busy_s=13.271 threads=7 cpu_s=12.530 cores=1.612 wall_s=7.773
    [LAG] phase=xfer side=server obj=1 tick_ms=10 n=776 p50_us=961 p99_us=2071 max_us=7601 dropped=0
[THR] sum phase=xfer side=server obj=1 workers=6 busy_s=13.271 threads=7 cpu_s=12.530 cores=1.612 wall_s=7.773
[LAG] phase=xfer side=server obj=1 tick_ms=10 n=776 p50_us=961 p99_us=2071 max_us=7601 dropped=0
    [TRUTH] leg=0 dev=cli0 egress_dgrams=166246 egress_skbs=35165 gso=4.73 netem_sent_dgrams=166077 netem_dropped_skbs=38 backlog=0 lost=169 loss=0.001017 rcvbuf_drops=0 rcvbuf_scope=netns
    [TRUTH] leg=1 dev=cli1 egress_dgrams=181454 egress_skbs=36574 gso=4.96 netem_sent_dgrams=181281 netem_dropped_skbs=27 backlog=0 lost=173 loss=0.000953 rcvbuf_drops=0 rcvbuf_scope=netns
RUNTIME c1d-400-P0 s42 rep=1 attempt=1 10s rc=0
P0ROW {"arm": "P0", "bin_sha": "047a2270f2726f144ddef46a296b26942fb25f8e0b11ec24a5ae60ca58eeb4ed", "busy_last": 93.0, "busy_med": 96.0, "cad_cli": true, "cad_srv": true, "cadoff_cli": false, "cadoff_srv": false, "cell": "c1d-400", "cli_busy_r1": 0.427, "cli_busy_r2": 0.417, "cli_busy_r3": 0.323, "cli_busy_r4": 0.259, "cli_busy_r5": 0.256, "cli_busy_r6": 0.217, "cli_cores": 1.478, "cli_lag_max_us": 8715.0, "cli_lag_n": 777, "cli_lag_p50_us": 347.0, "cli_lag_p99_us": 2196.0, "cli_main_cores": 0.123, "cli_n_workers": 6, "cli_os_rpw": true, "cli_park_per_s": 22519.665809768638, "cli_thr_r1": 0.264, "cli_thr_r2": 0.257, "cli_thr_r3": 0.231, "cli_threads": [["raptorpath", 0.123], ["rp-w-0", 0.204], ["rp-w-1", 0.215], ["rp-w-2", 0.184], ["rp-w-3", 0.264], ["rp-w-4", 0.231], ["rp-w-5", 0.257]], "cli_top_comm": "rp-w-3", "cli_unpark_per_s": 45039.2030848329, "cli_wall_s": 7.78, "cli_workers_cores": 1.355, "cod": 511, "coded_share": 0.001507721540649471, "cotenant": 0, "cpu_cli": 11.56, "cpu_srv": 12.59, "cpu_us_per_dgram": 33.247052056370435, "diag_lines": 31, "dnf": false, "egress_dgrams": 347700, "emb_gate_cli": "1", "emb_gate_srv": "1", "feed_ratio_p0": 0.9832841691248773, "feed_ratio_p1": 1.0493179433368311, "gates_cli": true, "gates_srv": true, "gen_guard": false, "header": ["window", "bulk"], "mbps": 411.335, "pa_cli": 0, "pa_srv": 0, "pipe_cli": ["window", "Rlc", "bulk"], "pipe_srv": ["window", "Rlc", "bulk"], "plc_p0": 0.001, "plc_p1": 0.001, "plu_last_p0": 0.0004, "plu_last_p1": 0.0006, "plu_med_p0": 0.0006, "plu_med_p1": 0.0006, "problems": [], "rc": 0, "rdiag_cli_busy_max": 22.0, "rdiag_cli_busy_med": 19.0, "rdiag_cli_n": 15, "rdiag_cli_q_med": 22.0, "rdiag_gate_cli": "1", "rdiag_gate_srv": "1", "rdiag_srv_busy_max": 93.0, "rdiag_srv_busy_med": 92.0, "rdiag_srv_n": 15, "rdiag_srv_q_med": 258.0, "rep": 1, "seconds": 7.779542, "seed": "42", "src": 338411, "srv_busy_r1": 0.356, "srv_busy_r2": 0.316, "srv_busy_r3": 0.279, "srv_busy_r4": 0.263, "srv_busy_r5": 0.255, "srv_busy_r6": 0.238, "srv_cores": 1.612, "srv_lag_max_us": 7601.0, "srv_lag_n": 776, "srv_lag_p50_us": 961.0, "srv_lag_p99_us": 2071.0, "srv_main_cores": 0.138, "srv_n_workers": 6, "srv_os_rpw": true, "srv_park_per_s": 19374.88743085038, "srv_run_lines": true, "srv_thr_r1": 0.301, "srv_thr_r2": 0.268, "srv_thr_r3": 0.239, "srv_threads": [["raptorpath", 0.138], ["rp-w-0", 0.223], ["rp-w-1", 0.239], ["rp-w-2", 0.214], ["rp-w-3", 0.301], ["rp-w-4", 0.23], ["rp-w-5", 0.268]], "srv_top_comm": "rp-w-3", "srv_unpark_per_s": 38749.51756078734, "srv_wall_s": 7.773, "srv_workers_cores": 1.475, "status": "LIVE", "summary": true, "thr_any_cli": true, "thr_any_srv": true, "truth_egress_p0": 166246, "truth_egress_p1": 181454, "truth_gso_p0": 4.73, "truth_gso_p1": 4.96, "truth_loss_p0": 0.001017, "truth_loss_p1": 0.000953, "truth_lost_p0": 169, "truth_lost_p1": 173, "truth_rcvbuf_drops": 0, "util": 1.485948658674251, "wall_s": 10.0, "winline_cli": true, "winline_srv": true}
=== rep=1 seed=42 cell=c1d-400 arm=MAIN attempt=1 pipeline=window hint=bulk spec=c1/c1/dual bytes=400000000 bin=/home/vibe/thrp0b/bin-main/raptorpath sha=5dccf33bf647f385 18:19:20
COTENANT c1d-400-MAIN s42 rep=1 before=0 after=0 load=2.91 2.18 2.70
--- RWM-C perf pipeline=window mode=dual hint=bulk A=c1 B=c1 ooo=0 extra='' T=default (400000000 x 1) start=20:19:21
{"bytes":400000000,"dnf":0,"hint":"bulk","max_s":7.7398,"mean_mbps":413.449,"mean_s":7.7398,"median_s":7.7398,"min_s":7.7398,"proto":"rp-native","runs":1,"stdev_s":0.0,"summary":true}
    CPU: CPUSRV=12.45s CPUCLI=11.51s (srv=decoder cli=sender; whole-invocation incl warmup)
    [TRUTH] leg=0 dev=cli0 egress_dgrams=174926 egress_skbs=35506 gso=4.93 netem_sent_dgrams=174815 netem_dropped_skbs=38 backlog=0 lost=111 loss=0.000635 rcvbuf_drops=0 rcvbuf_scope=netns
    [TRUTH] leg=1 dev=cli1 egress_dgrams=172577 egress_skbs=35406 gso=4.87 netem_sent_dgrams=172474 netem_dropped_skbs=26 backlog=0 lost=103 loss=0.000597 rcvbuf_drops=0 rcvbuf_scope=netns
RUNTIME c1d-400-MAIN s42 rep=1 attempt=1 10s rc=0
P0ROW {"arm": "MAIN", "bin_sha": "5dccf33bf647f3856a4041085822af0aab8125d7cd9e9302d18d2e61ce763d12", "busy_last": 99.0, "busy_med": 96.0, "cad_cli": true, "cad_srv": true, "cadoff_cli": false, "cadoff_srv": false, "cell": "c1d-400", "cli_busy_r1": null, "cli_busy_r2": null, "cli_busy_r3": null, "cli_busy_r4": null, "cli_busy_r5": null, "cli_busy_r6": null, "cli_cores": null, "cli_lag_max_us": null, "cli_lag_n": null, "cli_lag_p50_us": null, "cli_lag_p99_us": null, "cli_main_cores": null, "cli_n_workers": null, "cli_os_rpw": false, "cli_park_per_s": null, "cli_thr_r1": null, "cli_thr_r2": null, "cli_thr_r3": null, "cli_threads": [], "cli_top_comm": null, "cli_unpark_per_s": null, "cli_wall_s": null, "cli_workers_cores": null, "cod": 502, "coded_share": 0.001530226546687151, "cotenant": 0, "cpu_cli": 11.51, "cpu_srv": 12.45, "cpu_us_per_dgram": 33.122016212809676, "diag_lines": 30, "dnf": false, "egress_dgrams": 347503, "emb_gate_cli": "1", "emb_gate_srv": "1", "feed_ratio_p0": 0.9448818897637794, "feed_ratio_p1": 1.0050251256281406, "gates_cli": true, "gates_srv": true, "gen_guard": false, "header": ["window", "bulk"], "mbps": 413.449, "pa_cli": 0, "pa_srv": 0, "pipe_cli": ["window", "Rlc", "bulk"], "pipe_srv": ["window", "Rlc", "bulk"], "plc_p0": 0.0006, "plc_p1": 0.0006, "plu_last_p0": 0.0003, "plu_last_p1": 0.0005, "plu_med_p0": 0.0004, "plu_med_p1": 0.0005, "problems": [], "rc": 0, "rdiag_cli_busy_max": 22.0, "rdiag_cli_busy_med": 19.0, "rdiag_cli_n": 15, "rdiag_cli_q_med": 24.0, "rdiag_gate_cli": "1", "rdiag_gate_srv": "1", "rdiag_srv_busy_max": 93.0, "rdiag_srv_busy_med": 92.0, "rdiag_srv_n": 15, "rdiag_srv_q_med": 280.0, "rep": 1, "seconds": 7.739762, "seed": "42", "src": 327554, "srv_busy_r1": null, "srv_busy_r2": null, "srv_busy_r3": null, "srv_busy_r4": null, "srv_busy_r5": null, "srv_busy_r6": null, "srv_cores": null, "srv_lag_max_us": null, "srv_lag_n": null, "srv_lag_p50_us": null, "srv_lag_p99_us": null, "srv_main_cores": null, "srv_n_workers": null, "srv_os_rpw": false, "srv_park_per_s": null, "srv_run_lines": false, "srv_thr_r1": null, "srv_thr_r2": null, "srv_thr_r3": null, "srv_threads": [], "srv_top_comm": null, "srv_unpark_per_s": null, "srv_wall_s": null, "srv_workers_cores": null, "status": "LIVE", "summary": true, "thr_any_cli": false, "thr_any_srv": false, "truth_egress_p0": 174926, "truth_egress_p1": 172577, "truth_gso_p0": 4.93, "truth_gso_p1": 4.87, "truth_loss_p0": 0.000635, "truth_loss_p1": 0.000597, "truth_lost_p0": 111, "truth_lost_p1": 103, "truth_rcvbuf_drops": 0, "util": 1.4871258315178166, "wall_s": 10.0, "winline_cli": true, "winline_srv": true}
BLOCK-COMPLETE rep=1 seed=42 block=0 2026-10-05T18:19:30Z
=== rep=1 seed=7 cell=c1s-400 arm=MAIN attempt=1 pipeline=window hint=bulk spec=c1/c1/single bytes=400000000 bin=/home/vibe/thrp0b/bin-main/raptorpath sha=5dccf33bf647f385 18:19:30
COTENANT c1s-400-MAIN s7 rep=1 before=0 after=0 load=2.62 2.14 2.68
--- RWM-C perf pipeline=window mode=single hint=bulk A=c1 B=c1 ooo=0 extra='' T=default (400000000 x 1) start=20:19:31
{"bytes":400000000,"dnf":0,"hint":"bulk","max_s":6.1754,"mean_mbps":518.185,"mean_s":6.1754,"median_s":6.1754,"min_s":6.1754,"proto":"rp-native","runs":1,"stdev_s":0.0,"summary":true}
    CPU: CPUSRV=8.08s CPUCLI=5.76s (srv=decoder cli=sender; whole-invocation incl warmup)
    [TRUTH] leg=0 dev=cli0 egress_dgrams=340261 egress_skbs=36353 gso=9.36 netem_sent_dgrams=339885 netem_dropped_skbs=40 backlog=0 lost=376 loss=0.001105 rcvbuf_drops=0 rcvbuf_scope=netns
RUNTIME c1s-400-MAIN s7 rep=1 attempt=1 8s rc=0
P0ROW {"arm": "MAIN", "bin_sha": "5dccf33bf647f3856a4041085822af0aab8125d7cd9e9302d18d2e61ce763d12", "busy_last": 31.0, "busy_med": 37.0, "cad_cli": true, "cad_srv": true, "cadoff_cli": false, "cadoff_srv": false, "cell": "c1s-400", "cli_busy_r1": null, "cli_busy_r2": null, "cli_busy_r3": null, "cli_busy_r4": null, "cli_busy_r5": null, "cli_busy_r6": null, "cli_cores": null, "cli_lag_max_us": null, "cli_lag_n": null, "cli_lag_p50_us": null, "cli_lag_p99_us": null, "cli_main_cores": null, "cli_n_workers": null, "cli_os_rpw": false, "cli_park_per_s": null, "cli_thr_r1": null, "cli_thr_r2": null, "cli_thr_r3": null, "cli_threads": [], "cli_top_comm": null, "cli_unpark_per_s": null, "cli_wall_s": null, "cli_workers_cores": null, "cod": 60, "coded_share": 0.0001809567181689593, "cotenant": 0, "cpu_cli": 5.76, "cpu_srv": 8.08, "cpu_us_per_dgram": 16.928181601770405, "diag_lines": 24, "dnf": false, "egress_dgrams": 340261, "emb_gate_cli": "1", "emb_gate_srv": "1", "feed_ratio_p0": 0.995475113122172, "gates_cli": true, "gates_srv": true, "gen_guard": false, "header": ["window", "bulk"], "mbps": 518.185, "pa_cli": 0, "pa_srv": 0, "pipe_cli": ["window", "Rlc", "bulk"], "pipe_srv": ["window", "Rlc", "bulk"], "plc_p0": 0.0011, "plu_last_p0": 0.0005, "plu_med_p0": 0.0003, "problems": [], "rc": 0, "rdiag_cli_busy_max": 14.0, "rdiag_cli_busy_med": 10.5, "rdiag_cli_n": 12, "rdiag_cli_q_med": 61.5, "rdiag_gate_cli": "1", "rdiag_gate_srv": "1", "rdiag_srv_busy_max": 82.0, "rdiag_srv_busy_med": 79.0, "rdiag_srv_n": 12, "rdiag_srv_q_med": 459.0, "rep": 1, "seconds": 6.175406, "seed": "7", "src": 331511, "srv_busy_r1": null, "srv_busy_r2": null, "srv_busy_r3": null, "srv_busy_r4": null, "srv_busy_r5": null, "srv_busy_r6": null, "srv_cores": null, "srv_lag_max_us": null, "srv_lag_n": null, "srv_lag_p50_us": null, "srv_lag_p99_us": null, "srv_main_cores": null, "srv_n_workers": null, "srv_os_rpw": false, "srv_park_per_s": null, "srv_run_lines": false, "srv_thr_r1": null, "srv_thr_r2": null, "srv_thr_r3": null, "srv_threads": [], "srv_top_comm": null, "srv_unpark_per_s": null, "srv_wall_s": null, "srv_workers_cores": null, "status": "LIVE", "summary": true, "thr_any_cli": false, "thr_any_srv": false, "truth_egress_p0": 340261, "truth_gso_p0": 9.36, "truth_loss_p0": 0.001105, "truth_lost_p0": 376, "truth_rcvbuf_drops": 0, "util": 0.9327321960693759, "wall_s": 8.0, "winline_cli": true, "winline_srv": true}
=== rep=1 seed=7 cell=c1s-400 arm=P0 attempt=1 pipeline=window hint=bulk spec=c1/c1/single bytes=400000000 bin=/home/vibe/thrp0b/bin/raptorpath sha=047a2270f2726f14 18:19:38
COTENANT c1s-400-P0 s7 rep=1 before=0 after=0 load=2.38 2.10 2.66
--- RWM-C perf pipeline=window mode=single hint=bulk A=c1 B=c1 ooo=0 extra='' T=default (400000000 x 1) start=20:19:40
{"bytes":400000000,"dnf":0,"hint":"bulk","max_s":6.9308,"mean_mbps":461.71,"mean_s":6.9308,"median_s":6.9308,"min_s":6.9308,"proto":"rp-native","runs":1,"stdev_s":0.0,"summary":true}
    CPU: CPUSRV=8.91s CPUCLI=5.98s (srv=decoder cli=sender; whole-invocation incl warmup)
    [THR] sum phase=xfer side=client run=1 workers=6 busy_s=6.066 threads=7 cpu_s=5.930 cores=0.856 wall_s=6.931
    [LAG] phase=xfer side=client run=1 tick_ms=10 n=692 p50_us=1034 p99_us=2754 max_us=5832 dropped=0
    [THR] sum phase=xfer side=server obj=0 workers=6 busy_s=0.000 threads=7 cpu_s=0.000 cores=0.000 wall_s=0.001
    [LAG] phase=xfer side=server obj=0 tick_ms=10 n=0 p50_us=- p99_us=- max_us=- dropped=0
    [THR] sum phase=xfer side=server obj=1 workers=6 busy_s=8.151 threads=7 cpu_s=8.860 cores=1.280 wall_s=6.924
    [LAG] phase=xfer side=server obj=1 tick_ms=10 n=693 p50_us=917 p99_us=2039 max_us=4306 dropped=0
[THR] sum phase=xfer side=server obj=1 workers=6 busy_s=8.151 threads=7 cpu_s=8.860 cores=1.280 wall_s=6.924
[LAG] phase=xfer side=server obj=1 tick_ms=10 n=693 p50_us=917 p99_us=2039 max_us=4306 dropped=0
    [TRUTH] leg=0 dev=cli0 egress_dgrams=340329 egress_skbs=36419 gso=9.34 netem_sent_dgrams=339987 netem_dropped_skbs=40 backlog=0 lost=342 loss=0.001005 rcvbuf_drops=0 rcvbuf_scope=netns
RUNTIME c1s-400-P0 s7 rep=1 attempt=1 9s rc=0
P0ROW {"arm": "P0", "bin_sha": "047a2270f2726f144ddef46a296b26942fb25f8e0b11ec24a5ae60ca58eeb4ed", "busy_last": 33.0, "busy_med": 33.0, "cad_cli": true, "cad_srv": true, "cadoff_cli": false, "cadoff_srv": false, "cell": "c1s-400", "cli_busy_r1": 0.203, "cli_busy_r2": 0.187, "cli_busy_r3": 0.163, "cli_busy_r4": 0.158, "cli_busy_r5": 0.116, "cli_busy_r6": 0.049, "cli_cores": 0.856, "cli_lag_max_us": 5832.0, "cli_lag_n": 692, "cli_lag_p50_us": 1034.0, "cli_lag_p99_us": 2754.0, "cli_main_cores": 0.102, "cli_n_workers": 6, "cli_os_rpw": true, "cli_park_per_s": 8031.5971721252345, "cli_thr_r1": 0.175, "cli_thr_r2": 0.16, "cli_thr_r3": 0.144, "cli_threads": [["raptorpath", 0.102], ["rp-w-0", 0.039], ["rp-w-1", 0.1], ["rp-w-2", 0.175], ["rp-w-3", 0.136], ["rp-w-4", 0.144], ["rp-w-5", 0.16]], "cli_top_comm": "rp-w-2", "cli_unpark_per_s": 16063.338623575242, "cli_wall_s": 6.931, "cli_workers_cores": 0.754, "cod": 60, "coded_share": 0.00018068642773898038, "cotenant": 0, "cpu_cli": 5.98, "cpu_srv": 8.91, "cpu_us_per_dgram": 17.571232542627868, "diag_lines": 27, "dnf": false, "egress_dgrams": 340329, "emb_gate_cli": "1", "emb_gate_srv": "1", "feed_ratio_p0": 0.9950248756218906, "gates_cli": true, "gates_srv": true, "gen_guard": false, "header": ["window", "bulk"], "mbps": 461.71, "pa_cli": 0, "pa_srv": 0, "pipe_cli": ["window", "Rlc", "bulk"], "pipe_srv": ["window", "Rlc", "bulk"], "plc_p0": 0.001, "plu_last_p0": 0.0004, "plu_med_p0": 0.0003, "problems": [], "rc": 0, "rdiag_cli_busy_max": 12.0, "rdiag_cli_busy_med": 10.0, "rdiag_cli_n": 13, "rdiag_cli_q_med": 58.0, "rdiag_gate_cli": "1", "rdiag_gate_srv": "1", "rdiag_srv_busy_max": 82.0, "rdiag_srv_busy_med": 79.0, "rdiag_srv_n": 13, "rdiag_srv_q_med": 516.0, "rep": 1, "seconds": 6.930753, "seed": "7", "src": 332007, "srv_busy_r1": 0.388, "srv_busy_r2": 0.289, "srv_busy_r3": 0.173, "srv_busy_r4": 0.145, "srv_busy_r5": 0.094, "srv_busy_r6": 0.088, "srv_cores": 1.28, "srv_lag_max_us": 4306.0, "srv_lag_n": 693, "srv_lag_p50_us": 917.0, "srv_lag_p99_us": 2039.0, "srv_main_cores": 0.172, "srv_n_workers": 6, "srv_os_rpw": true, "srv_park_per_s": 7593.009820912766, "srv_run_lines": true, "srv_thr_r1": 0.355, "srv_thr_r2": 0.269, "srv_thr_r3": 0.172, "srv_threads": [["raptorpath", 0.172], ["rp-w-0", 0.163], ["rp-w-1", 0.269], ["rp-w-2", 0.355], ["rp-w-3", 0.095], ["rp-w-4", 0.136], ["rp-w-5", 0.09]], "srv_top_comm": "rp-w-2", "srv_unpark_per_s": 15185.875216637782, "srv_wall_s": 6.924, "srv_workers_cores": 1.108, "status": "LIVE", "summary": true, "thr_any_cli": true, "thr_any_srv": true, "truth_egress_p0": 340329, "truth_gso_p0": 9.34, "truth_loss_p0": 0.001005, "truth_lost_p0": 342, "truth_rcvbuf_drops": 0, "util": 0.8628211104911689, "wall_s": 9.0, "winline_cli": true, "winline_srv": true}
=== rep=1 seed=7 cell=c1d-400 arm=MAIN attempt=1 pipeline=window hint=bulk spec=c1/c1/dual bytes=400000000 bin=/home/vibe/thrp0b/bin-main/raptorpath sha=5dccf33bf647f385 18:19:47
COTENANT c1d-400-MAIN s7 rep=1 before=0 after=0 load=2.93 2.23 2.70
--- RWM-C perf pipeline=window mode=dual hint=bulk A=c1 B=c1 ooo=0 extra='' T=default (400000000 x 1) start=20:19:49
{"bytes":400000000,"dnf":0,"hint":"bulk","max_s":8.0783,"mean_mbps":396.121,"mean_s":8.0783,"median_s":8.0783,"min_s":8.0783,"proto":"rp-native","runs":1,"stdev_s":0.0,"summary":true}
    CPU: CPUSRV=12.93s CPUCLI=11.80s (srv=decoder cli=sender; whole-invocation incl warmup)
    [TRUTH] leg=0 dev=cli0 egress_dgrams=174506 egress_skbs=36679 gso=4.76 netem_sent_dgrams=174333 netem_dropped_skbs=40 backlog=0 lost=173 loss=0.000991 rcvbuf_drops=0 rcvbuf_scope=netns
    [TRUTH] leg=1 dev=cli1 egress_dgrams=173019 egress_skbs=36315 gso=4.76 netem_sent_dgrams=172761 netem_dropped_skbs=44 backlog=0 lost=258 loss=0.001491 rcvbuf_drops=0 rcvbuf_scope=netns
RUNTIME c1d-400-MAIN s7 rep=1 attempt=1 10s rc=0
P0ROW {"arm": "MAIN", "bin_sha": "5dccf33bf647f3856a4041085822af0aab8125d7cd9e9302d18d2e61ce763d12", "busy_last": 75.0, "busy_med": 92.0, "cad_cli": true, "cad_srv": true, "cadoff_cli": false, "cadoff_srv": false, "cell": "c1d-400", "cli_busy_r1": null, "cli_busy_r2": null, "cli_busy_r3": null, "cli_busy_r4": null, "cli_busy_r5": null, "cli_busy_r6": null, "cli_cores": null, "cli_lag_max_us": null, "cli_lag_n": null, "cli_lag_p50_us": null, "cli_lag_p99_us": null, "cli_main_cores": null, "cli_n_workers": null, "cli_os_rpw": false, "cli_park_per_s": null, "cli_thr_r1": null, "cli_thr_r2": null, "cli_thr_r3": null, "cli_threads": [], "cli_top_comm": null, "cli_unpark_per_s": null, "cli_wall_s": null, "cli_workers_cores": null, "cod": 507, "coded_share": 0.001495937070323795, "cotenant": 0, "cpu_cli": 11.8, "cpu_srv": 12.93, "cpu_us_per_dgram": 33.95439177037623, "diag_lines": 32, "dnf": false, "egress_dgrams": 347525, "emb_gate_cli": "1", "emb_gate_srv": "1", "feed_ratio_p0": 1.0090817356205855, "feed_ratio_p1": 1.006036217303823, "gates_cli": true, "gates_srv": true, "gen_guard": false, "header": ["window", "bulk"], "mbps": 396.121, "pa_cli": 0, "pa_srv": 0, "pipe_cli": ["window", "Rlc", "bulk"], "pipe_srv": ["window", "Rlc", "bulk"], "plc_p0": 0.001, "plc_p1": 0.0015, "plu_last_p0": 0.0005, "plu_last_p1": 0.001, "plu_med_p0": 0.0006, "plu_med_p1": 0.0007999999999999999, "problems": [], "rc": 0, "rdiag_cli_busy_max": 23.0, "rdiag_cli_busy_med": 18.0, "rdiag_cli_n": 16, "rdiag_cli_q_med": 25.5, "rdiag_gate_cli": "1", "rdiag_gate_srv": "1", "rdiag_srv_busy_max": 94.0, "rdiag_srv_busy_med": 92.0, "rdiag_srv_n": 16, "rdiag_srv_q_med": 350.0, "rep": 1, "seconds": 8.078336, "seed": "7", "src": 338411, "srv_busy_r1": null, "srv_busy_r2": null, "srv_busy_r3": null, "srv_busy_r4": null, "srv_busy_r5": null, "srv_busy_r6": null, "srv_cores": null, "srv_lag_max_us": null, "srv_lag_n": null, "srv_lag_p50_us": null, "srv_lag_p99_us": null, "srv_main_cores": null, "srv_n_workers": null, "srv_os_rpw": false, "srv_park_per_s": null, "srv_run_lines": false, "srv_thr_r1": null, "srv_thr_r2": null, "srv_thr_r3": null, "srv_threads": [], "srv_top_comm": null, "srv_unpark_per_s": null, "srv_wall_s": null, "srv_workers_cores": null, "status": "LIVE", "summary": true, "thr_any_cli": false, "thr_any_srv": false, "truth_egress_p0": 174506, "truth_egress_p1": 173019, "truth_gso_p0": 4.76, "truth_gso_p1": 4.76, "truth_loss_p0": 0.000991, "truth_loss_p1": 0.001491, "truth_lost_p0": 173, "truth_lost_p1": 258, "truth_rcvbuf_drops": 0, "util": 1.4606968563823046, "wall_s": 10.0, "winline_cli": true, "winline_srv": true}
=== rep=1 seed=7 cell=c1d-400 arm=P0 attempt=1 pipeline=window hint=bulk spec=c1/c1/dual bytes=400000000 bin=/home/vibe/thrp0b/bin/raptorpath sha=047a2270f2726f14 18:19:58
COTENANT c1d-400-P0 s7 rep=1 before=0 after=0 load=3.40 2.35 2.74
--- RWM-C perf pipeline=window mode=dual hint=bulk A=c1 B=c1 ooo=0 extra='' T=default (400000000 x 1) start=20:19:59
{"bytes":400000000,"dnf":0,"hint":"bulk","max_s":8.148,"mean_mbps":392.732,"mean_s":8.148,"median_s":8.148,"min_s":8.148,"proto":"rp-native","runs":1,"stdev_s":0.0,"summary":true}
    CPU: CPUSRV=12.80s CPUCLI=11.65s (srv=decoder cli=sender; whole-invocation incl warmup)
    [THR] sum phase=xfer side=client run=1 workers=6 busy_s=14.795 threads=7 cpu_s=11.580 cores=1.421 wall_s=8.148
    [LAG] phase=xfer side=client run=1 tick_ms=10 n=815 p50_us=179 p99_us=1907 max_us=4916 dropped=0
    [THR] sum phase=xfer side=server obj=0 workers=6 busy_s=0.000 threads=7 cpu_s=0.000 cores=0.000 wall_s=0.000
    [LAG] phase=xfer side=server obj=0 tick_ms=10 n=0 p50_us=- p99_us=- max_us=- dropped=0
    [THR] sum phase=xfer side=server obj=1 workers=6 busy_s=13.284 threads=7 cpu_s=12.720 cores=1.562 wall_s=8.143
    [LAG] phase=xfer side=server obj=1 tick_ms=10 n=813 p50_us=644 p99_us=2107 max_us=7363 dropped=0
[THR] sum phase=xfer side=server obj=1 workers=6 busy_s=13.284 threads=7 cpu_s=12.720 cores=1.562 wall_s=8.143
[LAG] phase=xfer side=server obj=1 tick_ms=10 n=813 p50_us=644 p99_us=2107 max_us=7363 dropped=0
    [TRUTH] leg=0 dev=cli0 egress_dgrams=176919 egress_skbs=36548 gso=4.84 netem_sent_dgrams=176762 netem_dropped_skbs=40 backlog=0 lost=157 loss=0.000887 rcvbuf_drops=0 rcvbuf_scope=netns
    [TRUTH] leg=1 dev=cli1 egress_dgrams=170854 egress_skbs=35332 gso=4.84 netem_sent_dgrams=170624 netem_dropped_skbs=43 backlog=0 lost=230 loss=0.001346 rcvbuf_drops=0 rcvbuf_scope=netns
RUNTIME c1d-400-P0 s7 rep=1 attempt=1 10s rc=0
P0ROW {"arm": "P0", "bin_sha": "047a2270f2726f144ddef46a296b26942fb25f8e0b11ec24a5ae60ca58eeb4ed", "busy_last": 76.0, "busy_med": 94.0, "cad_cli": true, "cad_srv": true, "cadoff_cli": false, "cadoff_srv": false, "cell": "c1d-400", "cli_busy_r1": 0.328, "cli_busy_r2": 0.327, "cli_busy_r3": 0.323, "cli_busy_r4": 0.322, "cli_busy_r5": 0.276, "cli_busy_r6": 0.241, "cli_cores": 1.421, "cli_lag_max_us": 4916.0, "cli_lag_n": 815, "cli_lag_p50_us": 179.0, "cli_lag_p99_us": 1907.0, "cli_main_cores": 0.118, "cli_n_workers": 6, "cli_os_rpw": true, "cli_park_per_s": 20477.785959744724, "cli_thr_r1": 0.232, "cli_thr_r2": 0.229, "cli_thr_r3": 0.222, "cli_threads": [["raptorpath", 0.118], ["rp-w-0", 0.222], ["rp-w-1", 0.19], ["rp-w-2", 0.229], ["rp-w-3", 0.222], ["rp-w-4", 0.207], ["rp-w-5", 0.232]], "cli_top_comm": "rp-w-5", "cli_unpark_per_s": 40955.57191948945, "cli_wall_s": 8.148, "cli_workers_cores": 1.302, "cod": 531, "coded_share": 0.0015925142831436413, "cotenant": 0, "cpu_cli": 11.65, "cpu_srv": 12.8, "cpu_us_per_dgram": 33.498862763929345, "diag_lines": 32, "dnf": false, "egress_dgrams": 347773, "emb_gate_cli": "1", "emb_gate_srv": "1", "feed_ratio_p0": 1.0146561443066515, "feed_ratio_p1": 1.0401188707280833, "gates_cli": true, "gates_srv": true, "gen_guard": false, "header": ["window", "bulk"], "mbps": 392.732, "pa_cli": 0, "pa_srv": 0, "pipe_cli": ["window", "Rlc", "bulk"], "pipe_srv": ["window", "Rlc", "bulk"], "plc_p0": 0.0009, "plc_p1": 0.0014, "plu_last_p0": 0.0009, "plu_last_p1": 0.0009, "plu_med_p0": 0.00065, "plu_med_p1": 0.0008500000000000001, "problems": [], "rc": 0, "rdiag_cli_busy_max": 23.0, "rdiag_cli_busy_med": 17.0, "rdiag_cli_n": 16, "rdiag_cli_q_med": 27.0, "rdiag_gate_cli": "1", "rdiag_gate_srv": "1", "rdiag_srv_busy_max": 94.0, "rdiag_srv_busy_med": 92.0, "rdiag_srv_n": 16, "rdiag_srv_q_med": 390.5, "rep": 1, "seconds": 8.14804, "seed": "7", "src": 332904, "srv_busy_r1": 0.367, "srv_busy_r2": 0.31, "srv_busy_r3": 0.28, "srv_busy_r4": 0.272, "srv_busy_r5": 0.237, "srv_busy_r6": 0.166, "srv_cores": 1.562, "srv_lag_max_us": 7363.0, "srv_lag_n": 813, "srv_lag_p50_us": 644.0, "srv_lag_p99_us": 2107.0, "srv_main_cores": 0.13, "srv_n_workers": 6, "srv_os_rpw": true, "srv_park_per_s": 17071.963649760528, "srv_run_lines": true, "srv_thr_r1": 0.312, "srv_thr_r2": 0.265, "srv_thr_r3": 0.247, "srv_threads": [["raptorpath", 0.13], ["rp-w-0", 0.244], ["rp-w-1", 0.312], ["rp-w-2", 0.247], ["rp-w-3", 0.212], ["rp-w-4", 0.151], ["rp-w-5", 0.265]], "srv_top_comm": "rp-w-1", "srv_unpark_per_s": 34143.68168979491, "srv_wall_s": 8.143, "srv_workers_cores": 1.431, "status": "LIVE", "summary": true, "thr_any_cli": true, "thr_any_srv": true, "truth_egress_p0": 176919, "truth_egress_p1": 170854, "truth_gso_p0": 4.84, "truth_gso_p1": 4.84, "truth_loss_p0": 0.000887, "truth_loss_p1": 0.001346, "truth_lost_p0": 157, "truth_lost_p1": 230, "truth_rcvbuf_drops": 0, "util": 1.4297917045080781, "wall_s": 10.0, "winline_cli": true, "winline_srv": true}
BLOCK-COMPLETE rep=1 seed=7 block=1 2026-10-05T18:20:08Z
=== rep=2 seed=42 cell=c1s-400 arm=P0 attempt=1 pipeline=window hint=bulk spec=c1/c1/single bytes=400000000 bin=/home/vibe/thrp0b/bin/raptorpath sha=047a2270f2726f14 18:20:08
COTENANT c1s-400-P0 s42 rep=2 before=0 after=0 load=3.18 2.34 2.73
--- RWM-C perf pipeline=window mode=single hint=bulk A=c1 B=c1 ooo=0 extra='' T=default (400000000 x 1) start=20:20:10
{"bytes":400000000,"dnf":0,"hint":"bulk","max_s":6.6223,"mean_mbps":483.215,"mean_s":6.6223,"median_s":6.6223,"min_s":6.6223,"proto":"rp-native","runs":1,"stdev_s":0.0,"summary":true}
    CPU: CPUSRV=8.70s CPUCLI=5.88s (srv=decoder cli=sender; whole-invocation incl warmup)
    [THR] sum phase=xfer side=client run=1 workers=6 busy_s=5.909 threads=7 cpu_s=5.820 cores=0.879 wall_s=6.623
    [LAG] phase=xfer side=client run=1 tick_ms=10 n=661 p50_us=1109 p99_us=2229 max_us=5720 dropped=0
    [THR] sum phase=xfer side=server obj=0 workers=6 busy_s=0.000 threads=7 cpu_s=0.000 cores=0.000 wall_s=0.000
    [LAG] phase=xfer side=server obj=0 tick_ms=10 n=0 p50_us=- p99_us=- max_us=- dropped=0
    [THR] sum phase=xfer side=server obj=1 workers=6 busy_s=8.000 threads=7 cpu_s=8.630 cores=1.305 wall_s=6.614
    [LAG] phase=xfer side=server obj=1 tick_ms=10 n=661 p50_us=949 p99_us=1954 max_us=2936 dropped=0
[THR] sum phase=xfer side=server obj=1 workers=6 busy_s=8.000 threads=7 cpu_s=8.630 cores=1.305 wall_s=6.614
[LAG] phase=xfer side=server obj=1 tick_ms=10 n=661 p50_us=949 p99_us=1954 max_us=2936 dropped=0
    [TRUTH] leg=0 dev=cli0 egress_dgrams=340403 egress_skbs=36476 gso=9.33 netem_sent_dgrams=340027 netem_dropped_skbs=39 backlog=0 lost=376 loss=0.001105 rcvbuf_drops=0 rcvbuf_scope=netns
RUNTIME c1s-400-P0 s42 rep=2 attempt=1 9s rc=0
P0ROW {"arm": "P0", "bin_sha": "047a2270f2726f144ddef46a296b26942fb25f8e0b11ec24a5ae60ca58eeb4ed", "busy_last": 39.0, "busy_med": 34.5, "cad_cli": true, "cad_srv": true, "cadoff_cli": false, "cadoff_srv": false, "cell": "c1s-400", "cli_busy_r1": 0.191, "cli_busy_r2": 0.182, "cli_busy_r3": 0.181, "cli_busy_r4": 0.135, "cli_busy_r5": 0.134, "cli_busy_r6": 0.069, "cli_cores": 0.879, "cli_lag_max_us": 5720.0, "cli_lag_n": 661, "cli_lag_p50_us": 1109.0, "cli_lag_p99_us": 2229.0, "cli_main_cores": 0.109, "cli_n_workers": 6, "cli_os_rpw": true, "cli_park_per_s": 8447.984297146308, "cli_thr_r1": 0.162, "cli_thr_r2": 0.159, "cli_thr_r3": 0.159, "cli_threads": [["raptorpath", 0.109], ["rp-w-0", 0.116], ["rp-w-1", 0.159], ["rp-w-2", 0.159], ["rp-w-3", 0.059], ["rp-w-4", 0.116], ["rp-w-5", 0.162]], "cli_top_comm": "rp-w-5", "cli_unpark_per_s": 16896.270572248224, "cli_wall_s": 6.623, "cli_workers_cores": 0.771, "cod": 69, "coded_share": 0.000207205340492428, "cotenant": 0, "cpu_cli": 5.88, "cpu_srv": 8.7, "cpu_us_per_dgram": 17.27364329926587, "diag_lines": 26, "dnf": false, "egress_dgrams": 340403, "emb_gate_cli": "1", "emb_gate_srv": "1", "feed_ratio_p0": 0.995475113122172, "gates_cli": true, "gates_srv": true, "gen_guard": false, "header": ["window", "bulk"], "mbps": 483.215, "pa_cli": 0, "pa_srv": 0, "pipe_cli": ["window", "Rlc", "bulk"], "pipe_srv": ["window", "Rlc", "bulk"], "plc_p0": 0.0011, "plu_last_p0": 0.0001, "plu_med_p0": 0.00025, "problems": [], "rc": 0, "rdiag_cli_busy_max": 13.0, "rdiag_cli_busy_med": 10.0, "rdiag_cli_n": 13, "rdiag_cli_q_med": 59.0, "rdiag_gate_cli": "1", "rdiag_gate_srv": "1", "rdiag_srv_busy_max": 83.0, "rdiag_srv_busy_med": 80.0, "rdiag_srv_n": 13, "rdiag_srv_q_med": 500.0, "rep": 2, "seconds": 6.622307, "seed": "42", "src": 332934, "srv_busy_r1": 0.422, "srv_busy_r2": 0.277, "srv_busy_r3": 0.275, "srv_busy_r4": 0.158, "srv_busy_r5": 0.067, "srv_busy_r6": 0.011, "srv_cores": 1.305, "srv_lag_max_us": 2936.0, "srv_lag_n": 661, "srv_lag_p50_us": 949.0, "srv_lag_p99_us": 1954.0, "srv_main_cores": 0.178, "srv_n_workers": 6, "srv_os_rpw": true, "srv_park_per_s": 8544.451164197159, "srv_run_lines": true, "srv_thr_r1": 0.381, "srv_thr_r2": 0.257, "srv_thr_r3": 0.254, "srv_threads": [["raptorpath", 0.178], ["rp-w-0", 0.151], ["rp-w-1", 0.381], ["rp-w-2", 0.073], ["rp-w-3", 0.257], ["rp-w-4", 0.011], ["rp-w-5", 0.254]], "srv_top_comm": "rp-w-1", "srv_unpark_per_s": 17088.902328394317, "srv_wall_s": 6.614, "srv_workers_cores": 1.127, "status": "LIVE", "summary": true, "thr_any_cli": true, "thr_any_srv": true, "truth_egress_p0": 340403, "truth_gso_p0": 9.33, "truth_loss_p0": 0.001105, "truth_lost_p0": 376, "truth_rcvbuf_drops": 0, "util": 0.8879080960758841, "wall_s": 9.0, "winline_cli": true, "winline_srv": true}
=== rep=2 seed=42 cell=c1s-400 arm=MAIN attempt=1 pipeline=window hint=bulk spec=c1/c1/single bytes=400000000 bin=/home/vibe/thrp0b/bin-main/raptorpath sha=5dccf33bf647f385 18:20:17
COTENANT c1s-400-MAIN s42 rep=2 before=0 after=0 load=3.16 2.36 2.73
--- RWM-C perf pipeline=window mode=single hint=bulk A=c1 B=c1 ooo=0 extra='' T=default (400000000 x 1) start=20:20:19
{"bytes":400000000,"dnf":0,"hint":"bulk","max_s":6.4863,"mean_mbps":493.344,"mean_s":6.4863,"median_s":6.4863,"min_s":6.4863,"proto":"rp-native","runs":1,"stdev_s":0.0,"summary":true}
    CPU: CPUSRV=8.63s CPUCLI=5.99s (srv=decoder cli=sender; whole-invocation incl warmup)
    [TRUTH] leg=0 dev=cli0 egress_dgrams=340340 egress_skbs=36433 gso=9.34 netem_sent_dgrams=339974 netem_dropped_skbs=39 backlog=0 lost=366 loss=0.001075 rcvbuf_drops=0 rcvbuf_scope=netns
RUNTIME c1s-400-MAIN s42 rep=2 attempt=1 9s rc=0
P0ROW {"arm": "MAIN", "bin_sha": "5dccf33bf647f3856a4041085822af0aab8125d7cd9e9302d18d2e61ce763d12", "busy_last": 35.0, "busy_med": 36.0, "cad_cli": true, "cad_srv": true, "cadoff_cli": false, "cadoff_srv": false, "cell": "c1s-400", "cli_busy_r1": null, "cli_busy_r2": null, "cli_busy_r3": null, "cli_busy_r4": null, "cli_busy_r5": null, "cli_busy_r6": null, "cli_cores": null, "cli_lag_max_us": null, "cli_lag_n": null, "cli_lag_p50_us": null, "cli_lag_p99_us": null, "cli_main_cores": null, "cli_n_workers": null, "cli_os_rpw": false, "cli_park_per_s": null, "cli_thr_r1": null, "cli_thr_r2": null, "cli_thr_r3": null, "cli_threads": [], "cli_top_comm": null, "cli_unpark_per_s": null, "cli_wall_s": null, "cli_workers_cores": null, "cod": 68, "coded_share": 0.00020833205678886773, "cotenant": 0, "cpu_cli": 5.99, "cpu_srv": 8.63, "cpu_us_per_dgram": 17.600047011811718, "diag_lines": 25, "dnf": false, "egress_dgrams": 340340, "emb_gate_cli": "1", "emb_gate_srv": "1", "feed_ratio_p0": 1.0232558139534884, "gates_cli": true, "gates_srv": true, "gen_guard": false, "header": ["window", "bulk"], "mbps": 493.344, "pa_cli": 0, "pa_srv": 0, "pipe_cli": ["window", "Rlc", "bulk"], "pipe_srv": ["window", "Rlc", "bulk"], "plc_p0": 0.0011, "plu_last_p0": 0.0002, "plu_med_p0": 0.0003, "problems": [], "rc": 0, "rdiag_cli_busy_max": 13.0, "rdiag_cli_busy_med": 10.0, "rdiag_cli_n": 12, "rdiag_cli_q_med": 58.0, "rdiag_gate_cli": "1", "rdiag_gate_srv": "1", "rdiag_srv_busy_max": 83.0, "rdiag_srv_busy_med": 79.5, "rdiag_srv_n": 12, "rdiag_srv_q_med": 507.0, "rep": 2, "seconds": 6.486346, "seed": "42", "src": 326334, "srv_busy_r1": null, "srv_busy_r2": null, "srv_busy_r3": null, "srv_busy_r4": null, "srv_busy_r5": null, "srv_busy_r6": null, "srv_cores": null, "srv_lag_max_us": null, "srv_lag_n": null, "srv_lag_p50_us": null, "srv_lag_p99_us": null, "srv_main_cores": null, "srv_n_workers": null, "srv_os_rpw": false, "srv_park_per_s": null, "srv_run_lines": false, "srv_thr_r1": null, "srv_thr_r2": null, "srv_thr_r3": null, "srv_threads": [], "srv_top_comm": null, "srv_unpark_per_s": null, "srv_wall_s": null, "srv_workers_cores": null, "status": "LIVE", "summary": true, "thr_any_cli": false, "thr_any_srv": false, "truth_egress_p0": 340340, "truth_gso_p0": 9.34, "truth_loss_p0": 0.001075, "truth_lost_p0": 366, "truth_rcvbuf_drops": 0, "util": 0.9234783343349244, "wall_s": 9.0, "winline_cli": true, "winline_srv": true}
=== rep=2 seed=42 cell=c1d-400 arm=P0 attempt=1 pipeline=window hint=bulk spec=c1/c1/dual bytes=400000000 bin=/home/vibe/thrp0b/bin/raptorpath sha=047a2270f2726f14 18:20:26
COTENANT c1d-400-P0 s42 rep=2 before=0 after=0 load=3.43 2.45 2.76
--- RWM-C perf pipeline=window mode=dual hint=bulk A=c1 B=c1 ooo=0 extra='' T=default (400000000 x 1) start=20:20:28
{"bytes":400000000,"dnf":0,"hint":"bulk","max_s":7.547,"mean_mbps":424.012,"mean_s":7.547,"median_s":7.547,"min_s":7.547,"proto":"rp-native","runs":1,"stdev_s":0.0,"summary":true}
    CPU: CPUSRV=12.20s CPUCLI=11.32s (srv=decoder cli=sender; whole-invocation incl warmup)
    [THR] sum phase=xfer side=client run=1 workers=6 busy_s=14.376 threads=7 cpu_s=11.250 cores=1.491 wall_s=7.547
    [LAG] phase=xfer side=client run=1 tick_ms=10 n=755 p50_us=79 p99_us=1617 max_us=4852 dropped=0
    [THR] sum phase=xfer side=server obj=0 workers=6 busy_s=0.000 threads=7 cpu_s=0.000 cores=0.000 wall_s=0.001
    [LAG] phase=xfer side=server obj=0 tick_ms=10 n=0 p50_us=- p99_us=- max_us=- dropped=0
    [THR] sum phase=xfer side=server obj=1 workers=6 busy_s=12.756 threads=7 cpu_s=12.130 cores=1.609 wall_s=7.540
    [LAG] phase=xfer side=server obj=1 tick_ms=10 n=754 p50_us=992 p99_us=2265 max_us=4371 dropped=0
[THR] sum phase=xfer side=server obj=1 workers=6 busy_s=12.756 threads=7 cpu_s=12.130 cores=1.609 wall_s=7.540
[LAG] phase=xfer side=server obj=1 tick_ms=10 n=754 p50_us=992 p99_us=2265 max_us=4371 dropped=0
    [TRUTH] leg=0 dev=cli0 egress_dgrams=173589 egress_skbs=36308 gso=4.78 netem_sent_dgrams=173436 netem_dropped_skbs=38 backlog=0 lost=153 loss=0.000881 rcvbuf_drops=0 rcvbuf_scope=netns
    [TRUTH] leg=1 dev=cli1 egress_dgrams=173972 egress_skbs=36565 gso=4.76 netem_sent_dgrams=173863 netem_dropped_skbs=27 backlog=0 lost=109 loss=0.000627 rcvbuf_drops=0 rcvbuf_scope=netns
RUNTIME c1d-400-P0 s42 rep=2 attempt=1 10s rc=0
P0ROW {"arm": "P0", "bin_sha": "047a2270f2726f144ddef46a296b26942fb25f8e0b11ec24a5ae60ca58eeb4ed", "busy_last": 99.0, "busy_med": 93.5, "cad_cli": true, "cad_srv": true, "cadoff_cli": false, "cadoff_srv": false, "cell": "c1d-400", "cli_busy_r1": 0.348, "cli_busy_r2": 0.336, "cli_busy_r3": 0.326, "cli_busy_r4": 0.321, "cli_busy_r5": 0.319, "cli_busy_r6": 0.254, "cli_cores": 1.491, "cli_lag_max_us": 4852.0, "cli_lag_n": 755, "cli_lag_p50_us": 79.0, "cli_lag_p99_us": 1617.0, "cli_main_cores": 0.126, "cli_n_workers": 6, "cli_os_rpw": true, "cli_park_per_s": 22980.52206174639, "cli_thr_r1": 0.246, "cli_thr_r2": 0.244, "cli_thr_r3": 0.227, "cli_threads": [["raptorpath", 0.126], ["rp-w-0", 0.246], ["rp-w-1", 0.225], ["rp-w-2", 0.203], ["rp-w-3", 0.22], ["rp-w-4", 0.227], ["rp-w-5", 0.244]], "cli_top_comm": "rp-w-0", "cli_unpark_per_s": 45961.176626474095, "cli_wall_s": 7.547, "cli_workers_cores": 1.365, "cod": 552, "coded_share": 0.0016333438869441971, "cotenant": 0, "cpu_cli": 11.32, "cpu_srv": 12.2, "cpu_us_per_dgram": 32.56982227580195, "diag_lines": 30, "dnf": false, "egress_dgrams": 347561, "emb_gate_cli": "1", "emb_gate_srv": "1", "feed_ratio_p0": 1.0215664018161181, "feed_ratio_p1": 0.9569377990430622, "gates_cli": true, "gates_srv": true, "gen_guard": false, "header": ["window", "bulk"], "mbps": 424.012, "pa_cli": 0, "pa_srv": 0, "pipe_cli": ["window", "Rlc", "bulk"], "pipe_srv": ["window", "Rlc", "bulk"], "plc_p0": 0.0009, "plc_p1": 0.0006, "plu_last_p0": 0.0002, "plu_last_p1": 0.001, "plu_med_p0": 0.0006000000000000001, "plu_med_p1": 0.0007, "problems": [], "rc": 0, "rdiag_cli_busy_max": 23.0, "rdiag_cli_busy_med": 20.0, "rdiag_cli_n": 15, "rdiag_cli_q_med": 21.0, "rdiag_gate_cli": "1", "rdiag_gate_srv": "1", "rdiag_srv_busy_max": 94.0, "rdiag_srv_busy_med": 92.0, "rdiag_srv_n": 15, "rdiag_srv_q_med": 227.0, "rep": 2, "seconds": 7.546959, "seed": "42", "src": 337405, "srv_busy_r1": 0.313, "srv_busy_r2": 0.311, "srv_busy_r3": 0.297, "srv_busy_r4": 0.279, "srv_busy_r5": 0.267, "srv_busy_r6": 0.224, "srv_cores": 1.609, "srv_lag_max_us": 4371.0, "srv_lag_n": 754, "srv_lag_p50_us": 992.0, "srv_lag_p99_us": 2265.0, "srv_main_cores": 0.137, "srv_n_workers": 6, "srv_os_rpw": true, "srv_park_per_s": 19421.61803713528, "srv_run_lines": true, "srv_thr_r1": 0.277, "srv_thr_r2": 0.272, "srv_thr_r3": 0.255, "srv_threads": [["raptorpath", 0.137], ["rp-w-0", 0.232], ["rp-w-1", 0.199], ["rp-w-2", 0.277], ["rp-w-3", 0.272], ["rp-w-4", 0.237], ["rp-w-5", 0.255]], "srv_top_comm": "rp-w-2", "srv_unpark_per_s": 38843.10344827586, "srv_wall_s": 7.54, "srv_workers_cores": 1.472, "status": "LIVE", "summary": true, "thr_any_cli": true, "thr_any_srv": true, "truth_egress_p0": 173589, "truth_egress_p1": 173972, "truth_gso_p0": 4.78, "truth_gso_p1": 4.76, "truth_loss_p0": 0.000881, "truth_loss_p1": 0.000627, "truth_lost_p0": 153, "truth_lost_p1": 109, "truth_rcvbuf_drops": 0, "util": 1.4999418971270415, "wall_s": 10.0, "winline_cli": true, "winline_srv": true}
=== rep=2 seed=42 cell=c1d-400 arm=MAIN attempt=1 pipeline=window hint=bulk spec=c1/c1/dual bytes=400000000 bin=/home/vibe/thrp0b/bin-main/raptorpath sha=5dccf33bf647f385 18:20:36
COTENANT c1d-400-MAIN s42 rep=2 before=0 after=0 load=3.97 2.60 2.80
--- RWM-C perf pipeline=window mode=dual hint=bulk A=c1 B=c1 ooo=0 extra='' T=default (400000000 x 1) start=20:20:37
{"bytes":400000000,"dnf":0,"hint":"bulk","max_s":7.7447,"mean_mbps":413.187,"mean_s":7.7447,"median_s":7.7447,"min_s":7.7447,"proto":"rp-native","runs":1,"stdev_s":0.0,"summary":true}
    CPU: CPUSRV=12.22s CPUCLI=11.31s (srv=decoder cli=sender; whole-invocation incl warmup)
    [TRUTH] leg=0 dev=cli0 egress_dgrams=138211 egress_skbs=28112 gso=4.92 netem_sent_dgrams=138062 netem_dropped_skbs=37 backlog=0 lost=149 loss=0.001078 rcvbuf_drops=0 rcvbuf_scope=netns
    [TRUTH] leg=1 dev=cli1 egress_dgrams=208540 egress_skbs=36973 gso=5.64 netem_sent_dgrams=208349 netem_dropped_skbs=28 backlog=0 lost=191 loss=0.000916 rcvbuf_drops=0 rcvbuf_scope=netns
RUNTIME c1d-400-MAIN s42 rep=2 attempt=1 10s rc=0
P0ROW {"arm": "MAIN", "bin_sha": "5dccf33bf647f3856a4041085822af0aab8125d7cd9e9302d18d2e61ce763d12", "busy_last": 88.0, "busy_med": 93.5, "cad_cli": true, "cad_srv": true, "cadoff_cli": false, "cadoff_srv": false, "cell": "c1d-400", "cli_busy_r1": null, "cli_busy_r2": null, "cli_busy_r3": null, "cli_busy_r4": null, "cli_busy_r5": null, "cli_busy_r6": null, "cli_cores": null, "cli_lag_max_us": null, "cli_lag_n": null, "cli_lag_p50_us": null, "cli_lag_p99_us": null, "cli_main_cores": null, "cli_n_workers": null, "cli_os_rpw": false, "cli_park_per_s": null, "cli_thr_r1": null, "cli_thr_r2": null, "cli_thr_r3": null, "cli_threads": [], "cli_top_comm": null, "cli_unpark_per_s": null, "cli_wall_s": null, "cli_workers_cores": null, "cod": 519, "coded_share": 0.0015738671340758913, "cotenant": 0, "cpu_cli": 11.31, "cpu_srv": 12.22, "cpu_us_per_dgram": 32.61706527162142, "diag_lines": 30, "dnf": false, "egress_dgrams": 346751, "emb_gate_cli": "1", "emb_gate_srv": "1", "feed_ratio_p0": 1.0204081632653061, "feed_ratio_p1": 0.982532751091703, "gates_cli": true, "gates_srv": true, "gen_guard": false, "header": ["window", "bulk"], "mbps": 413.187, "pa_cli": 0, "pa_srv": 0, "pipe_cli": ["window", "Rlc", "bulk"], "pipe_srv": ["window", "Rlc", "bulk"], "plc_p0": 0.0011, "plc_p1": 0.0009, "plu_last_p0": 0.0005, "plu_last_p1": 0.0013, "plu_med_p0": 0.0006, "plu_med_p1": 0.0005499999999999999, "problems": [], "rc": 0, "rdiag_cli_busy_max": 23.0, "rdiag_cli_busy_med": 18.0, "rdiag_cli_n": 15, "rdiag_cli_q_med": 28.0, "rdiag_gate_cli": "1", "rdiag_gate_srv": "1", "rdiag_srv_busy_max": 94.0, "rdiag_srv_busy_med": 92.0, "rdiag_srv_n": 15, "rdiag_srv_q_med": 334.0, "rep": 2, "seconds": 7.744677, "seed": "42", "src": 329242, "srv_busy_r1": null, "srv_busy_r2": null, "srv_busy_r3": null, "srv_busy_r4": null, "srv_busy_r5": null, "srv_busy_r6": null, "srv_cores": null, "srv_lag_max_us": null, "srv_lag_n": null, "srv_lag_p50_us": null, "srv_lag_p99_us": null, "srv_main_cores": null, "srv_n_workers": null, "srv_os_rpw": false, "srv_park_per_s": null, "srv_run_lines": false, "srv_thr_r1": null, "srv_thr_r2": null, "srv_thr_r3": null, "srv_threads": [], "srv_top_comm": null, "srv_unpark_per_s": null, "srv_wall_s": null, "srv_workers_cores": null, "status": "LIVE", "summary": true, "thr_any_cli": false, "thr_any_srv": false, "truth_egress_p0": 138211, "truth_egress_p1": 208540, "truth_gso_p0": 4.92, "truth_gso_p1": 5.64, "truth_loss_p0": 0.001078, "truth_loss_p1": 0.000916, "truth_lost_p0": 149, "truth_lost_p1": 191, "truth_rcvbuf_drops": 0, "util": 1.4603578690241052, "wall_s": 10.0, "winline_cli": true, "winline_srv": true}
BLOCK-COMPLETE rep=2 seed=42 block=2 2026-10-05T18:20:46Z
=== ARMCOUNTS 2026-10-05T18:20:46Z
ARMCOUNT c1s-400-P0 n=3
ARMCOUNT c1s-400-MAIN n=3
ARMCOUNT c1d-400-P0 n=3
ARMCOUNT c1d-400-MAIN n=3
P0-BATTERY-DONE tag=p0 blocks=3 2026-10-05T18:20:46Z
