LOCKS-HELD-BY-ENVELOPE p0_run_all:1558717
=== THREAD-P0 BATTERY tag=smoke blocks='1:42' cells='c1s-400 c1d-400' 2026-10-05T18:18:24Z
=== binary P0 /home/vibe/thrp0b/bin/raptorpath sha256 047a2270f2726f144ddef46a296b26942fb25f8e0b11ec24a5ae60ca58eeb4ed
=== binary MAIN /home/vibe/thrp0b/bin-main/raptorpath sha256 5dccf33bf647f3856a4041085822af0aab8125d7cd9e9302d18d2e61ce763d12
=== source f7180092378240fe36db5bef7da4d532b83bc21a
=== env RWM_GEN=0 RWM_DIAG=1 RWM_RDIAG=1 RWM_PERF_TIMEOUT_S=150 runs=1; every arm env -u RWM_EST_CADENCE RWM_POOL_ANCHOR RWM_EMIT_BATCH RWM_EMIT_BURST RWM_RDIAG, then RWM_RDIAG=1
Model name:                              Intel(R) Xeon(R) CPU E5-2650 v3 @ 2.30GHz
Flags:                                   fpu vme de pse tsc msr pae mce cx8 apic sep mtrr pge mca cmov pat pse36 clflush mmx fxsr sse sse2 ss ht syscall nx pdpe1gb rdtscp lm arch_perfmon rep_good nopl xtopology cpuid tsc_known_freq pni pclmulqdq vmx ssse3 fma cx16 pdcm pcid sse4_1 sse4_2 x2apic movbe popcnt tsc_deadline_timer aes xsave avx f16c rdrand hypervisor lahf_lm abm cpuid_fault pti ssbd ibrs ibpb stibp tpr_shadow flexpriority ept vpid ept_ad fsgsbase tsc_adjust bmi1 avx2 smep bmi2 erms invpcid xsaveopt arat vnmi umip md_clear flush_l1d arch_capabilities
=== rep=1 seed=42 cell=c1s-400 arm=P0 attempt=1 pipeline=window hint=bulk spec=c1/c1/single bytes=400000000 bin=/home/vibe/thrp0b/bin/raptorpath sha=047a2270f2726f14 18:18:24
COTENANT c1s-400-P0 s42 rep=1 before=0 after=0 load=1.14 1.76 2.60
--- RWM-C perf pipeline=window mode=single hint=bulk A=c1 B=c1 ooo=0 extra='' T=default (400000000 x 1) start=20:18:26
{"bytes":400000000,"dnf":0,"hint":"bulk","max_s":6.5271,"mean_mbps":490.262,"mean_s":6.5271,"median_s":6.5271,"min_s":6.5271,"proto":"rp-native","runs":1,"stdev_s":0.0,"summary":true}
    CPU: CPUSRV=8.67s CPUCLI=6.00s (srv=decoder cli=sender; whole-invocation incl warmup)
    [THR] sum phase=xfer side=client run=1 workers=6 busy_s=6.105 threads=7 cpu_s=5.950 cores=0.912 wall_s=6.527
    [LAG] phase=xfer side=client run=1 tick_ms=10 n=653 p50_us=1123 p99_us=2869 max_us=3897 dropped=0
    [THR] sum phase=xfer side=server obj=0 workers=6 busy_s=0.000 threads=7 cpu_s=0.000 cores=0.000 wall_s=0.000
    [LAG] phase=xfer side=server obj=0 tick_ms=10 n=0 p50_us=- p99_us=- max_us=- dropped=0
    [THR] sum phase=xfer side=server obj=1 workers=6 busy_s=8.081 threads=7 cpu_s=8.610 cores=1.320 wall_s=6.521
    [LAG] phase=xfer side=server obj=1 tick_ms=10 n=652 p50_us=564 p99_us=2209 max_us=5277 dropped=0
[THR] sum phase=xfer side=server obj=1 workers=6 busy_s=8.081 threads=7 cpu_s=8.610 cores=1.320 wall_s=6.521
[LAG] phase=xfer side=server obj=1 tick_ms=10 n=652 p50_us=564 p99_us=2209 max_us=5277 dropped=0
    [TRUTH] leg=0 dev=cli0 egress_dgrams=340359 egress_skbs=36458 gso=9.34 netem_sent_dgrams=339999 netem_dropped_skbs=39 backlog=0 lost=360 loss=0.001058 rcvbuf_drops=0 rcvbuf_scope=netns
RUNTIME c1s-400-P0 s42 rep=1 attempt=1 9s rc=0
P0ROW {"arm": "P0", "bin_sha": "047a2270f2726f144ddef46a296b26942fb25f8e0b11ec24a5ae60ca58eeb4ed", "busy_last": 39.0, "busy_med": 35.5, "cad_cli": true, "cad_srv": true, "cadoff_cli": false, "cadoff_srv": false, "cell": "c1s-400", "cli_busy_r1": 0.197, "cli_busy_r2": 0.194, "cli_busy_r3": 0.185, "cli_busy_r4": 0.176, "cli_busy_r5": 0.149, "cli_busy_r6": 0.034, "cli_cores": 0.912, "cli_lag_max_us": 3897.0, "cli_lag_n": 653, "cli_lag_p50_us": 1123.0, "cli_lag_p99_us": 2869.0, "cli_main_cores": 0.109, "cli_n_workers": 6, "cli_os_rpw": true, "cli_park_per_s": 8755.630458097135, "cli_thr_r1": 0.169, "cli_thr_r2": 0.169, "cli_thr_r3": 0.158, "cli_threads": [["raptorpath", 0.109], ["rp-w-0", 0.126], ["rp-w-1", 0.169], ["rp-w-2", 0.031], ["rp-w-3", 0.152], ["rp-w-4", 0.169], ["rp-w-5", 0.158]], "cli_top_comm": "rp-w-1", "cli_unpark_per_s": 17511.26091619427, "cli_wall_s": 6.527, "cli_workers_cores": 0.805, "cod": 68, "coded_share": 0.00020089872636116273, "cotenant": 0, "cpu_cli": 6.0, "cpu_srv": 8.67, "cpu_us_per_dgram": 17.628445259270357, "diag_lines": 26, "dnf": false, "egress_dgrams": 340359, "emb_gate_cli": "1", "emb_gate_srv": "1", "feed_ratio_p0": 1.0396975425330814, "gates_cli": true, "gates_srv": true, "gen_guard": false, "header": ["window", "bulk"], "mbps": 490.262, "pa_cli": 0, "pa_srv": 0, "pipe_cli": ["window", "Rlc", "bulk"], "pipe_srv": ["window", "Rlc", "bulk"], "plc_p0": 0.0011, "plu_last_p0": 0.0135, "plu_med_p0": 0.0003, "problems": [], "rc": 0, "rdiag_cli_busy_max": 12.0, "rdiag_cli_busy_med": 10.0, "rdiag_cli_n": 12, "rdiag_cli_q_med": 59.0, "rdiag_gate_cli": "1", "rdiag_gate_srv": "1", "rdiag_srv_busy_max": 84.0, "rdiag_srv_busy_med": 79.0, "rdiag_srv_n": 12, "rdiag_srv_q_med": 502.0, "rep": 1, "seconds": 6.527118, "seed": "42", "src": 338411, "srv_busy_r1": 0.309, "srv_busy_r2": 0.27, "srv_busy_r3": 0.226, "srv_busy_r4": 0.223, "srv_busy_r5": 0.121, "srv_busy_r6": 0.09, "srv_cores": 1.32, "srv_lag_max_us": 5277.0, "srv_lag_n": 652, "srv_lag_p50_us": 564.0, "srv_lag_p99_us": 2209.0, "srv_main_cores": 0.178, "srv_n_workers": 6, "srv_os_rpw": true, "srv_park_per_s": 8817.51265143383, "srv_run_lines": true, "srv_thr_r1": 0.284, "srv_thr_r2": 0.247, "srv_thr_r3": 0.21, "srv_threads": [["raptorpath", 0.178], ["rp-w-0", 0.247], ["rp-w-1", 0.21], ["rp-w-2", 0.199], ["rp-w-3", 0.113], ["rp-w-4", 0.284], ["rp-w-5", 0.089]], "srv_top_comm": "rp-w-4", "srv_unpark_per_s": 17634.87195215458, "srv_wall_s": 6.521, "srv_workers_cores": 1.142, "status": "LIVE", "summary": true, "thr_any_cli": true, "thr_any_srv": true, "truth_egress_p0": 340359, "truth_gso_p0": 9.34, "truth_loss_p0": 0.001058, "truth_lost_p0": 360, "truth_rcvbuf_drops": 0, "util": 0.9192418460950147, "wall_s": 9.0, "winline_cli": true, "winline_srv": true}
=== rep=1 seed=42 cell=c1s-400 arm=MAIN attempt=1 pipeline=window hint=bulk spec=c1/c1/single bytes=400000000 bin=/home/vibe/thrp0b/bin-main/raptorpath sha=5dccf33bf647f385 18:18:33
COTENANT c1s-400-MAIN s42 rep=1 before=0 after=0 load=1.57 1.83 2.62
--- RWM-C perf pipeline=window mode=single hint=bulk A=c1 B=c1 ooo=0 extra='' T=default (400000000 x 1) start=20:18:35
{"bytes":400000000,"dnf":0,"hint":"bulk","max_s":6.7762,"mean_mbps":472.238,"mean_s":6.7762,"median_s":6.7762,"min_s":6.7762,"proto":"rp-native","runs":1,"stdev_s":0.0,"summary":true}
    CPU: CPUSRV=9.02s CPUCLI=6.11s (srv=decoder cli=sender; whole-invocation incl warmup)
    [TRUTH] leg=0 dev=cli0 egress_dgrams=340290 egress_skbs=36467 gso=9.33 netem_sent_dgrams=339926 netem_dropped_skbs=39 backlog=0 lost=364 loss=0.001070 rcvbuf_drops=0 rcvbuf_scope=netns
RUNTIME c1s-400-MAIN s42 rep=1 attempt=1 9s rc=0
P0ROW {"arm": "MAIN", "bin_sha": "5dccf33bf647f3856a4041085822af0aab8125d7cd9e9302d18d2e61ce763d12", "busy_last": 35.0, "busy_med": 35.0, "cad_cli": true, "cad_srv": true, "cadoff_cli": false, "cadoff_srv": false, "cell": "c1s-400", "cli_busy_r1": null, "cli_busy_r2": null, "cli_busy_r3": null, "cli_busy_r4": null, "cli_busy_r5": null, "cli_busy_r6": null, "cli_cores": null, "cli_lag_max_us": null, "cli_lag_n": null, "cli_lag_p50_us": null, "cli_lag_p99_us": null, "cli_main_cores": null, "cli_n_workers": null, "cli_os_rpw": false, "cli_park_per_s": null, "cli_thr_r1": null, "cli_thr_r2": null, "cli_thr_r3": null, "cli_threads": [], "cli_top_comm": null, "cli_unpark_per_s": null, "cli_wall_s": null, "cli_workers_cores": null, "cod": 65, "coded_share": 0.00019208037825059102, "cotenant": 0, "cpu_cli": 6.11, "cpu_srv": 9.02, "cpu_us_per_dgram": 17.95527344323959, "diag_lines": 27, "dnf": false, "egress_dgrams": 340290, "emb_gate_cli": "1", "emb_gate_srv": "1", "feed_ratio_p0": 0.9345794392523364, "gates_cli": true, "gates_srv": true, "gen_guard": false, "header": ["window", "bulk"], "mbps": 472.238, "pa_cli": 0, "pa_srv": 0, "pipe_cli": ["window", "Rlc", "bulk"], "pipe_srv": ["window", "Rlc", "bulk"], "plc_p0": 0.001, "plu_last_p0": 0.0001, "plu_med_p0": 0.0002, "problems": [], "rc": 0, "rdiag_cli_busy_max": 13.0, "rdiag_cli_busy_med": 10.0, "rdiag_cli_n": 13, "rdiag_cli_q_med": 59.0, "rdiag_gate_cli": "1", "rdiag_gate_srv": "1", "rdiag_srv_busy_max": 82.0, "rdiag_srv_busy_med": 79.0, "rdiag_srv_n": 13, "rdiag_srv_q_med": 547.0, "rep": 1, "seconds": 6.77625, "seed": "42", "src": 338335, "srv_busy_r1": null, "srv_busy_r2": null, "srv_busy_r3": null, "srv_busy_r4": null, "srv_busy_r5": null, "srv_busy_r6": null, "srv_cores": null, "srv_lag_max_us": null, "srv_lag_n": null, "srv_lag_p50_us": null, "srv_lag_p99_us": null, "srv_main_cores": null, "srv_n_workers": null, "srv_os_rpw": false, "srv_park_per_s": null, "srv_run_lines": false, "srv_thr_r1": null, "srv_thr_r2": null, "srv_thr_r3": null, "srv_threads": [], "srv_top_comm": null, "srv_unpark_per_s": null, "srv_wall_s": null, "srv_workers_cores": null, "status": "LIVE", "summary": true, "thr_any_cli": false, "thr_any_srv": false, "truth_egress_p0": 340290, "truth_gso_p0": 9.33, "truth_loss_p0": 0.00107, "truth_lost_p0": 364, "truth_rcvbuf_drops": 0, "util": 0.9016786570743406, "wall_s": 9.0, "winline_cli": true, "winline_srv": true}
=== rep=1 seed=42 cell=c1d-400 arm=P0 attempt=1 pipeline=window hint=bulk spec=c1/c1/dual bytes=400000000 bin=/home/vibe/thrp0b/bin/raptorpath sha=047a2270f2726f14 18:18:42
COTENANT c1d-400-P0 s42 rep=1 before=0 after=0 load=2.16 1.95 2.65
--- RWM-C perf pipeline=window mode=dual hint=bulk A=c1 B=c1 ooo=0 extra='' T=default (400000000 x 1) start=20:18:44
{"bytes":400000000,"dnf":0,"hint":"bulk","max_s":7.6869,"mean_mbps":416.29,"mean_s":7.6869,"median_s":7.6869,"min_s":7.6869,"proto":"rp-native","runs":1,"stdev_s":0.0,"summary":true}
    CPU: CPUSRV=12.52s CPUCLI=11.32s (srv=decoder cli=sender; whole-invocation incl warmup)
    [THR] sum phase=xfer side=client run=1 workers=6 busy_s=14.185 threads=7 cpu_s=11.260 cores=1.465 wall_s=7.687
    [LAG] phase=xfer side=client run=1 tick_ms=10 n=769 p50_us=900 p99_us=2086 max_us=3523 dropped=0
    [THR] sum phase=xfer side=server obj=0 workers=6 busy_s=0.000 threads=7 cpu_s=0.000 cores=0.000 wall_s=0.000
    [LAG] phase=xfer side=server obj=0 tick_ms=10 n=0 p50_us=- p99_us=- max_us=- dropped=0
    [THR] sum phase=xfer side=server obj=1 workers=6 busy_s=13.078 threads=7 cpu_s=12.460 cores=1.622 wall_s=7.681
    [LAG] phase=xfer side=server obj=1 tick_ms=10 n=768 p50_us=592 p99_us=1790 max_us=2402 dropped=0
[THR] sum phase=xfer side=server obj=1 workers=6 busy_s=13.078 threads=7 cpu_s=12.460 cores=1.622 wall_s=7.681
[LAG] phase=xfer side=server obj=1 tick_ms=10 n=768 p50_us=592 p99_us=1790 max_us=2402 dropped=0
    [TRUTH] leg=0 dev=cli0 egress_dgrams=178847 egress_skbs=36891 gso=4.85 netem_sent_dgrams=178704 netem_dropped_skbs=39 backlog=0 lost=143 loss=0.000800 rcvbuf_drops=0 rcvbuf_scope=netns
    [TRUTH] leg=1 dev=cli1 egress_dgrams=169697 egress_skbs=35844 gso=4.73 netem_sent_dgrams=169590 netem_dropped_skbs=27 backlog=0 lost=107 loss=0.000631 rcvbuf_drops=0 rcvbuf_scope=netns
RUNTIME c1d-400-P0 s42 rep=1 attempt=1 10s rc=0
P0ROW {"arm": "P0", "bin_sha": "047a2270f2726f144ddef46a296b26942fb25f8e0b11ec24a5ae60ca58eeb4ed", "busy_last": 99.0, "busy_med": 93.0, "cad_cli": true, "cad_srv": true, "cadoff_cli": false, "cadoff_srv": false, "cell": "c1d-400", "cli_busy_r1": 0.365, "cli_busy_r2": 0.363, "cli_busy_r3": 0.304, "cli_busy_r4": 0.3, "cli_busy_r5": 0.262, "cli_busy_r6": 0.252, "cli_cores": 1.465, "cli_lag_max_us": 3523.0, "cli_lag_n": 769, "cli_lag_p50_us": 900.0, "cli_lag_p99_us": 2086.0, "cli_main_cores": 0.124, "cli_n_workers": 6, "cli_os_rpw": true, "cli_park_per_s": 22943.28086379602, "cli_thr_r1": 0.245, "cli_thr_r2": 0.242, "cli_thr_r3": 0.216, "cli_threads": [["raptorpath", 0.124], ["rp-w-0", 0.212], ["rp-w-1", 0.215], ["rp-w-2", 0.212], ["rp-w-3", 0.216], ["rp-w-4", 0.242], ["rp-w-5", 0.245]], "cli_top_comm": "rp-w-5", "cli_unpark_per_s": 45886.691817353974, "cli_wall_s": 7.687, "cli_workers_cores": 1.342, "cod": 656, "coded_share": 0.001990840917850499, "cotenant": 0, "cpu_cli": 11.32, "cpu_srv": 12.52, "cpu_us_per_dgram": 32.47796547925083, "diag_lines": 30, "dnf": false, "egress_dgrams": 348544, "emb_gate_cli": "1", "emb_gate_srv": "1", "feed_ratio_p0": 1.0, "feed_ratio_p1": 0.9508716323296353, "gates_cli": true, "gates_srv": true, "gen_guard": false, "header": ["window", "bulk"], "mbps": 416.29, "pa_cli": 0, "pa_srv": 0, "pipe_cli": ["window", "Rlc", "bulk"], "pipe_srv": ["window", "Rlc", "bulk"], "plc_p0": 0.0008, "plc_p1": 0.0006, "plu_last_p0": 0.0002, "plu_last_p1": 0.0832, "plu_med_p0": 0.0005, "plu_med_p1": 0.0005499999999999999, "problems": [], "rc": 0, "rdiag_cli_busy_max": 24.0, "rdiag_cli_busy_med": 17.0, "rdiag_cli_n": 15, "rdiag_cli_q_med": 29.0, "rdiag_gate_cli": "1", "rdiag_gate_srv": "1", "rdiag_srv_busy_max": 95.0, "rdiag_srv_busy_med": 92.0, "rdiag_srv_n": 15, "rdiag_srv_q_med": 219.0, "rep": 1, "seconds": 7.68694, "seed": "42", "src": 328853, "srv_busy_r1": 0.343, "srv_busy_r2": 0.29, "srv_busy_r3": 0.282, "srv_busy_r4": 0.281, "srv_busy_r5": 0.27, "srv_busy_r6": 0.236, "srv_cores": 1.622, "srv_lag_max_us": 2402.0, "srv_lag_n": 768, "srv_lag_p50_us": 592.0, "srv_lag_p99_us": 1790.0, "srv_main_cores": 0.134, "srv_n_workers": 6, "srv_os_rpw": true, "srv_park_per_s": 20354.380939981773, "srv_run_lines": true, "srv_thr_r1": 0.298, "srv_thr_r2": 0.254, "srv_thr_r3": 0.249, "srv_threads": [["raptorpath", 0.134], ["rp-w-0", 0.236], ["rp-w-1", 0.254], ["rp-w-2", 0.211], ["rp-w-3", 0.241], ["rp-w-4", 0.298], ["rp-w-5", 0.249]], "srv_top_comm": "rp-w-4", "srv_unpark_per_s": 40708.631688582216, "srv_wall_s": 7.681, "srv_workers_cores": 1.4889999999999999, "status": "LIVE", "summary": true, "thr_any_cli": true, "thr_any_srv": true, "truth_egress_p0": 178847, "truth_egress_p1": 169697, "truth_gso_p0": 4.85, "truth_gso_p1": 4.73, "truth_loss_p0": 0.0008, "truth_loss_p1": 0.000631, "truth_lost_p0": 143, "truth_lost_p1": 107, "truth_rcvbuf_drops": 0, "util": 1.4726275995389584, "wall_s": 10.0, "winline_cli": true, "winline_srv": true}
BLOCK-COMPLETE rep=1 seed=42 block=0 2026-10-05T18:18:52Z
=== ARMCOUNTS 2026-10-05T18:18:52Z
P0-BATTERY-DONE tag=smoke blocks=1 2026-10-05T18:18:52Z
