=== CROWNSPOT stage seed=7 cell=c2 start=2026-10-04T17:14:09Z
=== tail matrix (task #61 flip-gate) @ c2 seed=7 arms='ship', 8 reps/arm (warm tunnel), 50msg/s x20s sizes='400 1200' 19:14:09
--- ship 400B start=19:14:09
ARMENV ship 400B: hint=realtime env='<unset>' flags='' rate=50 dur=20
  ECHO ship 400B tm-s.log: ack-merge ACTIVE (RWM_ACK_MERGE: WINDOW mode sends ONE control datagram per data message instead of two — the legacy per-batch Ack is suppressed, the SACK WindowAck goes unconditional at that cadence and carries the Ack's payload in the v6 cumulative cum_expected/cum_received counters, every Ack-arm consumer re-homed onto the counter diff; BLOCK mode bit-exact; the delivery statistic/cadence/counts unchanged) copa_feed=false
  ECHO ship 400B tm-s.log: A* send-rate anchor ACTIVE (RWM_ASTAR_ANCHOR: windowed-max send rate over ~8 SRTT, clock-gap sample discard)
  ECHO ship 400B tm-s.log: clock-gap estimator hygiene ACTIVE (RWM_CLOCK_GAP: process-clock stall witness, post-stall sample discard at the ack feed sites)
  ECHO ship 400B tm-s.log: estimator heavy-math cadence ACTIVE (RWM_EST_CADENCE: BOCD update at 10 ms/loss-event cadence, accumulated counts)
  ECHO ship 400B tm-s.log: M* peer-report RTT-feed suppression ACTIVE (RWM_MSTAR_ANCHOR plain-live subset: local-echo-only RTT feed + estimator seed-from-sample)
  ECHO ship 400B tm-s.log: quinn congestion controller: BBR (shipped default; RWM_QUIC_CC overrides)
  ECHO ship 400B tm-s.log: RWM_UNIFIED=1 RWM_UNIFIED_SHED=1 RWM_TAPER_R=1 RWM_ASTAR_ANCHOR=1 RWM_MSTAR_ANCHOR=1 RWM_PLAIN_RS=0 RWM_HONEST_ANCHOR=1 RWM_HONEST_K=0 RWM_STORE_SACK_RELEASE=1 RWM_STORE_PATHS=1 RWM_STORE_PATH_POOL=2048 RWM_STORE=unset RWM_STORE_GAIN=2 RWM_STORE_BOOT=128 RWM_THREE_TERM=0 RWM_COMPOSED_CAP=0 RWM_SUM_CAP=1 RWM_LATE_BRAKE=0 RWM_DELTA_CAP=1 RWM_HONEST_CAP=0 RWM_POOL_ANCHOR=0 RWM_ACK_MERGE=1 RWM_LOSS_SENT_TRUTH=0 RWM_RELEASE_1TO1=0 RWM_CHARGE_RECOVERY=0 RWM_SIDLE_DERIVED=0 RWM_COLD_PLACE=0 RWM_PLACE_T_DERIVED=0 RWM_PLACE_HOL=0 RWM_PLACE_WDIV_DERIVED=0 RWM_GEN=1 RWM_PIPELINE=2 RWM_GEN_PIPE=1 RWM_GEN_R=unset RWM_GEN_RATE=9000 RWM_GEN_RATE_FLOOR=2000 RWM_GEN_INFLIGHT=unset RWM_OOO_RETAIN=0/16 RWM_WINDOW=unset RWM_REPORT_GENS=unset RWM_REPAIR_WAIT=unset RWM_CODED_SRC=0 RWM_NO_REACTIVE=0 RWM_XPATH_REPAIR=0 RWM_PROACTIVE_PACER=0 RWM_REASM_BDP=0 RWM_MIN_R=0 RWM_CC_PACE=0 RWM_CC_PACE_HR=1.1 RWM_REACT_CAP=unset RWM_INFL_CAP=0 RWM_INFL_BDP=unset RWM_COPA_FEED=0 RWM_RS_ATTR=1 RWM_EMIT_BATCH=0 RWM_EMIT_BURST=64 RWM_RECOV_MP=1 RWM_RECOV_MP_LAW=1 RWM_RECOV_SP=0 RWM_DERIVED_SWEEP=0 RWM_HOLDDOWN_Q=unset RWM_REFRESH_FLOOR_US=unset RWM_DELTA=unset RWM_COPA_DELTA=unset RWM_COMPLETION_EXPOSURE=0 RWM_RECV_REQUEST_LAW=0 RWM_RANK_FEEDBACK=0 RWM_DIAG=1 RWM_ACKDIAG=0 RWM_ACKDIAG_WINDOW_US=2000000 RWM_RTT_DUMP=0 RWM_RTT_DUMP_MAX=400000 RWM_SUCC_DUMP=0 RWM_SUCC_DUMP_MAX=200000 RWM_WALLDIAG=0 RWM_CPUPROF=0 RWM_RDIAG=0 RWM_FDIAG=0 RWM_TRACE=0 RWM_PFRAC=0
  ECHO ship 400B tm-s.log: RWM_UNIFIED: Realtime rides the RLC span machine (small-δ parameterization, no code-family switch)
  ECHO ship 400B tm-s.log: RWM_UNIFIED: receive path on the unified global decoder (one machine, both wires) generation=false
  ECHO ship 400B tm-s.log: sliding-window FEC mode symbol_size=512 backend=Rlc
  ECHO ship 400B tm-s.log: unified overload shedding ACTIVE at receiver (RWM_UNIFIED_SHED: in-order hold = delta-derived b*SRTT within the eps-class give-up budget)
  ECHO ship 400B tm-s.log: unified overload shedding ACTIVE (RWM_UNIFIED_SHED: past-deadline holes shed within the derived 1-rho budget; =0 = serializing arm)
  ECHO ship 400B tm-s.log: unified span law ACTIVE (RWM_UNIFIED: plain-mode proactive repair over the trailing solvable span [end-A*, end-Δ), A* from δ) hint=Realtime
  ECHO ship 400B tm-c.log: ack-merge ACTIVE (RWM_ACK_MERGE: WINDOW mode sends ONE control datagram per data message instead of two — the legacy per-batch Ack is suppressed, the SACK WindowAck goes unconditional at that cadence and carries the Ack's payload in the v6 cumulative cum_expected/cum_received counters, every Ack-arm consumer re-homed onto the counter diff; BLOCK mode bit-exact; the delivery statistic/cadence/counts unchanged) copa_feed=false
  ECHO ship 400B tm-c.log: A* send-rate anchor ACTIVE (RWM_ASTAR_ANCHOR: windowed-max send rate over ~8 SRTT, clock-gap sample discard)
  ECHO ship 400B tm-c.log: clock-gap estimator hygiene ACTIVE (RWM_CLOCK_GAP: process-clock stall witness, post-stall sample discard at the ack feed sites)
  ECHO ship 400B tm-c.log: estimator heavy-math cadence ACTIVE (RWM_EST_CADENCE: BOCD update at 10 ms/loss-event cadence, accumulated counts)
  ECHO ship 400B tm-c.log: M* peer-report RTT-feed suppression ACTIVE (RWM_MSTAR_ANCHOR plain-live subset: local-echo-only RTT feed + estimator seed-from-sample)
  ECHO ship 400B tm-c.log: quinn congestion controller: BBR (shipped default; RWM_QUIC_CC overrides)
  ECHO ship 400B tm-c.log: RWM_UNIFIED=1 RWM_UNIFIED_SHED=1 RWM_TAPER_R=1 RWM_ASTAR_ANCHOR=1 RWM_MSTAR_ANCHOR=1 RWM_PLAIN_RS=0 RWM_HONEST_ANCHOR=1 RWM_HONEST_K=0 RWM_STORE_SACK_RELEASE=1 RWM_STORE_PATHS=1 RWM_STORE_PATH_POOL=2048 RWM_STORE=unset RWM_STORE_GAIN=2 RWM_STORE_BOOT=128 RWM_THREE_TERM=0 RWM_COMPOSED_CAP=0 RWM_SUM_CAP=1 RWM_LATE_BRAKE=0 RWM_DELTA_CAP=1 RWM_HONEST_CAP=0 RWM_POOL_ANCHOR=0 RWM_ACK_MERGE=1 RWM_LOSS_SENT_TRUTH=0 RWM_RELEASE_1TO1=0 RWM_CHARGE_RECOVERY=0 RWM_SIDLE_DERIVED=0 RWM_COLD_PLACE=0 RWM_PLACE_T_DERIVED=0 RWM_PLACE_HOL=0 RWM_PLACE_WDIV_DERIVED=0 RWM_GEN=1 RWM_PIPELINE=2 RWM_GEN_PIPE=1 RWM_GEN_R=unset RWM_GEN_RATE=9000 RWM_GEN_RATE_FLOOR=2000 RWM_GEN_INFLIGHT=unset RWM_OOO_RETAIN=0/16 RWM_WINDOW=unset RWM_REPORT_GENS=unset RWM_REPAIR_WAIT=unset RWM_CODED_SRC=0 RWM_NO_REACTIVE=0 RWM_XPATH_REPAIR=0 RWM_PROACTIVE_PACER=0 RWM_REASM_BDP=0 RWM_MIN_R=0 RWM_CC_PACE=0 RWM_CC_PACE_HR=1.1 RWM_REACT_CAP=unset RWM_INFL_CAP=0 RWM_INFL_BDP=unset RWM_COPA_FEED=0 RWM_RS_ATTR=1 RWM_EMIT_BATCH=0 RWM_EMIT_BURST=64 RWM_RECOV_MP=1 RWM_RECOV_MP_LAW=1 RWM_RECOV_SP=0 RWM_DERIVED_SWEEP=0 RWM_HOLDDOWN_Q=unset RWM_REFRESH_FLOOR_US=unset RWM_DELTA=unset RWM_COPA_DELTA=unset RWM_COMPLETION_EXPOSURE=0 RWM_RECV_REQUEST_LAW=0 RWM_RANK_FEEDBACK=0 RWM_DIAG=1 RWM_ACKDIAG=0 RWM_ACKDIAG_WINDOW_US=2000000 RWM_RTT_DUMP=0 RWM_RTT_DUMP_MAX=400000 RWM_SUCC_DUMP=0 RWM_SUCC_DUMP_MAX=200000 RWM_WALLDIAG=0 RWM_CPUPROF=0 RWM_RDIAG=0 RWM_FDIAG=0 RWM_TRACE=0 RWM_PFRAC=0
  ECHO ship 400B tm-c.log: RWM_UNIFIED: Realtime rides the RLC span machine (small-δ parameterization, no code-family switch)
  ECHO ship 400B tm-c.log: RWM_UNIFIED: receive path on the unified global decoder (one machine, both wires) generation=false
  ECHO ship 400B tm-c.log: sliding-window FEC mode symbol_size=512 backend=Rlc
  ECHO ship 400B tm-c.log: unified overload shedding ACTIVE at receiver (RWM_UNIFIED_SHED: in-order hold = delta-derived b*SRTT within the eps-class give-up budget)
  ECHO ship 400B tm-c.log: unified overload shedding ACTIVE (RWM_UNIFIED_SHED: past-deadline holes shed within the derived 1-rho budget; =0 = serializing arm)
  ECHO ship 400B tm-c.log: unified span law ACTIVE (RWM_UNIFIED: plain-mode proactive repair over the trailing solvable span [end-A*, end-Δ), A* from δ) hint=Realtime
  ship 400B rep1: p50=7.875ms p99=47.125ms p999=67.056ms max=67.056ms n=1000
  ship 400B rep2: p50=8.247ms p99=36.308ms p999=67.733ms max=67.733ms n=1000
  ship 400B rep3: p50=7.28ms p99=57.992ms p999=90.726ms max=90.726ms n=1000
  ship 400B rep4: p50=7.853ms p99=36.447ms p999=70.7ms max=70.7ms n=1000
  ship 400B rep5: p50=7.991ms p99=34.9ms p999=59.929ms max=59.929ms n=1000
  ship 400B rep6: p50=7.92ms p99=169.436ms p999=300.463ms max=300.463ms n=1000
  ship 400B rep7: p50=7.421ms p99=34.351ms p999=59.929ms max=59.929ms n=1000
  ship 400B rep8: p50=7.905ms p99=36.41ms p999=83.519ms max=83.519ms n=1000
  SPAN ship 400B tm-s.log: [SPAN] t=1.6s ack=1 win=[0,1] wsize=2 a_star=Some(1) delta=Some(1) owed=0.00 rr=0.500 debt=0.00 retx_buf=1 shed=0/0 bud=0.0000 D=5ms ar=0 agap=0/0 dg_rx=7 dg_tx=7
  SPAN ship 400B tm-s.log: [SPAN] t=2.1s ack=27 win=[0,27] wsize=28 a_star=Some(1) delta=Some(1) owed=0.00 rr=0.411 debt=0.07 retx_buf=1 shed=0/2 bud=0.0000 D=5ms ar=129 agap=0/0 dg_rx=65 dg_tx=67
  SPAN ship 400B tm-s.log: [SPAN] t=2.6s ack=52 win=[0,52] wsize=53 a_star=Some(1) delta=Some(1) owed=0.00 rr=0.248 debt=0.24 retx_buf=1 shed=0/2 bud=0.0000 D=6ms ar=64 agap=0/0 dg_rx=115 dg_tx=117
  SPAN ship 400B tm-s.log: [SPAN] t=3.2s ack=78 win=[0,78] wsize=79 a_star=Some(1) delta=Some(1) owed=0.00 rr=0.183 debt=0.08 retx_buf=1 shed=0/3 bud=0.0000 D=5ms ar=70 agap=0/0 dg_rx=167 dg_tx=170
  SPAN ship 400B tm-s.log: [SPAN] t=3.7s ack=104 win=[3,104] wsize=102 a_star=Some(2) delta=Some(1) owed=0.00 rr=0.143 debt=0.04 retx_buf=1 shed=0/4 bud=0.0000 D=5ms ar=215 agap=0/0 dg_rx=222 dg_tx=227
  SPAN ship 400B tm-s.log: [SPAN] t=4.2s ack=130 win=[113,130] wsize=18 a_star=Some(1) delta=Some(1) owed=0.00 rr=0.340 debt=0.00 retx_buf=1 shed=0/4 bud=0.0000 D=6ms ar=67 agap=0/0 dg_rx=275 dg_tx=280
  SPAN ship 400B tm-s.log: [SPAN] t=6.2s ack=229 win=[212,229] wsize=18 a_star=Some(1) delta=Some(1) owed=0.00 rr=0.340 debt=0.00 retx_buf=1 shed=0/10 bud=0.0000 D=5ms ar=68 agap=0/0 dg_rx=483 dg_tx=494
  SPAN ship 400B tm-s.log: [SPAN] t=11.3s ack=479 win=[462,479] wsize=18 a_star=Some(1) delta=Some(1) owed=0.00 rr=0.340 debt=0.00 retx_buf=1 shed=0/18 bud=0.0000 D=5ms ar=70 agap=0/0 dg_rx=996 dg_tx=1017
  SPAN ship 400B tm-s.log: [SPAN] t=16.5s ack=733 win=[716,733] wsize=18 a_star=Some(1) delta=Some(1) owed=0.00 rr=0.340 debt=0.00 retx_buf=1 shed=0/29 bud=0.0000 D=6ms ar=64 agap=0/0 dg_rx=1522 dg_tx=1553
  SPAN ship 400B tm-s.log: [SPAN] t=21.6s ack=988 win=[971,988] wsize=18 a_star=Some(1) delta=Some(1) owed=0.00 rr=0.340 debt=0.00 retx_buf=1 shed=0/35 bud=0.0000 D=5ms ar=67 agap=0/0 dg_rx=2044 dg_tx=2081
  SPAN ship 400B tm-s.log: [SPAN] t=36.2s ack=1213 win=[1196,1213] wsize=18 a_star=Some(1) delta=Some(1) owed=0.00 rr=0.340 debt=0.00 retx_buf=1 shed=0/45 bud=0.0000 D=5ms ar=69 agap=1/100 dg_rx=2524 dg_tx=2571
  SPAN ship 400B tm-s.log: [SPAN] t=41.3s ack=1464 win=[1447,1465] wsize=19 a_star=Some(1) delta=Some(1) owed=0.00 rr=0.330 debt=0.34 retx_buf=2 shed=0/55 bud=0.0000 D=5ms ar=65 agap=1/100 dg_rx=3041 dg_tx=3098
  SPAN ship 400B tm-s.log: [SPAN] t=46.4s ack=1717 win=[1700,1717] wsize=18 a_star=Some(1) delta=Some(1) owed=0.00 rr=0.340 debt=0.00 retx_buf=1 shed=0/64 bud=0.0000 D=5ms ar=63 agap=1/100 dg_rx=3554 dg_tx=3619
  SPAN ship 400B tm-s.log: [SPAN] t=51.6s ack=1969 win=[1952,1969] wsize=18 a_star=Some(1) delta=Some(1) owed=0.00 rr=0.340 debt=0.00 retx_buf=1 shed=0/77 bud=0.0000 D=5ms ar=66 agap=1/100 dg_rx=4080 dg_tx=4156
  SPAN ship 400B tm-s.log: [SPAN] t=66.3s ack=2200 win=[2183,2200] wsize=18 a_star=Some(1) delta=Some(1) owed=0.00 rr=0.340 debt=0.00 retx_buf=1 shed=0/89 bud=0.0000 D=6ms ar=66 agap=2/198 dg_rx=4575 dg_tx=4662
  SPAN ship 400B tm-s.log: [SPAN] t=71.4s ack=2449 win=[2432,2449] wsize=18 a_star=Some(1) delta=Some(1) owed=0.00 rr=0.340 debt=0.00 retx_buf=1 shed=0/97 bud=0.0000 D=6ms ar=64 agap=2/198 dg_rx=5091 dg_tx=5187
  SPAN ship 400B tm-s.log: [SPAN] t=76.5s ack=2703 win=[2686,2703] wsize=18 a_star=Some(1) delta=Some(1) owed=0.00 rr=0.340 debt=0.00 retx_buf=1 shed=0/107 bud=0.0000 D=5ms ar=134 agap=2/198 dg_rx=5620 dg_tx=5726
  SPAN ship 400B tm-s.log: [SPAN] t=81.6s ack=2953 win=[2936,2953] wsize=18 a_star=Some(1) delta=Some(1) owed=0.00 rr=0.340 debt=0.00 retx_buf=1 shed=0/115 bud=0.0000 D=5ms ar=147 agap=2/198 dg_rx=6135 dg_tx=6251
  SPAN ship 400B tm-s.log: [SPAN] t=96.3s ack=3186 win=[3169,3186] wsize=18 a_star=Some(1) delta=Some(1) owed=0.00 rr=0.340 debt=0.00 retx_buf=1 shed=0/124 bud=0.0000 D=6ms ar=129 agap=3/297 dg_rx=6629 dg_tx=6754
  SPAN ship 400B tm-s.log: [SPAN] t=101.5s ack=3438 win=[3421,3438] wsize=18 a_star=Some(1) delta=Some(1) owed=0.00 rr=0.340 debt=0.00 retx_buf=1 shed=0/132 bud=0.0000 D=5ms ar=58 agap=3/297 dg_rx=7151 dg_tx=7282
  SPAN ship 400B tm-s.log: [SPAN] t=106.6s ack=3689 win=[3672,3689] wsize=18 a_star=Some(1) delta=Some(1) owed=0.00 rr=0.340 debt=0.00 retx_buf=1 shed=0/142 bud=0.0000 D=5ms ar=61 agap=3/297 dg_rx=7667 dg_tx=7807
  SPAN ship 400B tm-s.log: [SPAN] t=111.7s ack=3940 win=[3923,3940] wsize=18 a_star=Some(1) delta=Some(1) owed=0.00 rr=0.340 debt=0.00 retx_buf=1 shed=0/147 bud=0.0000 D=5ms ar=68 agap=3/297 dg_rx=8184 dg_tx=8329
  SPAN ship 400B tm-s.log: [SPAN] t=126.4s ack=4170 win=[4153,4170] wsize=18 a_star=Some(1) delta=Some(1) owed=0.00 rr=0.340 debt=0.00 retx_buf=1 shed=0/158 bud=0.0000 D=6ms ar=63 agap=4/395 dg_rx=8664 dg_tx=8816
  SPAN ship 400B tm-s.log: [SPAN] t=131.5s ack=4422 win=[4405,4422] wsize=18 a_star=Some(1) delta=Some(1) owed=0.00 rr=0.340 debt=0.00 retx_buf=1 shed=0/167 bud=0.0000 D=5ms ar=71 agap=4/395 dg_rx=9180 dg_tx=9341
  SPAN ship 400B tm-c.log: [SPAN] t=1.6s ack=1 win=[0,1] wsize=2 a_star=Some(1) delta=Some(1) owed=0.00 rr=0.500 debt=0.00 retx_buf=1 shed=0/0 bud=0.0000 D=5ms ar=0 agap=0/0 dg_rx=6 dg_tx=6
  SPAN ship 400B tm-c.log: [SPAN] t=2.1s ack=29 win=[0,29] wsize=30 a_star=Some(1) delta=Some(1) owed=0.00 rr=0.500 debt=0.00 retx_buf=1 shed=0/3 bud=0.0041 D=5ms ar=100 agap=0/0 dg_rx=66 dg_tx=68
  SPAN ship 400B tm-c.log: [SPAN] t=2.6s ack=54 win=[0,54] wsize=55 a_star=Some(1) delta=Some(1) owed=0.00 rr=0.500 debt=0.00 retx_buf=1 shed=0/3 bud=0.0000 D=4ms ar=51 agap=0/0 dg_rx=116 dg_tx=118
  SPAN ship 400B tm-c.log: [SPAN] t=3.1s ack=80 win=[0,80] wsize=81 a_star=Some(1) delta=Some(1) owed=0.00 rr=0.475 debt=0.03 retx_buf=1 shed=0/3 bud=0.0000 D=5ms ar=53 agap=0/0 dg_rx=169 dg_tx=171
  SPAN ship 400B tm-c.log: [SPAN] t=3.6s ack=106 win=[5,106] wsize=102 a_star=Some(1) delta=Some(1) owed=0.00 rr=0.500 debt=0.00 retx_buf=1 shed=0/7 bud=0.0066 D=6ms ar=99 agap=0/0 dg_rx=224 dg_tx=230
  SPAN ship 400B tm-c.log: [SPAN] t=4.1s ack=131 win=[114,131] wsize=18 a_star=Some(1) delta=Some(1) owed=0.00 rr=0.500 debt=0.00 retx_buf=1 shed=0/7 bud=0.0000 D=5ms ar=50 agap=0/0 dg_rx=275 dg_tx=281
  SPAN ship 400B tm-c.log: [SPAN] t=6.2s ack=234 win=[217,234] wsize=18 a_star=Some(1) delta=Some(1) owed=0.00 rr=0.500 debt=0.00 retx_buf=1 shed=1/17 bud=0.0000 D=5ms ar=51 agap=0/0 dg_rx=489 dg_tx=505
  SPAN ship 400B tm-c.log: [SPAN] t=11.3s ack=493 win=[476,493] wsize=18 a_star=Some(1) delta=Some(1) owed=0.00 rr=0.500 debt=0.00 retx_buf=1 shed=3/29 bud=0.0002 D=5ms ar=51 agap=0/0 dg_rx=1016 dg_tx=1043
  SPAN ship 400B tm-c.log: [SPAN] t=16.4s ack=750 win=[733,750] wsize=18 a_star=Some(1) delta=Some(1) owed=0.00 rr=0.500 debt=0.00 retx_buf=1 shed=6/41 bud=0.0000 D=5ms ar=51 agap=0/0 dg_rx=1546 dg_tx=1584
  SPAN ship 400B tm-c.log: [SPAN] t=21.5s ack=1005 win=[988,1005] wsize=18 a_star=Some(1) delta=Some(1) owed=0.00 rr=0.500 debt=0.00 retx_buf=1 shed=6/51 bud=0.0000 D=6ms ar=50 agap=0/0 dg_rx=2068 dg_tx=2112
  SPAN ship 400B tm-c.log: [SPAN] t=36.3s ack=1250 win=[1233,1250] wsize=18 a_star=Some(1) delta=Some(1) owed=0.00 rr=0.500 debt=0.00 retx_buf=1 shed=6/68 bud=0.0000 D=5ms ar=54 agap=1/101 dg_rx=2582 dg_tx=2635
  SPAN ship 400B tm-c.log: [SPAN] t=41.4s ack=1509 win=[1492,1509] wsize=18 a_star=Some(1) delta=Some(1) owed=0.00 rr=0.500 debt=0.00 retx_buf=1 shed=10/80 bud=0.0000 D=5ms ar=52 agap=1/101 dg_rx=3110 dg_tx=3177
  SPAN ship 400B tm-c.log: [SPAN] t=46.5s ack=1764 win=[1747,1764] wsize=18 a_star=Some(1) delta=Some(1) owed=0.00 rr=0.500 debt=0.00 retx_buf=1 shed=10/87 bud=0.0000 D=6ms ar=54 agap=1/101 dg_rx=3630 dg_tx=3704
  SPAN ship 400B tm-c.log: [SPAN] t=51.6s ack=2020 win=[2003,2020] wsize=18 a_star=Some(1) delta=Some(1) owed=0.00 rr=0.500 debt=0.00 retx_buf=1 shed=10/105 bud=0.0006 D=5ms ar=54 agap=1/101 dg_rx=4161 dg_tx=4246
  SPAN ship 400B tm-c.log: [SPAN] t=66.3s ack=2256 win=[2239,2256] wsize=18 a_star=Some(1) delta=Some(1) owed=0.00 rr=0.500 debt=0.00 retx_buf=1 shed=10/125 bud=0.0003 D=4ms ar=57 agap=2/202 dg_rx=4659 dg_tx=4755
  SPAN ship 400B tm-c.log: [SPAN] t=71.4s ack=2518 win=[2501,2518] wsize=18 a_star=Some(1) delta=Some(1) owed=0.00 rr=0.500 debt=0.00 retx_buf=1 shed=10/141 bud=0.0000 D=5ms ar=53 agap=2/202 dg_rx=5194 dg_tx=5305
  SPAN ship 400B tm-c.log: [SPAN] t=76.6s ack=2776 win=[2759,2776] wsize=18 a_star=Some(1) delta=Some(1) owed=0.00 rr=0.500 debt=0.00 retx_buf=1 shed=11/156 bud=0.0045 D=6ms ar=118 agap=2/202 dg_rx=5729 dg_tx=5846
  SPAN ship 400B tm-c.log: [SPAN] t=81.7s ack=3034 win=[3017,3034] wsize=18 a_star=Some(1) delta=Some(1) owed=0.00 rr=0.500 debt=0.00 retx_buf=1 shed=11/169 bud=0.0001 D=5ms ar=103 agap=2/202 dg_rx=6258 dg_tx=6384
  SPAN ship 400B tm-c.log: [SPAN] t=96.3s ack=3269 win=[3252,3269] wsize=18 a_star=Some(1) delta=Some(1) owed=0.00 rr=0.500 debt=0.00 retx_buf=1 shed=11/185 bud=0.0055 D=5ms ar=54 agap=3/303 dg_rx=6751 dg_tx=6890
  SPAN ship 400B tm-c.log: [SPAN] t=101.4s ack=3526 win=[3509,3526] wsize=18 a_star=Some(1) delta=Some(1) owed=0.00 rr=0.500 debt=0.00 retx_buf=1 shed=11/202 bud=0.0000 D=5ms ar=50 agap=3/303 dg_rx=7277 dg_tx=7429
  SPAN ship 400B tm-c.log: [SPAN] t=106.5s ack=3783 win=[3766,3783] wsize=18 a_star=Some(1) delta=Some(1) owed=0.00 rr=0.500 debt=0.00 retx_buf=1 shed=13/212 bud=0.0000 D=5ms ar=55 agap=3/303 dg_rx=7800 dg_tx=7962
  SPAN ship 400B tm-c.log: [SPAN] t=111.6s ack=4038 win=[4021,4038] wsize=18 a_star=Some(1) delta=Some(1) owed=0.00 rr=0.490 debt=0.00 retx_buf=1 shed=14/220 bud=0.0025 D=5ms ar=101 agap=3/303 dg_rx=8320 dg_tx=8486
  SPAN ship 400B tm-c.log: [SPAN] t=126.4s ack=4278 win=[4261,4278] wsize=18 a_star=Some(1) delta=Some(1) owed=0.00 rr=0.475 debt=0.01 retx_buf=1 shed=15/224 bud=0.0000 D=5ms ar=52 agap=4/404 dg_rx=8817 dg_tx=8987
  SPAN ship 400B tm-c.log: [SPAN] t=131.5s ack=4537 win=[4520,4537] wsize=18 a_star=Some(1) delta=Some(1) owed=0.00 rr=0.465 debt=0.03 retx_buf=1 shed=15/231 bud=0.0000 D=5ms ar=65 agap=4/404 dg_rx=9346 dg_tx=9519
  EVICT ship 400B tm-s.log: [RFA] gen=0 fires=242 false=67 false_frac=0.2769 fill_coded=60 fill_src=115 dup_src=50 preempt_src=17 src_n=8047 rep_n=217 nu_recv=0.03007 fa_class=0.0625 rep_redundant=152 late_after_aban=72
  EVICT ship 400B tm-s.log: [SUCC] gen=0 det=153 res=65 orig_n=58 orig_p50_us=40 orig_p90_us=5632 orig_p99_us=6144 orig_mx_us=6472 orig_mean_us=2048 rep_n=7 rep_p50_us=48 rep_p90_us=4608 rep_p99_us=4608 rep_mx_us=4789 rep_mean_us=719 aban_n=88 aban_p50_us=6656 aban_p90_us=7168 aban_p99_us=7680 aban_mx_us=7946 aban_mean_us=6832 open=0 over=0 orig_frac=0.8923 cross_us=- dump=0/0 sp_n=65 xp_n=0 xp_frac=0.0000 sp_p50_us=48 sp_p90_us=5120 xp_p50_us=- xp_p90_us=- rtx_n=58
  EVICT ship 400B tm-s.log: [ETA] site=sender fhat_us=1791134284874758 n=7899 zero=0.0000 place_n=0 cold_r=- cold_ge=- t_eff=- t_cold=- t_n=0 hol_sh=- hol_n=0 hol_mv=- hol_calls=0 hol_w=- p0:n=7738/7899 drop=0 tau_us=5398 e_p50=3072 e_p90=5632 e_p99=7168 e_mx=19367 late=0.9150 sig_us=4022/n3
  EVICT ship 400B tm-s.log: [LAT] site=receiver n=7982 over=60 p0:n=7922 nowait=90 minrst=8 ax_n=7922 ax_p50=3072 ax_p90=5120 ax_p95=5632 ax_p99=5632 ax_sum=24874197 rwxp_n=0 rwxp_p50=- rwxp_p95=- rwxp_sum=0 rwsp_n=7825 rwsp_p50=2 rwsp_p95=4 rwsp_sum=129135 rwrep_n=7 rwrep_p50=48 rwrep_p95=4608 rwrep_sum=5042 rep_n=7 rep_p50=48 rep_p95=4608 rep_sum=5037 tot_p50=3072 tot_p95=5632 tot_p99=5632 sh_ax=0.9944 sh_rwxp=0.0000 sh_rwsp=0.0052 sh_rwrep=0.0002 sh_rep=0.0002
  EVICT ship 400B tm-c.log: [RFA] gen=0 fires=307 false=307 false_frac=1.0000 fill_coded=0 fill_src=0 dup_src=307 preempt_src=0 src_n=8168 rep_n=1 nu_recv=0.03759 fa_class=0.0625 rep_redundant=1 late_after_aban=0
  EVICT ship 400B tm-c.log: [SUCC] gen=0 det=0 res=0 orig_n=0 orig_p50_us=- orig_p90_us=- orig_p99_us=- orig_mx_us=- orig_mean_us=- rep_n=0 rep_p50_us=- rep_p90_us=- rep_p99_us=- rep_mx_us=- rep_mean_us=- aban_n=0 aban_p50_us=- aban_p90_us=- aban_p99_us=- aban_mx_us=- aban_mean_us=- open=0 over=0 orig_frac=- cross_us=- dump=0/0 sp_n=0 xp_n=0 xp_frac=- sp_p50_us=- sp_p90_us=- xp_p50_us=- xp_p90_us=- rtx_n=0
  EVICT ship 400B tm-c.log: [ETA] site=sender fhat_us=1791134284869921 n=8094 zero=0.0000 place_n=0 cold_r=- cold_ge=- t_eff=- t_cold=- t_n=0 hol_sh=- hol_n=0 hol_mv=- hol_calls=0 hol_w=- p0:n=7851/8094 drop=0 tau_us=5599 e_p50=2816 e_p90=5632 e_p99=7168 e_mx=19379 late=0.8716 sig_us=4259/n2
  EVICT ship 400B tm-c.log: [LAT] site=receiver n=7861 over=0 p0:n=7861 nowait=23 minrst=10 ax_n=7861 ax_p50=3328 ax_p90=5120 ax_p95=5632 ax_p99=5632 ax_sum=26945736 rwxp_n=0 rwxp_p50=- rwxp_p95=- rwxp_sum=0 rwsp_n=7838 rwsp_p50=1 rwsp_p95=3 rwsp_sum=13716 rwrep_n=0 rwrep_p50=- rwrep_p95=- rwrep_sum=0 rep_n=0 rep_p50=- rep_p95=- rep_sum=0 tot_p50=3328 tot_p95=5632 tot_p99=5632 sh_ax=0.9995 sh_rwxp=0.0000 sh_rwsp=0.0005 sh_rwrep=0.0000 sh_rep=0.0000
ARM ship 400B: n=8 min=34 median=36 max=169
--- ship 1200B start=19:18:14
ARMENV ship 1200B: hint=realtime env='<unset>' flags='' rate=50 dur=20
  ECHO ship 1200B tm-s.log: ack-merge ACTIVE (RWM_ACK_MERGE: WINDOW mode sends ONE control datagram per data message instead of two — the legacy per-batch Ack is suppressed, the SACK WindowAck goes unconditional at that cadence and carries the Ack's payload in the v6 cumulative cum_expected/cum_received counters, every Ack-arm consumer re-homed onto the counter diff; BLOCK mode bit-exact; the delivery statistic/cadence/counts unchanged) copa_feed=false
  ECHO ship 1200B tm-s.log: A* send-rate anchor ACTIVE (RWM_ASTAR_ANCHOR: windowed-max send rate over ~8 SRTT, clock-gap sample discard)
  ECHO ship 1200B tm-s.log: clock-gap estimator hygiene ACTIVE (RWM_CLOCK_GAP: process-clock stall witness, post-stall sample discard at the ack feed sites)
  ECHO ship 1200B tm-s.log: estimator heavy-math cadence ACTIVE (RWM_EST_CADENCE: BOCD update at 10 ms/loss-event cadence, accumulated counts)
  ECHO ship 1200B tm-s.log: M* peer-report RTT-feed suppression ACTIVE (RWM_MSTAR_ANCHOR plain-live subset: local-echo-only RTT feed + estimator seed-from-sample)
  ECHO ship 1200B tm-s.log: quinn congestion controller: BBR (shipped default; RWM_QUIC_CC overrides)
  ECHO ship 1200B tm-s.log: RWM_UNIFIED=1 RWM_UNIFIED_SHED=1 RWM_TAPER_R=1 RWM_ASTAR_ANCHOR=1 RWM_MSTAR_ANCHOR=1 RWM_PLAIN_RS=0 RWM_HONEST_ANCHOR=1 RWM_HONEST_K=0 RWM_STORE_SACK_RELEASE=1 RWM_STORE_PATHS=1 RWM_STORE_PATH_POOL=2048 RWM_STORE=unset RWM_STORE_GAIN=2 RWM_STORE_BOOT=128 RWM_THREE_TERM=0 RWM_COMPOSED_CAP=0 RWM_SUM_CAP=1 RWM_LATE_BRAKE=0 RWM_DELTA_CAP=1 RWM_HONEST_CAP=0 RWM_POOL_ANCHOR=0 RWM_ACK_MERGE=1 RWM_LOSS_SENT_TRUTH=0 RWM_RELEASE_1TO1=0 RWM_CHARGE_RECOVERY=0 RWM_SIDLE_DERIVED=0 RWM_COLD_PLACE=0 RWM_PLACE_T_DERIVED=0 RWM_PLACE_HOL=0 RWM_PLACE_WDIV_DERIVED=0 RWM_GEN=1 RWM_PIPELINE=2 RWM_GEN_PIPE=1 RWM_GEN_R=unset RWM_GEN_RATE=9000 RWM_GEN_RATE_FLOOR=2000 RWM_GEN_INFLIGHT=unset RWM_OOO_RETAIN=0/16 RWM_WINDOW=unset RWM_REPORT_GENS=unset RWM_REPAIR_WAIT=unset RWM_CODED_SRC=0 RWM_NO_REACTIVE=0 RWM_XPATH_REPAIR=0 RWM_PROACTIVE_PACER=0 RWM_REASM_BDP=0 RWM_MIN_R=0 RWM_CC_PACE=0 RWM_CC_PACE_HR=1.1 RWM_REACT_CAP=unset RWM_INFL_CAP=0 RWM_INFL_BDP=unset RWM_COPA_FEED=0 RWM_RS_ATTR=1 RWM_EMIT_BATCH=0 RWM_EMIT_BURST=64 RWM_RECOV_MP=1 RWM_RECOV_MP_LAW=1 RWM_RECOV_SP=0 RWM_DERIVED_SWEEP=0 RWM_HOLDDOWN_Q=unset RWM_REFRESH_FLOOR_US=unset RWM_DELTA=unset RWM_COPA_DELTA=unset RWM_COMPLETION_EXPOSURE=0 RWM_RECV_REQUEST_LAW=0 RWM_RANK_FEEDBACK=0 RWM_DIAG=1 RWM_ACKDIAG=0 RWM_ACKDIAG_WINDOW_US=2000000 RWM_RTT_DUMP=0 RWM_RTT_DUMP_MAX=400000 RWM_SUCC_DUMP=0 RWM_SUCC_DUMP_MAX=200000 RWM_WALLDIAG=0 RWM_CPUPROF=0 RWM_RDIAG=0 RWM_FDIAG=0 RWM_TRACE=0 RWM_PFRAC=0
  ECHO ship 1200B tm-s.log: RWM_UNIFIED: Realtime rides the RLC span machine (small-δ parameterization, no code-family switch)
  ECHO ship 1200B tm-s.log: RWM_UNIFIED: receive path on the unified global decoder (one machine, both wires) generation=false
  ECHO ship 1200B tm-s.log: sliding-window FEC mode symbol_size=512 backend=Rlc
  ECHO ship 1200B tm-s.log: unified overload shedding ACTIVE at receiver (RWM_UNIFIED_SHED: in-order hold = delta-derived b*SRTT within the eps-class give-up budget)
  ECHO ship 1200B tm-s.log: unified overload shedding ACTIVE (RWM_UNIFIED_SHED: past-deadline holes shed within the derived 1-rho budget; =0 = serializing arm)
  ECHO ship 1200B tm-s.log: unified span law ACTIVE (RWM_UNIFIED: plain-mode proactive repair over the trailing solvable span [end-A*, end-Δ), A* from δ) hint=Realtime
  ECHO ship 1200B tm-c.log: ack-merge ACTIVE (RWM_ACK_MERGE: WINDOW mode sends ONE control datagram per data message instead of two — the legacy per-batch Ack is suppressed, the SACK WindowAck goes unconditional at that cadence and carries the Ack's payload in the v6 cumulative cum_expected/cum_received counters, every Ack-arm consumer re-homed onto the counter diff; BLOCK mode bit-exact; the delivery statistic/cadence/counts unchanged) copa_feed=false
  ECHO ship 1200B tm-c.log: A* send-rate anchor ACTIVE (RWM_ASTAR_ANCHOR: windowed-max send rate over ~8 SRTT, clock-gap sample discard)
  ECHO ship 1200B tm-c.log: clock-gap estimator hygiene ACTIVE (RWM_CLOCK_GAP: process-clock stall witness, post-stall sample discard at the ack feed sites)
  ECHO ship 1200B tm-c.log: estimator heavy-math cadence ACTIVE (RWM_EST_CADENCE: BOCD update at 10 ms/loss-event cadence, accumulated counts)
  ECHO ship 1200B tm-c.log: M* peer-report RTT-feed suppression ACTIVE (RWM_MSTAR_ANCHOR plain-live subset: local-echo-only RTT feed + estimator seed-from-sample)
  ECHO ship 1200B tm-c.log: quinn congestion controller: BBR (shipped default; RWM_QUIC_CC overrides)
  ECHO ship 1200B tm-c.log: RWM_UNIFIED=1 RWM_UNIFIED_SHED=1 RWM_TAPER_R=1 RWM_ASTAR_ANCHOR=1 RWM_MSTAR_ANCHOR=1 RWM_PLAIN_RS=0 RWM_HONEST_ANCHOR=1 RWM_HONEST_K=0 RWM_STORE_SACK_RELEASE=1 RWM_STORE_PATHS=1 RWM_STORE_PATH_POOL=2048 RWM_STORE=unset RWM_STORE_GAIN=2 RWM_STORE_BOOT=128 RWM_THREE_TERM=0 RWM_COMPOSED_CAP=0 RWM_SUM_CAP=1 RWM_LATE_BRAKE=0 RWM_DELTA_CAP=1 RWM_HONEST_CAP=0 RWM_POOL_ANCHOR=0 RWM_ACK_MERGE=1 RWM_LOSS_SENT_TRUTH=0 RWM_RELEASE_1TO1=0 RWM_CHARGE_RECOVERY=0 RWM_SIDLE_DERIVED=0 RWM_COLD_PLACE=0 RWM_PLACE_T_DERIVED=0 RWM_PLACE_HOL=0 RWM_PLACE_WDIV_DERIVED=0 RWM_GEN=1 RWM_PIPELINE=2 RWM_GEN_PIPE=1 RWM_GEN_R=unset RWM_GEN_RATE=9000 RWM_GEN_RATE_FLOOR=2000 RWM_GEN_INFLIGHT=unset RWM_OOO_RETAIN=0/16 RWM_WINDOW=unset RWM_REPORT_GENS=unset RWM_REPAIR_WAIT=unset RWM_CODED_SRC=0 RWM_NO_REACTIVE=0 RWM_XPATH_REPAIR=0 RWM_PROACTIVE_PACER=0 RWM_REASM_BDP=0 RWM_MIN_R=0 RWM_CC_PACE=0 RWM_CC_PACE_HR=1.1 RWM_REACT_CAP=unset RWM_INFL_CAP=0 RWM_INFL_BDP=unset RWM_COPA_FEED=0 RWM_RS_ATTR=1 RWM_EMIT_BATCH=0 RWM_EMIT_BURST=64 RWM_RECOV_MP=1 RWM_RECOV_MP_LAW=1 RWM_RECOV_SP=0 RWM_DERIVED_SWEEP=0 RWM_HOLDDOWN_Q=unset RWM_REFRESH_FLOOR_US=unset RWM_DELTA=unset RWM_COPA_DELTA=unset RWM_COMPLETION_EXPOSURE=0 RWM_RECV_REQUEST_LAW=0 RWM_RANK_FEEDBACK=0 RWM_DIAG=1 RWM_ACKDIAG=0 RWM_ACKDIAG_WINDOW_US=2000000 RWM_RTT_DUMP=0 RWM_RTT_DUMP_MAX=400000 RWM_SUCC_DUMP=0 RWM_SUCC_DUMP_MAX=200000 RWM_WALLDIAG=0 RWM_CPUPROF=0 RWM_RDIAG=0 RWM_FDIAG=0 RWM_TRACE=0 RWM_PFRAC=0
  ECHO ship 1200B tm-c.log: RWM_UNIFIED: Realtime rides the RLC span machine (small-δ parameterization, no code-family switch)
  ECHO ship 1200B tm-c.log: RWM_UNIFIED: receive path on the unified global decoder (one machine, both wires) generation=false
  ECHO ship 1200B tm-c.log: sliding-window FEC mode symbol_size=512 backend=Rlc
  ECHO ship 1200B tm-c.log: unified overload shedding ACTIVE at receiver (RWM_UNIFIED_SHED: in-order hold = delta-derived b*SRTT within the eps-class give-up budget)
  ECHO ship 1200B tm-c.log: unified overload shedding ACTIVE (RWM_UNIFIED_SHED: past-deadline holes shed within the derived 1-rho budget; =0 = serializing arm)
  ECHO ship 1200B tm-c.log: unified span law ACTIVE (RWM_UNIFIED: plain-mode proactive repair over the trailing solvable span [end-A*, end-Δ), A* from δ) hint=Realtime
  ship 1200B rep1: p50=8.413ms p99=620.789ms p999=753.215ms max=753.215ms n=1000
  ship 1200B rep2: p50=8.001ms p99=38.004ms p999=61.003ms max=61.003ms n=1000
  ship 1200B rep3: p50=8.108ms p99=35.076ms p999=41.994ms max=41.994ms n=1000
  ship 1200B rep4: p50=8.327ms p99=48.205ms p999=106.157ms max=106.157ms n=1000
  ship 1200B rep5: p50=8.381ms p99=41.612ms p999=79.631ms max=79.631ms n=1000
  ship 1200B rep6: p50=8.202ms p99=42.95ms p999=82.86ms max=82.86ms n=1000
  ship 1200B rep7: p50=8.202ms p99=48.596ms p999=88.035ms max=88.035ms n=1000
  ship 1200B rep8: p50=8.196ms p99=38.605ms p999=57.112ms max=57.112ms n=1000
  SPAN ship 1200B tm-s.log: [SPAN] t=1.6s ack=1 win=[0,1] wsize=2 a_star=Some(1) delta=Some(1) owed=0.00 rr=0.500 debt=0.00 retx_buf=1 shed=0/0 bud=0.0000 D=4ms ar=0 agap=0/0 dg_rx=7 dg_tx=7
  SPAN ship 1200B tm-s.log: [SPAN] t=2.1s ack=42 win=[0,42] wsize=43 a_star=Some(1) delta=Some(1) owed=0.00 rr=0.256 debt=0.22 retx_buf=1 shed=0/0 bud=0.0000 D=5ms ar=165 agap=0/0 dg_rx=142 dg_tx=144
  SPAN ship 1200B tm-s.log: [SPAN] t=2.6s ack=82 win=[0,83] wsize=84 a_star=Some(2) delta=Some(1) owed=0.00 rr=0.149 debt=0.19 retx_buf=2 shed=0/3 bud=0.0000 D=6ms ar=175 agap=0/0 dg_rx=265 dg_tx=270
  SPAN ship 1200B tm-s.log: [SPAN] t=3.2s ack=125 win=[24,125] wsize=102 a_star=Some(1) delta=Some(1) owed=0.00 rr=0.130 debt=0.02 retx_buf=1 shed=0/5 bud=0.0000 D=6ms ar=153 agap=0/0 dg_rx=395 dg_tx=402
  SPAN ship 1200B tm-s.log: [SPAN] t=3.7s ack=165 win=[64,166] wsize=103 a_star=Some(1) delta=Some(1) owed=0.00 rr=0.104 debt=0.11 retx_buf=2 shed=0/8 bud=0.0000 D=5ms ar=167 agap=0/0 dg_rx=528 dg_tx=541
  SPAN ship 1200B tm-s.log: [SPAN] t=4.2s ack=206 win=[189,207] wsize=19 a_star=Some(2) delta=Some(1) owed=0.00 rr=0.330 debt=0.34 retx_buf=2 shed=0/9 bud=0.0000 D=6ms ar=201 agap=0/0 dg_rx=669 dg_tx=685
  SPAN ship 1200B tm-s.log: [SPAN] t=6.2s ack=361 win=[344,361] wsize=18 a_star=Some(1) delta=Some(1) owed=0.00 rr=0.335 debt=0.03 retx_buf=1 shed=0/13 bud=0.0000 D=5ms ar=163 agap=0/0 dg_rx=1236 dg_tx=1257
  SPAN ship 1200B tm-s.log: [SPAN] t=11.3s ack=755 win=[738,755] wsize=18 a_star=Some(1) delta=Some(1) owed=0.00 rr=0.330 debt=0.00 retx_buf=1 shed=0/27 bud=0.0000 D=5ms ar=141 agap=0/0 dg_rx=2670 dg_tx=2714
  SPAN ship 1200B tm-s.log: [SPAN] t=16.3s ack=1134 win=[1117,1134] wsize=18 a_star=Some(2) delta=Some(1) owed=0.00 rr=0.330 debt=0.01 retx_buf=1 shed=0/31 bud=0.0000 D=6ms ar=246 agap=0/0 dg_rx=4068 dg_tx=4121
  SPAN ship 1200B tm-s.log: [SPAN] t=31.7s ack=1504 win=[1487,1504] wsize=18 a_star=Some(2) delta=Some(1) owed=0.00 rr=0.335 debt=0.00 retx_buf=1 shed=0/42 bud=0.0000 D=5ms ar=192 agap=2/44 dg_rx=5508 dg_tx=5576
  SPAN ship 1200B tm-s.log: [SPAN] t=36.7s ack=1896 win=[1879,1900] wsize=22 a_star=Some(1) delta=Some(1) owed=0.00 rr=0.305 debt=0.97 retx_buf=5 shed=0/51 bud=0.0000 D=5ms ar=167 agap=2/155 dg_rx=6927 dg_tx=7015
  SPAN ship 1200B tm-s.log: [SPAN] t=41.8s ack=2268 win=[2251,2270] wsize=20 a_star=Some(2) delta=Some(1) owed=0.00 rr=0.320 debt=0.67 retx_buf=3 shed=0/66 bud=0.0000 D=5ms ar=342 agap=2/155 dg_rx=8350 dg_tx=8455
  SPAN ship 1200B tm-s.log: [SPAN] t=46.9s ack=2646 win=[2629,2646] wsize=18 a_star=Some(1) delta=Some(1) owed=0.00 rr=0.335 debt=0.01 retx_buf=1 shed=0/77 bud=0.0000 D=5ms ar=121 agap=2/155 dg_rx=9767 dg_tx=9881
  SPAN ship 1200B tm-s.log: [SPAN] t=61.7s ack=2994 win=[2977,2994] wsize=18 a_star=Some(2) delta=Some(1) owed=0.00 rr=0.340 debt=0.00 retx_buf=1 shed=0/90 bud=0.0000 D=6ms ar=174 agap=3/156 dg_rx=11097 dg_tx=11229
  SPAN ship 1200B tm-s.log: [SPAN] t=66.8s ack=3394 win=[3377,3394] wsize=18 a_star=Some(1) delta=Some(1) owed=0.00 rr=0.330 debt=0.00 retx_buf=1 shed=0/103 bud=0.0000 D=5ms ar=142 agap=3/260 dg_rx=12539 dg_tx=12693
  SPAN ship 1200B tm-s.log: [SPAN] t=71.9s ack=3784 win=[3767,3784] wsize=18 a_star=Some(2) delta=Some(1) owed=0.00 rr=0.330 debt=0.01 retx_buf=1 shed=0/112 bud=0.0000 D=6ms ar=159 agap=3/260 dg_rx=13980 dg_tx=14143
  SPAN ship 1200B tm-s.log: [SPAN] t=77.0s ack=4183 win=[4166,4183] wsize=18 a_star=Some(1) delta=Some(1) owed=0.00 rr=0.335 debt=0.01 retx_buf=1 shed=0/121 bud=0.0000 D=5ms ar=178 agap=3/260 dg_rx=15424 dg_tx=15600
  SPAN ship 1200B tm-s.log: [SPAN] t=91.7s ack=4544 win=[4527,4544] wsize=18 a_star=Some(1) delta=Some(1) owed=0.00 rr=0.340 debt=0.00 retx_buf=1 shed=0/127 bud=0.0000 D=5ms ar=164 agap=4/261 dg_rx=16748 dg_tx=16931
  SPAN ship 1200B tm-s.log: [SPAN] t=96.8s ack=4932 win=[4915,4932] wsize=18 a_star=Some(1) delta=Some(1) owed=0.00 rr=0.340 debt=0.00 retx_buf=1 shed=0/135 bud=0.0000 D=5ms ar=158 agap=4/367 dg_rx=18163 dg_tx=18363
  SPAN ship 1200B tm-s.log: [SPAN] t=101.9s ack=5318 win=[5301,5318] wsize=18 a_star=Some(2) delta=Some(1) owed=0.00 rr=0.330 debt=0.01 retx_buf=1 shed=0/155 bud=0.0000 D=5ms ar=285 agap=4/367 dg_rx=19602 dg_tx=19828
  SPAN ship 1200B tm-s.log: [SPAN] t=107.0s ack=5701 win=[5684,5701] wsize=18 a_star=Some(1) delta=Some(1) owed=0.00 rr=0.340 debt=0.01 retx_buf=1 shed=0/166 bud=0.0000 D=5ms ar=117 agap=4/367 dg_rx=21026 dg_tx=21264
  SPAN ship 1200B tm-s.log: [SPAN] t=121.7s ack=6073 win=[6056,6073] wsize=18 a_star=Some(1) delta=Some(1) owed=0.00 rr=0.340 debt=0.00 retx_buf=1 shed=0/169 bud=0.0000 D=5ms ar=109 agap=5/368 dg_rx=22366 dg_tx=22607
  SPAN ship 1200B tm-s.log: [SPAN] t=126.9s ack=6460 win=[6443,6461] wsize=19 a_star=Some(2) delta=Some(1) owed=0.00 rr=0.330 debt=0.35 retx_buf=2 shed=0/179 bud=0.0000 D=5ms ar=173 agap=5/477 dg_rx=23793 dg_tx=24052
  SPAN ship 1200B tm-s.log: [SPAN] t=131.9s ack=6860 win=[6843,6860] wsize=18 a_star=Some(2) delta=Some(1) owed=0.00 rr=0.330 debt=0.03 retx_buf=1 shed=0/191 bud=0.0000 D=5ms ar=187 agap=5/477 dg_rx=25249 dg_tx=25525
  SPAN ship 1200B tm-c.log: [SPAN] t=1.6s ack=1 win=[0,1] wsize=2 a_star=Some(1) delta=Some(1) owed=0.00 rr=0.500 debt=0.00 retx_buf=1 shed=0/0 bud=0.0000 D=5ms ar=0 agap=0/0 dg_rx=6 dg_tx=6
  SPAN ship 1200B tm-c.log: [SPAN] t=2.1s ack=78 win=[0,78] wsize=79 a_star=Some(2) delta=Some(1) owed=0.00 rr=0.145 debt=0.51 retx_buf=1 shed=0/0 bud=0.0000 D=6ms ar=198 agap=0/0 dg_rx=142 dg_tx=142
  SPAN ship 1200B tm-c.log: [SPAN] t=2.6s ack=153 win=[52,154] wsize=103 a_star=Some(1) delta=Some(1) owed=0.00 rr=0.218 debt=0.52 retx_buf=2 shed=0/2 bud=0.0000 D=5ms ar=172 agap=0/0 dg_rx=266 dg_tx=267
  SPAN ship 1200B tm-c.log: [SPAN] t=3.1s ack=230 win=[129,230] wsize=102 a_star=Some(4) delta=Some(1) owed=0.00 rr=0.260 debt=0.16 retx_buf=1 shed=0/9 bud=0.0000 D=6ms ar=540 agap=0/0 dg_rx=396 dg_tx=399
  SPAN ship 1200B tm-c.log: [SPAN] t=3.6s ack=306 win=[205,308] wsize=104 a_star=Some(2) delta=Some(1) owed=0.00 rr=0.500 debt=0.00 retx_buf=3 shed=0/24 bud=0.0092 D=5ms ar=201 agap=0/0 dg_rx=520 dg_tx=539
  SPAN ship 1200B tm-c.log: [SPAN] t=4.1s ack=384 win=[367,386] wsize=20 a_star=Some(2) delta=Some(1) owed=0.00 rr=0.500 debt=0.00 retx_buf=3 shed=1/29 bud=0.0000 D=5ms ar=249 agap=0/0 dg_rx=674 dg_tx=691
  SPAN ship 1200B tm-c.log: [SPAN] t=6.2s ack=690 win=[673,690] wsize=18 a_star=Some(1) delta=Some(1) owed=0.00 rr=0.500 debt=0.00 retx_buf=1 shed=3/49 bud=0.0000 D=5ms ar=151 agap=0/0 dg_rx=1248 dg_tx=1272
  SPAN ship 1200B tm-c.log: [SPAN] t=11.2s ack=1455 win=[1438,1456] wsize=19 a_star=Some(2) delta=Some(1) owed=0.00 rr=0.500 debt=0.50 retx_buf=2 shed=11/97 bud=0.0017 D=5ms ar=221 agap=0/0 dg_rx=2689 dg_tx=2743
  SPAN ship 1200B tm-c.log: [SPAN] t=16.3s ack=2218 win=[2201,2220] wsize=20 a_star=Some(2) delta=Some(1) owed=0.00 rr=0.500 debt=0.00 retx_buf=3 shed=12/127 bud=0.0000 D=5ms ar=243 agap=0/0 dg_rx=4099 dg_tx=4173
  SPAN ship 1200B tm-c.log: [SPAN] t=21.6s ack=3015 win=[2998,3015] wsize=18 a_star=Some(2) delta=Some(1) owed=0.00 rr=0.500 debt=0.00 retx_buf=1 shed=19/150 bud=0.0033 D=6ms ar=200 agap=1/34 dg_rx=5565 dg_tx=5661
  SPAN ship 1200B tm-c.log: [SPAN] t=36.2s ack=3704 win=[3687,3706] wsize=20 a_star=Some(2) delta=Some(1) owed=0.00 rr=0.500 debt=0.00 retx_buf=3 shed=20/177 bud=0.0000 D=5ms ar=200 agap=2/135 dg_rx=6868 dg_tx=6981
  SPAN ship 1200B tm-c.log: [SPAN] t=41.2s ack=4467 win=[4450,4469] wsize=20 a_star=Some(1) delta=Some(1) owed=0.00 rr=0.500 debt=0.00 retx_buf=3 shed=21/241 bud=0.0000 D=5ms ar=152 agap=2/135 dg_rx=8286 dg_tx=8431
  SPAN ship 1200B tm-c.log: [SPAN] t=46.3s ack=5231 win=[5214,5231] wsize=18 a_star=Some(1) delta=Some(1) owed=0.00 rr=0.500 debt=0.00 retx_buf=1 shed=24/304 bud=0.0000 D=6ms ar=151 agap=2/135 dg_rx=9721 dg_tx=9894
  SPAN ship 1200B tm-c.log: [SPAN] t=51.4s ack=5995 win=[5978,5997] wsize=20 a_star=Some(1) delta=Some(1) owed=0.00 rr=0.500 debt=0.00 retx_buf=3 shed=25/343 bud=0.0059 D=5ms ar=154 agap=2/135 dg_rx=11126 dg_tx=11328
  SPAN ship 1200B tm-c.log: [SPAN] t=66.3s ack=6733 win=[6716,6733] wsize=18 a_star=Some(4) delta=Some(1) owed=0.00 rr=0.500 debt=0.00 retx_buf=1 shed=26/378 bud=0.0000 D=6ms ar=493 agap=3/236 dg_rx=12533 dg_tx=12747
  SPAN ship 1200B tm-c.log: [SPAN] t=71.3s ack=7502 win=[7485,7502] wsize=18 a_star=Some(1) delta=Some(1) owed=0.00 rr=0.500 debt=0.00 retx_buf=1 shed=30/432 bud=0.0000 D=5ms ar=151 agap=3/236 dg_rx=13980 dg_tx=14218
  SPAN ship 1200B tm-c.log: [SPAN] t=76.4s ack=8262 win=[8245,8262] wsize=18 a_star=Some(1) delta=Some(1) owed=0.00 rr=0.500 debt=0.00 retx_buf=1 shed=36/479 bud=0.0000 D=5ms ar=154 agap=3/236 dg_rx=15416 dg_tx=15675
  SPAN ship 1200B tm-c.log: [SPAN] t=81.4s ack=9022 win=[9005,9024] wsize=20 a_star=Some(1) delta=Some(1) owed=0.00 rr=0.500 debt=0.00 retx_buf=3 shed=38/506 bud=0.0000 D=6ms ar=151 agap=3/236 dg_rx=16840 dg_tx=17116
  SPAN ship 1200B tm-c.log: [SPAN] t=96.3s ack=9758 win=[9741,9758] wsize=18 a_star=Some(1) delta=Some(1) owed=0.00 rr=0.500 debt=0.00 retx_buf=1 shed=44/526 bud=0.0000 D=6ms ar=163 agap=4/338 dg_rx=18217 dg_tx=18506
  SPAN ship 1200B tm-c.log: [SPAN] t=101.3s ack=10519 win=[10502,10521] wsize=20 a_star=Some(1) delta=Some(1) owed=0.00 rr=0.500 debt=0.00 retx_buf=3 shed=49/588 bud=0.0000 D=5ms ar=151 agap=4/338 dg_rx=19654 dg_tx=19973
  SPAN ship 1200B tm-c.log: [SPAN] t=106.4s ack=11283 win=[11266,11285] wsize=20 a_star=Some(2) delta=Some(1) owed=0.00 rr=0.500 debt=0.00 retx_buf=3 shed=61/634 bud=0.0000 D=6ms ar=163 agap=4/338 dg_rx=21084 dg_tx=21440
  SPAN ship 1200B tm-c.log: [SPAN] t=111.4s ack=12045 win=[12028,12047] wsize=20 a_star=Some(2) delta=Some(1) owed=0.00 rr=0.500 debt=1.00 retx_buf=3 shed=61/656 bud=0.0000 D=6ms ar=198 agap=4/338 dg_rx=22510 dg_tx=22873
  SPAN ship 1200B tm-c.log: [SPAN] t=126.3s ack=12784 win=[12767,12784] wsize=18 a_star=Some(1) delta=Some(1) owed=0.00 rr=0.500 debt=0.00 retx_buf=1 shed=63/681 bud=0.0000 D=5ms ar=152 agap=5/440 dg_rx=23900 dg_tx=24277
  SPAN ship 1200B tm-c.log: [SPAN] t=131.4s ack=13551 win=[13534,13551] wsize=18 a_star=Some(2) delta=Some(1) owed=0.00 rr=0.500 debt=0.00 retx_buf=1 shed=67/742 bud=0.0000 D=5ms ar=248 agap=5/440 dg_rx=25358 dg_tx=25761
  EVICT ship 1200B tm-s.log: [RFA] gen=0 fires=1024 false=379 false_frac=0.3701 fill_coded=119 fill_src=526 dup_src=269 preempt_src=110 src_n=24304 rep_n=8003 nu_recv=0.04213 fa_class=0.0625 rep_redundant=7824 late_after_aban=457
  EVICT ship 1200B tm-s.log: [SUCC] gen=0 det=695 res=187 orig_n=157 orig_p50_us=36 orig_p90_us=4608 orig_p99_us=13312 orig_mx_us=14110 orig_mean_us=1030 rep_n=30 rep_p50_us=88 rep_p90_us=12288 rep_p99_us=13312 rep_mx_us=14110 rep_mean_us=3934 aban_n=508 aban_p50_us=6656 aban_p90_us=7168 aban_p99_us=7680 aban_mx_us=10460 aban_mean_us=6890 open=0 over=0 orig_frac=0.8396 cross_us=- dump=0/0 sp_n=187 xp_n=0 xp_frac=0.0000 sp_p50_us=36 sp_p90_us=5632 xp_p50_us=- xp_p90_us=- rtx_n=157
  EVICT ship 1200B tm-s.log: [ETA] site=sender fhat_us=1791134530471993 n=12224 zero=0.0000 place_n=0 cold_r=- cold_ge=- t_eff=- t_cold=- t_n=0 hol_sh=- hol_n=0 hol_mv=- hol_calls=0 hol_w=- p0:n=11943/12224 drop=85 tau_us=5360 e_p50=2816 e_p90=5120 e_p99=7168 e_mx=20484 late=0.9217 sig_us=2554/n30
  EVICT ship 1200B tm-s.log: [LAT] site=receiver n=23633 over=339 p0:n=23522 nowait=12324 minrst=11 ax_n=23522 ax_p50=3328 ax_p90=5120 ax_p95=5632 ax_p99=5632 ax_sum=79421878 rwxp_n=0 rwxp_p50=- rwxp_p95=- rwxp_sum=0 rwsp_n=11174 rwsp_p50=1 rwsp_p95=3 rwsp_sum=106052 rwrep_n=24 rwrep_p50=36 rwrep_p95=4608 rwrep_sum=41851 rep_n=29 rep_p50=3840 rep_p95=13312 rep_sum=119675 tot_p50=3328 tot_p95=5632 tot_p99=5632 sh_ax=0.9966 sh_rwxp=0.0000 sh_rwsp=0.0013 sh_rwrep=0.0005 sh_rep=0.0015
  EVICT ship 1200B tm-c.log: [RFA] gen=0 fires=356 false=356 false_frac=1.0000 fill_coded=0 fill_src=0 dup_src=356 preempt_src=0 src_n=12522 rep_n=68 nu_recv=0.02843 fa_class=0.0625 rep_redundant=67 late_after_aban=0
  EVICT ship 1200B tm-c.log: [SUCC] gen=0 det=0 res=0 orig_n=0 orig_p50_us=- orig_p90_us=- orig_p99_us=- orig_mx_us=- orig_mean_us=- rep_n=0 rep_p50_us=- rep_p90_us=- rep_p99_us=- rep_mx_us=- rep_mean_us=- aban_n=0 aban_p50_us=- aban_p90_us=- aban_p99_us=- aban_mx_us=- aban_mean_us=- open=0 over=0 orig_frac=- cross_us=- dump=0/0 sp_n=0 xp_n=0 xp_frac=- sp_p50_us=- sp_p90_us=- xp_p50_us=- xp_p90_us=- rtx_n=0
  EVICT ship 1200B tm-c.log: [ETA] site=sender fhat_us=1791134530444774 n=24225 zero=0.0000 place_n=0 cold_r=- cold_ge=- t_eff=- t_cold=- t_n=0 hol_sh=- hol_n=0 hol_mv=- hol_calls=0 hol_w=- p0:n=23510/24225 drop=450 tau_us=6133 e_p50=2560 e_p90=5120 e_p99=7168 e_mx=18982 late=0.8919 sig_us=5196/n7
  EVICT ship 1200B tm-c.log: [LAT] site=receiver n=12166 over=0 p0:n=12166 nowait=1943 minrst=8 ax_n=12166 ax_p50=3328 ax_p90=5120 ax_p95=5632 ax_p99=5632 ax_sum=42241432 rwxp_n=0 rwxp_p50=- rwxp_p95=- rwxp_sum=0 rwsp_n=10223 rwsp_p50=1 rwsp_p95=2 rwsp_sum=13030 rwrep_n=0 rwrep_p50=- rwrep_p95=- rwrep_sum=0 rep_n=0 rep_p50=- rep_p95=- rep_sum=0 tot_p50=3328 tot_p95=5632 tot_p99=5632 sh_ax=0.9997 sh_rwxp=0.0000 sh_rwsp=0.0003 sh_rwrep=0.0000 sh_rep=0.0000
ARM ship 1200B: n=8 min=35 median=42 max=621
=== done 19:22:20
EXIT rc=0 (19:22:20)
=== CROWNSPOT stage seed=7 cell=c2 rc=0 end=2026-10-04T17:22:20Z
=== CROWNSPOT stage seed=7 cell=c3 start=2026-10-04T17:22:20Z
=== tail matrix (task #61 flip-gate) @ c3 seed=7 arms='ship', 8 reps/arm (warm tunnel), 50msg/s x20s sizes='400 1200' 19:22:20
--- ship 400B start=19:22:20
ARMENV ship 400B: hint=realtime env='<unset>' flags='' rate=50 dur=20
  ECHO ship 400B tm-s.log: ack-merge ACTIVE (RWM_ACK_MERGE: WINDOW mode sends ONE control datagram per data message instead of two — the legacy per-batch Ack is suppressed, the SACK WindowAck goes unconditional at that cadence and carries the Ack's payload in the v6 cumulative cum_expected/cum_received counters, every Ack-arm consumer re-homed onto the counter diff; BLOCK mode bit-exact; the delivery statistic/cadence/counts unchanged) copa_feed=false
  ECHO ship 400B tm-s.log: A* send-rate anchor ACTIVE (RWM_ASTAR_ANCHOR: windowed-max send rate over ~8 SRTT, clock-gap sample discard)
  ECHO ship 400B tm-s.log: clock-gap estimator hygiene ACTIVE (RWM_CLOCK_GAP: process-clock stall witness, post-stall sample discard at the ack feed sites)
  ECHO ship 400B tm-s.log: estimator heavy-math cadence ACTIVE (RWM_EST_CADENCE: BOCD update at 10 ms/loss-event cadence, accumulated counts)
  ECHO ship 400B tm-s.log: M* peer-report RTT-feed suppression ACTIVE (RWM_MSTAR_ANCHOR plain-live subset: local-echo-only RTT feed + estimator seed-from-sample)
  ECHO ship 400B tm-s.log: quinn congestion controller: BBR (shipped default; RWM_QUIC_CC overrides)
  ECHO ship 400B tm-s.log: RWM_UNIFIED=1 RWM_UNIFIED_SHED=1 RWM_TAPER_R=1 RWM_ASTAR_ANCHOR=1 RWM_MSTAR_ANCHOR=1 RWM_PLAIN_RS=0 RWM_HONEST_ANCHOR=1 RWM_HONEST_K=0 RWM_STORE_SACK_RELEASE=1 RWM_STORE_PATHS=1 RWM_STORE_PATH_POOL=2048 RWM_STORE=unset RWM_STORE_GAIN=2 RWM_STORE_BOOT=128 RWM_THREE_TERM=0 RWM_COMPOSED_CAP=0 RWM_SUM_CAP=1 RWM_LATE_BRAKE=0 RWM_DELTA_CAP=1 RWM_HONEST_CAP=0 RWM_POOL_ANCHOR=0 RWM_ACK_MERGE=1 RWM_LOSS_SENT_TRUTH=0 RWM_RELEASE_1TO1=0 RWM_CHARGE_RECOVERY=0 RWM_SIDLE_DERIVED=0 RWM_COLD_PLACE=0 RWM_PLACE_T_DERIVED=0 RWM_PLACE_HOL=0 RWM_PLACE_WDIV_DERIVED=0 RWM_GEN=1 RWM_PIPELINE=2 RWM_GEN_PIPE=1 RWM_GEN_R=unset RWM_GEN_RATE=9000 RWM_GEN_RATE_FLOOR=2000 RWM_GEN_INFLIGHT=unset RWM_OOO_RETAIN=0/16 RWM_WINDOW=unset RWM_REPORT_GENS=unset RWM_REPAIR_WAIT=unset RWM_CODED_SRC=0 RWM_NO_REACTIVE=0 RWM_XPATH_REPAIR=0 RWM_PROACTIVE_PACER=0 RWM_REASM_BDP=0 RWM_MIN_R=0 RWM_CC_PACE=0 RWM_CC_PACE_HR=1.1 RWM_REACT_CAP=unset RWM_INFL_CAP=0 RWM_INFL_BDP=unset RWM_COPA_FEED=0 RWM_RS_ATTR=1 RWM_EMIT_BATCH=0 RWM_EMIT_BURST=64 RWM_RECOV_MP=1 RWM_RECOV_MP_LAW=1 RWM_RECOV_SP=0 RWM_DERIVED_SWEEP=0 RWM_HOLDDOWN_Q=unset RWM_REFRESH_FLOOR_US=unset RWM_DELTA=unset RWM_COPA_DELTA=unset RWM_COMPLETION_EXPOSURE=0 RWM_RECV_REQUEST_LAW=0 RWM_RANK_FEEDBACK=0 RWM_DIAG=1 RWM_ACKDIAG=0 RWM_ACKDIAG_WINDOW_US=2000000 RWM_RTT_DUMP=0 RWM_RTT_DUMP_MAX=400000 RWM_SUCC_DUMP=0 RWM_SUCC_DUMP_MAX=200000 RWM_WALLDIAG=0 RWM_CPUPROF=0 RWM_RDIAG=0 RWM_FDIAG=0 RWM_TRACE=0 RWM_PFRAC=0
  ECHO ship 400B tm-s.log: RWM_UNIFIED: Realtime rides the RLC span machine (small-δ parameterization, no code-family switch)
  ECHO ship 400B tm-s.log: RWM_UNIFIED: receive path on the unified global decoder (one machine, both wires) generation=false
  ECHO ship 400B tm-s.log: sliding-window FEC mode symbol_size=512 backend=Rlc
  ECHO ship 400B tm-s.log: unified overload shedding ACTIVE at receiver (RWM_UNIFIED_SHED: in-order hold = delta-derived b*SRTT within the eps-class give-up budget)
  ECHO ship 400B tm-s.log: unified overload shedding ACTIVE (RWM_UNIFIED_SHED: past-deadline holes shed within the derived 1-rho budget; =0 = serializing arm)
  ECHO ship 400B tm-s.log: unified span law ACTIVE (RWM_UNIFIED: plain-mode proactive repair over the trailing solvable span [end-A*, end-Δ), A* from δ) hint=Realtime
  ECHO ship 400B tm-c.log: ack-merge ACTIVE (RWM_ACK_MERGE: WINDOW mode sends ONE control datagram per data message instead of two — the legacy per-batch Ack is suppressed, the SACK WindowAck goes unconditional at that cadence and carries the Ack's payload in the v6 cumulative cum_expected/cum_received counters, every Ack-arm consumer re-homed onto the counter diff; BLOCK mode bit-exact; the delivery statistic/cadence/counts unchanged) copa_feed=false
  ECHO ship 400B tm-c.log: A* send-rate anchor ACTIVE (RWM_ASTAR_ANCHOR: windowed-max send rate over ~8 SRTT, clock-gap sample discard)
  ECHO ship 400B tm-c.log: clock-gap estimator hygiene ACTIVE (RWM_CLOCK_GAP: process-clock stall witness, post-stall sample discard at the ack feed sites)
  ECHO ship 400B tm-c.log: estimator heavy-math cadence ACTIVE (RWM_EST_CADENCE: BOCD update at 10 ms/loss-event cadence, accumulated counts)
  ECHO ship 400B tm-c.log: M* peer-report RTT-feed suppression ACTIVE (RWM_MSTAR_ANCHOR plain-live subset: local-echo-only RTT feed + estimator seed-from-sample)
  ECHO ship 400B tm-c.log: quinn congestion controller: BBR (shipped default; RWM_QUIC_CC overrides)
  ECHO ship 400B tm-c.log: RWM_UNIFIED=1 RWM_UNIFIED_SHED=1 RWM_TAPER_R=1 RWM_ASTAR_ANCHOR=1 RWM_MSTAR_ANCHOR=1 RWM_PLAIN_RS=0 RWM_HONEST_ANCHOR=1 RWM_HONEST_K=0 RWM_STORE_SACK_RELEASE=1 RWM_STORE_PATHS=1 RWM_STORE_PATH_POOL=2048 RWM_STORE=unset RWM_STORE_GAIN=2 RWM_STORE_BOOT=128 RWM_THREE_TERM=0 RWM_COMPOSED_CAP=0 RWM_SUM_CAP=1 RWM_LATE_BRAKE=0 RWM_DELTA_CAP=1 RWM_HONEST_CAP=0 RWM_POOL_ANCHOR=0 RWM_ACK_MERGE=1 RWM_LOSS_SENT_TRUTH=0 RWM_RELEASE_1TO1=0 RWM_CHARGE_RECOVERY=0 RWM_SIDLE_DERIVED=0 RWM_COLD_PLACE=0 RWM_PLACE_T_DERIVED=0 RWM_PLACE_HOL=0 RWM_PLACE_WDIV_DERIVED=0 RWM_GEN=1 RWM_PIPELINE=2 RWM_GEN_PIPE=1 RWM_GEN_R=unset RWM_GEN_RATE=9000 RWM_GEN_RATE_FLOOR=2000 RWM_GEN_INFLIGHT=unset RWM_OOO_RETAIN=0/16 RWM_WINDOW=unset RWM_REPORT_GENS=unset RWM_REPAIR_WAIT=unset RWM_CODED_SRC=0 RWM_NO_REACTIVE=0 RWM_XPATH_REPAIR=0 RWM_PROACTIVE_PACER=0 RWM_REASM_BDP=0 RWM_MIN_R=0 RWM_CC_PACE=0 RWM_CC_PACE_HR=1.1 RWM_REACT_CAP=unset RWM_INFL_CAP=0 RWM_INFL_BDP=unset RWM_COPA_FEED=0 RWM_RS_ATTR=1 RWM_EMIT_BATCH=0 RWM_EMIT_BURST=64 RWM_RECOV_MP=1 RWM_RECOV_MP_LAW=1 RWM_RECOV_SP=0 RWM_DERIVED_SWEEP=0 RWM_HOLDDOWN_Q=unset RWM_REFRESH_FLOOR_US=unset RWM_DELTA=unset RWM_COPA_DELTA=unset RWM_COMPLETION_EXPOSURE=0 RWM_RECV_REQUEST_LAW=0 RWM_RANK_FEEDBACK=0 RWM_DIAG=1 RWM_ACKDIAG=0 RWM_ACKDIAG_WINDOW_US=2000000 RWM_RTT_DUMP=0 RWM_RTT_DUMP_MAX=400000 RWM_SUCC_DUMP=0 RWM_SUCC_DUMP_MAX=200000 RWM_WALLDIAG=0 RWM_CPUPROF=0 RWM_RDIAG=0 RWM_FDIAG=0 RWM_TRACE=0 RWM_PFRAC=0
  ECHO ship 400B tm-c.log: RWM_UNIFIED: Realtime rides the RLC span machine (small-δ parameterization, no code-family switch)
  ECHO ship 400B tm-c.log: RWM_UNIFIED: receive path on the unified global decoder (one machine, both wires) generation=false
  ECHO ship 400B tm-c.log: sliding-window FEC mode symbol_size=512 backend=Rlc
  ECHO ship 400B tm-c.log: unified overload shedding ACTIVE at receiver (RWM_UNIFIED_SHED: in-order hold = delta-derived b*SRTT within the eps-class give-up budget)
  ECHO ship 400B tm-c.log: unified overload shedding ACTIVE (RWM_UNIFIED_SHED: past-deadline holes shed within the derived 1-rho budget; =0 = serializing arm)
  ECHO ship 400B tm-c.log: unified span law ACTIVE (RWM_UNIFIED: plain-mode proactive repair over the trailing solvable span [end-A*, end-Δ), A* from δ) hint=Realtime
  ship 400B rep1: p50=23.679ms p99=86.471ms p999=106.181ms max=106.181ms n=1000
  ship 400B rep2: p50=23.543ms p99=111.488ms p999=189.95ms max=189.95ms n=1000
  ship 400B rep3: p50=24.186ms p99=128.096ms p999=158.458ms max=158.458ms n=1000
  ship 400B rep4: p50=23.516ms p99=104.429ms p999=144.421ms max=144.421ms n=1000
  ship 400B rep5: p50=23.728ms p99=109.862ms p999=209.557ms max=209.557ms n=1000
  ship 400B rep6: p50=23.9ms p99=107.871ms p999=150.219ms max=150.219ms n=1000
  ship 400B rep7: p50=23.588ms p99=87.309ms p999=109.536ms max=109.536ms n=1000
  ship 400B rep8: p50=24.2ms p99=141.553ms p999=171.861ms max=171.861ms n=1000
  SPAN ship 400B tm-s.log: [SPAN] t=1.6s ack=1 win=[0,1] wsize=2 a_star=Some(1) delta=Some(1) owed=0.00 rr=0.500 debt=0.00 retx_buf=1 shed=0/0 bud=0.0000 D=24ms ar=0 agap=0/0 dg_rx=7 dg_tx=7
  SPAN ship 400B tm-s.log: [SPAN] t=2.1s ack=21 win=[0,24] wsize=25 a_star=Some(2) delta=Some(1) owed=0.00 rr=0.455 debt=0.42 retx_buf=4 shed=0/1 bud=0.0000 D=21ms ar=77 agap=0/0 dg_rx=62 dg_tx=68
  SPAN ship 400B tm-s.log: [SPAN] t=2.6s ack=47 win=[0,49] wsize=50 a_star=Some(2) delta=Some(1) owed=0.00 rr=0.241 debt=0.25 retx_buf=3 shed=0/2 bud=0.0000 D=20ms ar=89 agap=0/0 dg_rx=125 dg_tx=132
  SPAN ship 400B tm-s.log: [SPAN] t=3.1s ack=72 win=[0,75] wsize=76 a_star=Some(2) delta=Some(1) owed=0.00 rr=0.184 debt=0.49 retx_buf=4 shed=0/2 bud=0.0000 D=21ms ar=60 agap=0/0 dg_rx=175 dg_tx=184
  SPAN ship 400B tm-s.log: [SPAN] t=3.6s ack=96 win=[0,98] wsize=99 a_star=Some(2) delta=Some(1) owed=0.00 rr=0.142 debt=0.27 retx_buf=3 shed=0/3 bud=0.0000 D=20ms ar=74 agap=0/0 dg_rx=224 dg_tx=236
  SPAN ship 400B tm-s.log: [SPAN] t=4.2s ack=123 win=[106,125] wsize=20 a_star=Some(2) delta=Some(1) owed=0.00 rr=0.325 debt=0.33 retx_buf=3 shed=0/3 bud=0.0000 D=21ms ar=72 agap=0/0 dg_rx=280 dg_tx=292
  SPAN ship 400B tm-s.log: [SPAN] t=6.2s ack=223 win=[206,225] wsize=20 a_star=Some(2) delta=Some(1) owed=0.00 rr=0.320 debt=0.32 retx_buf=3 shed=0/7 bud=0.0000 D=21ms ar=75 agap=0/0 dg_rx=490 dg_tx=519
  SPAN ship 400B tm-s.log: [SPAN] t=11.4s ack=476 win=[459,478] wsize=20 a_star=Some(2) delta=Some(1) owed=0.00 rr=0.320 debt=0.67 retx_buf=3 shed=0/12 bud=0.0000 D=21ms ar=58 agap=0/0 dg_rx=1019 dg_tx=1066
  SPAN ship 400B tm-s.log: [SPAN] t=16.5s ack=728 win=[710,729] wsize=20 a_star=Some(2) delta=Some(1) owed=0.00 rr=0.320 debt=0.34 retx_buf=3 shed=0/16 bud=0.0000 D=21ms ar=60 agap=0/0 dg_rx=1553 dg_tx=1612
  SPAN ship 400B tm-s.log: [SPAN] t=21.6s ack=974 win=[957,976] wsize=20 a_star=Some(2) delta=Some(1) owed=0.00 rr=0.320 debt=0.33 retx_buf=3 shed=0/24 bud=0.0000 D=21ms ar=67 agap=0/0 dg_rx=2086 dg_tx=2167
  SPAN ship 400B tm-s.log: [SPAN] t=36.3s ack=1201 win=[1184,1201] wsize=18 a_star=Some(2) delta=Some(1) owed=0.00 rr=0.330 debt=0.00 retx_buf=1 shed=0/32 bud=0.0000 D=21ms ar=57 agap=1/55 dg_rx=2586 dg_tx=2683
  SPAN ship 400B tm-s.log: [SPAN] t=41.4s ack=1448 win=[1431,1450] wsize=20 a_star=Some(2) delta=Some(1) owed=0.00 rr=0.320 debt=0.33 retx_buf=3 shed=0/36 bud=0.0000 D=20ms ar=86 agap=1/55 dg_rx=3119 dg_tx=3230
  SPAN ship 400B tm-s.log: [SPAN] t=46.6s ack=1701 win=[1684,1703] wsize=20 a_star=Some(2) delta=Some(1) owed=0.00 rr=0.320 debt=0.33 retx_buf=3 shed=0/39 bud=0.0000 D=22ms ar=58 agap=1/55 dg_rx=3639 dg_tx=3762
  SPAN ship 400B tm-s.log: [SPAN] t=61.7s ack=1952 win=[1935,1952] wsize=18 a_star=Some(3) delta=Some(1) owed=0.00 rr=0.340 debt=0.00 retx_buf=1 shed=0/51 bud=0.0000 D=22ms ar=111 agap=2/56 dg_rx=4184 dg_tx=4330
  SPAN ship 400B tm-s.log: [SPAN] t=66.8s ack=2198 win=[2180,2199] wsize=20 a_star=Some(2) delta=Some(1) owed=0.00 rr=0.320 debt=0.33 retx_buf=3 shed=0/60 bud=0.0000 D=21ms ar=91 agap=2/111 dg_rx=4735 dg_tx=4908
  SPAN ship 400B tm-s.log: [SPAN] t=72.0s ack=2450 win=[2433,2451] wsize=19 a_star=Some(2) delta=Some(1) owed=0.00 rr=0.320 debt=0.35 retx_buf=2 shed=0/70 bud=0.0000 D=21ms ar=61 agap=2/111 dg_rx=5278 dg_tx=5474
  SPAN ship 400B tm-s.log: [SPAN] t=77.1s ack=2692 win=[2675,2694] wsize=20 a_star=Some(3) delta=Some(1) owed=0.00 rr=0.320 debt=0.33 retx_buf=3 shed=0/78 bud=0.0000 D=20ms ar=129 agap=2/111 dg_rx=5813 dg_tx=6032
  SPAN ship 400B tm-s.log: [SPAN] t=91.7s ack=2918 win=[2901,2918] wsize=18 a_star=Some(2) delta=Some(1) owed=0.00 rr=0.340 debt=0.00 retx_buf=1 shed=0/87 bud=0.0000 D=20ms ar=59 agap=3/112 dg_rx=6315 dg_tx=6552
  SPAN ship 400B tm-s.log: [SPAN] t=96.8s ack=3164 win=[3147,3166] wsize=20 a_star=Some(2) delta=Some(1) owed=0.00 rr=0.320 debt=0.32 retx_buf=3 shed=0/95 bud=0.0000 D=21ms ar=88 agap=3/164 dg_rx=6848 dg_tx=7107
  SPAN ship 400B tm-s.log: [SPAN] t=101.9s ack=3413 win=[3396,3415] wsize=20 a_star=Some(2) delta=Some(1) owed=0.00 rr=0.320 debt=0.33 retx_buf=3 shed=0/101 bud=0.0000 D=22ms ar=62 agap=3/164 dg_rx=7382 dg_tx=7660
  SPAN ship 400B tm-s.log: [SPAN] t=107.0s ack=3664 win=[3647,3665] wsize=19 a_star=Some(2) delta=Some(1) owed=0.00 rr=0.320 debt=0.01 retx_buf=2 shed=0/107 bud=0.0000 D=21ms ar=61 agap=3/164 dg_rx=7910 dg_tx=8201
  SPAN ship 400B tm-s.log: [SPAN] t=121.7s ack=3894 win=[3877,3894] wsize=18 a_star=Some(3) delta=Some(1) owed=0.00 rr=0.340 debt=0.00 retx_buf=1 shed=0/114 bud=0.0000 D=21ms ar=96 agap=4/165 dg_rx=8411 dg_tx=8718
  SPAN ship 400B tm-s.log: [SPAN] t=126.8s ack=4137 win=[4120,4139] wsize=20 a_star=Some(2) delta=Some(1) owed=0.00 rr=0.320 debt=0.67 retx_buf=3 shed=0/121 bud=0.0000 D=21ms ar=67 agap=4/221 dg_rx=8945 dg_tx=9274
  SPAN ship 400B tm-s.log: [SPAN] t=132.0s ack=4386 win=[4369,4387] wsize=19 a_star=Some(2) delta=Some(1) owed=0.00 rr=0.320 debt=0.01 retx_buf=2 shed=0/131 bud=0.0000 D=21ms ar=61 agap=4/221 dg_rx=9487 dg_tx=9835
  SPAN ship 400B tm-c.log: [SPAN] t=1.6s ack=1 win=[0,1] wsize=2 a_star=Some(1) delta=Some(1) owed=0.00 rr=0.500 debt=0.00 retx_buf=1 shed=0/0 bud=0.0000 D=24ms ar=0 agap=0/0 dg_rx=6 dg_tx=6
  SPAN ship 400B tm-c.log: [SPAN] t=2.1s ack=22 win=[0,26] wsize=27 a_star=Some(2) delta=Some(1) owed=0.00 rr=0.500 debt=0.00 retx_buf=5 shed=0/2 bud=0.0004 D=20ms ar=70 agap=0/0 dg_rx=57 dg_tx=63
  SPAN ship 400B tm-c.log: [SPAN] t=2.6s ack=52 win=[0,54] wsize=55 a_star=Some(2) delta=Some(1) owed=0.00 rr=0.500 debt=0.00 retx_buf=3 shed=0/6 bud=0.0000 D=20ms ar=81 agap=0/0 dg_rx=127 dg_tx=130
  SPAN ship 400B tm-c.log: [SPAN] t=3.1s ack=77 win=[0,79] wsize=80 a_star=Some(2) delta=Some(1) owed=0.00 rr=0.358 debt=0.54 retx_buf=3 shed=0/6 bud=0.0000 D=21ms ar=51 agap=0/0 dg_rx=177 dg_tx=180
  SPAN ship 400B tm-c.log: [SPAN] t=3.6s ack=101 win=[0,105] wsize=106 a_star=Some(2) delta=Some(1) owed=0.00 rr=0.273 debt=0.16 retx_buf=5 shed=0/7 bud=0.0000 D=21ms ar=50 agap=0/0 dg_rx=226 dg_tx=232
  SPAN ship 400B tm-c.log: [SPAN] t=4.1s ack=129 win=[112,131] wsize=20 a_star=Some(2) delta=Some(1) owed=0.00 rr=0.400 debt=0.29 retx_buf=3 shed=0/13 bud=0.0000 D=20ms ar=67 agap=0/0 dg_rx=285 dg_tx=289
  SPAN ship 400B tm-c.log: [SPAN] t=6.2s ack=237 win=[220,239] wsize=20 a_star=Some(2) delta=Some(1) owed=0.00 rr=0.395 debt=0.39 retx_buf=3 shed=1/20 bud=0.0000 D=20ms ar=74 agap=0/0 dg_rx=514 dg_tx=520
  SPAN ship 400B tm-c.log: [SPAN] t=11.3s ack=498 win=[481,500] wsize=20 a_star=Some(2) delta=Some(1) owed=0.00 rr=0.370 debt=0.00 retx_buf=3 shed=2/36 bud=0.0000 D=21ms ar=89 agap=0/0 dg_rx=1053 dg_tx=1060
  SPAN ship 400B tm-c.log: [SPAN] t=16.4s ack=760 win=[743,762] wsize=20 a_star=Some(2) delta=Some(1) owed=0.00 rr=0.370 debt=0.38 retx_buf=3 shed=5/51 bud=0.0000 D=21ms ar=50 agap=0/0 dg_rx=1597 dg_tx=1607
  SPAN ship 400B tm-c.log: [SPAN] t=21.5s ack=1026 win=[1009,1028] wsize=20 a_star=Some(2) delta=Some(1) owed=0.00 rr=0.370 debt=0.39 retx_buf=3 shed=7/76 bud=0.0000 D=19ms ar=51 agap=0/0 dg_rx=2152 dg_tx=2166
  SPAN ship 400B tm-c.log: [SPAN] t=36.2s ack=1272 win=[1255,1274] wsize=20 a_star=Some(2) delta=Some(1) owed=0.00 rr=0.370 debt=0.39 retx_buf=3 shed=7/100 bud=0.0000 D=21ms ar=75 agap=1/54 dg_rx=2678 dg_tx=2695
  SPAN ship 400B tm-c.log: [SPAN] t=41.3s ack=1535 win=[1518,1538] wsize=21 a_star=Some(2) delta=Some(1) owed=0.00 rr=0.500 debt=0.50 retx_buf=4 shed=11/120 bud=0.0006 D=21ms ar=54 agap=1/54 dg_rx=3212 dg_tx=3239
  SPAN ship 400B tm-c.log: [SPAN] t=46.4s ack=1796 win=[1779,1798] wsize=20 a_star=Some(2) delta=Some(1) owed=0.00 rr=0.400 debt=0.42 retx_buf=3 shed=11/132 bud=0.0000 D=20ms ar=53 agap=1/54 dg_rx=3749 dg_tx=3776
  SPAN ship 400B tm-c.log: [SPAN] t=51.5s ack=2059 win=[2042,2060] wsize=19 a_star=Some(2) delta=Some(1) owed=0.00 rr=0.400 debt=0.00 retx_buf=2 shed=14/155 bud=0.0000 D=21ms ar=75 agap=1/54 dg_rx=4293 dg_tx=4323
  SPAN ship 400B tm-c.log: [SPAN] t=66.2s ack=2310 win=[2293,2312] wsize=20 a_star=Some(4) delta=Some(1) owed=0.00 rr=0.445 debt=0.48 retx_buf=3 shed=15/207 bud=0.0000 D=21ms ar=154 agap=2/110 dg_rx=4842 dg_tx=4887
  SPAN ship 400B tm-c.log: [SPAN] t=71.3s ack=2576 win=[2559,2577] wsize=19 a_star=Some(2) delta=Some(1) owed=0.00 rr=0.415 debt=0.01 retx_buf=2 shed=17/241 bud=0.0000 D=20ms ar=76 agap=2/110 dg_rx=5409 dg_tx=5457
  SPAN ship 400B tm-c.log: [SPAN] t=76.4s ack=2841 win=[2824,2843] wsize=20 a_star=Some(3) delta=Some(1) owed=0.00 rr=0.455 debt=0.04 retx_buf=3 shed=17/266 bud=0.0000 D=21ms ar=138 agap=2/110 dg_rx=5957 dg_tx=6014
  SPAN ship 400B tm-c.log: [SPAN] t=81.5s ack=3108 win=[3091,3109] wsize=19 a_star=Some(2) delta=Some(1) owed=0.00 rr=0.400 debt=0.05 retx_buf=2 shed=19/291 bud=0.0000 D=20ms ar=51 agap=2/110 dg_rx=6518 dg_tx=6580
  SPAN ship 400B tm-c.log: [SPAN] t=96.2s ack=3354 win=[3337,3356] wsize=20 a_star=Some(2) delta=Some(1) owed=0.00 rr=0.385 debt=0.40 retx_buf=3 shed=19/315 bud=0.0000 D=21ms ar=75 agap=3/163 dg_rx=7044 dg_tx=7108
  SPAN ship 400B tm-c.log: [SPAN] t=101.3s ack=3618 win=[3601,3620] wsize=20 a_star=Some(2) delta=Some(1) owed=0.00 rr=0.395 debt=0.57 retx_buf=3 shed=19/344 bud=0.0000 D=20ms ar=51 agap=3/163 dg_rx=7599 dg_tx=7670
  SPAN ship 400B tm-c.log: [SPAN] t=106.5s ack=3881 win=[3864,3883] wsize=20 a_star=Some(2) delta=Some(1) owed=0.00 rr=0.385 debt=0.41 retx_buf=3 shed=21/360 bud=0.0000 D=20ms ar=50 agap=3/163 dg_rx=8144 dg_tx=8216
  SPAN ship 400B tm-c.log: [SPAN] t=111.6s ack=4146 win=[4129,4147] wsize=19 a_star=Some(2) delta=Some(1) owed=0.00 rr=0.420 debt=0.00 retx_buf=2 shed=23/382 bud=0.0002 D=20ms ar=74 agap=3/163 dg_rx=8695 dg_tx=8773
  SPAN ship 400B tm-c.log: [SPAN] t=126.3s ack=4389 win=[4372,4390] wsize=19 a_star=Some(2) delta=Some(1) owed=0.00 rr=0.425 debt=0.00 retx_buf=2 shed=25/409 bud=0.0000 D=20ms ar=81 agap=4/222 dg_rx=9211 dg_tx=9296
  SPAN ship 400B tm-c.log: [SPAN] t=131.4s ack=4656 win=[4639,4658] wsize=20 a_star=Some(2) delta=Some(1) owed=0.00 rr=0.455 debt=0.45 retx_buf=3 shed=37/452 bud=0.0000 D=21ms ar=51 agap=4/222 dg_rx=9774 dg_tx=9877
  EVICT ship 400B tm-s.log: [RFA] gen=0 fires=566 false=215 false_frac=0.3799 fill_coded=49 fill_src=302 dup_src=179 preempt_src=36 src_n=8417 rep_n=426 nu_recv=0.06724 fa_class=0.0625 rep_redundant=372 late_after_aban=297
  EVICT ship 400B tm-s.log: [SUCC] gen=0 det=362 res=52 orig_n=40 orig_p50_us=15360 orig_p90_us=20480 orig_p99_us=45056 orig_mx_us=45209 orig_mean_us=14698 rep_n=12 rep_p50_us=2304 rep_p90_us=20480 rep_p99_us=20480 rep_mx_us=21699 rep_mean_us=8192 aban_n=310 aban_p50_us=22528 aban_p90_us=22528 aban_p99_us=40960 aban_mx_us=44769 aban_mean_us=23087 open=0 over=0 orig_frac=0.7692 cross_us=- dump=0/0 sp_n=52 xp_n=0 xp_frac=0.0000 sp_p50_us=15360 sp_p90_us=20480 xp_p50_us=- xp_p90_us=- rtx_n=40
  EVICT ship 400B tm-s.log: [ETA] site=sender fhat_us=1791134776431326 n=7765 zero=0.0000 place_n=0 cold_r=- cold_ge=- t_eff=- t_cold=- t_n=0 hol_sh=- hol_n=0 hol_mv=- hol_calls=0 hol_w=- p0:n=7400/7765 drop=0 tau_us=33304 e_p50=4608 e_p90=8192 e_p99=11264 e_mx=12962 late=0.9146 sig_us=2748/n226
  EVICT ship 400B tm-s.log: [LAT] site=receiver n=7818 over=48 p0:n=7770 nowait=347 minrst=6 ax_n=7770 ax_p50=5120 ax_p90=8192 ax_p95=9216 ax_p99=9216 ax_sum=41436538 rwxp_n=0 rwxp_p50=- rwxp_p95=- rwxp_sum=0 rwsp_n=7412 rwsp_p50=1 rwsp_p95=3 rwsp_sum=11774 rwrep_n=11 rwrep_p50=448 rwrep_p95=16384 rwrep_sum=34853 rep_n=11 rep_p50=512 rep_p95=16384 rep_sum=52884 tot_p50=5120 tot_p95=9216 tot_p99=9216 sh_ax=0.9976 sh_rwxp=0.0000 sh_rwsp=0.0003 sh_rwrep=0.0008 sh_rep=0.0013
  EVICT ship 400B tm-c.log: [RFA] gen=0 fires=232 false=232 false_frac=1.0000 fill_coded=0 fill_src=0 dup_src=232 preempt_src=0 src_n=7963 rep_n=199 nu_recv=0.02913 fa_class=0.0625 rep_redundant=199 late_after_aban=0
  EVICT ship 400B tm-c.log: [SUCC] gen=0 det=0 res=0 orig_n=0 orig_p50_us=- orig_p90_us=- orig_p99_us=- orig_mx_us=- orig_mean_us=- rep_n=0 rep_p50_us=- rep_p90_us=- rep_p99_us=- rep_mx_us=- rep_mean_us=- aban_n=0 aban_p50_us=- aban_p90_us=- aban_p99_us=- aban_mx_us=- aban_mean_us=- open=0 over=0 orig_frac=- cross_us=- dump=0/0 sp_n=0 xp_n=0 xp_frac=- sp_p50_us=- sp_p90_us=- xp_p50_us=- xp_p90_us=- rtx_n=0
  EVICT ship 400B tm-c.log: [ETA] site=sender fhat_us=1791134776423618 n=8303 zero=0.0000 place_n=0 cold_r=- cold_ge=- t_eff=- t_cold=- t_n=0 hol_sh=- hol_n=0 hol_mv=- hol_calls=0 hol_w=- p0:n=7930/8303 drop=5 tau_us=31350 e_p50=4096 e_p90=9216 e_p99=12288 e_mx=15115 late=0.8405 sig_us=4744/n244
  EVICT ship 400B tm-c.log: [LAT] site=receiver n=7731 over=0 p0:n=7731 nowait=80 minrst=10 ax_n=7731 ax_p50=6144 ax_p90=8192 ax_p95=9216 ax_p99=9216 ax_sum=46644533 rwxp_n=0 rwxp_p50=- rwxp_p95=- rwxp_sum=0 rwsp_n=7651 rwsp_p50=1 rwsp_p95=3 rwsp_sum=11253 rwrep_n=0 rwrep_p50=- rwrep_p95=- rwrep_sum=0 rep_n=0 rep_p50=- rep_p95=- rep_sum=0 tot_p50=6144 tot_p95=9216 tot_p99=9216 sh_ax=0.9998 sh_rwxp=0.0000 sh_rwsp=0.0002 sh_rwrep=0.0000 sh_rep=0.0000
ARM ship 400B: n=8 min=86 median=108 max=142
--- ship 1200B start=19:26:25
ARMENV ship 1200B: hint=realtime env='<unset>' flags='' rate=50 dur=20
  ECHO ship 1200B tm-s.log: ack-merge ACTIVE (RWM_ACK_MERGE: WINDOW mode sends ONE control datagram per data message instead of two — the legacy per-batch Ack is suppressed, the SACK WindowAck goes unconditional at that cadence and carries the Ack's payload in the v6 cumulative cum_expected/cum_received counters, every Ack-arm consumer re-homed onto the counter diff; BLOCK mode bit-exact; the delivery statistic/cadence/counts unchanged) copa_feed=false
  ECHO ship 1200B tm-s.log: A* send-rate anchor ACTIVE (RWM_ASTAR_ANCHOR: windowed-max send rate over ~8 SRTT, clock-gap sample discard)
  ECHO ship 1200B tm-s.log: clock-gap estimator hygiene ACTIVE (RWM_CLOCK_GAP: process-clock stall witness, post-stall sample discard at the ack feed sites)
  ECHO ship 1200B tm-s.log: estimator heavy-math cadence ACTIVE (RWM_EST_CADENCE: BOCD update at 10 ms/loss-event cadence, accumulated counts)
  ECHO ship 1200B tm-s.log: M* peer-report RTT-feed suppression ACTIVE (RWM_MSTAR_ANCHOR plain-live subset: local-echo-only RTT feed + estimator seed-from-sample)
  ECHO ship 1200B tm-s.log: quinn congestion controller: BBR (shipped default; RWM_QUIC_CC overrides)
  ECHO ship 1200B tm-s.log: RWM_UNIFIED=1 RWM_UNIFIED_SHED=1 RWM_TAPER_R=1 RWM_ASTAR_ANCHOR=1 RWM_MSTAR_ANCHOR=1 RWM_PLAIN_RS=0 RWM_HONEST_ANCHOR=1 RWM_HONEST_K=0 RWM_STORE_SACK_RELEASE=1 RWM_STORE_PATHS=1 RWM_STORE_PATH_POOL=2048 RWM_STORE=unset RWM_STORE_GAIN=2 RWM_STORE_BOOT=128 RWM_THREE_TERM=0 RWM_COMPOSED_CAP=0 RWM_SUM_CAP=1 RWM_LATE_BRAKE=0 RWM_DELTA_CAP=1 RWM_HONEST_CAP=0 RWM_POOL_ANCHOR=0 RWM_ACK_MERGE=1 RWM_LOSS_SENT_TRUTH=0 RWM_RELEASE_1TO1=0 RWM_CHARGE_RECOVERY=0 RWM_SIDLE_DERIVED=0 RWM_COLD_PLACE=0 RWM_PLACE_T_DERIVED=0 RWM_PLACE_HOL=0 RWM_PLACE_WDIV_DERIVED=0 RWM_GEN=1 RWM_PIPELINE=2 RWM_GEN_PIPE=1 RWM_GEN_R=unset RWM_GEN_RATE=9000 RWM_GEN_RATE_FLOOR=2000 RWM_GEN_INFLIGHT=unset RWM_OOO_RETAIN=0/16 RWM_WINDOW=unset RWM_REPORT_GENS=unset RWM_REPAIR_WAIT=unset RWM_CODED_SRC=0 RWM_NO_REACTIVE=0 RWM_XPATH_REPAIR=0 RWM_PROACTIVE_PACER=0 RWM_REASM_BDP=0 RWM_MIN_R=0 RWM_CC_PACE=0 RWM_CC_PACE_HR=1.1 RWM_REACT_CAP=unset RWM_INFL_CAP=0 RWM_INFL_BDP=unset RWM_COPA_FEED=0 RWM_RS_ATTR=1 RWM_EMIT_BATCH=0 RWM_EMIT_BURST=64 RWM_RECOV_MP=1 RWM_RECOV_MP_LAW=1 RWM_RECOV_SP=0 RWM_DERIVED_SWEEP=0 RWM_HOLDDOWN_Q=unset RWM_REFRESH_FLOOR_US=unset RWM_DELTA=unset RWM_COPA_DELTA=unset RWM_COMPLETION_EXPOSURE=0 RWM_RECV_REQUEST_LAW=0 RWM_RANK_FEEDBACK=0 RWM_DIAG=1 RWM_ACKDIAG=0 RWM_ACKDIAG_WINDOW_US=2000000 RWM_RTT_DUMP=0 RWM_RTT_DUMP_MAX=400000 RWM_SUCC_DUMP=0 RWM_SUCC_DUMP_MAX=200000 RWM_WALLDIAG=0 RWM_CPUPROF=0 RWM_RDIAG=0 RWM_FDIAG=0 RWM_TRACE=0 RWM_PFRAC=0
  ECHO ship 1200B tm-s.log: RWM_UNIFIED: Realtime rides the RLC span machine (small-δ parameterization, no code-family switch)
  ECHO ship 1200B tm-s.log: RWM_UNIFIED: receive path on the unified global decoder (one machine, both wires) generation=false
  ECHO ship 1200B tm-s.log: sliding-window FEC mode symbol_size=512 backend=Rlc
  ECHO ship 1200B tm-s.log: unified overload shedding ACTIVE at receiver (RWM_UNIFIED_SHED: in-order hold = delta-derived b*SRTT within the eps-class give-up budget)
  ECHO ship 1200B tm-s.log: unified overload shedding ACTIVE (RWM_UNIFIED_SHED: past-deadline holes shed within the derived 1-rho budget; =0 = serializing arm)
  ECHO ship 1200B tm-s.log: unified span law ACTIVE (RWM_UNIFIED: plain-mode proactive repair over the trailing solvable span [end-A*, end-Δ), A* from δ) hint=Realtime
  ECHO ship 1200B tm-c.log: ack-merge ACTIVE (RWM_ACK_MERGE: WINDOW mode sends ONE control datagram per data message instead of two — the legacy per-batch Ack is suppressed, the SACK WindowAck goes unconditional at that cadence and carries the Ack's payload in the v6 cumulative cum_expected/cum_received counters, every Ack-arm consumer re-homed onto the counter diff; BLOCK mode bit-exact; the delivery statistic/cadence/counts unchanged) copa_feed=false
  ECHO ship 1200B tm-c.log: A* send-rate anchor ACTIVE (RWM_ASTAR_ANCHOR: windowed-max send rate over ~8 SRTT, clock-gap sample discard)
  ECHO ship 1200B tm-c.log: clock-gap estimator hygiene ACTIVE (RWM_CLOCK_GAP: process-clock stall witness, post-stall sample discard at the ack feed sites)
  ECHO ship 1200B tm-c.log: estimator heavy-math cadence ACTIVE (RWM_EST_CADENCE: BOCD update at 10 ms/loss-event cadence, accumulated counts)
  ECHO ship 1200B tm-c.log: M* peer-report RTT-feed suppression ACTIVE (RWM_MSTAR_ANCHOR plain-live subset: local-echo-only RTT feed + estimator seed-from-sample)
  ECHO ship 1200B tm-c.log: quinn congestion controller: BBR (shipped default; RWM_QUIC_CC overrides)
  ECHO ship 1200B tm-c.log: RWM_UNIFIED=1 RWM_UNIFIED_SHED=1 RWM_TAPER_R=1 RWM_ASTAR_ANCHOR=1 RWM_MSTAR_ANCHOR=1 RWM_PLAIN_RS=0 RWM_HONEST_ANCHOR=1 RWM_HONEST_K=0 RWM_STORE_SACK_RELEASE=1 RWM_STORE_PATHS=1 RWM_STORE_PATH_POOL=2048 RWM_STORE=unset RWM_STORE_GAIN=2 RWM_STORE_BOOT=128 RWM_THREE_TERM=0 RWM_COMPOSED_CAP=0 RWM_SUM_CAP=1 RWM_LATE_BRAKE=0 RWM_DELTA_CAP=1 RWM_HONEST_CAP=0 RWM_POOL_ANCHOR=0 RWM_ACK_MERGE=1 RWM_LOSS_SENT_TRUTH=0 RWM_RELEASE_1TO1=0 RWM_CHARGE_RECOVERY=0 RWM_SIDLE_DERIVED=0 RWM_COLD_PLACE=0 RWM_PLACE_T_DERIVED=0 RWM_PLACE_HOL=0 RWM_PLACE_WDIV_DERIVED=0 RWM_GEN=1 RWM_PIPELINE=2 RWM_GEN_PIPE=1 RWM_GEN_R=unset RWM_GEN_RATE=9000 RWM_GEN_RATE_FLOOR=2000 RWM_GEN_INFLIGHT=unset RWM_OOO_RETAIN=0/16 RWM_WINDOW=unset RWM_REPORT_GENS=unset RWM_REPAIR_WAIT=unset RWM_CODED_SRC=0 RWM_NO_REACTIVE=0 RWM_XPATH_REPAIR=0 RWM_PROACTIVE_PACER=0 RWM_REASM_BDP=0 RWM_MIN_R=0 RWM_CC_PACE=0 RWM_CC_PACE_HR=1.1 RWM_REACT_CAP=unset RWM_INFL_CAP=0 RWM_INFL_BDP=unset RWM_COPA_FEED=0 RWM_RS_ATTR=1 RWM_EMIT_BATCH=0 RWM_EMIT_BURST=64 RWM_RECOV_MP=1 RWM_RECOV_MP_LAW=1 RWM_RECOV_SP=0 RWM_DERIVED_SWEEP=0 RWM_HOLDDOWN_Q=unset RWM_REFRESH_FLOOR_US=unset RWM_DELTA=unset RWM_COPA_DELTA=unset RWM_COMPLETION_EXPOSURE=0 RWM_RECV_REQUEST_LAW=0 RWM_RANK_FEEDBACK=0 RWM_DIAG=1 RWM_ACKDIAG=0 RWM_ACKDIAG_WINDOW_US=2000000 RWM_RTT_DUMP=0 RWM_RTT_DUMP_MAX=400000 RWM_SUCC_DUMP=0 RWM_SUCC_DUMP_MAX=200000 RWM_WALLDIAG=0 RWM_CPUPROF=0 RWM_RDIAG=0 RWM_FDIAG=0 RWM_TRACE=0 RWM_PFRAC=0
  ECHO ship 1200B tm-c.log: RWM_UNIFIED: Realtime rides the RLC span machine (small-δ parameterization, no code-family switch)
  ECHO ship 1200B tm-c.log: RWM_UNIFIED: receive path on the unified global decoder (one machine, both wires) generation=false
  ECHO ship 1200B tm-c.log: sliding-window FEC mode symbol_size=512 backend=Rlc
  ECHO ship 1200B tm-c.log: unified overload shedding ACTIVE at receiver (RWM_UNIFIED_SHED: in-order hold = delta-derived b*SRTT within the eps-class give-up budget)
  ECHO ship 1200B tm-c.log: unified overload shedding ACTIVE (RWM_UNIFIED_SHED: past-deadline holes shed within the derived 1-rho budget; =0 = serializing arm)
  ECHO ship 1200B tm-c.log: unified span law ACTIVE (RWM_UNIFIED: plain-mode proactive repair over the trailing solvable span [end-A*, end-Δ), A* from δ) hint=Realtime
  ship 1200B rep1: p50=24.862ms p99=85.257ms p999=128.684ms max=128.684ms n=1000
  ship 1200B rep2: p50=25.13ms p99=103.371ms p999=134.426ms max=134.426ms n=1000
  ship 1200B rep3: p50=25.178ms p99=94.88ms p999=134.875ms max=134.875ms n=1000
  ship 1200B rep4: p50=25.082ms p99=86.919ms p999=113.317ms max=113.317ms n=1000
  ship 1200B rep5: p50=25.053ms p99=103.264ms p999=179.932ms max=179.932ms n=1000
  ship 1200B rep6: p50=25.068ms p99=107.25ms p999=129.802ms max=129.802ms n=1000
  ship 1200B rep7: p50=25.324ms p99=88.969ms p999=177.875ms max=177.875ms n=1000
  ship 1200B rep8: p50=24.965ms p99=172.431ms p999=309.163ms max=309.163ms n=1000
  SPAN ship 1200B tm-s.log: [SPAN] t=1.6s ack=1 win=[0,1] wsize=2 a_star=Some(1) delta=Some(1) owed=0.00 rr=0.500 debt=0.00 retx_buf=1 shed=0/0 bud=0.0000 D=24ms ar=0 agap=0/0 dg_rx=7 dg_tx=7
  SPAN ship 1200B tm-s.log: [SPAN] t=2.1s ack=37 win=[0,38] wsize=39 a_star=Some(3) delta=Some(1) owed=0.00 rr=0.271 debt=0.28 retx_buf=2 shed=0/0 bud=0.0000 D=21ms ar=127 agap=0/0 dg_rx=144 dg_tx=153
  SPAN ship 1200B tm-s.log: [SPAN] t=2.6s ack=78 win=[0,82] wsize=83 a_star=Some(4) delta=Some(1) owed=0.00 rr=0.162 debt=0.65 retx_buf=5 shed=0/0 bud=0.0000 D=22ms ar=159 agap=0/0 dg_rx=290 dg_tx=302
  SPAN ship 1200B tm-s.log: [SPAN] t=3.1s ack=115 win=[14,118] wsize=105 a_star=Some(4) delta=Some(1) owed=0.00 rr=0.136 debt=0.26 retx_buf=4 shed=0/0 bud=0.0000 D=21ms ar=157 agap=0/0 dg_rx=433 dg_tx=448
  SPAN ship 1200B tm-s.log: [SPAN] t=3.6s ack=156 win=[55,159] wsize=105 a_star=Some(4) delta=Some(1) owed=0.00 rr=0.120 debt=0.40 retx_buf=4 shed=0/1 bud=0.0000 D=22ms ar=151 agap=0/0 dg_rx=567 dg_tx=588
  SPAN ship 1200B tm-s.log: [SPAN] t=4.1s ack=193 win=[176,196] wsize=21 a_star=Some(3) delta=Some(1) owed=0.00 rr=0.315 debt=0.33 retx_buf=4 shed=0/2 bud=0.0000 D=22ms ar=119 agap=0/0 dg_rx=705 dg_tx=729
  SPAN ship 1200B tm-s.log: [SPAN] t=6.2s ack=343 win=[325,345] wsize=21 a_star=Some(3) delta=Some(1) owed=0.00 rr=0.315 debt=0.32 retx_buf=4 shed=0/3 bud=0.0000 D=21ms ar=131 agap=0/0 dg_rx=1266 dg_tx=1295
  SPAN ship 1200B tm-s.log: [SPAN] t=11.2s ack=694 win=[677,697] wsize=21 a_star=Some(3) delta=Some(1) owed=0.00 rr=0.310 debt=0.65 retx_buf=4 shed=0/9 bud=0.0000 D=21ms ar=137 agap=0/0 dg_rx=2654 dg_tx=2709
  SPAN ship 1200B tm-s.log: [SPAN] t=16.3s ack=1056 win=[1039,1059] wsize=21 a_star=Some(3) delta=Some(1) owed=0.00 rr=0.310 debt=0.30 retx_buf=4 shed=0/14 bud=0.0000 D=21ms ar=131 agap=0/0 dg_rx=4058 dg_tx=4141
  SPAN ship 1200B tm-s.log: [SPAN] t=21.5s ack=1423 win=[1405,1426] wsize=22 a_star=Some(3) delta=Some(1) owed=0.00 rr=0.305 debt=0.96 retx_buf=5 shed=0/19 bud=0.0000 D=21ms ar=116 agap=0/0 dg_rx=5486 dg_tx=5590
  SPAN ship 1200B tm-s.log: [SPAN] t=36.3s ack=1747 win=[1730,1750] wsize=21 a_star=Some(4) delta=Some(1) owed=0.00 rr=0.309 debt=0.32 retx_buf=4 shed=0/28 bud=0.0000 D=22ms ar=170 agap=1/59 dg_rx=6837 dg_tx=6972
  SPAN ship 1200B tm-s.log: [SPAN] t=41.4s ack=2115 win=[2098,2119] wsize=22 a_star=Some(3) delta=Some(1) owed=0.00 rr=0.312 debt=0.66 retx_buf=5 shed=0/35 bud=0.0000 D=21ms ar=120 agap=1/59 dg_rx=8261 dg_tx=8434
  SPAN ship 1200B tm-s.log: [SPAN] t=46.5s ack=2460 win=[2443,2460] wsize=18 a_star=Some(3) delta=Some(1) owed=0.00 rr=0.322 debt=0.00 retx_buf=1 shed=0/44 bud=0.0000 D=22ms ar=125 agap=1/59 dg_rx=9663 dg_tx=9863
  SPAN ship 1200B tm-s.log: [SPAN] t=51.6s ack=2828 win=[2811,2830] wsize=20 a_star=Some(3) delta=Some(1) owed=0.00 rr=0.306 debt=0.00 retx_buf=3 shed=0/49 bud=0.0000 D=22ms ar=126 agap=1/59 dg_rx=11091 dg_tx=11322
  SPAN ship 1200B tm-s.log: [SPAN] t=66.2s ack=3176 win=[3159,3179] wsize=21 a_star=Some(3) delta=Some(1) owed=0.00 rr=0.300 debt=0.32 retx_buf=4 shed=0/52 bud=0.0000 D=22ms ar=132 agap=2/118 dg_rx=12407 dg_tx=12655
  SPAN ship 1200B tm-s.log: [SPAN] t=71.4s ack=3551 win=[3534,3551] wsize=18 a_star=Some(3) delta=Some(1) owed=0.00 rr=0.314 debt=0.00 retx_buf=1 shed=0/57 bud=0.0000 D=22ms ar=117 agap=2/118 dg_rx=13830 dg_tx=14107
  SPAN ship 1200B tm-s.log: [SPAN] t=76.6s ack=3906 win=[3889,3909] wsize=21 a_star=Some(4) delta=Some(1) owed=0.00 rr=0.296 debt=0.30 retx_buf=4 shed=0/65 bud=0.0000 D=21ms ar=182 agap=2/118 dg_rx=15257 dg_tx=15569
  SPAN ship 1200B tm-s.log: [SPAN] t=81.7s ack=4267 win=[4250,4271] wsize=22 a_star=Some(3) delta=Some(1) owed=0.00 rr=0.296 debt=0.60 retx_buf=5 shed=0/70 bud=0.0000 D=21ms ar=101 agap=2/118 dg_rx=16659 dg_tx=16996
  SPAN ship 1200B tm-s.log: [SPAN] t=96.4s ack=4593 win=[4576,4595] wsize=20 a_star=Some(4) delta=Some(1) owed=0.00 rr=0.313 debt=0.64 retx_buf=3 shed=0/80 bud=0.0000 D=21ms ar=169 agap=3/179 dg_rx=17970 dg_tx=18332
  SPAN ship 1200B tm-s.log: [SPAN] t=101.5s ack=4939 win=[4922,4942] wsize=21 a_star=Some(4) delta=Some(1) owed=0.00 rr=0.298 debt=0.01 retx_buf=4 shed=0/87 bud=0.0000 D=21ms ar=136 agap=3/179 dg_rx=19355 dg_tx=19747
  SPAN ship 1200B tm-s.log: [SPAN] t=106.6s ack=5317 win=[5300,5320] wsize=21 a_star=Some(3) delta=Some(1) owed=0.00 rr=0.294 debt=0.31 retx_buf=4 shed=0/89 bud=0.0000 D=21ms ar=129 agap=3/179 dg_rx=20780 dg_tx=21181
  SPAN ship 1200B tm-s.log: [SPAN] t=111.7s ack=5674 win=[5657,5675] wsize=19 a_star=Some(3) delta=Some(1) owed=0.00 rr=0.299 debt=0.31 retx_buf=2 shed=0/94 bud=0.0000 D=21ms ar=116 agap=3/179 dg_rx=22179 dg_tx=22602
  SPAN ship 1200B tm-s.log: [SPAN] t=126.3s ack=5990 win=[5973,5993] wsize=21 a_star=Some(3) delta=Some(1) owed=0.00 rr=0.308 debt=0.31 retx_buf=4 shed=0/102 bud=0.0000 D=21ms ar=93 agap=4/238 dg_rx=23475 dg_tx=23927
  SPAN ship 1200B tm-s.log: [SPAN] t=131.4s ack=6362 win=[6345,6366] wsize=22 a_star=Some(3) delta=Some(1) owed=0.00 rr=0.296 debt=0.60 retx_buf=5 shed=0/107 bud=0.0000 D=22ms ar=107 agap=4/238 dg_rx=24907 dg_tx=25389
  SPAN ship 1200B tm-c.log: [SPAN] t=1.6s ack=1 win=[0,1] wsize=2 a_star=Some(1) delta=Some(1) owed=0.00 rr=0.500 debt=0.00 retx_buf=1 shed=0/0 bud=0.0000 D=23ms ar=0 agap=0/0 dg_rx=6 dg_tx=6
  SPAN ship 1200B tm-c.log: [SPAN] t=2.1s ack=65 win=[0,74] wsize=75 a_star=Some(6) delta=Some(1) owed=0.00 rr=0.483 debt=0.48 retx_buf=10 shed=0/5 bud=0.0000 D=22ms ar=241 agap=0/0 dg_rx=135 dg_tx=151
  SPAN ship 1200B tm-c.log: [SPAN] t=2.6s ack=147 win=[44,153] wsize=110 a_star=Some(5) delta=Some(1) owed=0.00 rr=0.500 debt=0.00 retx_buf=9 shed=0/22 bud=0.0002 D=21ms ar=227 agap=0/0 dg_rx=286 dg_tx=304
  SPAN ship 1200B tm-c.log: [SPAN] t=3.1s ack=225 win=[124,231] wsize=108 a_star=Some(5) delta=Some(1) owed=0.00 rr=0.339 debt=0.00 retx_buf=7 shed=1/30 bud=0.0000 D=21ms ar=227 agap=0/0 dg_rx=435 dg_tx=453
  SPAN ship 1200B tm-c.log: [SPAN] t=3.6s ack=304 win=[203,310] wsize=108 a_star=Some(6) delta=Some(1) owed=0.00 rr=0.362 debt=0.00 retx_buf=7 shed=1/40 bud=0.0000 D=22ms ar=254 agap=0/0 dg_rx=575 dg_tx=597
  SPAN ship 1200B tm-c.log: [SPAN] t=4.1s ack=380 win=[363,386] wsize=24 a_star=Some(5) delta=Some(1) owed=0.00 rr=0.475 debt=0.00 retx_buf=7 shed=3/50 bud=0.0000 D=21ms ar=226 agap=0/0 dg_rx=714 dg_tx=739
  SPAN ship 1200B tm-c.log: [SPAN] t=6.1s ack=687 win=[670,693] wsize=24 a_star=Some(5) delta=Some(1) owed=0.00 rr=0.480 debt=0.96 retx_buf=7 shed=3/76 bud=0.0000 D=19ms ar=229 agap=0/0 dg_rx=1282 dg_tx=1321
  SPAN ship 1200B tm-c.log: [SPAN] t=11.2s ack=1449 win=[1432,1455] wsize=24 a_star=Some(5) delta=Some(1) owed=0.00 rr=0.500 debt=0.00 retx_buf=7 shed=9/144 bud=0.0000 D=21ms ar=234 agap=0/0 dg_rx=2684 dg_tx=2752
  SPAN ship 1200B tm-c.log: [SPAN] t=16.2s ack=2212 win=[2195,2218] wsize=24 a_star=Some(5) delta=Some(1) owed=0.00 rr=0.500 debt=0.00 retx_buf=7 shed=22/212 bud=0.0000 D=21ms ar=226 agap=0/0 dg_rx=4094 dg_tx=4204
  SPAN ship 1200B tm-c.log: [SPAN] t=21.2s ack=2971 win=[2954,2979] wsize=26 a_star=Some(5) delta=Some(1) owed=0.00 rr=0.500 debt=0.00 retx_buf=9 shed=30/279 bud=0.0000 D=20ms ar=226 agap=0/0 dg_rx=5522 dg_tx=5671
  SPAN ship 1200B tm-c.log: [SPAN] t=36.2s ack=3729 win=[3712,3735] wsize=24 a_star=Some(6) delta=Some(1) owed=0.00 rr=0.500 debt=0.00 retx_buf=7 shed=32/403 bud=0.0000 D=22ms ar=226 agap=1/63 dg_rx=6933 dg_tx=7130
  SPAN ship 1200B tm-c.log: [SPAN] t=41.2s ack=4503 win=[4486,4509] wsize=24 a_star=Some(5) delta=Some(1) owed=0.00 rr=0.500 debt=0.00 retx_buf=7 shed=32/507 bud=0.0000 D=21ms ar=229 agap=1/63 dg_rx=8381 dg_tx=8622
  SPAN ship 1200B tm-c.log: [SPAN] t=46.3s ack=5274 win=[5257,5282] wsize=26 a_star=Some(5) delta=Some(1) owed=0.00 rr=0.500 debt=0.00 retx_buf=9 shed=36/629 bud=0.0000 D=21ms ar=230 agap=1/63 dg_rx=9803 dg_tx=10095
  SPAN ship 1200B tm-c.log: [SPAN] t=51.3s ack=6044 win=[6025,6050] wsize=26 a_star=Some(5) delta=Some(1) owed=0.00 rr=0.500 debt=0.00 retx_buf=9 shed=44/717 bud=0.0000 D=21ms ar=230 agap=1/63 dg_rx=11242 dg_tx=11569
  SPAN ship 1200B tm-c.log: [SPAN] t=66.2s ack=6780 win=[6763,6788] wsize=26 a_star=Some(6) delta=Some(1) owed=0.00 rr=0.495 debt=0.99 retx_buf=9 shed=45/766 bud=0.0000 D=22ms ar=231 agap=2/126 dg_rx=12634 dg_tx=12985
  SPAN ship 1200B tm-c.log: [SPAN] t=71.2s ack=7546 win=[7529,7550] wsize=22 a_star=Some(5) delta=Some(1) owed=0.00 rr=0.465 debt=0.00 retx_buf=5 shed=50/841 bud=0.0000 D=21ms ar=229 agap=2/126 dg_rx=14062 dg_tx=14443
  SPAN ship 1200B tm-c.log: [SPAN] t=76.3s ack=8314 win=[8295,8325] wsize=31 a_star=Some(5) delta=Some(1) owed=0.00 rr=0.500 debt=0.50 retx_buf=14 shed=61/963 bud=0.0000 D=20ms ar=227 agap=2/126 dg_rx=15481 dg_tx=15925
  SPAN ship 1200B tm-c.log: [SPAN] t=81.3s ack=9082 win=[9064,9087] wsize=24 a_star=Some(5) delta=Some(1) owed=0.00 rr=0.500 debt=0.00 retx_buf=7 shed=65/1034 bud=0.0000 D=19ms ar=227 agap=2/126 dg_rx=16901 dg_tx=17374
  SPAN ship 1200B tm-c.log: [SPAN] t=96.2s ack=9820 win=[9803,9828] wsize=26 a_star=Some(6) delta=Some(1) owed=0.00 rr=0.500 debt=0.00 retx_buf=9 shed=66/1116 bud=0.0004 D=23ms ar=236 agap=3/189 dg_rx=18273 dg_tx=18790
  SPAN ship 1200B tm-c.log: [SPAN] t=101.3s ack=10588 win=[10571,10599] wsize=29 a_star=Some(8) delta=Some(1) owed=0.00 rr=0.490 debt=0.98 retx_buf=12 shed=71/1242 bud=0.0000 D=23ms ar=332 agap=3/189 dg_rx=19681 dg_tx=20257
  SPAN ship 1200B tm-c.log: [SPAN] t=106.3s ack=11353 win=[11336,11361] wsize=26 a_star=Some(5) delta=Some(1) owed=0.00 rr=0.500 debt=0.50 retx_buf=9 shed=71/1294 bud=0.0000 D=20ms ar=227 agap=3/189 dg_rx=21107 dg_tx=21699
  SPAN ship 1200B tm-c.log: [SPAN] t=111.4s ack=12123 win=[12106,12129] wsize=24 a_star=Some(5) delta=Some(1) owed=0.00 rr=0.490 debt=0.00 retx_buf=7 shed=75/1352 bud=0.0000 D=21ms ar=233 agap=3/189 dg_rx=22530 dg_tx=23147
  SPAN ship 1200B tm-c.log: [SPAN] t=126.2s ack=12865 win=[12848,12870] wsize=23 a_star=Some(5) delta=Some(1) owed=0.00 rr=0.490 debt=0.49 retx_buf=6 shed=78/1465 bud=0.0000 D=20ms ar=226 agap=4/256 dg_rx=23910 dg_tx=24570
  SPAN ship 1200B tm-c.log: [SPAN] t=131.3s ack=13634 win=[13617,13640] wsize=24 a_star=Some(5) delta=Some(1) owed=0.00 rr=0.465 debt=0.00 retx_buf=7 shed=87/1573 bud=0.0000 D=21ms ar=227 agap=4/256 dg_rx=25345 dg_tx=26054
  EVICT ship 1200B tm-s.log: [RFA] gen=0 fires=2385 false=1274 false_frac=0.5342 fill_coded=691 fill_src=420 dup_src=616 preempt_src=658 src_n=24938 rep_n=7844 nu_recv=0.09564 fa_class=0.0625 rep_redundant=7100 late_after_aban=857
  EVICT ship 1200B tm-s.log: [SUCC] gen=0 det=1145 res=247 orig_n=15 orig_p50_us=14336 orig_p90_us=36864 orig_p99_us=40960 orig_mx_us=44964 orig_mean_us=18796 rep_n=232 rep_p50_us=12288 rep_p90_us=20480 rep_p99_us=36864 rep_mx_us=44964 rep_mean_us=10751 aban_n=898 aban_p50_us=22528 aban_p90_us=22528 aban_p99_us=36864 aban_mx_us=61861 aban_mean_us=23435 open=0 over=0 orig_frac=0.0607 cross_us=24 dump=0/0 sp_n=247 xp_n=0 xp_frac=0.0000 sp_p50_us=12288 sp_p90_us=20480 xp_p50_us=- xp_p90_us=- rtx_n=15
  EVICT ship 1200B tm-s.log: [ETA] site=receiver n=32782 p0:n=23242 bind=0.2910 tau_us=32075 srtt_src=echo l_p50=28672 l_p90=32768 l_p95=32768 l_p99=32768 l_mx=36195 sig_us=2596/n253 minrst=7
  EVICT ship 1200B tm-s.log: [LAT] site=receiver n=23070 over=1378 p0:n=22418 nowait=10681 minrst=13 ax_n=22418 ax_p50=6144 ax_p90=9216 ax_p95=9216 ax_p99=10240 ax_sum=133524257 rwxp_n=0 rwxp_p50=- rwxp_p95=- rwxp_sum=0 rwsp_n=11324 rwsp_p50=1 rwsp_p95=3 rwsp_sum=277653 rwrep_n=413 rwrep_p50=60 rwrep_p95=18432 rwrep_sum=1632363 rep_n=414 rep_p50=4096 rep_p95=20480 rep_sum=3695962 tot_p50=6144 tot_p95=9216 tot_p99=10240 sh_ax=0.9597 sh_rwxp=0.0000 sh_rwsp=0.0020 sh_rwrep=0.0117 sh_rep=0.0266
  EVICT ship 1200B tm-c.log: [RFA] gen=0 fires=196 false=196 false_frac=1.0000 fill_coded=0 fill_src=0 dup_src=196 preempt_src=0 src_n=11512 rep_n=605 nu_recv=0.01703 fa_class=0.0625 rep_redundant=601 late_after_aban=0
  EVICT ship 1200B tm-c.log: [SUCC] gen=0 det=0 res=0 orig_n=0 orig_p50_us=- orig_p90_us=- orig_p99_us=- orig_mx_us=- orig_mean_us=- rep_n=0 rep_p50_us=- rep_p90_us=- rep_p99_us=- rep_mx_us=- rep_mean_us=- aban_n=0 aban_p50_us=- aban_p90_us=- aban_p99_us=- aban_mx_us=- aban_mean_us=- open=0 over=0 orig_frac=- cross_us=- dump=0/0 sp_n=0 xp_n=0 xp_frac=- sp_p50_us=- sp_p90_us=- xp_p50_us=- xp_p90_us=- rtx_n=0
  EVICT ship 1200B tm-c.log: [ETA] site=sender fhat_us=1791135021160368 n=24391 zero=0.0000 place_n=0 cold_r=- cold_ge=- t_eff=- t_cold=- t_n=0 hol_sh=- hol_n=0 hol_mv=- hol_calls=0 hol_w=- p0:n=23231/24391 drop=746 tau_us=32918 e_p50=4608 e_p90=9216 e_p99=11264 e_mx=24763 late=0.8740 sig_us=3001/n251
  EVICT ship 1200B tm-c.log: [LAT] site=receiver n=11316 over=0 p0:n=11316 nowait=1085 minrst=8 ax_n=11316 ax_p50=6144 ax_p90=8192 ax_p95=9216 ax_p99=9216 ax_sum=72252786 rwxp_n=0 rwxp_p50=- rwxp_p95=- rwxp_sum=0 rwsp_n=10231 rwsp_p50=1 rwsp_p95=2 rwsp_sum=13348 rwrep_n=0 rwrep_p50=- rwrep_p95=- rwrep_sum=0 rep_n=0 rep_p50=- rep_p95=- rep_sum=0 tot_p50=6144 tot_p95=9216 tot_p99=9216 sh_ax=0.9998 sh_rwxp=0.0000 sh_rwsp=0.0002 sh_rwrep=0.0000 sh_rep=0.0000
ARM ship 1200B: n=8 min=85 median=95 max=172
=== done 19:30:30
EXIT rc=0 (19:30:30)
=== CROWNSPOT stage seed=7 cell=c3 rc=0 end=2026-10-04T17:30:30Z
CROWNSPOT-DONE seed=7 stages=2/2 2026-10-04T17:30:30Z
