=== CROWNSPOT stage seed=42 cell=c2 start=2026-10-04T16:57:50Z
=== tail matrix (task #61 flip-gate) @ c2 seed=42 arms='ship', 8 reps/arm (warm tunnel), 50msg/s x20s sizes='400 1200' 18:57:50
--- ship 400B start=18:57:50
ARMENV ship 400B: hint=realtime env='<unset>' flags='' rate=50 dur=20
  ECHO ship 400B tm-s.log: ack-merge ACTIVE (RWM_ACK_MERGE: WINDOW mode sends ONE control datagram per data message instead of two — the legacy per-batch Ack is suppressed, the SACK WindowAck goes unconditional at that cadence and carries the Ack's payload in the v6 cumulative cum_expected/cum_received counters, every Ack-arm consumer re-homed onto the counter diff; BLOCK mode bit-exact; the delivery statistic/cadence/counts unchanged) copa_feed=false
  ECHO ship 400B tm-s.log: A* send-rate anchor ACTIVE (RWM_ASTAR_ANCHOR: windowed-max send rate over ~8 SRTT, clock-gap sample discard)
  ECHO ship 400B tm-s.log: clock-gap estimator hygiene ACTIVE (RWM_CLOCK_GAP: process-clock stall witness, post-stall sample discard at the ack feed sites)
  ECHO ship 400B tm-s.log: estimator heavy-math cadence ACTIVE (RWM_EST_CADENCE: BOCD update at 10 ms/loss-event cadence, accumulated counts)
  ECHO ship 400B tm-s.log: M* peer-report RTT-feed suppression ACTIVE (RWM_MSTAR_ANCHOR plain-live subset: local-echo-only RTT feed + estimator seed-from-sample)
  ECHO ship 400B tm-s.log: quinn congestion controller: BBR (shipped default; RWM_QUIC_CC overrides)
  ECHO ship 400B tm-s.log: RWM_UNIFIED=1 RWM_UNIFIED_SHED=1 RWM_TAPER_R=1 RWM_ASTAR_ANCHOR=1 RWM_MSTAR_ANCHOR=1 RWM_PLAIN_RS=0 RWM_HONEST_ANCHOR=1 RWM_HONEST_K=0 RWM_STORE_SACK_RELEASE=1 RWM_STORE_PATHS=1 RWM_STORE_PATH_POOL=2048 RWM_STORE=unset RWM_STORE_GAIN=2 RWM_STORE_BOOT=128 RWM_THREE_TERM=0 RWM_COMPOSED_CAP=0 RWM_SUM_CAP=1 RWM_LATE_BRAKE=0 RWM_DELTA_CAP=1 RWM_HONEST_CAP=0 RWM_POOL_ANCHOR=0 RWM_ACK_MERGE=1 RWM_LOSS_SENT_TRUTH=0 RWM_RELEASE_1TO1=0 RWM_CHARGE_RECOVERY=0 RWM_SIDLE_DERIVED=0 RWM_COLD_PLACE=0 RWM_PLACE_T_DERIVED=0 RWM_PLACE_HOL=0 RWM_PLACE_WDIV_DERIVED=0 RWM_GEN=1 RWM_PIPELINE=2 RWM_GEN_PIPE=1 RWM_GEN_R=unset RWM_GEN_RATE=9000 RWM_GEN_RATE_FLOOR=2000 RWM_GEN_INFLIGHT=unset RWM_OOO_RETAIN=0/16 RWM_WINDOW=unset RWM_REPORT_GENS=unset RWM_REPAIR_WAIT=unset RWM_CODED_SRC=0 RWM_NO_REACTIVE=0 RWM_XPATH_REPAIR=0 RWM_PROACTIVE_PACER=0 RWM_REASM_BDP=0 RWM_MIN_R=0 RWM_CC_PACE=0 RWM_CC_PACE_HR=1.1 RWM_REACT_CAP=unset RWM_INFL_CAP=0 RWM_INFL_BDP=unset RWM_COPA_FEED=0 RWM_RS_ATTR=1 RWM_EMIT_BATCH=0 RWM_EMIT_BURST=64 RWM_RECOV_MP=1 RWM_RECOV_MP_LAW=1 RWM_RECOV_SP=0 RWM_DERIVED_SWEEP=0 RWM_HOLDDOWN_Q=unset RWM_REFRESH_FLOOR_US=unset RWM_DELTA=unset RWM_COPA_DELTA=unset RWM_COMPLETION_EXPOSURE=0 RWM_RECV_REQUEST_LAW=0 RWM_RANK_FEEDBACK=0 RWM_DIAG=1 RWM_ACKDIAG=0 RWM_ACKDIAG_WINDOW_US=2000000 RWM_RTT_DUMP=0 RWM_RTT_DUMP_MAX=400000 RWM_SUCC_DUMP=0 RWM_SUCC_DUMP_MAX=200000 RWM_WALLDIAG=0 RWM_CPUPROF=0 RWM_RDIAG=0 RWM_FDIAG=0 RWM_TRACE=0 RWM_PFRAC=0
  ECHO ship 400B tm-s.log: RWM_UNIFIED: Realtime rides the RLC span machine (small-δ parameterization, no code-family switch)
  ECHO ship 400B tm-s.log: RWM_UNIFIED: receive path on the unified global decoder (one machine, both wires) generation=false
  ECHO ship 400B tm-s.log: sliding-window FEC mode symbol_size=512 backend=Rlc
  ECHO ship 400B tm-s.log: unified overload shedding ACTIVE at receiver (RWM_UNIFIED_SHED: in-order hold = delta-derived b*SRTT within the eps-class give-up budget)
  ECHO ship 400B tm-s.log: unified overload shedding ACTIVE (RWM_UNIFIED_SHED: past-deadline holes shed within the derived 1-rho budget; =0 = serializing arm)
  ECHO ship 400B tm-s.log: unified span law ACTIVE (RWM_UNIFIED: plain-mode proactive repair over the trailing solvable span [end-A*, end-Δ), A* from δ) hint=Realtime
  ECHO ship 400B tm-c.log: ack-merge ACTIVE (RWM_ACK_MERGE: WINDOW mode sends ONE control datagram per data message instead of two — the legacy per-batch Ack is suppressed, the SACK WindowAck goes unconditional at that cadence and carries the Ack's payload in the v6 cumulative cum_expected/cum_received counters, every Ack-arm consumer re-homed onto the counter diff; BLOCK mode bit-exact; the delivery statistic/cadence/counts unchanged) copa_feed=false
  ECHO ship 400B tm-c.log: A* send-rate anchor ACTIVE (RWM_ASTAR_ANCHOR: windowed-max send rate over ~8 SRTT, clock-gap sample discard)
  ECHO ship 400B tm-c.log: clock-gap estimator hygiene ACTIVE (RWM_CLOCK_GAP: process-clock stall witness, post-stall sample discard at the ack feed sites)
  ECHO ship 400B tm-c.log: estimator heavy-math cadence ACTIVE (RWM_EST_CADENCE: BOCD update at 10 ms/loss-event cadence, accumulated counts)
  ECHO ship 400B tm-c.log: M* peer-report RTT-feed suppression ACTIVE (RWM_MSTAR_ANCHOR plain-live subset: local-echo-only RTT feed + estimator seed-from-sample)
  ECHO ship 400B tm-c.log: quinn congestion controller: BBR (shipped default; RWM_QUIC_CC overrides)
  ECHO ship 400B tm-c.log: RWM_UNIFIED=1 RWM_UNIFIED_SHED=1 RWM_TAPER_R=1 RWM_ASTAR_ANCHOR=1 RWM_MSTAR_ANCHOR=1 RWM_PLAIN_RS=0 RWM_HONEST_ANCHOR=1 RWM_HONEST_K=0 RWM_STORE_SACK_RELEASE=1 RWM_STORE_PATHS=1 RWM_STORE_PATH_POOL=2048 RWM_STORE=unset RWM_STORE_GAIN=2 RWM_STORE_BOOT=128 RWM_THREE_TERM=0 RWM_COMPOSED_CAP=0 RWM_SUM_CAP=1 RWM_LATE_BRAKE=0 RWM_DELTA_CAP=1 RWM_HONEST_CAP=0 RWM_POOL_ANCHOR=0 RWM_ACK_MERGE=1 RWM_LOSS_SENT_TRUTH=0 RWM_RELEASE_1TO1=0 RWM_CHARGE_RECOVERY=0 RWM_SIDLE_DERIVED=0 RWM_COLD_PLACE=0 RWM_PLACE_T_DERIVED=0 RWM_PLACE_HOL=0 RWM_PLACE_WDIV_DERIVED=0 RWM_GEN=1 RWM_PIPELINE=2 RWM_GEN_PIPE=1 RWM_GEN_R=unset RWM_GEN_RATE=9000 RWM_GEN_RATE_FLOOR=2000 RWM_GEN_INFLIGHT=unset RWM_OOO_RETAIN=0/16 RWM_WINDOW=unset RWM_REPORT_GENS=unset RWM_REPAIR_WAIT=unset RWM_CODED_SRC=0 RWM_NO_REACTIVE=0 RWM_XPATH_REPAIR=0 RWM_PROACTIVE_PACER=0 RWM_REASM_BDP=0 RWM_MIN_R=0 RWM_CC_PACE=0 RWM_CC_PACE_HR=1.1 RWM_REACT_CAP=unset RWM_INFL_CAP=0 RWM_INFL_BDP=unset RWM_COPA_FEED=0 RWM_RS_ATTR=1 RWM_EMIT_BATCH=0 RWM_EMIT_BURST=64 RWM_RECOV_MP=1 RWM_RECOV_MP_LAW=1 RWM_RECOV_SP=0 RWM_DERIVED_SWEEP=0 RWM_HOLDDOWN_Q=unset RWM_REFRESH_FLOOR_US=unset RWM_DELTA=unset RWM_COPA_DELTA=unset RWM_COMPLETION_EXPOSURE=0 RWM_RECV_REQUEST_LAW=0 RWM_RANK_FEEDBACK=0 RWM_DIAG=1 RWM_ACKDIAG=0 RWM_ACKDIAG_WINDOW_US=2000000 RWM_RTT_DUMP=0 RWM_RTT_DUMP_MAX=400000 RWM_SUCC_DUMP=0 RWM_SUCC_DUMP_MAX=200000 RWM_WALLDIAG=0 RWM_CPUPROF=0 RWM_RDIAG=0 RWM_FDIAG=0 RWM_TRACE=0 RWM_PFRAC=0
  ECHO ship 400B tm-c.log: RWM_UNIFIED: Realtime rides the RLC span machine (small-δ parameterization, no code-family switch)
  ECHO ship 400B tm-c.log: RWM_UNIFIED: receive path on the unified global decoder (one machine, both wires) generation=false
  ECHO ship 400B tm-c.log: sliding-window FEC mode symbol_size=512 backend=Rlc
  ECHO ship 400B tm-c.log: unified overload shedding ACTIVE at receiver (RWM_UNIFIED_SHED: in-order hold = delta-derived b*SRTT within the eps-class give-up budget)
  ECHO ship 400B tm-c.log: unified overload shedding ACTIVE (RWM_UNIFIED_SHED: past-deadline holes shed within the derived 1-rho budget; =0 = serializing arm)
  ECHO ship 400B tm-c.log: unified span law ACTIVE (RWM_UNIFIED: plain-mode proactive repair over the trailing solvable span [end-A*, end-Δ), A* from δ) hint=Realtime
  ship 400B rep1: p50=8.06ms p99=38.995ms p999=123.349ms max=123.349ms n=1000
  ship 400B rep2: p50=7.817ms p99=36.613ms p999=62.278ms max=62.278ms n=1000
  ship 400B rep3: p50=8.015ms p99=38.218ms p999=72.367ms max=72.367ms n=1000
  ship 400B rep4: p50=7.829ms p99=35.086ms p999=58.352ms max=58.352ms n=1000
  ship 400B rep5: p50=8.067ms p99=35.55ms p999=61.928ms max=61.928ms n=1000
  ship 400B rep6: p50=7.873ms p99=56.867ms p999=80.59ms max=80.59ms n=1000
  ship 400B rep7: p50=7.804ms p99=35.68ms p999=73.901ms max=73.901ms n=1000
  ship 400B rep8: p50=7.663ms p99=37.242ms p999=71.289ms max=71.289ms n=1000
  SPAN ship 400B tm-s.log: [SPAN] t=1.5s ack=1 win=[0,1] wsize=2 a_star=Some(1) delta=Some(1) owed=0.00 rr=0.500 debt=0.00 retx_buf=1 shed=0/0 bud=0.0000 D=7ms ar=0 agap=0/0 dg_rx=7 dg_tx=7
  SPAN ship 400B tm-s.log: [SPAN] t=2.0s ack=26 win=[0,26] wsize=27 a_star=Some(1) delta=Some(1) owed=0.00 rr=0.441 debt=0.06 retx_buf=1 shed=0/1 bud=0.0000 D=5ms ar=69 agap=0/0 dg_rx=63 dg_tx=63
  SPAN ship 400B tm-s.log: [SPAN] t=2.5s ack=50 win=[0,50] wsize=51 a_star=Some(1) delta=Some(1) owed=0.00 rr=0.255 debt=0.04 retx_buf=1 shed=0/2 bud=0.0000 D=6ms ar=75 agap=0/0 dg_rx=113 dg_tx=114
  SPAN ship 400B tm-s.log: [SPAN] t=3.0s ack=76 win=[0,76] wsize=77 a_star=Some(1) delta=Some(1) owed=0.00 rr=0.188 debt=0.11 retx_buf=1 shed=0/2 bud=0.0000 D=5ms ar=62 agap=0/0 dg_rx=165 dg_tx=166
  SPAN ship 400B tm-s.log: [SPAN] t=3.6s ack=102 win=[1,102] wsize=102 a_star=Some(1) delta=Some(1) owed=0.00 rr=0.153 debt=0.14 retx_buf=1 shed=0/2 bud=0.0000 D=5ms ar=69 agap=0/0 dg_rx=217 dg_tx=218
  SPAN ship 400B tm-s.log: [SPAN] t=4.1s ack=127 win=[110,127] wsize=18 a_star=Some(1) delta=Some(1) owed=0.00 rr=0.340 debt=0.00 retx_buf=1 shed=0/3 bud=0.0000 D=5ms ar=63 agap=0/0 dg_rx=268 dg_tx=271
  SPAN ship 400B tm-s.log: [SPAN] t=6.1s ack=228 win=[211,228] wsize=18 a_star=Some(1) delta=Some(1) owed=0.00 rr=0.340 debt=0.00 retx_buf=1 shed=0/10 bud=0.0000 D=5ms ar=62 agap=0/0 dg_rx=487 dg_tx=497
  SPAN ship 400B tm-s.log: [SPAN] t=11.3s ack=482 win=[465,482] wsize=18 a_star=Some(1) delta=Some(1) owed=0.00 rr=0.340 debt=0.00 retx_buf=1 shed=0/20 bud=0.0000 D=6ms ar=62 agap=0/0 dg_rx=1008 dg_tx=1026
  SPAN ship 400B tm-s.log: [SPAN] t=16.4s ack=735 win=[718,735] wsize=18 a_star=Some(1) delta=Some(1) owed=0.00 rr=0.340 debt=0.00 retx_buf=1 shed=0/26 bud=0.0000 D=5ms ar=67 agap=0/0 dg_rx=1526 dg_tx=1551
  SPAN ship 400B tm-s.log: [SPAN] t=21.5s ack=987 win=[970,987] wsize=18 a_star=Some(1) delta=Some(1) owed=0.00 rr=0.340 debt=0.00 retx_buf=1 shed=0/41 bud=0.0000 D=5ms ar=93 agap=0/0 dg_rx=2050 dg_tx=2088
  SPAN ship 400B tm-s.log: [SPAN] t=36.1s ack=1216 win=[1199,1216] wsize=18 a_star=Some(1) delta=Some(1) owed=0.00 rr=0.340 debt=0.00 retx_buf=1 shed=0/54 bud=0.0000 D=6ms ar=140 agap=1/101 dg_rx=2534 dg_tx=2584
  SPAN ship 400B tm-s.log: [SPAN] t=41.2s ack=1470 win=[1453,1470] wsize=18 a_star=Some(1) delta=Some(1) owed=0.00 rr=0.340 debt=0.00 retx_buf=1 shed=0/58 bud=0.0000 D=6ms ar=66 agap=1/101 dg_rx=3047 dg_tx=3099
  SPAN ship 400B tm-s.log: [SPAN] t=46.3s ack=1722 win=[1705,1722] wsize=18 a_star=Some(1) delta=Some(1) owed=0.00 rr=0.340 debt=0.00 retx_buf=1 shed=0/67 bud=0.0000 D=6ms ar=60 agap=1/101 dg_rx=3570 dg_tx=3630
  SPAN ship 400B tm-s.log: [SPAN] t=51.5s ack=1972 win=[1955,1972] wsize=18 a_star=Some(1) delta=Some(1) owed=0.00 rr=0.340 debt=0.00 retx_buf=1 shed=0/80 bud=0.0000 D=5ms ar=66 agap=1/101 dg_rx=4084 dg_tx=4159
  SPAN ship 400B tm-s.log: [SPAN] t=66.2s ack=2207 win=[2190,2207] wsize=18 a_star=Some(1) delta=Some(1) owed=0.00 rr=0.340 debt=0.00 retx_buf=1 shed=0/92 bud=0.0000 D=6ms ar=78 agap=2/201 dg_rx=4587 dg_tx=4672
  SPAN ship 400B tm-s.log: [SPAN] t=71.3s ack=2460 win=[2443,2460] wsize=18 a_star=Some(1) delta=Some(1) owed=0.00 rr=0.340 debt=0.00 retx_buf=1 shed=0/103 bud=0.0000 D=5ms ar=66 agap=2/201 dg_rx=5106 dg_tx=5202
  SPAN ship 400B tm-s.log: [SPAN] t=76.5s ack=2711 win=[2694,2711] wsize=18 a_star=Some(1) delta=Some(1) owed=0.00 rr=0.340 debt=0.00 retx_buf=1 shed=0/117 bud=0.0000 D=5ms ar=112 agap=2/201 dg_rx=5628 dg_tx=5741
  SPAN ship 400B tm-s.log: [SPAN] t=81.6s ack=2963 win=[2946,2963] wsize=18 a_star=Some(1) delta=Some(1) owed=0.00 rr=0.340 debt=0.00 retx_buf=1 shed=0/126 bud=0.0000 D=5ms ar=66 agap=2/201 dg_rx=6142 dg_tx=6261
  SPAN ship 400B tm-s.log: [SPAN] t=96.2s ack=3193 win=[3176,3193] wsize=18 a_star=Some(1) delta=Some(1) owed=0.00 rr=0.340 debt=0.00 retx_buf=1 shed=0/135 bud=0.0000 D=5ms ar=91 agap=3/300 dg_rx=6629 dg_tx=6754
  SPAN ship 400B tm-s.log: [SPAN] t=101.3s ack=3444 win=[3427,3444] wsize=18 a_star=Some(1) delta=Some(1) owed=0.00 rr=0.340 debt=0.00 retx_buf=1 shed=0/142 bud=0.0000 D=6ms ar=61 agap=3/300 dg_rx=7144 dg_tx=7276
  SPAN ship 400B tm-s.log: [SPAN] t=106.4s ack=3700 win=[3683,3700] wsize=18 a_star=Some(1) delta=Some(1) owed=0.00 rr=0.340 debt=0.00 retx_buf=1 shed=0/148 bud=0.0000 D=5ms ar=62 agap=3/300 dg_rx=7663 dg_tx=7803
  SPAN ship 400B tm-s.log: [SPAN] t=111.6s ack=3951 win=[3934,3951] wsize=18 a_star=Some(1) delta=Some(1) owed=0.00 rr=0.340 debt=0.00 retx_buf=1 shed=0/160 bud=0.0000 D=5ms ar=118 agap=3/300 dg_rx=8182 dg_tx=8334
  SPAN ship 400B tm-s.log: [SPAN] t=126.2s ack=4180 win=[4163,4180] wsize=18 a_star=Some(1) delta=Some(1) owed=0.00 rr=0.340 debt=0.00 retx_buf=1 shed=0/173 bud=0.0000 D=5ms ar=71 agap=4/397 dg_rx=8667 dg_tx=8831
  SPAN ship 400B tm-s.log: [SPAN] t=131.3s ack=4431 win=[4414,4431] wsize=18 a_star=Some(1) delta=Some(1) owed=0.00 rr=0.340 debt=0.00 retx_buf=1 shed=0/179 bud=0.0000 D=5ms ar=58 agap=4/397 dg_rx=9174 dg_tx=9345
  SPAN ship 400B tm-c.log: [SPAN] t=1.5s ack=1 win=[0,1] wsize=2 a_star=Some(1) delta=Some(1) owed=0.00 rr=0.500 debt=0.00 retx_buf=1 shed=0/0 bud=0.0000 D=2ms ar=0 agap=0/0 dg_rx=6 dg_tx=6
  SPAN ship 400B tm-c.log: [SPAN] t=2.0s ack=28 win=[0,28] wsize=29 a_star=Some(1) delta=Some(1) owed=0.00 rr=0.500 debt=0.00 retx_buf=1 shed=0/2 bud=0.0000 D=5ms ar=84 agap=0/0 dg_rx=62 dg_tx=63
  SPAN ship 400B tm-c.log: [SPAN] t=2.5s ack=54 win=[0,54] wsize=55 a_star=Some(1) delta=Some(1) owed=0.00 rr=0.368 debt=0.13 retx_buf=1 shed=0/4 bud=0.0001 D=6ms ar=54 agap=0/0 dg_rx=115 dg_tx=117
  SPAN ship 400B tm-c.log: [SPAN] t=3.1s ack=80 win=[0,80] wsize=81 a_star=Some(1) delta=Some(1) owed=0.00 rr=0.261 debt=0.24 retx_buf=1 shed=0/4 bud=0.0000 D=5ms ar=51 agap=0/0 dg_rx=167 dg_tx=169
  SPAN ship 400B tm-c.log: [SPAN] t=3.6s ack=106 win=[5,106] wsize=102 a_star=Some(1) delta=Some(1) owed=0.00 rr=0.210 debt=0.29 retx_buf=1 shed=0/4 bud=0.0000 D=5ms ar=54 agap=0/0 dg_rx=219 dg_tx=221
  SPAN ship 400B tm-c.log: [SPAN] t=4.1s ack=132 win=[113,132] wsize=20 a_star=Some(1) delta=Some(1) owed=0.00 rr=0.355 debt=0.17 retx_buf=3 shed=0/6 bud=0.0064 D=5ms ar=51 agap=0/0 dg_rx=271 dg_tx=275
  SPAN ship 400B tm-c.log: [SPAN] t=6.1s ack=236 win=[219,236] wsize=18 a_star=Some(1) delta=Some(1) owed=0.00 rr=0.500 debt=0.00 retx_buf=1 shed=1/15 bud=0.0000 D=5ms ar=52 agap=0/0 dg_rx=494 dg_tx=504
  SPAN ship 400B tm-c.log: [SPAN] t=11.2s ack=493 win=[476,493] wsize=18 a_star=Some(1) delta=Some(1) owed=0.00 rr=0.470 debt=0.01 retx_buf=1 shed=1/22 bud=0.0001 D=6ms ar=52 agap=0/0 dg_rx=1021 dg_tx=1036
  SPAN ship 400B tm-c.log: [SPAN] t=16.3s ack=750 win=[733,750] wsize=18 a_star=Some(1) delta=Some(1) owed=0.00 rr=0.430 debt=0.01 retx_buf=1 shed=1/28 bud=0.0000 D=5ms ar=51 agap=0/0 dg_rx=1545 dg_tx=1561
  SPAN ship 400B tm-c.log: [SPAN] t=21.4s ack=1009 win=[992,1009] wsize=18 a_star=Some(1) delta=Some(1) owed=0.00 rr=0.405 debt=0.08 retx_buf=1 shed=5/43 bud=0.0018 D=5ms ar=93 agap=0/0 dg_rx=2081 dg_tx=2105
  SPAN ship 400B tm-c.log: [SPAN] t=36.1s ack=1246 win=[1228,1246] wsize=19 a_star=Some(1) delta=Some(1) owed=0.00 rr=0.425 debt=0.01 retx_buf=2 shed=5/54 bud=0.0030 D=6ms ar=99 agap=1/101 dg_rx=2579 dg_tx=2610
  SPAN ship 400B tm-c.log: [SPAN] t=41.2s ack=1502 win=[1485,1502] wsize=18 a_star=Some(1) delta=Some(1) owed=0.00 rr=0.425 debt=0.06 retx_buf=1 shed=5/55 bud=0.0000 D=5ms ar=51 agap=1/101 dg_rx=3098 dg_tx=3131
  SPAN ship 400B tm-c.log: [SPAN] t=46.3s ack=1761 win=[1744,1761] wsize=18 a_star=Some(1) delta=Some(1) owed=0.00 rr=0.450 debt=0.05 retx_buf=1 shed=6/66 bud=0.0000 D=5ms ar=54 agap=1/101 dg_rx=3631 dg_tx=3672
  SPAN ship 400B tm-c.log: [SPAN] t=51.4s ack=2016 win=[1999,2019] wsize=21 a_star=Some(1) delta=Some(1) owed=0.00 rr=0.500 debt=0.00 retx_buf=4 shed=6/79 bud=0.0120 D=5ms ar=52 agap=1/101 dg_rx=4158 dg_tx=4211
  SPAN ship 400B tm-c.log: [SPAN] t=66.2s ack=2262 win=[2245,2262] wsize=18 a_star=Some(1) delta=Some(1) owed=0.00 rr=0.500 debt=0.00 retx_buf=1 shed=8/93 bud=0.0005 D=5ms ar=54 agap=2/202 dg_rx=4673 dg_tx=4730
  SPAN ship 400B tm-c.log: [SPAN] t=71.4s ack=2520 win=[2503,2520] wsize=18 a_star=Some(1) delta=Some(1) owed=0.00 rr=0.450 debt=0.05 retx_buf=1 shed=9/102 bud=0.0000 D=5ms ar=55 agap=2/202 dg_rx=5203 dg_tx=5267
  SPAN ship 400B tm-c.log: [SPAN] t=76.4s ack=2779 win=[2762,2779] wsize=18 a_star=Some(1) delta=Some(1) owed=0.00 rr=0.495 debt=0.01 retx_buf=1 shed=13/113 bud=0.0000 D=5ms ar=111 agap=2/202 dg_rx=5738 dg_tx=5813
  SPAN ship 400B tm-c.log: [SPAN] t=81.6s ack=3035 win=[3018,3035] wsize=18 a_star=Some(1) delta=Some(1) owed=0.00 rr=0.460 debt=0.04 retx_buf=1 shed=13/118 bud=0.0000 D=5ms ar=56 agap=2/202 dg_rx=6260 dg_tx=6339
  SPAN ship 400B tm-c.log: [SPAN] t=96.2s ack=3273 win=[3256,3273] wsize=18 a_star=Some(1) delta=Some(1) owed=0.00 rr=0.445 debt=0.02 retx_buf=1 shed=13/129 bud=0.0028 D=5ms ar=51 agap=3/303 dg_rx=6755 dg_tx=6839
  SPAN ship 400B tm-c.log: [SPAN] t=101.4s ack=3531 win=[3514,3531] wsize=18 a_star=Some(1) delta=Some(1) owed=0.00 rr=0.445 debt=0.06 retx_buf=1 shed=13/136 bud=0.0000 D=5ms ar=51 agap=3/303 dg_rx=7279 dg_tx=7368
  SPAN ship 400B tm-c.log: [SPAN] t=106.5s ack=3791 win=[3774,3791] wsize=18 a_star=Some(1) delta=Some(1) owed=0.00 rr=0.430 debt=0.07 retx_buf=1 shed=13/140 bud=0.0000 D=5ms ar=52 agap=3/303 dg_rx=7810 dg_tx=7899
  SPAN ship 400B tm-c.log: [SPAN] t=121.6s ack=4049 win=[4032,4049] wsize=18 a_star=Some(1) delta=Some(1) owed=0.00 rr=0.450 debt=0.00 retx_buf=1 shed=16/155 bud=0.0012 D=6ms ar=100 agap=4/304 dg_rx=8348 dg_tx=8446
  SPAN ship 400B tm-c.log: [SPAN] t=126.7s ack=4307 win=[4290,4307] wsize=18 a_star=Some(1) delta=Some(1) owed=0.00 rr=0.445 debt=0.06 retx_buf=1 shed=17/167 bud=0.0000 D=5ms ar=52 agap=4/404 dg_rx=8878 dg_tx=8985
  SPAN ship 400B tm-c.log: [SPAN] t=131.9s ack=4566 win=[4549,4566] wsize=18 a_star=Some(1) delta=Some(1) owed=0.00 rr=0.500 debt=0.00 retx_buf=1 shed=18/174 bud=0.0057 D=5ms ar=100 agap=4/404 dg_rx=9404 dg_tx=9519
  EVICT ship 400B tm-s.log: [RFA] gen=0 fires=203 false=37 false_frac=0.1823 fill_coded=54 fill_src=112 dup_src=26 preempt_src=11 src_n=8032 rep_n=206 nu_recv=0.02527 fa_class=0.0625 rep_redundant=146 late_after_aban=72
  EVICT ship 400B tm-s.log: [SUCC] gen=0 det=152 res=60 orig_n=53 orig_p50_us=4608 orig_p90_us=5632 orig_p99_us=6656 orig_mx_us=6746 orig_mean_us=4331 rep_n=7 rep_p50_us=32 rep_p90_us=48 rep_p99_us=48 rep_mx_us=49 rep_mean_us=34 aban_n=92 aban_p50_us=7168 aban_p90_us=7168 aban_p99_us=8192 aban_mx_us=8259 aban_mean_us=7039 open=0 over=0 orig_frac=0.8833 cross_us=26 dump=0/0 sp_n=60 xp_n=0 xp_frac=0.0000 sp_p50_us=4096 sp_p90_us=5632 xp_p50_us=- xp_p90_us=- rtx_n=53
  EVICT ship 400B tm-s.log: [ETA] site=sender fhat_us=1791133305367832 n=7913 zero=0.0000 place_n=0 cold_r=- cold_ge=- t_eff=- t_cold=- t_n=0 hol_sh=- hol_n=0 hol_mv=- hol_calls=0 hol_w=- p0:n=7753/7913 drop=0 tau_us=5735 e_p50=2816 e_p90=5120 e_p99=6656 e_mx=16975 late=0.9078 sig_us=1714/n6
  EVICT ship 400B tm-s.log: [LAT] site=receiver n=7979 over=54 p0:n=7925 nowait=198 minrst=6 ax_n=7925 ax_p50=3072 ax_p90=5120 ax_p95=5632 ax_p99=5632 ax_sum=24855171 rwxp_n=0 rwxp_p50=- rwxp_p95=- rwxp_sum=0 rwsp_n=7720 rwsp_p50=1 rwsp_p95=3 rwsp_sum=230871 rwrep_n=7 rwrep_p50=32 rwrep_p95=48 rwrep_sum=248 rep_n=7 rep_p50=32 rep_p95=48 rep_sum=242 tot_p50=3072 tot_p95=5632 tot_p99=6144 sh_ax=0.9908 sh_rwxp=0.0000 sh_rwsp=0.0092 sh_rwrep=0.0000 sh_rep=0.0000
  EVICT ship 400B tm-c.log: [RFA] gen=0 fires=316 false=316 false_frac=1.0000 fill_coded=0 fill_src=0 dup_src=316 preempt_src=0 src_n=8187 rep_n=0 nu_recv=0.03860 fa_class=0.0625 rep_redundant=0 late_after_aban=0
  EVICT ship 400B tm-c.log: [SUCC] gen=0 det=0 res=0 orig_n=0 orig_p50_us=- orig_p90_us=- orig_p99_us=- orig_mx_us=- orig_mean_us=- rep_n=0 rep_p50_us=- rep_p90_us=- rep_p99_us=- rep_mx_us=- rep_mean_us=- aban_n=0 aban_p50_us=- aban_p90_us=- aban_p99_us=- aban_mx_us=- aban_mean_us=- open=0 over=0 orig_frac=- cross_us=- dump=0/0 sp_n=0 xp_n=0 xp_frac=- sp_p50_us=- sp_p90_us=- xp_p50_us=- xp_p90_us=- rtx_n=0
  EVICT ship 400B tm-c.log: [ETA] site=sender fhat_us=1791133305382122 n=8107 zero=0.0000 place_n=0 cold_r=- cold_ge=- t_eff=- t_cold=- t_n=0 hol_sh=- hol_n=0 hol_mv=- hol_calls=0 hol_w=- p0:n=7877/8107 drop=0 tau_us=5230 e_p50=2816 e_p90=5632 e_p99=7680 e_mx=22265 late=0.8821 sig_us=-/n0
  EVICT ship 400B tm-c.log: [LAT] site=receiver n=7871 over=0 p0:n=7871 nowait=66 minrst=8 ax_n=7871 ax_p50=3328 ax_p90=5120 ax_p95=5632 ax_p99=5632 ax_sum=27207695 rwxp_n=0 rwxp_p50=- rwxp_p95=- rwxp_sum=0 rwsp_n=7805 rwsp_p50=1 rwsp_p95=3 rwsp_sum=12593 rwrep_n=0 rwrep_p50=- rwrep_p95=- rwrep_sum=0 rep_n=0 rep_p50=- rep_p95=- rep_sum=0 tot_p50=3328 tot_p95=5632 tot_p99=5632 sh_ax=0.9995 sh_rwxp=0.0000 sh_rwsp=0.0005 sh_rwrep=0.0000 sh_rep=0.0000
ARM ship 400B: n=8 min=35 median=37 max=57
--- ship 1200B start=19:01:55
ARMENV ship 1200B: hint=realtime env='<unset>' flags='' rate=50 dur=20
  ECHO ship 1200B tm-s.log: ack-merge ACTIVE (RWM_ACK_MERGE: WINDOW mode sends ONE control datagram per data message instead of two — the legacy per-batch Ack is suppressed, the SACK WindowAck goes unconditional at that cadence and carries the Ack's payload in the v6 cumulative cum_expected/cum_received counters, every Ack-arm consumer re-homed onto the counter diff; BLOCK mode bit-exact; the delivery statistic/cadence/counts unchanged) copa_feed=false
  ECHO ship 1200B tm-s.log: A* send-rate anchor ACTIVE (RWM_ASTAR_ANCHOR: windowed-max send rate over ~8 SRTT, clock-gap sample discard)
  ECHO ship 1200B tm-s.log: clock-gap estimator hygiene ACTIVE (RWM_CLOCK_GAP: process-clock stall witness, post-stall sample discard at the ack feed sites)
  ECHO ship 1200B tm-s.log: estimator heavy-math cadence ACTIVE (RWM_EST_CADENCE: BOCD update at 10 ms/loss-event cadence, accumulated counts)
  ECHO ship 1200B tm-s.log: M* peer-report RTT-feed suppression ACTIVE (RWM_MSTAR_ANCHOR plain-live subset: local-echo-only RTT feed + estimator seed-from-sample)
  ECHO ship 1200B tm-s.log: quinn congestion controller: BBR (shipped default; RWM_QUIC_CC overrides)
  ECHO ship 1200B tm-s.log: RWM_UNIFIED=1 RWM_UNIFIED_SHED=1 RWM_TAPER_R=1 RWM_ASTAR_ANCHOR=1 RWM_MSTAR_ANCHOR=1 RWM_PLAIN_RS=0 RWM_HONEST_ANCHOR=1 RWM_HONEST_K=0 RWM_STORE_SACK_RELEASE=1 RWM_STORE_PATHS=1 RWM_STORE_PATH_POOL=2048 RWM_STORE=unset RWM_STORE_GAIN=2 RWM_STORE_BOOT=128 RWM_THREE_TERM=0 RWM_COMPOSED_CAP=0 RWM_SUM_CAP=1 RWM_LATE_BRAKE=0 RWM_DELTA_CAP=1 RWM_HONEST_CAP=0 RWM_POOL_ANCHOR=0 RWM_ACK_MERGE=1 RWM_LOSS_SENT_TRUTH=0 RWM_RELEASE_1TO1=0 RWM_CHARGE_RECOVERY=0 RWM_SIDLE_DERIVED=0 RWM_COLD_PLACE=0 RWM_PLACE_T_DERIVED=0 RWM_PLACE_HOL=0 RWM_PLACE_WDIV_DERIVED=0 RWM_GEN=1 RWM_PIPELINE=2 RWM_GEN_PIPE=1 RWM_GEN_R=unset RWM_GEN_RATE=9000 RWM_GEN_RATE_FLOOR=2000 RWM_GEN_INFLIGHT=unset RWM_OOO_RETAIN=0/16 RWM_WINDOW=unset RWM_REPORT_GENS=unset RWM_REPAIR_WAIT=unset RWM_CODED_SRC=0 RWM_NO_REACTIVE=0 RWM_XPATH_REPAIR=0 RWM_PROACTIVE_PACER=0 RWM_REASM_BDP=0 RWM_MIN_R=0 RWM_CC_PACE=0 RWM_CC_PACE_HR=1.1 RWM_REACT_CAP=unset RWM_INFL_CAP=0 RWM_INFL_BDP=unset RWM_COPA_FEED=0 RWM_RS_ATTR=1 RWM_EMIT_BATCH=0 RWM_EMIT_BURST=64 RWM_RECOV_MP=1 RWM_RECOV_MP_LAW=1 RWM_RECOV_SP=0 RWM_DERIVED_SWEEP=0 RWM_HOLDDOWN_Q=unset RWM_REFRESH_FLOOR_US=unset RWM_DELTA=unset RWM_COPA_DELTA=unset RWM_COMPLETION_EXPOSURE=0 RWM_RECV_REQUEST_LAW=0 RWM_RANK_FEEDBACK=0 RWM_DIAG=1 RWM_ACKDIAG=0 RWM_ACKDIAG_WINDOW_US=2000000 RWM_RTT_DUMP=0 RWM_RTT_DUMP_MAX=400000 RWM_SUCC_DUMP=0 RWM_SUCC_DUMP_MAX=200000 RWM_WALLDIAG=0 RWM_CPUPROF=0 RWM_RDIAG=0 RWM_FDIAG=0 RWM_TRACE=0 RWM_PFRAC=0
  ECHO ship 1200B tm-s.log: RWM_UNIFIED: Realtime rides the RLC span machine (small-δ parameterization, no code-family switch)
  ECHO ship 1200B tm-s.log: RWM_UNIFIED: receive path on the unified global decoder (one machine, both wires) generation=false
  ECHO ship 1200B tm-s.log: sliding-window FEC mode symbol_size=512 backend=Rlc
  ECHO ship 1200B tm-s.log: unified overload shedding ACTIVE at receiver (RWM_UNIFIED_SHED: in-order hold = delta-derived b*SRTT within the eps-class give-up budget)
  ECHO ship 1200B tm-s.log: unified overload shedding ACTIVE (RWM_UNIFIED_SHED: past-deadline holes shed within the derived 1-rho budget; =0 = serializing arm)
  ECHO ship 1200B tm-s.log: unified span law ACTIVE (RWM_UNIFIED: plain-mode proactive repair over the trailing solvable span [end-A*, end-Δ), A* from δ) hint=Realtime
  ECHO ship 1200B tm-c.log: ack-merge ACTIVE (RWM_ACK_MERGE: WINDOW mode sends ONE control datagram per data message instead of two — the legacy per-batch Ack is suppressed, the SACK WindowAck goes unconditional at that cadence and carries the Ack's payload in the v6 cumulative cum_expected/cum_received counters, every Ack-arm consumer re-homed onto the counter diff; BLOCK mode bit-exact; the delivery statistic/cadence/counts unchanged) copa_feed=false
  ECHO ship 1200B tm-c.log: A* send-rate anchor ACTIVE (RWM_ASTAR_ANCHOR: windowed-max send rate over ~8 SRTT, clock-gap sample discard)
  ECHO ship 1200B tm-c.log: clock-gap estimator hygiene ACTIVE (RWM_CLOCK_GAP: process-clock stall witness, post-stall sample discard at the ack feed sites)
  ECHO ship 1200B tm-c.log: estimator heavy-math cadence ACTIVE (RWM_EST_CADENCE: BOCD update at 10 ms/loss-event cadence, accumulated counts)
  ECHO ship 1200B tm-c.log: M* peer-report RTT-feed suppression ACTIVE (RWM_MSTAR_ANCHOR plain-live subset: local-echo-only RTT feed + estimator seed-from-sample)
  ECHO ship 1200B tm-c.log: quinn congestion controller: BBR (shipped default; RWM_QUIC_CC overrides)
  ECHO ship 1200B tm-c.log: RWM_UNIFIED=1 RWM_UNIFIED_SHED=1 RWM_TAPER_R=1 RWM_ASTAR_ANCHOR=1 RWM_MSTAR_ANCHOR=1 RWM_PLAIN_RS=0 RWM_HONEST_ANCHOR=1 RWM_HONEST_K=0 RWM_STORE_SACK_RELEASE=1 RWM_STORE_PATHS=1 RWM_STORE_PATH_POOL=2048 RWM_STORE=unset RWM_STORE_GAIN=2 RWM_STORE_BOOT=128 RWM_THREE_TERM=0 RWM_COMPOSED_CAP=0 RWM_SUM_CAP=1 RWM_LATE_BRAKE=0 RWM_DELTA_CAP=1 RWM_HONEST_CAP=0 RWM_POOL_ANCHOR=0 RWM_ACK_MERGE=1 RWM_LOSS_SENT_TRUTH=0 RWM_RELEASE_1TO1=0 RWM_CHARGE_RECOVERY=0 RWM_SIDLE_DERIVED=0 RWM_COLD_PLACE=0 RWM_PLACE_T_DERIVED=0 RWM_PLACE_HOL=0 RWM_PLACE_WDIV_DERIVED=0 RWM_GEN=1 RWM_PIPELINE=2 RWM_GEN_PIPE=1 RWM_GEN_R=unset RWM_GEN_RATE=9000 RWM_GEN_RATE_FLOOR=2000 RWM_GEN_INFLIGHT=unset RWM_OOO_RETAIN=0/16 RWM_WINDOW=unset RWM_REPORT_GENS=unset RWM_REPAIR_WAIT=unset RWM_CODED_SRC=0 RWM_NO_REACTIVE=0 RWM_XPATH_REPAIR=0 RWM_PROACTIVE_PACER=0 RWM_REASM_BDP=0 RWM_MIN_R=0 RWM_CC_PACE=0 RWM_CC_PACE_HR=1.1 RWM_REACT_CAP=unset RWM_INFL_CAP=0 RWM_INFL_BDP=unset RWM_COPA_FEED=0 RWM_RS_ATTR=1 RWM_EMIT_BATCH=0 RWM_EMIT_BURST=64 RWM_RECOV_MP=1 RWM_RECOV_MP_LAW=1 RWM_RECOV_SP=0 RWM_DERIVED_SWEEP=0 RWM_HOLDDOWN_Q=unset RWM_REFRESH_FLOOR_US=unset RWM_DELTA=unset RWM_COPA_DELTA=unset RWM_COMPLETION_EXPOSURE=0 RWM_RECV_REQUEST_LAW=0 RWM_RANK_FEEDBACK=0 RWM_DIAG=1 RWM_ACKDIAG=0 RWM_ACKDIAG_WINDOW_US=2000000 RWM_RTT_DUMP=0 RWM_RTT_DUMP_MAX=400000 RWM_SUCC_DUMP=0 RWM_SUCC_DUMP_MAX=200000 RWM_WALLDIAG=0 RWM_CPUPROF=0 RWM_RDIAG=0 RWM_FDIAG=0 RWM_TRACE=0 RWM_PFRAC=0
  ECHO ship 1200B tm-c.log: RWM_UNIFIED: Realtime rides the RLC span machine (small-δ parameterization, no code-family switch)
  ECHO ship 1200B tm-c.log: RWM_UNIFIED: receive path on the unified global decoder (one machine, both wires) generation=false
  ECHO ship 1200B tm-c.log: sliding-window FEC mode symbol_size=512 backend=Rlc
  ECHO ship 1200B tm-c.log: unified overload shedding ACTIVE at receiver (RWM_UNIFIED_SHED: in-order hold = delta-derived b*SRTT within the eps-class give-up budget)
  ECHO ship 1200B tm-c.log: unified overload shedding ACTIVE (RWM_UNIFIED_SHED: past-deadline holes shed within the derived 1-rho budget; =0 = serializing arm)
  ECHO ship 1200B tm-c.log: unified span law ACTIVE (RWM_UNIFIED: plain-mode proactive repair over the trailing solvable span [end-A*, end-Δ), A* from δ) hint=Realtime
  ship 1200B rep1: p50=8.21ms p99=38.09ms p999=59.491ms max=59.491ms n=1000
  ship 1200B rep2: p50=7.97ms p99=38.368ms p999=66.955ms max=66.955ms n=1000
  ship 1200B rep3: p50=8.414ms p99=41.484ms p999=81.234ms max=81.234ms n=1000
  ship 1200B rep4: p50=8.426ms p99=77.958ms p999=136.253ms max=136.253ms n=1000
  ship 1200B rep5: p50=8.355ms p99=36.125ms p999=70.06ms max=70.06ms n=1000
  ship 1200B rep6: p50=8.391ms p99=40.808ms p999=76.312ms max=76.312ms n=1000
  ship 1200B rep7: p50=8.368ms p99=38.578ms p999=69.375ms max=69.375ms n=1000
  ship 1200B rep8: p50=8.493ms p99=37.628ms p999=46.437ms max=46.437ms n=1000
  SPAN ship 1200B tm-s.log: [SPAN] t=1.5s ack=1 win=[0,1] wsize=2 a_star=Some(1) delta=Some(1) owed=0.00 rr=0.500 debt=0.00 retx_buf=1 shed=0/0 bud=0.0000 D=7ms ar=0 agap=0/0 dg_rx=7 dg_tx=7
  SPAN ship 1200B tm-s.log: [SPAN] t=2.1s ack=42 win=[0,42] wsize=43 a_star=Some(1) delta=Some(1) owed=0.00 rr=0.260 debt=0.05 retx_buf=1 shed=0/2 bud=0.0000 D=5ms ar=154 agap=0/0 dg_rx=160 dg_tx=162
  SPAN ship 1200B tm-s.log: [SPAN] t=2.6s ack=77 win=[0,78] wsize=79 a_star=Some(1) delta=Some(1) owed=0.00 rr=0.167 debt=0.36 retx_buf=2 shed=0/2 bud=0.0000 D=5ms ar=169 agap=0/0 dg_rx=271 dg_tx=274
  SPAN ship 1200B tm-s.log: [SPAN] t=3.1s ack=114 win=[13,115] wsize=103 a_star=Some(1) delta=Some(1) owed=0.00 rr=0.139 debt=0.21 retx_buf=2 shed=0/3 bud=0.0000 D=5ms ar=167 agap=0/0 dg_rx=380 dg_tx=385
  SPAN ship 1200B tm-s.log: [SPAN] t=3.6s ack=156 win=[55,156] wsize=102 a_star=Some(1) delta=Some(1) owed=0.00 rr=0.124 debt=0.00 retx_buf=1 shed=0/5 bud=0.0000 D=5ms ar=160 agap=0/0 dg_rx=527 dg_tx=533
  SPAN ship 1200B tm-s.log: [SPAN] t=4.1s ack=196 win=[179,197] wsize=19 a_star=Some(1) delta=Some(1) owed=0.00 rr=0.330 debt=0.34 retx_buf=2 shed=0/7 bud=0.0000 D=5ms ar=173 agap=0/0 dg_rx=667 dg_tx=677
  SPAN ship 1200B tm-s.log: [SPAN] t=6.1s ack=356 win=[339,356] wsize=18 a_star=Some(1) delta=Some(1) owed=0.00 rr=0.335 debt=0.01 retx_buf=1 shed=0/12 bud=0.0000 D=5ms ar=163 agap=0/0 dg_rx=1239 dg_tx=1252
  SPAN ship 1200B tm-s.log: [SPAN] t=11.2s ack=759 win=[742,759] wsize=18 a_star=Some(3) delta=Some(1) owed=0.00 rr=0.335 debt=0.00 retx_buf=1 shed=0/20 bud=0.0000 D=6ms ar=343 agap=0/0 dg_rx=2667 dg_tx=2692
  SPAN ship 1200B tm-s.log: [SPAN] t=16.3s ack=1146 win=[1129,1146] wsize=18 a_star=Some(2) delta=Some(1) owed=0.00 rr=0.335 debt=0.03 retx_buf=1 shed=0/30 bud=0.0000 D=6ms ar=252 agap=0/0 dg_rx=4082 dg_tx=4126
  SPAN ship 1200B tm-s.log: [SPAN] t=21.4s ack=1526 win=[1509,1526] wsize=18 a_star=Some(1) delta=Some(1) owed=0.00 rr=0.335 debt=0.01 retx_buf=1 shed=0/38 bud=0.0000 D=5ms ar=151 agap=0/0 dg_rx=5489 dg_tx=5547
  SPAN ship 1200B tm-s.log: [SPAN] t=36.1s ack=1891 win=[1874,1891] wsize=18 a_star=Some(1) delta=Some(1) owed=0.00 rr=0.335 debt=0.02 retx_buf=1 shed=0/52 bud=0.0000 D=5ms ar=155 agap=1/105 dg_rx=6840 dg_tx=6915
  SPAN ship 1200B tm-s.log: [SPAN] t=41.2s ack=2272 win=[2255,2272] wsize=18 a_star=Some(2) delta=Some(1) owed=0.00 rr=0.330 debt=0.02 retx_buf=1 shed=0/61 bud=0.0000 D=5ms ar=176 agap=1/105 dg_rx=8254 dg_tx=8349
  SPAN ship 1200B tm-s.log: [SPAN] t=46.4s ack=2658 win=[2641,2658] wsize=18 a_star=Some(1) delta=Some(1) owed=0.00 rr=0.330 debt=0.01 retx_buf=1 shed=0/70 bud=0.0000 D=5ms ar=164 agap=1/105 dg_rx=9687 dg_tx=9798
  SPAN ship 1200B tm-s.log: [SPAN] t=51.4s ack=3027 win=[3010,3027] wsize=18 a_star=Some(1) delta=Some(1) owed=0.00 rr=0.335 debt=0.01 retx_buf=1 shed=0/81 bud=0.0000 D=5ms ar=166 agap=1/105 dg_rx=11098 dg_tx=11221
  SPAN ship 1200B tm-s.log: [SPAN] t=66.1s ack=3401 win=[3384,3402] wsize=19 a_star=Some(2) delta=Some(1) owed=0.00 rr=0.330 debt=0.35 retx_buf=2 shed=0/90 bud=0.0000 D=6ms ar=173 agap=2/212 dg_rx=12439 dg_tx=12576
  SPAN ship 1200B tm-s.log: [SPAN] t=71.2s ack=3812 win=[3795,3812] wsize=18 a_star=Some(1) delta=Some(1) owed=0.00 rr=0.340 debt=0.00 retx_buf=1 shed=0/103 bud=0.0000 D=5ms ar=171 agap=2/212 dg_rx=13886 dg_tx=14047
  SPAN ship 1200B tm-s.log: [SPAN] t=76.3s ack=4198 win=[4181,4200] wsize=20 a_star=Some(2) delta=Some(1) owed=0.00 rr=0.320 debt=0.33 retx_buf=3 shed=0/119 bud=0.0000 D=5ms ar=227 agap=2/212 dg_rx=15303 dg_tx=15489
  SPAN ship 1200B tm-s.log: [SPAN] t=81.4s ack=4583 win=[4566,4583] wsize=18 a_star=Some(2) delta=Some(1) owed=0.00 rr=0.340 debt=0.00 retx_buf=1 shed=0/128 bud=0.0000 D=5ms ar=189 agap=2/212 dg_rx=16716 dg_tx=16916
  SPAN ship 1200B tm-s.log: [SPAN] t=96.2s ack=4949 win=[4932,4949] wsize=18 a_star=Some(1) delta=Some(1) owed=0.00 rr=0.340 debt=0.01 retx_buf=1 shed=0/143 bud=0.0000 D=5ms ar=143 agap=3/322 dg_rx=18074 dg_tx=18297
  SPAN ship 1200B tm-s.log: [SPAN] t=101.3s ack=5332 win=[5315,5332] wsize=18 a_star=Some(2) delta=Some(1) owed=0.00 rr=0.335 debt=0.00 retx_buf=1 shed=0/153 bud=0.0000 D=6ms ar=201 agap=3/322 dg_rx=19485 dg_tx=19722
  SPAN ship 1200B tm-s.log: [SPAN] t=106.4s ack=5726 win=[5709,5726] wsize=18 a_star=Some(1) delta=Some(1) owed=0.00 rr=0.330 debt=0.00 retx_buf=1 shed=0/161 bud=0.0000 D=5ms ar=163 agap=3/322 dg_rx=20908 dg_tx=21157
  SPAN ship 1200B tm-s.log: [SPAN] t=111.4s ack=6109 win=[6092,6109] wsize=18 a_star=Some(2) delta=Some(1) owed=0.00 rr=0.335 debt=0.00 retx_buf=1 shed=0/174 bud=0.0000 D=5ms ar=294 agap=3/322 dg_rx=22348 dg_tx=22618
  SPAN ship 1200B tm-s.log: [SPAN] t=126.2s ack=6488 win=[6471,6488] wsize=18 a_star=Some(1) delta=Some(1) owed=0.00 rr=0.335 debt=0.04 retx_buf=1 shed=0/181 bud=0.0000 D=6ms ar=155 agap=4/431 dg_rx=23709 dg_tx=23985
  SPAN ship 1200B tm-s.log: [SPAN] t=131.3s ack=6875 win=[6858,6875] wsize=18 a_star=Some(1) delta=Some(1) owed=0.00 rr=0.335 debt=0.01 retx_buf=1 shed=0/187 bud=0.0000 D=5ms ar=165 agap=4/431 dg_rx=25130 dg_tx=25420
  SPAN ship 1200B tm-c.log: [SPAN] t=1.5s ack=1 win=[0,1] wsize=2 a_star=Some(1) delta=Some(1) owed=0.00 rr=0.500 debt=0.00 retx_buf=1 shed=0/0 bud=0.0000 D=3ms ar=0 agap=0/0 dg_rx=6 dg_tx=6
  SPAN ship 1200B tm-c.log: [SPAN] t=2.0s ack=79 win=[0,79] wsize=80 a_star=Some(2) delta=Some(1) owed=0.00 rr=0.297 debt=0.08 retx_buf=1 shed=0/3 bud=0.0000 D=6ms ar=295 agap=0/0 dg_rx=160 dg_tx=161
  SPAN ship 1200B tm-c.log: [SPAN] t=2.5s ack=154 win=[53,154] wsize=102 a_star=Some(1) delta=Some(1) owed=0.00 rr=0.200 debt=0.37 retx_buf=1 shed=0/3 bud=0.0000 D=5ms ar=151 agap=0/0 dg_rx=270 dg_tx=271
  SPAN ship 1200B tm-c.log: [SPAN] t=3.0s ack=228 win=[127,231] wsize=105 a_star=Some(1) delta=Some(1) owed=0.00 rr=0.168 debt=0.97 retx_buf=4 shed=0/3 bud=0.0000 D=5ms ar=152 agap=0/0 dg_rx=382 dg_tx=386
  SPAN ship 1200B tm-c.log: [SPAN] t=3.6s ack=308 win=[207,308] wsize=102 a_star=Some(2) delta=Some(1) owed=0.00 rr=0.312 debt=0.05 retx_buf=1 shed=1/11 bud=0.0000 D=5ms ar=200 agap=0/0 dg_rx=525 dg_tx=534
  SPAN ship 1200B tm-c.log: [SPAN] t=4.1s ack=388 win=[371,388] wsize=18 a_star=Some(2) delta=Some(1) owed=0.00 rr=0.500 debt=0.00 retx_buf=1 shed=1/30 bud=0.0000 D=5ms ar=300 agap=0/0 dg_rx=666 dg_tx=684
  SPAN ship 1200B tm-c.log: [SPAN] t=6.1s ack=691 win=[674,693] wsize=20 a_star=Some(1) delta=Some(1) owed=0.00 rr=0.500 debt=0.00 retx_buf=3 shed=4/34 bud=0.0000 D=6ms ar=152 agap=0/0 dg_rx=1237 dg_tx=1262
  SPAN ship 1200B tm-c.log: [SPAN] t=11.1s ack=1450 win=[1433,1452] wsize=20 a_star=Some(1) delta=Some(1) owed=0.00 rr=0.500 debt=0.00 retx_buf=3 shed=7/55 bud=0.0000 D=6ms ar=152 agap=0/0 dg_rx=2671 dg_tx=2710
  SPAN ship 1200B tm-c.log: [SPAN] t=16.2s ack=2210 win=[2193,2210] wsize=18 a_star=Some(2) delta=Some(1) owed=0.00 rr=0.500 debt=0.00 retx_buf=1 shed=11/97 bud=0.0000 D=5ms ar=250 agap=0/0 dg_rx=4100 dg_tx=4155
  SPAN ship 1200B tm-c.log: [SPAN] t=21.2s ack=2968 win=[2951,2970] wsize=20 a_star=Some(2) delta=Some(1) owed=0.00 rr=0.500 debt=0.00 retx_buf=3 shed=12/132 bud=0.0000 D=6ms ar=159 agap=0/0 dg_rx=5510 dg_tx=5587
  SPAN ship 1200B tm-c.log: [SPAN] t=36.1s ack=3705 win=[3688,3707] wsize=20 a_star=Some(2) delta=Some(1) owed=0.00 rr=0.500 debt=0.00 retx_buf=3 shed=15/170 bud=0.0000 D=5ms ar=249 agap=1/102 dg_rx=6899 dg_tx=6999
  SPAN ship 1200B tm-c.log: [SPAN] t=41.1s ack=4468 win=[4451,4470] wsize=20 a_star=Some(1) delta=Some(1) owed=0.00 rr=0.500 debt=0.00 retx_buf=3 shed=16/227 bud=0.0035 D=4ms ar=151 agap=1/102 dg_rx=8328 dg_tx=8455
  SPAN ship 1200B tm-c.log: [SPAN] t=46.2s ack=5232 win=[5215,5234] wsize=20 a_star=Some(1) delta=Some(1) owed=0.00 rr=0.500 debt=0.00 retx_buf=3 shed=25/260 bud=0.0000 D=5ms ar=152 agap=1/102 dg_rx=9745 dg_tx=9897
  SPAN ship 1200B tm-c.log: [SPAN] t=51.2s ack=5997 win=[5980,5999] wsize=20 a_star=Some(2) delta=Some(1) owed=0.00 rr=0.500 debt=1.00 retx_buf=3 shed=29/304 bud=0.0000 D=6ms ar=249 agap=1/102 dg_rx=11166 dg_tx=11336
  SPAN ship 1200B tm-c.log: [SPAN] t=66.1s ack=6737 win=[6720,6739] wsize=20 a_star=Some(1) delta=Some(1) owed=0.00 rr=0.500 debt=1.00 retx_buf=3 shed=30/332 bud=0.0000 D=5ms ar=151 agap=2/204 dg_rx=12577 dg_tx=12757
  SPAN ship 1200B tm-c.log: [SPAN] t=71.2s ack=7508 win=[7491,7508] wsize=18 a_star=Some(2) delta=Some(1) owed=0.00 rr=0.500 debt=0.00 retx_buf=1 shed=44/365 bud=0.0000 D=5ms ar=300 agap=2/204 dg_rx=14038 dg_tx=14243
  SPAN ship 1200B tm-c.log: [SPAN] t=76.2s ack=8268 win=[8251,8269] wsize=19 a_star=Some(2) delta=Some(1) owed=0.00 rr=0.500 debt=0.50 retx_buf=2 shed=48/426 bud=0.0075 D=5ms ar=277 agap=2/204 dg_rx=15472 dg_tx=15713
  SPAN ship 1200B tm-c.log: [SPAN] t=81.3s ack=9028 win=[9008,9030] wsize=23 a_star=Some(1) delta=Some(1) owed=0.00 rr=0.500 debt=0.00 retx_buf=5 shed=52/447 bud=0.0197 D=5ms ar=152 agap=2/204 dg_rx=16887 dg_tx=17144
  SPAN ship 1200B tm-c.log: [SPAN] t=96.1s ack=9768 win=[9751,9770] wsize=20 a_star=Some(1) delta=Some(1) owed=0.00 rr=0.500 debt=0.00 retx_buf=3 shed=65/495 bud=0.0000 D=5ms ar=151 agap=3/306 dg_rx=18279 dg_tx=18573
  SPAN ship 1200B tm-c.log: [SPAN] t=101.2s ack=10532 win=[10515,10532] wsize=18 a_star=Some(1) delta=Some(1) owed=0.00 rr=0.500 debt=0.00 retx_buf=1 shed=73/515 bud=0.0002 D=5ms ar=151 agap=3/306 dg_rx=19695 dg_tx=20008
  SPAN ship 1200B tm-c.log: [SPAN] t=106.3s ack=11297 win=[11280,11297] wsize=18 a_star=Some(1) delta=Some(1) owed=0.00 rr=0.500 debt=0.00 retx_buf=1 shed=79/538 bud=0.0000 D=5ms ar=152 agap=3/306 dg_rx=21125 dg_tx=21458
  SPAN ship 1200B tm-c.log: [SPAN] t=111.3s ack=12068 win=[12051,12070] wsize=20 a_star=Some(1) delta=Some(1) owed=0.00 rr=0.500 debt=0.00 retx_buf=3 shed=84/601 bud=0.0000 D=6ms ar=152 agap=3/306 dg_rx=22580 dg_tx=22950
  SPAN ship 1200B tm-c.log: [SPAN] t=126.2s ack=12806 win=[12789,12806] wsize=18 a_star=Some(1) delta=Some(1) owed=0.00 rr=0.500 debt=0.00 retx_buf=1 shed=86/630 bud=0.0000 D=5ms ar=151 agap=4/407 dg_rx=23986 dg_tx=24362
  SPAN ship 1200B tm-c.log: [SPAN] t=131.2s ack=13569 win=[13552,13570] wsize=19 a_star=Some(2) delta=Some(1) owed=0.00 rr=0.500 debt=0.50 retx_buf=2 shed=95/652 bud=0.0000 D=5ms ar=201 agap=4/407 dg_rx=25405 dg_tx=25799
  EVICT ship 1200B tm-s.log: [RFA] gen=0 fires=874 false=315 false_frac=0.3604 fill_coded=108 fill_src=451 dup_src=212 preempt_src=103 src_n=24227 rep_n=8028 nu_recv=0.03608 fa_class=0.0625 rep_redundant=7845 late_after_aban=391
  EVICT ship 1200B tm-s.log: [SUCC] gen=0 det=639 res=167 orig_n=137 orig_p50_us=40 orig_p90_us=5632 orig_p99_us=11264 orig_mx_us=13949 orig_mean_us=1187 rep_n=30 rep_p50_us=40 rep_p90_us=6144 rep_p99_us=13312 rep_mx_us=13949 rep_mean_us=1610 aban_n=472 aban_p50_us=6656 aban_p90_us=7168 aban_p99_us=7680 aban_mx_us=8319 aban_mean_us=6935 open=0 over=0 orig_frac=0.8204 cross_us=- dump=0/0 sp_n=167 xp_n=0 xp_frac=0.0000 sp_p50_us=40 sp_p90_us=5632 xp_p50_us=- xp_p90_us=- rtx_n=137
  EVICT ship 1200B tm-s.log: [ETA] site=sender fhat_us=1791133550119859 n=12250 zero=0.0000 place_n=0 cold_r=- cold_ge=- t_eff=- t_cold=- t_n=0 hol_sh=- hol_n=0 hol_mv=- hol_calls=0 hol_w=- p0:n=11964/12250 drop=94 tau_us=5517 e_p50=2816 e_p90=5120 e_p99=7168 e_mx=17100 late=0.9133 sig_us=3491/n39
  EVICT ship 1200B tm-s.log: [LAT] site=receiver n=23634 over=289 p0:n=23539 nowait=11435 minrst=14 ax_n=23539 ax_p50=3328 ax_p90=5120 ax_p95=5632 ax_p99=6144 ax_sum=80538732 rwxp_n=0 rwxp_p50=- rwxp_p95=- rwxp_sum=0 rwsp_n=12079 rwsp_p50=1 rwsp_p95=4 rwsp_sum=139170 rwrep_n=25 rwrep_p50=36 rwrep_p95=3072 rwrep_sum=10692 rep_n=28 rep_p50=44 rep_p95=11264 rep_sum=45455 tot_p50=3328 tot_p95=5632 tot_p99=6144 sh_ax=0.9976 sh_rwxp=0.0000 sh_rwsp=0.0017 sh_rwrep=0.0001 sh_rep=0.0006
  EVICT ship 1200B tm-c.log: [RFA] gen=0 fires=348 false=348 false_frac=1.0000 fill_coded=0 fill_src=0 dup_src=348 preempt_src=0 src_n=12539 rep_n=66 nu_recv=0.02775 fa_class=0.0625 rep_redundant=65 late_after_aban=0
  EVICT ship 1200B tm-c.log: [SUCC] gen=0 det=0 res=0 orig_n=0 orig_p50_us=- orig_p90_us=- orig_p99_us=- orig_mx_us=- orig_mean_us=- rep_n=0 rep_p50_us=- rep_p90_us=- rep_p99_us=- rep_mx_us=- rep_mean_us=- aban_n=0 aban_p50_us=- aban_p90_us=- aban_p99_us=- aban_mx_us=- aban_mean_us=- open=0 over=0 orig_frac=- cross_us=- dump=0/0 sp_n=0 xp_n=0 xp_frac=- sp_p50_us=- sp_p90_us=- xp_p50_us=- xp_p90_us=- rtx_n=0
  EVICT ship 1200B tm-c.log: [ETA] site=sender fhat_us=1791133550134758 n=24231 zero=0.0000 place_n=0 cold_r=- cold_ge=- t_eff=- t_cold=- t_n=0 hol_sh=- hol_n=0 hol_mv=- hol_calls=0 hol_w=- p0:n=23574/24231 drop=422 tau_us=6311 e_p50=2816 e_p90=5632 e_p99=7168 e_mx=22241 late=0.8947 sig_us=4748/n25
  EVICT ship 1200B tm-c.log: [LAT] site=receiver n=12191 over=0 p0:n=12191 nowait=1625 minrst=12 ax_n=12191 ax_p50=3328 ax_p90=5120 ax_p95=5632 ax_p99=5632 ax_sum=42319054 rwxp_n=0 rwxp_p50=- rwxp_p95=- rwxp_sum=0 rwsp_n=10566 rwsp_p50=1 rwsp_p95=4 rwsp_sum=17096 rwrep_n=0 rwrep_p50=- rwrep_p95=- rwrep_sum=0 rep_n=0 rep_p50=- rep_p95=- rep_sum=0 tot_p50=3328 tot_p95=5632 tot_p99=5632 sh_ax=0.9996 sh_rwxp=0.0000 sh_rwsp=0.0004 sh_rwrep=0.0000 sh_rep=0.0000
ARM ship 1200B: n=8 min=36 median=38 max=78
=== done 19:05:59
EXIT rc=0 (19:05:59)
=== CROWNSPOT stage seed=42 cell=c2 rc=0 end=2026-10-04T17:05:59Z
=== CROWNSPOT stage seed=42 cell=c3 start=2026-10-04T17:05:59Z
=== tail matrix (task #61 flip-gate) @ c3 seed=42 arms='ship', 8 reps/arm (warm tunnel), 50msg/s x20s sizes='400 1200' 19:05:59
--- ship 400B start=19:05:59
ARMENV ship 400B: hint=realtime env='<unset>' flags='' rate=50 dur=20
  ECHO ship 400B tm-s.log: ack-merge ACTIVE (RWM_ACK_MERGE: WINDOW mode sends ONE control datagram per data message instead of two — the legacy per-batch Ack is suppressed, the SACK WindowAck goes unconditional at that cadence and carries the Ack's payload in the v6 cumulative cum_expected/cum_received counters, every Ack-arm consumer re-homed onto the counter diff; BLOCK mode bit-exact; the delivery statistic/cadence/counts unchanged) copa_feed=false
  ECHO ship 400B tm-s.log: A* send-rate anchor ACTIVE (RWM_ASTAR_ANCHOR: windowed-max send rate over ~8 SRTT, clock-gap sample discard)
  ECHO ship 400B tm-s.log: clock-gap estimator hygiene ACTIVE (RWM_CLOCK_GAP: process-clock stall witness, post-stall sample discard at the ack feed sites)
  ECHO ship 400B tm-s.log: estimator heavy-math cadence ACTIVE (RWM_EST_CADENCE: BOCD update at 10 ms/loss-event cadence, accumulated counts)
  ECHO ship 400B tm-s.log: M* peer-report RTT-feed suppression ACTIVE (RWM_MSTAR_ANCHOR plain-live subset: local-echo-only RTT feed + estimator seed-from-sample)
  ECHO ship 400B tm-s.log: quinn congestion controller: BBR (shipped default; RWM_QUIC_CC overrides)
  ECHO ship 400B tm-s.log: RWM_UNIFIED=1 RWM_UNIFIED_SHED=1 RWM_TAPER_R=1 RWM_ASTAR_ANCHOR=1 RWM_MSTAR_ANCHOR=1 RWM_PLAIN_RS=0 RWM_HONEST_ANCHOR=1 RWM_HONEST_K=0 RWM_STORE_SACK_RELEASE=1 RWM_STORE_PATHS=1 RWM_STORE_PATH_POOL=2048 RWM_STORE=unset RWM_STORE_GAIN=2 RWM_STORE_BOOT=128 RWM_THREE_TERM=0 RWM_COMPOSED_CAP=0 RWM_SUM_CAP=1 RWM_LATE_BRAKE=0 RWM_DELTA_CAP=1 RWM_HONEST_CAP=0 RWM_POOL_ANCHOR=0 RWM_ACK_MERGE=1 RWM_LOSS_SENT_TRUTH=0 RWM_RELEASE_1TO1=0 RWM_CHARGE_RECOVERY=0 RWM_SIDLE_DERIVED=0 RWM_COLD_PLACE=0 RWM_PLACE_T_DERIVED=0 RWM_PLACE_HOL=0 RWM_PLACE_WDIV_DERIVED=0 RWM_GEN=1 RWM_PIPELINE=2 RWM_GEN_PIPE=1 RWM_GEN_R=unset RWM_GEN_RATE=9000 RWM_GEN_RATE_FLOOR=2000 RWM_GEN_INFLIGHT=unset RWM_OOO_RETAIN=0/16 RWM_WINDOW=unset RWM_REPORT_GENS=unset RWM_REPAIR_WAIT=unset RWM_CODED_SRC=0 RWM_NO_REACTIVE=0 RWM_XPATH_REPAIR=0 RWM_PROACTIVE_PACER=0 RWM_REASM_BDP=0 RWM_MIN_R=0 RWM_CC_PACE=0 RWM_CC_PACE_HR=1.1 RWM_REACT_CAP=unset RWM_INFL_CAP=0 RWM_INFL_BDP=unset RWM_COPA_FEED=0 RWM_RS_ATTR=1 RWM_EMIT_BATCH=0 RWM_EMIT_BURST=64 RWM_RECOV_MP=1 RWM_RECOV_MP_LAW=1 RWM_RECOV_SP=0 RWM_DERIVED_SWEEP=0 RWM_HOLDDOWN_Q=unset RWM_REFRESH_FLOOR_US=unset RWM_DELTA=unset RWM_COPA_DELTA=unset RWM_COMPLETION_EXPOSURE=0 RWM_RECV_REQUEST_LAW=0 RWM_RANK_FEEDBACK=0 RWM_DIAG=1 RWM_ACKDIAG=0 RWM_ACKDIAG_WINDOW_US=2000000 RWM_RTT_DUMP=0 RWM_RTT_DUMP_MAX=400000 RWM_SUCC_DUMP=0 RWM_SUCC_DUMP_MAX=200000 RWM_WALLDIAG=0 RWM_CPUPROF=0 RWM_RDIAG=0 RWM_FDIAG=0 RWM_TRACE=0 RWM_PFRAC=0
  ECHO ship 400B tm-s.log: RWM_UNIFIED: Realtime rides the RLC span machine (small-δ parameterization, no code-family switch)
  ECHO ship 400B tm-s.log: RWM_UNIFIED: receive path on the unified global decoder (one machine, both wires) generation=false
  ECHO ship 400B tm-s.log: sliding-window FEC mode symbol_size=512 backend=Rlc
  ECHO ship 400B tm-s.log: unified overload shedding ACTIVE at receiver (RWM_UNIFIED_SHED: in-order hold = delta-derived b*SRTT within the eps-class give-up budget)
  ECHO ship 400B tm-s.log: unified overload shedding ACTIVE (RWM_UNIFIED_SHED: past-deadline holes shed within the derived 1-rho budget; =0 = serializing arm)
  ECHO ship 400B tm-s.log: unified span law ACTIVE (RWM_UNIFIED: plain-mode proactive repair over the trailing solvable span [end-A*, end-Δ), A* from δ) hint=Realtime
  ECHO ship 400B tm-c.log: ack-merge ACTIVE (RWM_ACK_MERGE: WINDOW mode sends ONE control datagram per data message instead of two — the legacy per-batch Ack is suppressed, the SACK WindowAck goes unconditional at that cadence and carries the Ack's payload in the v6 cumulative cum_expected/cum_received counters, every Ack-arm consumer re-homed onto the counter diff; BLOCK mode bit-exact; the delivery statistic/cadence/counts unchanged) copa_feed=false
  ECHO ship 400B tm-c.log: A* send-rate anchor ACTIVE (RWM_ASTAR_ANCHOR: windowed-max send rate over ~8 SRTT, clock-gap sample discard)
  ECHO ship 400B tm-c.log: clock-gap estimator hygiene ACTIVE (RWM_CLOCK_GAP: process-clock stall witness, post-stall sample discard at the ack feed sites)
  ECHO ship 400B tm-c.log: estimator heavy-math cadence ACTIVE (RWM_EST_CADENCE: BOCD update at 10 ms/loss-event cadence, accumulated counts)
  ECHO ship 400B tm-c.log: M* peer-report RTT-feed suppression ACTIVE (RWM_MSTAR_ANCHOR plain-live subset: local-echo-only RTT feed + estimator seed-from-sample)
  ECHO ship 400B tm-c.log: quinn congestion controller: BBR (shipped default; RWM_QUIC_CC overrides)
  ECHO ship 400B tm-c.log: RWM_UNIFIED=1 RWM_UNIFIED_SHED=1 RWM_TAPER_R=1 RWM_ASTAR_ANCHOR=1 RWM_MSTAR_ANCHOR=1 RWM_PLAIN_RS=0 RWM_HONEST_ANCHOR=1 RWM_HONEST_K=0 RWM_STORE_SACK_RELEASE=1 RWM_STORE_PATHS=1 RWM_STORE_PATH_POOL=2048 RWM_STORE=unset RWM_STORE_GAIN=2 RWM_STORE_BOOT=128 RWM_THREE_TERM=0 RWM_COMPOSED_CAP=0 RWM_SUM_CAP=1 RWM_LATE_BRAKE=0 RWM_DELTA_CAP=1 RWM_HONEST_CAP=0 RWM_POOL_ANCHOR=0 RWM_ACK_MERGE=1 RWM_LOSS_SENT_TRUTH=0 RWM_RELEASE_1TO1=0 RWM_CHARGE_RECOVERY=0 RWM_SIDLE_DERIVED=0 RWM_COLD_PLACE=0 RWM_PLACE_T_DERIVED=0 RWM_PLACE_HOL=0 RWM_PLACE_WDIV_DERIVED=0 RWM_GEN=1 RWM_PIPELINE=2 RWM_GEN_PIPE=1 RWM_GEN_R=unset RWM_GEN_RATE=9000 RWM_GEN_RATE_FLOOR=2000 RWM_GEN_INFLIGHT=unset RWM_OOO_RETAIN=0/16 RWM_WINDOW=unset RWM_REPORT_GENS=unset RWM_REPAIR_WAIT=unset RWM_CODED_SRC=0 RWM_NO_REACTIVE=0 RWM_XPATH_REPAIR=0 RWM_PROACTIVE_PACER=0 RWM_REASM_BDP=0 RWM_MIN_R=0 RWM_CC_PACE=0 RWM_CC_PACE_HR=1.1 RWM_REACT_CAP=unset RWM_INFL_CAP=0 RWM_INFL_BDP=unset RWM_COPA_FEED=0 RWM_RS_ATTR=1 RWM_EMIT_BATCH=0 RWM_EMIT_BURST=64 RWM_RECOV_MP=1 RWM_RECOV_MP_LAW=1 RWM_RECOV_SP=0 RWM_DERIVED_SWEEP=0 RWM_HOLDDOWN_Q=unset RWM_REFRESH_FLOOR_US=unset RWM_DELTA=unset RWM_COPA_DELTA=unset RWM_COMPLETION_EXPOSURE=0 RWM_RECV_REQUEST_LAW=0 RWM_RANK_FEEDBACK=0 RWM_DIAG=1 RWM_ACKDIAG=0 RWM_ACKDIAG_WINDOW_US=2000000 RWM_RTT_DUMP=0 RWM_RTT_DUMP_MAX=400000 RWM_SUCC_DUMP=0 RWM_SUCC_DUMP_MAX=200000 RWM_WALLDIAG=0 RWM_CPUPROF=0 RWM_RDIAG=0 RWM_FDIAG=0 RWM_TRACE=0 RWM_PFRAC=0
  ECHO ship 400B tm-c.log: RWM_UNIFIED: Realtime rides the RLC span machine (small-δ parameterization, no code-family switch)
  ECHO ship 400B tm-c.log: RWM_UNIFIED: receive path on the unified global decoder (one machine, both wires) generation=false
  ECHO ship 400B tm-c.log: sliding-window FEC mode symbol_size=512 backend=Rlc
  ECHO ship 400B tm-c.log: unified overload shedding ACTIVE at receiver (RWM_UNIFIED_SHED: in-order hold = delta-derived b*SRTT within the eps-class give-up budget)
  ECHO ship 400B tm-c.log: unified overload shedding ACTIVE (RWM_UNIFIED_SHED: past-deadline holes shed within the derived 1-rho budget; =0 = serializing arm)
  ECHO ship 400B tm-c.log: unified span law ACTIVE (RWM_UNIFIED: plain-mode proactive repair over the trailing solvable span [end-A*, end-Δ), A* from δ) hint=Realtime
  ship 400B rep1: p50=23.536ms p99=99.347ms p999=143.325ms max=143.325ms n=1000
  ship 400B rep2: p50=24.177ms p99=126.263ms p999=168.779ms max=168.779ms n=1000
  ship 400B rep3: p50=24.092ms p99=120.077ms p999=198.511ms max=198.511ms n=1000
  ship 400B rep4: p50=24.201ms p99=89.83ms p999=115.12ms max=115.12ms n=1000
  ship 400B rep5: p50=24.02ms p99=143.446ms p999=187.159ms max=187.159ms n=1000
  ship 400B rep6: p50=24.661ms p99=131.551ms p999=155.166ms max=155.166ms n=1000
  ship 400B rep7: p50=23.961ms p99=106.112ms p999=153.721ms max=153.721ms n=1000
  ship 400B rep8: p50=23.408ms p99=89.583ms p999=178.08ms max=178.08ms n=1000
  SPAN ship 400B tm-s.log: [SPAN] t=1.4s ack=1 win=[0,1] wsize=2 a_star=Some(1) delta=Some(1) owed=0.00 rr=0.500 debt=0.00 retx_buf=1 shed=0/0 bud=0.0000 D=20ms ar=0 agap=0/0 dg_rx=7 dg_tx=7
  SPAN ship 400B tm-s.log: [SPAN] t=1.9s ack=22 win=[0,23] wsize=24 a_star=Some(2) delta=Some(1) owed=0.00 rr=0.456 debt=0.00 retx_buf=2 shed=0/1 bud=0.0000 D=21ms ar=76 agap=0/0 dg_rx=66 dg_tx=69
  SPAN ship 400B tm-s.log: [SPAN] t=2.4s ack=45 win=[0,47] wsize=48 a_star=Some(2) delta=Some(1) owed=0.00 rr=0.259 debt=0.33 retx_buf=3 shed=0/2 bud=0.0000 D=21ms ar=78 agap=0/0 dg_rx=122 dg_tx=131
  SPAN ship 400B tm-s.log: [SPAN] t=2.9s ack=70 win=[0,72] wsize=73 a_star=Some(2) delta=Some(1) owed=0.00 rr=0.190 debt=0.38 retx_buf=3 shed=0/2 bud=0.0000 D=21ms ar=62 agap=0/0 dg_rx=172 dg_tx=181
  SPAN ship 400B tm-s.log: [SPAN] t=3.4s ack=95 win=[0,97] wsize=98 a_star=Some(2) delta=Some(1) owed=0.00 rr=0.149 debt=0.40 retx_buf=3 shed=0/2 bud=0.0000 D=21ms ar=57 agap=0/0 dg_rx=222 dg_tx=231
  SPAN ship 400B tm-s.log: [SPAN] t=3.9s ack=121 win=[20,123] wsize=104 a_star=Some(2) delta=Some(1) owed=0.00 rr=0.128 debt=0.32 retx_buf=3 shed=0/3 bud=0.0000 D=21ms ar=90 agap=0/0 dg_rx=276 dg_tx=287
  SPAN ship 400B tm-s.log: [SPAN] t=5.9s ack=220 win=[203,221] wsize=19 a_star=Some(2) delta=Some(1) owed=0.00 rr=0.320 debt=0.35 retx_buf=2 shed=0/7 bud=0.0000 D=21ms ar=66 agap=0/0 dg_rx=493 dg_tx=510
  SPAN ship 400B tm-s.log: [SPAN] t=11.2s ack=472 win=[455,474] wsize=20 a_star=Some(3) delta=Some(1) owed=0.00 rr=0.320 debt=0.33 retx_buf=3 shed=0/15 bud=0.0000 D=21ms ar=114 agap=0/0 dg_rx=1048 dg_tx=1079
  SPAN ship 400B tm-s.log: [SPAN] t=16.3s ack=724 win=[707,726] wsize=20 a_star=Some(2) delta=Some(1) owed=0.00 rr=0.320 debt=0.33 retx_buf=3 shed=0/21 bud=0.0000 D=22ms ar=64 agap=0/0 dg_rx=1572 dg_tx=1626
  SPAN ship 400B tm-s.log: [SPAN] t=31.5s ack=968 win=[951,968] wsize=18 a_star=Some(2) delta=Some(1) owed=0.00 rr=0.340 debt=0.00 retx_buf=1 shed=0/33 bud=0.0000 D=21ms ar=63 agap=1/1 dg_rx=2126 dg_tx=2208
  SPAN ship 400B tm-s.log: [SPAN] t=36.6s ack=1215 win=[1197,1216] wsize=20 a_star=Some(2) delta=Some(1) owed=0.00 rr=0.320 debt=0.67 retx_buf=3 shed=0/40 bud=0.0000 D=20ms ar=60 agap=1/56 dg_rx=2669 dg_tx=2772
  SPAN ship 400B tm-s.log: [SPAN] t=41.7s ack=1457 win=[1440,1459] wsize=20 a_star=Some(2) delta=Some(1) owed=0.00 rr=0.320 debt=0.32 retx_buf=3 shed=0/49 bud=0.0000 D=21ms ar=88 agap=1/56 dg_rx=3202 dg_tx=3328
  SPAN ship 400B tm-s.log: [SPAN] t=46.8s ack=1705 win=[1688,1705] wsize=18 a_star=Some(2) delta=Some(1) owed=0.00 rr=0.340 debt=0.00 retx_buf=1 shed=0/57 bud=0.0000 D=21ms ar=65 agap=1/56 dg_rx=3731 dg_tx=3871
  SPAN ship 400B tm-s.log: [SPAN] t=61.5s ack=1932 win=[1915,1932] wsize=18 a_star=Some(2) delta=Some(1) owed=0.00 rr=0.340 debt=0.00 retx_buf=1 shed=0/67 bud=0.0000 D=21ms ar=92 agap=2/57 dg_rx=4244 dg_tx=4406
  SPAN ship 400B tm-s.log: [SPAN] t=66.7s ack=2177 win=[2160,2179] wsize=20 a_star=Some(2) delta=Some(1) owed=0.00 rr=0.320 debt=0.33 retx_buf=3 shed=0/79 bud=0.0000 D=21ms ar=65 agap=2/106 dg_rx=4792 dg_tx=4989
  SPAN ship 400B tm-s.log: [SPAN] t=71.8s ack=2422 win=[2405,2425] wsize=21 a_star=Some(3) delta=Some(1) owed=0.00 rr=0.315 debt=0.65 retx_buf=4 shed=0/90 bud=0.0000 D=22ms ar=104 agap=2/106 dg_rx=5328 dg_tx=5555
  SPAN ship 400B tm-s.log: [SPAN] t=77.0s ack=2669 win=[2652,2671] wsize=20 a_star=Some(2) delta=Some(1) owed=0.00 rr=0.320 debt=0.33 retx_buf=3 shed=0/97 bud=0.0000 D=21ms ar=60 agap=2/106 dg_rx=5867 dg_tx=6111
  SPAN ship 400B tm-s.log: [SPAN] t=92.0s ack=2915 win=[2898,2917] wsize=20 a_star=Some(2) delta=Some(1) owed=0.00 rr=0.320 debt=0.32 retx_buf=3 shed=0/105 bud=0.0000 D=21ms ar=67 agap=3/119 dg_rx=6401 dg_tx=6666
  SPAN ship 400B tm-s.log: [SPAN] t=97.1s ack=3162 win=[3145,3164] wsize=20 a_star=Some(2) delta=Some(1) owed=0.00 rr=0.320 debt=0.00 retx_buf=3 shed=0/115 bud=0.0000 D=22ms ar=83 agap=3/159 dg_rx=6942 dg_tx=7232
  SPAN ship 400B tm-s.log: [SPAN] t=102.2s ack=3407 win=[3390,3408] wsize=19 a_star=Some(2) delta=Some(1) owed=0.00 rr=0.330 debt=0.34 retx_buf=2 shed=0/119 bud=0.0000 D=22ms ar=83 agap=3/159 dg_rx=7462 dg_tx=7770
  SPAN ship 400B tm-s.log: [SPAN] t=107.3s ack=3652 win=[3635,3654] wsize=20 a_star=Some(3) delta=Some(1) owed=0.00 rr=0.320 debt=0.32 retx_buf=3 shed=0/126 bud=0.0000 D=22ms ar=89 agap=3/159 dg_rx=7998 dg_tx=8324
  SPAN ship 400B tm-s.log: [SPAN] t=122.0s ack=3877 win=[3860,3879] wsize=20 a_star=Some(2) delta=Some(1) owed=0.00 rr=0.315 debt=0.00 retx_buf=3 shed=0/138 bud=0.0000 D=21ms ar=84 agap=4/174 dg_rx=8514 dg_tx=8864
  SPAN ship 400B tm-s.log: [SPAN] t=127.2s ack=4127 win=[4109,4128] wsize=20 a_star=Some(2) delta=Some(1) owed=0.00 rr=0.320 debt=0.33 retx_buf=3 shed=0/144 bud=0.0000 D=22ms ar=64 agap=4/215 dg_rx=9049 dg_tx=9417
  SPAN ship 400B tm-s.log: [SPAN] t=132.3s ack=4373 win=[4356,4376] wsize=21 a_star=Some(3) delta=Some(1) owed=0.00 rr=0.305 debt=0.01 retx_buf=4 shed=0/152 bud=0.0000 D=21ms ar=109 agap=4/215 dg_rx=9592 dg_tx=9984
  SPAN ship 400B tm-c.log: [SPAN] t=1.3s ack=1 win=[0,1] wsize=2 a_star=Some(1) delta=Some(1) owed=0.00 rr=0.500 debt=0.00 retx_buf=1 shed=0/0 bud=0.0000 D=19ms ar=0 agap=0/0 dg_rx=6 dg_tx=6
  SPAN ship 400B tm-c.log: [SPAN] t=1.8s ack=26 win=[0,27] wsize=28 a_star=Some(2) delta=Some(1) owed=0.00 rr=0.500 debt=0.00 retx_buf=2 shed=0/4 bud=0.0000 D=20ms ar=91 agap=0/0 dg_rx=66 dg_tx=68
  SPAN ship 400B tm-c.log: [SPAN] t=2.3s ack=52 win=[0,54] wsize=55 a_star=Some(3) delta=Some(1) owed=0.00 rr=0.477 debt=0.02 retx_buf=3 shed=0/9 bud=0.0000 D=22ms ar=124 agap=0/0 dg_rx=124 dg_tx=128
  SPAN ship 400B tm-c.log: [SPAN] t=2.9s ack=78 win=[0,80] wsize=81 a_star=Some(2) delta=Some(1) owed=0.00 rr=0.344 debt=0.39 retx_buf=3 shed=0/9 bud=0.0000 D=20ms ar=51 agap=0/0 dg_rx=176 dg_tx=180
  SPAN ship 400B tm-c.log: [SPAN] t=3.4s ack=104 win=[3,106] wsize=104 a_star=Some(2) delta=Some(1) owed=0.00 rr=0.264 debt=0.43 retx_buf=3 shed=0/9 bud=0.0000 D=20ms ar=51 agap=0/0 dg_rx=228 dg_tx=232
  SPAN ship 400B tm-c.log: [SPAN] t=3.9s ack=132 win=[30,133] wsize=104 a_star=Some(2) delta=Some(1) owed=0.00 rr=0.261 debt=0.30 retx_buf=3 shed=0/11 bud=0.0000 D=20ms ar=75 agap=0/0 dg_rx=285 dg_tx=288
  SPAN ship 400B tm-c.log: [SPAN] t=5.9s ack=238 win=[221,240] wsize=20 a_star=Some(2) delta=Some(1) owed=0.00 rr=0.365 debt=0.36 retx_buf=3 shed=0/22 bud=0.0000 D=20ms ar=51 agap=0/0 dg_rx=509 dg_tx=514
  SPAN ship 400B tm-c.log: [SPAN] t=11.0s ack=501 win=[484,503] wsize=20 a_star=Some(3) delta=Some(1) owed=0.00 rr=0.405 debt=0.57 retx_buf=3 shed=2/52 bud=0.0000 D=21ms ar=133 agap=0/0 dg_rx=1060 dg_tx=1070
  SPAN ship 400B tm-c.log: [SPAN] t=16.1s ack=763 win=[746,764] wsize=19 a_star=Some(2) delta=Some(1) owed=0.00 rr=0.390 debt=0.01 retx_buf=2 shed=2/76 bud=0.0000 D=20ms ar=51 agap=0/0 dg_rx=1603 dg_tx=1615
  SPAN ship 400B tm-c.log: [SPAN] t=21.2s ack=1030 win=[1013,1032] wsize=20 a_star=Some(2) delta=Some(1) owed=0.00 rr=0.390 debt=0.40 retx_buf=3 shed=6/106 bud=0.0000 D=20ms ar=90 agap=0/0 dg_rx=2167 dg_tx=2185
  SPAN ship 400B tm-c.log: [SPAN] t=36.0s ack=1282 win=[1265,1284] wsize=20 a_star=Some(2) delta=Some(1) owed=0.00 rr=0.455 debt=0.45 retx_buf=3 shed=6/138 bud=0.0000 D=20ms ar=92 agap=1/52 dg_rx=2708 dg_tx=2738
  SPAN ship 400B tm-c.log: [SPAN] t=41.1s ack=1547 win=[1530,1549] wsize=20 a_star=Some(2) delta=Some(1) owed=0.00 rr=0.425 debt=0.43 retx_buf=3 shed=11/164 bud=0.0000 D=19ms ar=51 agap=1/52 dg_rx=3264 dg_tx=3303
  SPAN ship 400B tm-c.log: [SPAN] t=46.2s ack=1807 win=[1790,1809] wsize=20 a_star=Some(2) delta=Some(1) owed=0.00 rr=0.400 debt=0.42 retx_buf=3 shed=13/187 bud=0.0000 D=20ms ar=50 agap=1/52 dg_rx=3811 dg_tx=3852
  SPAN ship 400B tm-c.log: [SPAN] t=51.3s ack=2076 win=[2058,2077] wsize=20 a_star=Some(3) delta=Some(1) owed=0.00 rr=0.405 debt=0.41 retx_buf=3 shed=15/216 bud=0.0000 D=20ms ar=117 agap=1/52 dg_rx=4375 dg_tx=4420
  SPAN ship 400B tm-c.log: [SPAN] t=66.0s ack=2329 win=[2311,2330] wsize=20 a_star=Some(2) delta=Some(1) owed=0.00 rr=0.415 debt=0.43 retx_buf=3 shed=23/259 bud=0.0000 D=20ms ar=75 agap=2/108 dg_rx=4920 dg_tx=4977
  SPAN ship 400B tm-c.log: [SPAN] t=71.1s ack=2591 win=[2574,2593] wsize=20 a_star=Some(2) delta=Some(1) owed=0.00 rr=0.400 debt=0.39 retx_buf=3 shed=23/289 bud=0.0000 D=20ms ar=75 agap=2/108 dg_rx=5480 dg_tx=5539
  SPAN ship 400B tm-c.log: [SPAN] t=76.2s ack=2857 win=[2840,2859] wsize=20 a_star=Some(2) delta=Some(1) owed=0.00 rr=0.420 debt=0.44 retx_buf=3 shed=30/319 bud=0.0000 D=20ms ar=87 agap=2/108 dg_rx=6034 dg_tx=6106
  SPAN ship 400B tm-c.log: [SPAN] t=81.3s ack=3118 win=[3101,3120] wsize=20 a_star=Some(2) delta=Some(1) owed=0.00 rr=0.410 debt=0.52 retx_buf=3 shed=31/337 bud=0.0000 D=21ms ar=51 agap=2/108 dg_rx=6578 dg_tx=6654
  SPAN ship 400B tm-c.log: [SPAN] t=96.1s ack=3368 win=[3351,3369] wsize=19 a_star=Some(2) delta=Some(1) owed=0.00 rr=0.420 debt=0.00 retx_buf=2 shed=34/367 bud=0.0000 D=19ms ar=75 agap=3/161 dg_rx=7112 dg_tx=7193
  SPAN ship 400B tm-c.log: [SPAN] t=101.2s ack=3633 win=[3616,3634] wsize=19 a_star=Some(2) delta=Some(1) owed=0.00 rr=0.380 debt=0.01 retx_buf=2 shed=34/387 bud=0.0000 D=20ms ar=74 agap=3/161 dg_rx=7662 dg_tx=7743
  SPAN ship 400B tm-c.log: [SPAN] t=106.4s ack=3898 win=[3881,3900] wsize=20 a_star=Some(2) delta=Some(1) owed=0.00 rr=0.410 debt=0.08 retx_buf=3 shed=34/413 bud=0.0000 D=21ms ar=75 agap=3/161 dg_rx=8220 dg_tx=8309
  SPAN ship 400B tm-c.log: [SPAN] t=111.5s ack=4166 win=[4148,4168] wsize=21 a_star=Some(2) delta=Some(1) owed=0.00 rr=0.395 debt=0.54 retx_buf=4 shed=34/459 bud=0.0007 D=21ms ar=75 agap=3/161 dg_rx=8792 dg_tx=8886
  SPAN ship 400B tm-c.log: [SPAN] t=126.1s ack=4406 win=[4389,4408] wsize=20 a_star=Some(2) delta=Some(1) owed=0.00 rr=0.385 debt=0.40 retx_buf=3 shed=34/482 bud=0.0000 D=20ms ar=51 agap=4/214 dg_rx=9301 dg_tx=9399
  SPAN ship 400B tm-c.log: [SPAN] t=131.2s ack=4672 win=[4655,4674] wsize=20 a_star=Some(2) delta=Some(1) owed=0.00 rr=0.425 debt=0.00 retx_buf=3 shed=38/512 bud=0.0014 D=21ms ar=88 agap=4/214 dg_rx=9864 dg_tx=9966
  EVICT ship 400B tm-s.log: [RFA] gen=0 fires=663 false=247 false_frac=0.3725 fill_coded=52 fill_src=364 dup_src=211 preempt_src=36 src_n=8486 rep_n=480 nu_recv=0.07813 fa_class=0.0625 rep_redundant=425 late_after_aban=356
  EVICT ship 400B tm-s.log: [SUCC] gen=0 det=422 res=58 orig_n=53 orig_p50_us=18432 orig_p90_us=40960 orig_p99_us=45056 orig_mx_us=48625 orig_mean_us=20226 rep_n=5 rep_p50_us=60 rep_p90_us=8192 rep_p99_us=8192 rep_mx_us=8308 rep_mean_us=2054 aban_n=364 aban_p50_us=22528 aban_p90_us=22528 aban_p99_us=36864 aban_mx_us=45887 aban_mean_us=23061 open=0 over=0 orig_frac=0.9138 cross_us=- dump=0/0 sp_n=58 xp_n=0 xp_frac=0.0000 sp_p50_us=16384 sp_p90_us=40960 xp_p50_us=- xp_p90_us=- rtx_n=53
  EVICT ship 400B tm-s.log: [ETA] site=sender fhat_us=1791133795132124 n=7714 zero=0.0000 place_n=0 cold_r=- cold_ge=- t_eff=- t_cold=- t_n=0 hol_sh=- hol_n=0 hol_mv=- hol_calls=0 hol_w=- p0:n=7348/7714 drop=0 tau_us=32639 e_p50=4608 e_p90=8192 e_p99=11264 e_mx=13187 late=0.9162 sig_us=2932/n226
  EVICT ship 400B tm-s.log: [LAT] site=receiver n=7802 over=51 p0:n=7751 nowait=422 minrst=13 ax_n=7751 ax_p50=5120 ax_p90=8192 ax_p95=9216 ax_p99=9216 ax_sum=41840973 rwxp_n=0 rwxp_p50=- rwxp_p95=- rwxp_sum=0 rwsp_n=7324 rwsp_p50=1 rwsp_p95=4 rwsp_sum=769023 rwrep_n=5 rwrep_p50=32 rwrep_p95=1792 rwrep_sum=1983 rep_n=5 rep_p50=60 rep_p95=1792 rep_sum=3802 tot_p50=5120 tot_p95=9216 tot_p99=9216 sh_ax=0.9818 sh_rwxp=0.0000 sh_rwsp=0.0180 sh_rwrep=0.0000 sh_rep=0.0001
  EVICT ship 400B tm-c.log: [RFA] gen=0 fires=261 false=261 false_frac=1.0000 fill_coded=0 fill_src=0 dup_src=261 preempt_src=0 src_n=7939 rep_n=223 nu_recv=0.03288 fa_class=0.0625 rep_redundant=222 late_after_aban=0
  EVICT ship 400B tm-c.log: [SUCC] gen=0 det=0 res=0 orig_n=0 orig_p50_us=- orig_p90_us=- orig_p99_us=- orig_mx_us=- orig_mean_us=- rep_n=0 rep_p50_us=- rep_p90_us=- rep_p99_us=- rep_mx_us=- rep_mean_us=- aban_n=0 aban_p50_us=- aban_p90_us=- aban_p99_us=- aban_mx_us=- aban_mean_us=- open=0 over=0 orig_frac=- cross_us=- dump=0/0 sp_n=0 xp_n=0 xp_frac=- sp_p50_us=- sp_p90_us=- xp_p50_us=- xp_p90_us=- rtx_n=0
  EVICT ship 400B tm-c.log: [ETA] site=sender fhat_us=1791133795048643 n=8340 zero=0.0000 place_n=0 cold_r=- cold_ge=- t_eff=- t_cold=- t_n=0 hol_sh=- hol_n=0 hol_mv=- hol_calls=0 hol_w=- p0:n=7906/8340 drop=7 tau_us=31776 e_p50=4096 e_p90=9216 e_p99=12288 e_mx=16671 late=0.8437 sig_us=3931/n248
  EVICT ship 400B tm-c.log: [LAT] site=receiver n=7678 over=0 p0:n=7678 nowait=114 minrst=7 ax_n=7678 ax_p50=6144 ax_p90=8192 ax_p95=9216 ax_p99=9216 ax_sum=47245060 rwxp_n=0 rwxp_p50=- rwxp_p95=- rwxp_sum=0 rwsp_n=7564 rwsp_p50=1 rwsp_p95=3 rwsp_sum=12356 rwrep_n=0 rwrep_p50=- rwrep_p95=- rwrep_sum=0 rep_n=0 rep_p50=- rep_p95=- rep_sum=0 tot_p50=6144 tot_p95=9216 tot_p99=9216 sh_ax=0.9997 sh_rwxp=0.0000 sh_rwsp=0.0003 sh_rwrep=0.0000 sh_rep=0.0000
ARM ship 400B: n=8 min=90 median=106 max=143
--- ship 1200B start=19:10:04
ARMENV ship 1200B: hint=realtime env='<unset>' flags='' rate=50 dur=20
  ECHO ship 1200B tm-s.log: ack-merge ACTIVE (RWM_ACK_MERGE: WINDOW mode sends ONE control datagram per data message instead of two — the legacy per-batch Ack is suppressed, the SACK WindowAck goes unconditional at that cadence and carries the Ack's payload in the v6 cumulative cum_expected/cum_received counters, every Ack-arm consumer re-homed onto the counter diff; BLOCK mode bit-exact; the delivery statistic/cadence/counts unchanged) copa_feed=false
  ECHO ship 1200B tm-s.log: A* send-rate anchor ACTIVE (RWM_ASTAR_ANCHOR: windowed-max send rate over ~8 SRTT, clock-gap sample discard)
  ECHO ship 1200B tm-s.log: clock-gap estimator hygiene ACTIVE (RWM_CLOCK_GAP: process-clock stall witness, post-stall sample discard at the ack feed sites)
  ECHO ship 1200B tm-s.log: estimator heavy-math cadence ACTIVE (RWM_EST_CADENCE: BOCD update at 10 ms/loss-event cadence, accumulated counts)
  ECHO ship 1200B tm-s.log: M* peer-report RTT-feed suppression ACTIVE (RWM_MSTAR_ANCHOR plain-live subset: local-echo-only RTT feed + estimator seed-from-sample)
  ECHO ship 1200B tm-s.log: quinn congestion controller: BBR (shipped default; RWM_QUIC_CC overrides)
  ECHO ship 1200B tm-s.log: RWM_UNIFIED=1 RWM_UNIFIED_SHED=1 RWM_TAPER_R=1 RWM_ASTAR_ANCHOR=1 RWM_MSTAR_ANCHOR=1 RWM_PLAIN_RS=0 RWM_HONEST_ANCHOR=1 RWM_HONEST_K=0 RWM_STORE_SACK_RELEASE=1 RWM_STORE_PATHS=1 RWM_STORE_PATH_POOL=2048 RWM_STORE=unset RWM_STORE_GAIN=2 RWM_STORE_BOOT=128 RWM_THREE_TERM=0 RWM_COMPOSED_CAP=0 RWM_SUM_CAP=1 RWM_LATE_BRAKE=0 RWM_DELTA_CAP=1 RWM_HONEST_CAP=0 RWM_POOL_ANCHOR=0 RWM_ACK_MERGE=1 RWM_LOSS_SENT_TRUTH=0 RWM_RELEASE_1TO1=0 RWM_CHARGE_RECOVERY=0 RWM_SIDLE_DERIVED=0 RWM_COLD_PLACE=0 RWM_PLACE_T_DERIVED=0 RWM_PLACE_HOL=0 RWM_PLACE_WDIV_DERIVED=0 RWM_GEN=1 RWM_PIPELINE=2 RWM_GEN_PIPE=1 RWM_GEN_R=unset RWM_GEN_RATE=9000 RWM_GEN_RATE_FLOOR=2000 RWM_GEN_INFLIGHT=unset RWM_OOO_RETAIN=0/16 RWM_WINDOW=unset RWM_REPORT_GENS=unset RWM_REPAIR_WAIT=unset RWM_CODED_SRC=0 RWM_NO_REACTIVE=0 RWM_XPATH_REPAIR=0 RWM_PROACTIVE_PACER=0 RWM_REASM_BDP=0 RWM_MIN_R=0 RWM_CC_PACE=0 RWM_CC_PACE_HR=1.1 RWM_REACT_CAP=unset RWM_INFL_CAP=0 RWM_INFL_BDP=unset RWM_COPA_FEED=0 RWM_RS_ATTR=1 RWM_EMIT_BATCH=0 RWM_EMIT_BURST=64 RWM_RECOV_MP=1 RWM_RECOV_MP_LAW=1 RWM_RECOV_SP=0 RWM_DERIVED_SWEEP=0 RWM_HOLDDOWN_Q=unset RWM_REFRESH_FLOOR_US=unset RWM_DELTA=unset RWM_COPA_DELTA=unset RWM_COMPLETION_EXPOSURE=0 RWM_RECV_REQUEST_LAW=0 RWM_RANK_FEEDBACK=0 RWM_DIAG=1 RWM_ACKDIAG=0 RWM_ACKDIAG_WINDOW_US=2000000 RWM_RTT_DUMP=0 RWM_RTT_DUMP_MAX=400000 RWM_SUCC_DUMP=0 RWM_SUCC_DUMP_MAX=200000 RWM_WALLDIAG=0 RWM_CPUPROF=0 RWM_RDIAG=0 RWM_FDIAG=0 RWM_TRACE=0 RWM_PFRAC=0
  ECHO ship 1200B tm-s.log: RWM_UNIFIED: Realtime rides the RLC span machine (small-δ parameterization, no code-family switch)
  ECHO ship 1200B tm-s.log: RWM_UNIFIED: receive path on the unified global decoder (one machine, both wires) generation=false
  ECHO ship 1200B tm-s.log: sliding-window FEC mode symbol_size=512 backend=Rlc
  ECHO ship 1200B tm-s.log: unified overload shedding ACTIVE at receiver (RWM_UNIFIED_SHED: in-order hold = delta-derived b*SRTT within the eps-class give-up budget)
  ECHO ship 1200B tm-s.log: unified overload shedding ACTIVE (RWM_UNIFIED_SHED: past-deadline holes shed within the derived 1-rho budget; =0 = serializing arm)
  ECHO ship 1200B tm-s.log: unified span law ACTIVE (RWM_UNIFIED: plain-mode proactive repair over the trailing solvable span [end-A*, end-Δ), A* from δ) hint=Realtime
  ECHO ship 1200B tm-c.log: ack-merge ACTIVE (RWM_ACK_MERGE: WINDOW mode sends ONE control datagram per data message instead of two — the legacy per-batch Ack is suppressed, the SACK WindowAck goes unconditional at that cadence and carries the Ack's payload in the v6 cumulative cum_expected/cum_received counters, every Ack-arm consumer re-homed onto the counter diff; BLOCK mode bit-exact; the delivery statistic/cadence/counts unchanged) copa_feed=false
  ECHO ship 1200B tm-c.log: A* send-rate anchor ACTIVE (RWM_ASTAR_ANCHOR: windowed-max send rate over ~8 SRTT, clock-gap sample discard)
  ECHO ship 1200B tm-c.log: clock-gap estimator hygiene ACTIVE (RWM_CLOCK_GAP: process-clock stall witness, post-stall sample discard at the ack feed sites)
  ECHO ship 1200B tm-c.log: estimator heavy-math cadence ACTIVE (RWM_EST_CADENCE: BOCD update at 10 ms/loss-event cadence, accumulated counts)
  ECHO ship 1200B tm-c.log: M* peer-report RTT-feed suppression ACTIVE (RWM_MSTAR_ANCHOR plain-live subset: local-echo-only RTT feed + estimator seed-from-sample)
  ECHO ship 1200B tm-c.log: quinn congestion controller: BBR (shipped default; RWM_QUIC_CC overrides)
  ECHO ship 1200B tm-c.log: RWM_UNIFIED=1 RWM_UNIFIED_SHED=1 RWM_TAPER_R=1 RWM_ASTAR_ANCHOR=1 RWM_MSTAR_ANCHOR=1 RWM_PLAIN_RS=0 RWM_HONEST_ANCHOR=1 RWM_HONEST_K=0 RWM_STORE_SACK_RELEASE=1 RWM_STORE_PATHS=1 RWM_STORE_PATH_POOL=2048 RWM_STORE=unset RWM_STORE_GAIN=2 RWM_STORE_BOOT=128 RWM_THREE_TERM=0 RWM_COMPOSED_CAP=0 RWM_SUM_CAP=1 RWM_LATE_BRAKE=0 RWM_DELTA_CAP=1 RWM_HONEST_CAP=0 RWM_POOL_ANCHOR=0 RWM_ACK_MERGE=1 RWM_LOSS_SENT_TRUTH=0 RWM_RELEASE_1TO1=0 RWM_CHARGE_RECOVERY=0 RWM_SIDLE_DERIVED=0 RWM_COLD_PLACE=0 RWM_PLACE_T_DERIVED=0 RWM_PLACE_HOL=0 RWM_PLACE_WDIV_DERIVED=0 RWM_GEN=1 RWM_PIPELINE=2 RWM_GEN_PIPE=1 RWM_GEN_R=unset RWM_GEN_RATE=9000 RWM_GEN_RATE_FLOOR=2000 RWM_GEN_INFLIGHT=unset RWM_OOO_RETAIN=0/16 RWM_WINDOW=unset RWM_REPORT_GENS=unset RWM_REPAIR_WAIT=unset RWM_CODED_SRC=0 RWM_NO_REACTIVE=0 RWM_XPATH_REPAIR=0 RWM_PROACTIVE_PACER=0 RWM_REASM_BDP=0 RWM_MIN_R=0 RWM_CC_PACE=0 RWM_CC_PACE_HR=1.1 RWM_REACT_CAP=unset RWM_INFL_CAP=0 RWM_INFL_BDP=unset RWM_COPA_FEED=0 RWM_RS_ATTR=1 RWM_EMIT_BATCH=0 RWM_EMIT_BURST=64 RWM_RECOV_MP=1 RWM_RECOV_MP_LAW=1 RWM_RECOV_SP=0 RWM_DERIVED_SWEEP=0 RWM_HOLDDOWN_Q=unset RWM_REFRESH_FLOOR_US=unset RWM_DELTA=unset RWM_COPA_DELTA=unset RWM_COMPLETION_EXPOSURE=0 RWM_RECV_REQUEST_LAW=0 RWM_RANK_FEEDBACK=0 RWM_DIAG=1 RWM_ACKDIAG=0 RWM_ACKDIAG_WINDOW_US=2000000 RWM_RTT_DUMP=0 RWM_RTT_DUMP_MAX=400000 RWM_SUCC_DUMP=0 RWM_SUCC_DUMP_MAX=200000 RWM_WALLDIAG=0 RWM_CPUPROF=0 RWM_RDIAG=0 RWM_FDIAG=0 RWM_TRACE=0 RWM_PFRAC=0
  ECHO ship 1200B tm-c.log: RWM_UNIFIED: Realtime rides the RLC span machine (small-δ parameterization, no code-family switch)
  ECHO ship 1200B tm-c.log: RWM_UNIFIED: receive path on the unified global decoder (one machine, both wires) generation=false
  ECHO ship 1200B tm-c.log: sliding-window FEC mode symbol_size=512 backend=Rlc
  ECHO ship 1200B tm-c.log: unified overload shedding ACTIVE at receiver (RWM_UNIFIED_SHED: in-order hold = delta-derived b*SRTT within the eps-class give-up budget)
  ECHO ship 1200B tm-c.log: unified overload shedding ACTIVE (RWM_UNIFIED_SHED: past-deadline holes shed within the derived 1-rho budget; =0 = serializing arm)
  ECHO ship 1200B tm-c.log: unified span law ACTIVE (RWM_UNIFIED: plain-mode proactive repair over the trailing solvable span [end-A*, end-Δ), A* from δ) hint=Realtime
  ship 1200B rep1: p50=25.068ms p99=92.229ms p999=135.514ms max=135.514ms n=1000
  ship 1200B rep2: p50=25.278ms p99=90.047ms p999=133.855ms max=133.855ms n=1000
  ship 1200B rep3: p50=25.098ms p99=85.632ms p999=104.507ms max=104.507ms n=1000
  ship 1200B rep4: p50=25.179ms p99=100.888ms p999=173.762ms max=173.762ms n=1000
  ship 1200B rep5: p50=24.952ms p99=87.457ms p999=111.07ms max=111.07ms n=1000
  ship 1200B rep6: p50=25.248ms p99=87.169ms p999=107.165ms max=107.165ms n=1000
  ship 1200B rep7: p50=25.278ms p99=136.749ms p999=296.693ms max=296.693ms n=1000
  ship 1200B rep8: p50=25.207ms p99=91.672ms p999=173.237ms max=173.237ms n=1000
  SPAN ship 1200B tm-s.log: [SPAN] t=1.4s ack=1 win=[0,1] wsize=2 a_star=Some(1) delta=Some(1) owed=0.00 rr=0.500 debt=0.00 retx_buf=1 shed=0/0 bud=0.0000 D=20ms ar=0 agap=0/0 dg_rx=7 dg_tx=7
  SPAN ship 1200B tm-s.log: [SPAN] t=1.9s ack=27 win=[0,27] wsize=28 a_star=Some(3) delta=Some(1) owed=0.00 rr=0.363 debt=0.01 retx_buf=1 shed=0/2 bud=0.0000 D=22ms ar=127 agap=0/0 dg_rx=144 dg_tx=147
  SPAN ship 1200B tm-s.log: [SPAN] t=2.4s ack=64 win=[0,66] wsize=67 a_star=Some(3) delta=Some(1) owed=0.00 rr=0.186 debt=0.11 retx_buf=3 shed=0/2 bud=0.0000 D=21ms ar=123 agap=0/0 dg_rx=287 dg_tx=292
  SPAN ship 1200B tm-s.log: [SPAN] t=2.9s ack=102 win=[1,106] wsize=106 a_star=Some(4) delta=Some(1) owed=0.00 rr=0.138 debt=0.39 retx_buf=5 shed=0/2 bud=0.0000 D=21ms ar=171 agap=0/0 dg_rx=409 dg_tx=417
  SPAN ship 1200B tm-s.log: [SPAN] t=3.4s ack=140 win=[39,145] wsize=107 a_star=Some(3) delta=Some(1) owed=0.00 rr=0.122 debt=0.55 retx_buf=6 shed=0/3 bud=0.0000 D=21ms ar=138 agap=0/0 dg_rx=536 dg_tx=550
  SPAN ship 1200B tm-s.log: [SPAN] t=4.0s ack=177 win=[76,180] wsize=105 a_star=Some(3) delta=Some(1) owed=0.00 rr=0.113 debt=0.34 retx_buf=4 shed=0/3 bud=0.0000 D=21ms ar=122 agap=0/0 dg_rx=668 dg_tx=683
  SPAN ship 1200B tm-s.log: [SPAN] t=6.0s ack=333 win=[314,336] wsize=23 a_star=Some(3) delta=Some(1) owed=0.00 rr=0.300 debt=0.93 retx_buf=6 shed=0/3 bud=0.0000 D=21ms ar=131 agap=0/0 dg_rx=1229 dg_tx=1246
  SPAN ship 1200B tm-s.log: [SPAN] t=11.1s ack=701 win=[684,704] wsize=21 a_star=Some(3) delta=Some(1) owed=0.00 rr=0.315 debt=0.33 retx_buf=4 shed=0/7 bud=0.0000 D=22ms ar=119 agap=0/0 dg_rx=2647 dg_tx=2699
  SPAN ship 1200B tm-s.log: [SPAN] t=16.3s ack=1062 win=[1045,1065] wsize=21 a_star=Some(4) delta=Some(1) owed=0.00 rr=0.305 debt=0.31 retx_buf=4 shed=0/11 bud=0.0000 D=22ms ar=159 agap=0/0 dg_rx=4066 dg_tx=4150
  SPAN ship 1200B tm-s.log: [SPAN] t=21.4s ack=1425 win=[1408,1427] wsize=20 a_star=Some(3) delta=Some(1) owed=0.00 rr=0.319 debt=0.33 retx_buf=3 shed=0/16 bud=0.0000 D=21ms ar=123 agap=0/0 dg_rx=5489 dg_tx=5598
  SPAN ship 1200B tm-s.log: [SPAN] t=36.0s ack=1757 win=[1740,1759] wsize=20 a_star=Some(3) delta=Some(1) owed=0.00 rr=0.304 debt=0.00 retx_buf=3 shed=0/26 bud=0.0000 D=21ms ar=137 agap=1/60 dg_rx=6799 dg_tx=6935
  SPAN ship 1200B tm-s.log: [SPAN] t=41.2s ack=2122 win=[2105,2125] wsize=21 a_star=Some(3) delta=Some(1) owed=0.00 rr=0.308 debt=0.00 retx_buf=4 shed=0/34 bud=0.0000 D=21ms ar=125 agap=1/60 dg_rx=8217 dg_tx=8395
  SPAN ship 1200B tm-s.log: [SPAN] t=46.3s ack=2482 win=[2465,2484] wsize=20 a_star=Some(3) delta=Some(1) owed=0.00 rr=0.311 debt=0.00 retx_buf=3 shed=0/40 bud=0.0000 D=21ms ar=130 agap=1/60 dg_rx=9625 dg_tx=9831
  SPAN ship 1200B tm-s.log: [SPAN] t=51.4s ack=2845 win=[2827,2845] wsize=19 a_star=Some(4) delta=Some(1) owed=0.00 rr=0.302 debt=0.00 retx_buf=2 shed=0/46 bud=0.0000 D=21ms ar=140 agap=1/60 dg_rx=11060 dg_tx=11294
  SPAN ship 1200B tm-s.log: [SPAN] t=66.0s ack=3186 win=[3169,3189] wsize=21 a_star=Some(2) delta=Some(1) owed=0.00 rr=0.305 debt=0.34 retx_buf=4 shed=0/50 bud=0.0000 D=21ms ar=92 agap=2/123 dg_rx=12355 dg_tx=12615
  SPAN ship 1200B tm-s.log: [SPAN] t=71.1s ack=3560 win=[3543,3562] wsize=20 a_star=Some(4) delta=Some(1) owed=0.00 rr=0.309 debt=0.30 retx_buf=3 shed=0/52 bud=0.0000 D=21ms ar=171 agap=2/123 dg_rx=13767 dg_tx=14055
  SPAN ship 1200B tm-s.log: [SPAN] t=76.2s ack=3920 win=[3903,3922] wsize=20 a_star=Some(3) delta=Some(1) owed=0.00 rr=0.297 debt=0.60 retx_buf=3 shed=0/55 bud=0.0000 D=22ms ar=120 agap=2/123 dg_rx=15141 dg_tx=15459
  SPAN ship 1200B tm-s.log: [SPAN] t=81.3s ack=4275 win=[4258,4277] wsize=20 a_star=Some(3) delta=Some(1) owed=0.00 rr=0.298 debt=0.60 retx_buf=3 shed=0/61 bud=0.0000 D=21ms ar=130 agap=2/123 dg_rx=16535 dg_tx=16892
  SPAN ship 1200B tm-s.log: [SPAN] t=96.1s ack=4593 win=[4574,4595] wsize=22 a_star=Some(3) delta=Some(1) owed=0.00 rr=0.307 debt=0.62 retx_buf=5 shed=0/71 bud=0.0000 D=22ms ar=91 agap=3/180 dg_rx=17871 dg_tx=18260
  SPAN ship 1200B tm-s.log: [SPAN] t=101.2s ack=4969 win=[4952,4973] wsize=22 a_star=Some(3) delta=Some(1) owed=0.00 rr=0.296 debt=0.30 retx_buf=5 shed=0/74 bud=0.0000 D=22ms ar=120 agap=3/180 dg_rx=19295 dg_tx=19713
  SPAN ship 1200B tm-s.log: [SPAN] t=106.3s ack=5340 win=[5323,5343] wsize=21 a_star=Some(3) delta=Some(1) owed=0.00 rr=0.292 debt=0.00 retx_buf=4 shed=0/83 bud=0.0000 D=21ms ar=99 agap=3/180 dg_rx=20723 dg_tx=21178
  SPAN ship 1200B tm-s.log: [SPAN] t=111.4s ack=5693 win=[5676,5697] wsize=22 a_star=Some(3) delta=Some(1) owed=0.00 rr=0.288 debt=0.59 retx_buf=5 shed=0/89 bud=0.0000 D=22ms ar=130 agap=3/180 dg_rx=22127 dg_tx=22609
  SPAN ship 1200B tm-s.log: [SPAN] t=126.1s ack=6044 win=[6027,6045] wsize=19 a_star=Some(3) delta=Some(1) owed=0.00 rr=0.304 debt=0.00 retx_buf=2 shed=0/91 bud=0.0000 D=21ms ar=111 agap=4/242 dg_rx=23446 dg_tx=23937
  SPAN ship 1200B tm-s.log: [SPAN] t=131.2s ack=6408 win=[6391,6412] wsize=22 a_star=Some(3) delta=Some(1) owed=0.00 rr=0.295 debt=0.61 retx_buf=5 shed=0/96 bud=0.0000 D=21ms ar=132 agap=4/242 dg_rx=24873 dg_tx=25384
  SPAN ship 1200B tm-c.log: [SPAN] t=1.4s ack=1 win=[0,1] wsize=2 a_star=Some(1) delta=Some(1) owed=0.00 rr=0.500 debt=0.00 retx_buf=1 shed=0/0 bud=0.0000 D=22ms ar=0 agap=0/0 dg_rx=6 dg_tx=6
  SPAN ship 1200B tm-c.log: [SPAN] t=1.9s ack=70 win=[0,76] wsize=77 a_star=Some(8) delta=Some(1) owed=0.00 rr=0.500 debt=0.00 retx_buf=7 shed=0/27 bud=0.0000 D=23ms ar=322 agap=0/0 dg_rx=138 dg_tx=156
  SPAN ship 1200B tm-c.log: [SPAN] t=2.4s ack=145 win=[44,153] wsize=110 a_star=Some(5) delta=Some(1) owed=0.00 rr=0.277 debt=0.55 retx_buf=9 shed=0/35 bud=0.0000 D=20ms ar=230 agap=0/0 dg_rx=275 dg_tx=297
  SPAN ship 1200B tm-c.log: [SPAN] t=2.9s ack=221 win=[120,229] wsize=110 a_star=Some(5) delta=Some(1) owed=0.00 rr=0.221 debt=0.88 retx_buf=9 shed=0/39 bud=0.0000 D=21ms ar=228 agap=0/0 dg_rx=398 dg_tx=420
  SPAN ship 1200B tm-c.log: [SPAN] t=3.4s ack=295 win=[194,306] wsize=113 a_star=Some(5) delta=Some(1) owed=0.00 rr=0.231 debt=0.24 retx_buf=12 shed=0/46 bud=0.0000 D=21ms ar=229 agap=0/0 dg_rx=523 dg_tx=550
  SPAN ship 1200B tm-c.log: [SPAN] t=3.9s ack=377 win=[276,385] wsize=110 a_star=Some(6) delta=Some(1) owed=0.00 rr=0.421 debt=0.84 retx_buf=9 shed=2/62 bud=0.0009 D=20ms ar=265 agap=0/0 dg_rx=656 dg_tx=687
  SPAN ship 1200B tm-c.log: [SPAN] t=5.9s ack=683 win=[666,689] wsize=24 a_star=Some(5) delta=Some(1) owed=0.00 rr=0.445 debt=0.00 retx_buf=7 shed=2/64 bud=0.0000 D=21ms ar=230 agap=0/0 dg_rx=1224 dg_tx=1252
  SPAN ship 1200B tm-c.log: [SPAN] t=11.0s ack=1452 win=[1435,1458] wsize=24 a_star=Some(5) delta=Some(1) owed=0.00 rr=0.500 debt=0.00 retx_buf=7 shed=11/150 bud=0.0000 D=19ms ar=228 agap=0/0 dg_rx=2645 dg_tx=2718
  SPAN ship 1200B tm-c.log: [SPAN] t=16.0s ack=2217 win=[2200,2225] wsize=26 a_star=Some(5) delta=Some(1) owed=0.00 rr=0.500 debt=0.00 retx_buf=9 shed=20/258 bud=0.0000 D=21ms ar=229 agap=0/0 dg_rx=4066 dg_tx=4197
  SPAN ship 1200B tm-c.log: [SPAN] t=21.1s ack=2986 win=[2969,2994] wsize=26 a_star=Some(5) delta=Some(1) owed=0.00 rr=0.500 debt=0.00 retx_buf=9 shed=22/349 bud=0.0000 D=21ms ar=229 agap=0/0 dg_rx=5507 dg_tx=5675
  SPAN ship 1200B tm-c.log: [SPAN] t=36.0s ack=3738 win=[3721,3746] wsize=26 a_star=Some(5) delta=Some(1) owed=0.00 rr=0.500 debt=0.00 retx_buf=9 shed=28/444 bud=0.0000 D=20ms ar=226 agap=1/64 dg_rx=6913 dg_tx=7127
  SPAN ship 1200B tm-c.log: [SPAN] t=41.0s ack=4503 win=[4486,4511] wsize=26 a_star=Some(5) delta=Some(1) owed=0.00 rr=0.500 debt=0.00 retx_buf=9 shed=31/528 bud=0.0000 D=21ms ar=227 agap=1/64 dg_rx=8345 dg_tx=8595
  SPAN ship 1200B tm-c.log: [SPAN] t=46.1s ack=5274 win=[5257,5280] wsize=24 a_star=Some(6) delta=Some(1) owed=0.00 rr=0.500 debt=0.00 retx_buf=7 shed=51/611 bud=0.0000 D=22ms ar=231 agap=1/64 dg_rx=9772 dg_tx=10076
  SPAN ship 1200B tm-c.log: [SPAN] t=51.1s ack=6041 win=[6024,6047] wsize=24 a_star=Some(5) delta=Some(1) owed=0.00 rr=0.500 debt=0.00 retx_buf=7 shed=62/722 bud=0.0000 D=21ms ar=227 agap=1/64 dg_rx=11208 dg_tx=11560
  SPAN ship 1200B tm-c.log: [SPAN] t=66.0s ack=6779 win=[6762,6787] wsize=26 a_star=Some(5) delta=Some(1) owed=0.00 rr=0.500 debt=1.00 retx_buf=9 shed=63/786 bud=0.0000 D=21ms ar=228 agap=2/128 dg_rx=12596 dg_tx=12984
  SPAN ship 1200B tm-c.log: [SPAN] t=71.0s ack=7540 win=[7523,7544] wsize=22 a_star=Some(5) delta=Some(1) owed=0.00 rr=0.470 debt=0.00 retx_buf=5 shed=66/858 bud=0.0000 D=20ms ar=228 agap=2/128 dg_rx=14024 dg_tx=14439
  SPAN ship 1200B tm-c.log: [SPAN] t=76.1s ack=8289 win=[8272,8303] wsize=32 a_star=Some(5) delta=Some(1) owed=0.00 rr=0.500 debt=0.00 retx_buf=12 shed=72/928 bud=0.0081 D=20ms ar=228 agap=2/128 dg_rx=15419 dg_tx=15890
  SPAN ship 1200B tm-c.log: [SPAN] t=81.1s ack=9058 win=[9041,9064] wsize=24 a_star=Some(6) delta=Some(1) owed=0.00 rr=0.500 debt=0.00 retx_buf=7 shed=77/1040 bud=0.0000 D=22ms ar=227 agap=2/128 dg_rx=16846 dg_tx=17357
  SPAN ship 1200B tm-c.log: [SPAN] t=96.0s ack=9807 win=[9790,9813] wsize=24 a_star=Some(6) delta=Some(1) owed=0.00 rr=0.500 debt=0.00 retx_buf=7 shed=79/1186 bud=0.0003 D=23ms ar=229 agap=3/193 dg_rx=18230 dg_tx=18804
  SPAN ship 1200B tm-c.log: [SPAN] t=101.0s ack=10568 win=[10551,10576] wsize=26 a_star=Some(5) delta=Some(1) owed=0.00 rr=0.405 debt=0.81 retx_buf=9 shed=79/1243 bud=0.0000 D=21ms ar=227 agap=3/193 dg_rx=19653 dg_tx=20250
  SPAN ship 1200B tm-c.log: [SPAN] t=106.1s ack=11342 win=[11325,11348] wsize=24 a_star=Some(5) delta=Some(1) owed=0.00 rr=0.500 debt=0.00 retx_buf=7 shed=83/1410 bud=0.0000 D=21ms ar=229 agap=3/193 dg_rx=21105 dg_tx=21759
  SPAN ship 1200B tm-c.log: [SPAN] t=111.1s ack=12110 win=[12093,12116] wsize=24 a_star=Some(6) delta=Some(1) owed=0.00 rr=0.500 debt=0.00 retx_buf=7 shed=85/1503 bud=0.0000 D=22ms ar=228 agap=3/193 dg_rx=22526 dg_tx=23220
  SPAN ship 1200B tm-c.log: [SPAN] t=126.0s ack=12849 win=[12832,12857] wsize=26 a_star=Some(6) delta=Some(1) owed=0.00 rr=0.500 debt=0.00 retx_buf=9 shed=85/1548 bud=0.0006 D=22ms ar=226 agap=4/257 dg_rx=23916 dg_tx=24635
  SPAN ship 1200B tm-c.log: [SPAN] t=131.1s ack=13622 win=[13605,13629] wsize=25 a_star=Some(6) delta=Some(1) owed=0.00 rr=0.500 debt=0.00 retx_buf=8 shed=90/1619 bud=0.0007 D=22ms ar=230 agap=4/257 dg_rx=25350 dg_tx=26101
  EVICT ship 1200B tm-s.log: [RFA] gen=0 fires=2453 false=1314 false_frac=0.5357 fill_coded=708 fill_src=431 dup_src=637 preempt_src=677 src_n=24821 rep_n=7727 nu_recv=0.09883 fa_class=0.0625 rep_redundant=6969 late_after_aban=842
  EVICT ship 1200B tm-s.log: [SUCC] gen=0 det=1148 res=292 orig_n=20 orig_p50_us=18432 orig_p90_us=36864 orig_p99_us=45056 orig_mx_us=47442 orig_mean_us=21991 rep_n=272 rep_p50_us=6656 rep_p90_us=20480 rep_p99_us=40960 rep_mx_us=47442 rep_mean_us=9956 aban_n=854 aban_p50_us=22528 aban_p90_us=22528 aban_p99_us=36864 aban_mx_us=43990 aban_mean_us=23514 open=2 over=0 orig_frac=0.0685 cross_us=24 dump=0/0 sp_n=292 xp_n=0 xp_frac=0.0000 sp_p50_us=9216 sp_p90_us=20480 xp_p50_us=- xp_p90_us=- rtx_n=20
  EVICT ship 1200B tm-s.log: [ETA] site=sender fhat_us=1791134039993158 n=11490 zero=0.0000 place_n=0 cold_r=- cold_ge=- t_eff=- t_cold=- t_n=0 hol_sh=- hol_n=0 hol_mv=- hol_calls=0 hol_w=- p0:n=10904/11490 drop=171 tau_us=34437 e_p50=4608 e_p90=8192 e_p99=10240 e_mx=13605 late=0.9298 sig_us=2322/n246
  EVICT ship 1200B tm-s.log: [LAT] site=receiver n=22999 over=1361 p0:n=22325 nowait=10432 minrst=8 ax_n=22325 ax_p50=6144 ax_p90=9216 ax_p95=9216 ax_p99=10240 ax_sum=134742432 rwxp_n=0 rwxp_p50=- rwxp_p95=- rwxp_sum=0 rwsp_n=11363 rwsp_p50=1 rwsp_p95=3 rwsp_sum=16224 rwrep_n=530 rwrep_p50=64 rwrep_p95=20480 rwrep_sum=2388562 rep_n=530 rep_p50=3328 rep_p95=32768 rep_sum=5194365 tot_p50=6144 tot_p95=9216 tot_p99=10240 sh_ax=0.9466 sh_rwxp=0.0000 sh_rwsp=0.0001 sh_rwrep=0.0168 sh_rep=0.0365
  EVICT ship 1200B tm-c.log: [RFA] gen=0 fires=168 false=168 false_frac=1.0000 fill_coded=0 fill_src=0 dup_src=168 preempt_src=0 src_n=11599 rep_n=609 nu_recv=0.01448 fa_class=0.0625 rep_redundant=606 late_after_aban=0
  EVICT ship 1200B tm-c.log: [SUCC] gen=0 det=0 res=0 orig_n=0 orig_p50_us=- orig_p90_us=- orig_p99_us=- orig_mx_us=- orig_mean_us=- rep_n=0 rep_p50_us=- rep_p90_us=- rep_p99_us=- rep_mx_us=- rep_mean_us=- aban_n=0 aban_p50_us=- aban_p90_us=- aban_p99_us=- aban_mx_us=- aban_mean_us=- open=0 over=0 orig_frac=- cross_us=- dump=0/0 sp_n=0 xp_n=0 xp_frac=- sp_p50_us=- sp_p90_us=- xp_p50_us=- xp_p90_us=- rtx_n=0
  EVICT ship 1200B tm-c.log: [ETA] site=sender fhat_us=1791134039950141 n=24343 zero=0.0000 place_n=0 cold_r=- cold_ge=- t_eff=- t_cold=- t_n=0 hol_sh=- hol_n=0 hol_mv=- hol_calls=0 hol_w=- p0:n=23184/24343 drop=742 tau_us=32838 e_p50=4608 e_p90=9216 e_p99=12288 e_mx=20330 late=0.8836 sig_us=2751/n254
  EVICT ship 1200B tm-c.log: [LAT] site=receiver n=11431 over=0 p0:n=11431 nowait=1387 minrst=8 ax_n=11431 ax_p50=6144 ax_p90=8192 ax_p95=9216 ax_p99=9216 ax_sum=72662131 rwxp_n=0 rwxp_p50=- rwxp_p95=- rwxp_sum=0 rwsp_n=10044 rwsp_p50=1 rwsp_p95=2 rwsp_sum=13178 rwrep_n=0 rwrep_p50=- rwrep_p95=- rwrep_sum=0 rep_n=0 rep_p50=- rep_p95=- rep_sum=0 tot_p50=6144 tot_p95=9216 tot_p99=9216 sh_ax=0.9998 sh_rwxp=0.0000 sh_rwsp=0.0002 sh_rwrep=0.0000 sh_rep=0.0000
ARM ship 1200B: n=8 min=86 median=90 max=137
=== done 19:14:09
EXIT rc=0 (19:14:09)
=== CROWNSPOT stage seed=42 cell=c3 rc=0 end=2026-10-04T17:14:09Z
CROWNSPOT-DONE seed=42 stages=2/2 2026-10-04T17:14:09Z
