LOCKS-HELD-BY-ENVELOPE threadp2a_run_all:1651476
=== V-P2a BATTERY tag=ackd reps_per_seed=1 seeds='42 7' cells='c1s-400 c1d-400 c2-100 c8-100' ackdiag=1 2026-10-05T21:21:31Z
=== binary P2A /home/vibe/p2arun/bin/p2a/raptorpath sha256 5e74772ceb4c66a4f61f7962951dd6b14bf580e4b27012d63c62883d40c45a37
=== binary MAIN /home/vibe/p2arun/bin/main/raptorpath sha256 c1e994221f96504024c7b8964e35a0026dd2429c8f0d951c1c37f442f006c66c
=== source 75d3ab4
=== env RWM_GEN=0 RWM_DIAG=1 RWM_RTOBS=1 RWM_PERF_TIMEOUT_S=150 runs=1 bulk --window-reliable; every arm env -u RWM_EST_CADENCE RWM_POOL_ANCHOR RWM_EMIT_BATCH RWM_EMIT_BURST RWM_RTOBS RWM_ACKDIAG (shipped default), then RWM_RTOBS=1 RWM_ACKDIAG=1; soft_deadline=1791241688 block_est=240
Model name:                              Intel(R) Xeon(R) CPU E5-2650 v3 @ 2.30GHz
Flags:                                   fpu vme de pse tsc msr pae mce cx8 apic sep mtrr pge mca cmov pat pse36 clflush mmx fxsr sse sse2 ss ht syscall nx pdpe1gb rdtscp lm arch_perfmon rep_good nopl xtopology cpuid tsc_known_freq pni pclmulqdq vmx ssse3 fma cx16 pdcm pcid sse4_1 sse4_2 x2apic movbe popcnt tsc_deadline_timer aes xsave avx f16c rdrand hypervisor lahf_lm abm cpuid_fault pti ssbd ibrs ibpb stibp tpr_shadow flexpriority ept vpid ept_ad fsgsbase tsc_adjust bmi1 avx2 smep bmi2 erms invpcid xsaveopt arat vnmi umip md_clear flush_l1d arch_capabilities
=== rep=1 seed=42 cell=c1s-400 arm=MAIN attempt=1 pipeline=window hint=bulk spec=c1/c1/single bytes=400000000 ackdiag=1 bin=/home/vibe/p2arun/bin/main/raptorpath sha=c1e994221f965040 21:21:31
COTENANT c1s-400-MAIN s42 rep=1 before=0 after=0 load=5.69 3.28 3.01
--- RWM-C perf pipeline=window mode=single hint=bulk A=c1 B=c1 ooo=0 extra='' T=default (400000000 x 1) start=23:21:33
{"bytes":400000000,"dnf":0,"hint":"bulk","max_s":6.1164,"mean_mbps":523.184,"mean_s":6.1164,"median_s":6.1164,"min_s":6.1164,"proto":"rp-native","runs":1,"stdev_s":0.0,"summary":true}
    CPU: CPUSRV=8.13s CPUCLI=5.56s (srv=decoder cli=sender; whole-invocation incl warmup)
    [THR] sum phase=xfer side=client run=1 workers=6 busy_s=5.260 threads=7 cpu_s=5.490 cores=0.898 wall_s=6.117
    [LAG] phase=xfer side=client run=1 tick_ms=10 n=612 p50_us=1203 p99_us=2513 max_us=4226 dropped=0
    [THR] sum phase=xfer side=server obj=0 workers=6 busy_s=0.000 threads=7 cpu_s=0.000 cores=0.000 wall_s=0.000
    [LAG] phase=xfer side=server obj=0 tick_ms=10 n=0 p50_us=- p99_us=- max_us=- dropped=0
    [THR] sum phase=xfer side=server obj=1 workers=6 busy_s=7.425 threads=7 cpu_s=8.070 cores=1.321 wall_s=6.110
    [LAG] phase=xfer side=server obj=1 tick_ms=10 n=610 p50_us=176 p99_us=1171 max_us=3971 dropped=0
[THR] sum phase=xfer side=server obj=1 workers=6 busy_s=7.425 threads=7 cpu_s=8.070 cores=1.321 wall_s=6.110
[LAG] phase=xfer side=server obj=1 tick_ms=10 n=610 p50_us=176 p99_us=1171 max_us=3971 dropped=0
    [TRUTH] leg=0 dev=cli0 egress_dgrams=340894 egress_skbs=37721 gso=9.04 netem_sent_dgrams=340524 netem_dropped_skbs=41 backlog=0 lost=370 loss=0.001085 rcvbuf_drops=0 rcvbuf_scope=netns
RUNTIME c1s-400-MAIN s42 rep=1 attempt=1 8s rc=0
TP2ROW {"ackgap_n_p0": 32768, "ackgap_p50_p0": 2, "ackgap_p90_p0": 2, "ackgap_p99_p0": 840, "acks_per_dgram": 0.9977010736315843, "arm": "MAIN", "bin": "main", "bin_sha": "c1e994221f96504024c7b8964e35a0026dd2429c8f0d951c1c37f442f006c66c", "busy_last": 29.0, "busy_med": 35.0, "cad_cli": true, "cad_srv": true, "cadoff_cli": false, "cadoff_srv": false, "cell": "c1s-400", "cli_busy_r1": 0.194, "cli_busy_r2": 0.192, "cli_busy_r3": 0.185, "cli_busy_r4": 0.13, "cli_busy_r5": 0.088, "cli_busy_r6": 0.072, "cli_cores": 0.898, "cli_lag_max_us": 4226.0, "cli_lag_n": 612, "cli_lag_p50_us": 1203.0, "cli_lag_p99_us": 2513.0, "cli_main_cores": 0.113, "cli_n_workers": 6, "cli_park_per_s": 8639.856138630048, "cli_thr_r1": 0.178, "cli_thr_r2": 0.175, "cli_thr_r3": 0.173, "cli_threads": [["raptorpath", 0.113], ["rp-w-0", 0.077], ["rp-w-1", 0.175], ["rp-w-2", 0.173], ["rp-w-3", 0.178], ["rp-w-4", 0.064], ["rp-w-5", 0.118]], "cli_top_comm": "rp-w-3", "cli_unpark_per_s": 17279.875756089587, "cli_wall_s": 6.117, "cli_workers_cores": 0.7849999999999999, "cod": 58, "coded_share": 0.00017376350786579465, "cotenant": 0, "cpu_cli": 5.56, "cpu_srv": 8.13, "diag_lines": 24, "dnf": false, "emb_echo_cli": true, "emb_gate_cli": 1, "emb_gate_srv": 1, "feed_ratio_p0": 1.0138248847926268, "gates_cli": true, "gates_srv": true, "gen_guard": false, "header": ["window", "bulk"], "mbps": 523.184, "pa_cli": 0, "pa_srv": 0, "pipe_cli": ["window", "Rlc", "bulk"], "pipe_srv": ["window", "Rlc", "bulk"], "plc_p0": 0.0011, "plu_last_p0": 0.0005, "plu_med_p0": 0.00035, "problems": [], "rc": 0, "rep": 1, "rtobs_gate_cli": null, "rtobs_gate_srv": null, "rtp_floor_p0": 2393, "seconds": 6.11639, "seed": "42", "src": 333729, "srv_busy_r1": 0.36, "srv_busy_r2": 0.356, "srv_busy_r3": 0.322, "srv_busy_r4": 0.099, "srv_busy_r5": 0.072, "srv_busy_r6": 0.006, "srv_cores": 1.321, "srv_lag_max_us": 3971.0, "srv_lag_n": 610, "srv_lag_p50_us": 176.0, "srv_lag_p99_us": 1171.0, "srv_main_cores": 0.178, "srv_n_workers": 6, "srv_park_per_s": 9404.909983633388, "srv_thr_r1": 0.337, "srv_thr_r2": 0.327, "srv_thr_r3": 0.29, "srv_threads": [["raptorpath", 0.178], ["rp-w-0", 0.082], ["rp-w-1", 0.29], ["rp-w-2", 0.337], ["rp-w-3", 0.103], ["rp-w-4", 0.003], ["rp-w-5", 0.327]], "srv_top_comm": "rp-w-2", "srv_unpark_per_s": 18809.65630114566, "srv_wall_s": 6.11, "srv_workers_cores": 1.142, "status": "LIVE", "summary": true, "topo_cli": false, "topo_srv": false, "truth_egress_p0": 340894, "truth_gso_p0": 9.04, "truth_loss_p0": 0.001085, "truth_lost_p0": 370, "truth_rcvbuf_drops": 0, "util": 0.9090329426344624, "wake": {"ack": 9620, "defc": 0, "flush": 0, "gen": 0, "nack": 42, "pace": 0, "paused": 353, "tail": 2, "timer_acked": 10, "tun": 7859}, "wall_s": 8.0, "winline_cli": true, "winline_srv": true}
=== rep=1 seed=42 cell=c1s-400 arm=P2A attempt=1 pipeline=window hint=bulk spec=c1/c1/single bytes=400000000 ackdiag=1 bin=/home/vibe/p2arun/bin/p2a/raptorpath sha=5e74772ceb4c66a4 21:21:40
COTENANT c1s-400-P2A s42 rep=1 before=0 after=0 load=5.87 3.40 3.06
--- RWM-C perf pipeline=window mode=single hint=bulk A=c1 B=c1 ooo=0 extra='' T=default (400000000 x 1) start=23:21:41
{"bytes":400000000,"dnf":0,"hint":"bulk","max_s":8.5046,"mean_mbps":376.266,"mean_s":8.5046,"median_s":8.5046,"min_s":8.5046,"proto":"rp-native","runs":1,"stdev_s":0.0,"summary":true}
    CPU: CPUSRV=11.87s CPUCLI=10.40s (srv=decoder cli=sender; whole-invocation incl warmup)
    [THR] sum phase=xfer side=client run=1 workers=6 busy_s=12.205 threads=7 cpu_s=10.350 cores=1.217 wall_s=8.505
    [LAG] phase=xfer side=client run=1 tick_ms=10 n=850 p50_us=948 p99_us=2154 max_us=5114 dropped=0
    [THR] sum phase=xfer side=server obj=0 workers=6 busy_s=0.000 threads=7 cpu_s=0.000 cores=0.000 wall_s=0.000
    [LAG] phase=xfer side=server obj=0 tick_ms=10 n=0 p50_us=- p99_us=- max_us=- dropped=0
    [THR] sum phase=xfer side=server obj=1 workers=6 busy_s=15.123 threads=7 cpu_s=11.830 cores=1.392 wall_s=8.501
    [LAG] phase=xfer side=server obj=1 tick_ms=10 n=849 p50_us=267 p99_us=1989 max_us=5745 dropped=0
    [TRUTH] leg=0 dev=cli0 egress_dgrams=352556 egress_skbs=71406 gso=4.94 netem_sent_dgrams=352268 netem_dropped_skbs=73 backlog=0 lost=288 loss=0.000817 rcvbuf_drops=0 rcvbuf_scope=netns
RUNTIME c1s-400-P2A s42 rep=1 attempt=1 10s rc=0
TP2ROW {"ackgap_n_p0": 32768, "ackgap_p50_p0": 1, "ackgap_p90_p0": 2, "ackgap_p99_p0": 496, "acks_per_dgram": 0.9969564426748849, "arm": "P2A", "bin": "p2a", "bin_sha": "5e74772ceb4c66a4f61f7962951dd6b14bf580e4b27012d63c62883d40c45a37", "busy_last": 67.0, "busy_med": 59.0, "cad_cli": true, "cad_srv": true, "cadoff_cli": false, "cadoff_srv": false, "cell": "c1s-400", "cli_busy_r1": 0.29, "cli_busy_r2": 0.283, "cli_busy_r3": 0.266, "cli_busy_r4": 0.23, "cli_busy_r5": 0.226, "cli_busy_r6": 0.141, "cli_cores": 1.217, "cli_lag_max_us": 5114.0, "cli_lag_n": 850, "cli_lag_p50_us": 948.0, "cli_lag_p99_us": 2154.0, "cli_main_cores": 0.0, "cli_n_workers": 6, "cli_park_per_s": 25424.691358024687, "cli_thr_r1": 0.245, "cli_thr_r2": 0.242, "cli_thr_r3": 0.222, "cli_threads": [["raptorpath", 0.0], ["rp-w-0", 0.118], ["rp-w-1", 0.222], ["rp-w-2", 0.242], ["rp-w-3", 0.245], ["rp-w-4", 0.199], ["rp-w-5", 0.192]], "cli_top_comm": "rp-w-3", "cli_unpark_per_s": 50849.382716049375, "cli_wall_s": 8.505, "cli_workers_cores": 1.218, "cod": 66, "coded_share": 0.00020225111621165274, "cotenant": 0, "cpu_cli": 10.4, "cpu_srv": 11.87, "diag_lines": 33, "dnf": false, "emb_echo_cli": true, "emb_gate_cli": 1, "emb_gate_srv": 1, "feed_ratio_p0": 0.9791921664626684, "gates_cli": true, "gates_srv": true, "gen_guard": false, "header": ["window", "bulk"], "mbps": 376.266, "pa_cli": 0, "pa_srv": 0, "pipe_cli": ["window", "Rlc", "bulk"], "pipe_srv": ["window", "Rlc", "bulk"], "plc_p0": 0.0008, "plu_last_p0": 0.0002, "plu_med_p0": 0.0005, "problems": [], "rc": 0, "rep": 1, "rtobs_gate_cli": "1", "rtobs_gate_srv": "1", "rtp_floor_p0": 2336, "seconds": 8.504624, "seed": "42", "src": 326261, "srv_busy_r1": 0.426, "srv_busy_r2": 0.412, "srv_busy_r3": 0.362, "srv_busy_r4": 0.22, "srv_busy_r5": 0.218, "srv_busy_r6": 0.141, "srv_cores": 1.392, "srv_lag_max_us": 5745.0, "srv_lag_n": 849, "srv_lag_p50_us": 267.0, "srv_lag_p99_us": 1989.0, "srv_main_cores": 0.0, "srv_n_workers": 6, "srv_park_per_s": 27906.834490059995, "srv_thr_r1": 0.315, "srv_thr_r2": 0.295, "srv_thr_r3": 0.258, "srv_threads": [["raptorpath", 0.0], ["rp-w-0", 0.159], ["rp-w-1", 0.222], ["rp-w-2", 0.258], ["rp-w-3", 0.295], ["rp-w-4", 0.142], ["rp-w-5", 0.315]], "srv_top_comm": "rp-w-5", "srv_unpark_per_s": 55813.66898011999, "srv_wall_s": 8.501, "srv_workers_cores": 1.391, "status": "LIVE", "summary": true, "topo_cli": true, "topo_srv": true, "truth_egress_p0": 352556, "truth_gso_p0": 4.94, "truth_loss_p0": 0.000817, "truth_lost_p0": 288, "truth_rcvbuf_drops": 0, "util": 1.222864173654238, "wake": {"ack": 48042, "defc": 0, "flush": 0, "gen": 0, "nack": 49, "pace": 0, "paused": 142, "tail": 4, "timer_acked": 2, "tun": 25693}, "wall_s": 10.0, "winline_cli": true, "winline_srv": true}
=== rep=1 seed=42 cell=c1d-400 arm=MAIN attempt=1 pipeline=window hint=bulk spec=c1/c1/dual bytes=400000000 ackdiag=1 bin=/home/vibe/p2arun/bin/main/raptorpath sha=c1e994221f965040 21:21:50
COTENANT c1d-400-MAIN s42 rep=1 before=0 after=0 load=6.37 3.58 3.12
--- RWM-C perf pipeline=window mode=dual hint=bulk A=c1 B=c1 ooo=0 extra='' T=default (400000000 x 1) start=23:21:52
{"bytes":400000000,"dnf":0,"hint":"bulk","max_s":6.8207,"mean_mbps":469.159,"mean_s":6.8207,"median_s":6.8207,"min_s":6.8207,"proto":"rp-native","runs":1,"stdev_s":0.0,"summary":true}
    CPU: CPUSRV=10.72s CPUCLI=10.06s (srv=decoder cli=sender; whole-invocation incl warmup)
    [THR] sum phase=xfer side=client run=1 workers=6 busy_s=12.723 threads=7 cpu_s=9.970 cores=1.462 wall_s=6.821
    [LAG] phase=xfer side=client run=1 tick_ms=10 n=682 p50_us=131 p99_us=1433 max_us=2601 dropped=0
    [THR] sum phase=xfer side=server obj=0 workers=6 busy_s=0.000 threads=7 cpu_s=0.000 cores=0.000 wall_s=0.000
    [LAG] phase=xfer side=server obj=0 tick_ms=10 n=0 p50_us=- p99_us=- max_us=- dropped=0
    [THR] sum phase=xfer side=server obj=1 workers=6 busy_s=11.148 threads=7 cpu_s=10.680 cores=1.567 wall_s=6.814
    [LAG] phase=xfer side=server obj=1 tick_ms=10 n=681 p50_us=876 p99_us=2492 max_us=3482 dropped=0
    [TRUTH] leg=0 dev=cli0 egress_dgrams=165656 egress_skbs=33517 gso=4.94 netem_sent_dgrams=165515 netem_dropped_skbs=38 backlog=0 lost=141 loss=0.000851 rcvbuf_drops=0 rcvbuf_scope=netns
    [TRUTH] leg=1 dev=cli1 egress_dgrams=180732 egress_skbs=35035 gso=5.16 netem_sent_dgrams=180605 netem_dropped_skbs=26 backlog=0 lost=127 loss=0.000703 rcvbuf_drops=0 rcvbuf_scope=netns
RUNTIME c1d-400-MAIN s42 rep=1 attempt=1 9s rc=0
TP2ROW {"ackgap_n_p0": 32768, "ackgap_n_p1": 32768, "ackgap_p50_p0": 2, "ackgap_p50_p1": 2, "ackgap_p90_p0": 11, "ackgap_p90_p1": 10, "ackgap_p99_p0": 973, "ackgap_p99_p1": 754, "acks_per_dgram": 0.9928984132022652, "arm": "MAIN", "bin": "main", "bin_sha": "c1e994221f96504024c7b8964e35a0026dd2429c8f0d951c1c37f442f006c66c", "busy_last": 99.0, "busy_med": 91.0, "cad_cli": true, "cad_srv": true, "cadoff_cli": false, "cadoff_srv": false, "cell": "c1d-400", "cli_busy_r1": 0.432, "cli_busy_r2": 0.348, "cli_busy_r3": 0.303, "cli_busy_r4": 0.287, "cli_busy_r5": 0.251, "cli_busy_r6": 0.244, "cli_cores": 1.462, "cli_lag_max_us": 2601.0, "cli_lag_n": 682, "cli_lag_p50_us": 131.0, "cli_lag_p99_us": 1433.0, "cli_main_cores": 0.125, "cli_n_workers": 6, "cli_park_per_s": 23171.23588916581, "cli_thr_r1": 0.265, "cli_thr_r2": 0.23, "cli_thr_r3": 0.22, "cli_threads": [["raptorpath", 0.125], ["rp-w-0", 0.22], ["rp-w-1", 0.265], ["rp-w-2", 0.23], ["rp-w-3", 0.217], ["rp-w-4", 0.205], ["rp-w-5", 0.199]], "cli_top_comm": "rp-w-1", "cli_unpark_per_s": 46342.325172262135, "cli_wall_s": 6.821, "cli_workers_cores": 1.336, "cod": 386, "coded_share": 0.0011492302241594393, "cotenant": 0, "cpu_cli": 10.06, "cpu_srv": 10.72, "diag_lines": 27, "dnf": false, "emb_echo_cli": true, "emb_gate_cli": 1, "emb_gate_srv": 1, "feed_ratio_p0": 0.9400705052878967, "feed_ratio_p1": 0.9957325746799431, "gates_cli": true, "gates_srv": true, "gen_guard": false, "header": ["window", "bulk"], "mbps": 469.159, "pa_cli": 0, "pa_srv": 0, "pipe_cli": ["window", "Rlc", "bulk"], "pipe_srv": ["window", "Rlc", "bulk"], "plc_p0": 0.0008, "plc_p1": 0.0007, "plu_last_p0": 0.0002, "plu_last_p1": 0.0009, "plu_med_p0": 0.0006, "plu_med_p1": 0.0008, "problems": [], "rc": 0, "rep": 1, "rtobs_gate_cli": null, "rtobs_gate_srv": null, "rtp_floor_p0": 2231, "rtp_floor_p1": 2272, "seconds": 6.820709, "seed": "42", "src": 335491, "srv_busy_r1": 0.392, "srv_busy_r2": 0.296, "srv_busy_r3": 0.282, "srv_busy_r4": 0.262, "srv_busy_r5": 0.215, "srv_busy_r6": 0.188, "srv_cores": 1.567, "srv_lag_max_us": 3482.0, "srv_lag_n": 681, "srv_lag_p50_us": 876.0, "srv_lag_p99_us": 2492.0, "srv_main_cores": 0.134, "srv_n_workers": 6, "srv_park_per_s": 19254.47607866158, "srv_thr_r1": 0.338, "srv_thr_r2": 0.255, "srv_thr_r3": 0.242, "srv_threads": [["raptorpath", 0.134], ["rp-w-0", 0.17], ["rp-w-1", 0.233], ["rp-w-2", 0.338], ["rp-w-3", 0.255], ["rp-w-4", 0.242], ["rp-w-5", 0.195]], "srv_top_comm": "rp-w-2", "srv_unpark_per_s": 38508.80540064573, "srv_wall_s": 6.814, "srv_workers_cores": 1.433, "status": "LIVE", "summary": true, "topo_cli": false, "topo_srv": false, "truth_egress_p0": 165656, "truth_egress_p1": 180732, "truth_gso_p0": 4.94, "truth_gso_p1": 5.16, "truth_loss_p0": 0.000851, "truth_loss_p1": 0.000703, "truth_lost_p0": 141, "truth_lost_p1": 127, "truth_rcvbuf_drops": 0, "util": 1.4749199826586943, "wake": {"ack": 3315, "defc": 0, "flush": 0, "gen": 0, "nack": 396, "pace": 0, "paused": 71, "tail": 4, "timer_acked": 3, "tun": 6371}, "wall_s": 9.0, "winline_cli": true, "winline_srv": true}
=== rep=1 seed=42 cell=c1d-400 arm=P2A attempt=1 pipeline=window hint=bulk spec=c1/c1/dual bytes=400000000 ackdiag=1 bin=/home/vibe/p2arun/bin/p2a/raptorpath sha=5e74772ceb4c66a4 21:21:59
COTENANT c1d-400-P2A s42 rep=1 before=0 after=0 load=6.47 3.70 3.16
--- RWM-C perf pipeline=window mode=dual hint=bulk A=c1 B=c1 ooo=0 extra='' T=default (400000000 x 1) start=23:22:01
{"bytes":400000000,"dnf":0,"hint":"bulk","max_s":7.7092,"mean_mbps":415.089,"mean_s":7.7092,"median_s":7.7092,"min_s":7.7092,"proto":"rp-native","runs":1,"stdev_s":0.0,"summary":true}
    CPU: CPUSRV=12.49s CPUCLI=10.79s (srv=decoder cli=sender; whole-invocation incl warmup)
    [THR] sum phase=xfer side=client run=1 workers=6 busy_s=13.347 threads=7 cpu_s=10.740 cores=1.393 wall_s=7.709
    [LAG] phase=xfer side=client run=1 tick_ms=10 n=771 p50_us=160 p99_us=1686 max_us=3665 dropped=0
    [THR] sum phase=xfer side=server obj=0 workers=6 busy_s=0.000 threads=7 cpu_s=0.000 cores=0.000 wall_s=0.000
    [LAG] phase=xfer side=server obj=0 tick_ms=10 n=0 p50_us=- p99_us=- max_us=- dropped=0
    [THR] sum phase=xfer side=server obj=1 workers=6 busy_s=15.096 threads=7 cpu_s=12.420 cores=1.612 wall_s=7.704
    [LAG] phase=xfer side=server obj=1 tick_ms=10 n=770 p50_us=943 p99_us=2692 max_us=4893 dropped=0
    [TRUTH] leg=0 dev=cli0 egress_dgrams=219399 egress_skbs=51980 gso=4.22 netem_sent_dgrams=219166 netem_dropped_skbs=55 backlog=0 lost=233 loss=0.001062 rcvbuf_drops=0 rcvbuf_scope=netns
    [TRUTH] leg=1 dev=cli1 egress_dgrams=134790 egress_skbs=35467 gso=3.80 netem_sent_dgrams=134728 netem_dropped_skbs=26 backlog=0 lost=62 loss=0.000460 rcvbuf_drops=0 rcvbuf_scope=netns
RUNTIME c1d-400-P2A s42 rep=1 attempt=1 10s rc=0
TP2ROW {"ackgap_n_p0": 32768, "ackgap_n_p1": 31598, "ackgap_p50_p0": 2, "ackgap_p50_p1": 2, "ackgap_p90_p0": 5, "ackgap_p90_p1": 19, "ackgap_p99_p0": 915, "ackgap_p99_p1": 1532, "acks_per_dgram": 0.9987241231172741, "arm": "P2A", "bin": "p2a", "bin_sha": "5e74772ceb4c66a4f61f7962951dd6b14bf580e4b27012d63c62883d40c45a37", "busy_last": 68.0, "busy_med": 71.0, "cad_cli": true, "cad_srv": true, "cadoff_cli": false, "cadoff_srv": false, "cell": "c1d-400", "cli_busy_r1": 0.308, "cli_busy_r2": 0.3, "cli_busy_r3": 0.288, "cli_busy_r4": 0.287, "cli_busy_r5": 0.282, "cli_busy_r6": 0.266, "cli_cores": 1.393, "cli_lag_max_us": 3665.0, "cli_lag_n": 771, "cli_lag_p50_us": 160.0, "cli_lag_p99_us": 1686.0, "cli_main_cores": 0.0, "cli_n_workers": 6, "cli_park_per_s": 24638.604228823453, "cli_thr_r1": 0.245, "cli_thr_r2": 0.24, "cli_thr_r3": 0.231, "cli_threads": [["raptorpath", 0.0], ["rp-w-0", 0.231], ["rp-w-1", 0.227], ["rp-w-2", 0.24], ["rp-w-3", 0.23], ["rp-w-4", 0.245], ["rp-w-5", 0.221]], "cli_top_comm": "rp-w-4", "cli_unpark_per_s": 49277.208457646906, "cli_wall_s": 7.709, "cli_workers_cores": 1.3940000000000001, "cod": 446, "coded_share": 0.001349605255592843, "cotenant": 0, "cpu_cli": 10.79, "cpu_srv": 12.49, "diag_lines": 30, "dnf": false, "emb_echo_cli": true, "emb_gate_cli": 1, "emb_gate_srv": 1, "feed_ratio_p0": 1.0357815442561207, "feed_ratio_p1": 1.0869565217391304, "gates_cli": true, "gates_srv": true, "gen_guard": false, "header": ["window", "bulk"], "mbps": 415.089, "pa_cli": 0, "pa_srv": 0, "pipe_cli": ["window", "Rlc", "bulk"], "pipe_srv": ["window", "Rlc", "bulk"], "plc_p0": 0.0011, "plc_p1": 0.0005, "plu_last_p0": 0.0003, "plu_last_p1": 0.0005, "plu_med_p0": 0.0005499999999999999, "plu_med_p1": 0.0006, "problems": [], "rc": 0, "rep": 1, "rtobs_gate_cli": "1", "rtobs_gate_srv": "1", "rtp_floor_p0": 2267, "rtp_floor_p1": 2273, "seconds": 7.709192, "seed": "42", "src": 330021, "srv_busy_r1": 0.473, "srv_busy_r2": 0.41, "srv_busy_r3": 0.333, "srv_busy_r4": 0.26, "srv_busy_r5": 0.247, "srv_busy_r6": 0.237, "srv_cores": 1.612, "srv_lag_max_us": 4893.0, "srv_lag_n": 770, "srv_lag_p50_us": 943.0, "srv_lag_p99_us": 2692.0, "srv_main_cores": 0.0, "srv_n_workers": 6, "srv_park_per_s": 26976.116303219107, "srv_thr_r1": 0.344, "srv_thr_r2": 0.318, "srv_thr_r3": 0.279, "srv_threads": [["raptorpath", 0.0], ["rp-w-0", 0.344], ["rp-w-1", 0.318], ["rp-w-2", 0.218], ["rp-w-3", 0.234], ["rp-w-4", 0.279], ["rp-w-5", 0.219]], "srv_top_comm": "rp-w-0", "srv_unpark_per_s": 53951.97300103842, "srv_wall_s": 7.704, "srv_workers_cores": 1.612, "status": "LIVE", "summary": true, "topo_cli": true, "topo_srv": true, "truth_egress_p0": 219399, "truth_egress_p1": 134790, "truth_gso_p0": 4.22, "truth_gso_p1": 3.8, "truth_loss_p0": 0.001062, "truth_loss_p1": 0.00046, "truth_lost_p0": 233, "truth_lost_p1": 62, "truth_rcvbuf_drops": 0, "util": 1.3996278728043094, "wake": {"ack": 23226, "defc": 0, "flush": 0, "gen": 0, "nack": 2376, "pace": 0, "paused": 85, "tail": 3, "timer_acked": 2, "tun": 13345}, "wall_s": 10.0, "winline_cli": true, "winline_srv": true}
=== rep=1 seed=42 cell=c2-100 arm=MAIN attempt=1 pipeline=window hint=bulk spec=c2/c2/single bytes=100000000 ackdiag=1 bin=/home/vibe/p2arun/bin/main/raptorpath sha=c1e994221f965040 21:22:09
COTENANT c2-100-MAIN s42 rep=1 before=0 after=0 load=6.01 3.69 3.17
--- RWM-C perf pipeline=window mode=single hint=bulk A=c2 B=c2 ooo=0 extra='' T=default (100000000 x 1) start=23:22:11
{"bytes":100000000,"dnf":0,"hint":"bulk","max_s":9.0839,"mean_mbps":88.068,"mean_s":9.0839,"median_s":9.0839,"min_s":9.0839,"proto":"rp-native","runs":1,"stdev_s":0.0,"summary":true}
    CPU: CPUSRV=4.65s CPUCLI=3.51s (srv=decoder cli=sender; whole-invocation incl warmup)
    [THR] sum phase=xfer side=client run=1 workers=6 busy_s=3.002 threads=7 cpu_s=3.450 cores=0.380 wall_s=9.084
    [LAG] phase=xfer side=client run=1 tick_ms=10 n=908 p50_us=1269 p99_us=2133 max_us=4084 dropped=0
    [THR] sum phase=xfer side=server obj=0 workers=6 busy_s=0.000 threads=7 cpu_s=0.000 cores=0.000 wall_s=0.000
    [LAG] phase=xfer side=server obj=0 tick_ms=10 n=0 p50_us=- p99_us=- max_us=- dropped=0
    [THR] sum phase=xfer side=server obj=1 workers=6 busy_s=4.664 threads=7 cpu_s=4.580 cores=0.505 wall_s=9.069
    [LAG] phase=xfer side=server obj=1 tick_ms=10 n=907 p50_us=1120 p99_us=1846 max_us=3039 dropped=0
[THR] sum phase=xfer side=server obj=1 workers=6 busy_s=4.664 threads=7 cpu_s=4.580 cores=0.505 wall_s=9.069
[LAG] phase=xfer side=server obj=1 tick_ms=10 n=907 p50_us=1120 p99_us=1846 max_us=3039 dropped=0
    [TRUTH] leg=0 dev=cli0 egress_dgrams=94594 egress_skbs=20066 gso=4.71 netem_sent_dgrams=91972 netem_dropped_skbs=521 backlog=0 lost=2622 loss=0.027718 rcvbuf_drops=0 rcvbuf_scope=netns
RUNTIME c2-100-MAIN s42 rep=1 attempt=1 11s rc=0
TP2ROW {"ackgap_n_p0": 19152, "ackgap_p50_p0": 2, "ackgap_p90_p0": 118, "ackgap_p99_p0": 1978, "acks_per_dgram": 0.9998923071400366, "arm": "MAIN", "bin": "main", "bin_sha": "c1e994221f96504024c7b8964e35a0026dd2429c8f0d951c1c37f442f006c66c", "busy_last": 11.0, "busy_med": 13.0, "cad_cli": true, "cad_srv": true, "cadoff_cli": false, "cadoff_srv": false, "cell": "c2-100", "cli_busy_r1": 0.078, "cli_busy_r2": 0.074, "cli_busy_r3": 0.068, "cli_busy_r4": 0.065, "cli_busy_r5": 0.046, "cli_busy_r6": 0.0, "cli_cores": 0.38, "cli_lag_max_us": 4084.0, "cli_lag_n": 908, "cli_lag_p50_us": 1269.0, "cli_lag_p99_us": 2133.0, "cli_main_cores": 0.022, "cli_n_workers": 6, "cli_park_per_s": 6556.362835755174, "cli_thr_r1": 0.085, "cli_thr_r2": 0.08, "cli_thr_r3": 0.074, "cli_threads": [["raptorpath", 0.022], ["rp-w-0", 0.05], ["rp-w-1", 0.074], ["rp-w-2", 0.069], ["rp-w-3", 0.0], ["rp-w-4", 0.085], ["rp-w-5", 0.08]], "cli_top_comm": "rp-w-4", "cli_unpark_per_s": 13112.835755173932, "cli_wall_s": 9.084, "cli_workers_cores": 0.358, "cod": 410, "coded_share": 0.004864852037305109, "cotenant": 0, "cpu_cli": 3.51, "cpu_srv": 4.65, "diag_lines": 36, "dnf": false, "emb_echo_cli": true, "emb_gate_cli": 1, "emb_gate_srv": 1, "feed_ratio_p0": 1.0029583664045025, "gates_cli": true, "gates_srv": true, "gen_guard": false, "header": ["window", "bulk"], "mbps": 88.068, "pa_cli": 0, "pa_srv": 0, "pipe_cli": ["window", "Rlc", "bulk"], "pipe_srv": ["window", "Rlc", "bulk"], "plc_p0": 0.0278, "plu_last_p0": 0.0041, "plu_med_p0": 0.01965, "problems": [], "rc": 0, "rep": 1, "rtobs_gate_cli": null, "rtobs_gate_srv": null, "rtp_floor_p0": 9111, "seconds": 9.083927, "seed": "42", "src": 83868, "srv_busy_r1": 0.128, "srv_busy_r2": 0.124, "srv_busy_r3": 0.112, "srv_busy_r4": 0.087, "srv_busy_r5": 0.063, "srv_busy_r6": 0.0, "srv_cores": 0.505, "srv_lag_max_us": 3039.0, "srv_lag_n": 907, "srv_lag_p50_us": 1120.0, "srv_lag_p99_us": 1846.0, "srv_main_cores": 0.015, "srv_n_workers": 6, "srv_park_per_s": 12374.682985996249, "srv_thr_r1": 0.124, "srv_thr_r2": 0.117, "srv_thr_r3": 0.106, "srv_threads": [["raptorpath", 0.015], ["rp-w-0", 0.083], ["rp-w-1", 0.061], ["rp-w-2", 0.106], ["rp-w-3", 0.117], ["rp-w-4", 0.0], ["rp-w-5", 0.124]], "srv_top_comm": "rp-w-5", "srv_unpark_per_s": 24749.365971992498, "srv_wall_s": 9.069, "srv_workers_cores": 0.491, "status": "LIVE", "summary": true, "topo_cli": false, "topo_srv": false, "truth_egress_p0": 94594, "truth_gso_p0": 4.71, "truth_loss_p0": 0.027718, "truth_lost_p0": 2622, "truth_rcvbuf_drops": 0, "util": 0.3863967643068906, "wake": {"ack": 19298, "defc": 0, "flush": 0, "gen": 0, "nack": 885, "pace": 0, "paused": 1489, "tail": 27, "timer_acked": 22, "tun": 5063}, "wall_s": 11.0, "winline_cli": true, "winline_srv": true}
=== rep=1 seed=42 cell=c2-100 arm=P2A attempt=1 pipeline=window hint=bulk spec=c2/c2/single bytes=100000000 ackdiag=1 bin=/home/vibe/p2arun/bin/p2a/raptorpath sha=5e74772ceb4c66a4 21:22:21
COTENANT c2-100-P2A s42 rep=1 before=0 after=0 load=5.32 3.62 3.15
--- RWM-C perf pipeline=window mode=single hint=bulk A=c2 B=c2 ooo=0 extra='' T=default (100000000 x 1) start=23:22:22
{"bytes":100000000,"dnf":0,"hint":"bulk","max_s":8.9295,"mean_mbps":89.591,"mean_s":8.9295,"median_s":8.9295,"min_s":8.9295,"proto":"rp-native","runs":1,"stdev_s":0.0,"summary":true}
    CPU: CPUSRV=4.95s CPUCLI=4.05s (srv=decoder cli=sender; whole-invocation incl warmup)
    [THR] sum phase=xfer side=client run=1 workers=6 busy_s=4.175 threads=7 cpu_s=3.990 cores=0.447 wall_s=8.930
    [LAG] phase=xfer side=client run=1 tick_ms=10 n=893 p50_us=287 p99_us=1178 max_us=2938 dropped=0
    [THR] sum phase=xfer side=server obj=0 workers=6 busy_s=0.000 threads=7 cpu_s=0.000 cores=0.000 wall_s=0.000
    [LAG] phase=xfer side=server obj=0 tick_ms=10 n=0 p50_us=- p99_us=- max_us=- dropped=0
    [THR] sum phase=xfer side=server obj=1 workers=6 busy_s=5.005 threads=7 cpu_s=4.900 cores=0.550 wall_s=8.916
    [LAG] phase=xfer side=server obj=1 tick_ms=10 n=892 p50_us=180 p99_us=900 max_us=2680 dropped=0
[THR] sum phase=xfer side=server obj=1 workers=6 busy_s=5.005 threads=7 cpu_s=4.900 cores=0.550 wall_s=8.916
[LAG] phase=xfer side=server obj=1 tick_ms=10 n=892 p50_us=180 p99_us=900 max_us=2680 dropped=0
    [TRUTH] leg=0 dev=cli0 egress_dgrams=95515 egress_skbs=25816 gso=3.70 netem_sent_dgrams=93189 netem_dropped_skbs=629 backlog=0 lost=2326 loss=0.024352 rcvbuf_drops=0 rcvbuf_scope=netns
RUNTIME c2-100-P2A s42 rep=1 attempt=1 11s rc=0
TP2ROW {"ackgap_n_p0": 19170, "ackgap_p50_p0": 2, "ackgap_p90_p0": 283, "ackgap_p99_p0": 1819, "acks_per_dgram": 0.9998689452715454, "arm": "P2A", "bin": "p2a", "bin_sha": "5e74772ceb4c66a4f61f7962951dd6b14bf580e4b27012d63c62883d40c45a37", "busy_last": 21.0, "busy_med": 21.0, "cad_cli": true, "cad_srv": true, "cadoff_cli": false, "cadoff_srv": false, "cell": "c2-100", "cli_busy_r1": 0.1, "cli_busy_r2": 0.098, "cli_busy_r3": 0.093, "cli_busy_r4": 0.079, "cli_busy_r5": 0.058, "cli_busy_r6": 0.039, "cli_cores": 0.447, "cli_lag_max_us": 2938.0, "cli_lag_n": 893, "cli_lag_p50_us": 287.0, "cli_lag_p99_us": 1178.0, "cli_main_cores": 0.0, "cli_n_workers": 6, "cli_park_per_s": 8834.37849944009, "cli_thr_r1": 0.095, "cli_thr_r2": 0.095, "cli_thr_r3": 0.09, "cli_threads": [["raptorpath", 0.0], ["rp-w-0", 0.095], ["rp-w-1", 0.054], ["rp-w-2", 0.076], ["rp-w-3", 0.09], ["rp-w-4", 0.095], ["rp-w-5", 0.037]], "cli_top_comm": "rp-w-0", "cli_unpark_per_s": 17668.868980963045, "cli_wall_s": 8.93, "cli_workers_cores": 0.447, "cod": 397, "coded_share": 0.004703345654440337, "cotenant": 0, "cpu_cli": 4.05, "cpu_srv": 4.95, "diag_lines": 35, "dnf": false, "emb_echo_cli": true, "emb_gate_cli": 1, "emb_gate_srv": 1, "feed_ratio_p0": 1.0142904073587387, "gates_cli": true, "gates_srv": true, "gen_guard": false, "header": ["window", "bulk"], "mbps": 89.591, "pa_cli": 0, "pa_srv": 0, "pipe_cli": ["window", "Rlc", "bulk"], "pipe_srv": ["window", "Rlc", "bulk"], "plc_p0": 0.0247, "plu_last_p0": 0.0232, "plu_med_p0": 0.0197, "problems": [], "rc": 0, "rep": 1, "rtobs_gate_cli": "1", "rtobs_gate_srv": "1", "rtp_floor_p0": 10881, "seconds": 8.929497, "seed": "42", "src": 84011, "srv_busy_r1": 0.128, "srv_busy_r2": 0.117, "srv_busy_r3": 0.108, "srv_busy_r4": 0.108, "srv_busy_r5": 0.1, "srv_busy_r6": 0.0, "srv_cores": 0.55, "srv_lag_max_us": 2680.0, "srv_lag_n": 892, "srv_lag_p50_us": 180.0, "srv_lag_p99_us": 900.0, "srv_main_cores": 0.0, "srv_n_workers": 6, "srv_park_per_s": 13505.159264244056, "srv_thr_r1": 0.124, "srv_thr_r2": 0.114, "srv_thr_r3": 0.107, "srv_threads": [["raptorpath", 0.0], ["rp-w-0", 0.099], ["rp-w-1", 0.105], ["rp-w-2", 0.114], ["rp-w-3", 0.107], ["rp-w-4", 0.0], ["rp-w-5", 0.124]], "srv_top_comm": "rp-w-5", "srv_unpark_per_s": 27010.43068640646, "srv_wall_s": 8.916, "srv_workers_cores": 0.549, "status": "LIVE", "summary": true, "topo_cli": true, "topo_srv": true, "truth_egress_p0": 95515, "truth_gso_p0": 3.7, "truth_loss_p0": 0.024352, "truth_lost_p0": 2326, "truth_rcvbuf_drops": 0, "util": 0.45355298288358237, "wake": {"ack": 22444, "defc": 0, "flush": 0, "gen": 0, "nack": 1018, "pace": 0, "paused": 1139, "tail": 63, "timer_acked": 7, "tun": 4589}, "wall_s": 11.0, "winline_cli": true, "winline_srv": true}
=== rep=1 seed=42 cell=c8-100 arm=MAIN attempt=1 pipeline=window hint=bulk spec=c2/c3/dual bytes=100000000 ackdiag=1 bin=/home/vibe/p2arun/bin/main/raptorpath sha=c1e994221f965040 21:22:32
COTENANT c8-100-MAIN s42 rep=1 before=0 after=0 load=4.95 3.62 3.16
--- RWM-C perf pipeline=window mode=dual hint=bulk A=c2 B=c3 ooo=0 extra='' T=default (100000000 x 1) start=23:22:34
{"bytes":100000000,"dnf":0,"hint":"bulk","max_s":8.7828,"mean_mbps":91.087,"mean_s":8.7828,"median_s":8.7828,"min_s":8.7828,"proto":"rp-native","runs":1,"stdev_s":0.0,"summary":true}
    CPU: CPUSRV=5.72s CPUCLI=5.31s (srv=decoder cli=sender; whole-invocation incl warmup)
    [THR] sum phase=xfer side=client run=1 workers=6 busy_s=5.018 threads=7 cpu_s=5.220 cores=0.594 wall_s=8.783
    [LAG] phase=xfer side=client run=1 tick_ms=10 n=877 p50_us=1017 p99_us=2126 max_us=11483 dropped=0
    [THR] sum phase=xfer side=server obj=0 workers=6 busy_s=0.000 threads=7 cpu_s=0.000 cores=0.000 wall_s=0.000
    [LAG] phase=xfer side=server obj=0 tick_ms=10 n=0 p50_us=- p99_us=- max_us=- dropped=0
    [THR] sum phase=xfer side=server obj=1 workers=6 busy_s=5.801 threads=7 cpu_s=5.650 cores=0.644 wall_s=8.768
    [LAG] phase=xfer side=server obj=1 tick_ms=10 n=876 p50_us=728 p99_us=1856 max_us=7560 dropped=0
    [TRUTH] leg=0 dev=cli0 egress_dgrams=76759 egress_skbs=15691 gso=4.89 netem_sent_dgrams=74818 netem_dropped_skbs=408 backlog=0 lost=1941 loss=0.025287 rcvbuf_drops=0 rcvbuf_scope=netns
    [TRUTH] leg=1 dev=cli1 egress_dgrams=18884 egress_skbs=10428 gso=1.81 netem_sent_dgrams=18075 netem_dropped_skbs=447 backlog=0 lost=809 loss=0.042840 rcvbuf_drops=0 rcvbuf_scope=netns
RUNTIME c8-100-MAIN s42 rep=1 attempt=1 11s rc=0
TP2ROW {"ackgap_n_p0": 14286, "ackgap_n_p1": 3319, "ackgap_p50_p0": 2, "ackgap_p50_p1": 46, "ackgap_p90_p0": 170, "ackgap_p90_p1": 2048, "ackgap_p99_p0": 1921, "ackgap_p99_p1": 5029, "acks_per_dgram": 0.9999414094541704, "arm": "MAIN", "bin": "main", "bin_sha": "c1e994221f96504024c7b8964e35a0026dd2429c8f0d951c1c37f442f006c66c", "busy_last": 2.0, "busy_med": 30.0, "cad_cli": true, "cad_srv": true, "cadoff_cli": false, "cadoff_srv": false, "cell": "c8-100", "cli_busy_r1": 0.121, "cli_busy_r2": 0.116, "cli_busy_r3": 0.112, "cli_busy_r4": 0.111, "cli_busy_r5": 0.103, "cli_busy_r6": 0.008, "cli_cores": 0.594, "cli_lag_max_us": 11483.0, "cli_lag_n": 877, "cli_lag_p50_us": 1017.0, "cli_lag_p99_us": 2126.0, "cli_main_cores": 0.023, "cli_n_workers": 6, "cli_park_per_s": 9831.151087327793, "cli_thr_r1": 0.122, "cli_thr_r2": 0.115, "cli_thr_r3": 0.113, "cli_threads": [["raptorpath", 0.023], ["rp-w-0", 0.113], ["rp-w-1", 0.115], ["rp-w-2", 0.102], ["rp-w-3", 0.113], ["rp-w-4", 0.122], ["rp-w-5", 0.007]], "cli_top_comm": "rp-w-4", "cli_unpark_per_s": 19662.416030968918, "cli_wall_s": 8.783, "cli_workers_cores": 0.572, "cod": 542, "coded_share": 0.00636553684259977, "cotenant": 0, "cpu_cli": 5.31, "cpu_srv": 5.72, "diag_lines": 34, "dnf": false, "emb_echo_cli": true, "emb_gate_cli": 1, "emb_gate_srv": 1, "feed_ratio_p0": 1.0005140981532012, "feed_ratio_p1": 0.9827264239028944, "gates_cli": true, "gates_srv": true, "gen_guard": false, "header": ["window", "bulk"], "mbps": 91.087, "pa_cli": 0, "pa_srv": 0, "pipe_cli": ["window", "Rlc", "bulk"], "pipe_srv": ["window", "Rlc", "bulk"], "plc_p0": 0.0253, "plc_p1": 0.0421, "plu_last_p0": 0.13, "plu_last_p1": 0.2159, "plu_med_p0": 0.01525, "plu_med_p1": 0.05135, "problems": [], "rc": 0, "rep": 1, "rtobs_gate_cli": null, "rtobs_gate_srv": null, "rtp_floor_p0": 8490, "rtp_floor_p1": 38662, "seconds": 8.782787, "seed": "42", "src": 84604, "srv_busy_r1": 0.132, "srv_busy_r2": 0.131, "srv_busy_r3": 0.115, "srv_busy_r4": 0.111, "srv_busy_r5": 0.099, "srv_busy_r6": 0.073, "srv_cores": 0.644, "srv_lag_max_us": 7560.0, "srv_lag_n": 876, "srv_lag_p50_us": 728.0, "srv_lag_p99_us": 1856.0, "srv_main_cores": 0.011, "srv_n_workers": 6, "srv_park_per_s": 15200.159671532845, "srv_thr_r1": 0.127, "srv_thr_r2": 0.125, "srv_thr_r3": 0.113, "srv_threads": [["raptorpath", 0.011], ["rp-w-0", 0.125], ["rp-w-1", 0.068], ["rp-w-2", 0.127], ["rp-w-3", 0.113], ["rp-w-4", 0.094], ["rp-w-5", 0.106]], "srv_top_comm": "rp-w-2", "srv_unpark_per_s": 30400.43339416058, "srv_wall_s": 8.768, "srv_workers_cores": 0.633, "status": "LIVE", "summary": true, "topo_cli": false, "topo_srv": false, "truth_egress_p0": 76759, "truth_egress_p1": 18884, "truth_gso_p0": 4.89, "truth_gso_p1": 1.81, "truth_loss_p0": 0.025287, "truth_loss_p1": 0.04284, "truth_lost_p0": 1941, "truth_lost_p1": 809, "truth_rcvbuf_drops": 0, "util": 0.6045916859876027, "wake": {"ack": 22393, "defc": 0, "flush": 0, "gen": 0, "nack": 1107, "pace": 0, "paused": 417, "tail": 77, "timer_acked": 9, "tun": 2535}, "wall_s": 11.0, "winline_cli": true, "winline_srv": true}
=== rep=1 seed=42 cell=c8-100 arm=P2A attempt=1 pipeline=window hint=bulk spec=c2/c3/dual bytes=100000000 ackdiag=1 bin=/home/vibe/p2arun/bin/p2a/raptorpath sha=5e74772ceb4c66a4 21:22:43
COTENANT c8-100-P2A s42 rep=1 before=0 after=0 load=5.50 3.78 3.22
--- RWM-C perf pipeline=window mode=dual hint=bulk A=c2 B=c3 ooo=0 extra='' T=default (100000000 x 1) start=23:22:45
{"bytes":100000000,"dnf":0,"hint":"bulk","max_s":7.7579,"mean_mbps":103.12,"mean_s":7.7579,"median_s":7.7579,"min_s":7.7579,"proto":"rp-native","runs":1,"stdev_s":0.0,"summary":true}
    CPU: CPUSRV=6.10s CPUCLI=5.97s (srv=decoder cli=sender; whole-invocation incl warmup)
    [THR] sum phase=xfer side=client run=1 workers=6 busy_s=6.213 threads=7 cpu_s=5.900 cores=0.760 wall_s=7.758
    [LAG] phase=xfer side=client run=1 tick_ms=10 n=775 p50_us=253 p99_us=1166 max_us=2724 dropped=0
    [THR] sum phase=xfer side=server obj=0 workers=6 busy_s=0.000 threads=7 cpu_s=0.000 cores=0.000 wall_s=0.000
    [LAG] phase=xfer side=server obj=0 tick_ms=10 n=0 p50_us=- p99_us=- max_us=- dropped=0
    [THR] sum phase=xfer side=server obj=1 workers=6 busy_s=6.217 threads=7 cpu_s=6.030 cores=0.780 wall_s=7.729
    [LAG] phase=xfer side=server obj=1 tick_ms=10 n=773 p50_us=145 p99_us=1016 max_us=2684 dropped=0
[THR] sum phase=xfer side=server obj=1 workers=6 busy_s=6.217 threads=7 cpu_s=6.030 cores=0.780 wall_s=7.729
[LAG] phase=xfer side=server obj=1 tick_ms=10 n=773 p50_us=145 p99_us=1016 max_us=2684 dropped=0
    [TRUTH] leg=0 dev=cli0 egress_dgrams=77897 egress_skbs=23658 gso=3.29 netem_sent_dgrams=75975 netem_dropped_skbs=585 backlog=0 lost=1922 loss=0.024674 rcvbuf_drops=0 rcvbuf_scope=netns
    [TRUTH] leg=1 dev=cli1 egress_dgrams=18796 egress_skbs=11718 gso=1.60 netem_sent_dgrams=17937 netem_dropped_skbs=511 backlog=0 lost=859 loss=0.045701 rcvbuf_drops=0 rcvbuf_scope=netns
RUNTIME c8-100-P2A s42 rep=1 attempt=1 10s rc=0
TP2ROW {"ackgap_n_p0": 19174, "ackgap_n_p1": 3794, "ackgap_p50_p0": 1, "ackgap_p50_p1": 7, "ackgap_p90_p0": 91, "ackgap_p90_p1": 1996, "ackgap_p99_p0": 1918, "ackgap_p99_p1": 4951, "acks_per_dgram": 0.9997356462191115, "arm": "P2A", "bin": "p2a", "bin_sha": "5e74772ceb4c66a4f61f7962951dd6b14bf580e4b27012d63c62883d40c45a37", "busy_last": 23.0, "busy_med": 47.0, "cad_cli": true, "cad_srv": true, "cadoff_cli": false, "cadoff_srv": false, "cell": "c8-100", "cli_busy_r1": 0.15, "cli_busy_r2": 0.146, "cli_busy_r3": 0.134, "cli_busy_r4": 0.128, "cli_busy_r5": 0.121, "cli_busy_r6": 0.121, "cli_cores": 0.76, "cli_lag_max_us": 2724.0, "cli_lag_n": 775, "cli_lag_p50_us": 253.0, "cli_lag_p99_us": 1166.0, "cli_main_cores": 0.0, "cli_n_workers": 6, "cli_park_per_s": 11907.837071410157, "cli_thr_r1": 0.142, "cli_thr_r2": 0.14, "cli_thr_r3": 0.128, "cli_threads": [["raptorpath", 0.0], ["rp-w-0", 0.115], ["rp-w-1", 0.14], ["rp-w-2", 0.121], ["rp-w-3", 0.142], ["rp-w-4", 0.115], ["rp-w-5", 0.128]], "cli_top_comm": "rp-w-3", "cli_unpark_per_s": 23815.674142820313, "cli_wall_s": 7.758, "cli_workers_cores": 0.761, "cod": 508, "coded_share": 0.005968606071999248, "cotenant": 0, "cpu_cli": 5.97, "cpu_srv": 6.1, "diag_lines": 30, "dnf": false, "emb_echo_cli": true, "emb_gate_cli": 1, "emb_gate_srv": 1, "feed_ratio_p0": 0.9888951933209046, "feed_ratio_p1": 1.0152950701297565, "gates_cli": true, "gates_srv": true, "gen_guard": false, "header": ["window", "bulk"], "mbps": 103.12, "pa_cli": 0, "pa_srv": 0, "pipe_cli": ["window", "Rlc", "bulk"], "pipe_srv": ["window", "Rlc", "bulk"], "plc_p0": 0.0244, "plc_p1": 0.0464, "plu_last_p0": 0.0104, "plu_last_p1": 0.0633, "plu_med_p0": 0.02465, "plu_med_p1": 0.05005, "problems": [], "rc": 0, "rep": 1, "rtobs_gate_cli": "1", "rtobs_gate_srv": "1", "rtp_floor_p0": 11076, "rtp_floor_p1": 42249, "seconds": 7.757923, "seed": "42", "src": 84604, "srv_busy_r1": 0.151, "srv_busy_r2": 0.142, "srv_busy_r3": 0.142, "srv_busy_r4": 0.134, "srv_busy_r5": 0.126, "srv_busy_r6": 0.108, "srv_cores": 0.78, "srv_lag_max_us": 2684.0, "srv_lag_n": 773, "srv_lag_p50_us": 145.0, "srv_lag_p99_us": 1016.0, "srv_main_cores": 0.0, "srv_n_workers": 6, "srv_park_per_s": 18812.26549359555, "srv_thr_r1": 0.147, "srv_thr_r2": 0.14, "srv_thr_r3": 0.137, "srv_threads": [["raptorpath", 0.0], ["rp-w-0", 0.105], ["rp-w-1", 0.147], ["rp-w-2", 0.14], ["rp-w-3", 0.137], ["rp-w-4", 0.131], ["rp-w-5", 0.12]], "srv_top_comm": "rp-w-1", "srv_unpark_per_s": 37624.66037003493, "srv_wall_s": 7.729, "srv_workers_cores": 0.78, "status": "LIVE", "summary": true, "topo_cli": true, "topo_srv": true, "truth_egress_p0": 77897, "truth_egress_p1": 18796, "truth_gso_p0": 3.29, "truth_gso_p1": 1.6, "truth_loss_p0": 0.024674, "truth_loss_p1": 0.045701, "truth_lost_p0": 1922, "truth_lost_p1": 859, "truth_rcvbuf_drops": 0, "util": 0.7695358667519644, "wake": {"ack": 23562, "defc": 0, "flush": 0, "gen": 0, "nack": 1062, "pace": 0, "paused": 312, "tail": 65, "timer_acked": 2, "tun": 2571}, "wall_s": 10.0, "winline_cli": true, "winline_srv": true}
BLOCK-COMPLETE rep=1 seed=42 block=0 2026-10-05T21:22:53Z
=== rep=1 seed=7 cell=c1s-400 arm=P2A attempt=1 pipeline=window hint=bulk spec=c1/c1/single bytes=400000000 ackdiag=1 bin=/home/vibe/p2arun/bin/p2a/raptorpath sha=5e74772ceb4c66a4 21:22:53
COTENANT c1s-400-P2A s7 rep=1 before=0 after=0 load=5.86 3.92 3.27
--- RWM-C perf pipeline=window mode=single hint=bulk A=c1 B=c1 ooo=0 extra='' T=default (400000000 x 1) start=23:22:55
{"bytes":400000000,"dnf":0,"hint":"bulk","max_s":8.5481,"mean_mbps":374.351,"mean_s":8.5481,"median_s":8.5481,"min_s":8.5481,"proto":"rp-native","runs":1,"stdev_s":0.0,"summary":true}
    CPU: CPUSRV=11.79s CPUCLI=10.29s (srv=decoder cli=sender; whole-invocation incl warmup)
    [THR] sum phase=xfer side=client run=1 workers=6 busy_s=12.136 threads=7 cpu_s=10.230 cores=1.197 wall_s=8.548
    [LAG] phase=xfer side=client run=1 tick_ms=10 n=854 p50_us=604 p99_us=1656 max_us=4032 dropped=0
    [THR] sum phase=xfer side=server obj=0 workers=6 busy_s=0.000 threads=7 cpu_s=0.000 cores=0.000 wall_s=0.000
    [LAG] phase=xfer side=server obj=0 tick_ms=10 n=0 p50_us=- p99_us=- max_us=- dropped=0
    [THR] sum phase=xfer side=server obj=1 workers=6 busy_s=15.043 threads=7 cpu_s=11.720 cores=1.372 wall_s=8.544
    [LAG] phase=xfer side=server obj=1 tick_ms=10 n=854 p50_us=1001 p99_us=2122 max_us=3175 dropped=0
    [TRUTH] leg=0 dev=cli0 egress_dgrams=353470 egress_skbs=73216 gso=4.83 netem_sent_dgrams=353076 netem_dropped_skbs=72 backlog=0 lost=394 loss=0.001115 rcvbuf_drops=0 rcvbuf_scope=netns
RUNTIME c1s-400-P2A s7 rep=1 attempt=1 11s rc=0
TP2ROW {"ackgap_n_p0": 32768, "ackgap_p50_p0": 1, "ackgap_p90_p0": 5, "ackgap_p99_p0": 492, "acks_per_dgram": 0.9977144603357005, "arm": "P2A", "bin": "p2a", "bin_sha": "5e74772ceb4c66a4f61f7962951dd6b14bf580e4b27012d63c62883d40c45a37", "busy_last": 65.0, "busy_med": 59.0, "cad_cli": true, "cad_srv": true, "cadoff_cli": false, "cadoff_srv": false, "cell": "c1s-400", "cli_busy_r1": 0.288, "cli_busy_r2": 0.263, "cli_busy_r3": 0.246, "cli_busy_r4": 0.219, "cli_busy_r5": 0.215, "cli_busy_r6": 0.189, "cli_cores": 1.197, "cli_lag_max_us": 4032.0, "cli_lag_n": 854, "cli_lag_p50_us": 604.0, "cli_lag_p99_us": 1656.0, "cli_main_cores": 0.0, "cli_n_workers": 6, "cli_park_per_s": 26113.125877398223, "cli_thr_r1": 0.246, "cli_thr_r2": 0.221, "cli_thr_r3": 0.206, "cli_threads": [["raptorpath", 0.0], ["rp-w-0", 0.221], ["rp-w-1", 0.246], ["rp-w-2", 0.174], ["rp-w-3", 0.188], ["rp-w-4", 0.206], ["rp-w-5", 0.161]], "cli_top_comm": "rp-w-1", "cli_unpark_per_s": 52226.251754796445, "cli_wall_s": 8.548, "cli_workers_cores": 1.196, "cod": 64, "coded_share": 0.0001899149240488675, "cotenant": 0, "cpu_cli": 10.29, "cpu_srv": 11.79, "diag_lines": 34, "dnf": false, "emb_echo_cli": true, "emb_gate_cli": 1, "emb_gate_srv": 1, "feed_ratio_p0": 0.9865470852017937, "gates_cli": true, "gates_srv": true, "gen_guard": false, "header": ["window", "bulk"], "mbps": 374.351, "pa_cli": 0, "pa_srv": 0, "pipe_cli": ["window", "Rlc", "bulk"], "pipe_srv": ["window", "Rlc", "bulk"], "plc_p0": 0.0011, "plu_last_p0": 0.0002, "plu_med_p0": 0.0005, "problems": [], "rc": 0, "rep": 1, "rtobs_gate_cli": "1", "rtobs_gate_srv": "1", "rtp_floor_p0": 2230, "seconds": 8.548134, "seed": "7", "src": 336929, "srv_busy_r1": 0.499, "srv_busy_r2": 0.267, "srv_busy_r3": 0.266, "srv_busy_r4": 0.261, "srv_busy_r5": 0.247, "srv_busy_r6": 0.221, "srv_cores": 1.372, "srv_lag_max_us": 3175.0, "srv_lag_n": 854, "srv_lag_p50_us": 1001.0, "srv_lag_p99_us": 2122.0, "srv_main_cores": 0.0, "srv_n_workers": 6, "srv_park_per_s": 28563.20224719101, "srv_thr_r1": 0.339, "srv_thr_r2": 0.232, "srv_thr_r3": 0.222, "srv_threads": [["raptorpath", 0.0], ["rp-w-0", 0.232], ["rp-w-1", 0.2], ["rp-w-2", 0.172], ["rp-w-3", 0.339], ["rp-w-4", 0.222], ["rp-w-5", 0.206]], "srv_top_comm": "rp-w-3", "srv_unpark_per_s": 57126.17041198502, "srv_wall_s": 8.544, "srv_workers_cores": 1.371, "status": "LIVE", "summary": true, "topo_cli": true, "topo_srv": true, "truth_egress_p0": 353470, "truth_gso_p0": 4.83, "truth_loss_p0": 0.001115, "truth_lost_p0": 394, "truth_rcvbuf_drops": 0, "util": 1.2037714897777692, "wake": {"ack": 51459, "defc": 0, "flush": 0, "gen": 0, "nack": 48, "pace": 0, "paused": 180, "tail": 4, "timer_acked": 1, "tun": 27360}, "wall_s": 11.0, "winline_cli": true, "winline_srv": true}
=== rep=1 seed=7 cell=c1s-400 arm=MAIN attempt=1 pipeline=window hint=bulk spec=c1/c1/single bytes=400000000 ackdiag=1 bin=/home/vibe/p2arun/bin/main/raptorpath sha=c1e994221f965040 21:23:04
COTENANT c1s-400-MAIN s7 rep=1 before=0 after=0 load=5.55 3.89 3.26
--- RWM-C perf pipeline=window mode=single hint=bulk A=c1 B=c1 ooo=0 extra='' T=default (400000000 x 1) start=23:23:05
{"bytes":400000000,"dnf":0,"hint":"bulk","max_s":5.7745,"mean_mbps":554.16,"mean_s":5.7745,"median_s":5.7745,"min_s":5.7745,"proto":"rp-native","runs":1,"stdev_s":0.0,"summary":true}
    CPU: CPUSRV=7.75s CPUCLI=5.46s (srv=decoder cli=sender; whole-invocation incl warmup)
    [THR] sum phase=xfer side=client run=1 workers=6 busy_s=5.220 threads=7 cpu_s=5.400 cores=0.935 wall_s=5.775
    [LAG] phase=xfer side=client run=1 tick_ms=10 n=578 p50_us=290 p99_us=1425 max_us=2256 dropped=0
    [THR] sum phase=xfer side=server obj=0 workers=6 busy_s=0.000 threads=7 cpu_s=0.000 cores=0.000 wall_s=0.000
    [LAG] phase=xfer side=server obj=0 tick_ms=10 n=0 p50_us=- p99_us=- max_us=- dropped=0
    [THR] sum phase=xfer side=server obj=1 workers=6 busy_s=7.110 threads=7 cpu_s=7.680 cores=1.331 wall_s=5.769
    [LAG] phase=xfer side=server obj=1 tick_ms=10 n=577 p50_us=130 p99_us=1133 max_us=4509 dropped=0
[LAG] phase=xfer side=server obj=1 tick_ms=10 n=577 p50_us=130 p99_us=1133 max_us=4509 dropped=0
    [TRUTH] leg=0 dev=cli0 egress_dgrams=340772 egress_skbs=37496 gso=9.09 netem_sent_dgrams=340393 netem_dropped_skbs=40 backlog=0 lost=379 loss=0.001112 rcvbuf_drops=0 rcvbuf_scope=netns
RUNTIME c1s-400-MAIN s7 rep=1 attempt=1 8s rc=0
TP2ROW {"ackgap_n_p0": 32768, "ackgap_p50_p0": 2, "ackgap_p90_p0": 2, "ackgap_p99_p0": 268, "acks_per_dgram": 0.9974008129228332, "arm": "MAIN", "bin": "main", "bin_sha": "c1e994221f96504024c7b8964e35a0026dd2429c8f0d951c1c37f442f006c66c", "busy_last": 39.0, "busy_med": 36.0, "cad_cli": true, "cad_srv": true, "cadoff_cli": false, "cadoff_srv": false, "cell": "c1s-400", "cli_busy_r1": 0.2, "cli_busy_r2": 0.194, "cli_busy_r3": 0.179, "cli_busy_r4": 0.17, "cli_busy_r5": 0.161, "cli_busy_r6": 0.0, "cli_cores": 0.935, "cli_lag_max_us": 2256.0, "cli_lag_n": 578, "cli_lag_p50_us": 290.0, "cli_lag_p99_us": 1425.0, "cli_main_cores": 0.114, "cli_n_workers": 6, "cli_park_per_s": 9152.03463203463, "cli_thr_r1": 0.182, "cli_thr_r2": 0.177, "cli_thr_r3": 0.165, "cli_threads": [["raptorpath", 0.114], ["rp-w-0", 0.177], ["rp-w-1", 0.165], ["rp-w-2", 0.147], ["rp-w-3", 0.151], ["rp-w-4", 0.182], ["rp-w-5", 0.0]], "cli_top_comm": "rp-w-4", "cli_unpark_per_s": 18304.06926406926, "cli_wall_s": 5.775, "cli_workers_cores": 0.822, "cod": 58, "coded_share": 0.00017168804873572474, "cotenant": 0, "cpu_cli": 5.46, "cpu_srv": 7.75, "diag_lines": 23, "dnf": false, "emb_echo_cli": true, "emb_gate_cli": 1, "emb_gate_srv": 1, "feed_ratio_p0": 0.9892086330935254, "gates_cli": true, "gates_srv": true, "gen_guard": false, "header": ["window", "bulk"], "mbps": 554.16, "pa_cli": 0, "pa_srv": 0, "pipe_cli": ["window", "Rlc", "bulk"], "pipe_srv": ["window", "Rlc", "bulk"], "plc_p0": 0.0011, "plu_last_p0": 0.0002, "plu_med_p0": 0.0004, "problems": [], "rc": 0, "rep": 1, "rtobs_gate_cli": null, "rtobs_gate_srv": null, "rtp_floor_p0": 2330, "seconds": 5.774508, "seed": "7", "src": 337764, "srv_busy_r1": 0.553, "srv_busy_r2": 0.235, "srv_busy_r3": 0.181, "srv_busy_r4": 0.128, "srv_busy_r5": 0.071, "srv_busy_r6": 0.065, "srv_cores": 1.331, "srv_lag_max_us": 4509.0, "srv_lag_n": 577, "srv_lag_p50_us": 130.0, "srv_lag_p99_us": 1133.0, "srv_main_cores": 0.18, "srv_n_workers": 6, "srv_park_per_s": 10320.332813312532, "srv_thr_r1": 0.496, "srv_thr_r2": 0.218, "srv_thr_r3": 0.18, "srv_threads": [["raptorpath", 0.18], ["rp-w-0", 0.055], ["rp-w-1", 0.218], ["rp-w-2", 0.078], ["rp-w-3", 0.175], ["rp-w-4", 0.128], ["rp-w-5", 0.496]], "srv_top_comm": "rp-w-5", "srv_unpark_per_s": 20640.49228635812, "srv_wall_s": 5.769, "srv_workers_cores": 1.15, "status": "LIVE", "summary": true, "topo_cli": false, "topo_srv": false, "truth_egress_p0": 340772, "truth_gso_p0": 9.09, "truth_loss_p0": 0.001112, "truth_lost_p0": 379, "truth_rcvbuf_drops": 0, "util": 0.9455351001332062, "wake": {"ack": 10075, "defc": 0, "flush": 0, "gen": 0, "nack": 39, "pace": 0, "paused": 305, "tail": 3, "timer_acked": 9, "tun": 8390}, "wall_s": 8.0, "winline_cli": true, "winline_srv": true}
=== rep=1 seed=7 cell=c1d-400 arm=P2A attempt=1 pipeline=window hint=bulk spec=c1/c1/dual bytes=400000000 ackdiag=1 bin=/home/vibe/p2arun/bin/p2a/raptorpath sha=5e74772ceb4c66a4 21:23:12
COTENANT c1d-400-P2A s7 rep=1 before=0 after=0 load=5.33 3.89 3.27
--- RWM-C perf pipeline=window mode=dual hint=bulk A=c1 B=c1 ooo=0 extra='' T=default (400000000 x 1) start=23:23:13
{"bytes":400000000,"dnf":0,"hint":"bulk","max_s":7.71,"mean_mbps":415.048,"mean_s":7.71,"median_s":7.71,"min_s":7.71,"proto":"rp-native","runs":1,"stdev_s":0.0,"summary":true}
    CPU: CPUSRV=12.71s CPUCLI=10.98s (srv=decoder cli=sender; whole-invocation incl warmup)
    [THR] sum phase=xfer side=client run=1 workers=6 busy_s=13.683 threads=7 cpu_s=10.900 cores=1.414 wall_s=7.710
    [LAG] phase=xfer side=client run=1 tick_ms=10 n=770 p50_us=837 p99_us=2500 max_us=6347 dropped=0
    [THR] sum phase=xfer side=server obj=0 workers=6 busy_s=0.000 threads=7 cpu_s=0.000 cores=0.000 wall_s=0.000
    [LAG] phase=xfer side=server obj=0 tick_ms=10 n=0 p50_us=- p99_us=- max_us=- dropped=0
    [THR] sum phase=xfer side=server obj=1 workers=6 busy_s=15.461 threads=7 cpu_s=12.640 cores=1.640 wall_s=7.706
    [LAG] phase=xfer side=server obj=1 tick_ms=10 n=770 p50_us=457 p99_us=1623 max_us=5633 dropped=0
    [TRUTH] leg=0 dev=cli0 egress_dgrams=180345 egress_skbs=50385 gso=3.58 netem_sent_dgrams=180086 netem_dropped_skbs=58 backlog=0 lost=259 loss=0.001436 rcvbuf_drops=0 rcvbuf_scope=netns
    [TRUTH] leg=1 dev=cli1 egress_dgrams=177651 egress_skbs=50234 gso=3.54 netem_sent_dgrams=177477 netem_dropped_skbs=47 backlog=0 lost=174 loss=0.000979 rcvbuf_drops=0 rcvbuf_scope=netns
RUNTIME c1d-400-P2A s7 rep=1 attempt=1 10s rc=0
TP2ROW {"ackgap_n_p0": 32768, "ackgap_n_p1": 32768, "ackgap_p50_p0": 1, "ackgap_p50_p1": 1, "ackgap_p90_p0": 5, "ackgap_p90_p1": 6, "ackgap_p99_p0": 1599, "ackgap_p99_p1": 1562, "acks_per_dgram": 0.9985290210537912, "arm": "P2A", "bin": "p2a", "bin_sha": "5e74772ceb4c66a4f61f7962951dd6b14bf580e4b27012d63c62883d40c45a37", "busy_last": 71.0, "busy_med": 69.0, "cad_cli": true, "cad_srv": true, "cadoff_cli": false, "cadoff_srv": false, "cell": "c1d-400", "cli_busy_r1": 0.326, "cli_busy_r2": 0.298, "cli_busy_r3": 0.294, "cli_busy_r4": 0.292, "cli_busy_r5": 0.283, "cli_busy_r6": 0.282, "cli_cores": 1.414, "cli_lag_max_us": 6347.0, "cli_lag_n": 770, "cli_lag_p50_us": 837.0, "cli_lag_p99_us": 2500.0, "cli_main_cores": 0.0, "cli_n_workers": 6, "cli_park_per_s": 26722.438391699092, "cli_thr_r1": 0.25, "cli_thr_r2": 0.236, "cli_thr_r3": 0.235, "cli_threads": [["raptorpath", 0.0], ["rp-w-0", 0.228], ["rp-w-1", 0.236], ["rp-w-2", 0.235], ["rp-w-3", 0.25], ["rp-w-4", 0.23], ["rp-w-5", 0.235]], "cli_top_comm": "rp-w-3", "cli_unpark_per_s": 53445.006485084305, "cli_wall_s": 7.71, "cli_workers_cores": 1.414, "cod": 538, "coded_share": 0.0016389597175383921, "cotenant": 0, "cpu_cli": 10.98, "cpu_srv": 12.71, "diag_lines": 30, "dnf": false, "emb_echo_cli": true, "emb_gate_cli": 1, "emb_gate_srv": 1, "feed_ratio_p0": 1.0445682451253482, "feed_ratio_p1": 1.0214504596527068, "gates_cli": true, "gates_srv": true, "gen_guard": false, "header": ["window", "bulk"], "mbps": 415.048, "pa_cli": 0, "pa_srv": 0, "pipe_cli": ["window", "Rlc", "bulk"], "pipe_srv": ["window", "Rlc", "bulk"], "plc_p0": 0.0015, "plc_p1": 0.001, "plu_last_p0": 0.0011, "plu_last_p1": 0.0002, "plu_med_p0": 0.0008500000000000001, "plu_med_p1": 0.00075, "problems": [], "rc": 0, "rep": 1, "rtobs_gate_cli": "1", "rtobs_gate_srv": "1", "rtp_floor_p0": 2198, "rtp_floor_p1": 2199, "seconds": 7.709956, "seed": "7", "src": 327719, "srv_busy_r1": 0.42, "srv_busy_r2": 0.387, "srv_busy_r3": 0.373, "srv_busy_r4": 0.29, "srv_busy_r5": 0.289, "srv_busy_r6": 0.247, "srv_cores": 1.64, "srv_lag_max_us": 5633.0, "srv_lag_n": 770, "srv_lag_p50_us": 457.0, "srv_lag_p99_us": 1623.0, "srv_main_cores": 0.0, "srv_n_workers": 6, "srv_park_per_s": 29849.597716065404, "srv_thr_r1": 0.321, "srv_thr_r2": 0.302, "srv_thr_r3": 0.3, "srv_threads": [["raptorpath", 0.0], ["rp-w-0", 0.302], ["rp-w-1", 0.221], ["rp-w-2", 0.321], ["rp-w-3", 0.247], ["rp-w-4", 0.25], ["rp-w-5", 0.3]], "srv_top_comm": "rp-w-2", "srv_unpark_per_s": 59698.93589410849, "srv_wall_s": 7.706, "srv_workers_cores": 1.641, "status": "LIVE", "summary": true, "topo_cli": true, "topo_srv": true, "truth_egress_p0": 180345, "truth_egress_p1": 177651, "truth_gso_p0": 3.58, "truth_gso_p1": 3.54, "truth_loss_p0": 0.001436, "truth_loss_p1": 0.000979, "truth_lost_p0": 259, "truth_lost_p1": 174, "truth_rcvbuf_drops": 0, "util": 1.424132640964488, "wake": {"ack": 27035, "defc": 0, "flush": 0, "gen": 0, "nack": 2903, "pace": 0, "paused": 84, "tail": 4, "timer_acked": 0, "tun": 15123}, "wall_s": 10.0, "winline_cli": true, "winline_srv": true}
=== rep=1 seed=7 cell=c1d-400 arm=MAIN attempt=1 pipeline=window hint=bulk spec=c1/c1/dual bytes=400000000 ackdiag=1 bin=/home/vibe/p2arun/bin/main/raptorpath sha=c1e994221f965040 21:23:22
COTENANT c1d-400-MAIN s7 rep=1 before=0 after=0 load=4.82 3.83 3.26
--- RWM-C perf pipeline=window mode=dual hint=bulk A=c1 B=c1 ooo=0 extra='' T=default (400000000 x 1) start=23:23:23
{"bytes":400000000,"dnf":0,"hint":"bulk","max_s":7.1721,"mean_mbps":446.172,"mean_s":7.1721,"median_s":7.1721,"min_s":7.1721,"proto":"rp-native","runs":1,"stdev_s":0.0,"summary":true}
    CPU: CPUSRV=11.32s CPUCLI=10.68s (srv=decoder cli=sender; whole-invocation incl warmup)
    [THR] sum phase=xfer side=client run=1 workers=6 busy_s=13.494 threads=7 cpu_s=10.600 cores=1.478 wall_s=7.172
    [LAG] phase=xfer side=client run=1 tick_ms=10 n=717 p50_us=1010 p99_us=3038 max_us=4530 dropped=0
    [THR] sum phase=xfer side=server obj=0 workers=6 busy_s=0.000 threads=7 cpu_s=0.000 cores=0.000 wall_s=0.000
    [LAG] phase=xfer side=server obj=0 tick_ms=10 n=0 p50_us=- p99_us=- max_us=- dropped=0
    [THR] sum phase=xfer side=server obj=1 workers=6 busy_s=11.904 threads=7 cpu_s=11.270 cores=1.572 wall_s=7.167
    [LAG] phase=xfer side=server obj=1 tick_ms=10 n=716 p50_us=629 p99_us=1801 max_us=6449 dropped=0
[THR] sum phase=xfer side=server obj=1 workers=6 busy_s=11.904 threads=7 cpu_s=11.270 cores=1.572 wall_s=7.167
[LAG] phase=xfer side=server obj=1 tick_ms=10 n=716 p50_us=629 p99_us=1801 max_us=6449 dropped=0
    [TRUTH] leg=0 dev=cli0 egress_dgrams=197664 egress_skbs=38008 gso=5.20 netem_sent_dgrams=197391 netem_dropped_skbs=47 backlog=0 lost=273 loss=0.001381 rcvbuf_drops=0 rcvbuf_scope=netns
    [TRUTH] leg=1 dev=cli1 egress_dgrams=149736 egress_skbs=33139 gso=4.52 netem_sent_dgrams=149506 netem_dropped_skbs=42 backlog=0 lost=230 loss=0.001536 rcvbuf_drops=0 rcvbuf_scope=netns
RUNTIME c1d-400-MAIN s7 rep=1 attempt=1 9s rc=0
TP2ROW {"ackgap_n_p0": 32768, "ackgap_n_p1": 32768, "ackgap_p50_p0": 2, "ackgap_p50_p1": 2, "ackgap_p90_p0": 21, "ackgap_p90_p1": 21, "ackgap_p99_p0": 797, "ackgap_p99_p1": 857, "acks_per_dgram": 0.998657966864634, "arm": "MAIN", "bin": "main", "bin_sha": "c1e994221f96504024c7b8964e35a0026dd2429c8f0d951c1c37f442f006c66c", "busy_last": 99.0, "busy_med": 98.5, "cad_cli": true, "cad_srv": true, "cadoff_cli": false, "cadoff_srv": false, "cell": "c1d-400", "cli_busy_r1": 0.407, "cli_busy_r2": 0.334, "cli_busy_r3": 0.324, "cli_busy_r4": 0.315, "cli_busy_r5": 0.27, "cli_busy_r6": 0.232, "cli_cores": 1.478, "cli_lag_max_us": 4530.0, "cli_lag_n": 717, "cli_lag_p50_us": 1010.0, "cli_lag_p99_us": 3038.0, "cli_main_cores": 0.121, "cli_n_workers": 6, "cli_park_per_s": 23322.364751812605, "cli_thr_r1": 0.247, "cli_thr_r2": 0.233, "cli_thr_r3": 0.231, "cli_threads": [["raptorpath", 0.121], ["rp-w-0", 0.22], ["rp-w-1", 0.204], ["rp-w-2", 0.233], ["rp-w-3", 0.231], ["rp-w-4", 0.222], ["rp-w-5", 0.247]], "cli_top_comm": "rp-w-5", "cli_unpark_per_s": 46644.868934746235, "cli_wall_s": 7.172, "cli_workers_cores": 1.357, "cod": 435, "coded_share": 0.0013167613120391335, "cotenant": 0, "cpu_cli": 10.68, "cpu_srv": 11.32, "diag_lines": 28, "dnf": false, "emb_echo_cli": true, "emb_gate_cli": 1, "emb_gate_srv": 1, "feed_ratio_p0": 0.9413468501086169, "feed_ratio_p1": 1.0416666666666667, "gates_cli": true, "gates_srv": true, "gen_guard": false, "header": ["window", "bulk"], "mbps": 446.172, "pa_cli": 0, "pa_srv": 0, "pipe_cli": ["window", "Rlc", "bulk"], "pipe_srv": ["window", "Rlc", "bulk"], "plc_p0": 0.0013, "plc_p1": 0.0016, "plu_last_p0": 0.0004, "plu_last_p1": 0.0005, "plu_med_p0": 0.00065, "plu_med_p1": 0.0009, "problems": [], "rc": 0, "rep": 1, "rtobs_gate_cli": null, "rtobs_gate_srv": null, "rtp_floor_p0": 2229, "rtp_floor_p1": 2212, "seconds": 7.172121, "seed": "7", "src": 329921, "srv_busy_r1": 0.305, "srv_busy_r2": 0.298, "srv_busy_r3": 0.293, "srv_busy_r4": 0.269, "srv_busy_r5": 0.258, "srv_busy_r6": 0.239, "srv_cores": 1.572, "srv_lag_max_us": 6449.0, "srv_lag_n": 716, "srv_lag_p50_us": 629.0, "srv_lag_p99_us": 1801.0, "srv_main_cores": 0.133, "srv_n_workers": 6, "srv_park_per_s": 19841.077159201897, "srv_thr_r1": 0.265, "srv_thr_r2": 0.255, "srv_thr_r3": 0.254, "srv_threads": [["raptorpath", 0.133], ["rp-w-0", 0.254], ["rp-w-1", 0.208], ["rp-w-2", 0.225], ["rp-w-3", 0.265], ["rp-w-4", 0.233], ["rp-w-5", 0.255]], "srv_top_comm": "rp-w-3", "srv_unpark_per_s": 39682.014790009765, "srv_wall_s": 7.167, "srv_workers_cores": 1.44, "status": "LIVE", "summary": true, "topo_cli": false, "topo_srv": false, "truth_egress_p0": 197664, "truth_egress_p1": 149736, "truth_gso_p0": 5.2, "truth_gso_p1": 4.52, "truth_loss_p0": 0.001381, "truth_loss_p1": 0.001536, "truth_lost_p0": 273, "truth_lost_p1": 230, "truth_rcvbuf_drops": 0, "util": 1.4890992497198527, "wake": {"ack": 2672, "defc": 0, "flush": 0, "gen": 0, "nack": 319, "pace": 0, "paused": 85, "tail": 4, "timer_acked": 7, "tun": 6114}, "wall_s": 9.0, "winline_cli": true, "winline_srv": true}
=== rep=1 seed=7 cell=c2-100 arm=P2A attempt=1 pipeline=window hint=bulk spec=c2/c2/single bytes=100000000 ackdiag=1 bin=/home/vibe/p2arun/bin/p2a/raptorpath sha=5e74772ceb4c66a4 21:23:31
COTENANT c2-100-P2A s7 rep=1 before=0 after=0 load=4.08 3.70 3.22
--- RWM-C perf pipeline=window mode=single hint=bulk A=c2 B=c2 ooo=0 extra='' T=default (100000000 x 1) start=23:23:33
{"bytes":100000000,"dnf":0,"hint":"bulk","max_s":8.9274,"mean_mbps":89.611,"mean_s":8.9274,"median_s":8.9274,"min_s":8.9274,"proto":"rp-native","runs":1,"stdev_s":0.0,"summary":true}
    CPU: CPUSRV=4.48s CPUCLI=3.75s (srv=decoder cli=sender; whole-invocation incl warmup)
    [THR] sum phase=xfer side=client run=1 workers=6 busy_s=3.810 threads=7 cpu_s=3.710 cores=0.416 wall_s=8.928
    [LAG] phase=xfer side=client run=1 tick_ms=10 n=893 p50_us=282 p99_us=1161 max_us=3234 dropped=0
    [THR] sum phase=xfer side=server obj=0 workers=6 busy_s=0.000 threads=7 cpu_s=0.000 cores=0.000 wall_s=0.000
    [LAG] phase=xfer side=server obj=0 tick_ms=10 n=0 p50_us=- p99_us=- max_us=- dropped=0
    [THR] sum phase=xfer side=server obj=1 workers=6 busy_s=4.482 threads=7 cpu_s=4.420 cores=0.496 wall_s=8.912
    [LAG] phase=xfer side=server obj=1 tick_ms=10 n=891 p50_us=258 p99_us=1043 max_us=3953 dropped=0
[LAG] phase=xfer side=server obj=1 tick_ms=10 n=891 p50_us=258 p99_us=1043 max_us=3953 dropped=0
    [TRUTH] leg=0 dev=cli0 egress_dgrams=94290 egress_skbs=24418 gso=3.86 netem_sent_dgrams=91969 netem_dropped_skbs=602 backlog=0 lost=2321 loss=0.024616 rcvbuf_drops=0 rcvbuf_scope=netns
RUNTIME c2-100-P2A s7 rep=1 attempt=1 11s rc=0
TP2ROW {"ackgap_n_p0": 19170, "ackgap_p50_p0": 2, "ackgap_p90_p0": 246, "ackgap_p99_p0": 1859, "acks_per_dgram": 0.9998170771542432, "arm": "P2A", "bin": "p2a", "bin_sha": "5e74772ceb4c66a4f61f7962951dd6b14bf580e4b27012d63c62883d40c45a37", "busy_last": 20.0, "busy_med": 19.0, "cad_cli": true, "cad_srv": true, "cadoff_cli": false, "cadoff_srv": false, "cell": "c2-100", "cli_busy_r1": 0.09, "cli_busy_r2": 0.089, "cli_busy_r3": 0.084, "cli_busy_r4": 0.082, "cli_busy_r5": 0.081, "cli_busy_r6": 0.0, "cli_cores": 0.416, "cli_lag_max_us": 3234.0, "cli_lag_n": 893, "cli_lag_p50_us": 282.0, "cli_lag_p99_us": 1161.0, "cli_main_cores": 0.0, "cli_n_workers": 6, "cli_park_per_s": 8347.894265232973, "cli_thr_r1": 0.087, "cli_thr_r2": 0.086, "cli_thr_r3": 0.083, "cli_threads": [["raptorpath", 0.0], ["rp-w-0", 0.087], ["rp-w-1", 0.08], ["rp-w-2", 0.086], ["rp-w-3", 0.083], ["rp-w-4", 0.0], ["rp-w-5", 0.08]], "cli_top_comm": "rp-w-0", "cli_unpark_per_s": 16695.900537634407, "cli_wall_s": 8.928, "cli_workers_cores": 0.416, "cod": 393, "coded_share": 0.004653255502800242, "cotenant": 0, "cpu_cli": 3.75, "cpu_srv": 4.48, "diag_lines": 35, "dnf": false, "emb_echo_cli": true, "emb_gate_cli": 1, "emb_gate_srv": 1, "feed_ratio_p0": 0.9831004224894377, "gates_cli": true, "gates_srv": true, "gen_guard": false, "header": ["window", "bulk"], "mbps": 89.611, "pa_cli": 0, "pa_srv": 0, "pipe_cli": ["window", "Rlc", "bulk"], "pipe_srv": ["window", "Rlc", "bulk"], "plc_p0": 0.0242, "plu_last_p0": 0.0054, "plu_med_p0": 0.0185, "problems": [], "rc": 0, "rep": 1, "rtobs_gate_cli": "1", "rtobs_gate_srv": "1", "rtp_floor_p0": 11167, "seconds": 8.927443, "seed": "7", "src": 84064, "srv_busy_r1": 0.115, "srv_busy_r2": 0.101, "srv_busy_r3": 0.099, "srv_busy_r4": 0.095, "srv_busy_r5": 0.093, "srv_busy_r6": 0.0, "srv_cores": 0.496, "srv_lag_max_us": 3953.0, "srv_lag_n": 891, "srv_lag_p50_us": 258.0, "srv_lag_p99_us": 1043.0, "srv_main_cores": 0.0, "srv_n_workers": 6, "srv_park_per_s": 12355.139138240573, "srv_thr_r1": 0.113, "srv_thr_r2": 0.1, "srv_thr_r3": 0.099, "srv_threads": [["raptorpath", 0.0], ["rp-w-0", 0.093], ["rp-w-1", 0.113], ["rp-w-2", 0.091], ["rp-w-3", 0.0], ["rp-w-4", 0.099], ["rp-w-5", 0.1]], "srv_top_comm": "rp-w-1", "srv_unpark_per_s": 24710.278276481145, "srv_wall_s": 8.912, "srv_workers_cores": 0.496, "status": "LIVE", "summary": true, "topo_cli": true, "topo_srv": true, "truth_egress_p0": 94290, "truth_gso_p0": 3.86, "truth_loss_p0": 0.024616, "truth_lost_p0": 2321, "truth_rcvbuf_drops": 0, "util": 0.42005308798947244, "wake": {"ack": 21735, "defc": 0, "flush": 0, "gen": 0, "nack": 1011, "pace": 0, "paused": 1282, "tail": 51, "timer_acked": 4, "tun": 4738}, "wall_s": 11.0, "winline_cli": true, "winline_srv": true}
=== rep=1 seed=7 cell=c2-100 arm=MAIN attempt=1 pipeline=window hint=bulk spec=c2/c2/single bytes=100000000 ackdiag=1 bin=/home/vibe/p2arun/bin/main/raptorpath sha=c1e994221f965040 21:23:42
COTENANT c2-100-MAIN s7 rep=1 before=0 after=0 load=3.56 3.60 3.19
--- RWM-C perf pipeline=window mode=single hint=bulk A=c2 B=c2 ooo=0 extra='' T=default (100000000 x 1) start=23:23:44
{"bytes":100000000,"dnf":0,"hint":"bulk","max_s":8.917,"mean_mbps":89.716,"mean_s":8.917,"median_s":8.917,"min_s":8.917,"proto":"rp-native","runs":1,"stdev_s":0.0,"summary":true}
    CPU: CPUSRV=4.63s CPUCLI=3.45s (srv=decoder cli=sender; whole-invocation incl warmup)
    [THR] sum phase=xfer side=client run=1 workers=6 busy_s=2.977 threads=7 cpu_s=3.390 cores=0.380 wall_s=8.917
    [LAG] phase=xfer side=client run=1 tick_ms=10 n=891 p50_us=983 p99_us=1899 max_us=7144 dropped=0
    [THR] sum phase=xfer side=server obj=0 workers=6 busy_s=0.000 threads=7 cpu_s=0.000 cores=0.000 wall_s=0.000
    [LAG] phase=xfer side=server obj=0 tick_ms=10 n=0 p50_us=- p99_us=- max_us=- dropped=0
    [THR] sum phase=xfer side=server obj=1 workers=6 busy_s=4.682 threads=7 cpu_s=4.600 cores=0.517 wall_s=8.902
    [LAG] phase=xfer side=server obj=1 tick_ms=10 n=889 p50_us=1027 p99_us=1834 max_us=11024 dropped=0
[THR] sum phase=xfer side=server obj=1 workers=6 busy_s=4.682 threads=7 cpu_s=4.600 cores=0.517 wall_s=8.902
[LAG] phase=xfer side=server obj=1 tick_ms=10 n=889 p50_us=1027 p99_us=1834 max_us=11024 dropped=0
    [TRUTH] leg=0 dev=cli0 egress_dgrams=93413 egress_skbs=20140 gso=4.64 netem_sent_dgrams=91281 netem_dropped_skbs=492 backlog=0 lost=2132 loss=0.022823 rcvbuf_drops=0 rcvbuf_scope=netns
RUNTIME c2-100-MAIN s7 rep=1 attempt=1 11s rc=0
TP2ROW {"ackgap_n_p0": 19170, "ackgap_p50_p0": 2, "ackgap_p90_p0": 105, "ackgap_p99_p0": 1988, "acks_per_dgram": 0.9999085122789592, "arm": "MAIN", "bin": "main", "bin_sha": "c1e994221f96504024c7b8964e35a0026dd2429c8f0d951c1c37f442f006c66c", "busy_last": 10.0, "busy_med": 13.0, "cad_cli": true, "cad_srv": true, "cadoff_cli": false, "cadoff_srv": false, "cell": "c2-100", "cli_busy_r1": 0.079, "cli_busy_r2": 0.069, "cli_busy_r3": 0.068, "cli_busy_r4": 0.063, "cli_busy_r5": 0.054, "cli_busy_r6": 0.0, "cli_cores": 0.38, "cli_lag_max_us": 7144.0, "cli_lag_n": 891, "cli_lag_p50_us": 983.0, "cli_lag_p99_us": 1899.0, "cli_main_cores": 0.022, "cli_n_workers": 6, "cli_park_per_s": 6451.9457216552655, "cli_thr_r1": 0.085, "cli_thr_r2": 0.073, "cli_thr_r3": 0.073, "cli_threads": [["raptorpath", 0.022], ["rp-w-0", 0.073], ["rp-w-1", 0.085], ["rp-w-2", 0.073], ["rp-w-3", 0.0], ["rp-w-4", 0.068], ["rp-w-5", 0.058]], "cli_top_comm": "rp-w-1", "cli_unpark_per_s": 12904.003588650892, "cli_wall_s": 8.917, "cli_workers_cores": 0.357, "cod": 349, "coded_share": 0.0041316932839266475, "cotenant": 0, "cpu_cli": 3.45, "cpu_srv": 4.63, "diag_lines": 35, "dnf": false, "emb_echo_cli": true, "emb_gate_cli": 1, "emb_gate_srv": 1, "feed_ratio_p0": 0.9946106997327259, "gates_cli": true, "gates_srv": true, "gen_guard": false, "header": ["window", "bulk"], "mbps": 89.716, "pa_cli": 0, "pa_srv": 0, "pipe_cli": ["window", "Rlc", "bulk"], "pipe_srv": ["window", "Rlc", "bulk"], "plc_p0": 0.0227, "plu_last_p0": 0.0123, "plu_med_p0": 0.0084, "problems": [], "rc": 0, "rep": 1, "rtobs_gate_cli": null, "rtobs_gate_srv": null, "rtp_floor_p0": 11790, "seconds": 8.917021, "seed": "7", "src": 84120, "srv_busy_r1": 0.124, "srv_busy_r2": 0.119, "srv_busy_r3": 0.107, "srv_busy_r4": 0.09, "srv_busy_r5": 0.086, "srv_busy_r6": 0.0, "srv_cores": 0.517, "srv_lag_max_us": 11024.0, "srv_lag_n": 889, "srv_lag_p50_us": 1027.0, "srv_lag_p99_us": 1834.0, "srv_main_cores": 0.016, "srv_n_workers": 6, "srv_park_per_s": 12829.813525050551, "srv_thr_r1": 0.119, "srv_thr_r2": 0.115, "srv_thr_r3": 0.102, "srv_threads": [["raptorpath", 0.016], ["rp-w-0", 0.119], ["rp-w-1", 0.115], ["rp-w-2", 0.084], ["rp-w-3", 0.102], ["rp-w-4", 0.0], ["rp-w-5", 0.081]], "srv_top_comm": "rp-w-0", "srv_unpark_per_s": 25659.627050101102, "srv_wall_s": 8.902, "srv_workers_cores": 0.501, "status": "LIVE", "summary": true, "topo_cli": false, "topo_srv": false, "truth_egress_p0": 93413, "truth_gso_p0": 4.64, "truth_loss_p0": 0.022823, "truth_lost_p0": 2132, "truth_rcvbuf_drops": 0, "util": 0.3869005130749384, "wake": {"ack": 19265, "defc": 0, "flush": 0, "gen": 0, "nack": 927, "pace": 0, "paused": 1399, "tail": 46, "timer_acked": 18, "tun": 4966}, "wall_s": 11.0, "winline_cli": true, "winline_srv": true}
=== rep=1 seed=7 cell=c8-100 arm=P2A attempt=1 pipeline=window hint=bulk spec=c2/c3/dual bytes=100000000 ackdiag=1 bin=/home/vibe/p2arun/bin/p2a/raptorpath sha=5e74772ceb4c66a4 21:23:53
COTENANT c8-100-P2A s7 rep=1 before=0 after=0 load=3.16 3.52 3.17
--- RWM-C perf pipeline=window mode=dual hint=bulk A=c2 B=c3 ooo=0 extra='' T=default (100000000 x 1) start=23:23:56
{"bytes":100000000,"dnf":0,"hint":"bulk","max_s":8.3804,"mean_mbps":95.46,"mean_s":8.3804,"median_s":8.3804,"min_s":8.3804,"proto":"rp-native","runs":1,"stdev_s":0.0,"summary":true}
    CPU: CPUSRV=6.17s CPUCLI=5.91s (srv=decoder cli=sender; whole-invocation incl warmup)
    [THR] sum phase=xfer side=client run=1 workers=6 busy_s=6.106 threads=7 cpu_s=5.850 cores=0.698 wall_s=8.381
    [LAG] phase=xfer side=client run=1 tick_ms=10 n=838 p50_us=868 p99_us=1895 max_us=4905 dropped=0
    [THR] sum phase=xfer side=server obj=0 workers=6 busy_s=0.000 threads=7 cpu_s=0.000 cores=0.000 wall_s=0.000
    [LAG] phase=xfer side=server obj=0 tick_ms=10 n=0 p50_us=- p99_us=- max_us=- dropped=0
    [THR] sum phase=xfer side=server obj=1 workers=6 busy_s=6.271 threads=7 cpu_s=6.110 cores=0.732 wall_s=8.349
    [LAG] phase=xfer side=server obj=1 tick_ms=10 n=835 p50_us=197 p99_us=1124 max_us=2464 dropped=0
[LAG] phase=xfer side=server obj=1 tick_ms=10 n=835 p50_us=197 p99_us=1124 max_us=2464 dropped=0
    [TRUTH] leg=0 dev=cli0 egress_dgrams=78502 egress_skbs=23342 gso=3.36 netem_sent_dgrams=76467 netem_dropped_skbs=563 backlog=0 lost=2035 loss=0.025923 rcvbuf_drops=0 rcvbuf_scope=netns
    [TRUTH] leg=1 dev=cli1 egress_dgrams=18610 egress_skbs=11233 gso=1.66 netem_sent_dgrams=17544 netem_dropped_skbs=610 backlog=0 lost=1066 loss=0.057281 rcvbuf_drops=0 rcvbuf_scope=netns
RUNTIME c8-100-P2A s7 rep=1 attempt=1 12s rc=0
TP2ROW {"ackgap_n_p0": 14120, "ackgap_n_p1": 3169, "ackgap_p50_p0": 2, "ackgap_p50_p1": 14, "ackgap_p90_p0": 133, "ackgap_p90_p1": 1880, "ackgap_p99_p0": 1941, "ackgap_p99_p1": 5405, "acks_per_dgram": 0.999941107878588, "arm": "P2A", "bin": "p2a", "bin_sha": "5e74772ceb4c66a4f61f7962951dd6b14bf580e4b27012d63c62883d40c45a37", "busy_last": 48.0, "busy_med": 45.0, "cad_cli": true, "cad_srv": true, "cadoff_cli": false, "cadoff_srv": false, "cell": "c8-100", "cli_busy_r1": 0.137, "cli_busy_r2": 0.131, "cli_busy_r3": 0.13, "cli_busy_r4": 0.123, "cli_busy_r5": 0.119, "cli_busy_r6": 0.088, "cli_cores": 0.698, "cli_lag_max_us": 4905.0, "cli_lag_n": 838, "cli_lag_p50_us": 868.0, "cli_lag_p99_us": 1895.0, "cli_main_cores": 0.0, "cli_n_workers": 6, "cli_park_per_s": 10995.823887364277, "cli_thr_r1": 0.128, "cli_thr_r2": 0.126, "cli_thr_r3": 0.125, "cli_threads": [["raptorpath", 0.0], ["rp-w-0", 0.119], ["rp-w-1", 0.113], ["rp-w-2", 0.125], ["rp-w-3", 0.126], ["rp-w-4", 0.128], ["rp-w-5", 0.086]], "cli_top_comm": "rp-w-4", "cli_unpark_per_s": 21991.76709223243, "cli_wall_s": 8.381, "cli_workers_cores": 0.697, "cod": 548, "coded_share": 0.0064355505449079295, "cotenant": 0, "cpu_cli": 5.91, "cpu_srv": 6.17, "diag_lines": 33, "dnf": false, "emb_echo_cli": true, "emb_gate_cli": 1, "emb_gate_srv": 1, "feed_ratio_p0": 0.99525517879875, "feed_ratio_p1": 1.019535273476371, "gates_cli": true, "gates_srv": true, "gen_guard": false, "header": ["window", "bulk"], "mbps": 95.46, "pa_cli": 0, "pa_srv": 0, "pipe_cli": ["window", "Rlc", "bulk"], "pipe_srv": ["window", "Rlc", "bulk"], "plc_p0": 0.0258, "plc_p1": 0.0584, "plu_last_p0": 0.0101, "plu_last_p1": 0.0448, "plu_med_p0": 0.0247, "plu_med_p1": 0.0448, "problems": [], "rc": 0, "rep": 1, "rtobs_gate_cli": "1", "rtobs_gate_srv": "1", "rtp_floor_p0": 7687, "rtp_floor_p1": 41216, "seconds": 8.380442, "seed": "7", "src": 84604, "srv_busy_r1": 0.158, "srv_busy_r2": 0.146, "srv_busy_r3": 0.122, "srv_busy_r4": 0.12, "srv_busy_r5": 0.105, "srv_busy_r6": 0.1, "srv_cores": 0.732, "srv_lag_max_us": 2464.0, "srv_lag_n": 835, "srv_lag_p50_us": 197.0, "srv_lag_p99_us": 1124.0, "srv_main_cores": 0.0, "srv_n_workers": 6, "srv_park_per_s": 17358.84537070308, "srv_thr_r1": 0.153, "srv_thr_r2": 0.144, "srv_thr_r3": 0.117, "srv_threads": [["raptorpath", 0.0], ["rp-w-0", 0.102], ["rp-w-1", 0.098], ["rp-w-2", 0.117], ["rp-w-3", 0.144], ["rp-w-4", 0.117], ["rp-w-5", 0.153]], "srv_top_comm": "rp-w-5", "srv_unpark_per_s": 34717.69074140616, "srv_wall_s": 8.349, "srv_workers_cores": 0.731, "status": "LIVE", "summary": true, "topo_cli": true, "topo_srv": true, "truth_egress_p0": 78502, "truth_egress_p1": 18610, "truth_gso_p0": 3.36, "truth_gso_p1": 1.66, "truth_loss_p0": 0.025923, "truth_loss_p1": 0.057281, "truth_lost_p0": 2035, "truth_lost_p1": 1066, "truth_rcvbuf_drops": 0, "util": 0.7052134004387836, "wake": {"ack": 24289, "defc": 0, "flush": 0, "gen": 0, "nack": 1124, "pace": 0, "paused": 324, "tail": 69, "timer_acked": 7, "tun": 2610}, "wall_s": 12.0, "winline_cli": true, "winline_srv": true}
=== rep=1 seed=7 cell=c8-100 arm=MAIN attempt=1 pipeline=window hint=bulk spec=c2/c3/dual bytes=100000000 ackdiag=1 bin=/home/vibe/p2arun/bin/main/raptorpath sha=c1e994221f965040 21:24:05
COTENANT c8-100-MAIN s7 rep=1 before=0 after=0 load=2.82 3.43 3.15
--- RWM-C perf pipeline=window mode=dual hint=bulk A=c2 B=c3 ooo=0 extra='' T=default (100000000 x 1) start=23:24:07
{"bytes":100000000,"dnf":0,"hint":"bulk","max_s":7.9821,"mean_mbps":100.224,"mean_s":7.9821,"median_s":7.9821,"min_s":7.9821,"proto":"rp-native","runs":1,"stdev_s":0.0,"summary":true}
    CPU: CPUSRV=5.82s CPUCLI=5.49s (srv=decoder cli=sender; whole-invocation incl warmup)
    [THR] sum phase=xfer side=client run=1 workers=6 busy_s=5.255 threads=7 cpu_s=5.390 cores=0.675 wall_s=7.982
    [LAG] phase=xfer side=client run=1 tick_ms=10 n=798 p50_us=196 p99_us=1518 max_us=2774 dropped=0
    [THR] sum phase=xfer side=server obj=0 workers=6 busy_s=0.001 threads=7 cpu_s=0.000 cores=0.000 wall_s=0.000
    [LAG] phase=xfer side=server obj=0 tick_ms=10 n=0 p50_us=- p99_us=- max_us=- dropped=0
    [THR] sum phase=xfer side=server obj=1 workers=6 busy_s=5.888 threads=7 cpu_s=5.730 cores=0.720 wall_s=7.956
    [LAG] phase=xfer side=server obj=1 tick_ms=10 n=795 p50_us=196 p99_us=1924 max_us=6181 dropped=0
[THR] sum phase=xfer side=server obj=1 workers=6 busy_s=5.888 threads=7 cpu_s=5.730 cores=0.720 wall_s=7.956
[LAG] phase=xfer side=server obj=1 tick_ms=10 n=795 p50_us=196 p99_us=1924 max_us=6181 dropped=0
    [TRUTH] leg=0 dev=cli0 egress_dgrams=79506 egress_skbs=19360 gso=4.11 netem_sent_dgrams=77356 netem_dropped_skbs=487 backlog=0 lost=2150 loss=0.027042 rcvbuf_drops=0 rcvbuf_scope=netns
    [TRUTH] leg=1 dev=cli1 egress_dgrams=18426 egress_skbs=10091 gso=1.83 netem_sent_dgrams=17434 netem_dropped_skbs=556 backlog=0 lost=992 loss=0.053837 rcvbuf_drops=0 rcvbuf_scope=netns
RUNTIME c8-100-MAIN s7 rep=1 attempt=1 10s rc=0
TP2ROW {"ackgap_n_p0": 14379, "ackgap_n_p1": 3102, "ackgap_p50_p0": 2, "ackgap_p50_p1": 43, "ackgap_p90_p0": 167, "ackgap_p90_p1": 2023, "ackgap_p99_p0": 2042, "ackgap_p99_p1": 5011, "acks_per_dgram": 0.9999181181204599, "arm": "MAIN", "bin": "main", "bin_sha": "c1e994221f96504024c7b8964e35a0026dd2429c8f0d951c1c37f442f006c66c", "busy_last": 23.0, "busy_med": 35.0, "cad_cli": true, "cad_srv": true, "cadoff_cli": false, "cadoff_srv": false, "cell": "c8-100", "cli_busy_r1": 0.139, "cli_busy_r2": 0.135, "cli_busy_r3": 0.129, "cli_busy_r4": 0.11, "cli_busy_r5": 0.081, "cli_busy_r6": 0.064, "cli_cores": 0.675, "cli_lag_max_us": 2774.0, "cli_lag_n": 798, "cli_lag_p50_us": 196.0, "cli_lag_p99_us": 1518.0, "cli_main_cores": 0.025, "cli_n_workers": 6, "cli_park_per_s": 11515.91079929842, "cli_thr_r1": 0.139, "cli_thr_r2": 0.133, "cli_thr_r3": 0.129, "cli_threads": [["raptorpath", 0.025], ["rp-w-0", 0.133], ["rp-w-1", 0.139], ["rp-w-2", 0.109], ["rp-w-3", 0.078], ["rp-w-4", 0.063], ["rp-w-5", 0.129]], "cli_top_comm": "rp-w-1", "cli_unpark_per_s": 23031.946880481082, "cli_wall_s": 7.982, "cli_workers_cores": 0.651, "cod": 629, "coded_share": 0.007379770746072531, "cotenant": 0, "cpu_cli": 5.49, "cpu_srv": 5.82, "diag_lines": 31, "dnf": false, "emb_echo_cli": true, "emb_gate_cli": 1, "emb_gate_srv": 1, "feed_ratio_p0": 1.0206345684490792, "feed_ratio_p1": 1.0123149506844735, "gates_cli": true, "gates_srv": true, "gen_guard": false, "header": ["window", "bulk"], "mbps": 100.224, "pa_cli": 0, "pa_srv": 0, "pipe_cli": ["window", "Rlc", "bulk"], "pipe_srv": ["window", "Rlc", "bulk"], "plc_p0": 0.0276, "plc_p1": 0.0545, "plu_last_p0": 0.3002, "plu_last_p1": 0.0283, "plu_med_p0": 0.0244, "plu_med_p1": 0.0541, "problems": [], "rc": 0, "rep": 1, "rtobs_gate_cli": null, "rtobs_gate_srv": null, "rtp_floor_p0": 8963, "rtp_floor_p1": 41650, "seconds": 7.982137, "seed": "7", "src": 84604, "srv_busy_r1": 0.152, "srv_busy_r2": 0.148, "srv_busy_r3": 0.146, "srv_busy_r4": 0.12, "srv_busy_r5": 0.112, "srv_busy_r6": 0.063, "srv_cores": 0.72, "srv_lag_max_us": 6181.0, "srv_lag_n": 795, "srv_lag_p50_us": 196.0, "srv_lag_p99_us": 1924.0, "srv_main_cores": 0.011, "srv_n_workers": 6, "srv_park_per_s": 17401.458019105077, "srv_thr_r1": 0.146, "srv_thr_r2": 0.142, "srv_thr_r3": 0.14, "srv_threads": [["raptorpath", 0.011], ["rp-w-0", 0.142], ["rp-w-1", 0.14], ["rp-w-2", 0.058], ["rp-w-3", 0.116], ["rp-w-4", 0.108], ["rp-w-5", 0.146]], "srv_top_comm": "rp-w-5", "srv_unpark_per_s": 34802.916038210155, "srv_wall_s": 7.956, "srv_workers_cores": 0.71, "status": "LIVE", "summary": true, "topo_cli": false, "topo_srv": false, "truth_egress_p0": 79506, "truth_egress_p1": 18426, "truth_gso_p0": 4.11, "truth_gso_p1": 1.83, "truth_loss_p0": 0.027042, "truth_loss_p1": 0.053837, "truth_lost_p0": 2150, "truth_lost_p1": 992, "truth_rcvbuf_drops": 0, "util": 0.687785739583272, "wake": {"ack": 22073, "defc": 0, "flush": 0, "gen": 0, "nack": 1009, "pace": 0, "paused": 434, "tail": 65, "timer_acked": 12, "tun": 2494}, "wall_s": 10.0, "winline_cli": true, "winline_srv": true}
BLOCK-COMPLETE rep=1 seed=7 block=1 2026-10-05T21:24:15Z
=== ARMCOUNTS 2026-10-05T21:24:15Z
ARMCOUNT c1s-400-MAIN n=2
ARMCOUNT c1s-400-P2A n=2
ARMCOUNT c1d-400-MAIN n=2
ARMCOUNT c1d-400-P2A n=2
ARMCOUNT c2-100-MAIN n=2
ARMCOUNT c2-100-P2A n=2
ARMCOUNT c8-100-MAIN n=2
ARMCOUNT c8-100-P2A n=2
TP2-BATTERY-DONE tag=ackd blocks=2 2026-10-05T21:24:15Z
