LOCKS-HELD-BY-ENVELOPE threadp2a_run_all:1651476
=== V-P2a BATTERY tag=smoke reps_per_seed=1 seeds='42' cells='c1s-400 c1d-400 c2-100 c8-100' ackdiag=0 2026-10-05T21:12:14Z
=== binary P2A /home/vibe/p2arun/bin/p2a/raptorpath sha256 5e74772ceb4c66a4f61f7962951dd6b14bf580e4b27012d63c62883d40c45a37
=== binary MAIN /home/vibe/p2arun/bin/main/raptorpath sha256 c1e994221f96504024c7b8964e35a0026dd2429c8f0d951c1c37f442f006c66c
=== source 75d3ab4
=== env RWM_GEN=0 RWM_DIAG=1 RWM_RTOBS=1 RWM_PERF_TIMEOUT_S=150 runs=1 bulk --window-reliable; every arm env -u RWM_EST_CADENCE RWM_POOL_ANCHOR RWM_EMIT_BATCH RWM_EMIT_BURST RWM_RTOBS RWM_ACKDIAG (shipped default), then RWM_RTOBS=1; soft_deadline=none block_est=none
Model name:                              Intel(R) Xeon(R) CPU E5-2650 v3 @ 2.30GHz
Flags:                                   fpu vme de pse tsc msr pae mce cx8 apic sep mtrr pge mca cmov pat pse36 clflush mmx fxsr sse sse2 ss ht syscall nx pdpe1gb rdtscp lm arch_perfmon rep_good nopl xtopology cpuid tsc_known_freq pni pclmulqdq vmx ssse3 fma cx16 pdcm pcid sse4_1 sse4_2 x2apic movbe popcnt tsc_deadline_timer aes xsave avx f16c rdrand hypervisor lahf_lm abm cpuid_fault pti ssbd ibrs ibpb stibp tpr_shadow flexpriority ept vpid ept_ad fsgsbase tsc_adjust bmi1 avx2 smep bmi2 erms invpcid xsaveopt arat vnmi umip md_clear flush_l1d arch_capabilities
=== rep=1 seed=42 cell=c1s-400 arm=MAIN attempt=1 pipeline=window hint=bulk spec=c1/c1/single bytes=400000000 ackdiag=0 bin=/home/vibe/p2arun/bin/main/raptorpath sha=c1e994221f965040 21:12:14
COTENANT c1s-400-MAIN s42 rep=1 before=0 after=0 load=1.42 1.86 2.88
--- RWM-C perf pipeline=window mode=single hint=bulk A=c1 B=c1 ooo=0 extra='' T=default (400000000 x 1) start=23:12:16
{"bytes":400000000,"dnf":0,"hint":"bulk","max_s":6.0588,"mean_mbps":528.159,"mean_s":6.0588,"median_s":6.0588,"min_s":6.0588,"proto":"rp-native","runs":1,"stdev_s":0.0,"summary":true}
    CPU: CPUSRV=8.17s CPUCLI=5.60s (srv=decoder cli=sender; whole-invocation incl warmup)
    [THR] sum phase=xfer side=client run=1 workers=6 busy_s=5.327 threads=7 cpu_s=5.540 cores=0.914 wall_s=6.059
    [LAG] phase=xfer side=client run=1 tick_ms=10 n=605 p50_us=794 p99_us=1823 max_us=5285 dropped=0
    [THR] sum phase=xfer side=server obj=0 workers=6 busy_s=0.000 threads=7 cpu_s=0.000 cores=0.000 wall_s=0.000
    [LAG] phase=xfer side=server obj=0 tick_ms=10 n=0 p50_us=- p99_us=- max_us=- dropped=0
    [THR] sum phase=xfer side=server obj=1 workers=6 busy_s=7.482 threads=7 cpu_s=8.100 cores=1.338 wall_s=6.053
    [LAG] phase=xfer side=server obj=1 tick_ms=10 n=605 p50_us=868 p99_us=1842 max_us=2430 dropped=0
[THR] sum phase=xfer side=server obj=1 workers=6 busy_s=7.482 threads=7 cpu_s=8.100 cores=1.338 wall_s=6.053
[LAG] phase=xfer side=server obj=1 tick_ms=10 n=605 p50_us=868 p99_us=1842 max_us=2430 dropped=0
    [TRUTH] leg=0 dev=cli0 egress_dgrams=340651 egress_skbs=37605 gso=9.06 netem_sent_dgrams=340321 netem_dropped_skbs=39 backlog=0 lost=330 loss=0.000969 rcvbuf_drops=0 rcvbuf_scope=netns
RUNTIME c1s-400-MAIN s42 rep=1 attempt=1 9s rc=0
TP2ROW {"acks_per_dgram": 0.9977573234631897, "arm": "MAIN", "bin": "main", "bin_sha": "c1e994221f96504024c7b8964e35a0026dd2429c8f0d951c1c37f442f006c66c", "busy_last": 31.0, "busy_med": 33.5, "cad_cli": true, "cad_srv": true, "cadoff_cli": false, "cadoff_srv": false, "cell": "c1s-400", "cli_busy_r1": 0.226, "cli_busy_r2": 0.192, "cli_busy_r3": 0.186, "cli_busy_r4": 0.159, "cli_busy_r5": 0.117, "cli_busy_r6": 0.0, "cli_cores": 0.914, "cli_lag_max_us": 5285.0, "cli_lag_n": 605, "cli_lag_p50_us": 794.0, "cli_lag_p99_us": 1823.0, "cli_main_cores": 0.112, "cli_n_workers": 6, "cli_park_per_s": 8770.919293612807, "cli_thr_r1": 0.205, "cli_thr_r2": 0.18, "cli_thr_r3": 0.168, "cli_threads": [["raptorpath", 0.112], ["rp-w-0", 0.168], ["rp-w-1", 0.205], ["rp-w-2", 0.142], ["rp-w-3", 0.107], ["rp-w-4", 0.0], ["rp-w-5", 0.18]], "cli_top_comm": "rp-w-1", "cli_unpark_per_s": 17542.003630962205, "cli_wall_s": 6.059, "cli_workers_cores": 0.8019999999999999, "cod": 50, "coded_share": 0.00014783058614827407, "cotenant": 0, "cpu_cli": 5.6, "cpu_srv": 8.17, "diag_lines": 24, "dnf": false, "emb_echo_cli": true, "emb_gate_cli": 1, "emb_gate_srv": 1, "feed_ratio_p0": 1.0319917440660475, "gates_cli": true, "gates_srv": true, "gen_guard": false, "header": ["window", "bulk"], "mbps": 528.159, "pa_cli": 0, "pa_srv": 0, "pipe_cli": ["window", "Rlc", "bulk"], "pipe_srv": ["window", "Rlc", "bulk"], "plc_p0": 0.001, "plu_last_p0": 0.0004, "plu_med_p0": 0.0003, "problems": [], "rc": 0, "rep": 1, "rtobs_gate_cli": null, "rtobs_gate_srv": null, "rtp_floor_p0": 2308, "seconds": 6.058779, "seed": "42", "src": 338175, "srv_busy_r1": 0.453, "srv_busy_r2": 0.398, "srv_busy_r3": 0.145, "srv_busy_r4": 0.118, "srv_busy_r5": 0.1, "srv_busy_r6": 0.023, "srv_cores": 1.338, "srv_lag_max_us": 2430.0, "srv_lag_n": 605, "srv_lag_p50_us": 868.0, "srv_lag_p99_us": 1842.0, "srv_main_cores": 0.182, "srv_n_workers": 6, "srv_park_per_s": 9665.12473153808, "srv_thr_r1": 0.416, "srv_thr_r2": 0.362, "srv_thr_r3": 0.182, "srv_threads": [["raptorpath", 0.182], ["rp-w-0", 0.117], ["rp-w-1", 0.097], ["rp-w-2", 0.142], ["rp-w-3", 0.021], ["rp-w-4", 0.416], ["rp-w-5", 0.362]], "srv_top_comm": "rp-w-4", "srv_unpark_per_s": 19330.084255740956, "srv_wall_s": 6.053, "srv_workers_cores": 1.155, "status": "LIVE", "summary": true, "topo_cli": false, "topo_srv": false, "truth_egress_p0": 340651, "truth_gso_p0": 9.06, "truth_loss_p0": 0.000969, "truth_lost_p0": 330, "truth_rcvbuf_drops": 0, "util": 0.9242786376595019, "wake": {"ack": 10331, "defc": 0, "flush": 0, "gen": 0, "nack": 38, "pace": 0, "paused": 356, "tail": 2, "timer_acked": 9, "tun": 8371}, "wall_s": 9.0, "winline_cli": true, "winline_srv": true}
=== rep=1 seed=42 cell=c1s-400 arm=P2A attempt=1 pipeline=window hint=bulk spec=c1/c1/single bytes=400000000 ackdiag=0 bin=/home/vibe/p2arun/bin/p2a/raptorpath sha=5e74772ceb4c66a4 21:12:23
COTENANT c1s-400-P2A s42 rep=1 before=0 after=0 load=2.12 1.99 2.92
--- RWM-C perf pipeline=window mode=single hint=bulk A=c1 B=c1 ooo=0 extra='' T=default (400000000 x 1) start=23:12:25
{"bytes":400000000,"dnf":0,"hint":"bulk","max_s":9.6441,"mean_mbps":331.81,"mean_s":9.6441,"median_s":9.6441,"min_s":9.6441,"proto":"rp-native","runs":1,"stdev_s":0.0,"summary":true}
    CPU: CPUSRV=12.47s CPUCLI=10.86s (srv=decoder cli=sender; whole-invocation incl warmup)
    [THR] sum phase=xfer side=client run=1 workers=6 busy_s=12.488 threads=7 cpu_s=10.780 cores=1.118 wall_s=9.644
    [LAG] phase=xfer side=client run=1 tick_ms=10 n=964 p50_us=721 p99_us=1986 max_us=5718 dropped=0
    [THR] sum phase=xfer side=server obj=0 workers=6 busy_s=0.000 threads=7 cpu_s=0.000 cores=0.000 wall_s=0.000
    [LAG] phase=xfer side=server obj=0 tick_ms=10 n=0 p50_us=- p99_us=- max_us=- dropped=0
    [THR] sum phase=xfer side=server obj=1 workers=6 busy_s=15.804 threads=7 cpu_s=12.420 cores=1.288 wall_s=9.640
    [LAG] phase=xfer side=server obj=1 tick_ms=10 n=964 p50_us=911 p99_us=1939 max_us=3726 dropped=0
    [TRUTH] leg=0 dev=cli0 egress_dgrams=352123 egress_skbs=70402 gso=5.00 netem_sent_dgrams=351783 netem_dropped_skbs=72 backlog=0 lost=340 loss=0.000966 rcvbuf_drops=0 rcvbuf_scope=netns
RUNTIME c1s-400-P2A s42 rep=1 attempt=1 12s rc=0
TP2ROW {"acks_per_dgram": 0.9999389236515106, "arm": "P2A", "bin": "p2a", "bin_sha": "5e74772ceb4c66a4f61f7962951dd6b14bf580e4b27012d63c62883d40c45a37", "busy_last": 22.0, "busy_med": 57.0, "cad_cli": true, "cad_srv": true, "cadoff_cli": false, "cadoff_srv": false, "cell": "c1s-400", "cli_busy_r1": 0.265, "cli_busy_r2": 0.25, "cli_busy_r3": 0.235, "cli_busy_r4": 0.226, "cli_busy_r5": 0.223, "cli_busy_r6": 0.095, "cli_cores": 1.118, "cli_lag_max_us": 5718.0, "cli_lag_n": 964, "cli_lag_p50_us": 721.0, "cli_lag_p99_us": 1986.0, "cli_main_cores": 0.0, "cli_n_workers": 6, "cli_park_per_s": 24192.762339278306, "cli_thr_r1": 0.23, "cli_thr_r2": 0.214, "cli_thr_r3": 0.201, "cli_threads": [["raptorpath", 0.0], ["rp-w-0", 0.084], ["rp-w-1", 0.199], ["rp-w-2", 0.214], ["rp-w-3", 0.19], ["rp-w-4", 0.201], ["rp-w-5", 0.23]], "cli_top_comm": "rp-w-5", "cli_unpark_per_s": 48385.52467855661, "cli_wall_s": 9.644, "cli_workers_cores": 1.118, "cod": 75, "coded_share": 0.00022263847370936478, "cotenant": 0, "cpu_cli": 10.86, "cpu_srv": 12.47, "diag_lines": 38, "dnf": false, "emb_echo_cli": true, "emb_gate_cli": 1, "emb_gate_srv": 1, "feed_ratio_p0": 1.0351966873706004, "gates_cli": true, "gates_srv": true, "gen_guard": false, "header": ["window", "bulk"], "mbps": 331.81, "pa_cli": 0, "pa_srv": 0, "pipe_cli": ["window", "Rlc", "bulk"], "pipe_srv": ["window", "Rlc", "bulk"], "plc_p0": 0.001, "plu_last_p0": 0.0002, "plu_med_p0": 0.0005, "problems": [], "rc": 0, "rep": 1, "rtobs_gate_cli": "1", "rtobs_gate_srv": "1", "rtp_floor_p0": 2553, "seconds": 9.644067, "seed": "42", "src": 336794, "srv_busy_r1": 0.389, "srv_busy_r2": 0.377, "srv_busy_r3": 0.31, "srv_busy_r4": 0.267, "srv_busy_r5": 0.23, "srv_busy_r6": 0.067, "srv_cores": 1.288, "srv_lag_max_us": 3726.0, "srv_lag_n": 964, "srv_lag_p50_us": 911.0, "srv_lag_p99_us": 1939.0, "srv_main_cores": 0.0, "srv_n_workers": 6, "srv_park_per_s": 26254.875518672197, "srv_thr_r1": 0.281, "srv_thr_r2": 0.255, "srv_thr_r3": 0.25, "srv_threads": [["raptorpath", 0.0], ["rp-w-0", 0.066], ["rp-w-1", 0.214], ["rp-w-2", 0.281], ["rp-w-3", 0.222], ["rp-w-4", 0.255], ["rp-w-5", 0.25]], "srv_top_comm": "rp-w-2", "srv_unpark_per_s": 52509.543568464724, "srv_wall_s": 9.64, "srv_workers_cores": 1.288, "status": "LIVE", "summary": true, "topo_cli": true, "topo_srv": true, "truth_egress_p0": 352123, "truth_gso_p0": 5.0, "truth_loss_p0": 0.000966, "truth_lost_p0": 340, "truth_rcvbuf_drops": 0, "util": 1.12608093660071, "wake": {"ack": 60240, "defc": 0, "flush": 0, "gen": 0, "nack": 55, "pace": 0, "paused": 283, "tail": 3, "timer_acked": 4, "tun": 32366}, "wall_s": 12.0, "winline_cli": true, "winline_srv": true}
=== rep=1 seed=42 cell=c8-100 arm=P2A attempt=1 pipeline=window hint=bulk spec=c2/c3/dual bytes=100000000 ackdiag=0 bin=/home/vibe/p2arun/bin/p2a/raptorpath sha=5e74772ceb4c66a4 21:12:35
COTENANT c8-100-P2A s42 rep=1 before=0 after=0 load=2.27 2.03 2.92
--- RWM-C perf pipeline=window mode=dual hint=bulk A=c2 B=c3 ooo=0 extra='' T=default (100000000 x 1) start=23:12:37
{"bytes":100000000,"dnf":0,"hint":"bulk","max_s":9.5541,"mean_mbps":83.733,"mean_s":9.5541,"median_s":9.5541,"min_s":9.5541,"proto":"rp-native","runs":1,"stdev_s":0.0,"summary":true}
    CPU: CPUSRV=6.91s CPUCLI=7.07s (srv=decoder cli=sender; whole-invocation incl warmup)
    [THR] sum phase=xfer side=client run=1 workers=6 busy_s=7.320 threads=7 cpu_s=7.010 cores=0.734 wall_s=9.554
    [LAG] phase=xfer side=client run=1 tick_ms=10 n=955 p50_us=1226 p99_us=2292 max_us=4610 dropped=0
    [THR] sum phase=xfer side=server obj=0 workers=6 busy_s=0.000 threads=7 cpu_s=0.000 cores=0.000 wall_s=0.000
    [LAG] phase=xfer side=server obj=0 tick_ms=10 n=0 p50_us=- p99_us=- max_us=- dropped=0
    [THR] sum phase=xfer side=server obj=1 workers=6 busy_s=7.157 threads=7 cpu_s=6.850 cores=0.719 wall_s=9.523
    [LAG] phase=xfer side=server obj=1 tick_ms=10 n=953 p50_us=944 p99_us=1913 max_us=3603 dropped=0
[THR] sum phase=xfer side=server obj=1 workers=6 busy_s=7.157 threads=7 cpu_s=6.850 cores=0.719 wall_s=9.523
[LAG] phase=xfer side=server obj=1 tick_ms=10 n=953 p50_us=944 p99_us=1913 max_us=3603 dropped=0
    [TRUTH] leg=0 dev=cli0 egress_dgrams=77803 egress_skbs=22266 gso=3.49 netem_sent_dgrams=75849 netem_dropped_skbs=566 backlog=0 lost=1954 loss=0.025115 rcvbuf_drops=0 rcvbuf_scope=netns
    [TRUTH] leg=1 dev=cli1 egress_dgrams=16955 egress_skbs=8656 gso=1.96 netem_sent_dgrams=16289 netem_dropped_skbs=348 backlog=0 lost=666 loss=0.039280 rcvbuf_drops=0 rcvbuf_scope=netns
RUNTIME c8-100-P2A s42 rep=1 attempt=1 12s rc=0
TP2ROW {"acks_per_dgram": 1.000058899752621, "arm": "P2A", "bin": "p2a", "bin_sha": "5e74772ceb4c66a4f61f7962951dd6b14bf580e4b27012d63c62883d40c45a37", "busy_last": 2.0, "busy_med": 52.0, "cad_cli": true, "cad_srv": true, "cadoff_cli": false, "cadoff_srv": false, "cell": "c8-100", "cli_busy_r1": 0.161, "cli_busy_r2": 0.142, "cli_busy_r3": 0.136, "cli_busy_r4": 0.121, "cli_busy_r5": 0.105, "cli_busy_r6": 0.101, "cli_cores": 0.734, "cli_lag_max_us": 4610.0, "cli_lag_n": 955, "cli_lag_p50_us": 1226.0, "cli_lag_p99_us": 2292.0, "cli_main_cores": 0.0, "cli_n_workers": 6, "cli_park_per_s": 9337.345614402344, "cli_thr_r1": 0.152, "cli_thr_r2": 0.136, "cli_thr_r3": 0.131, "cli_threads": [["raptorpath", 0.0], ["rp-w-0", 0.136], ["rp-w-1", 0.1], ["rp-w-2", 0.097], ["rp-w-3", 0.152], ["rp-w-4", 0.131], ["rp-w-5", 0.117]], "cli_top_comm": "rp-w-3", "cli_unpark_per_s": 18674.691228804688, "cli_wall_s": 9.554, "cli_workers_cores": 0.733, "cod": 324, "coded_share": 0.0038149962321024867, "cotenant": 0, "cpu_cli": 7.07, "cpu_srv": 6.91, "diag_lines": 37, "dnf": false, "emb_echo_cli": true, "emb_gate_cli": 1, "emb_gate_srv": 1, "feed_ratio_p0": 0.9994027473621343, "feed_ratio_p1": 0.985234215885947, "gates_cli": true, "gates_srv": true, "gen_guard": false, "header": ["window", "bulk"], "mbps": 83.733, "pa_cli": 0, "pa_srv": 0, "pipe_cli": ["window", "Rlc", "bulk"], "pipe_srv": ["window", "Rlc", "bulk"], "plc_p0": 0.0251, "plc_p1": 0.0387, "plu_last_p0": 0.0262, "plu_last_p1": 0.0277, "plu_med_p0": 0.0127, "plu_med_p1": 0.0391, "problems": [], "rc": 0, "rep": 1, "rtobs_gate_cli": "1", "rtobs_gate_srv": "1", "rtp_floor_p0": 8015, "rtp_floor_p1": 48254, "seconds": 9.554126, "seed": "42", "src": 84604, "srv_busy_r1": 0.145, "srv_busy_r2": 0.144, "srv_busy_r3": 0.122, "srv_busy_r4": 0.12, "srv_busy_r5": 0.116, "srv_busy_r6": 0.104, "srv_cores": 0.719, "srv_lag_max_us": 3603.0, "srv_lag_n": 953, "srv_lag_p50_us": 944.0, "srv_lag_p99_us": 1913.0, "srv_main_cores": 0.0, "srv_n_workers": 6, "srv_park_per_s": 16299.275438412265, "srv_thr_r1": 0.141, "srv_thr_r2": 0.134, "srv_thr_r3": 0.119, "srv_threads": [["raptorpath", 0.0], ["rp-w-0", 0.11], ["rp-w-1", 0.098], ["rp-w-2", 0.119], ["rp-w-3", 0.134], ["rp-w-4", 0.141], ["rp-w-5", 0.118]], "srv_top_comm": "rp-w-4", "srv_unpark_per_s": 32598.65588575029, "srv_wall_s": 9.523, "srv_workers_cores": 0.72, "status": "LIVE", "summary": true, "topo_cli": true, "topo_srv": true, "truth_egress_p0": 77803, "truth_egress_p1": 16955, "truth_gso_p0": 3.49, "truth_gso_p1": 1.96, "truth_loss_p0": 0.025115, "truth_loss_p1": 0.03928, "truth_lost_p0": 1954, "truth_lost_p1": 666, "truth_rcvbuf_drops": 0, "util": 0.7399944275384269, "wake": {"ack": 18130, "defc": 0, "flush": 0, "gen": 0, "nack": 1159, "pace": 0, "paused": 276, "tail": 82, "timer_acked": 6, "tun": 2527}, "wall_s": 12.0, "winline_cli": true, "winline_srv": true}
=== rep=1 seed=42 cell=c8-100 arm=MAIN attempt=1 pipeline=window hint=bulk spec=c2/c3/dual bytes=100000000 ackdiag=0 bin=/home/vibe/p2arun/bin/main/raptorpath sha=c1e994221f965040 21:12:47
COTENANT c8-100-MAIN s42 rep=1 before=0 after=0 load=2.39 2.06 2.92
--- RWM-C perf pipeline=window mode=dual hint=bulk A=c2 B=c3 ooo=0 extra='' T=default (100000000 x 1) start=23:12:48
{"bytes":100000000,"dnf":0,"hint":"bulk","max_s":7.6694,"mean_mbps":104.311,"mean_s":7.6694,"median_s":7.6694,"min_s":7.6694,"proto":"rp-native","runs":1,"stdev_s":0.0,"summary":true}
    CPU: CPUSRV=5.58s CPUCLI=4.77s (srv=decoder cli=sender; whole-invocation incl warmup)
    [THR] sum phase=xfer side=client run=1 workers=6 busy_s=4.535 threads=7 cpu_s=4.710 cores=0.614 wall_s=7.670
    [LAG] phase=xfer side=client run=1 tick_ms=10 n=766 p50_us=244 p99_us=1158 max_us=4102 dropped=0
    [THR] sum phase=xfer side=server obj=0 workers=6 busy_s=0.000 threads=7 cpu_s=0.000 cores=0.000 wall_s=0.000
    [LAG] phase=xfer side=server obj=0 tick_ms=10 n=0 p50_us=- p99_us=- max_us=- dropped=0
    [THR] sum phase=xfer side=server obj=1 workers=6 busy_s=5.607 threads=7 cpu_s=5.510 cores=0.720 wall_s=7.658
    [LAG] phase=xfer side=server obj=1 tick_ms=10 n=765 p50_us=702 p99_us=1659 max_us=5078 dropped=0
[THR] sum phase=xfer side=server obj=1 workers=6 busy_s=5.607 threads=7 cpu_s=5.510 cores=0.720 wall_s=7.658
[LAG] phase=xfer side=server obj=1 tick_ms=10 n=765 p50_us=702 p99_us=1659 max_us=5078 dropped=0
    [TRUTH] leg=0 dev=cli0 egress_dgrams=82037 egress_skbs=19606 gso=4.18 netem_sent_dgrams=79854 netem_dropped_skbs=509 backlog=0 lost=2183 loss=0.026610 rcvbuf_drops=0 rcvbuf_scope=netns
    [TRUTH] leg=1 dev=cli1 egress_dgrams=18387 egress_skbs=9863 gso=1.86 netem_sent_dgrams=17568 netem_dropped_skbs=415 backlog=0 lost=819 loss=0.044542 rcvbuf_drops=0 rcvbuf_scope=netns
RUNTIME c8-100-MAIN s42 rep=1 attempt=1 10s rc=0
TP2ROW {"acks_per_dgram": 0.9998485842628577, "arm": "MAIN", "bin": "main", "bin_sha": "c1e994221f96504024c7b8964e35a0026dd2429c8f0d951c1c37f442f006c66c", "busy_last": 24.0, "busy_med": 27.0, "cad_cli": true, "cad_srv": true, "cadoff_cli": false, "cadoff_srv": false, "cell": "c8-100", "cli_busy_r1": 0.12, "cli_busy_r2": 0.116, "cli_busy_r3": 0.114, "cli_busy_r4": 0.093, "cli_busy_r5": 0.089, "cli_busy_r6": 0.06, "cli_cores": 0.614, "cli_lag_max_us": 4102.0, "cli_lag_n": 766, "cli_lag_p50_us": 244.0, "cli_lag_p99_us": 1158.0, "cli_main_cores": 0.027, "cli_n_workers": 6, "cli_park_per_s": 11806.127770534551, "cli_thr_r1": 0.119, "cli_thr_r2": 0.115, "cli_thr_r3": 0.115, "cli_threads": [["raptorpath", 0.027], ["rp-w-0", 0.115], ["rp-w-1", 0.115], ["rp-w-2", 0.087], ["rp-w-3", 0.091], ["rp-w-4", 0.119], ["rp-w-5", 0.06]], "cli_top_comm": "rp-w-4", "cli_unpark_per_s": 23612.38591916558, "cli_wall_s": 7.67, "cli_workers_cores": 0.587, "cod": 633, "coded_share": 0.007426352405645435, "cotenant": 0, "cpu_cli": 4.77, "cpu_srv": 5.58, "diag_lines": 30, "dnf": false, "emb_echo_cli": true, "emb_gate_cli": 1, "emb_gate_srv": 1, "feed_ratio_p0": 1.0108981585869974, "feed_ratio_p1": 1.0057922859323785, "gates_cli": true, "gates_srv": true, "gen_guard": false, "header": ["window", "bulk"], "mbps": 104.311, "pa_cli": 0, "pa_srv": 0, "pipe_cli": ["window", "Rlc", "bulk"], "pipe_srv": ["window", "Rlc", "bulk"], "plc_p0": 0.0269, "plc_p1": 0.0448, "plu_last_p0": 0.0202, "plu_last_p1": 0.0136, "plu_med_p0": 0.0223, "plu_med_p1": 0.04975, "problems": [], "rc": 0, "rep": 1, "rtobs_gate_cli": null, "rtobs_gate_srv": null, "rtp_floor_p0": 8878, "rtp_floor_p1": 37949, "seconds": 7.66937, "seed": "42", "src": 84604, "srv_busy_r1": 0.149, "srv_busy_r2": 0.142, "srv_busy_r3": 0.124, "srv_busy_r4": 0.12, "srv_busy_r5": 0.103, "srv_busy_r6": 0.095, "srv_cores": 0.72, "srv_lag_max_us": 5078.0, "srv_lag_n": 765, "srv_lag_p50_us": 702.0, "srv_lag_p99_us": 1659.0, "srv_main_cores": 0.014, "srv_n_workers": 6, "srv_park_per_s": 17224.601723687647, "srv_thr_r1": 0.141, "srv_thr_r2": 0.137, "srv_thr_r3": 0.121, "srv_threads": [["raptorpath", 0.014], ["rp-w-0", 0.115], ["rp-w-1", 0.137], ["rp-w-2", 0.099], ["rp-w-3", 0.121], ["rp-w-4", 0.091], ["rp-w-5", 0.141]], "srv_top_comm": "rp-w-5", "srv_unpark_per_s": 34449.0728649778, "srv_wall_s": 7.658, "srv_workers_cores": 0.704, "status": "LIVE", "summary": true, "topo_cli": false, "topo_srv": false, "truth_egress_p0": 82037, "truth_egress_p1": 18387, "truth_gso_p0": 4.18, "truth_gso_p1": 1.86, "truth_loss_p0": 0.02661, "truth_loss_p1": 0.044542, "truth_lost_p0": 2183, "truth_lost_p1": 819, "truth_rcvbuf_drops": 0, "util": 0.6219546064409462, "wake": {"ack": 24341, "defc": 0, "flush": 0, "gen": 0, "nack": 1131, "pace": 0, "paused": 512, "tail": 58, "timer_acked": 11, "tun": 2831}, "wall_s": 10.0, "winline_cli": true, "winline_srv": true}
BLOCK-COMPLETE rep=1 seed=42 block=0 2026-10-05T21:12:57Z
=== ARMCOUNTS 2026-10-05T21:12:57Z
TP2-BATTERY-DONE tag=smoke blocks=1 2026-10-05T21:12:57Z
