LOCKS-HELD-BY-ENVELOPE stage3_run_all:415462
=== STAGE3 BATTERY tag=smoke reps_per_seed=1 seeds='42' cells='c1s-400 c1d-400 c2-100 c3-25 c7-100 c8-100' no_cad=0 2026-09-30T12:32:44Z
=== binary /home/vibe/stage3/bin/raptorpath sha256 f3743664cb48ad81deef239d44710f4b12bf08f2db65c6d90fc5a947ed500035
=== source b3c6923 2026-09-30T12:28:15Z meas/stage3-baseline (engine = main e74891d)
=== env RWM_GEN=0 RWM_DIAG=1 RWM_PERF_TIMEOUT_S=150 runs=1; CAD: RWM_EST_CADENCE=1 RWM_POOL_ANCHOR=0; soft_deadline=none block_est=none
Model name:                              Intel(R) Xeon(R) CPU E5-2650 v3 @ 2.30GHz
Flags:                                   fpu vme de pse tsc msr pae mce cx8 apic sep mtrr pge mca cmov pat pse36 clflush mmx fxsr sse sse2 ss ht syscall nx pdpe1gb rdtscp lm arch_perfmon rep_good nopl xtopology cpuid tsc_known_freq pni pclmulqdq vmx ssse3 fma cx16 pdcm pcid sse4_1 sse4_2 x2apic movbe popcnt tsc_deadline_timer aes xsave avx f16c rdrand hypervisor lahf_lm abm cpuid_fault pti ssbd ibrs ibpb stibp tpr_shadow flexpriority ept vpid ept_ad fsgsbase tsc_adjust bmi1 avx2 smep bmi2 erms invpcid xsaveopt arat vnmi umip md_clear flush_l1d arch_capabilities
=== rep=1 seed=42 cell=c2-100 arm=A1 attempt=1 pipeline=window hint=bulk spec=c2/c2/single bytes=100000000 12:32:44
COTENANT c2-100-A1 s42 rep=1 before=0 after=0 load=1.06 1.02 0.96
--- RWM-C perf pipeline=window mode=single hint=bulk A=c2 B=c2 ooo=0 extra='' T=default (100000000 x 1) start=14:32:45
{"bytes":100000000,"dnf":0,"hint":"bulk","max_s":8.9806,"mean_mbps":89.081,"mean_s":8.9806,"median_s":8.9806,"min_s":8.9806,"proto":"rp-native","runs":1,"stdev_s":0.0,"summary":true}
    CPU: CPUSRV=4.62s CPUCLI=4.77s (srv=decoder cli=sender; whole-invocation incl warmup)
    [TRUTH] leg=0 dev=cli0 egress_dgrams=91432 egress_skbs=16406 gso=5.57 netem_sent_dgrams=88894 netem_dropped_skbs=430 backlog=0 lost=2538 loss=0.027758 rcvbuf_drops=0 rcvbuf_scope=netns
RUNTIME c2-100-A1 s42 rep=1 attempt=1 11s rc=0
S3ROW {"arm": "A1", "busy_last": 18.0, "busy_med": 18.0, "cad_cli": false, "cad_srv": false, "cell": "c2-100", "cod": 452, "coded_share": 0.005314145974416855, "cotenant": 0, "cpu_cli": 4.77, "cpu_srv": 4.62, "diag_lines": 36, "dnf": false, "feed_ratio_p0": 0.9979105122847467, "gates_cli": true, "gates_srv": true, "gen_guard": false, "header": ["window", "bulk"], "mbps": 89.081, "pa_cli": 0, "pa_srv": 0, "pipe_cli": ["window", "Rlc", "bulk"], "pipe_srv": ["window", "Rlc", "bulk"], "plc_p0": 0.0277, "plu_last_p0": 0.0701, "plu_med_p0": 0.0354, "problems": [], "rc": 0, "rep": 1, "seconds": 8.980615, "seed": "42", "src": 84604, "status": "LIVE", "summary": true, "truth_egress_p0": 91432, "truth_gso_p0": 5.57, "truth_loss_p0": 0.027758, "truth_lost_p0": 2538, "truth_rcvbuf_drops": 0, "util": 0.5311440252143088, "wall_s": 11.0, "winline_cli": true, "winline_srv": true}
=== rep=1 seed=42 cell=c7-100 arm=A2 attempt=1 pipeline=window hint=bulk spec=c2/c2/dual bytes=100000000 12:32:55
COTENANT c7-100-A2 s42 rep=1 before=0 after=0 load=1.37 1.09 0.98
--- RWM-C perf pipeline=window mode=dual hint=bulk A=c2 B=c2 ooo=0 extra='' T=default (100000000 x 1) start=14:32:57
{"bytes":100000000,"dnf":0,"hint":"bulk","max_s":4.512,"mean_mbps":177.306,"mean_s":4.512,"median_s":4.512,"min_s":4.512,"proto":"rp-native","runs":1,"stdev_s":0.0,"summary":true}
    CPU: CPUSRV=5.50s CPUCLI=6.79s (srv=decoder cli=sender; whole-invocation incl warmup)
    [TRUTH] leg=0 dev=cli0 egress_dgrams=46855 egress_skbs=17627 gso=2.66 netem_sent_dgrams=45572 netem_dropped_skbs=465 backlog=0 lost=1283 loss=0.027382 rcvbuf_drops=0 rcvbuf_scope=netns
    [TRUTH] leg=1 dev=cli1 egress_dgrams=45346 egress_skbs=15339 gso=2.96 netem_sent_dgrams=44256 netem_dropped_skbs=375 backlog=0 lost=1090 loss=0.024037 rcvbuf_drops=0 rcvbuf_scope=netns
RUNTIME c7-100-A2 s42 rep=1 attempt=1 7s rc=0
S3ROW {"arm": "A2", "busy_last": 68.0, "busy_med": 81.5, "cad_cli": false, "cad_srv": false, "cell": "c7-100", "cod": 486, "coded_share": 0.005711599482900459, "cotenant": 0, "cpu_cli": 6.79, "cpu_srv": 5.5, "diag_lines": 18, "dnf": false, "feed_ratio_p0": 1.0043094003359871, "feed_ratio_p1": 0.9859799475808129, "gates_cli": true, "gates_srv": true, "gen_guard": false, "header": ["window", "bulk"], "mbps": 177.306, "pa_cli": 0, "pa_srv": 0, "pipe_cli": ["window", "Rlc", "bulk"], "pipe_srv": ["window", "Rlc", "bulk"], "plc_p0": 0.0275, "plc_p1": 0.0237, "plu_last_p0": 0.0354, "plu_last_p1": 0.1139, "plu_med_p0": 0.039150000000000004, "plu_med_p1": 0.035449999999999995, "problems": [], "rc": 0, "rep": 1, "seconds": 4.51197, "seed": "42", "src": 84604, "status": "LIVE", "summary": true, "truth_egress_p0": 46855, "truth_egress_p1": 45346, "truth_gso_p0": 2.66, "truth_gso_p1": 2.96, "truth_loss_p0": 0.027382, "truth_loss_p1": 0.024037, "truth_lost_p0": 1283, "truth_lost_p1": 1090, "truth_rcvbuf_drops": 0, "util": 1.504885892415065, "wall_s": 7.0, "winline_cli": true, "winline_srv": true}
=== rep=1 seed=42 cell=c1d-400 arm=CAD attempt=1 pipeline=window hint=bulk spec=c1/c1/dual bytes=400000000 12:33:02
COTENANT c1d-400-CAD s42 rep=1 before=0 after=0 load=2.33 1.31 1.06
--- RWM-C perf pipeline=window mode=dual hint=bulk A=c1 B=c1 ooo=0 extra='' T=default (400000000 x 1) start=14:33:03
{"bytes":400000000,"dnf":0,"hint":"bulk","max_s":11.5822,"mean_mbps":276.286,"mean_s":11.5822,"median_s":11.5822,"min_s":11.5822,"proto":"rp-native","runs":1,"stdev_s":0.0,"summary":true}
    CPU: CPUSRV=16.63s CPUCLI=18.78s (srv=decoder cli=sender; whole-invocation incl warmup)
    [TRUTH] leg=0 dev=cli0 egress_dgrams=206883 egress_skbs=57101 gso=3.62 netem_sent_dgrams=206675 netem_dropped_skbs=62 backlog=0 lost=208 loss=0.001005 rcvbuf_drops=12 rcvbuf_scope=netns
    [TRUTH] leg=1 dev=cli1 egress_dgrams=143906 egress_skbs=50097 gso=2.87 netem_sent_dgrams=143758 netem_dropped_skbs=44 backlog=0 lost=148 loss=0.001028 rcvbuf_drops=12 rcvbuf_scope=netns
RUNTIME c1d-400-CAD s42 rep=1 attempt=1 13s rc=0
S3ROW {"arm": "CAD", "busy_last": 54.0, "busy_med": 83.0, "cad_cli": true, "cad_srv": true, "cell": "c1d-400", "cod": 132, "coded_share": 0.0003946318115094966, "cotenant": 0, "cpu_cli": 18.78, "cpu_srv": 16.63, "diag_lines": 46, "dnf": false, "feed_ratio_p0": 1.3930348258706466, "feed_ratio_p1": 1.0700389105058365, "gates_cli": true, "gates_srv": true, "gen_guard": false, "header": ["window", "bulk"], "mbps": 276.286, "pa_cli": 0, "pa_srv": 0, "pipe_cli": ["window", "Rlc", "bulk"], "pipe_srv": ["window", "Rlc", "bulk"], "plc_p0": 0.0014, "plc_p1": 0.0011, "plu_last_p0": 0.0039, "plu_last_p1": 0.0014, "plu_med_p0": 0.0009, "plu_med_p1": 0.0014, "problems": [], "rc": 0, "rep": 1, "seconds": 11.582182, "seed": "42", "src": 334357, "status": "LIVE", "summary": true, "truth_egress_p0": 206883, "truth_egress_p1": 143906, "truth_gso_p0": 3.62, "truth_gso_p1": 2.87, "truth_loss_p0": 0.001005, "truth_loss_p1": 0.001028, "truth_lost_p0": 208, "truth_lost_p1": 148, "truth_rcvbuf_drops": 12, "util": 1.621456129768985, "wall_s": 13.0, "winline_cli": true, "winline_srv": true}
=== rep=1 seed=42 cell=c8-100 arm=BLKb attempt=1 pipeline=block hint=bulk spec=c2/c3/dual bytes=100000000 12:33:16
COTENANT c8-100-BLKb s42 rep=1 before=0 after=0 load=2.04 1.28 1.05
--- RWM-C perf pipeline=block mode=dual hint=bulk A=c2 B=c3 ooo=0 extra='' T=default (100000000 x 1) start=14:33:17
{"bytes":100000000,"dnf":0,"hint":"bulk","max_s":7.9821,"mean_mbps":100.225,"mean_s":7.9821,"median_s":7.9821,"min_s":7.9821,"proto":"rp-native","runs":1,"stdev_s":0.0,"summary":true}
    CPU: CPUSRV=3.19s CPUCLI=4.39s (srv=decoder cli=sender; whole-invocation incl warmup)
    [TRUTH] leg=0 dev=cli0 egress_dgrams=80949 egress_skbs=15051 gso=5.38 netem_sent_dgrams=79007 netem_dropped_skbs=387 backlog=0 lost=1942 loss=0.023990 rcvbuf_drops=0 rcvbuf_scope=netns
    [TRUTH] leg=1 dev=cli1 egress_dgrams=14965 egress_skbs=4825 gso=3.10 netem_sent_dgrams=14386 netem_dropped_skbs=195 backlog=0 lost=579 loss=0.038690 rcvbuf_drops=0 rcvbuf_scope=netns
RUNTIME c8-100-BLKb s42 rep=1 attempt=1 10s rc=0
S3ROW {"arm": "BLKb", "busy_last": null, "busy_med": null, "cad_cli": false, "cad_srv": false, "cell": "c8-100", "cod": null, "coded_share": null, "cotenant": 0, "cpu_cli": 4.39, "cpu_srv": 3.19, "diag_lines": 0, "dnf": false, "feed_ratio_p0": null, "feed_ratio_p1": null, "gates_cli": true, "gates_srv": true, "gen_guard": false, "header": ["block", "bulk"], "mbps": 100.225, "pa_cli": 0, "pa_srv": 0, "pipe_cli": ["block", "RaptorQ", "bulk"], "pipe_srv": ["block", "RaptorQ", "bulk"], "problems": [], "rc": 0, "rep": 1, "seconds": 7.98205, "seed": "42", "src": null, "status": "LIVE", "summary": true, "truth_egress_p0": 80949, "truth_egress_p1": 14965, "truth_gso_p0": 5.38, "truth_gso_p1": 3.1, "truth_loss_p0": 0.02399, "truth_loss_p1": 0.03869, "truth_lost_p0": 1942, "truth_lost_p1": 579, "truth_rcvbuf_drops": 0, "util": 0.5499840266598179, "wall_s": 10.0, "winline_cli": false, "winline_srv": false}
=== rep=1 seed=42 cell=c7-100 arm=WINa attempt=1 pipeline=window hint=auto spec=c2/c2/dual bytes=100000000 12:33:26
COTENANT c7-100-WINa s42 rep=1 before=0 after=0 load=2.20 1.33 1.07
--- RWM-C perf pipeline=window mode=dual hint=auto A=c2 B=c2 ooo=0 extra='' T=default (100000000 x 1) start=14:33:28
{"bytes":100000000,"dnf":0,"hint":"auto","max_s":6.1231,"mean_mbps":130.653,"mean_s":6.1231,"median_s":6.1231,"min_s":6.1231,"proto":"rp-native","runs":1,"stdev_s":0.0,"summary":true}
    CPU: CPUSRV=7.92s CPUCLI=9.22s (srv=decoder cli=sender; whole-invocation incl warmup)
    [TRUTH] leg=0 dev=cli0 egress_dgrams=58196 egress_skbs=22658 gso=2.57 netem_sent_dgrams=56730 netem_dropped_skbs=572 backlog=0 lost=1466 loss=0.025191 rcvbuf_drops=0 rcvbuf_scope=netns
    [TRUTH] leg=1 dev=cli1 egress_dgrams=56826 egress_skbs=22296 gso=2.55 netem_sent_dgrams=55367 netem_dropped_skbs=538 backlog=0 lost=1459 loss=0.025675 rcvbuf_drops=0 rcvbuf_scope=netns
RUNTIME c7-100-WINa s42 rep=1 attempt=1 8s rc=0
S3ROW {"arm": "WINa", "busy_last": 70.0, "busy_med": 91.0, "cad_cli": false, "cad_srv": false, "cell": "c7-100", "cod": 17482, "coded_share": 0.17124777148678566, "cotenant": 0, "cpu_cli": 9.22, "cpu_srv": 7.92, "diag_lines": 24, "dnf": false, "feed_ratio_p0": 1.0003572704537333, "feed_ratio_p1": 1.0204479065238559, "gates_cli": true, "gates_srv": true, "gen_guard": false, "header": ["window", "auto"], "mbps": 130.653, "pa_cli": 0, "pa_srv": 0, "pipe_cli": ["window", "Rlc", "auto"], "pipe_srv": ["window", "Rlc", "auto"], "plc_p0": 0.0252, "plc_p1": 0.0262, "plu_last_p0": 0.0354, "plu_last_p1": 0.0431, "plu_med_p0": 0.037, "plu_med_p1": 0.0451, "problems": [], "rc": 0, "rep": 1, "seconds": 6.123107, "seed": "42", "src": 84604, "status": "LIVE", "summary": true, "truth_egress_p0": 58196, "truth_egress_p1": 56826, "truth_gso_p0": 2.57, "truth_gso_p1": 2.55, "truth_loss_p0": 0.025191, "truth_loss_p1": 0.025675, "truth_lost_p0": 1466, "truth_lost_p1": 1459, "truth_rcvbuf_drops": 0, "util": 1.5057714980319632, "wall_s": 8.0, "winline_cli": true, "winline_srv": true}
=== rep=1 seed=42 cell=c3-25 arm=BLKa attempt=1 pipeline=block hint=auto spec=c3/c3/single bytes=25000000 12:33:34
COTENANT c3-25-BLKa s42 rep=1 before=0 after=0 load=1.45 1.23 1.04
--- RWM-C perf pipeline=block mode=single hint=auto A=c3 B=c3 ooo=0 extra='' T=default (25000000 x 1) start=14:33:36
{"bytes":25000000,"dnf":0,"hint":"auto","max_s":26.8138,"mean_mbps":7.459,"mean_s":26.8138,"median_s":26.8138,"min_s":26.8138,"proto":"rp-native","runs":1,"stdev_s":0.0,"summary":true}
    CPU: CPUSRV=2.81s CPUCLI=5.53s (srv=decoder cli=sender; whole-invocation incl warmup)
    [TRUTH] leg=0 dev=cli0 egress_dgrams=61714 egress_skbs=21304 gso=2.90 netem_sent_dgrams=56530 netem_dropped_skbs=1096 backlog=2270 lost=2914 loss=0.047218 rcvbuf_drops=0 rcvbuf_scope=netns
RUNTIME c3-25-BLKa s42 rep=1 attempt=1 29s rc=0
S3ROW {"arm": "BLKa", "busy_last": null, "busy_med": null, "cad_cli": false, "cad_srv": false, "cell": "c3-25", "cod": null, "coded_share": null, "cotenant": 0, "cpu_cli": 5.53, "cpu_srv": 2.81, "diag_lines": 0, "dnf": false, "feed_ratio_p0": null, "gates_cli": true, "gates_srv": true, "gen_guard": false, "header": ["block", "auto"], "mbps": 7.459, "pa_cli": 0, "pa_srv": 0, "pipe_cli": ["block", "RaptorQ", "auto"], "pipe_srv": ["block", "RaptorQ", "auto"], "problems": [], "rc": 0, "rep": 1, "seconds": 26.813796, "seed": "42", "src": null, "status": "LIVE", "summary": true, "truth_egress_p0": 61714, "truth_gso_p0": 2.9, "truth_loss_p0": 0.047218, "truth_lost_p0": 2914, "truth_rcvbuf_drops": 0, "util": 0.2062371176389945, "wall_s": 29.0, "winline_cli": false, "winline_srv": false}
BLOCK-COMPLETE rep=1 seed=42 block=0 2026-09-30T12:34:03Z
=== ARMCOUNTS 2026-09-30T12:34:03Z
STAGE3-BATTERY-DONE tag=smoke blocks=1 2026-09-30T12:34:03Z
