=== tail matrix (task #61 flip-gate) @ c2 seed=42 arms='ship', 1 reps/arm (warm tunnel), 50msg/s x20s sizes='400' 14:34:03
--- ship 400B start=14:34:04
ARMENV ship 400B: hint=realtime env='<unset>' flags='' rate=50 dur=20
  ECHO ship 400B tm-s.log: ack-merge ACTIVE (RWM_ACK_MERGE: WINDOW mode sends ONE control datagram per data message instead of two — the legacy per-batch Ack is suppressed, the SACK WindowAck goes unconditional at that cadence and carries the Ack's payload in the v6 cumulative cum_expected/cum_received counters, every Ack-arm consumer re-homed onto the counter diff; BLOCK mode bit-exact; the delivery statistic/cadence/counts unchanged) copa_feed=false
  ECHO ship 400B tm-s.log: A* send-rate anchor ACTIVE (RWM_ASTAR_ANCHOR: windowed-max send rate over ~8 SRTT, clock-gap sample discard)
  ECHO ship 400B tm-s.log: clock-gap estimator hygiene ACTIVE (RWM_CLOCK_GAP: process-clock stall witness, post-stall sample discard at the ack feed sites)
  ECHO ship 400B tm-s.log: M* peer-report RTT-feed suppression ACTIVE (RWM_MSTAR_ANCHOR plain-live subset: local-echo-only RTT feed + estimator seed-from-sample)
  ECHO ship 400B tm-s.log: quinn congestion controller: BBR (shipped default; RWM_QUIC_CC overrides)
  ECHO ship 400B tm-s.log: RWM_UNIFIED=1 RWM_UNIFIED_SHED=1 RWM_TAPER_R=1 RWM_ASTAR_ANCHOR=1 RWM_MSTAR_ANCHOR=1 RWM_PLAIN_RS=0 RWM_HONEST_ANCHOR=1 RWM_HONEST_K=0 RWM_STORE_SACK_RELEASE=1 RWM_STORE_PATHS=1 RWM_STORE_PATH_POOL=2048 RWM_STORE=unset RWM_STORE_GAIN=2 RWM_STORE_BOOT=128 RWM_THREE_TERM=0 RWM_COMPOSED_CAP=0 RWM_SUM_CAP=1 RWM_LATE_BRAKE=0 RWM_DELTA_CAP=1 RWM_HONEST_CAP=0 RWM_POOL_ANCHOR=0 RWM_ACK_MERGE=1 RWM_LOSS_SENT_TRUTH=0 RWM_RELEASE_1TO1=0 RWM_CHARGE_RECOVERY=0 RWM_SIDLE_DERIVED=0 RWM_COLD_PLACE=0 RWM_PLACE_T_DERIVED=0 RWM_PLACE_HOL=0 RWM_PLACE_WDIV_DERIVED=0 RWM_GEN=1 RWM_PIPELINE=2 RWM_GEN_PIPE=1 RWM_GEN_R=unset RWM_GEN_RATE=9000 RWM_GEN_RATE_FLOOR=2000 RWM_GEN_INFLIGHT=unset RWM_OOO_RETAIN=0/16 RWM_WINDOW=unset RWM_REPORT_GENS=unset RWM_REPAIR_WAIT=unset RWM_CODED_SRC=0 RWM_NO_REACTIVE=0 RWM_XPATH_REPAIR=0 RWM_PROACTIVE_PACER=0 RWM_REASM_BDP=0 RWM_MIN_R=0 RWM_CC_PACE=0 RWM_CC_PACE_HR=1.1 RWM_REACT_CAP=unset RWM_INFL_CAP=0 RWM_INFL_BDP=unset RWM_COPA_FEED=0 RWM_RS_ATTR=1 RWM_EMIT_BATCH=0 RWM_EMIT_BURST=64 RWM_RECOV_MP=1 RWM_RECOV_MP_LAW=1 RWM_RECOV_SP=0 RWM_DERIVED_SWEEP=0 RWM_HOLDDOWN_Q=unset RWM_REFRESH_FLOOR_US=unset RWM_DELTA=unset RWM_COPA_DELTA=unset RWM_COMPLETION_EXPOSURE=0 RWM_RECV_REQUEST_LAW=0 RWM_RANK_FEEDBACK=0 RWM_DIAG=1 RWM_ACKDIAG=0 RWM_ACKDIAG_WINDOW_US=2000000 RWM_RTT_DUMP=0 RWM_RTT_DUMP_MAX=400000 RWM_SUCC_DUMP=0 RWM_SUCC_DUMP_MAX=200000 RWM_WALLDIAG=0 RWM_CPUPROF=0 RWM_RDIAG=0 RWM_FDIAG=0 RWM_TRACE=0 RWM_PFRAC=0
  ECHO ship 400B tm-s.log: RWM_UNIFIED: Realtime rides the RLC span machine (small-δ parameterization, no code-family switch)
  ECHO ship 400B tm-s.log: RWM_UNIFIED: receive path on the unified global decoder (one machine, both wires) generation=false
  ECHO ship 400B tm-s.log: sliding-window FEC mode symbol_size=512 backend=Rlc
  ECHO ship 400B tm-s.log: unified overload shedding ACTIVE at receiver (RWM_UNIFIED_SHED: in-order hold = delta-derived b*SRTT within the eps-class give-up budget)
  ECHO ship 400B tm-s.log: unified overload shedding ACTIVE (RWM_UNIFIED_SHED: past-deadline holes shed within the derived 1-rho budget; =0 = serializing arm)
  ECHO ship 400B tm-s.log: unified span law ACTIVE (RWM_UNIFIED: plain-mode proactive repair over the trailing solvable span [end-A*, end-Δ), A* from δ) hint=Realtime
  ECHO ship 400B tm-c.log: ack-merge ACTIVE (RWM_ACK_MERGE: WINDOW mode sends ONE control datagram per data message instead of two — the legacy per-batch Ack is suppressed, the SACK WindowAck goes unconditional at that cadence and carries the Ack's payload in the v6 cumulative cum_expected/cum_received counters, every Ack-arm consumer re-homed onto the counter diff; BLOCK mode bit-exact; the delivery statistic/cadence/counts unchanged) copa_feed=false
  ECHO ship 400B tm-c.log: A* send-rate anchor ACTIVE (RWM_ASTAR_ANCHOR: windowed-max send rate over ~8 SRTT, clock-gap sample discard)
  ECHO ship 400B tm-c.log: clock-gap estimator hygiene ACTIVE (RWM_CLOCK_GAP: process-clock stall witness, post-stall sample discard at the ack feed sites)
  ECHO ship 400B tm-c.log: M* peer-report RTT-feed suppression ACTIVE (RWM_MSTAR_ANCHOR plain-live subset: local-echo-only RTT feed + estimator seed-from-sample)
  ECHO ship 400B tm-c.log: quinn congestion controller: BBR (shipped default; RWM_QUIC_CC overrides)
  ECHO ship 400B tm-c.log: RWM_UNIFIED=1 RWM_UNIFIED_SHED=1 RWM_TAPER_R=1 RWM_ASTAR_ANCHOR=1 RWM_MSTAR_ANCHOR=1 RWM_PLAIN_RS=0 RWM_HONEST_ANCHOR=1 RWM_HONEST_K=0 RWM_STORE_SACK_RELEASE=1 RWM_STORE_PATHS=1 RWM_STORE_PATH_POOL=2048 RWM_STORE=unset RWM_STORE_GAIN=2 RWM_STORE_BOOT=128 RWM_THREE_TERM=0 RWM_COMPOSED_CAP=0 RWM_SUM_CAP=1 RWM_LATE_BRAKE=0 RWM_DELTA_CAP=1 RWM_HONEST_CAP=0 RWM_POOL_ANCHOR=0 RWM_ACK_MERGE=1 RWM_LOSS_SENT_TRUTH=0 RWM_RELEASE_1TO1=0 RWM_CHARGE_RECOVERY=0 RWM_SIDLE_DERIVED=0 RWM_COLD_PLACE=0 RWM_PLACE_T_DERIVED=0 RWM_PLACE_HOL=0 RWM_PLACE_WDIV_DERIVED=0 RWM_GEN=1 RWM_PIPELINE=2 RWM_GEN_PIPE=1 RWM_GEN_R=unset RWM_GEN_RATE=9000 RWM_GEN_RATE_FLOOR=2000 RWM_GEN_INFLIGHT=unset RWM_OOO_RETAIN=0/16 RWM_WINDOW=unset RWM_REPORT_GENS=unset RWM_REPAIR_WAIT=unset RWM_CODED_SRC=0 RWM_NO_REACTIVE=0 RWM_XPATH_REPAIR=0 RWM_PROACTIVE_PACER=0 RWM_REASM_BDP=0 RWM_MIN_R=0 RWM_CC_PACE=0 RWM_CC_PACE_HR=1.1 RWM_REACT_CAP=unset RWM_INFL_CAP=0 RWM_INFL_BDP=unset RWM_COPA_FEED=0 RWM_RS_ATTR=1 RWM_EMIT_BATCH=0 RWM_EMIT_BURST=64 RWM_RECOV_MP=1 RWM_RECOV_MP_LAW=1 RWM_RECOV_SP=0 RWM_DERIVED_SWEEP=0 RWM_HOLDDOWN_Q=unset RWM_REFRESH_FLOOR_US=unset RWM_DELTA=unset RWM_COPA_DELTA=unset RWM_COMPLETION_EXPOSURE=0 RWM_RECV_REQUEST_LAW=0 RWM_RANK_FEEDBACK=0 RWM_DIAG=1 RWM_ACKDIAG=0 RWM_ACKDIAG_WINDOW_US=2000000 RWM_RTT_DUMP=0 RWM_RTT_DUMP_MAX=400000 RWM_SUCC_DUMP=0 RWM_SUCC_DUMP_MAX=200000 RWM_WALLDIAG=0 RWM_CPUPROF=0 RWM_RDIAG=0 RWM_FDIAG=0 RWM_TRACE=0 RWM_PFRAC=0
  ECHO ship 400B tm-c.log: RWM_UNIFIED: Realtime rides the RLC span machine (small-δ parameterization, no code-family switch)
  ECHO ship 400B tm-c.log: RWM_UNIFIED: receive path on the unified global decoder (one machine, both wires) generation=false
  ECHO ship 400B tm-c.log: sliding-window FEC mode symbol_size=512 backend=Rlc
  ECHO ship 400B tm-c.log: unified overload shedding ACTIVE at receiver (RWM_UNIFIED_SHED: in-order hold = delta-derived b*SRTT within the eps-class give-up budget)
  ECHO ship 400B tm-c.log: unified overload shedding ACTIVE (RWM_UNIFIED_SHED: past-deadline holes shed within the derived 1-rho budget; =0 = serializing arm)
  ECHO ship 400B tm-c.log: unified span law ACTIVE (RWM_UNIFIED: plain-mode proactive repair over the trailing solvable span [end-A*, end-Δ), A* from δ) hint=Realtime
  ship 400B rep1: p50=8.092ms p99=35.632ms p999=61.028ms max=61.028ms n=1000
  SPAN ship 400B tm-s.log: [SPAN] t=1.5s ack=1 win=[0,1] wsize=2 a_star=Some(1) delta=Some(1) owed=0.00 rr=0.500 debt=0.00 retx_buf=1 shed=0/0 bud=0.0000 D=6ms ar=0 agap=0/0 dg_rx=7 dg_tx=7
  SPAN ship 400B tm-s.log: [SPAN] t=2.1s ack=27 win=[0,27] wsize=28 a_star=Some(1) delta=Some(1) owed=0.00 rr=0.419 debt=0.08 retx_buf=1 shed=0/1 bud=0.0000 D=5ms ar=59 agap=0/0 dg_rx=63 dg_tx=64
  SPAN ship 400B tm-s.log: [SPAN] t=2.6s ack=53 win=[0,53] wsize=54 a_star=Some(1) delta=Some(1) owed=0.00 rr=0.241 debt=0.03 retx_buf=1 shed=0/3 bud=0.0000 D=6ms ar=128 agap=0/0 dg_rx=119 dg_tx=121
  SPAN ship 400B tm-s.log: [SPAN] t=3.1s ack=78 win=[0,78] wsize=79 a_star=Some(1) delta=Some(1) owed=0.00 rr=0.182 debt=0.09 retx_buf=1 shed=0/3 bud=0.0000 D=5ms ar=67 agap=0/0 dg_rx=169 dg_tx=171
  SPAN ship 400B tm-s.log: [SPAN] t=3.6s ack=103 win=[2,103] wsize=102 a_star=Some(1) delta=Some(1) owed=0.00 rr=0.152 debt=0.12 retx_buf=1 shed=0/3 bud=0.0000 D=6ms ar=69 agap=0/0 dg_rx=219 dg_tx=221
  SPAN ship 400B tm-s.log: [SPAN] t=4.1s ack=127 win=[110,129] wsize=20 a_star=Some(1) delta=Some(1) owed=0.00 rr=0.325 debt=0.01 retx_buf=3 shed=0/5 bud=0.0000 D=6ms ar=66 agap=0/0 dg_rx=271 dg_tx=277
  SPAN ship 400B tm-s.log: [SPAN] t=6.2s ack=232 win=[215,232] wsize=18 a_star=Some(1) delta=Some(1) owed=0.00 rr=0.340 debt=0.00 retx_buf=1 shed=0/10 bud=0.0000 D=5ms ar=62 agap=0/0 dg_rx=485 dg_tx=495
  SPAN ship 400B tm-s.log: [SPAN] t=11.3s ack=483 win=[466,483] wsize=18 a_star=Some(1) delta=Some(1) owed=0.00 rr=0.340 debt=0.00 retx_buf=1 shed=0/18 bud=0.0000 D=6ms ar=61 agap=0/0 dg_rx=998 dg_tx=1015
  SPAN ship 400B tm-s.log: [SPAN] t=16.4s ack=737 win=[720,737] wsize=18 a_star=Some(1) delta=Some(1) owed=0.00 rr=0.340 debt=0.00 retx_buf=1 shed=0/24 bud=0.0000 D=6ms ar=64 agap=0/0 dg_rx=1519 dg_tx=1543
  SPAN ship 400B tm-s.log: [SPAN] t=21.6s ack=989 win=[972,989] wsize=18 a_star=Some(1) delta=Some(1) owed=0.00 rr=0.340 debt=0.00 retx_buf=1 shed=0/36 bud=0.0000 D=5ms ar=61 agap=0/0 dg_rx=2039 dg_tx=2075
  SPAN ship 400B tm-c.log: [SPAN] t=1.5s ack=1 win=[0,1] wsize=2 a_star=Some(1) delta=Some(1) owed=0.00 rr=0.500 debt=0.00 retx_buf=1 shed=0/0 bud=0.0000 D=6ms ar=0 agap=0/0 dg_rx=6 dg_tx=6
  SPAN ship 400B tm-c.log: [SPAN] t=2.0s ack=28 win=[0,28] wsize=29 a_star=Some(1) delta=Some(1) owed=0.00 rr=0.414 debt=0.09 retx_buf=1 shed=0/0 bud=0.0000 D=5ms ar=90 agap=0/0 dg_rx=63 dg_tx=63
  SPAN ship 400B tm-c.log: [SPAN] t=2.6s ack=55 win=[0,55] wsize=56 a_star=Some(1) delta=Some(1) owed=0.00 rr=0.500 debt=0.00 retx_buf=1 shed=0/2 bud=0.0003 D=5ms ar=101 agap=0/0 dg_rx=120 dg_tx=121
  SPAN ship 400B tm-c.log: [SPAN] t=3.1s ack=81 win=[0,81] wsize=82 a_star=Some(1) delta=Some(1) owed=0.00 rr=0.381 debt=0.12 retx_buf=1 shed=0/2 bud=0.0000 D=5ms ar=50 agap=0/0 dg_rx=172 dg_tx=173
  SPAN ship 400B tm-c.log: [SPAN] t=3.6s ack=107 win=[6,107] wsize=102 a_star=Some(1) delta=Some(1) owed=0.00 rr=0.303 debt=0.20 retx_buf=1 shed=0/2 bud=0.0000 D=5ms ar=50 agap=0/0 dg_rx=224 dg_tx=225
  SPAN ship 400B tm-c.log: [SPAN] t=4.1s ack=133 win=[116,133] wsize=18 a_star=Some(1) delta=Some(1) owed=0.00 rr=0.500 debt=0.00 retx_buf=1 shed=0/3 bud=0.0104 D=5ms ar=51 agap=0/0 dg_rx=278 dg_tx=281
  SPAN ship 400B tm-c.log: [SPAN] t=6.2s ack=237 win=[220,237] wsize=18 a_star=Some(1) delta=Some(1) owed=0.00 rr=0.500 debt=0.00 retx_buf=1 shed=0/9 bud=0.0000 D=5ms ar=51 agap=0/0 dg_rx=494 dg_tx=504
  SPAN ship 400B tm-c.log: [SPAN] t=11.3s ack=495 win=[478,495] wsize=18 a_star=Some(1) delta=Some(1) owed=0.00 rr=0.500 debt=0.00 retx_buf=1 shed=0/19 bud=0.0000 D=6ms ar=51 agap=0/0 dg_rx=1020 dg_tx=1038
  SPAN ship 400B tm-c.log: [SPAN] t=16.5s ack=753 win=[736,753] wsize=18 a_star=Some(1) delta=Some(1) owed=0.00 rr=0.460 debt=0.05 retx_buf=1 shed=1/27 bud=0.0000 D=5ms ar=51 agap=0/0 dg_rx=1548 dg_tx=1568
  EVICT ship 400B tm-s.log: [RFA] gen=0 fires=22 false=6 false_frac=0.2727 fill_coded=6 fill_src=10 dup_src=5 preempt_src=1 src_n=991 rep_n=20 nu_recv=0.02220 fa_class=0.0625 rep_redundant=14 late_after_aban=5
  EVICT ship 400B tm-s.log: [SUCC] gen=0 det=15 res=6 orig_n=6 orig_p50_us=16 orig_p90_us=2816 orig_p99_us=2816 orig_mx_us=3053 orig_mean_us=992 rep_n=0 rep_p50_us=- rep_p90_us=- rep_p99_us=- rep_mx_us=- rep_mean_us=- aban_n=9 aban_p50_us=7168 aban_p90_us=7168 aban_p99_us=7168 aban_mx_us=7281 aban_mean_us=6910 open=0 over=0 orig_frac=1.0000 cross_us=- dump=0/0 sp_n=6 xp_n=0 xp_frac=0.0000 sp_p50_us=16 sp_p90_us=2816 xp_p50_us=- xp_p90_us=- rtx_n=6
  EVICT ship 400B tm-s.log: [ETA] site=sender fhat_us=1790771668619622 n=979 zero=0.0000 place_n=0 cold_r=- cold_ge=- t_eff=- t_cold=- t_n=0 hol_sh=- hol_n=0 hol_mv=- hol_calls=0 hol_w=- p0:n=962/979 drop=0 tau_us=5533 e_p50=3072 e_p90=5632 e_p99=7168 e_mx=18368 late=0.9064 sig_us=6290/n3
  EVICT ship 400B tm-s.log: [LAT] site=receiver n=983 over=6 p0:n=977 nowait=166 minrst=6 ax_n=977 ax_p50=3072 ax_p90=5120 ax_p95=5632 ax_p99=5632 ax_sum=3143023 rwxp_n=0 rwxp_p50=- rwxp_p95=- rwxp_sum=0 rwsp_n=811 rwsp_p50=1 rwsp_p95=2 rwsp_sum=6943 rwrep_n=0 rwrep_p50=- rwrep_p95=- rwrep_sum=0 rep_n=0 rep_p50=- rep_p95=- rep_sum=0 tot_p50=3072 tot_p95=5632 tot_p99=5632 sh_ax=0.9978 sh_rwxp=0.0000 sh_rwsp=0.0022 sh_rwrep=0.0000 sh_rep=0.0000
  EVICT ship 400B tm-c.log: [RFA] gen=0 fires=36 false=36 false_frac=1.0000 fill_coded=0 fill_src=0 dup_src=36 preempt_src=0 src_n=1013 rep_n=1 nu_recv=0.03554 fa_class=0.0625 rep_redundant=1 late_after_aban=0
  EVICT ship 400B tm-c.log: [SUCC] gen=0 det=0 res=0 orig_n=0 orig_p50_us=- orig_p90_us=- orig_p99_us=- orig_mx_us=- orig_mean_us=- rep_n=0 rep_p50_us=- rep_p90_us=- rep_p99_us=- rep_mx_us=- rep_mean_us=- aban_n=0 aban_p50_us=- aban_p90_us=- aban_p99_us=- aban_mx_us=- aban_mean_us=- open=0 over=0 orig_frac=- cross_us=- dump=0/0 sp_n=0 xp_n=0 xp_frac=- sp_p50_us=- sp_p90_us=- xp_p50_us=- xp_p90_us=- rtx_n=0
  EVICT ship 400B tm-c.log: [ETA] site=sender fhat_us=1790771668809583 n=1009 zero=0.0000 place_n=0 cold_r=- cold_ge=- t_eff=- t_cold=- t_n=0 hol_sh=- hol_n=0 hol_mv=- hol_calls=0 hol_w=- p0:n=981/1009 drop=0 tau_us=5389 e_p50=3072 e_p90=6144 e_p99=7680 e_mx=18763 late=0.8899 sig_us=-/n0
  EVICT ship 400B tm-c.log: [LAT] site=receiver n=977 over=0 p0:n=977 nowait=136 minrst=5 ax_n=977 ax_p50=3328 ax_p90=5120 ax_p95=5632 ax_p99=5632 ax_sum=3421692 rwxp_n=0 rwxp_p50=- rwxp_p95=- rwxp_sum=0 rwsp_n=841 rwsp_p50=1 rwsp_p95=2 rwsp_sum=1014 rwrep_n=0 rwrep_p50=- rwrep_p95=- rwrep_sum=0 rep_n=0 rep_p50=- rep_p95=- rep_sum=0 tot_p50=3328 tot_p95=5632 tot_p99=5632 sh_ax=0.9997 sh_rwxp=0.0000 sh_rwsp=0.0003 sh_rwrep=0.0000 sh_rep=0.0000
ARM ship 400B: n=1 min=36 median=36 max=36
=== done 14:34:38
EXIT rc=0 (14:34:38)
