LOCKS-HELD-BY-ENVELOPE verify4_run_all:734193
=== V4 BATTERY tag=smoke reps_per_seed=1 seeds='42' cells='c1s-400 c1d-400 c2-100 c3-25 c7-100 c8-100' no_emb=0 no_auto=0 2026-10-04T15:35:50Z
=== binary NEW /home/vibe/v4/bin/new/raptorpath sha256 aa88d648def0b1253985b9d9ad6955d2190277bebc09026aaa2b79ce64ebd262
=== binary OLD /home/vibe/v4/bin/old/raptorpath sha256 f3743664cb48ad81deef239d44710f4b12bf08f2db65c6d90fc5a947ed500035
=== source 7d8cec2b973a2f4244553aff5439f99634e83e80
=== env RWM_GEN=0 RWM_DIAG=1 RWM_PERF_TIMEOUT_S=150 runs=1; every arm env -u RWM_EST_CADENCE RWM_POOL_ANCHOR RWM_EMIT_BATCH RWM_EMIT_BURST; EMB: RWM_EMIT_BATCH=1; soft_deadline=none block_est=none
Model name:                              Intel(R) Xeon(R) CPU E5-2650 v3 @ 2.30GHz
Flags:                                   fpu vme de pse tsc msr pae mce cx8 apic sep mtrr pge mca cmov pat pse36 clflush mmx fxsr sse sse2 ss ht syscall nx pdpe1gb rdtscp lm arch_perfmon rep_good nopl xtopology cpuid tsc_known_freq pni pclmulqdq vmx ssse3 fma cx16 pdcm pcid sse4_1 sse4_2 x2apic movbe popcnt tsc_deadline_timer aes xsave avx f16c rdrand hypervisor lahf_lm abm cpuid_fault pti ssbd ibrs ibpb stibp tpr_shadow flexpriority ept vpid ept_ad fsgsbase tsc_adjust bmi1 avx2 smep bmi2 erms invpcid xsaveopt arat vnmi umip md_clear flush_l1d arch_capabilities
=== rep=1 seed=42 cell=c2-100 arm=NEW attempt=1 pipeline=window hint=bulk spec=c2/c2/single bytes=100000000 bin=/home/vibe/v4/bin/new/raptorpath sha=aa88d648def0b125 15:35:51
COTENANT c2-100-NEW s42 rep=1 before=0 after=0 load=1.20 1.60 2.12
--- RWM-C perf pipeline=window mode=single hint=bulk A=c2 B=c2 ooo=0 extra='' T=default (100000000 x 1) start=17:35:52
{"bytes":100000000,"dnf":0,"hint":"bulk","max_s":9.0669,"mean_mbps":88.233,"mean_s":9.0669,"median_s":9.0669,"min_s":9.0669,"proto":"rp-native","runs":1,"stdev_s":0.0,"summary":true}
    CPU: CPUSRV=4.87s CPUCLI=3.66s (srv=decoder cli=sender; whole-invocation incl warmup)
    [TRUTH] leg=0 dev=cli0 egress_dgrams=93927 egress_skbs=20553 gso=4.57 netem_sent_dgrams=91505 netem_dropped_skbs=542 backlog=0 lost=2422 loss=0.025786 rcvbuf_drops=0 rcvbuf_scope=netns
RUNTIME c2-100-NEW s42 rep=1 attempt=1 11s rc=0
V4ROW {"arm": "NEW", "bin": "new", "bin_sha": "aa88d648def0b1253985b9d9ad6955d2190277bebc09026aaa2b79ce64ebd262", "busy_last": 13.0, "busy_med": 13.0, "cad_cli": true, "cad_srv": true, "cadoff_cli": false, "cadoff_srv": false, "cell": "c2-100", "cod": 449, "coded_share": 0.005279061291194902, "cotenant": 0, "cpu_cli": 3.66, "cpu_srv": 4.87, "cpu_us_per_dgram": 38.96643137755917, "diag_lines": 36, "dnf": false, "egress_dgrams": 93927, "emb_echo_cli": false, "emb_echo_srv": false, "emb_gate_cli": 0, "emb_gate_srv": 0, "feed_ratio_p0": 1.0005429302722408, "gates_cli": true, "gates_srv": true, "gen_guard": false, "header": ["window", "bulk"], "mbps": 88.233, "pa_cli": 0, "pa_srv": 0, "pipe_cli": ["window", "Rlc", "bulk"], "pipe_srv": ["window", "Rlc", "bulk"], "plc_p0": 0.0258, "plu_last_p0": 0.0393, "plu_med_p0": 0.0151, "problems": [], "rc": 0, "rep": 1, "seconds": 9.066932, "seed": "42", "src": 84604, "status": "LIVE", "summary": true, "truth_egress_p0": 93927, "truth_gso_p0": 4.57, "truth_loss_p0": 0.025786, "truth_lost_p0": 2422, "truth_rcvbuf_drops": 0, "util": 0.40366465746075963, "wall_s": 11.0, "winline_cli": true, "winline_srv": true}
=== rep=1 seed=42 cell=c8-100 arm=OLD attempt=1 pipeline=window hint=bulk spec=c2/c3/dual bytes=100000000 bin=/home/vibe/v4/bin/old/raptorpath sha=f3743664cb48ad81 15:36:04
COTENANT c8-100-OLD s42 rep=1 before=0 after=0 load=1.26 1.60 2.12
--- RWM-C perf pipeline=window mode=dual hint=bulk A=c2 B=c3 ooo=0 extra='' T=default (100000000 x 1) start=17:36:06
{"bytes":100000000,"dnf":0,"hint":"bulk","max_s":7.7266,"mean_mbps":103.538,"mean_s":7.7266,"median_s":7.7266,"min_s":7.7266,"proto":"rp-native","runs":1,"stdev_s":0.0,"summary":true}
    CPU: CPUSRV=6.13s CPUCLI=7.52s (srv=decoder cli=sender; whole-invocation incl warmup)
    [TRUTH] leg=0 dev=cli0 egress_dgrams=81044 egress_skbs=20890 gso=3.88 netem_sent_dgrams=78932 netem_dropped_skbs=544 backlog=0 lost=2112 loss=0.026060 rcvbuf_drops=0 rcvbuf_scope=netns
    [TRUTH] leg=1 dev=cli1 egress_dgrams=18974 egress_skbs=12943 gso=1.47 netem_sent_dgrams=18225 netem_dropped_skbs=550 backlog=0 lost=749 loss=0.039475 rcvbuf_drops=0 rcvbuf_scope=netns
RUNTIME c8-100-OLD s42 rep=1 attempt=1 10s rc=0
V4ROW {"arm": "OLD", "bin": "old", "bin_sha": "f3743664cb48ad81deef239d44710f4b12bf08f2db65c6d90fc5a947ed500035", "busy_last": 45.0, "busy_med": 46.5, "cad_cli": false, "cad_srv": false, "cadoff_cli": false, "cadoff_srv": false, "cell": "c8-100", "cod": 746, "coded_share": 0.008740480374926772, "cotenant": 0, "cpu_cli": 7.52, "cpu_srv": 6.13, "cpu_us_per_dgram": 75.18646643604151, "diag_lines": 30, "dnf": false, "egress_dgrams": 100018, "emb_echo_cli": false, "emb_echo_srv": false, "emb_gate_cli": 0, "emb_gate_srv": 0, "feed_ratio_p0": 1.0015349194167307, "feed_ratio_p1": 0.9651678277390754, "gates_cli": true, "gates_srv": true, "gen_guard": false, "header": ["window", "bulk"], "mbps": 103.538, "pa_cli": 0, "pa_srv": 0, "pipe_cli": ["window", "Rlc", "bulk"], "pipe_srv": ["window", "Rlc", "bulk"], "plc_p0": 0.0261, "plc_p1": 0.0381, "plu_last_p0": 0.0411, "plu_last_p1": 0.0404, "plu_med_p0": 0.03634999999999999, "plu_med_p1": 0.06435, "problems": [], "rc": 0, "rep": 1, "seconds": 7.726606, "seed": "42", "src": 84604, "status": "LIVE", "summary": true, "truth_egress_p0": 81044, "truth_egress_p1": 18974, "truth_gso_p0": 3.88, "truth_gso_p1": 1.47, "truth_loss_p0": 0.02606, "truth_loss_p1": 0.039475, "truth_lost_p0": 2112, "truth_lost_p1": 749, "truth_rcvbuf_drops": 0, "util": 0.9732604457895225, "wall_s": 10.0, "winline_cli": true, "winline_srv": true}
=== rep=1 seed=42 cell=c3-25 arm=NEWa attempt=1 pipeline=window hint=auto spec=c3/c3/single bytes=25000000 bin=/home/vibe/v4/bin/new/raptorpath sha=aa88d648def0b125 15:36:14
COTENANT c3-25-NEWa s42 rep=1 before=0 after=0 load=1.21 1.57 2.10
--- RWM-C perf pipeline=window mode=single hint=auto A=c3 B=c3 ooo=0 extra='' T=default (25000000 x 1) start=17:36:16
{"bytes":25000000,"dnf":0,"hint":"auto","max_s":12.8552,"mean_mbps":15.558,"mean_s":12.8552,"median_s":12.8552,"min_s":12.8552,"proto":"rp-native","runs":1,"stdev_s":0.0,"summary":true}
    CPU: CPUSRV=1.83s CPUCLI=1.98s (srv=decoder cli=sender; whole-invocation incl warmup)
    [TRUTH] leg=0 dev=cli0 egress_dgrams=28434 egress_skbs=9022 gso=3.15 netem_sent_dgrams=27007 netem_dropped_skbs=453 backlog=1 lost=1426 loss=0.050151 rcvbuf_drops=0 rcvbuf_scope=netns
RUNTIME c3-25-NEWa s42 rep=1 attempt=1 15s rc=0
V4ROW {"arm": "NEWa", "bin": "new", "bin_sha": "aa88d648def0b1253985b9d9ad6955d2190277bebc09026aaa2b79ce64ebd262", "busy_last": 7.0, "busy_med": 6.0, "cad_cli": true, "cad_srv": true, "cadoff_cli": false, "cadoff_srv": false, "cell": "c3-25", "cod": 412, "coded_share": 0.01910591726952328, "cotenant": 0, "cpu_cli": 1.98, "cpu_srv": 1.83, "cpu_us_per_dgram": 69.63494408102976, "diag_lines": 51, "dnf": false, "egress_dgrams": 28434, "emb_echo_cli": false, "emb_echo_srv": false, "emb_gate_cli": 0, "emb_gate_srv": 0, "feed_ratio_p0": 1.0129409184263523, "gates_cli": true, "gates_srv": true, "gen_guard": false, "header": ["window", "auto"], "mbps": 15.558, "pa_cli": 0, "pa_srv": 0, "pipe_cli": ["window", "Rlc", "auto"], "pipe_srv": ["window", "Rlc", "auto"], "plc_p0": 0.0508, "plu_last_p0": 0.0143, "plu_med_p0": 0.0386, "problems": [], "rc": 0, "rep": 1, "seconds": 12.855238, "seed": "42", "src": 21152, "status": "LIVE", "summary": true, "truth_egress_p0": 28434, "truth_gso_p0": 3.15, "truth_loss_p0": 0.050151, "truth_lost_p0": 1426, "truth_rcvbuf_drops": 0, "util": 0.15402281933636702, "wall_s": 15.0, "winline_cli": true, "winline_srv": true}
=== rep=1 seed=42 cell=c2-100 arm=OLDa attempt=1 pipeline=window hint=auto spec=c2/c2/single bytes=100000000 bin=/home/vibe/v4/bin/old/raptorpath sha=f3743664cb48ad81 15:36:30
COTENANT c2-100-OLDa s42 rep=1 before=0 after=0 load=1.02 1.51 2.07
--- RWM-C perf pipeline=window mode=single hint=auto A=c2 B=c2 ooo=0 extra='' T=default (100000000 x 1) start=17:36:31
{"bytes":100000000,"dnf":0,"hint":"auto","max_s":10.6622,"mean_mbps":75.031,"mean_s":10.6622,"median_s":10.6622,"min_s":10.6622,"proto":"rp-native","runs":1,"stdev_s":0.0,"summary":true}
    CPU: CPUSRV=6.17s CPUCLI=6.26s (srv=decoder cli=sender; whole-invocation incl warmup)
    [TRUTH] leg=0 dev=cli0 egress_dgrams=107362 egress_skbs=24677 gso=4.35 netem_sent_dgrams=104753 netem_dropped_skbs=610 backlog=0 lost=2609 loss=0.024301 rcvbuf_drops=0 rcvbuf_scope=netns
RUNTIME c2-100-OLDa s42 rep=1 attempt=1 12s rc=0
V4ROW {"arm": "OLDa", "bin": "old", "bin_sha": "f3743664cb48ad81deef239d44710f4b12bf08f2db65c6d90fc5a947ed500035", "busy_last": 25.0, "busy_med": 25.0, "cad_cli": false, "cad_srv": false, "cadoff_cli": false, "cadoff_srv": false, "cell": "c2-100", "cod": 16965, "coded_share": 0.16727304996006745, "cotenant": 0, "cpu_cli": 6.26, "cpu_srv": 6.17, "cpu_us_per_dgram": 58.30740858031706, "diag_lines": 42, "dnf": false, "egress_dgrams": 107362, "emb_echo_cli": false, "emb_echo_srv": false, "emb_gate_cli": 0, "emb_gate_srv": 0, "feed_ratio_p0": 0.9958437924365252, "gates_cli": true, "gates_srv": true, "gen_guard": false, "header": ["window", "auto"], "mbps": 75.031, "pa_cli": 0, "pa_srv": 0, "pipe_cli": ["window", "Rlc", "auto"], "pipe_srv": ["window", "Rlc", "auto"], "plc_p0": 0.0242, "plu_last_p0": 0.0354, "plu_med_p0": 0.0354, "problems": [], "rc": 0, "rep": 1, "seconds": 10.662225, "seed": "42", "src": 84456, "status": "LIVE", "summary": true, "truth_egress_p0": 107362, "truth_gso_p0": 4.35, "truth_loss_p0": 0.024301, "truth_lost_p0": 2609, "truth_rcvbuf_drops": 0, "util": 0.5871194802210609, "wall_s": 12.0, "winline_cli": true, "winline_srv": true}
=== rep=1 seed=42 cell=c1s-400 arm=EMB attempt=1 pipeline=window hint=bulk spec=c1/c1/single bytes=400000000 bin=/home/vibe/v4/bin/new/raptorpath sha=aa88d648def0b125 15:36:42
COTENANT c1s-400-EMB s42 rep=1 before=0 after=0 load=1.09 1.51 2.06
--- RWM-C perf pipeline=window mode=single hint=bulk A=c1 B=c1 ooo=0 extra='' T=default (400000000 x 1) start=17:36:44
{"bytes":400000000,"dnf":0,"hint":"bulk","max_s":6.5309,"mean_mbps":489.981,"mean_s":6.5309,"median_s":6.5309,"min_s":6.5309,"proto":"rp-native","runs":1,"stdev_s":0.0,"summary":true}
    CPU: CPUSRV=8.43s CPUCLI=5.84s (srv=decoder cli=sender; whole-invocation incl warmup)
    [TRUTH] leg=0 dev=cli0 egress_dgrams=341780 egress_skbs=37473 gso=9.12 netem_sent_dgrams=341426 netem_dropped_skbs=39 backlog=0 lost=354 loss=0.001036 rcvbuf_drops=82 rcvbuf_scope=netns
RUNTIME c1s-400-EMB s42 rep=1 attempt=1 8s rc=0
V4ROW {"arm": "EMB", "bin": "new", "bin_sha": "aa88d648def0b1253985b9d9ad6955d2190277bebc09026aaa2b79ce64ebd262", "busy_last": 37.0, "busy_med": 35.0, "cad_cli": true, "cad_srv": true, "cadoff_cli": false, "cadoff_srv": false, "cell": "c1s-400", "cod": 175, "coded_share": 0.0005431088793646557, "cotenant": 0, "cpu_cli": 5.84, "cpu_srv": 8.43, "cpu_us_per_dgram": 17.087015038913922, "diag_lines": 25, "dnf": false, "egress_dgrams": 341780, "emb_echo_cli": true, "emb_echo_srv": true, "emb_gate_cli": 1, "emb_gate_srv": 1, "feed_ratio_p0": 3.3783783783783785, "gates_cli": true, "gates_srv": true, "gen_guard": false, "header": ["window", "bulk"], "mbps": 489.981, "pa_cli": 0, "pa_srv": 0, "pipe_cli": ["window", "Rlc", "bulk"], "pipe_srv": ["window", "Rlc", "bulk"], "plc_p0": 0.0035, "plu_last_p0": 0.0002, "plu_med_p0": 0.0007, "problems": [], "rc": 0, "rep": 1, "seconds": 6.530861, "seed": "42", "src": 322044, "status": "LIVE", "summary": true, "truth_egress_p0": 341780, "truth_gso_p0": 9.12, "truth_loss_p0": 0.001036, "truth_lost_p0": 354, "truth_rcvbuf_drops": 82, "util": 0.8942159387560078, "wall_s": 8.0, "winline_cli": true, "winline_srv": true}
BLOCK-COMPLETE rep=1 seed=42 block=0 2026-10-04T15:36:51Z
=== ARMCOUNTS 2026-10-04T15:36:51Z
V4-BATTERY-DONE tag=smoke blocks=1 2026-10-04T15:36:51Z
