=== tail matrix (task #61 flip-gate) @ c2 seed=42 arms='ship', 1 reps/arm (warm tunnel), 50msg/s x20s sizes='400' 17:37:04
--- ship 400B start=17:37:04
ARMENV ship 400B: hint=realtime env='<unset>' flags='' rate=50 dur=20
  ECHO ship 400B tm-s.log: ack-merge ACTIVE (RWM_ACK_MERGE: WINDOW mode sends ONE control datagram per data message instead of two — the legacy per-batch Ack is suppressed, the SACK WindowAck goes unconditional at that cadence and carries the Ack's payload in the v6 cumulative cum_expected/cum_received counters, every Ack-arm consumer re-homed onto the counter diff; BLOCK mode bit-exact; the delivery statistic/cadence/counts unchanged) copa_feed=false
  ECHO ship 400B tm-s.log: A* send-rate anchor ACTIVE (RWM_ASTAR_ANCHOR: windowed-max send rate over ~8 SRTT, clock-gap sample discard)
  ECHO ship 400B tm-s.log: clock-gap estimator hygiene ACTIVE (RWM_CLOCK_GAP: process-clock stall witness, post-stall sample discard at the ack feed sites)
  ECHO ship 400B tm-s.log: estimator heavy-math cadence ACTIVE (RWM_EST_CADENCE: BOCD update at 10 ms/loss-event cadence, accumulated counts)
  ECHO ship 400B tm-s.log: M* peer-report RTT-feed suppression ACTIVE (RWM_MSTAR_ANCHOR plain-live subset: local-echo-only RTT feed + estimator seed-from-sample)
  ECHO ship 400B tm-s.log: quinn congestion controller: BBR (shipped default; RWM_QUIC_CC overrides)
  ECHO ship 400B tm-s.log: RWM_UNIFIED=1 RWM_UNIFIED_SHED=1 RWM_TAPER_R=1 RWM_ASTAR_ANCHOR=1 RWM_MSTAR_ANCHOR=1 RWM_PLAIN_RS=0 RWM_HONEST_ANCHOR=1 RWM_HONEST_K=0 RWM_STORE_SACK_RELEASE=1 RWM_STORE_PATHS=1 RWM_STORE_PATH_POOL=2048 RWM_STORE=unset RWM_STORE_GAIN=2 RWM_STORE_BOOT=128 RWM_THREE_TERM=0 RWM_COMPOSED_CAP=0 RWM_SUM_CAP=1 RWM_LATE_BRAKE=0 RWM_DELTA_CAP=1 RWM_HONEST_CAP=0 RWM_POOL_ANCHOR=0 RWM_ACK_MERGE=1 RWM_LOSS_SENT_TRUTH=0 RWM_RELEASE_1TO1=0 RWM_CHARGE_RECOVERY=0 RWM_SIDLE_DERIVED=0 RWM_COLD_PLACE=0 RWM_PLACE_T_DERIVED=0 RWM_PLACE_HOL=0 RWM_PLACE_WDIV_DERIVED=0 RWM_GEN=1 RWM_PIPELINE=2 RWM_GEN_PIPE=1 RWM_GEN_R=unset RWM_GEN_RATE=9000 RWM_GEN_RATE_FLOOR=2000 RWM_GEN_INFLIGHT=unset RWM_OOO_RETAIN=0/16 RWM_WINDOW=unset RWM_REPORT_GENS=unset RWM_REPAIR_WAIT=unset RWM_CODED_SRC=0 RWM_NO_REACTIVE=0 RWM_XPATH_REPAIR=0 RWM_PROACTIVE_PACER=0 RWM_REASM_BDP=0 RWM_MIN_R=0 RWM_CC_PACE=0 RWM_CC_PACE_HR=1.1 RWM_REACT_CAP=unset RWM_INFL_CAP=0 RWM_INFL_BDP=unset RWM_COPA_FEED=0 RWM_RS_ATTR=1 RWM_EMIT_BATCH=0 RWM_EMIT_BURST=64 RWM_RECOV_MP=1 RWM_RECOV_MP_LAW=1 RWM_RECOV_SP=0 RWM_DERIVED_SWEEP=0 RWM_HOLDDOWN_Q=unset RWM_REFRESH_FLOOR_US=unset RWM_DELTA=unset RWM_COPA_DELTA=unset RWM_COMPLETION_EXPOSURE=0 RWM_RECV_REQUEST_LAW=0 RWM_RANK_FEEDBACK=0 RWM_DIAG=1 RWM_ACKDIAG=0 RWM_ACKDIAG_WINDOW_US=2000000 RWM_RTT_DUMP=0 RWM_RTT_DUMP_MAX=400000 RWM_SUCC_DUMP=0 RWM_SUCC_DUMP_MAX=200000 RWM_WALLDIAG=0 RWM_CPUPROF=0 RWM_RDIAG=0 RWM_FDIAG=0 RWM_TRACE=0 RWM_PFRAC=0
  ECHO ship 400B tm-s.log: RWM_UNIFIED: Realtime rides the RLC span machine (small-δ parameterization, no code-family switch)
  ECHO ship 400B tm-s.log: RWM_UNIFIED: receive path on the unified global decoder (one machine, both wires) generation=false
  ECHO ship 400B tm-s.log: sliding-window FEC mode symbol_size=512 backend=Rlc
  ECHO ship 400B tm-s.log: unified overload shedding ACTIVE at receiver (RWM_UNIFIED_SHED: in-order hold = delta-derived b*SRTT within the eps-class give-up budget)
  ECHO ship 400B tm-s.log: unified overload shedding ACTIVE (RWM_UNIFIED_SHED: past-deadline holes shed within the derived 1-rho budget; =0 = serializing arm)
  ECHO ship 400B tm-s.log: unified span law ACTIVE (RWM_UNIFIED: plain-mode proactive repair over the trailing solvable span [end-A*, end-Δ), A* from δ) hint=Realtime
  ECHO ship 400B tm-c.log: ack-merge ACTIVE (RWM_ACK_MERGE: WINDOW mode sends ONE control datagram per data message instead of two — the legacy per-batch Ack is suppressed, the SACK WindowAck goes unconditional at that cadence and carries the Ack's payload in the v6 cumulative cum_expected/cum_received counters, every Ack-arm consumer re-homed onto the counter diff; BLOCK mode bit-exact; the delivery statistic/cadence/counts unchanged) copa_feed=false
  ECHO ship 400B tm-c.log: A* send-rate anchor ACTIVE (RWM_ASTAR_ANCHOR: windowed-max send rate over ~8 SRTT, clock-gap sample discard)
  ECHO ship 400B tm-c.log: clock-gap estimator hygiene ACTIVE (RWM_CLOCK_GAP: process-clock stall witness, post-stall sample discard at the ack feed sites)
  ECHO ship 400B tm-c.log: estimator heavy-math cadence ACTIVE (RWM_EST_CADENCE: BOCD update at 10 ms/loss-event cadence, accumulated counts)
  ECHO ship 400B tm-c.log: M* peer-report RTT-feed suppression ACTIVE (RWM_MSTAR_ANCHOR plain-live subset: local-echo-only RTT feed + estimator seed-from-sample)
  ECHO ship 400B tm-c.log: quinn congestion controller: BBR (shipped default; RWM_QUIC_CC overrides)
  ECHO ship 400B tm-c.log: RWM_UNIFIED=1 RWM_UNIFIED_SHED=1 RWM_TAPER_R=1 RWM_ASTAR_ANCHOR=1 RWM_MSTAR_ANCHOR=1 RWM_PLAIN_RS=0 RWM_HONEST_ANCHOR=1 RWM_HONEST_K=0 RWM_STORE_SACK_RELEASE=1 RWM_STORE_PATHS=1 RWM_STORE_PATH_POOL=2048 RWM_STORE=unset RWM_STORE_GAIN=2 RWM_STORE_BOOT=128 RWM_THREE_TERM=0 RWM_COMPOSED_CAP=0 RWM_SUM_CAP=1 RWM_LATE_BRAKE=0 RWM_DELTA_CAP=1 RWM_HONEST_CAP=0 RWM_POOL_ANCHOR=0 RWM_ACK_MERGE=1 RWM_LOSS_SENT_TRUTH=0 RWM_RELEASE_1TO1=0 RWM_CHARGE_RECOVERY=0 RWM_SIDLE_DERIVED=0 RWM_COLD_PLACE=0 RWM_PLACE_T_DERIVED=0 RWM_PLACE_HOL=0 RWM_PLACE_WDIV_DERIVED=0 RWM_GEN=1 RWM_PIPELINE=2 RWM_GEN_PIPE=1 RWM_GEN_R=unset RWM_GEN_RATE=9000 RWM_GEN_RATE_FLOOR=2000 RWM_GEN_INFLIGHT=unset RWM_OOO_RETAIN=0/16 RWM_WINDOW=unset RWM_REPORT_GENS=unset RWM_REPAIR_WAIT=unset RWM_CODED_SRC=0 RWM_NO_REACTIVE=0 RWM_XPATH_REPAIR=0 RWM_PROACTIVE_PACER=0 RWM_REASM_BDP=0 RWM_MIN_R=0 RWM_CC_PACE=0 RWM_CC_PACE_HR=1.1 RWM_REACT_CAP=unset RWM_INFL_CAP=0 RWM_INFL_BDP=unset RWM_COPA_FEED=0 RWM_RS_ATTR=1 RWM_EMIT_BATCH=0 RWM_EMIT_BURST=64 RWM_RECOV_MP=1 RWM_RECOV_MP_LAW=1 RWM_RECOV_SP=0 RWM_DERIVED_SWEEP=0 RWM_HOLDDOWN_Q=unset RWM_REFRESH_FLOOR_US=unset RWM_DELTA=unset RWM_COPA_DELTA=unset RWM_COMPLETION_EXPOSURE=0 RWM_RECV_REQUEST_LAW=0 RWM_RANK_FEEDBACK=0 RWM_DIAG=1 RWM_ACKDIAG=0 RWM_ACKDIAG_WINDOW_US=2000000 RWM_RTT_DUMP=0 RWM_RTT_DUMP_MAX=400000 RWM_SUCC_DUMP=0 RWM_SUCC_DUMP_MAX=200000 RWM_WALLDIAG=0 RWM_CPUPROF=0 RWM_RDIAG=0 RWM_FDIAG=0 RWM_TRACE=0 RWM_PFRAC=0
  ECHO ship 400B tm-c.log: RWM_UNIFIED: Realtime rides the RLC span machine (small-δ parameterization, no code-family switch)
  ECHO ship 400B tm-c.log: RWM_UNIFIED: receive path on the unified global decoder (one machine, both wires) generation=false
  ECHO ship 400B tm-c.log: sliding-window FEC mode symbol_size=512 backend=Rlc
  ECHO ship 400B tm-c.log: unified overload shedding ACTIVE at receiver (RWM_UNIFIED_SHED: in-order hold = delta-derived b*SRTT within the eps-class give-up budget)
  ECHO ship 400B tm-c.log: unified overload shedding ACTIVE (RWM_UNIFIED_SHED: past-deadline holes shed within the derived 1-rho budget; =0 = serializing arm)
  ECHO ship 400B tm-c.log: unified span law ACTIVE (RWM_UNIFIED: plain-mode proactive repair over the trailing solvable span [end-A*, end-Δ), A* from δ) hint=Realtime
  ship 400B rep1: p50=7.916ms p99=38.239ms p999=63.055ms max=63.055ms n=1000
  SPAN ship 400B tm-s.log: [SPAN] t=1.5s ack=1 win=[0,1] wsize=2 a_star=Some(1) delta=Some(1) owed=0.00 rr=0.500 debt=0.00 retx_buf=1 shed=0/0 bud=0.0000 D=4ms ar=0 agap=0/0 dg_rx=7 dg_tx=7
  SPAN ship 400B tm-s.log: [SPAN] t=2.0s ack=27 win=[0,27] wsize=28 a_star=Some(1) delta=Some(1) owed=0.00 rr=0.435 debt=0.07 retx_buf=1 shed=0/0 bud=0.0000 D=6ms ar=62 agap=0/0 dg_rx=62 dg_tx=62
  SPAN ship 400B tm-s.log: [SPAN] t=2.6s ack=53 win=[0,53] wsize=54 a_star=Some(1) delta=Some(1) owed=0.00 rr=0.246 debt=0.04 retx_buf=1 shed=0/1 bud=0.0000 D=6ms ar=59 agap=0/0 dg_rx=114 dg_tx=115
  SPAN ship 400B tm-s.log: [SPAN] t=3.1s ack=78 win=[0,78] wsize=79 a_star=Some(1) delta=Some(1) owed=0.00 rr=0.185 debt=0.10 retx_buf=1 shed=0/1 bud=0.0000 D=5ms ar=66 agap=0/0 dg_rx=164 dg_tx=165
  SPAN ship 400B tm-s.log: [SPAN] t=3.6s ack=104 win=[3,104] wsize=102 a_star=Some(1) delta=Some(1) owed=0.00 rr=0.153 debt=0.13 retx_buf=1 shed=0/1 bud=0.0000 D=5ms ar=70 agap=0/0 dg_rx=216 dg_tx=217
  SPAN ship 400B tm-s.log: [SPAN] t=4.1s ack=130 win=[113,130] wsize=18 a_star=Some(1) delta=Some(1) owed=0.00 rr=0.340 debt=0.00 retx_buf=1 shed=0/1 bud=0.0000 D=5ms ar=66 agap=0/0 dg_rx=269 dg_tx=270
  SPAN ship 400B tm-s.log: [SPAN] t=6.2s ack=232 win=[215,232] wsize=18 a_star=Some(1) delta=Some(1) owed=0.00 rr=0.340 debt=0.00 retx_buf=1 shed=0/8 bud=0.0000 D=5ms ar=66 agap=0/0 dg_rx=485 dg_tx=493
  SPAN ship 400B tm-s.log: [SPAN] t=11.3s ack=481 win=[464,481] wsize=18 a_star=Some(1) delta=Some(1) owed=0.00 rr=0.340 debt=0.00 retx_buf=1 shed=0/15 bud=0.0000 D=6ms ar=64 agap=0/0 dg_rx=1005 dg_tx=1018
  SPAN ship 400B tm-s.log: [SPAN] t=16.4s ack=733 win=[716,733] wsize=18 a_star=Some(1) delta=Some(1) owed=0.00 rr=0.340 debt=0.00 retx_buf=1 shed=0/22 bud=0.0000 D=5ms ar=67 agap=0/0 dg_rx=1527 dg_tx=1541
  SPAN ship 400B tm-c.log: [SPAN] t=1.5s ack=1 win=[0,1] wsize=2 a_star=Some(1) delta=Some(1) owed=0.00 rr=0.500 debt=0.00 retx_buf=1 shed=0/0 bud=0.0000 D=5ms ar=0 agap=0/0 dg_rx=6 dg_tx=6
  SPAN ship 400B tm-c.log: [SPAN] t=2.0s ack=28 win=[0,28] wsize=29 a_star=Some(1) delta=Some(1) owed=0.00 rr=0.414 debt=0.09 retx_buf=1 shed=0/0 bud=0.0000 D=5ms ar=89 agap=0/0 dg_rx=61 dg_tx=61
  SPAN ship 400B tm-c.log: [SPAN] t=2.5s ack=54 win=[0,54] wsize=55 a_star=Some(1) delta=Some(1) owed=0.00 rr=0.243 debt=0.26 retx_buf=1 shed=0/0 bud=0.0000 D=5ms ar=53 agap=0/0 dg_rx=114 dg_tx=114
  SPAN ship 400B tm-c.log: [SPAN] t=3.1s ack=80 win=[0,80] wsize=81 a_star=Some(1) delta=Some(1) owed=0.00 rr=0.182 debt=0.32 retx_buf=1 shed=0/0 bud=0.0000 D=6ms ar=54 agap=0/0 dg_rx=166 dg_tx=166
  SPAN ship 400B tm-c.log: [SPAN] t=3.6s ack=106 win=[5,106] wsize=102 a_star=Some(1) delta=Some(1) owed=0.00 rr=0.152 debt=0.35 retx_buf=1 shed=0/0 bud=0.0000 D=5ms ar=53 agap=0/0 dg_rx=218 dg_tx=218
  SPAN ship 400B tm-c.log: [SPAN] t=4.1s ack=132 win=[115,132] wsize=18 a_star=Some(1) delta=Some(1) owed=0.00 rr=0.340 debt=0.16 retx_buf=1 shed=0/0 bud=0.0000 D=4ms ar=50 agap=0/0 dg_rx=271 dg_tx=271
  SPAN ship 400B tm-c.log: [SPAN] t=6.1s ack=235 win=[218,235] wsize=18 a_star=Some(1) delta=Some(1) owed=0.00 rr=0.500 debt=0.00 retx_buf=1 shed=0/12 bud=0.0000 D=5ms ar=51 agap=0/0 dg_rx=490 dg_tx=499
  SPAN ship 400B tm-c.log: [SPAN] t=11.2s ack=491 win=[474,491] wsize=18 a_star=Some(1) delta=Some(1) owed=0.00 rr=0.490 debt=0.01 retx_buf=1 shed=1/30 bud=0.0000 D=6ms ar=56 agap=0/0 dg_rx=1015 dg_tx=1033
  SPAN ship 400B tm-c.log: [SPAN] t=16.3s ack=745 win=[728,745] wsize=18 a_star=Some(1) delta=Some(1) owed=0.00 rr=0.445 debt=0.06 retx_buf=1 shed=3/38 bud=0.0000 D=5ms ar=55 agap=0/0 dg_rx=1530 dg_tx=1556
  SPAN ship 400B tm-c.log: [SPAN] t=21.4s ack=1003 win=[986,1003] wsize=18 a_star=Some(1) delta=Some(1) owed=0.00 rr=0.445 debt=0.04 retx_buf=1 shed=5/51 bud=0.0021 D=5ms ar=51 agap=0/0 dg_rx=2062 dg_tx=2096
  EVICT ship 400B tm-s.log: [RFA] gen=0 fires=33 false=8 false_frac=0.2424 fill_coded=7 fill_src=18 dup_src=6 preempt_src=2 src_n=993 rep_n=25 nu_recv=0.03323 fa_class=0.0625 rep_redundant=18 late_after_aban=9
  EVICT ship 400B tm-s.log: [SUCC] gen=0 det=23 res=13 orig_n=12 orig_p50_us=512 orig_p90_us=5632 orig_p99_us=5632 orig_mx_us=6104 orig_mean_us=2323 rep_n=1 rep_p50_us=24 rep_p90_us=24 rep_p99_us=24 rep_mx_us=25 rep_mean_us=25 aban_n=10 aban_p50_us=6656 aban_p90_us=7680 aban_p99_us=7680 aban_mx_us=8142 aban_mean_us=6964 open=0 over=0 orig_frac=0.9231 cross_us=- dump=0/0 sp_n=13 xp_n=0 xp_frac=0.0000 sp_p50_us=512 sp_p90_us=5632 xp_p50_us=- xp_p90_us=- rtx_n=12
  EVICT ship 400B tm-s.log: [ETA] site=sender fhat_us=1791128249813699 n=985 zero=0.0000 place_n=0 cold_r=- cold_ge=- t_eff=- t_cold=- t_n=0 hol_sh=- hol_n=0 hol_mv=- hol_calls=0 hol_w=- p0:n=974/985 drop=0 tau_us=6261 e_p50=2816 e_p90=5120 e_p99=6656 e_mx=20199 late=0.9045 sig_us=3268/n7
  EVICT ship 400B tm-s.log: [LAT] site=receiver n=986 over=7 p0:n=979 nowait=7 minrst=9 ax_n=979 ax_p50=3072 ax_p90=5120 ax_p95=5632 ax_p99=5632 ax_sum=3006709 rwxp_n=0 rwxp_p50=- rwxp_p95=- rwxp_sum=0 rwsp_n=971 rwsp_p50=1 rwsp_p95=3 rwsp_sum=29561 rwrep_n=1 rwrep_p50=26 rwrep_p95=26 rwrep_sum=27 rep_n=1 rep_p50=24 rep_p95=24 rep_sum=25 tot_p50=3072 tot_p95=5632 tot_p99=5632 sh_ax=0.9902 sh_rwxp=0.0000 sh_rwsp=0.0097 sh_rwrep=0.0000 sh_rep=0.0000
  EVICT ship 400B tm-c.log: [RFA] gen=0 fires=35 false=35 false_frac=1.0000 fill_coded=0 fill_src=0 dup_src=35 preempt_src=0 src_n=1004 rep_n=0 nu_recv=0.03486 fa_class=0.0625 rep_redundant=0 late_after_aban=0
  EVICT ship 400B tm-c.log: [SUCC] gen=0 det=0 res=0 orig_n=0 orig_p50_us=- orig_p90_us=- orig_p99_us=- orig_mx_us=- orig_mean_us=- rep_n=0 rep_p50_us=- rep_p90_us=- rep_p99_us=- rep_mx_us=- rep_mean_us=- aban_n=0 aban_p50_us=- aban_p90_us=- aban_p99_us=- aban_mx_us=- aban_mean_us=- open=0 over=0 orig_frac=- cross_us=- dump=0/0 sp_n=0 xp_n=0 xp_frac=- sp_p50_us=- sp_p90_us=- xp_p50_us=- xp_p90_us=- rtx_n=0
  EVICT ship 400B tm-c.log: [ETA] site=sender fhat_us=1791128249785775 n=1008 zero=0.0000 place_n=0 cold_r=- cold_ge=- t_eff=- t_cold=- t_n=0 hol_sh=- hol_n=0 hol_mv=- hol_calls=0 hol_w=- p0:n=976/1008 drop=0 tau_us=4948 e_p50=2816 e_p90=5632 e_p99=7168 e_mx=19278 late=0.8811 sig_us=-/n0
  EVICT ship 400B tm-c.log: [LAT] site=receiver n=969 over=0 p0:n=969 nowait=3 minrst=2 ax_n=969 ax_p50=3328 ax_p90=5120 ax_p95=5632 ax_p99=5632 ax_sum=3432368 rwxp_n=0 rwxp_p50=- rwxp_p95=- rwxp_sum=0 rwsp_n=966 rwsp_p50=1 rwsp_p95=3 rwsp_sum=1632 rwrep_n=0 rwrep_p50=- rwrep_p95=- rwrep_sum=0 rep_n=0 rep_p50=- rep_p95=- rep_sum=0 tot_p50=3328 tot_p95=5632 tot_p99=5632 sh_ax=0.9995 sh_rwxp=0.0000 sh_rwsp=0.0005 sh_rwrep=0.0000 sh_rep=0.0000
ARM ship 400B: n=1 min=38 median=38 max=38
=== done 17:37:39
EXIT rc=0 (17:37:39)
