LOCKS-HELD-BY-ENVELOPE emitscope_run_all:1198725
=== ES BATTERY tag=smoke reps_per_seed=1 seeds='42' cells='c1s-400 c1d-400 c2-100 c8-100' arms='NEW EB0' 2026-10-05T05:12:44Z
=== binary ES /home/vibe/es2/bin/raptorpath sha256 57980f4b43cfc628d74366df560e7000c103d4513c7e87ed70fdc9e120bbae3d
=== source 06ee1fb97622054534eb9d0893a580f877d579ad
=== env RWM_GEN=0 RWM_DIAG=1 RWM_PERF_TIMEOUT_S=150 runs=1; every arm env -u RWM_EST_CADENCE RWM_POOL_ANCHOR RWM_EMIT_BATCH RWM_EMIT_BURST; EB0: RWM_EMIT_BATCH=1; soft_deadline=none block_est=none
Model name:                              Intel(R) Xeon(R) CPU E5-2650 v3 @ 2.30GHz
Flags:                                   fpu vme de pse tsc msr pae mce cx8 apic sep mtrr pge mca cmov pat pse36 clflush mmx fxsr sse sse2 ss ht syscall nx pdpe1gb rdtscp lm arch_perfmon rep_good nopl xtopology cpuid tsc_known_freq pni pclmulqdq vmx ssse3 fma cx16 pdcm pcid sse4_1 sse4_2 x2apic movbe popcnt tsc_deadline_timer aes xsave avx f16c rdrand hypervisor lahf_lm abm cpuid_fault pti ssbd ibrs ibpb stibp tpr_shadow flexpriority ept vpid ept_ad fsgsbase tsc_adjust bmi1 avx2 smep bmi2 erms invpcid xsaveopt arat vnmi umip md_clear flush_l1d arch_capabilities
=== rep=1 seed=42 cell=c8-100 arm=EB0 attempt=1 pipeline=window hint=bulk spec=c2/c3/dual bytes=100000000 bin=/home/vibe/es2/bin/raptorpath sha=57980f4b43cfc628 05:12:44
COTENANT c8-100-EB0 s42 rep=1 before=0 after=0 load=1.01 1.34 2.14
--- RWM-C perf pipeline=window mode=dual hint=bulk A=c2 B=c3 ooo=0 extra='' T=default (100000000 x 1) start=07:12:45
{"bytes":100000000,"dnf":0,"hint":"bulk","max_s":7.6454,"mean_mbps":104.638,"mean_s":7.6454,"median_s":7.6454,"min_s":7.6454,"proto":"rp-native","runs":1,"stdev_s":0.0,"summary":true}
    CPU: CPUSRV=6.03s CPUCLI=5.01s (srv=decoder cli=sender; whole-invocation incl warmup)
    [TRUTH] leg=0 dev=cli0 egress_dgrams=79180 egress_skbs=19643 gso=4.03 netem_sent_dgrams=77179 netem_dropped_skbs=509 backlog=0 lost=2001 loss=0.025272 rcvbuf_drops=0 rcvbuf_scope=netns
    [TRUTH] leg=1 dev=cli1 egress_dgrams=18593 egress_skbs=10424 gso=1.78 netem_sent_dgrams=17819 netem_dropped_skbs=447 backlog=0 lost=774 loss=0.041629 rcvbuf_drops=0 rcvbuf_scope=netns
RUNTIME c8-100-EB0 s42 rep=1 attempt=1 10s rc=0
ESROW {"arm": "EB0", "bin_sha": "57980f4b43cfc628d74366df560e7000c103d4513c7e87ed70fdc9e120bbae3d", "busy_last": 28.0, "busy_med": 29.0, "cad_cli": true, "cad_srv": true, "cadoff_cli": false, "cadoff_srv": false, "cell": "c8-100", "cod": 624, "coded_share": 0.007321537522879805, "cotenant": 0, "cpu_cli": 5.01, "cpu_srv": 6.03, "cpu_us_per_dgram": 51.241140192077566, "diag_lines": 30, "dnf": false, "eb_bursts": 2558, "eb_depth": 33.074276778733385, "eb_end": {"cap": 284, "drained": 2, "store": 2272, "tokens": 0}, "eb_maxrun": {"0": [64, 13.81], "1": [17, 1.66]}, "eb_syms": 84604, "egress_dgrams": 97773, "emb_echo_cli": true, "emb_echo_srv": true, "emb_gate_cli": 1, "emb_gate_srv": 1, "feed_ratio_p0": 1.00110794555239, "feed_ratio_p1": 0.994499027120517, "gates_cli": true, "gates_srv": true, "gen_guard": false, "header": ["window", "bulk"], "mbps": 104.638, "np_last": 2, "pa_cli": 0, "pa_srv": 0, "pipe_cli": ["window", "Rlc", "bulk"], "pipe_srv": ["window", "Rlc", "bulk"], "plc_p0": 0.0253, "plc_p1": 0.0414, "plu_last_p0": 0.0128, "plu_last_p1": 0.0625, "plu_med_p0": 0.01255, "plu_med_p1": 0.0442, "problems": [], "rc": 0, "rep": 1, "seconds": 7.645381, "seed": "42", "src": 84604, "status": "LIVE", "summary": true, "truth_egress_p0": 79180, "truth_egress_p1": 18593, "truth_gso_p0": 4.03, "truth_gso_p1": 1.78, "truth_loss_p0": 0.025272, "truth_loss_p1": 0.041629, "truth_lost_p0": 2001, "truth_lost_p1": 774, "truth_rcvbuf_drops": 0, "util": 0.6552976234931914, "wall_s": 10.0, "winline_cli": true, "winline_srv": true}
=== rep=1 seed=42 cell=c1s-400 arm=NEW attempt=1 pipeline=window hint=bulk spec=c1/c1/single bytes=400000000 bin=/home/vibe/es2/bin/raptorpath sha=57980f4b43cfc628 05:12:54
COTENANT c1s-400-NEW s42 rep=1 before=0 after=0 load=1.16 1.37 2.14
--- RWM-C perf pipeline=window mode=single hint=bulk A=c1 B=c1 ooo=0 extra='' T=default (400000000 x 1) start=07:12:55
{"bytes":400000000,"dnf":0,"hint":"bulk","max_s":6.5133,"mean_mbps":491.302,"mean_s":6.5133,"median_s":6.5133,"min_s":6.5133,"proto":"rp-native","runs":1,"stdev_s":0.0,"summary":true}
    CPU: CPUSRV=8.66s CPUCLI=7.66s (srv=decoder cli=sender; whole-invocation incl warmup)
    [TRUTH] leg=0 dev=cli0 egress_dgrams=339597 egress_skbs=35842 gso=9.47 netem_sent_dgrams=339232 netem_dropped_skbs=38 backlog=0 lost=365 loss=0.001075 rcvbuf_drops=0 rcvbuf_scope=netns
RUNTIME c1s-400-NEW s42 rep=1 attempt=1 8s rc=0
ESROW {"arm": "NEW", "bin_sha": "57980f4b43cfc628d74366df560e7000c103d4513c7e87ed70fdc9e120bbae3d", "busy_last": 40.0, "busy_med": 45.0, "cad_cli": true, "cad_srv": true, "cadoff_cli": false, "cadoff_srv": false, "cell": "c1s-400", "cod": 58, "coded_share": 0.00017892067644355053, "cotenant": 0, "cpu_cli": 7.66, "cpu_srv": 8.66, "cpu_us_per_dgram": 22.556147433575678, "diag_lines": 25, "dnf": false, "eb_bursts": 0, "eb_depth": 0.0, "eb_end": {"cap": 0, "drained": 0, "store": 0, "tokens": 0}, "eb_maxrun": null, "eb_syms": 0, "egress_dgrams": 339597, "emb_echo_cli": false, "emb_echo_srv": false, "emb_gate_cli": 0, "emb_gate_srv": 0, "feed_ratio_p0": 1.0232558139534884, "gates_cli": true, "gates_srv": true, "gen_guard": false, "header": ["window", "bulk"], "mbps": 491.302, "np_last": 1, "pa_cli": 0, "pa_srv": 0, "pipe_cli": ["window", "Rlc", "bulk"], "pipe_srv": ["window", "Rlc", "bulk"], "plc_p0": 0.0011, "plu_last_p0": 0.0003, "plu_med_p0": 0.0003, "problems": [], "rc": 0, "rep": 1, "seconds": 6.513301, "seed": "42", "src": 324108, "status": "LIVE", "summary": true, "truth_egress_p0": 339597, "truth_gso_p0": 9.47, "truth_loss_p0": 0.001075, "truth_lost_p0": 365, "truth_rcvbuf_drops": 0, "util": 1.1760549681336698, "wall_s": 8.0, "winline_cli": true, "winline_srv": true}
=== rep=1 seed=42 cell=c1d-400 arm=EB0 attempt=1 pipeline=window hint=bulk spec=c1/c1/dual bytes=400000000 bin=/home/vibe/es2/bin/raptorpath sha=57980f4b43cfc628 05:13:03
COTENANT c1d-400-EB0 s42 rep=1 before=0 after=0 load=1.90 1.52 2.18
--- RWM-C perf pipeline=window mode=dual hint=bulk A=c1 B=c1 ooo=0 extra='' T=default (400000000 x 1) start=07:13:04
{"bytes":400000000,"dnf":0,"hint":"bulk","max_s":7.1688,"mean_mbps":446.381,"mean_s":7.1688,"median_s":7.1688,"min_s":7.1688,"proto":"rp-native","runs":1,"stdev_s":0.0,"summary":true}
    CPU: CPUSRV=11.61s CPUCLI=10.62s (srv=decoder cli=sender; whole-invocation incl warmup)
    [TRUTH] leg=0 dev=cli0 egress_dgrams=190554 egress_skbs=36233 gso=5.26 netem_sent_dgrams=190348 netem_dropped_skbs=38 backlog=0 lost=206 loss=0.001081 rcvbuf_drops=0 rcvbuf_scope=netns
    [TRUTH] leg=1 dev=cli1 egress_dgrams=155681 egress_skbs=32426 gso=4.80 netem_sent_dgrams=155544 netem_dropped_skbs=23 backlog=0 lost=137 loss=0.000880 rcvbuf_drops=0 rcvbuf_scope=netns
RUNTIME c1d-400-EB0 s42 rep=1 attempt=1 9s rc=0
ESROW {"arm": "EB0", "bin_sha": "57980f4b43cfc628d74366df560e7000c103d4513c7e87ed70fdc9e120bbae3d", "busy_last": 99.0, "busy_med": 94.0, "cad_cli": true, "cad_srv": true, "cadoff_cli": false, "cadoff_srv": false, "cell": "c1d-400", "cod": 368, "coded_share": 0.0011115876976239814, "cotenant": 0, "cpu_cli": 10.62, "cpu_srv": 11.61, "cpu_us_per_dgram": 30.672808930350772, "diag_lines": 28, "dnf": false, "eb_bursts": 5820, "eb_depth": 56.81958762886598, "eb_end": {"cap": 4713, "drained": 1, "store": 1106, "tokens": 0}, "eb_maxrun": {"0": [64, 11.16], "1": [64, 7.35]}, "eb_syms": 330690, "egress_dgrams": 346235, "emb_echo_cli": true, "emb_echo_srv": true, "emb_gate_cli": 1, "emb_gate_srv": 1, "feed_ratio_p0": 1.1100832562442182, "feed_ratio_p1": 0.9090909090909091, "gates_cli": true, "gates_srv": true, "gen_guard": false, "header": ["window", "bulk"], "mbps": 446.381, "np_last": 2, "pa_cli": 0, "pa_srv": 0, "pipe_cli": ["window", "Rlc", "bulk"], "pipe_srv": ["window", "Rlc", "bulk"], "plc_p0": 0.0012, "plc_p1": 0.0008, "plu_last_p0": 0.0002, "plu_last_p1": 0.006, "plu_med_p0": 0.00045, "plu_med_p1": 0.0006, "problems": [], "rc": 0, "rep": 1, "seconds": 7.168757, "seed": "42", "src": 330690, "status": "LIVE", "summary": true, "truth_egress_p0": 190554, "truth_egress_p1": 155681, "truth_gso_p0": 5.26, "truth_gso_p1": 4.8, "truth_loss_p0": 0.001081, "truth_loss_p1": 0.00088, "truth_lost_p0": 206, "truth_lost_p1": 137, "truth_rcvbuf_drops": 0, "util": 1.4814283703576503, "wall_s": 9.0, "winline_cli": true, "winline_srv": true}
=== rep=1 seed=42 cell=c2-100 arm=NEW attempt=1 pipeline=window hint=bulk spec=c2/c2/single bytes=100000000 bin=/home/vibe/es2/bin/raptorpath sha=57980f4b43cfc628 05:13:12
COTENANT c2-100-NEW s42 rep=1 before=0 after=0 load=1.69 1.49 2.16
--- RWM-C perf pipeline=window mode=single hint=bulk A=c2 B=c2 ooo=0 extra='' T=default (100000000 x 1) start=07:13:14
{"bytes":100000000,"dnf":0,"hint":"bulk","max_s":8.9882,"mean_mbps":89.005,"mean_s":8.9882,"median_s":8.9882,"min_s":8.9882,"proto":"rp-native","runs":1,"stdev_s":0.0,"summary":true}
    CPU: CPUSRV=4.62s CPUCLI=3.61s (srv=decoder cli=sender; whole-invocation incl warmup)
    [TRUTH] leg=0 dev=cli0 egress_dgrams=94216 egress_skbs=21085 gso=4.47 netem_sent_dgrams=91699 netem_dropped_skbs=544 backlog=0 lost=2517 loss=0.026715 rcvbuf_drops=0 rcvbuf_scope=netns
RUNTIME c2-100-NEW s42 rep=1 attempt=1 11s rc=0
ESROW {"arm": "NEW", "bin_sha": "57980f4b43cfc628d74366df560e7000c103d4513c7e87ed70fdc9e120bbae3d", "busy_last": 16.0, "busy_med": 14.0, "cad_cli": true, "cad_srv": true, "cadoff_cli": false, "cadoff_srv": false, "cell": "c2-100", "cod": 439, "coded_share": 0.005230673910971309, "cotenant": 0, "cpu_cli": 3.61, "cpu_srv": 4.62, "cpu_us_per_dgram": 38.31620956100875, "diag_lines": 35, "dnf": false, "eb_bursts": 0, "eb_depth": 0.0, "eb_end": {"cap": 0, "drained": 0, "store": 0, "tokens": 0}, "eb_maxrun": null, "eb_syms": 0, "egress_dgrams": 94216, "emb_echo_cli": false, "emb_echo_srv": false, "emb_gate_cli": 0, "emb_gate_srv": 0, "feed_ratio_p0": 1.0218978102189782, "gates_cli": true, "gates_srv": true, "gen_guard": false, "header": ["window", "bulk"], "mbps": 89.005, "np_last": 1, "pa_cli": 0, "pa_srv": 0, "pipe_cli": ["window", "Rlc", "bulk"], "pipe_srv": ["window", "Rlc", "bulk"], "plc_p0": 0.0273, "plu_last_p0": 0.0106, "plu_med_p0": 0.0198, "problems": [], "rc": 0, "rep": 1, "seconds": 8.988217, "seed": "42", "src": 83489, "status": "LIVE", "summary": true, "truth_egress_p0": 94216, "truth_gso_p0": 4.47, "truth_loss_p0": 0.026715, "truth_lost_p0": 2517, "truth_rcvbuf_drops": 0, "util": 0.4016369431223122, "wall_s": 11.0, "winline_cli": true, "winline_srv": true}
BLOCK-COMPLETE rep=1 seed=42 block=0 2026-10-05T05:13:23Z
=== ARMCOUNTS 2026-10-05T05:13:23Z
ES-BATTERY-DONE tag=smoke blocks=1 2026-10-05T05:13:23Z
