LOCKS-HELD-BY-ENVELOPE threadp1_run_all:1479614
=== V-P1 BATTERY tag=smoke reps_per_seed=1 seeds='42' cells='c1s-400 c1d-400 c2-100 c8-100' 2026-10-05T17:36:09Z
=== binary P1 /home/vibe/tp1run/bin/p1/raptorpath sha256 ea773ba6680fc4002de5e8c09e670ec13c705442406458498f630097a2ab962e
=== binary MAIN /home/vibe/tp1run/bin/main/raptorpath sha256 5dccf33bf647f3856a4041085822af0aab8125d7cd9e9302d18d2e61ce763d12
=== source c765e3f38339fff490bdf70e624253d3d1c911f7
=== env RWM_GEN=0 RWM_DIAG=1 RWM_PERF_TIMEOUT_S=150 runs=1 bulk --window-reliable; every arm env -u RWM_EST_CADENCE RWM_POOL_ANCHOR RWM_EMIT_BATCH RWM_EMIT_BURST (shipped default); soft_deadline=none block_est=none
Model name:                              Intel(R) Xeon(R) CPU E5-2650 v3 @ 2.30GHz
Flags:                                   fpu vme de pse tsc msr pae mce cx8 apic sep mtrr pge mca cmov pat pse36 clflush mmx fxsr sse sse2 ss ht syscall nx pdpe1gb rdtscp lm arch_perfmon rep_good nopl xtopology cpuid tsc_known_freq pni pclmulqdq vmx ssse3 fma cx16 pdcm pcid sse4_1 sse4_2 x2apic movbe popcnt tsc_deadline_timer aes xsave avx f16c rdrand hypervisor lahf_lm abm cpuid_fault pti ssbd ibrs ibpb stibp tpr_shadow flexpriority ept vpid ept_ad fsgsbase tsc_adjust bmi1 avx2 smep bmi2 erms invpcid xsaveopt arat vnmi umip md_clear flush_l1d arch_capabilities
=== rep=1 seed=42 cell=c1s-400 arm=MAIN attempt=1 pipeline=window hint=bulk spec=c1/c1/single bytes=400000000 bin=/home/vibe/tp1run/bin/main/raptorpath sha=5dccf33bf647f385 17:36:10
COTENANT c1s-400-MAIN s42 rep=1 before=0 after=0 load=1.29 1.95 3.37
--- RWM-C perf pipeline=window mode=single hint=bulk A=c1 B=c1 ooo=0 extra='' T=default (400000000 x 1) start=19:36:11
{"bytes":400000000,"dnf":0,"hint":"bulk","max_s":5.9192,"mean_mbps":540.618,"mean_s":5.9192,"median_s":5.9192,"min_s":5.9192,"proto":"rp-native","runs":1,"stdev_s":0.0,"summary":true}
    CPU: CPUSRV=7.88s CPUCLI=5.59s (srv=decoder cli=sender; whole-invocation incl warmup)
    [TRUTH] leg=0 dev=cli0 egress_dgrams=340325 egress_skbs=36432 gso=9.34 netem_sent_dgrams=339984 netem_dropped_skbs=39 backlog=0 lost=341 loss=0.001002 rcvbuf_drops=0 rcvbuf_scope=netns
RUNTIME c1s-400-MAIN s42 rep=1 attempt=1 8s rc=0
TP1ROW {"arm": "MAIN", "bin": "main", "bin_sha": "5dccf33bf647f3856a4041085822af0aab8125d7cd9e9302d18d2e61ce763d12", "busy_last": 34.0, "busy_med": 37.0, "cad_cli": true, "cad_srv": true, "cadoff_cli": false, "cadoff_srv": false, "cell": "c1s-400", "cod": 64, "coded_share": 0.00019484453537189428, "cotenant": 0, "cpu_cli": 5.59, "cpu_srv": 7.88, "diag_lines": 23, "dnf": false, "emb_echo_cli": true, "emb_gate_cli": 1, "emb_gate_srv": 1, "feed_ratio_p0": 0.998003992015968, "gates_cli": true, "gates_srv": true, "gen_guard": false, "header": ["window", "bulk"], "mbps": 540.618, "pa_cli": 0, "pa_srv": 0, "pipe_cli": ["window", "Rlc", "bulk"], "pipe_srv": ["window", "Rlc", "bulk"], "plc_p0": 0.001, "plu_last_p0": 0.0002, "plu_med_p0": 0.0004, "problems": [], "rc": 0, "rep": 1, "rtp_floor_p0": 2337, "seconds": 5.919151, "seed": "42", "src": 328403, "status": "LIVE", "summary": true, "truth_egress_p0": 340325, "truth_gso_p0": 9.34, "truth_loss_p0": 0.001002, "truth_lost_p0": 341, "truth_rcvbuf_drops": 0, "util": 0.9443921940832393, "wake": null, "wall_s": 8.0, "winline_cli": true, "winline_srv": true}
=== rep=1 seed=42 cell=c1s-400 arm=P1 attempt=1 pipeline=window hint=bulk spec=c1/c1/single bytes=400000000 bin=/home/vibe/tp1run/bin/p1/raptorpath sha=ea773ba6680fc400 17:36:20
COTENANT c1s-400-P1 s42 rep=1 before=0 after=0 load=1.25 1.92 3.35
--- RWM-C perf pipeline=window mode=single hint=bulk A=c1 B=c1 ooo=0 extra='' T=default (400000000 x 1) start=19:36:21
{"bytes":400000000,"dnf":0,"hint":"bulk","max_s":5.9751,"mean_mbps":535.558,"mean_s":5.9751,"median_s":5.9751,"min_s":5.9751,"proto":"rp-native","runs":1,"stdev_s":0.0,"summary":true}
    CPU: CPUSRV=7.93s CPUCLI=5.40s (srv=decoder cli=sender; whole-invocation incl warmup)
    [TRUTH] leg=0 dev=cli0 egress_dgrams=341051 egress_skbs=38366 gso=8.89 netem_sent_dgrams=340629 netem_dropped_skbs=47 backlog=0 lost=422 loss=0.001237 rcvbuf_drops=0 rcvbuf_scope=netns
RUNTIME c1s-400-P1 s42 rep=1 attempt=1 8s rc=0
TP1ROW {"arm": "P1", "bin": "p1", "bin_sha": "ea773ba6680fc4002de5e8c09e670ec13c705442406458498f630097a2ab962e", "busy_last": 35.0, "busy_med": 36.0, "cad_cli": true, "cad_srv": true, "cadoff_cli": false, "cadoff_srv": false, "cell": "c1s-400", "cod": 55, "coded_share": 0.0001672825706768861, "cotenant": 0, "cpu_cli": 5.4, "cpu_srv": 7.93, "diag_lines": 23, "dnf": false, "emb_echo_cli": true, "emb_gate_cli": 1, "emb_gate_srv": 1, "feed_ratio_p0": 0.889248181083266, "gates_cli": true, "gates_srv": true, "gen_guard": false, "header": ["window", "bulk"], "mbps": 535.558, "pa_cli": 0, "pa_srv": 0, "pipe_cli": ["window", "Rlc", "bulk"], "pipe_srv": ["window", "Rlc", "bulk"], "plc_p0": 0.0011, "plu_last_p0": 0.0005, "plu_med_p0": 0.0004, "problems": [], "rc": 0, "rep": 1, "rtp_floor_p0": 2348, "seconds": 5.975076, "seed": "42", "src": 328730, "status": "LIVE", "summary": true, "truth_egress_p0": 341051, "truth_gso_p0": 8.89, "truth_loss_p0": 0.001237, "truth_lost_p0": 422, "truth_rcvbuf_drops": 0, "util": 0.9037541949257215, "wake": {"ack": 9795, "defc": 0, "flush": 0, "gen": 0, "nack": 37, "pace": 0, "paused": 288, "tail": 3, "timer_acked": 10, "tun": 8000}, "wall_s": 8.0, "winline_cli": true, "winline_srv": true}
=== rep=1 seed=42 cell=c8-100 arm=P1 attempt=1 pipeline=window hint=bulk spec=c2/c3/dual bytes=100000000 bin=/home/vibe/tp1run/bin/p1/raptorpath sha=ea773ba6680fc400 17:36:28
COTENANT c8-100-P1 s42 rep=1 before=0 after=0 load=1.30 1.91 3.33
--- RWM-C perf pipeline=window mode=dual hint=bulk A=c2 B=c3 ooo=0 extra='' T=default (100000000 x 1) start=19:36:29
{"bytes":100000000,"dnf":0,"hint":"bulk","max_s":7.8038,"mean_mbps":102.514,"mean_s":7.8038,"median_s":7.8038,"min_s":7.8038,"proto":"rp-native","runs":1,"stdev_s":0.0,"summary":true}
    CPU: CPUSRV=5.64s CPUCLI=5.16s (srv=decoder cli=sender; whole-invocation incl warmup)
    [TRUTH] leg=0 dev=cli0 egress_dgrams=81121 egress_skbs=19788 gso=4.10 netem_sent_dgrams=79190 netem_dropped_skbs=510 backlog=0 lost=1931 loss=0.023804 rcvbuf_drops=0 rcvbuf_scope=netns
    [TRUTH] leg=1 dev=cli1 egress_dgrams=17712 egress_skbs=9398 gso=1.88 netem_sent_dgrams=16945 netem_dropped_skbs=394 backlog=0 lost=767 loss=0.043304 rcvbuf_drops=0 rcvbuf_scope=netns
RUNTIME c8-100-P1 s42 rep=1 attempt=1 10s rc=0
TP1ROW {"arm": "P1", "bin": "p1", "bin_sha": "ea773ba6680fc4002de5e8c09e670ec13c705442406458498f630097a2ab962e", "busy_last": 13.0, "busy_med": 32.0, "cad_cli": true, "cad_srv": true, "cadoff_cli": false, "cadoff_srv": false, "cell": "c8-100", "cod": 570, "coded_share": 0.006692183060558386, "cotenant": 0, "cpu_cli": 5.16, "cpu_srv": 5.64, "diag_lines": 31, "dnf": false, "emb_echo_cli": true, "emb_gate_cli": 1, "emb_gate_srv": 1, "feed_ratio_p0": 0.9704251386321626, "feed_ratio_p1": 1.0183816737483835, "gates_cli": true, "gates_srv": true, "gen_guard": false, "header": ["window", "bulk"], "mbps": 102.514, "pa_cli": 0, "pa_srv": 0, "pipe_cli": ["window", "Rlc", "bulk"], "pipe_srv": ["window", "Rlc", "bulk"], "plc_p0": 0.0231, "plc_p1": 0.0441, "plu_last_p0": 0.0063, "plu_last_p1": 0.0519, "plu_med_p0": 0.0161, "plu_med_p1": 0.0491, "problems": [], "rc": 0, "rep": 1, "rtp_floor_p0": 10966, "rtp_floor_p1": 37563, "seconds": 7.803806, "seed": "42", "src": 84604, "status": "LIVE", "summary": true, "truth_egress_p0": 81121, "truth_egress_p1": 17712, "truth_gso_p0": 4.1, "truth_gso_p1": 1.88, "truth_loss_p0": 0.023804, "truth_loss_p1": 0.043304, "truth_lost_p0": 1931, "truth_lost_p1": 767, "truth_rcvbuf_drops": 0, "util": 0.6612158221257679, "wake": {"ack": 22790, "defc": 0, "flush": 0, "gen": 0, "nack": 1060, "pace": 0, "paused": 459, "tail": 66, "timer_acked": 7, "tun": 2639}, "wall_s": 10.0, "winline_cli": true, "winline_srv": true}
=== rep=1 seed=42 cell=c8-100 arm=MAIN attempt=1 pipeline=window hint=bulk spec=c2/c3/dual bytes=100000000 bin=/home/vibe/tp1run/bin/main/raptorpath sha=5dccf33bf647f385 17:36:38
COTENANT c8-100-MAIN s42 rep=1 before=0 after=0 load=1.32 1.89 3.31
--- RWM-C perf pipeline=window mode=dual hint=bulk A=c2 B=c3 ooo=0 extra='' T=default (100000000 x 1) start=19:36:40
{"bytes":100000000,"dnf":0,"hint":"bulk","max_s":7.7588,"mean_mbps":103.108,"mean_s":7.7588,"median_s":7.7588,"min_s":7.7588,"proto":"rp-native","runs":1,"stdev_s":0.0,"summary":true}
    CPU: CPUSRV=5.84s CPUCLI=5.14s (srv=decoder cli=sender; whole-invocation incl warmup)
    [TRUTH] leg=0 dev=cli0 egress_dgrams=80790 egress_skbs=19509 gso=4.14 netem_sent_dgrams=78566 netem_dropped_skbs=504 backlog=0 lost=2224 loss=0.027528 rcvbuf_drops=0 rcvbuf_scope=netns
    [TRUTH] leg=1 dev=cli1 egress_dgrams=18510 egress_skbs=10168 gso=1.82 netem_sent_dgrams=17742 netem_dropped_skbs=441 backlog=0 lost=768 loss=0.041491 rcvbuf_drops=0 rcvbuf_scope=netns
RUNTIME c8-100-MAIN s42 rep=1 attempt=1 10s rc=0
TP1ROW {"arm": "MAIN", "bin": "main", "bin_sha": "5dccf33bf647f3856a4041085822af0aab8125d7cd9e9302d18d2e61ce763d12", "busy_last": 27.0, "busy_med": 31.0, "cad_cli": true, "cad_srv": true, "cadoff_cli": false, "cadoff_srv": false, "cell": "c8-100", "cod": 581, "coded_share": 0.006820449609673065, "cotenant": 0, "cpu_cli": 5.14, "cpu_srv": 5.84, "diag_lines": 30, "dnf": false, "emb_echo_cli": true, "emb_gate_cli": 1, "emb_gate_srv": 1, "feed_ratio_p0": 1.0207788433594884, "feed_ratio_p1": 0.9712949796341376, "gates_cli": true, "gates_srv": true, "gen_guard": false, "header": ["window", "bulk"], "mbps": 103.108, "pa_cli": 0, "pa_srv": 0, "pipe_cli": ["window", "Rlc", "bulk"], "pipe_srv": ["window", "Rlc", "bulk"], "plc_p0": 0.0281, "plc_p1": 0.0403, "plu_last_p0": 0.0075, "plu_last_p1": 0.016, "plu_med_p0": 0.0103, "plu_med_p1": 0.04445, "problems": [], "rc": 0, "rep": 1, "rtp_floor_p0": 9821, "rtp_floor_p1": 43140, "seconds": 7.758849, "seed": "42", "src": 84604, "status": "LIVE", "summary": true, "truth_egress_p0": 80790, "truth_egress_p1": 18510, "truth_gso_p0": 4.14, "truth_gso_p1": 1.82, "truth_loss_p0": 0.027528, "truth_loss_p1": 0.041491, "truth_lost_p0": 2224, "truth_lost_p1": 768, "truth_rcvbuf_drops": 0, "util": 0.6624693946228365, "wake": null, "wall_s": 10.0, "winline_cli": true, "winline_srv": true}
BLOCK-COMPLETE rep=1 seed=42 block=0 2026-10-05T17:36:48Z
=== ARMCOUNTS 2026-10-05T17:36:48Z
TP1-BATTERY-DONE tag=smoke blocks=1 2026-10-05T17:36:48Z
