SENTINEL-WRITABLE /home/vibe/place/DONE-ALL (probed as vibe, touch+rm)
SENTINEL-WRITABLE /home/vibe/place/FAILED-ALL (probed as vibe, touch+rm)
SENTINEL-WRITABLE /home/vibe/place/FAILED-ALL-TRUNCATED-5H-BUDGET (probed as vibe, touch+rm)
SENTINEL-WRITABLE /home/vibe/place/TRUNCATED.txt (probed as vibe, touch+rm)
SENTINEL-WRITABLE /home/vibe/place/all-era.txt (probed as vibe, touch+rm)
SENTINEL-WRITABLE /home/vibe/place/DONE-S42 (probed as vibe, touch+rm)
SENTINEL-WRITABLE /home/vibe/place/FAILED-S42 (probed as vibe, touch+rm)
SENTINEL-WRITABLE /home/vibe/place/DONE-S7 (probed as vibe, touch+rm)
SENTINEL-WRITABLE /home/vibe/place/FAILED-S7 (probed as vibe, touch+rm)
SENTINEL-WRITABLE /home/vibe/place/SKIPPED-S7-5H-BUDGET (probed as vibe, touch+rm)
SENTINEL-WRITABLE /home/vibe/place/SKIPPED-S7-S42-FAILED (probed as vibe, touch+rm)
SENTINEL-PROOF-COMPLETE 2026-09-08T18:54:33Z user=vibe dir=/home/vibe/place reps=4 seeds='42 7'
PLACE-ALL grid: arms=5 cells='c7 c8 c1 c9h' reps=4 (c9h capped at 3) singles='sc2 sc3' => 83 invocations/seed at reps=4
PLACE-ALL envelope: seed7_gate=9000s backstop=17400s
PLACE-ALL invoke seed=42 reps=4 2026-09-08T18:54:34Z
LOCK-TAKEN /tmp/rwm-vm.lock
LOCK-TAKEN /home/vibe/rp.lock
LOCK-RELEASED /tmp/rwm-vm.lock
LOCK-RELEASED /home/vibe/rp.lock
PLACE-ALL seed=42 rc=0 wall=6888s elapsed_since_launch=6889s 2026-09-08T20:49:22Z
PLACE-ALL seed 42 done in 6889s < 9000s: seed 7 runs
PLACE-ALL invoke seed=7 reps=4 2026-09-08T20:49:22Z
LOCK-TAKEN /tmp/rwm-vm.lock
LOCK-TAKEN /home/vibe/rp.lock
LOCK-RELEASED /tmp/rwm-vm.lock
LOCK-RELEASED /home/vibe/rp.lock
PLACE-ALL seed=7 rc=0 wall=7609s elapsed_since_launch=14498s 2026-09-08T22:56:11Z
PLACE-ALL-DONE ran='42 7'
