=== CROWNSPOT stage seed=42 cell=c2 start=2026-09-30T13:46:07Z
=== tail matrix (task #61 flip-gate) @ c2 seed=42 arms='ship', 8 reps/arm (warm tunnel), 50msg/s x20s sizes='400 1200' 15:46:07
--- ship 400B start=15:46:07
ARMENV ship 400B: hint=realtime env='<unset>' flags='' rate=50 dur=20
  ECHO ship 400B tm-s.log: ack-merge ACTIVE (RWM_ACK_MERGE: WINDOW mode sends ONE control datagram per data message instead of two — the legacy per-batch Ack is suppressed, the SACK WindowAck goes unconditional at that cadence and carries the Ack's payload in the v6 cumulative cum_expected/cum_received counters, every Ack-arm consumer re-homed onto the counter diff; BLOCK mode bit-exact; the delivery statistic/cadence/counts unchanged) copa_feed=false
  ECHO ship 400B tm-s.log: A* send-rate anchor ACTIVE (RWM_ASTAR_ANCHOR: windowed-max send rate over ~8 SRTT, clock-gap sample discard)
  ECHO ship 400B tm-s.log: clock-gap estimator hygiene ACTIVE (RWM_CLOCK_GAP: process-clock stall witness, post-stall sample discard at the ack feed sites)
  ECHO ship 400B tm-s.log: M* peer-report RTT-feed suppression ACTIVE (RWM_MSTAR_ANCHOR plain-live subset: local-echo-only RTT feed + estimator seed-from-sample)
  ECHO ship 400B tm-s.log: quinn congestion controller: BBR (shipped default; RWM_QUIC_CC overrides)
  ECHO ship 400B tm-s.log: RWM_UNIFIED=1 RWM_UNIFIED_SHED=1 RWM_TAPER_R=1 RWM_ASTAR_ANCHOR=1 RWM_MSTAR_ANCHOR=1 RWM_PLAIN_RS=0 RWM_HONEST_ANCHOR=1 RWM_HONEST_K=0 RWM_STORE_SACK_RELEASE=1 RWM_STORE_PATHS=1 RWM_STORE_PATH_POOL=2048 RWM_STORE=unset RWM_STORE_GAIN=2 RWM_STORE_BOOT=128 RWM_THREE_TERM=0 RWM_COMPOSED_CAP=0 RWM_SUM_CAP=1 RWM_LATE_BRAKE=0 RWM_DELTA_CAP=1 RWM_HONEST_CAP=0 RWM_POOL_ANCHOR=0 RWM_ACK_MERGE=1 RWM_LOSS_SENT_TRUTH=0 RWM_RELEASE_1TO1=0 RWM_CHARGE_RECOVERY=0 RWM_SIDLE_DERIVED=0 RWM_COLD_PLACE=0 RWM_PLACE_T_DERIVED=0 RWM_PLACE_HOL=0 RWM_PLACE_WDIV_DERIVED=0 RWM_GEN=1 RWM_PIPELINE=2 RWM_GEN_PIPE=1 RWM_GEN_R=unset RWM_GEN_RATE=9000 RWM_GEN_RATE_FLOOR=2000 RWM_GEN_INFLIGHT=unset RWM_OOO_RETAIN=0/16 RWM_WINDOW=unset RWM_REPORT_GENS=unset RWM_REPAIR_WAIT=unset RWM_CODED_SRC=0 RWM_NO_REACTIVE=0 RWM_XPATH_REPAIR=0 RWM_PROACTIVE_PACER=0 RWM_REASM_BDP=0 RWM_MIN_R=0 RWM_CC_PACE=0 RWM_CC_PACE_HR=1.1 RWM_REACT_CAP=unset RWM_INFL_CAP=0 RWM_INFL_BDP=unset RWM_COPA_FEED=0 RWM_RS_ATTR=1 RWM_EMIT_BATCH=0 RWM_EMIT_BURST=64 RWM_RECOV_MP=1 RWM_RECOV_MP_LAW=1 RWM_RECOV_SP=0 RWM_DERIVED_SWEEP=0 RWM_HOLDDOWN_Q=unset RWM_REFRESH_FLOOR_US=unset RWM_DELTA=unset RWM_COPA_DELTA=unset RWM_COMPLETION_EXPOSURE=0 RWM_RECV_REQUEST_LAW=0 RWM_RANK_FEEDBACK=0 RWM_DIAG=1 RWM_ACKDIAG=0 RWM_ACKDIAG_WINDOW_US=2000000 RWM_RTT_DUMP=0 RWM_RTT_DUMP_MAX=400000 RWM_SUCC_DUMP=0 RWM_SUCC_DUMP_MAX=200000 RWM_WALLDIAG=0 RWM_CPUPROF=0 RWM_RDIAG=0 RWM_FDIAG=0 RWM_TRACE=0 RWM_PFRAC=0
  ECHO ship 400B tm-s.log: RWM_UNIFIED: Realtime rides the RLC span machine (small-δ parameterization, no code-family switch)
  ECHO ship 400B tm-s.log: RWM_UNIFIED: receive path on the unified global decoder (one machine, both wires) generation=false
  ECHO ship 400B tm-s.log: sliding-window FEC mode symbol_size=512 backend=Rlc
  ECHO ship 400B tm-s.log: unified overload shedding ACTIVE at receiver (RWM_UNIFIED_SHED: in-order hold = delta-derived b*SRTT within the eps-class give-up budget)
  ECHO ship 400B tm-s.log: unified overload shedding ACTIVE (RWM_UNIFIED_SHED: past-deadline holes shed within the derived 1-rho budget; =0 = serializing arm)
  ECHO ship 400B tm-s.log: unified span law ACTIVE (RWM_UNIFIED: plain-mode proactive repair over the trailing solvable span [end-A*, end-Δ), A* from δ) hint=Realtime
  ECHO ship 400B tm-c.log: ack-merge ACTIVE (RWM_ACK_MERGE: WINDOW mode sends ONE control datagram per data message instead of two — the legacy per-batch Ack is suppressed, the SACK WindowAck goes unconditional at that cadence and carries the Ack's payload in the v6 cumulative cum_expected/cum_received counters, every Ack-arm consumer re-homed onto the counter diff; BLOCK mode bit-exact; the delivery statistic/cadence/counts unchanged) copa_feed=false
  ECHO ship 400B tm-c.log: A* send-rate anchor ACTIVE (RWM_ASTAR_ANCHOR: windowed-max send rate over ~8 SRTT, clock-gap sample discard)
  ECHO ship 400B tm-c.log: clock-gap estimator hygiene ACTIVE (RWM_CLOCK_GAP: process-clock stall witness, post-stall sample discard at the ack feed sites)
  ECHO ship 400B tm-c.log: M* peer-report RTT-feed suppression ACTIVE (RWM_MSTAR_ANCHOR plain-live subset: local-echo-only RTT feed + estimator seed-from-sample)
  ECHO ship 400B tm-c.log: quinn congestion controller: BBR (shipped default; RWM_QUIC_CC overrides)
  ECHO ship 400B tm-c.log: RWM_UNIFIED=1 RWM_UNIFIED_SHED=1 RWM_TAPER_R=1 RWM_ASTAR_ANCHOR=1 RWM_MSTAR_ANCHOR=1 RWM_PLAIN_RS=0 RWM_HONEST_ANCHOR=1 RWM_HONEST_K=0 RWM_STORE_SACK_RELEASE=1 RWM_STORE_PATHS=1 RWM_STORE_PATH_POOL=2048 RWM_STORE=unset RWM_STORE_GAIN=2 RWM_STORE_BOOT=128 RWM_THREE_TERM=0 RWM_COMPOSED_CAP=0 RWM_SUM_CAP=1 RWM_LATE_BRAKE=0 RWM_DELTA_CAP=1 RWM_HONEST_CAP=0 RWM_POOL_ANCHOR=0 RWM_ACK_MERGE=1 RWM_LOSS_SENT_TRUTH=0 RWM_RELEASE_1TO1=0 RWM_CHARGE_RECOVERY=0 RWM_SIDLE_DERIVED=0 RWM_COLD_PLACE=0 RWM_PLACE_T_DERIVED=0 RWM_PLACE_HOL=0 RWM_PLACE_WDIV_DERIVED=0 RWM_GEN=1 RWM_PIPELINE=2 RWM_GEN_PIPE=1 RWM_GEN_R=unset RWM_GEN_RATE=9000 RWM_GEN_RATE_FLOOR=2000 RWM_GEN_INFLIGHT=unset RWM_OOO_RETAIN=0/16 RWM_WINDOW=unset RWM_REPORT_GENS=unset RWM_REPAIR_WAIT=unset RWM_CODED_SRC=0 RWM_NO_REACTIVE=0 RWM_XPATH_REPAIR=0 RWM_PROACTIVE_PACER=0 RWM_REASM_BDP=0 RWM_MIN_R=0 RWM_CC_PACE=0 RWM_CC_PACE_HR=1.1 RWM_REACT_CAP=unset RWM_INFL_CAP=0 RWM_INFL_BDP=unset RWM_COPA_FEED=0 RWM_RS_ATTR=1 RWM_EMIT_BATCH=0 RWM_EMIT_BURST=64 RWM_RECOV_MP=1 RWM_RECOV_MP_LAW=1 RWM_RECOV_SP=0 RWM_DERIVED_SWEEP=0 RWM_HOLDDOWN_Q=unset RWM_REFRESH_FLOOR_US=unset RWM_DELTA=unset RWM_COPA_DELTA=unset RWM_COMPLETION_EXPOSURE=0 RWM_RECV_REQUEST_LAW=0 RWM_RANK_FEEDBACK=0 RWM_DIAG=1 RWM_ACKDIAG=0 RWM_ACKDIAG_WINDOW_US=2000000 RWM_RTT_DUMP=0 RWM_RTT_DUMP_MAX=400000 RWM_SUCC_DUMP=0 RWM_SUCC_DUMP_MAX=200000 RWM_WALLDIAG=0 RWM_CPUPROF=0 RWM_RDIAG=0 RWM_FDIAG=0 RWM_TRACE=0 RWM_PFRAC=0
  ECHO ship 400B tm-c.log: RWM_UNIFIED: Realtime rides the RLC span machine (small-δ parameterization, no code-family switch)
  ECHO ship 400B tm-c.log: RWM_UNIFIED: receive path on the unified global decoder (one machine, both wires) generation=false
  ECHO ship 400B tm-c.log: sliding-window FEC mode symbol_size=512 backend=Rlc
  ECHO ship 400B tm-c.log: unified overload shedding ACTIVE at receiver (RWM_UNIFIED_SHED: in-order hold = delta-derived b*SRTT within the eps-class give-up budget)
  ECHO ship 400B tm-c.log: unified overload shedding ACTIVE (RWM_UNIFIED_SHED: past-deadline holes shed within the derived 1-rho budget; =0 = serializing arm)
  ECHO ship 400B tm-c.log: unified span law ACTIVE (RWM_UNIFIED: plain-mode proactive repair over the trailing solvable span [end-A*, end-Δ), A* from δ) hint=Realtime
  ship 400B rep1: p50=7.962ms p99=37.164ms p999=121.495ms max=121.495ms n=1000
  ship 400B rep2: p50=7.922ms p99=36.695ms p999=61.441ms max=61.441ms n=1000
  ship 400B rep3: p50=7.891ms p99=34.671ms p999=59.701ms max=59.701ms n=1000
  ship 400B rep4: p50=7.861ms p99=36.045ms p999=69.438ms max=69.438ms n=1000
  ship 400B rep5: p50=7.927ms p99=36.623ms p999=64.445ms max=64.445ms n=1000
  ship 400B rep6: p50=8.264ms p99=371.801ms p999=485.596ms max=485.596ms n=1000
  ship 400B rep7: p50=7.808ms p99=37.087ms p999=108.979ms max=108.979ms n=1000
  ship 400B rep8: p50=8.015ms p99=36.415ms p999=76.842ms max=76.842ms n=1000
  SPAN ship 400B tm-s.log: [SPAN] t=1.5s ack=1 win=[0,1] wsize=2 a_star=Some(1) delta=Some(1) owed=0.00 rr=0.500 debt=0.00 retx_buf=1 shed=0/0 bud=0.0000 D=7ms ar=0 agap=0/0 dg_rx=7 dg_tx=7
  SPAN ship 400B tm-s.log: [SPAN] t=2.0s ack=26 win=[0,26] wsize=27 a_star=Some(1) delta=Some(1) owed=0.00 rr=0.441 debt=0.06 retx_buf=1 shed=0/1 bud=0.0000 D=5ms ar=70 agap=0/0 dg_rx=63 dg_tx=63
  SPAN ship 400B tm-s.log: [SPAN] t=2.5s ack=50 win=[0,50] wsize=51 a_star=Some(1) delta=Some(1) owed=0.00 rr=0.255 debt=0.04 retx_buf=1 shed=0/2 bud=0.0000 D=6ms ar=80 agap=0/0 dg_rx=113 dg_tx=114
  SPAN ship 400B tm-s.log: [SPAN] t=3.0s ack=76 win=[0,76] wsize=77 a_star=Some(1) delta=Some(1) owed=0.00 rr=0.188 debt=0.11 retx_buf=1 shed=0/2 bud=0.0000 D=6ms ar=62 agap=0/0 dg_rx=165 dg_tx=166
  SPAN ship 400B tm-s.log: [SPAN] t=3.6s ack=102 win=[1,102] wsize=102 a_star=Some(1) delta=Some(1) owed=0.00 rr=0.153 debt=0.14 retx_buf=1 shed=0/2 bud=0.0000 D=5ms ar=69 agap=0/0 dg_rx=217 dg_tx=218
  SPAN ship 400B tm-s.log: [SPAN] t=4.1s ack=127 win=[110,127] wsize=18 a_star=Some(1) delta=Some(1) owed=0.00 rr=0.340 debt=0.00 retx_buf=1 shed=0/3 bud=0.0000 D=5ms ar=61 agap=0/0 dg_rx=268 dg_tx=271
  SPAN ship 400B tm-s.log: [SPAN] t=6.2s ack=227 win=[210,227] wsize=18 a_star=Some(1) delta=Some(1) owed=0.00 rr=0.340 debt=0.00 retx_buf=1 shed=0/11 bud=0.0000 D=5ms ar=63 agap=0/0 dg_rx=490 dg_tx=499
  SPAN ship 400B tm-s.log: [SPAN] t=11.3s ack=480 win=[463,480] wsize=18 a_star=Some(1) delta=Some(1) owed=0.00 rr=0.340 debt=0.00 retx_buf=1 shed=0/21 bud=0.0000 D=6ms ar=63 agap=0/0 dg_rx=1019 dg_tx=1035
  SPAN ship 400B tm-s.log: [SPAN] t=16.5s ack=737 win=[720,737] wsize=18 a_star=Some(1) delta=Some(1) owed=0.00 rr=0.340 debt=0.00 retx_buf=1 shed=0/27 bud=0.0000 D=5ms ar=59 agap=0/0 dg_rx=1543 dg_tx=1566
  SPAN ship 400B tm-s.log: [SPAN] t=31.5s ack=984 win=[967,984] wsize=18 a_star=Some(1) delta=Some(1) owed=0.00 rr=0.340 debt=0.00 retx_buf=1 shed=0/39 bud=0.0000 D=5ms ar=68 agap=1/1 dg_rx=2069 dg_tx=2103
  SPAN ship 400B tm-s.log: [SPAN] t=36.7s ack=1237 win=[1220,1237] wsize=18 a_star=Some(1) delta=Some(1) owed=0.00 rr=0.340 debt=0.00 retx_buf=1 shed=0/51 bud=0.0000 D=6ms ar=80 agap=1/101 dg_rx=2600 dg_tx=2643
  SPAN ship 400B tm-s.log: [SPAN] t=41.8s ack=1491 win=[1474,1491] wsize=18 a_star=Some(1) delta=Some(1) owed=0.00 rr=0.340 debt=0.00 retx_buf=1 shed=0/54 bud=0.0000 D=5ms ar=68 agap=1/101 dg_rx=3112 dg_tx=3158
  SPAN ship 400B tm-s.log: [SPAN] t=46.9s ack=1746 win=[1729,1746] wsize=18 a_star=Some(1) delta=Some(1) owed=0.00 rr=0.340 debt=0.00 retx_buf=1 shed=0/58 bud=0.0000 D=5ms ar=65 agap=1/101 dg_rx=3634 dg_tx=3684
  SPAN ship 400B tm-s.log: [SPAN] t=62.1s ack=2002 win=[1985,2002] wsize=18 a_star=Some(1) delta=Some(1) owed=0.00 rr=0.340 debt=0.00 retx_buf=1 shed=0/75 bud=0.0000 D=5ms ar=142 agap=2/128 dg_rx=4176 dg_tx=4242
  SPAN ship 400B tm-s.log: [SPAN] t=67.2s ack=2253 win=[2236,2253] wsize=18 a_star=Some(1) delta=Some(1) owed=0.00 rr=0.340 debt=0.00 retx_buf=1 shed=0/91 bud=0.0000 D=5ms ar=167 agap=2/199 dg_rx=4702 dg_tx=4786
  SPAN ship 400B tm-s.log: [SPAN] t=72.4s ack=2508 win=[2491,2508] wsize=18 a_star=Some(1) delta=Some(1) owed=0.00 rr=0.340 debt=0.00 retx_buf=1 shed=0/100 bud=0.0000 D=6ms ar=68 agap=2/199 dg_rx=5221 dg_tx=5313
  SPAN ship 400B tm-s.log: [SPAN] t=77.5s ack=2762 win=[2745,2762] wsize=18 a_star=Some(1) delta=Some(1) owed=0.00 rr=0.340 debt=0.00 retx_buf=1 shed=0/116 bud=0.0000 D=6ms ar=63 agap=2/199 dg_rx=5741 dg_tx=5849
  SPAN ship 400B tm-s.log: [SPAN] t=92.6s ack=3014 win=[2997,3014] wsize=18 a_star=Some(1) delta=Some(1) owed=0.00 rr=0.340 debt=0.00 retx_buf=1 shed=0/132 bud=0.0000 D=6ms ar=112 agap=3/251 dg_rx=6285 dg_tx=6400
  SPAN ship 400B tm-s.log: [SPAN] t=97.7s ack=3265 win=[3248,3265] wsize=18 a_star=Some(1) delta=Some(1) owed=0.00 rr=0.340 debt=0.00 retx_buf=1 shed=0/139 bud=0.0000 D=5ms ar=77 agap=3/299 dg_rx=6800 dg_tx=6920
  SPAN ship 400B tm-s.log: [SPAN] t=102.8s ack=3514 win=[3497,3514] wsize=18 a_star=Some(1) delta=Some(1) owed=0.00 rr=0.340 debt=0.00 retx_buf=1 shed=0/147 bud=0.0000 D=6ms ar=74 agap=3/299 dg_rx=7312 dg_tx=7439
  SPAN ship 400B tm-s.log: [SPAN] t=107.9s ack=3768 win=[3751,3768] wsize=18 a_star=Some(1) delta=Some(1) owed=0.00 rr=0.340 debt=0.00 retx_buf=1 shed=0/150 bud=0.0000 D=6ms ar=61 agap=3/299 dg_rx=7823 dg_tx=7953
  SPAN ship 400B tm-s.log: [SPAN] t=122.6s ack=3998 win=[3981,3998] wsize=18 a_star=Some(2) delta=Some(1) owed=0.00 rr=0.340 debt=0.00 retx_buf=1 shed=0/163 bud=0.0000 D=5ms ar=175 agap=4/349 dg_rx=8319 dg_tx=8462
  SPAN ship 400B tm-s.log: [SPAN] t=127.7s ack=4249 win=[4232,4249] wsize=18 a_star=Some(1) delta=Some(1) owed=0.00 rr=0.340 debt=0.00 retx_buf=1 shed=0/175 bud=0.0000 D=6ms ar=150 agap=4/396 dg_rx=8841 dg_tx=8994
  SPAN ship 400B tm-s.log: [SPAN] t=132.9s ack=4502 win=[4485,4502] wsize=18 a_star=Some(1) delta=Some(1) owed=0.00 rr=0.340 debt=0.00 retx_buf=1 shed=0/189 bud=0.0000 D=5ms ar=61 agap=4/396 dg_rx=9360 dg_tx=9530
  SPAN ship 400B tm-c.log: [SPAN] t=1.5s ack=1 win=[0,1] wsize=2 a_star=Some(1) delta=Some(1) owed=0.00 rr=0.500 debt=0.00 retx_buf=1 shed=0/0 bud=0.0000 D=3ms ar=0 agap=0/0 dg_rx=6 dg_tx=6
  SPAN ship 400B tm-c.log: [SPAN] t=2.0s ack=28 win=[0,28] wsize=29 a_star=Some(1) delta=Some(1) owed=0.00 rr=0.500 debt=0.00 retx_buf=1 shed=0/2 bud=0.0000 D=5ms ar=90 agap=0/0 dg_rx=61 dg_tx=63
  SPAN ship 400B tm-c.log: [SPAN] t=2.5s ack=54 win=[0,54] wsize=55 a_star=Some(1) delta=Some(1) owed=0.00 rr=0.371 debt=0.13 retx_buf=1 shed=0/4 bud=0.0001 D=5ms ar=52 agap=0/0 dg_rx=115 dg_tx=117
  SPAN ship 400B tm-c.log: [SPAN] t=3.0s ack=79 win=[0,79] wsize=80 a_star=Some(1) delta=Some(1) owed=0.00 rr=0.264 debt=0.24 retx_buf=1 shed=0/4 bud=0.0000 D=5ms ar=51 agap=0/0 dg_rx=165 dg_tx=167
  SPAN ship 400B tm-c.log: [SPAN] t=3.5s ack=105 win=[4,105] wsize=102 a_star=Some(1) delta=Some(1) owed=0.00 rr=0.211 debt=0.29 retx_buf=1 shed=0/4 bud=0.0000 D=5ms ar=50 agap=0/0 dg_rx=217 dg_tx=219
  SPAN ship 400B tm-c.log: [SPAN] t=4.0s ack=130 win=[113,130] wsize=18 a_star=Some(1) delta=Some(1) owed=0.00 rr=0.345 debt=0.16 retx_buf=1 shed=0/4 bud=0.0000 D=6ms ar=52 agap=0/0 dg_rx=268 dg_tx=270
  SPAN ship 400B tm-c.log: [SPAN] t=6.1s ack=236 win=[219,236] wsize=18 a_star=Some(1) delta=Some(1) owed=0.00 rr=0.485 debt=0.02 retx_buf=1 shed=1/18 bud=0.0000 D=5ms ar=52 agap=0/0 dg_rx=492 dg_tx=503
  SPAN ship 400B tm-c.log: [SPAN] t=11.2s ack=494 win=[477,494] wsize=18 a_star=Some(1) delta=Some(1) owed=0.00 rr=0.430 debt=0.02 retx_buf=1 shed=1/31 bud=0.0000 D=6ms ar=53 agap=0/0 dg_rx=1022 dg_tx=1040
  SPAN ship 400B tm-c.log: [SPAN] t=16.3s ack=754 win=[737,754] wsize=18 a_star=Some(1) delta=Some(1) owed=0.00 rr=0.415 debt=0.09 retx_buf=1 shed=1/38 bud=0.0000 D=5ms ar=52 agap=0/0 dg_rx=1553 dg_tx=1573
  SPAN ship 400B tm-c.log: [SPAN] t=21.4s ack=1012 win=[995,1012] wsize=18 a_star=Some(1) delta=Some(1) owed=0.00 rr=0.400 debt=0.02 retx_buf=1 shed=4/52 bud=0.0024 D=5ms ar=52 agap=0/0 dg_rx=2083 dg_tx=2108
  SPAN ship 400B tm-c.log: [SPAN] t=36.1s ack=1253 win=[1236,1253] wsize=18 a_star=Some(1) delta=Some(1) owed=0.00 rr=0.435 debt=0.03 retx_buf=1 shed=5/66 bud=0.0000 D=6ms ar=54 agap=1/101 dg_rx=2589 dg_tx=2623
  SPAN ship 400B tm-c.log: [SPAN] t=41.2s ack=1508 win=[1491,1508] wsize=18 a_star=Some(1) delta=Some(1) owed=0.00 rr=0.435 debt=0.06 retx_buf=1 shed=6/69 bud=0.0000 D=5ms ar=51 agap=1/101 dg_rx=3106 dg_tx=3144
  SPAN ship 400B tm-c.log: [SPAN] t=46.4s ack=1765 win=[1748,1765] wsize=18 a_star=Some(1) delta=Some(1) owed=0.00 rr=0.455 debt=0.05 retx_buf=1 shed=7/75 bud=0.0000 D=5ms ar=52 agap=1/101 dg_rx=3629 dg_tx=3673
  SPAN ship 400B tm-c.log: [SPAN] t=51.5s ack=2020 win=[2003,2022] wsize=20 a_star=Some(1) delta=Some(1) owed=0.00 rr=0.405 debt=0.45 retx_buf=3 shed=8/86 bud=0.0000 D=5ms ar=52 agap=1/101 dg_rx=4160 dg_tx=4211
  SPAN ship 400B tm-c.log: [SPAN] t=66.2s ack=2265 win=[2248,2265] wsize=18 a_star=Some(1) delta=Some(1) owed=0.00 rr=0.445 debt=0.00 retx_buf=1 shed=8/102 bud=0.0048 D=5ms ar=92 agap=2/202 dg_rx=4674 dg_tx=4730
  SPAN ship 400B tm-c.log: [SPAN] t=71.3s ack=2522 win=[2505,2522] wsize=18 a_star=Some(1) delta=Some(1) owed=0.00 rr=0.430 debt=0.02 retx_buf=1 shed=8/111 bud=0.0000 D=5ms ar=53 agap=2/202 dg_rx=5205 dg_tx=5267
  SPAN ship 400B tm-c.log: [SPAN] t=76.4s ack=2781 win=[2764,2781] wsize=18 a_star=Some(1) delta=Some(1) owed=0.00 rr=0.450 debt=0.05 retx_buf=1 shed=8/121 bud=0.0000 D=5ms ar=56 agap=2/202 dg_rx=5746 dg_tx=5815
  SPAN ship 400B tm-c.log: [SPAN] t=81.6s ack=3038 win=[3021,3038] wsize=18 a_star=Some(1) delta=Some(1) owed=0.00 rr=0.430 debt=0.01 retx_buf=1 shed=8/133 bud=0.0015 D=5ms ar=101 agap=2/202 dg_rx=6275 dg_tx=6350
  SPAN ship 400B tm-c.log: [SPAN] t=96.2s ack=3275 win=[3258,3275] wsize=18 a_star=Some(1) delta=Some(1) owed=0.00 rr=0.415 debt=0.01 retx_buf=1 shed=9/144 bud=0.0012 D=4ms ar=51 agap=3/304 dg_rx=6769 dg_tx=6849
  SPAN ship 400B tm-c.log: [SPAN] t=101.3s ack=3532 win=[3515,3532] wsize=18 a_star=Some(1) delta=Some(1) owed=0.00 rr=0.415 debt=0.01 retx_buf=1 shed=9/150 bud=0.0000 D=5ms ar=51 agap=3/304 dg_rx=7291 dg_tx=7376
  SPAN ship 400B tm-c.log: [SPAN] t=106.5s ack=3789 win=[3772,3789] wsize=18 a_star=Some(1) delta=Some(1) owed=0.00 rr=0.405 debt=0.15 retx_buf=1 shed=10/153 bud=0.0000 D=5ms ar=51 agap=3/304 dg_rx=7810 dg_tx=7898
  SPAN ship 400B tm-c.log: [SPAN] t=111.6s ack=4049 win=[4032,4049] wsize=18 a_star=Some(1) delta=Some(1) owed=0.00 rr=0.500 debt=0.00 retx_buf=1 shed=13/168 bud=0.0037 D=6ms ar=112 agap=3/304 dg_rx=8340 dg_tx=8441
  SPAN ship 400B tm-c.log: [SPAN] t=126.3s ack=4289 win=[4272,4289] wsize=18 a_star=Some(1) delta=Some(1) owed=0.00 rr=0.455 debt=0.01 retx_buf=1 shed=14/184 bud=0.0001 D=5ms ar=57 agap=4/405 dg_rx=8844 dg_tx=8954
  SPAN ship 400B tm-c.log: [SPAN] t=131.5s ack=4550 win=[4533,4550] wsize=18 a_star=Some(1) delta=Some(1) owed=0.00 rr=0.500 debt=0.00 retx_buf=1 shed=14/192 bud=0.0002 D=5ms ar=97 agap=4/405 dg_rx=9379 dg_tx=9493
  EVICT ship 400B tm-s.log: [RFA] gen=0 fires=211 false=34 false_frac=0.1611 fill_coded=49 fill_src=128 dup_src=21 preempt_src=13 src_n=8039 rep_n=214 nu_recv=0.02625 fa_class=0.0625 rep_redundant=165 late_after_aban=88
  EVICT ship 400B tm-s.log: [SUCC] gen=0 det=164 res=59 orig_n=55 orig_p50_us=4096 orig_p90_us=5632 orig_p99_us=6144 orig_mx_us=6397 orig_mean_us=3820 rep_n=4 rep_p50_us=32 rep_p90_us=32 rep_p99_us=32 rep_mx_us=35 rep_mean_us=32 aban_n=105 aban_p50_us=6656 aban_p90_us=7168 aban_p99_us=7680 aban_mx_us=8093 aban_mean_us=6940 open=0 over=0 orig_frac=0.9322 cross_us=32 dump=0/0 sp_n=59 xp_n=0 xp_frac=0.0000 sp_p50_us=3840 sp_p90_us=5632 xp_p50_us=- xp_p90_us=- rtx_n=55
  EVICT ship 400B tm-s.log: [ETA] site=sender fhat_us=1790776202156102 n=7895 zero=0.0000 place_n=0 cold_r=- cold_ge=- t_eff=- t_cold=- t_n=0 hol_sh=- hol_n=0 hol_mv=- hol_calls=0 hol_w=- p0:n=7741/7895 drop=0 tau_us=5691 e_p50=3072 e_p90=5632 e_p99=7168 e_mx=17073 late=0.9075 sig_us=3521/n7
  EVICT ship 400B tm-s.log: [LAT] site=receiver n=7976 over=48 p0:n=7928 nowait=849 minrst=7 ax_n=7928 ax_p50=3072 ax_p90=5120 ax_p95=5632 ax_p99=5632 ax_sum=24991278 rwxp_n=0 rwxp_p50=- rwxp_p95=- rwxp_sum=0 rwsp_n=7076 rwsp_p50=1 rwsp_p95=3 rwsp_sum=220182 rwrep_n=3 rwrep_p50=32 rwrep_p95=36 rwrep_sum=101 rep_n=3 rep_p50=32 rep_p95=32 rep_sum=95 tot_p50=3072 tot_p95=5632 tot_p99=6144 sh_ax=0.9913 sh_rwxp=0.0000 sh_rwsp=0.0087 sh_rwrep=0.0000 sh_rep=0.0000
  EVICT ship 400B tm-c.log: [RFA] gen=0 fires=312 false=312 false_frac=1.0000 fill_coded=0 fill_src=0 dup_src=312 preempt_src=0 src_n=8171 rep_n=0 nu_recv=0.03818 fa_class=0.0625 rep_redundant=0 late_after_aban=0
  EVICT ship 400B tm-c.log: [SUCC] gen=0 det=0 res=0 orig_n=0 orig_p50_us=- orig_p90_us=- orig_p99_us=- orig_mx_us=- orig_mean_us=- rep_n=0 rep_p50_us=- rep_p90_us=- rep_p99_us=- rep_mx_us=- rep_mean_us=- aban_n=0 aban_p50_us=- aban_p90_us=- aban_p99_us=- aban_mx_us=- aban_mean_us=- open=0 over=0 orig_frac=- cross_us=- dump=0/0 sp_n=0 xp_n=0 xp_frac=- sp_p50_us=- sp_p90_us=- xp_p50_us=- xp_p90_us=- rtx_n=0
  EVICT ship 400B tm-c.log: [ETA] site=sender fhat_us=1790776202206362 n=8110 zero=0.0000 place_n=0 cold_r=- cold_ge=- t_eff=- t_cold=- t_n=0 hol_sh=- hol_n=0 hol_mv=- hol_calls=0 hol_w=- p0:n=7880/8110 drop=0 tau_us=4676 e_p50=2816 e_p90=5632 e_p99=7680 e_mx=21918 late=0.8846 sig_us=774/n2
  EVICT ship 400B tm-c.log: [LAT] site=receiver n=7859 over=0 p0:n=7859 nowait=1458 minrst=8 ax_n=7859 ax_p50=3328 ax_p90=5120 ax_p95=5632 ax_p99=5632 ax_sum=27031906 rwxp_n=0 rwxp_p50=- rwxp_p95=- rwxp_sum=0 rwsp_n=6401 rwsp_p50=1 rwsp_p95=2 rwsp_sum=8040 rwrep_n=0 rwrep_p50=- rwrep_p95=- rwrep_sum=0 rep_n=0 rep_p50=- rep_p95=- rep_sum=0 tot_p50=3328 tot_p95=5632 tot_p99=5632 sh_ax=0.9997 sh_rwxp=0.0000 sh_rwsp=0.0003 sh_rwrep=0.0000 sh_rep=0.0000
ARM ship 400B: n=8 min=35 median=37 max=372
--- ship 1200B start=15:50:11
ARMENV ship 1200B: hint=realtime env='<unset>' flags='' rate=50 dur=20
  ECHO ship 1200B tm-s.log: ack-merge ACTIVE (RWM_ACK_MERGE: WINDOW mode sends ONE control datagram per data message instead of two — the legacy per-batch Ack is suppressed, the SACK WindowAck goes unconditional at that cadence and carries the Ack's payload in the v6 cumulative cum_expected/cum_received counters, every Ack-arm consumer re-homed onto the counter diff; BLOCK mode bit-exact; the delivery statistic/cadence/counts unchanged) copa_feed=false
  ECHO ship 1200B tm-s.log: A* send-rate anchor ACTIVE (RWM_ASTAR_ANCHOR: windowed-max send rate over ~8 SRTT, clock-gap sample discard)
  ECHO ship 1200B tm-s.log: clock-gap estimator hygiene ACTIVE (RWM_CLOCK_GAP: process-clock stall witness, post-stall sample discard at the ack feed sites)
  ECHO ship 1200B tm-s.log: M* peer-report RTT-feed suppression ACTIVE (RWM_MSTAR_ANCHOR plain-live subset: local-echo-only RTT feed + estimator seed-from-sample)
  ECHO ship 1200B tm-s.log: quinn congestion controller: BBR (shipped default; RWM_QUIC_CC overrides)
  ECHO ship 1200B tm-s.log: RWM_UNIFIED=1 RWM_UNIFIED_SHED=1 RWM_TAPER_R=1 RWM_ASTAR_ANCHOR=1 RWM_MSTAR_ANCHOR=1 RWM_PLAIN_RS=0 RWM_HONEST_ANCHOR=1 RWM_HONEST_K=0 RWM_STORE_SACK_RELEASE=1 RWM_STORE_PATHS=1 RWM_STORE_PATH_POOL=2048 RWM_STORE=unset RWM_STORE_GAIN=2 RWM_STORE_BOOT=128 RWM_THREE_TERM=0 RWM_COMPOSED_CAP=0 RWM_SUM_CAP=1 RWM_LATE_BRAKE=0 RWM_DELTA_CAP=1 RWM_HONEST_CAP=0 RWM_POOL_ANCHOR=0 RWM_ACK_MERGE=1 RWM_LOSS_SENT_TRUTH=0 RWM_RELEASE_1TO1=0 RWM_CHARGE_RECOVERY=0 RWM_SIDLE_DERIVED=0 RWM_COLD_PLACE=0 RWM_PLACE_T_DERIVED=0 RWM_PLACE_HOL=0 RWM_PLACE_WDIV_DERIVED=0 RWM_GEN=1 RWM_PIPELINE=2 RWM_GEN_PIPE=1 RWM_GEN_R=unset RWM_GEN_RATE=9000 RWM_GEN_RATE_FLOOR=2000 RWM_GEN_INFLIGHT=unset RWM_OOO_RETAIN=0/16 RWM_WINDOW=unset RWM_REPORT_GENS=unset RWM_REPAIR_WAIT=unset RWM_CODED_SRC=0 RWM_NO_REACTIVE=0 RWM_XPATH_REPAIR=0 RWM_PROACTIVE_PACER=0 RWM_REASM_BDP=0 RWM_MIN_R=0 RWM_CC_PACE=0 RWM_CC_PACE_HR=1.1 RWM_REACT_CAP=unset RWM_INFL_CAP=0 RWM_INFL_BDP=unset RWM_COPA_FEED=0 RWM_RS_ATTR=1 RWM_EMIT_BATCH=0 RWM_EMIT_BURST=64 RWM_RECOV_MP=1 RWM_RECOV_MP_LAW=1 RWM_RECOV_SP=0 RWM_DERIVED_SWEEP=0 RWM_HOLDDOWN_Q=unset RWM_REFRESH_FLOOR_US=unset RWM_DELTA=unset RWM_COPA_DELTA=unset RWM_COMPLETION_EXPOSURE=0 RWM_RECV_REQUEST_LAW=0 RWM_RANK_FEEDBACK=0 RWM_DIAG=1 RWM_ACKDIAG=0 RWM_ACKDIAG_WINDOW_US=2000000 RWM_RTT_DUMP=0 RWM_RTT_DUMP_MAX=400000 RWM_SUCC_DUMP=0 RWM_SUCC_DUMP_MAX=200000 RWM_WALLDIAG=0 RWM_CPUPROF=0 RWM_RDIAG=0 RWM_FDIAG=0 RWM_TRACE=0 RWM_PFRAC=0
  ECHO ship 1200B tm-s.log: RWM_UNIFIED: Realtime rides the RLC span machine (small-δ parameterization, no code-family switch)
  ECHO ship 1200B tm-s.log: RWM_UNIFIED: receive path on the unified global decoder (one machine, both wires) generation=false
  ECHO ship 1200B tm-s.log: sliding-window FEC mode symbol_size=512 backend=Rlc
  ECHO ship 1200B tm-s.log: unified overload shedding ACTIVE at receiver (RWM_UNIFIED_SHED: in-order hold = delta-derived b*SRTT within the eps-class give-up budget)
  ECHO ship 1200B tm-s.log: unified overload shedding ACTIVE (RWM_UNIFIED_SHED: past-deadline holes shed within the derived 1-rho budget; =0 = serializing arm)
  ECHO ship 1200B tm-s.log: unified span law ACTIVE (RWM_UNIFIED: plain-mode proactive repair over the trailing solvable span [end-A*, end-Δ), A* from δ) hint=Realtime
  ECHO ship 1200B tm-c.log: ack-merge ACTIVE (RWM_ACK_MERGE: WINDOW mode sends ONE control datagram per data message instead of two — the legacy per-batch Ack is suppressed, the SACK WindowAck goes unconditional at that cadence and carries the Ack's payload in the v6 cumulative cum_expected/cum_received counters, every Ack-arm consumer re-homed onto the counter diff; BLOCK mode bit-exact; the delivery statistic/cadence/counts unchanged) copa_feed=false
  ECHO ship 1200B tm-c.log: A* send-rate anchor ACTIVE (RWM_ASTAR_ANCHOR: windowed-max send rate over ~8 SRTT, clock-gap sample discard)
  ECHO ship 1200B tm-c.log: clock-gap estimator hygiene ACTIVE (RWM_CLOCK_GAP: process-clock stall witness, post-stall sample discard at the ack feed sites)
  ECHO ship 1200B tm-c.log: M* peer-report RTT-feed suppression ACTIVE (RWM_MSTAR_ANCHOR plain-live subset: local-echo-only RTT feed + estimator seed-from-sample)
  ECHO ship 1200B tm-c.log: quinn congestion controller: BBR (shipped default; RWM_QUIC_CC overrides)
  ECHO ship 1200B tm-c.log: RWM_UNIFIED=1 RWM_UNIFIED_SHED=1 RWM_TAPER_R=1 RWM_ASTAR_ANCHOR=1 RWM_MSTAR_ANCHOR=1 RWM_PLAIN_RS=0 RWM_HONEST_ANCHOR=1 RWM_HONEST_K=0 RWM_STORE_SACK_RELEASE=1 RWM_STORE_PATHS=1 RWM_STORE_PATH_POOL=2048 RWM_STORE=unset RWM_STORE_GAIN=2 RWM_STORE_BOOT=128 RWM_THREE_TERM=0 RWM_COMPOSED_CAP=0 RWM_SUM_CAP=1 RWM_LATE_BRAKE=0 RWM_DELTA_CAP=1 RWM_HONEST_CAP=0 RWM_POOL_ANCHOR=0 RWM_ACK_MERGE=1 RWM_LOSS_SENT_TRUTH=0 RWM_RELEASE_1TO1=0 RWM_CHARGE_RECOVERY=0 RWM_SIDLE_DERIVED=0 RWM_COLD_PLACE=0 RWM_PLACE_T_DERIVED=0 RWM_PLACE_HOL=0 RWM_PLACE_WDIV_DERIVED=0 RWM_GEN=1 RWM_PIPELINE=2 RWM_GEN_PIPE=1 RWM_GEN_R=unset RWM_GEN_RATE=9000 RWM_GEN_RATE_FLOOR=2000 RWM_GEN_INFLIGHT=unset RWM_OOO_RETAIN=0/16 RWM_WINDOW=unset RWM_REPORT_GENS=unset RWM_REPAIR_WAIT=unset RWM_CODED_SRC=0 RWM_NO_REACTIVE=0 RWM_XPATH_REPAIR=0 RWM_PROACTIVE_PACER=0 RWM_REASM_BDP=0 RWM_MIN_R=0 RWM_CC_PACE=0 RWM_CC_PACE_HR=1.1 RWM_REACT_CAP=unset RWM_INFL_CAP=0 RWM_INFL_BDP=unset RWM_COPA_FEED=0 RWM_RS_ATTR=1 RWM_EMIT_BATCH=0 RWM_EMIT_BURST=64 RWM_RECOV_MP=1 RWM_RECOV_MP_LAW=1 RWM_RECOV_SP=0 RWM_DERIVED_SWEEP=0 RWM_HOLDDOWN_Q=unset RWM_REFRESH_FLOOR_US=unset RWM_DELTA=unset RWM_COPA_DELTA=unset RWM_COMPLETION_EXPOSURE=0 RWM_RECV_REQUEST_LAW=0 RWM_RANK_FEEDBACK=0 RWM_DIAG=1 RWM_ACKDIAG=0 RWM_ACKDIAG_WINDOW_US=2000000 RWM_RTT_DUMP=0 RWM_RTT_DUMP_MAX=400000 RWM_SUCC_DUMP=0 RWM_SUCC_DUMP_MAX=200000 RWM_WALLDIAG=0 RWM_CPUPROF=0 RWM_RDIAG=0 RWM_FDIAG=0 RWM_TRACE=0 RWM_PFRAC=0
  ECHO ship 1200B tm-c.log: RWM_UNIFIED: Realtime rides the RLC span machine (small-δ parameterization, no code-family switch)
  ECHO ship 1200B tm-c.log: RWM_UNIFIED: receive path on the unified global decoder (one machine, both wires) generation=false
  ECHO ship 1200B tm-c.log: sliding-window FEC mode symbol_size=512 backend=Rlc
  ECHO ship 1200B tm-c.log: unified overload shedding ACTIVE at receiver (RWM_UNIFIED_SHED: in-order hold = delta-derived b*SRTT within the eps-class give-up budget)
  ECHO ship 1200B tm-c.log: unified overload shedding ACTIVE (RWM_UNIFIED_SHED: past-deadline holes shed within the derived 1-rho budget; =0 = serializing arm)
  ECHO ship 1200B tm-c.log: unified span law ACTIVE (RWM_UNIFIED: plain-mode proactive repair over the trailing solvable span [end-A*, end-Δ), A* from δ) hint=Realtime
  ship 1200B rep1: p50=8.265ms p99=40.471ms p999=70.071ms max=70.071ms n=1000
  ship 1200B rep2: p50=8.193ms p99=38.441ms p999=45.675ms max=45.675ms n=1000
  ship 1200B rep3: p50=8.303ms p99=37.586ms p999=57.126ms max=57.126ms n=1000
  ship 1200B rep4: p50=8.182ms p99=40.485ms p999=67.313ms max=67.313ms n=1000
  ship 1200B rep5: p50=8.183ms p99=37.788ms p999=66.742ms max=66.742ms n=1000
  ship 1200B rep6: p50=8.177ms p99=38.549ms p999=72.385ms max=72.385ms n=1000
  ship 1200B rep7: p50=8.305ms p99=62.519ms p999=114.72ms max=114.72ms n=1000
  ship 1200B rep8: p50=8.207ms p99=36.617ms p999=48.956ms max=48.956ms n=1000
  SPAN ship 1200B tm-s.log: [SPAN] t=1.5s ack=1 win=[0,1] wsize=2 a_star=Some(1) delta=Some(1) owed=0.00 rr=0.500 debt=0.00 retx_buf=1 shed=0/0 bud=0.0000 D=7ms ar=0 agap=0/0 dg_rx=7 dg_tx=7
  SPAN ship 1200B tm-s.log: [SPAN] t=2.0s ack=43 win=[0,43] wsize=44 a_star=Some(2) delta=Some(1) owed=0.00 rr=0.265 debt=0.01 retx_buf=1 shed=0/3 bud=0.0000 D=6ms ar=173 agap=0/0 dg_rx=166 dg_tx=169
  SPAN ship 1200B tm-s.log: [SPAN] t=2.5s ack=79 win=[0,80] wsize=81 a_star=Some(1) delta=Some(1) owed=0.00 rr=0.174 debt=0.30 retx_buf=2 shed=0/3 bud=0.0000 D=5ms ar=179 agap=0/0 dg_rx=286 dg_tx=290
  SPAN ship 1200B tm-s.log: [SPAN] t=3.1s ack=118 win=[17,118] wsize=102 a_star=Some(1) delta=Some(1) owed=0.00 rr=0.143 debt=0.03 retx_buf=1 shed=0/4 bud=0.0000 D=5ms ar=175 agap=0/0 dg_rx=398 dg_tx=403
  SPAN ship 1200B tm-s.log: [SPAN] t=3.6s ack=159 win=[58,159] wsize=102 a_star=Some(1) delta=Some(1) owed=0.00 rr=0.132 debt=0.01 retx_buf=1 shed=0/5 bud=0.0000 D=6ms ar=164 agap=0/0 dg_rx=554 dg_tx=559
  SPAN ship 1200B tm-s.log: [SPAN] t=4.1s ack=198 win=[181,198] wsize=18 a_star=Some(1) delta=Some(1) owed=0.00 rr=0.340 debt=0.01 retx_buf=1 shed=0/8 bud=0.0000 D=5ms ar=162 agap=0/0 dg_rx=694 dg_tx=702
  SPAN ship 1200B tm-s.log: [SPAN] t=6.1s ack=355 win=[338,355] wsize=18 a_star=Some(1) delta=Some(1) owed=0.00 rr=0.340 debt=0.01 retx_buf=1 shed=0/10 bud=0.0000 D=5ms ar=162 agap=0/0 dg_rx=1265 dg_tx=1275
  SPAN ship 1200B tm-s.log: [SPAN] t=11.2s ack=753 win=[736,753] wsize=18 a_star=Some(2) delta=Some(1) owed=0.00 rr=0.340 debt=0.01 retx_buf=1 shed=0/22 bud=0.0000 D=5ms ar=262 agap=0/0 dg_rx=2698 dg_tx=2721
  SPAN ship 1200B tm-s.log: [SPAN] t=16.3s ack=1140 win=[1123,1140] wsize=18 a_star=Some(1) delta=Some(1) owed=0.00 rr=0.330 debt=0.00 retx_buf=1 shed=0/36 bud=0.0000 D=6ms ar=113 agap=0/0 dg_rx=4121 dg_tx=4164
  SPAN ship 1200B tm-s.log: [SPAN] t=21.4s ack=1523 win=[1506,1523] wsize=18 a_star=Some(1) delta=Some(1) owed=0.00 rr=0.340 debt=0.00 retx_buf=1 shed=0/46 bud=0.0000 D=6ms ar=160 agap=0/0 dg_rx=5540 dg_tx=5595
  SPAN ship 1200B tm-s.log: [SPAN] t=36.1s ack=1894 win=[1877,1894] wsize=18 a_star=Some(2) delta=Some(1) owed=0.00 rr=0.340 debt=0.00 retx_buf=1 shed=0/59 bud=0.0000 D=6ms ar=178 agap=1/108 dg_rx=6888 dg_tx=6960
  SPAN ship 1200B tm-s.log: [SPAN] t=41.3s ack=2274 win=[2257,2274] wsize=18 a_star=Some(2) delta=Some(1) owed=0.00 rr=0.340 debt=0.00 retx_buf=1 shed=0/77 bud=0.0000 D=5ms ar=216 agap=1/108 dg_rx=8323 dg_tx=8417
  SPAN ship 1200B tm-s.log: [SPAN] t=46.3s ack=2660 win=[2643,2661] wsize=19 a_star=Some(1) delta=Some(1) owed=0.00 rr=0.330 debt=0.34 retx_buf=2 shed=0/85 bud=0.0000 D=5ms ar=152 agap=1/108 dg_rx=9738 dg_tx=9849
  SPAN ship 1200B tm-s.log: [SPAN] t=51.5s ack=3048 win=[3031,3048] wsize=18 a_star=Some(2) delta=Some(1) owed=0.00 rr=0.340 debt=0.00 retx_buf=1 shed=0/95 bud=0.0000 D=5ms ar=258 agap=1/108 dg_rx=11171 dg_tx=11297
  SPAN ship 1200B tm-s.log: [SPAN] t=66.2s ack=3414 win=[3397,3415] wsize=19 a_star=Some(1) delta=Some(1) owed=0.00 rr=0.330 debt=0.36 retx_buf=2 shed=0/100 bud=0.0000 D=6ms ar=156 agap=2/220 dg_rx=12499 dg_tx=12634
  SPAN ship 1200B tm-s.log: [SPAN] t=71.3s ack=3815 win=[3798,3815] wsize=18 a_star=Some(1) delta=Some(1) owed=0.00 rr=0.330 debt=0.02 retx_buf=1 shed=0/112 bud=0.0000 D=5ms ar=126 agap=2/220 dg_rx=13945 dg_tx=14097
  SPAN ship 1200B tm-s.log: [SPAN] t=76.3s ack=4206 win=[4189,4207] wsize=19 a_star=Some(2) delta=Some(1) owed=0.00 rr=0.330 debt=0.34 retx_buf=2 shed=0/134 bud=0.0000 D=6ms ar=190 agap=2/220 dg_rx=15396 dg_tx=15577
  SPAN ship 1200B tm-s.log: [SPAN] t=81.4s ack=4604 win=[4587,4604] wsize=18 a_star=Some(2) delta=Some(1) owed=0.00 rr=0.340 debt=0.00 retx_buf=1 shed=0/144 bud=0.0000 D=5ms ar=224 agap=2/220 dg_rx=16825 dg_tx=17022
  SPAN ship 1200B tm-s.log: [SPAN] t=96.2s ack=4971 win=[4954,4972] wsize=19 a_star=Some(1) delta=Some(1) owed=0.00 rr=0.330 debt=0.34 retx_buf=2 shed=0/161 bud=0.0000 D=6ms ar=116 agap=3/325 dg_rx=18185 dg_tx=18403
  SPAN ship 1200B tm-s.log: [SPAN] t=101.3s ack=5348 win=[5331,5348] wsize=18 a_star=Some(1) delta=Some(1) owed=0.00 rr=0.340 debt=0.00 retx_buf=1 shed=0/170 bud=0.0000 D=5ms ar=147 agap=3/325 dg_rx=19595 dg_tx=19828
  SPAN ship 1200B tm-s.log: [SPAN] t=106.3s ack=5730 win=[5713,5731] wsize=19 a_star=Some(1) delta=Some(1) owed=0.00 rr=0.330 debt=0.37 retx_buf=2 shed=0/177 bud=0.0000 D=6ms ar=107 agap=3/325 dg_rx=21006 dg_tx=21251
  SPAN ship 1200B tm-s.log: [SPAN] t=111.4s ack=6117 win=[6100,6118] wsize=19 a_star=Some(1) delta=Some(1) owed=0.00 rr=0.330 debt=0.35 retx_buf=2 shed=0/187 bud=0.0000 D=5ms ar=167 agap=3/325 dg_rx=22439 dg_tx=22701
  SPAN ship 1200B tm-s.log: [SPAN] t=126.2s ack=6481 win=[6464,6482] wsize=19 a_star=Some(2) delta=Some(1) owed=0.00 rr=0.330 debt=0.42 retx_buf=2 shed=0/191 bud=0.0000 D=6ms ar=181 agap=4/436 dg_rx=23779 dg_tx=24047
  SPAN ship 1200B tm-s.log: [SPAN] t=131.3s ack=6875 win=[6858,6875] wsize=18 a_star=Some(2) delta=Some(1) owed=0.00 rr=0.340 debt=0.00 retx_buf=1 shed=0/201 bud=0.0000 D=6ms ar=171 agap=4/436 dg_rx=25210 dg_tx=25488
  SPAN ship 1200B tm-c.log: [SPAN] t=1.5s ack=1 win=[0,1] wsize=2 a_star=Some(1) delta=Some(1) owed=0.00 rr=0.500 debt=0.00 retx_buf=1 shed=0/0 bud=0.0000 D=2ms ar=0 agap=0/0 dg_rx=6 dg_tx=6
  SPAN ship 1200B tm-c.log: [SPAN] t=2.0s ack=78 win=[0,78] wsize=79 a_star=Some(2) delta=Some(1) owed=0.00 rr=0.471 debt=0.00 retx_buf=1 shed=0/5 bud=0.0001 D=6ms ar=199 agap=0/0 dg_rx=167 dg_tx=169
  SPAN ship 1200B tm-c.log: [SPAN] t=2.5s ack=153 win=[52,155] wsize=104 a_star=Some(1) delta=Some(1) owed=0.00 rr=0.276 debt=0.72 retx_buf=3 shed=0/5 bud=0.0000 D=5ms ar=151 agap=0/0 dg_rx=286 dg_tx=290
  SPAN ship 1200B tm-c.log: [SPAN] t=3.0s ack=225 win=[124,231] wsize=108 a_star=Some(1) delta=Some(1) owed=0.00 rr=0.222 debt=0.44 retx_buf=7 shed=0/7 bud=0.0000 D=4ms ar=151 agap=0/0 dg_rx=398 dg_tx=409
  SPAN ship 1200B tm-c.log: [SPAN] t=3.5s ack=308 win=[207,310] wsize=104 a_star=Some(2) delta=Some(1) owed=0.00 rr=0.347 debt=0.69 retx_buf=3 shed=0/29 bud=0.0000 D=5ms ar=251 agap=0/0 dg_rx=552 dg_tx=565
  SPAN ship 1200B tm-c.log: [SPAN] t=4.0s ack=386 win=[369,388] wsize=20 a_star=Some(2) delta=Some(1) owed=0.00 rr=0.500 debt=0.00 retx_buf=3 shed=0/36 bud=0.0000 D=5ms ar=315 agap=0/0 dg_rx=692 dg_tx=712
  SPAN ship 1200B tm-c.log: [SPAN] t=6.1s ack=692 win=[675,692] wsize=18 a_star=Some(1) delta=Some(1) owed=0.00 rr=0.500 debt=0.00 retx_buf=1 shed=2/46 bud=0.0000 D=5ms ar=151 agap=0/0 dg_rx=1266 dg_tx=1289
  SPAN ship 1200B tm-c.log: [SPAN] t=11.1s ack=1453 win=[1436,1453] wsize=18 a_star=Some(2) delta=Some(1) owed=0.00 rr=0.500 debt=0.00 retx_buf=1 shed=6/75 bud=0.0000 D=6ms ar=250 agap=0/0 dg_rx=2700 dg_tx=2738
  SPAN ship 1200B tm-c.log: [SPAN] t=16.2s ack=2218 win=[2201,2220] wsize=20 a_star=Some(3) delta=Some(1) owed=0.00 rr=0.500 debt=0.00 retx_buf=3 shed=14/110 bud=0.0000 D=4ms ar=572 agap=0/0 dg_rx=4131 dg_tx=4198
  SPAN ship 1200B tm-c.log: [SPAN] t=21.2s ack=2981 win=[2964,2981] wsize=18 a_star=Some(4) delta=Some(2) owed=0.00 rr=0.500 debt=0.00 retx_buf=1 shed=15/136 bud=0.0000 D=5ms ar=606 agap=0/0 dg_rx=5552 dg_tx=5628
  SPAN ship 1200B tm-c.log: [SPAN] t=36.1s ack=3716 win=[3699,3716] wsize=18 a_star=Some(1) delta=Some(1) owed=0.00 rr=0.500 debt=0.00 retx_buf=1 shed=19/175 bud=0.0000 D=5ms ar=162 agap=1/102 dg_rx=6946 dg_tx=7044
  SPAN ship 1200B tm-c.log: [SPAN] t=41.1s ack=4480 win=[4463,4482] wsize=20 a_star=Some(1) delta=Some(1) owed=0.00 rr=0.500 debt=0.00 retx_buf=3 shed=23/247 bud=0.0000 D=5ms ar=174 agap=1/102 dg_rx=8386 dg_tx=8524
  SPAN ship 1200B tm-c.log: [SPAN] t=46.2s ack=5244 win=[5227,5244] wsize=18 a_star=Some(2) delta=Some(1) owed=0.00 rr=0.500 debt=0.00 retx_buf=1 shed=26/285 bud=0.0000 D=6ms ar=166 agap=1/102 dg_rx=9809 dg_tx=9970
  SPAN ship 1200B tm-c.log: [SPAN] t=51.2s ack=6006 win=[5989,6006] wsize=18 a_star=Some(1) delta=Some(1) owed=0.00 rr=0.500 debt=0.00 retx_buf=1 shed=29/331 bud=0.0000 D=6ms ar=151 agap=1/102 dg_rx=11238 dg_tx=11421
  SPAN ship 1200B tm-c.log: [SPAN] t=66.1s ack=6740 win=[6723,6740] wsize=18 a_star=Some(1) delta=Some(1) owed=0.00 rr=0.500 debt=0.00 retx_buf=1 shed=30/355 bud=0.0000 D=5ms ar=155 agap=2/204 dg_rx=12623 dg_tx=12817
  SPAN ship 1200B tm-c.log: [SPAN] t=71.2s ack=7510 win=[7493,7510] wsize=18 a_star=Some(1) delta=Some(1) owed=0.00 rr=0.500 debt=0.00 retx_buf=1 shed=37/412 bud=0.0000 D=5ms ar=167 agap=2/204 dg_rx=14076 dg_tx=14300
  SPAN ship 1200B tm-c.log: [SPAN] t=76.2s ack=8279 win=[8262,8280] wsize=19 a_star=Some(4) delta=Some(2) owed=0.00 rr=0.500 debt=0.50 retx_buf=2 shed=44/479 bud=0.0000 D=5ms ar=644 agap=2/204 dg_rx=15551 dg_tx=15805
  SPAN ship 1200B tm-c.log: [SPAN] t=81.3s ack=9037 win=[9020,9037] wsize=18 a_star=Some(1) delta=Some(1) owed=0.00 rr=0.500 debt=0.00 retx_buf=1 shed=44/512 bud=0.0002 D=5ms ar=167 agap=2/204 dg_rx=16974 dg_tx=17247
  SPAN ship 1200B tm-c.log: [SPAN] t=96.2s ack=9782 win=[9765,9784] wsize=20 a_star=Some(1) delta=Some(1) owed=0.00 rr=0.500 debt=0.00 retx_buf=3 shed=50/572 bud=0.0000 D=5ms ar=151 agap=3/307 dg_rx=18398 dg_tx=18704
  SPAN ship 1200B tm-c.log: [SPAN] t=101.2s ack=10547 win=[10530,10547] wsize=18 a_star=Some(1) delta=Some(1) owed=0.00 rr=0.500 debt=0.00 retx_buf=1 shed=55/601 bud=0.0052 D=5ms ar=153 agap=3/307 dg_rx=19813 dg_tx=20138
  SPAN ship 1200B tm-c.log: [SPAN] t=106.3s ack=11309 win=[11292,11309] wsize=18 a_star=Some(1) delta=Some(1) owed=0.00 rr=0.500 debt=0.00 retx_buf=1 shed=56/635 bud=0.0000 D=6ms ar=151 agap=3/307 dg_rx=21234 dg_tx=21583
  SPAN ship 1200B tm-c.log: [SPAN] t=111.3s ack=12074 win=[12057,12076] wsize=20 a_star=Some(2) delta=Some(1) owed=0.00 rr=0.500 debt=0.00 retx_buf=3 shed=60/703 bud=0.0000 D=5ms ar=189 agap=3/307 dg_rx=22674 dg_tx=23055
  SPAN ship 1200B tm-c.log: [SPAN] t=126.2s ack=12805 win=[12788,12807] wsize=20 a_star=Some(1) delta=Some(1) owed=0.00 rr=0.500 debt=0.00 retx_buf=3 shed=62/719 bud=0.0000 D=5ms ar=152 agap=4/408 dg_rx=24037 dg_tx=24425
  SPAN ship 1200B tm-c.log: [SPAN] t=131.3s ack=13570 win=[13553,13570] wsize=18 a_star=Some(1) delta=Some(1) owed=0.00 rr=0.500 debt=0.00 retx_buf=1 shed=67/763 bud=0.0000 D=6ms ar=151 agap=4/408 dg_rx=25475 dg_tx=25883
  EVICT ship 1200B tm-s.log: [RFA] gen=0 fires=961 false=352 false_frac=0.3663 fill_coded=115 fill_src=494 dup_src=242 preempt_src=110 src_n=24287 rep_n=8041 nu_recv=0.03957 fa_class=0.0625 rep_redundant=7858 late_after_aban=422
  EVICT ship 1200B tm-s.log: [SUCC] gen=0 det=670 res=186 orig_n=157 orig_p50_us=36 orig_p90_us=4608 orig_p99_us=12288 orig_mx_us=14048 orig_mean_us=1098 rep_n=29 rep_p50_us=40 rep_p90_us=12288 rep_p99_us=13312 rep_mx_us=14048 rep_mean_us=3140 aban_n=484 aban_p50_us=6656 aban_p90_us=7168 aban_p99_us=7680 aban_mx_us=22353 aban_mean_us=6971 open=0 over=0 orig_frac=0.8441 cross_us=- dump=0/0 sp_n=186 xp_n=0 xp_frac=0.0000 sp_p50_us=36 sp_p90_us=5120 xp_p50_us=- xp_p90_us=- rtx_n=157
  EVICT ship 1200B tm-s.log: [ETA] site=sender fhat_us=1790776446952787 n=12196 zero=0.0000 place_n=0 cold_r=- cold_ge=- t_eff=- t_cold=- t_n=0 hol_sh=- hol_n=0 hol_mv=- hol_calls=0 hol_w=- p0:n=11933/12196 drop=84 tau_us=5041 e_p50=2816 e_p90=5120 e_p99=7168 e_mx=16978 late=0.9161 sig_us=3038/n32
  EVICT ship 1200B tm-s.log: [LAT] site=receiver n=23658 over=326 p0:n=23549 nowait=15483 minrst=6 ax_n=23549 ax_p50=3328 ax_p90=5120 ax_p95=5632 ax_p99=6144 ax_sum=79921441 rwxp_n=0 rwxp_p50=- rwxp_p95=- rwxp_sum=0 rwsp_n=8036 rwsp_p50=1 rwsp_p95=2 rwsp_sum=60384 rwrep_n=30 rwrep_p50=32 rwrep_p95=5120 rwrep_sum=12898 rep_n=37 rep_p50=44 rep_p95=12288 rep_sum=97741 tot_p50=3328 tot_p95=5632 tot_p99=6144 sh_ax=0.9979 sh_rwxp=0.0000 sh_rwsp=0.0008 sh_rwrep=0.0002 sh_rep=0.0012
  EVICT ship 1200B tm-c.log: [RFA] gen=0 fires=356 false=356 false_frac=1.0000 fill_coded=0 fill_src=0 dup_src=356 preempt_src=0 src_n=12487 rep_n=66 nu_recv=0.02851 fa_class=0.0625 rep_redundant=66 late_after_aban=0
  EVICT ship 1200B tm-c.log: [SUCC] gen=0 det=0 res=0 orig_n=0 orig_p50_us=- orig_p90_us=- orig_p99_us=- orig_mx_us=- orig_mean_us=- rep_n=0 rep_p50_us=- rep_p90_us=- rep_p99_us=- rep_mx_us=- rep_mean_us=- aban_n=0 aban_p50_us=- aban_p90_us=- aban_p99_us=- aban_mx_us=- aban_mean_us=- open=0 over=0 orig_frac=- cross_us=- dump=0/0 sp_n=0 xp_n=0 xp_frac=- sp_p50_us=- sp_p90_us=- xp_p50_us=- xp_p90_us=- rtx_n=0
  EVICT ship 1200B tm-c.log: [ETA] site=sender fhat_us=1790776446986378 n=24238 zero=0.0000 place_n=0 cold_r=- cold_ge=- t_eff=- t_cold=- t_n=0 hol_sh=- hol_n=0 hol_mv=- hol_calls=0 hol_w=- p0:n=23553/24238 drop=425 tau_us=5108 e_p50=2560 e_p90=5632 e_p99=7168 e_mx=22288 late=0.8954 sig_us=3685/n8
  EVICT ship 1200B tm-c.log: [LAT] site=receiver n=12131 over=0 p0:n=12131 nowait=3789 minrst=9 ax_n=12131 ax_p50=3328 ax_p90=5120 ax_p95=5632 ax_p99=5632 ax_sum=41692039 rwxp_n=0 rwxp_p50=- rwxp_p95=- rwxp_sum=0 rwsp_n=8342 rwsp_p50=1 rwsp_p95=2 rwsp_sum=10235 rwrep_n=0 rwrep_p50=- rwrep_p95=- rwrep_sum=0 rep_n=0 rep_p50=- rep_p95=- rep_sum=0 tot_p50=3328 tot_p95=5632 tot_p99=5632 sh_ax=0.9998 sh_rwxp=0.0000 sh_rwsp=0.0002 sh_rwrep=0.0000 sh_rep=0.0000
ARM ship 1200B: n=8 min=37 median=38 max=63
=== done 15:54:16
EXIT rc=0 (15:54:16)
=== CROWNSPOT stage seed=42 cell=c2 rc=0 end=2026-09-30T13:54:16Z
=== CROWNSPOT stage seed=42 cell=c3 start=2026-09-30T13:54:16Z
=== tail matrix (task #61 flip-gate) @ c3 seed=42 arms='ship', 8 reps/arm (warm tunnel), 50msg/s x20s sizes='400 1200' 15:54:16
--- ship 400B start=15:54:16
ARMENV ship 400B: hint=realtime env='<unset>' flags='' rate=50 dur=20
  ECHO ship 400B tm-s.log: ack-merge ACTIVE (RWM_ACK_MERGE: WINDOW mode sends ONE control datagram per data message instead of two — the legacy per-batch Ack is suppressed, the SACK WindowAck goes unconditional at that cadence and carries the Ack's payload in the v6 cumulative cum_expected/cum_received counters, every Ack-arm consumer re-homed onto the counter diff; BLOCK mode bit-exact; the delivery statistic/cadence/counts unchanged) copa_feed=false
  ECHO ship 400B tm-s.log: A* send-rate anchor ACTIVE (RWM_ASTAR_ANCHOR: windowed-max send rate over ~8 SRTT, clock-gap sample discard)
  ECHO ship 400B tm-s.log: clock-gap estimator hygiene ACTIVE (RWM_CLOCK_GAP: process-clock stall witness, post-stall sample discard at the ack feed sites)
  ECHO ship 400B tm-s.log: M* peer-report RTT-feed suppression ACTIVE (RWM_MSTAR_ANCHOR plain-live subset: local-echo-only RTT feed + estimator seed-from-sample)
  ECHO ship 400B tm-s.log: quinn congestion controller: BBR (shipped default; RWM_QUIC_CC overrides)
  ECHO ship 400B tm-s.log: RWM_UNIFIED=1 RWM_UNIFIED_SHED=1 RWM_TAPER_R=1 RWM_ASTAR_ANCHOR=1 RWM_MSTAR_ANCHOR=1 RWM_PLAIN_RS=0 RWM_HONEST_ANCHOR=1 RWM_HONEST_K=0 RWM_STORE_SACK_RELEASE=1 RWM_STORE_PATHS=1 RWM_STORE_PATH_POOL=2048 RWM_STORE=unset RWM_STORE_GAIN=2 RWM_STORE_BOOT=128 RWM_THREE_TERM=0 RWM_COMPOSED_CAP=0 RWM_SUM_CAP=1 RWM_LATE_BRAKE=0 RWM_DELTA_CAP=1 RWM_HONEST_CAP=0 RWM_POOL_ANCHOR=0 RWM_ACK_MERGE=1 RWM_LOSS_SENT_TRUTH=0 RWM_RELEASE_1TO1=0 RWM_CHARGE_RECOVERY=0 RWM_SIDLE_DERIVED=0 RWM_COLD_PLACE=0 RWM_PLACE_T_DERIVED=0 RWM_PLACE_HOL=0 RWM_PLACE_WDIV_DERIVED=0 RWM_GEN=1 RWM_PIPELINE=2 RWM_GEN_PIPE=1 RWM_GEN_R=unset RWM_GEN_RATE=9000 RWM_GEN_RATE_FLOOR=2000 RWM_GEN_INFLIGHT=unset RWM_OOO_RETAIN=0/16 RWM_WINDOW=unset RWM_REPORT_GENS=unset RWM_REPAIR_WAIT=unset RWM_CODED_SRC=0 RWM_NO_REACTIVE=0 RWM_XPATH_REPAIR=0 RWM_PROACTIVE_PACER=0 RWM_REASM_BDP=0 RWM_MIN_R=0 RWM_CC_PACE=0 RWM_CC_PACE_HR=1.1 RWM_REACT_CAP=unset RWM_INFL_CAP=0 RWM_INFL_BDP=unset RWM_COPA_FEED=0 RWM_RS_ATTR=1 RWM_EMIT_BATCH=0 RWM_EMIT_BURST=64 RWM_RECOV_MP=1 RWM_RECOV_MP_LAW=1 RWM_RECOV_SP=0 RWM_DERIVED_SWEEP=0 RWM_HOLDDOWN_Q=unset RWM_REFRESH_FLOOR_US=unset RWM_DELTA=unset RWM_COPA_DELTA=unset RWM_COMPLETION_EXPOSURE=0 RWM_RECV_REQUEST_LAW=0 RWM_RANK_FEEDBACK=0 RWM_DIAG=1 RWM_ACKDIAG=0 RWM_ACKDIAG_WINDOW_US=2000000 RWM_RTT_DUMP=0 RWM_RTT_DUMP_MAX=400000 RWM_SUCC_DUMP=0 RWM_SUCC_DUMP_MAX=200000 RWM_WALLDIAG=0 RWM_CPUPROF=0 RWM_RDIAG=0 RWM_FDIAG=0 RWM_TRACE=0 RWM_PFRAC=0
  ECHO ship 400B tm-s.log: RWM_UNIFIED: Realtime rides the RLC span machine (small-δ parameterization, no code-family switch)
  ECHO ship 400B tm-s.log: RWM_UNIFIED: receive path on the unified global decoder (one machine, both wires) generation=false
  ECHO ship 400B tm-s.log: sliding-window FEC mode symbol_size=512 backend=Rlc
  ECHO ship 400B tm-s.log: unified overload shedding ACTIVE at receiver (RWM_UNIFIED_SHED: in-order hold = delta-derived b*SRTT within the eps-class give-up budget)
  ECHO ship 400B tm-s.log: unified overload shedding ACTIVE (RWM_UNIFIED_SHED: past-deadline holes shed within the derived 1-rho budget; =0 = serializing arm)
  ECHO ship 400B tm-s.log: unified span law ACTIVE (RWM_UNIFIED: plain-mode proactive repair over the trailing solvable span [end-A*, end-Δ), A* from δ) hint=Realtime
  ECHO ship 400B tm-c.log: ack-merge ACTIVE (RWM_ACK_MERGE: WINDOW mode sends ONE control datagram per data message instead of two — the legacy per-batch Ack is suppressed, the SACK WindowAck goes unconditional at that cadence and carries the Ack's payload in the v6 cumulative cum_expected/cum_received counters, every Ack-arm consumer re-homed onto the counter diff; BLOCK mode bit-exact; the delivery statistic/cadence/counts unchanged) copa_feed=false
  ECHO ship 400B tm-c.log: A* send-rate anchor ACTIVE (RWM_ASTAR_ANCHOR: windowed-max send rate over ~8 SRTT, clock-gap sample discard)
  ECHO ship 400B tm-c.log: clock-gap estimator hygiene ACTIVE (RWM_CLOCK_GAP: process-clock stall witness, post-stall sample discard at the ack feed sites)
  ECHO ship 400B tm-c.log: M* peer-report RTT-feed suppression ACTIVE (RWM_MSTAR_ANCHOR plain-live subset: local-echo-only RTT feed + estimator seed-from-sample)
  ECHO ship 400B tm-c.log: quinn congestion controller: BBR (shipped default; RWM_QUIC_CC overrides)
  ECHO ship 400B tm-c.log: RWM_UNIFIED=1 RWM_UNIFIED_SHED=1 RWM_TAPER_R=1 RWM_ASTAR_ANCHOR=1 RWM_MSTAR_ANCHOR=1 RWM_PLAIN_RS=0 RWM_HONEST_ANCHOR=1 RWM_HONEST_K=0 RWM_STORE_SACK_RELEASE=1 RWM_STORE_PATHS=1 RWM_STORE_PATH_POOL=2048 RWM_STORE=unset RWM_STORE_GAIN=2 RWM_STORE_BOOT=128 RWM_THREE_TERM=0 RWM_COMPOSED_CAP=0 RWM_SUM_CAP=1 RWM_LATE_BRAKE=0 RWM_DELTA_CAP=1 RWM_HONEST_CAP=0 RWM_POOL_ANCHOR=0 RWM_ACK_MERGE=1 RWM_LOSS_SENT_TRUTH=0 RWM_RELEASE_1TO1=0 RWM_CHARGE_RECOVERY=0 RWM_SIDLE_DERIVED=0 RWM_COLD_PLACE=0 RWM_PLACE_T_DERIVED=0 RWM_PLACE_HOL=0 RWM_PLACE_WDIV_DERIVED=0 RWM_GEN=1 RWM_PIPELINE=2 RWM_GEN_PIPE=1 RWM_GEN_R=unset RWM_GEN_RATE=9000 RWM_GEN_RATE_FLOOR=2000 RWM_GEN_INFLIGHT=unset RWM_OOO_RETAIN=0/16 RWM_WINDOW=unset RWM_REPORT_GENS=unset RWM_REPAIR_WAIT=unset RWM_CODED_SRC=0 RWM_NO_REACTIVE=0 RWM_XPATH_REPAIR=0 RWM_PROACTIVE_PACER=0 RWM_REASM_BDP=0 RWM_MIN_R=0 RWM_CC_PACE=0 RWM_CC_PACE_HR=1.1 RWM_REACT_CAP=unset RWM_INFL_CAP=0 RWM_INFL_BDP=unset RWM_COPA_FEED=0 RWM_RS_ATTR=1 RWM_EMIT_BATCH=0 RWM_EMIT_BURST=64 RWM_RECOV_MP=1 RWM_RECOV_MP_LAW=1 RWM_RECOV_SP=0 RWM_DERIVED_SWEEP=0 RWM_HOLDDOWN_Q=unset RWM_REFRESH_FLOOR_US=unset RWM_DELTA=unset RWM_COPA_DELTA=unset RWM_COMPLETION_EXPOSURE=0 RWM_RECV_REQUEST_LAW=0 RWM_RANK_FEEDBACK=0 RWM_DIAG=1 RWM_ACKDIAG=0 RWM_ACKDIAG_WINDOW_US=2000000 RWM_RTT_DUMP=0 RWM_RTT_DUMP_MAX=400000 RWM_SUCC_DUMP=0 RWM_SUCC_DUMP_MAX=200000 RWM_WALLDIAG=0 RWM_CPUPROF=0 RWM_RDIAG=0 RWM_FDIAG=0 RWM_TRACE=0 RWM_PFRAC=0
  ECHO ship 400B tm-c.log: RWM_UNIFIED: Realtime rides the RLC span machine (small-δ parameterization, no code-family switch)
  ECHO ship 400B tm-c.log: RWM_UNIFIED: receive path on the unified global decoder (one machine, both wires) generation=false
  ECHO ship 400B tm-c.log: sliding-window FEC mode symbol_size=512 backend=Rlc
  ECHO ship 400B tm-c.log: unified overload shedding ACTIVE at receiver (RWM_UNIFIED_SHED: in-order hold = delta-derived b*SRTT within the eps-class give-up budget)
  ECHO ship 400B tm-c.log: unified overload shedding ACTIVE (RWM_UNIFIED_SHED: past-deadline holes shed within the derived 1-rho budget; =0 = serializing arm)
  ECHO ship 400B tm-c.log: unified span law ACTIVE (RWM_UNIFIED: plain-mode proactive repair over the trailing solvable span [end-A*, end-Δ), A* from δ) hint=Realtime
  ship 400B rep1: p50=24.129ms p99=108.118ms p999=153.671ms max=153.671ms n=1000
  ship 400B rep2: p50=24.069ms p99=88.059ms p999=146.313ms max=146.313ms n=1000
  ship 400B rep3: p50=24.214ms p99=123.515ms p999=172.834ms max=172.834ms n=1000
  ship 400B rep4: p50=23.971ms p99=99.651ms p999=169.087ms max=169.087ms n=1000
  ship 400B rep5: p50=23.48ms p99=102.971ms p999=134.195ms max=134.195ms n=1000
  ship 400B rep6: p50=24.794ms p99=131.923ms p999=154.818ms max=154.818ms n=1000
  ship 400B rep7: p50=24.027ms p99=114.811ms p999=176.457ms max=176.457ms n=1000
  ship 400B rep8: p50=23.665ms p99=87.372ms p999=166.329ms max=166.329ms n=1000
  SPAN ship 400B tm-s.log: [SPAN] t=1.4s ack=1 win=[0,1] wsize=2 a_star=Some(1) delta=Some(1) owed=0.00 rr=0.500 debt=0.00 retx_buf=1 shed=0/0 bud=0.0000 D=20ms ar=0 agap=0/0 dg_rx=7 dg_tx=7
  SPAN ship 400B tm-s.log: [SPAN] t=1.9s ack=23 win=[0,24] wsize=25 a_star=Some(3) delta=Some(1) owed=0.00 rr=0.417 debt=0.45 retx_buf=3 shed=0/2 bud=0.0000 D=21ms ar=93 agap=0/0 dg_rx=71 dg_tx=74
  SPAN ship 400B tm-s.log: [SPAN] t=2.4s ack=47 win=[0,48] wsize=49 a_star=Some(2) delta=Some(1) owed=0.00 rr=0.249 debt=0.13 retx_buf=2 shed=0/3 bud=0.0000 D=20ms ar=80 agap=0/0 dg_rx=129 dg_tx=135
  SPAN ship 400B tm-s.log: [SPAN] t=2.9s ack=73 win=[0,74] wsize=75 a_star=Some(2) delta=Some(1) owed=0.00 rr=0.186 debt=0.43 retx_buf=3 shed=0/3 bud=0.0000 D=20ms ar=58 agap=0/0 dg_rx=183 dg_tx=189
  SPAN ship 400B tm-s.log: [SPAN] t=3.5s ack=98 win=[0,98] wsize=99 a_star=Some(2) delta=Some(1) owed=0.00 rr=0.147 debt=0.03 retx_buf=1 shed=0/4 bud=0.0000 D=21ms ar=59 agap=0/0 dg_rx=232 dg_tx=240
  SPAN ship 400B tm-s.log: [SPAN] t=4.0s ack=124 win=[23,124] wsize=102 a_star=Some(2) delta=Some(1) owed=0.00 rr=0.134 debt=0.00 retx_buf=1 shed=0/5 bud=0.0000 D=21ms ar=88 agap=0/0 dg_rx=286 dg_tx=296
  SPAN ship 400B tm-s.log: [SPAN] t=6.0s ack=224 win=[207,226] wsize=20 a_star=Some(2) delta=Some(1) owed=0.00 rr=0.320 debt=0.33 retx_buf=3 shed=0/8 bud=0.0000 D=21ms ar=75 agap=0/0 dg_rx=508 dg_tx=526
  SPAN ship 400B tm-s.log: [SPAN] t=11.2s ack=479 win=[462,481] wsize=20 a_star=Some(2) delta=Some(1) owed=0.00 rr=0.320 debt=0.00 retx_buf=3 shed=0/14 bud=0.0000 D=21ms ar=82 agap=0/0 dg_rx=1044 dg_tx=1077
  SPAN ship 400B tm-s.log: [SPAN] t=16.3s ack=727 win=[710,729] wsize=20 a_star=Some(2) delta=Some(1) owed=0.00 rr=0.320 debt=0.33 retx_buf=3 shed=0/22 bud=0.0000 D=20ms ar=61 agap=0/0 dg_rx=1583 dg_tx=1637
  SPAN ship 400B tm-s.log: [SPAN] t=31.4s ack=972 win=[955,972] wsize=18 a_star=Some(2) delta=Some(1) owed=0.00 rr=0.340 debt=0.00 retx_buf=1 shed=0/34 bud=0.0000 D=21ms ar=81 agap=1/1 dg_rx=2139 dg_tx=2224
  SPAN ship 400B tm-s.log: [SPAN] t=36.6s ack=1220 win=[1203,1222] wsize=20 a_star=Some(2) delta=Some(1) owed=0.00 rr=0.320 debt=0.32 retx_buf=3 shed=0/40 bud=0.0000 D=21ms ar=57 agap=1/60 dg_rx=2674 dg_tx=2780
  SPAN ship 400B tm-s.log: [SPAN] t=41.8s ack=1470 win=[1453,1472] wsize=20 a_star=Some(2) delta=Some(1) owed=0.00 rr=0.320 debt=0.00 retx_buf=3 shed=0/51 bud=0.0000 D=20ms ar=90 agap=1/60 dg_rx=3225 dg_tx=3355
  SPAN ship 400B tm-s.log: [SPAN] t=47.0s ack=1723 win=[1706,1723] wsize=18 a_star=Some(3) delta=Some(1) owed=0.00 rr=0.340 debt=0.00 retx_buf=1 shed=0/59 bud=0.0000 D=21ms ar=106 agap=1/60 dg_rx=3767 dg_tx=3912
  SPAN ship 400B tm-s.log: [SPAN] t=62.0s ack=1962 win=[1945,1964] wsize=20 a_star=Some(2) delta=Some(1) owed=0.00 rr=0.320 debt=0.31 retx_buf=3 shed=0/72 bud=0.0000 D=21ms ar=62 agap=2/74 dg_rx=4326 dg_tx=4493
  SPAN ship 400B tm-s.log: [SPAN] t=67.2s ack=2207 win=[2190,2207] wsize=18 a_star=Some(2) delta=Some(1) owed=0.00 rr=0.340 debt=0.00 retx_buf=1 shed=0/83 bud=0.0000 D=22ms ar=62 agap=2/115 dg_rx=4868 dg_tx=5067
  SPAN ship 400B tm-s.log: [SPAN] t=72.3s ack=2449 win=[2432,2451] wsize=20 a_star=Some(2) delta=Some(1) owed=0.00 rr=0.320 debt=0.33 retx_buf=3 shed=0/93 bud=0.0000 D=21ms ar=65 agap=2/115 dg_rx=5403 dg_tx=5624
  SPAN ship 400B tm-s.log: [SPAN] t=77.4s ack=2691 win=[2674,2692] wsize=19 a_star=Some(2) delta=Some(1) owed=0.00 rr=0.320 debt=0.02 retx_buf=2 shed=0/99 bud=0.0000 D=21ms ar=64 agap=2/115 dg_rx=5929 dg_tx=6167
  SPAN ship 400B tm-s.log: [SPAN] t=92.5s ack=2936 win=[2919,2937] wsize=19 a_star=Some(2) delta=Some(1) owed=0.00 rr=0.320 debt=0.35 retx_buf=2 shed=0/111 bud=0.0000 D=21ms ar=78 agap=3/142 dg_rx=6484 dg_tx=6745
  SPAN ship 400B tm-s.log: [SPAN] t=97.6s ack=3178 win=[3161,3179] wsize=19 a_star=Some(3) delta=Some(1) owed=0.00 rr=0.320 debt=0.34 retx_buf=2 shed=0/122 bud=0.0000 D=21ms ar=127 agap=3/167 dg_rx=7020 dg_tx=7304
  SPAN ship 400B tm-s.log: [SPAN] t=102.8s ack=3429 win=[3412,3430] wsize=19 a_star=Some(2) delta=Some(1) owed=0.00 rr=0.320 debt=0.35 retx_buf=2 shed=0/128 bud=0.0000 D=22ms ar=59 agap=3/167 dg_rx=7550 dg_tx=7849
  SPAN ship 400B tm-s.log: [SPAN] t=107.9s ack=3677 win=[3660,3679] wsize=20 a_star=Some(2) delta=Some(1) owed=0.00 rr=0.320 debt=0.00 retx_buf=3 shed=0/137 bud=0.0000 D=21ms ar=80 agap=3/167 dg_rx=8085 dg_tx=8406
  SPAN ship 400B tm-s.log: [SPAN] t=122.5s ack=3901 win=[3884,3903] wsize=20 a_star=Some(3) delta=Some(1) owed=0.00 rr=0.320 debt=0.32 retx_buf=3 shed=0/145 bud=0.0000 D=22ms ar=92 agap=4/196 dg_rx=8574 dg_tx=8917
  SPAN ship 400B tm-s.log: [SPAN] t=127.7s ack=4154 win=[4137,4156] wsize=20 a_star=Some(2) delta=Some(1) owed=0.00 rr=0.320 debt=0.33 retx_buf=3 shed=0/152 bud=0.0000 D=21ms ar=61 agap=4/221 dg_rx=9116 dg_tx=9479
  SPAN ship 400B tm-s.log: [SPAN] t=132.8s ack=4404 win=[4387,4406] wsize=20 a_star=Some(2) delta=Some(1) owed=0.00 rr=0.320 debt=0.33 retx_buf=3 shed=0/161 bud=0.0000 D=21ms ar=62 agap=4/221 dg_rx=9662 dg_tx=10047
  SPAN ship 400B tm-c.log: [SPAN] t=1.3s ack=1 win=[0,1] wsize=2 a_star=Some(1) delta=Some(1) owed=0.00 rr=0.500 debt=0.00 retx_buf=1 shed=0/0 bud=0.0000 D=22ms ar=0 agap=0/0 dg_rx=6 dg_tx=6
  SPAN ship 400B tm-c.log: [SPAN] t=1.9s ack=26 win=[0,28] wsize=29 a_star=Some(2) delta=Some(1) owed=0.00 rr=0.500 debt=0.50 retx_buf=3 shed=0/4 bud=0.0001 D=20ms ar=75 agap=0/0 dg_rx=68 dg_tx=72
  SPAN ship 400B tm-c.log: [SPAN] t=2.4s ack=55 win=[0,56] wsize=57 a_star=Some(3) delta=Some(1) owed=0.00 rr=0.500 debt=0.00 retx_buf=2 shed=0/7 bud=0.0000 D=21ms ar=110 agap=0/0 dg_rx=132 dg_tx=136
  SPAN ship 400B tm-c.log: [SPAN] t=2.9s ack=79 win=[0,81] wsize=82 a_star=Some(2) delta=Some(1) owed=0.00 rr=0.386 debt=0.49 retx_buf=3 shed=0/7 bud=0.0000 D=20ms ar=52 agap=0/0 dg_rx=182 dg_tx=187
  SPAN ship 400B tm-c.log: [SPAN] t=3.4s ack=105 win=[4,107] wsize=104 a_star=Some(2) delta=Some(1) owed=0.00 rr=0.285 debt=0.57 retx_buf=3 shed=0/7 bud=0.0000 D=21ms ar=54 agap=0/0 dg_rx=234 dg_tx=239
  SPAN ship 400B tm-c.log: [SPAN] t=3.9s ack=132 win=[31,134] wsize=104 a_star=Some(2) delta=Some(1) owed=0.00 rr=0.281 debt=0.36 retx_buf=3 shed=0/9 bud=0.0000 D=20ms ar=67 agap=0/0 dg_rx=291 dg_tx=296
  SPAN ship 400B tm-c.log: [SPAN] t=6.0s ack=239 win=[222,241] wsize=20 a_star=Some(2) delta=Some(1) owed=0.00 rr=0.370 debt=0.38 retx_buf=3 shed=0/19 bud=0.0000 D=20ms ar=52 agap=0/0 dg_rx=519 dg_tx=525
  SPAN ship 400B tm-c.log: [SPAN] t=11.1s ack=503 win=[486,504] wsize=19 a_star=Some(2) delta=Some(1) owed=0.00 rr=0.410 debt=0.00 retx_buf=2 shed=2/35 bud=0.0002 D=20ms ar=92 agap=0/0 dg_rx=1067 dg_tx=1076
  SPAN ship 400B tm-c.log: [SPAN] t=16.2s ack=767 win=[750,769] wsize=20 a_star=Some(2) delta=Some(1) owed=0.00 rr=0.405 debt=0.43 retx_buf=3 shed=3/66 bud=0.0000 D=20ms ar=54 agap=0/0 dg_rx=1624 dg_tx=1643
  SPAN ship 400B tm-c.log: [SPAN] t=21.3s ack=1036 win=[1019,1039] wsize=21 a_star=Some(2) delta=Some(1) owed=0.00 rr=0.425 debt=0.00 retx_buf=4 shed=6/100 bud=0.0054 D=21ms ar=89 agap=0/0 dg_rx=2195 dg_tx=2224
  SPAN ship 400B tm-c.log: [SPAN] t=36.0s ack=1282 win=[1265,1283] wsize=19 a_star=Some(2) delta=Some(1) owed=0.00 rr=0.400 debt=0.02 retx_buf=2 shed=9/129 bud=0.0000 D=20ms ar=95 agap=1/56 dg_rx=2721 dg_tx=2753
  SPAN ship 400B tm-c.log: [SPAN] t=41.1s ack=1545 win=[1527,1546] wsize=20 a_star=Some(2) delta=Some(1) owed=0.00 rr=0.400 debt=0.41 retx_buf=3 shed=9/157 bud=0.0000 D=20ms ar=51 agap=1/56 dg_rx=3271 dg_tx=3310
  SPAN ship 400B tm-c.log: [SPAN] t=46.1s ack=1808 win=[1791,1810] wsize=20 a_star=Some(2) delta=Some(1) owed=0.00 rr=0.380 debt=0.42 retx_buf=3 shed=10/178 bud=0.0000 D=20ms ar=50 agap=1/56 dg_rx=3821 dg_tx=3865
  SPAN ship 400B tm-c.log: [SPAN] t=51.2s ack=2074 win=[2057,2075] wsize=19 a_star=Some(3) delta=Some(1) owed=0.00 rr=0.400 debt=0.01 retx_buf=2 shed=13/218 bud=0.0000 D=21ms ar=110 agap=1/56 dg_rx=4398 dg_tx=4448
  SPAN ship 400B tm-c.log: [SPAN] t=66.0s ack=2328 win=[2311,2330] wsize=20 a_star=Some(2) delta=Some(1) owed=0.00 rr=0.425 debt=0.46 retx_buf=3 shed=18/261 bud=0.0000 D=20ms ar=75 agap=2/110 dg_rx=4946 dg_tx=5011
  SPAN ship 400B tm-c.log: [SPAN] t=71.1s ack=2588 win=[2571,2590] wsize=20 a_star=Some(2) delta=Some(1) owed=0.00 rr=0.400 debt=0.40 retx_buf=3 shed=19/283 bud=0.0000 D=20ms ar=76 agap=2/110 dg_rx=5493 dg_tx=5561
  SPAN ship 400B tm-c.log: [SPAN] t=76.2s ack=2855 win=[2838,2857] wsize=20 a_star=Some(3) delta=Some(1) owed=0.00 rr=0.445 debt=0.01 retx_buf=3 shed=26/325 bud=0.0000 D=20ms ar=120 agap=2/110 dg_rx=6048 dg_tx=6132
  SPAN ship 400B tm-c.log: [SPAN] t=81.4s ack=3123 win=[3106,3125] wsize=20 a_star=Some(2) delta=Some(1) owed=0.00 rr=0.430 debt=0.42 retx_buf=3 shed=26/354 bud=0.0001 D=20ms ar=80 agap=2/110 dg_rx=6613 dg_tx=6701
  SPAN ship 400B tm-c.log: [SPAN] t=96.0s ack=3370 win=[3352,3371] wsize=20 a_star=Some(2) delta=Some(1) owed=0.00 rr=0.425 debt=0.43 retx_buf=3 shed=30/382 bud=0.0000 D=20ms ar=96 agap=3/169 dg_rx=7135 dg_tx=7232
  SPAN ship 400B tm-c.log: [SPAN] t=101.1s ack=3628 win=[3611,3630] wsize=20 a_star=Some(2) delta=Some(1) owed=0.00 rr=0.390 debt=0.41 retx_buf=3 shed=30/403 bud=0.0000 D=20ms ar=71 agap=3/169 dg_rx=7671 dg_tx=7772
  SPAN ship 400B tm-c.log: [SPAN] t=106.3s ack=3895 win=[3878,3896] wsize=19 a_star=Some(2) delta=Some(1) owed=0.00 rr=0.500 debt=0.00 retx_buf=2 shed=31/428 bud=0.0001 D=20ms ar=76 agap=3/169 dg_rx=8225 dg_tx=8335
  SPAN ship 400B tm-c.log: [SPAN] t=111.4s ack=4158 win=[4141,4160] wsize=20 a_star=Some(2) delta=Some(1) owed=0.00 rr=0.405 debt=0.01 retx_buf=3 shed=31/460 bud=0.0008 D=21ms ar=82 agap=3/169 dg_rx=8784 dg_tx=8898
  SPAN ship 400B tm-c.log: [SPAN] t=126.1s ack=4402 win=[4385,4404] wsize=20 a_star=Some(2) delta=Some(1) owed=0.00 rr=0.385 debt=0.41 retx_buf=3 shed=31/482 bud=0.0000 D=21ms ar=51 agap=4/223 dg_rx=9306 dg_tx=9421
  SPAN ship 400B tm-c.log: [SPAN] t=131.1s ack=4663 win=[4646,4665] wsize=20 a_star=Some(2) delta=Some(1) owed=0.00 rr=0.400 debt=0.40 retx_buf=3 shed=31/506 bud=0.0001 D=20ms ar=51 agap=4/223 dg_rx=9865 dg_tx=9982
  EVICT ship 400B tm-s.log: [RFA] gen=0 fires=668 false=263 false_frac=0.3937 fill_coded=60 fill_src=345 dup_src=214 preempt_src=49 src_n=8490 rep_n=477 nu_recv=0.07868 fa_class=0.0625 rep_redundant=414 late_after_aban=345
  EVICT ship 400B tm-s.log: [SUCC] gen=0 det=414 res=57 orig_n=47 orig_p50_us=18432 orig_p90_us=40960 orig_p99_us=45056 orig_mx_us=45478 orig_mean_us=19413 rep_n=10 rep_p50_us=6656 rep_p90_us=15360 rep_p99_us=18432 rep_mx_us=19073 rep_mean_us=8164 aban_n=357 aban_p50_us=22528 aban_p90_us=22528 aban_p99_us=40960 aban_mx_us=46537 aban_mean_us=23650 open=0 over=0 orig_frac=0.8246 cross_us=- dump=0/0 sp_n=57 xp_n=0 xp_frac=0.0000 sp_p50_us=16384 sp_p90_us=36864 xp_p50_us=- xp_p90_us=- rtx_n=47
  EVICT ship 400B tm-s.log: [ETA] site=sender fhat_us=1790776692005567 n=7719 zero=0.0000 place_n=0 cold_r=- cold_ge=- t_eff=- t_cold=- t_n=0 hol_sh=- hol_n=0 hol_mv=- hol_calls=0 hol_w=- p0:n=7343/7719 drop=0 tau_us=33155 e_p50=4608 e_p90=8192 e_p99=10240 e_mx=13165 late=0.9201 sig_us=3357/n237
  EVICT ship 400B tm-s.log: [LAT] site=receiver n=7817 over=58 p0:n=7759 nowait=840 minrst=5 ax_n=7759 ax_p50=5120 ax_p90=8192 ax_p95=9216 ax_p99=9216 ax_sum=41985552 rwxp_n=0 rwxp_p50=- rwxp_p95=- rwxp_sum=0 rwsp_n=6910 rwsp_p50=1 rwsp_p95=3 rwsp_sum=717332 rwrep_n=9 rwrep_p50=5632 rwrep_p95=15360 rwrep_sum=54910 rep_n=9 rep_p50=6656 rep_p95=15360 rep_sum=70881 tot_p50=5120 tot_p95=9216 tot_p99=9216 sh_ax=0.9803 sh_rwxp=0.0000 sh_rwsp=0.0167 sh_rwrep=0.0013 sh_rep=0.0017
  EVICT ship 400B tm-c.log: [RFA] gen=0 fires=270 false=270 false_frac=1.0000 fill_coded=0 fill_src=0 dup_src=270 preempt_src=0 src_n=7954 rep_n=222 nu_recv=0.03395 fa_class=0.0625 rep_redundant=221 late_after_aban=0
  EVICT ship 400B tm-c.log: [SUCC] gen=0 det=0 res=0 orig_n=0 orig_p50_us=- orig_p90_us=- orig_p99_us=- orig_mx_us=- orig_mean_us=- rep_n=0 rep_p50_us=- rep_p90_us=- rep_p99_us=- rep_mx_us=- rep_mean_us=- aban_n=0 aban_p50_us=- aban_p90_us=- aban_p99_us=- aban_mx_us=- aban_mean_us=- open=0 over=0 orig_frac=- cross_us=- dump=0/0 sp_n=0 xp_n=0 xp_frac=- sp_p50_us=- sp_p90_us=- xp_p50_us=- xp_p90_us=- rtx_n=0
  EVICT ship 400B tm-c.log: [ETA] site=sender fhat_us=1790776691925189 n=8338 zero=0.0000 place_n=0 cold_r=- cold_ge=- t_eff=- t_cold=- t_n=0 hol_sh=- hol_n=0 hol_mv=- hol_calls=0 hol_w=- p0:n=7910/8338 drop=7 tau_us=31093 e_p50=4096 e_p90=9216 e_p99=12288 e_mx=15773 late=0.8370 sig_us=4028/n249
  EVICT ship 400B tm-c.log: [LAT] site=receiver n=7684 over=0 p0:n=7684 nowait=603 minrst=7 ax_n=7684 ax_p50=6144 ax_p90=8192 ax_p95=9216 ax_p99=9216 ax_sum=47160005 rwxp_n=0 rwxp_p50=- rwxp_p95=- rwxp_sum=0 rwsp_n=7081 rwsp_p50=1 rwsp_p95=2 rwsp_sum=9380 rwrep_n=0 rwrep_p50=- rwrep_p95=- rwrep_sum=0 rep_n=0 rep_p50=- rep_p95=- rep_sum=0 tot_p50=6144 tot_p95=9216 tot_p99=9216 sh_ax=0.9998 sh_rwxp=0.0000 sh_rwsp=0.0002 sh_rwrep=0.0000 sh_rep=0.0000
ARM ship 400B: n=8 min=87 median=103 max=132
--- ship 1200B start=15:58:21
ARMENV ship 1200B: hint=realtime env='<unset>' flags='' rate=50 dur=20
  ECHO ship 1200B tm-s.log: ack-merge ACTIVE (RWM_ACK_MERGE: WINDOW mode sends ONE control datagram per data message instead of two — the legacy per-batch Ack is suppressed, the SACK WindowAck goes unconditional at that cadence and carries the Ack's payload in the v6 cumulative cum_expected/cum_received counters, every Ack-arm consumer re-homed onto the counter diff; BLOCK mode bit-exact; the delivery statistic/cadence/counts unchanged) copa_feed=false
  ECHO ship 1200B tm-s.log: A* send-rate anchor ACTIVE (RWM_ASTAR_ANCHOR: windowed-max send rate over ~8 SRTT, clock-gap sample discard)
  ECHO ship 1200B tm-s.log: clock-gap estimator hygiene ACTIVE (RWM_CLOCK_GAP: process-clock stall witness, post-stall sample discard at the ack feed sites)
  ECHO ship 1200B tm-s.log: M* peer-report RTT-feed suppression ACTIVE (RWM_MSTAR_ANCHOR plain-live subset: local-echo-only RTT feed + estimator seed-from-sample)
  ECHO ship 1200B tm-s.log: quinn congestion controller: BBR (shipped default; RWM_QUIC_CC overrides)
  ECHO ship 1200B tm-s.log: RWM_UNIFIED=1 RWM_UNIFIED_SHED=1 RWM_TAPER_R=1 RWM_ASTAR_ANCHOR=1 RWM_MSTAR_ANCHOR=1 RWM_PLAIN_RS=0 RWM_HONEST_ANCHOR=1 RWM_HONEST_K=0 RWM_STORE_SACK_RELEASE=1 RWM_STORE_PATHS=1 RWM_STORE_PATH_POOL=2048 RWM_STORE=unset RWM_STORE_GAIN=2 RWM_STORE_BOOT=128 RWM_THREE_TERM=0 RWM_COMPOSED_CAP=0 RWM_SUM_CAP=1 RWM_LATE_BRAKE=0 RWM_DELTA_CAP=1 RWM_HONEST_CAP=0 RWM_POOL_ANCHOR=0 RWM_ACK_MERGE=1 RWM_LOSS_SENT_TRUTH=0 RWM_RELEASE_1TO1=0 RWM_CHARGE_RECOVERY=0 RWM_SIDLE_DERIVED=0 RWM_COLD_PLACE=0 RWM_PLACE_T_DERIVED=0 RWM_PLACE_HOL=0 RWM_PLACE_WDIV_DERIVED=0 RWM_GEN=1 RWM_PIPELINE=2 RWM_GEN_PIPE=1 RWM_GEN_R=unset RWM_GEN_RATE=9000 RWM_GEN_RATE_FLOOR=2000 RWM_GEN_INFLIGHT=unset RWM_OOO_RETAIN=0/16 RWM_WINDOW=unset RWM_REPORT_GENS=unset RWM_REPAIR_WAIT=unset RWM_CODED_SRC=0 RWM_NO_REACTIVE=0 RWM_XPATH_REPAIR=0 RWM_PROACTIVE_PACER=0 RWM_REASM_BDP=0 RWM_MIN_R=0 RWM_CC_PACE=0 RWM_CC_PACE_HR=1.1 RWM_REACT_CAP=unset RWM_INFL_CAP=0 RWM_INFL_BDP=unset RWM_COPA_FEED=0 RWM_RS_ATTR=1 RWM_EMIT_BATCH=0 RWM_EMIT_BURST=64 RWM_RECOV_MP=1 RWM_RECOV_MP_LAW=1 RWM_RECOV_SP=0 RWM_DERIVED_SWEEP=0 RWM_HOLDDOWN_Q=unset RWM_REFRESH_FLOOR_US=unset RWM_DELTA=unset RWM_COPA_DELTA=unset RWM_COMPLETION_EXPOSURE=0 RWM_RECV_REQUEST_LAW=0 RWM_RANK_FEEDBACK=0 RWM_DIAG=1 RWM_ACKDIAG=0 RWM_ACKDIAG_WINDOW_US=2000000 RWM_RTT_DUMP=0 RWM_RTT_DUMP_MAX=400000 RWM_SUCC_DUMP=0 RWM_SUCC_DUMP_MAX=200000 RWM_WALLDIAG=0 RWM_CPUPROF=0 RWM_RDIAG=0 RWM_FDIAG=0 RWM_TRACE=0 RWM_PFRAC=0
  ECHO ship 1200B tm-s.log: RWM_UNIFIED: Realtime rides the RLC span machine (small-δ parameterization, no code-family switch)
  ECHO ship 1200B tm-s.log: RWM_UNIFIED: receive path on the unified global decoder (one machine, both wires) generation=false
  ECHO ship 1200B tm-s.log: sliding-window FEC mode symbol_size=512 backend=Rlc
  ECHO ship 1200B tm-s.log: unified overload shedding ACTIVE at receiver (RWM_UNIFIED_SHED: in-order hold = delta-derived b*SRTT within the eps-class give-up budget)
  ECHO ship 1200B tm-s.log: unified overload shedding ACTIVE (RWM_UNIFIED_SHED: past-deadline holes shed within the derived 1-rho budget; =0 = serializing arm)
  ECHO ship 1200B tm-s.log: unified span law ACTIVE (RWM_UNIFIED: plain-mode proactive repair over the trailing solvable span [end-A*, end-Δ), A* from δ) hint=Realtime
  ECHO ship 1200B tm-c.log: ack-merge ACTIVE (RWM_ACK_MERGE: WINDOW mode sends ONE control datagram per data message instead of two — the legacy per-batch Ack is suppressed, the SACK WindowAck goes unconditional at that cadence and carries the Ack's payload in the v6 cumulative cum_expected/cum_received counters, every Ack-arm consumer re-homed onto the counter diff; BLOCK mode bit-exact; the delivery statistic/cadence/counts unchanged) copa_feed=false
  ECHO ship 1200B tm-c.log: A* send-rate anchor ACTIVE (RWM_ASTAR_ANCHOR: windowed-max send rate over ~8 SRTT, clock-gap sample discard)
  ECHO ship 1200B tm-c.log: clock-gap estimator hygiene ACTIVE (RWM_CLOCK_GAP: process-clock stall witness, post-stall sample discard at the ack feed sites)
  ECHO ship 1200B tm-c.log: M* peer-report RTT-feed suppression ACTIVE (RWM_MSTAR_ANCHOR plain-live subset: local-echo-only RTT feed + estimator seed-from-sample)
  ECHO ship 1200B tm-c.log: quinn congestion controller: BBR (shipped default; RWM_QUIC_CC overrides)
  ECHO ship 1200B tm-c.log: RWM_UNIFIED=1 RWM_UNIFIED_SHED=1 RWM_TAPER_R=1 RWM_ASTAR_ANCHOR=1 RWM_MSTAR_ANCHOR=1 RWM_PLAIN_RS=0 RWM_HONEST_ANCHOR=1 RWM_HONEST_K=0 RWM_STORE_SACK_RELEASE=1 RWM_STORE_PATHS=1 RWM_STORE_PATH_POOL=2048 RWM_STORE=unset RWM_STORE_GAIN=2 RWM_STORE_BOOT=128 RWM_THREE_TERM=0 RWM_COMPOSED_CAP=0 RWM_SUM_CAP=1 RWM_LATE_BRAKE=0 RWM_DELTA_CAP=1 RWM_HONEST_CAP=0 RWM_POOL_ANCHOR=0 RWM_ACK_MERGE=1 RWM_LOSS_SENT_TRUTH=0 RWM_RELEASE_1TO1=0 RWM_CHARGE_RECOVERY=0 RWM_SIDLE_DERIVED=0 RWM_COLD_PLACE=0 RWM_PLACE_T_DERIVED=0 RWM_PLACE_HOL=0 RWM_PLACE_WDIV_DERIVED=0 RWM_GEN=1 RWM_PIPELINE=2 RWM_GEN_PIPE=1 RWM_GEN_R=unset RWM_GEN_RATE=9000 RWM_GEN_RATE_FLOOR=2000 RWM_GEN_INFLIGHT=unset RWM_OOO_RETAIN=0/16 RWM_WINDOW=unset RWM_REPORT_GENS=unset RWM_REPAIR_WAIT=unset RWM_CODED_SRC=0 RWM_NO_REACTIVE=0 RWM_XPATH_REPAIR=0 RWM_PROACTIVE_PACER=0 RWM_REASM_BDP=0 RWM_MIN_R=0 RWM_CC_PACE=0 RWM_CC_PACE_HR=1.1 RWM_REACT_CAP=unset RWM_INFL_CAP=0 RWM_INFL_BDP=unset RWM_COPA_FEED=0 RWM_RS_ATTR=1 RWM_EMIT_BATCH=0 RWM_EMIT_BURST=64 RWM_RECOV_MP=1 RWM_RECOV_MP_LAW=1 RWM_RECOV_SP=0 RWM_DERIVED_SWEEP=0 RWM_HOLDDOWN_Q=unset RWM_REFRESH_FLOOR_US=unset RWM_DELTA=unset RWM_COPA_DELTA=unset RWM_COMPLETION_EXPOSURE=0 RWM_RECV_REQUEST_LAW=0 RWM_RANK_FEEDBACK=0 RWM_DIAG=1 RWM_ACKDIAG=0 RWM_ACKDIAG_WINDOW_US=2000000 RWM_RTT_DUMP=0 RWM_RTT_DUMP_MAX=400000 RWM_SUCC_DUMP=0 RWM_SUCC_DUMP_MAX=200000 RWM_WALLDIAG=0 RWM_CPUPROF=0 RWM_RDIAG=0 RWM_FDIAG=0 RWM_TRACE=0 RWM_PFRAC=0
  ECHO ship 1200B tm-c.log: RWM_UNIFIED: Realtime rides the RLC span machine (small-δ parameterization, no code-family switch)
  ECHO ship 1200B tm-c.log: RWM_UNIFIED: receive path on the unified global decoder (one machine, both wires) generation=false
  ECHO ship 1200B tm-c.log: sliding-window FEC mode symbol_size=512 backend=Rlc
  ECHO ship 1200B tm-c.log: unified overload shedding ACTIVE at receiver (RWM_UNIFIED_SHED: in-order hold = delta-derived b*SRTT within the eps-class give-up budget)
  ECHO ship 1200B tm-c.log: unified overload shedding ACTIVE (RWM_UNIFIED_SHED: past-deadline holes shed within the derived 1-rho budget; =0 = serializing arm)
  ECHO ship 1200B tm-c.log: unified span law ACTIVE (RWM_UNIFIED: plain-mode proactive repair over the trailing solvable span [end-A*, end-Δ), A* from δ) hint=Realtime
  ship 1200B rep1: p50=25.106ms p99=90.926ms p999=112.373ms max=112.373ms n=1000
  ship 1200B rep2: p50=25.208ms p99=105.622ms p999=150.622ms max=150.622ms n=1000
  ship 1200B rep3: p50=24.882ms p99=91.924ms p999=145.559ms max=145.559ms n=1000
  ship 1200B rep4: p50=25.364ms p99=101.255ms p999=152.385ms max=152.385ms n=1000
  ship 1200B rep5: p50=24.923ms p99=88.452ms p999=138.933ms max=138.933ms n=1000
  ship 1200B rep6: p50=25.275ms p99=87.93ms p999=167.816ms max=167.816ms n=1000
  ship 1200B rep7: p50=24.921ms p99=109.513ms p999=197.085ms max=197.085ms n=1000
  ship 1200B rep8: p50=25.257ms p99=135.4ms p999=290.975ms max=290.975ms n=1000
  SPAN ship 1200B tm-s.log: [SPAN] t=1.4s ack=1 win=[0,1] wsize=2 a_star=Some(1) delta=Some(1) owed=0.00 rr=0.500 debt=0.00 retx_buf=1 shed=0/0 bud=0.0000 D=21ms ar=0 agap=0/0 dg_rx=7 dg_tx=7
  SPAN ship 1200B tm-s.log: [SPAN] t=1.9s ack=25 win=[0,29] wsize=30 a_star=Some(3) delta=Some(1) owed=0.00 rr=0.384 debt=0.61 retx_buf=5 shed=0/1 bud=0.0000 D=22ms ar=123 agap=0/0 dg_rx=146 dg_tx=153
  SPAN ship 1200B tm-s.log: [SPAN] t=2.4s ack=69 win=[0,74] wsize=75 a_star=Some(3) delta=Some(1) owed=0.00 rr=0.187 debt=0.65 retx_buf=6 shed=0/1 bud=0.0000 D=21ms ar=129 agap=0/0 dg_rx=297 dg_tx=304
  SPAN ship 1200B tm-s.log: [SPAN] t=2.9s ack=107 win=[6,110] wsize=105 a_star=Some(3) delta=Some(1) owed=0.00 rr=0.145 debt=0.49 retx_buf=4 shed=0/2 bud=0.0000 D=21ms ar=113 agap=0/0 dg_rx=437 dg_tx=444
  SPAN ship 1200B tm-s.log: [SPAN] t=3.4s ack=147 win=[46,151] wsize=106 a_star=Some(3) delta=Some(1) owed=0.00 rr=0.129 debt=0.67 retx_buf=5 shed=0/2 bud=0.0000 D=21ms ar=130 agap=0/0 dg_rx=581 dg_tx=592
  SPAN ship 1200B tm-s.log: [SPAN] t=3.9s ack=188 win=[87,192] wsize=106 a_star=Some(3) delta=Some(1) owed=0.00 rr=0.125 debt=0.67 retx_buf=5 shed=0/2 bud=0.0000 D=21ms ar=127 agap=0/0 dg_rx=725 dg_tx=736
  SPAN ship 1200B tm-s.log: [SPAN] t=6.0s ack=340 win=[323,342] wsize=20 a_star=Some(3) delta=Some(1) owed=0.00 rr=0.320 debt=0.00 retx_buf=3 shed=0/2 bud=0.0000 D=22ms ar=92 agap=0/0 dg_rx=1304 dg_tx=1314
  SPAN ship 1200B tm-s.log: [SPAN] t=11.2s ack=703 win=[686,706] wsize=21 a_star=Some(3) delta=Some(1) owed=0.00 rr=0.300 debt=0.00 retx_buf=4 shed=0/12 bud=0.0000 D=22ms ar=128 agap=0/0 dg_rx=2749 dg_tx=2799
  SPAN ship 1200B tm-s.log: [SPAN] t=16.3s ack=1062 win=[1045,1063] wsize=19 a_star=Some(3) delta=Some(1) owed=0.00 rr=0.315 debt=0.00 retx_buf=2 shed=0/18 bud=0.0000 D=21ms ar=126 agap=0/0 dg_rx=4160 dg_tx=4240
  SPAN ship 1200B tm-s.log: [SPAN] t=21.4s ack=1425 win=[1408,1430] wsize=23 a_star=Some(3) delta=Some(1) owed=0.00 rr=0.299 debt=0.62 retx_buf=6 shed=0/20 bud=0.0000 D=22ms ar=132 agap=0/0 dg_rx=5547 dg_tx=5661
  SPAN ship 1200B tm-s.log: [SPAN] t=36.0s ack=1754 win=[1737,1757] wsize=21 a_star=Some(3) delta=Some(1) owed=0.00 rr=0.305 debt=0.01 retx_buf=4 shed=0/27 bud=0.0000 D=21ms ar=126 agap=1/61 dg_rx=6839 dg_tx=6974
  SPAN ship 1200B tm-s.log: [SPAN] t=41.1s ack=2104 win=[2087,2106] wsize=20 a_star=Some(3) delta=Some(1) owed=0.00 rr=0.318 debt=0.00 retx_buf=3 shed=0/33 bud=0.0000 D=20ms ar=128 agap=1/61 dg_rx=8252 dg_tx=8413
  SPAN ship 1200B tm-s.log: [SPAN] t=46.3s ack=2488 win=[2471,2493] wsize=23 a_star=Some(3) delta=Some(1) owed=0.00 rr=0.294 debt=0.92 retx_buf=6 shed=0/39 bud=0.0000 D=22ms ar=132 agap=1/61 dg_rx=9701 dg_tx=9896
  SPAN ship 1200B tm-s.log: [SPAN] t=51.4s ack=2849 win=[2832,2853] wsize=22 a_star=Some(4) delta=Some(1) owed=0.00 rr=0.295 debt=0.61 retx_buf=5 shed=0/45 bud=0.0000 D=22ms ar=137 agap=1/61 dg_rx=11130 dg_tx=11356
  SPAN ship 1200B tm-s.log: [SPAN] t=66.1s ack=3185 win=[3168,3185] wsize=18 a_star=Some(5) delta=Some(1) owed=0.00 rr=0.308 debt=0.00 retx_buf=1 shed=0/51 bud=0.0000 D=21ms ar=190 agap=2/120 dg_rx=12438 dg_tx=12685
  SPAN ship 1200B tm-s.log: [SPAN] t=71.2s ack=3535 win=[3518,3538] wsize=21 a_star=Some(3) delta=Some(1) owed=0.00 rr=0.304 debt=0.33 retx_buf=4 shed=0/55 bud=0.0000 D=22ms ar=132 agap=2/120 dg_rx=13844 dg_tx=14118
  SPAN ship 1200B tm-s.log: [SPAN] t=76.3s ack=3877 win=[3860,3877] wsize=18 a_star=Some(3) delta=Some(1) owed=0.00 rr=0.318 debt=0.00 retx_buf=1 shed=0/63 bud=0.0000 D=21ms ar=136 agap=2/120 dg_rx=15218 dg_tx=15526
  SPAN ship 1200B tm-s.log: [SPAN] t=81.5s ack=4224 win=[4207,4227] wsize=21 a_star=Some(3) delta=Some(1) owed=0.00 rr=0.296 debt=0.00 retx_buf=4 shed=0/68 bud=0.0000 D=21ms ar=128 agap=2/120 dg_rx=16635 dg_tx=16972
  SPAN ship 1200B tm-s.log: [SPAN] t=96.1s ack=4552 win=[4534,4555] wsize=22 a_star=Some(3) delta=Some(1) owed=0.00 rr=0.299 debt=0.31 retx_buf=5 shed=0/79 bud=0.0000 D=22ms ar=119 agap=3/177 dg_rx=17940 dg_tx=18319
  SPAN ship 1200B tm-s.log: [SPAN] t=101.2s ack=4906 win=[4889,4910] wsize=22 a_star=Some(3) delta=Some(1) owed=0.00 rr=0.297 debt=0.92 retx_buf=5 shed=0/85 bud=0.0000 D=22ms ar=125 agap=3/177 dg_rx=19334 dg_tx=19741
  SPAN ship 1200B tm-s.log: [SPAN] t=106.3s ack=5260 win=[5243,5262] wsize=20 a_star=Some(3) delta=Some(1) owed=0.00 rr=0.304 debt=0.00 retx_buf=3 shed=0/93 bud=0.0000 D=22ms ar=129 agap=3/177 dg_rx=20761 dg_tx=21197
  SPAN ship 1200B tm-s.log: [SPAN] t=111.4s ack=5627 win=[5610,5629] wsize=20 a_star=Some(3) delta=Some(1) owed=0.00 rr=0.299 debt=0.01 retx_buf=3 shed=0/98 bud=0.0000 D=21ms ar=107 agap=3/177 dg_rx=22180 dg_tx=22644
  SPAN ship 1200B tm-s.log: [SPAN] t=126.1s ack=5978 win=[5961,5981] wsize=21 a_star=Some(3) delta=Some(1) owed=0.00 rr=0.297 debt=0.00 retx_buf=4 shed=0/100 bud=0.0000 D=22ms ar=110 agap=4/237 dg_rx=23496 dg_tx=23975
  SPAN ship 1200B tm-s.log: [SPAN] t=131.1s ack=6340 win=[6323,6347] wsize=25 a_star=Some(3) delta=Some(1) owed=0.00 rr=0.288 debt=0.80 retx_buf=8 shed=0/104 bud=0.0000 D=21ms ar=127 agap=4/237 dg_rx=24900 dg_tx=25397
  SPAN ship 1200B tm-c.log: [SPAN] t=1.4s ack=1 win=[0,1] wsize=2 a_star=Some(1) delta=Some(1) owed=0.00 rr=0.500 debt=0.00 retx_buf=1 shed=0/0 bud=0.0000 D=23ms ar=0 agap=0/0 dg_rx=6 dg_tx=6
  SPAN ship 1200B tm-c.log: [SPAN] t=1.9s ack=69 win=[0,75] wsize=76 a_star=Some(6) delta=Some(1) owed=0.00 rr=0.500 debt=0.00 retx_buf=7 shed=0/54 bud=0.0000 D=23ms ar=226 agap=0/0 dg_rx=132 dg_tx=157
  SPAN ship 1200B tm-c.log: [SPAN] t=2.4s ack=144 win=[43,150] wsize=108 a_star=Some(5) delta=Some(1) owed=0.00 rr=0.359 debt=0.00 retx_buf=7 shed=0/54 bud=0.0000 D=20ms ar=226 agap=0/0 dg_rx=287 dg_tx=307
  SPAN ship 1200B tm-c.log: [SPAN] t=2.9s ack=222 win=[121,230] wsize=110 a_star=Some(5) delta=Some(1) owed=0.00 rr=0.463 debt=0.93 retx_buf=9 shed=0/64 bud=0.0000 D=20ms ar=226 agap=0/0 dg_rx=431 dg_tx=456
  SPAN ship 1200B tm-c.log: [SPAN] t=3.4s ack=299 win=[198,306] wsize=109 a_star=Some(5) delta=Some(1) owed=0.00 rr=0.500 debt=0.00 retx_buf=8 shed=2/73 bud=0.0013 D=20ms ar=228 agap=0/0 dg_rx=571 dg_tx=605
  SPAN ship 1200B tm-c.log: [SPAN] t=3.9s ack=378 win=[277,384] wsize=108 a_star=Some(5) delta=Some(1) owed=0.00 rr=0.428 debt=0.00 retx_buf=7 shed=2/79 bud=0.0000 D=21ms ar=227 agap=0/0 dg_rx=725 dg_tx=756
  SPAN ship 1200B tm-c.log: [SPAN] t=5.9s ack=682 win=[665,688] wsize=24 a_star=Some(5) delta=Some(1) owed=0.00 rr=0.500 debt=0.00 retx_buf=7 shed=3/93 bud=0.0000 D=21ms ar=227 agap=0/0 dg_rx=1288 dg_tx=1326
  SPAN ship 1200B tm-c.log: [SPAN] t=10.9s ack=1458 win=[1441,1464] wsize=24 a_star=Some(5) delta=Some(1) owed=0.00 rr=0.500 debt=0.00 retx_buf=7 shed=7/228 bud=0.0000 D=20ms ar=234 agap=0/0 dg_rx=2727 dg_tx=2821
  SPAN ship 1200B tm-c.log: [SPAN] t=16.0s ack=2221 win=[2204,2229] wsize=26 a_star=Some(5) delta=Some(1) owed=0.00 rr=0.500 debt=0.00 retx_buf=9 shed=16/325 bud=0.0000 D=19ms ar=230 agap=0/0 dg_rx=4150 dg_tx=4291
  SPAN ship 1200B tm-c.log: [SPAN] t=21.1s ack=2985 win=[2968,2991] wsize=24 a_star=Some(6) delta=Some(1) owed=0.00 rr=0.480 debt=0.00 retx_buf=7 shed=16/406 bud=0.0000 D=22ms ar=232 agap=0/0 dg_rx=5571 dg_tx=5743
  SPAN ship 1200B tm-c.log: [SPAN] t=35.9s ack=3732 win=[3715,3736] wsize=22 a_star=Some(5) delta=Some(1) owed=0.00 rr=0.500 debt=0.00 retx_buf=5 shed=24/490 bud=0.0000 D=20ms ar=228 agap=1/67 dg_rx=6959 dg_tx=7170
  SPAN ship 1200B tm-c.log: [SPAN] t=41.0s ack=4496 win=[4479,4504] wsize=26 a_star=Some(5) delta=Some(1) owed=0.00 rr=0.500 debt=1.00 retx_buf=9 shed=30/597 bud=0.0000 D=21ms ar=226 agap=1/67 dg_rx=8361 dg_tx=8629
  SPAN ship 1200B tm-c.log: [SPAN] t=46.0s ack=5268 win=[5251,5274] wsize=24 a_star=Some(5) delta=Some(1) owed=0.00 rr=0.500 debt=0.00 retx_buf=7 shed=38/675 bud=0.0000 D=19ms ar=228 agap=1/67 dg_rx=9819 dg_tx=10128
  SPAN ship 1200B tm-c.log: [SPAN] t=51.1s ack=6037 win=[6020,6043] wsize=24 a_star=Some(5) delta=Some(1) owed=0.00 rr=0.500 debt=0.00 retx_buf=7 shed=45/774 bud=0.0000 D=21ms ar=228 agap=1/67 dg_rx=11259 dg_tx=11610
  SPAN ship 1200B tm-c.log: [SPAN] t=66.0s ack=6785 win=[6768,6791] wsize=24 a_star=Some(5) delta=Some(1) owed=0.00 rr=0.500 debt=0.00 retx_buf=7 shed=45/843 bud=0.0007 D=20ms ar=232 agap=2/132 dg_rx=12653 dg_tx=13039
  SPAN ship 1200B tm-c.log: [SPAN] t=71.0s ack=7550 win=[7533,7556] wsize=24 a_star=Some(7) delta=Some(1) owed=0.00 rr=0.500 debt=0.00 retx_buf=7 shed=47/920 bud=0.0000 D=22ms ar=306 agap=2/132 dg_rx=14060 dg_tx=14474
  SPAN ship 1200B tm-c.log: [SPAN] t=76.1s ack=8309 win=[8292,8323] wsize=32 a_star=Some(5) delta=Some(1) owed=0.00 rr=0.500 debt=0.00 retx_buf=12 shed=53/1009 bud=0.0008 D=21ms ar=226 agap=2/132 dg_rx=15459 dg_tx=15926
  SPAN ship 1200B tm-c.log: [SPAN] t=81.1s ack=9088 win=[9069,9094] wsize=26 a_star=Some(6) delta=Some(1) owed=0.00 rr=0.495 debt=0.99 retx_buf=9 shed=63/1147 bud=0.0000 D=21ms ar=234 agap=2/132 dg_rx=16880 dg_tx=17406
  SPAN ship 1200B tm-c.log: [SPAN] t=96.0s ack=9842 win=[9825,9848] wsize=24 a_star=Some(5) delta=Some(1) owed=0.00 rr=0.500 debt=0.00 retx_buf=7 shed=84/1282 bud=0.0000 D=20ms ar=232 agap=3/200 dg_rx=18288 dg_tx=18881
  SPAN ship 1200B tm-c.log: [SPAN] t=101.1s ack=10605 win=[10588,10617] wsize=30 a_star=Some(5) delta=Some(1) owed=0.00 rr=0.500 debt=0.50 retx_buf=12 shed=90/1364 bud=0.0172 D=21ms ar=229 agap=3/200 dg_rx=19706 dg_tx=20339
  SPAN ship 1200B tm-c.log: [SPAN] t=106.1s ack=11388 win=[11371,11396] wsize=26 a_star=Some(7) delta=Some(1) owed=0.00 rr=0.500 debt=0.00 retx_buf=9 shed=93/1494 bud=0.0000 D=21ms ar=306 agap=3/200 dg_rx=21143 dg_tx=21820
  SPAN ship 1200B tm-c.log: [SPAN] t=111.2s ack=12149 win=[12130,12155] wsize=26 a_star=Some(5) delta=Some(1) owed=0.00 rr=0.500 debt=0.00 retx_buf=9 shed=96/1614 bud=0.0000 D=20ms ar=231 agap=3/200 dg_rx=22578 dg_tx=23292
  SPAN ship 1200B tm-c.log: [SPAN] t=126.0s ack=12883 win=[12866,12887] wsize=22 a_star=Some(6) delta=Some(1) owed=0.00 rr=0.500 debt=0.00 retx_buf=5 shed=96/1662 bud=0.0000 D=22ms ar=226 agap=4/266 dg_rx=23960 dg_tx=24694
  SPAN ship 1200B tm-c.log: [SPAN] t=131.1s ack=13648 win=[13631,13653] wsize=23 a_star=Some(5) delta=Some(1) owed=0.00 rr=0.500 debt=0.50 retx_buf=6 shed=96/1726 bud=0.0008 D=20ms ar=227 agap=4/266 dg_rx=25365 dg_tx=26134
  EVICT ship 1200B tm-s.log: [RFA] gen=0 fires=2456 false=1290 false_frac=0.5252 fill_coded=729 fill_src=437 dup_src=619 preempt_src=671 src_n=24931 rep_n=7876 nu_recv=0.09851 fa_class=0.0625 rep_redundant=7098 late_after_aban=862
  EVICT ship 1200B tm-s.log: [SUCC] gen=0 det=1172 res=299 orig_n=34 orig_p50_us=18432 orig_p90_us=40960 orig_p99_us=45056 orig_mx_us=47280 orig_mean_us=25171 rep_n=265 rep_p50_us=2816 rep_p90_us=20480 rep_p99_us=40960 rep_mx_us=47280 rep_mean_us=8652 aban_n=873 aban_p50_us=22528 aban_p90_us=22528 aban_p99_us=36864 aban_mx_us=44136 aban_mean_us=23435 open=0 over=0 orig_frac=0.1137 cross_us=22 dump=0/0 sp_n=299 xp_n=0 xp_frac=0.0000 sp_p50_us=6144 sp_p90_us=20480 xp_p50_us=- xp_p90_us=- rtx_n=34
  EVICT ship 1200B tm-s.log: [ETA] site=receiver n=32807 p0:n=23203 bind=0.2927 tau_us=33994 srtt_src=echo l_p50=18432 l_p90=22528 l_p95=22528 l_p99=24576 l_mx=32110 sig_us=2612/n253 minrst=9
  EVICT ship 1200B tm-s.log: [LAT] site=receiver n=23091 over=1431 p0:n=22398 nowait=13775 minrst=4 ax_n=22398 ax_p50=6144 ax_p90=9216 ax_p95=9216 ax_p99=10240 ax_sum=134311198 rwxp_n=0 rwxp_p50=- rwxp_p95=- rwxp_sum=0 rwsp_n=8124 rwsp_p50=1 rwsp_p95=2 rwsp_sum=10831 rwrep_n=499 rwrep_p50=52 rwrep_p95=20480 rwrep_sum=2077996 rep_n=503 rep_p50=512 rep_p95=40960 rep_sum=4288441 tot_p50=6144 tot_p95=9216 tot_p99=10240 sh_ax=0.9547 sh_rwxp=0.0000 sh_rwsp=0.0001 sh_rwrep=0.0148 sh_rep=0.0305
  EVICT ship 1200B tm-c.log: [RFA] gen=0 fires=181 false=181 false_frac=1.0000 fill_coded=0 fill_src=0 dup_src=181 preempt_src=0 src_n=11505 rep_n=608 nu_recv=0.01573 fa_class=0.0625 rep_redundant=602 late_after_aban=0
  EVICT ship 1200B tm-c.log: [SUCC] gen=0 det=0 res=0 orig_n=0 orig_p50_us=- orig_p90_us=- orig_p99_us=- orig_mx_us=- orig_mean_us=- rep_n=0 rep_p50_us=- rep_p90_us=- rep_p99_us=- rep_mx_us=- rep_mean_us=- aban_n=0 aban_p50_us=- aban_p90_us=- aban_p99_us=- aban_mx_us=- aban_mean_us=- open=0 over=0 orig_frac=- cross_us=- dump=0/0 sp_n=0 xp_n=0 xp_frac=- sp_p50_us=- sp_p90_us=- xp_p50_us=- xp_p90_us=- rtx_n=0
  EVICT ship 1200B tm-c.log: [ETA] site=sender fhat_us=1790776936788919 n=24373 zero=0.0000 place_n=0 cold_r=- cold_ge=- t_eff=- t_cold=- t_n=0 hol_sh=- hol_n=0 hol_mv=- hol_calls=0 hol_w=- p0:n=23189/24373 drop=781 tau_us=32463 e_p50=4608 e_p90=9216 e_p99=11264 e_mx=17056 late=0.8732 sig_us=3290/n254
  EVICT ship 1200B tm-c.log: [LAT] site=receiver n=11324 over=0 p0:n=11324 nowait=3688 minrst=7 ax_n=11324 ax_p50=6656 ax_p90=8192 ax_p95=9216 ax_p99=9216 ax_sum=72708991 rwxp_n=0 rwxp_p50=- rwxp_p95=- rwxp_sum=0 rwsp_n=7636 rwsp_p50=1 rwsp_p95=2 rwsp_sum=9373 rwrep_n=0 rwrep_p50=- rwrep_p95=- rwrep_sum=0 rep_n=0 rep_p50=- rep_p95=- rep_sum=0 tot_p50=6656 tot_p95=9216 tot_p99=9216 sh_ax=0.9999 sh_rwxp=0.0000 sh_rwsp=0.0001 sh_rwrep=0.0000 sh_rep=0.0000
ARM ship 1200B: n=8 min=88 median=92 max=135
=== done 16:02:26
EXIT rc=0 (16:02:26)
=== CROWNSPOT stage seed=42 cell=c3 rc=0 end=2026-09-30T14:02:26Z
CROWNSPOT-DONE seed=42 stages=2/2 2026-09-30T14:02:26Z
