=== CROWNSPOT stage seed=7 cell=c2 start=2026-09-30T14:02:26Z
=== tail matrix (task #61 flip-gate) @ c2 seed=7 arms='ship', 8 reps/arm (warm tunnel), 50msg/s x20s sizes='400 1200' 16:02:26
--- ship 400B start=16:02:26
ARMENV ship 400B: hint=realtime env='<unset>' flags='' rate=50 dur=20
  ECHO ship 400B tm-s.log: ack-merge ACTIVE (RWM_ACK_MERGE: WINDOW mode sends ONE control datagram per data message instead of two — the legacy per-batch Ack is suppressed, the SACK WindowAck goes unconditional at that cadence and carries the Ack's payload in the v6 cumulative cum_expected/cum_received counters, every Ack-arm consumer re-homed onto the counter diff; BLOCK mode bit-exact; the delivery statistic/cadence/counts unchanged) copa_feed=false
  ECHO ship 400B tm-s.log: A* send-rate anchor ACTIVE (RWM_ASTAR_ANCHOR: windowed-max send rate over ~8 SRTT, clock-gap sample discard)
  ECHO ship 400B tm-s.log: clock-gap estimator hygiene ACTIVE (RWM_CLOCK_GAP: process-clock stall witness, post-stall sample discard at the ack feed sites)
  ECHO ship 400B tm-s.log: M* peer-report RTT-feed suppression ACTIVE (RWM_MSTAR_ANCHOR plain-live subset: local-echo-only RTT feed + estimator seed-from-sample)
  ECHO ship 400B tm-s.log: quinn congestion controller: BBR (shipped default; RWM_QUIC_CC overrides)
  ECHO ship 400B tm-s.log: RWM_UNIFIED=1 RWM_UNIFIED_SHED=1 RWM_TAPER_R=1 RWM_ASTAR_ANCHOR=1 RWM_MSTAR_ANCHOR=1 RWM_PLAIN_RS=0 RWM_HONEST_ANCHOR=1 RWM_HONEST_K=0 RWM_STORE_SACK_RELEASE=1 RWM_STORE_PATHS=1 RWM_STORE_PATH_POOL=2048 RWM_STORE=unset RWM_STORE_GAIN=2 RWM_STORE_BOOT=128 RWM_THREE_TERM=0 RWM_COMPOSED_CAP=0 RWM_SUM_CAP=1 RWM_LATE_BRAKE=0 RWM_DELTA_CAP=1 RWM_HONEST_CAP=0 RWM_POOL_ANCHOR=0 RWM_ACK_MERGE=1 RWM_LOSS_SENT_TRUTH=0 RWM_RELEASE_1TO1=0 RWM_CHARGE_RECOVERY=0 RWM_SIDLE_DERIVED=0 RWM_COLD_PLACE=0 RWM_PLACE_T_DERIVED=0 RWM_PLACE_HOL=0 RWM_PLACE_WDIV_DERIVED=0 RWM_GEN=1 RWM_PIPELINE=2 RWM_GEN_PIPE=1 RWM_GEN_R=unset RWM_GEN_RATE=9000 RWM_GEN_RATE_FLOOR=2000 RWM_GEN_INFLIGHT=unset RWM_OOO_RETAIN=0/16 RWM_WINDOW=unset RWM_REPORT_GENS=unset RWM_REPAIR_WAIT=unset RWM_CODED_SRC=0 RWM_NO_REACTIVE=0 RWM_XPATH_REPAIR=0 RWM_PROACTIVE_PACER=0 RWM_REASM_BDP=0 RWM_MIN_R=0 RWM_CC_PACE=0 RWM_CC_PACE_HR=1.1 RWM_REACT_CAP=unset RWM_INFL_CAP=0 RWM_INFL_BDP=unset RWM_COPA_FEED=0 RWM_RS_ATTR=1 RWM_EMIT_BATCH=0 RWM_EMIT_BURST=64 RWM_RECOV_MP=1 RWM_RECOV_MP_LAW=1 RWM_RECOV_SP=0 RWM_DERIVED_SWEEP=0 RWM_HOLDDOWN_Q=unset RWM_REFRESH_FLOOR_US=unset RWM_DELTA=unset RWM_COPA_DELTA=unset RWM_COMPLETION_EXPOSURE=0 RWM_RECV_REQUEST_LAW=0 RWM_RANK_FEEDBACK=0 RWM_DIAG=1 RWM_ACKDIAG=0 RWM_ACKDIAG_WINDOW_US=2000000 RWM_RTT_DUMP=0 RWM_RTT_DUMP_MAX=400000 RWM_SUCC_DUMP=0 RWM_SUCC_DUMP_MAX=200000 RWM_WALLDIAG=0 RWM_CPUPROF=0 RWM_RDIAG=0 RWM_FDIAG=0 RWM_TRACE=0 RWM_PFRAC=0
  ECHO ship 400B tm-s.log: RWM_UNIFIED: Realtime rides the RLC span machine (small-δ parameterization, no code-family switch)
  ECHO ship 400B tm-s.log: RWM_UNIFIED: receive path on the unified global decoder (one machine, both wires) generation=false
  ECHO ship 400B tm-s.log: sliding-window FEC mode symbol_size=512 backend=Rlc
  ECHO ship 400B tm-s.log: unified overload shedding ACTIVE at receiver (RWM_UNIFIED_SHED: in-order hold = delta-derived b*SRTT within the eps-class give-up budget)
  ECHO ship 400B tm-s.log: unified overload shedding ACTIVE (RWM_UNIFIED_SHED: past-deadline holes shed within the derived 1-rho budget; =0 = serializing arm)
  ECHO ship 400B tm-s.log: unified span law ACTIVE (RWM_UNIFIED: plain-mode proactive repair over the trailing solvable span [end-A*, end-Δ), A* from δ) hint=Realtime
  ECHO ship 400B tm-c.log: ack-merge ACTIVE (RWM_ACK_MERGE: WINDOW mode sends ONE control datagram per data message instead of two — the legacy per-batch Ack is suppressed, the SACK WindowAck goes unconditional at that cadence and carries the Ack's payload in the v6 cumulative cum_expected/cum_received counters, every Ack-arm consumer re-homed onto the counter diff; BLOCK mode bit-exact; the delivery statistic/cadence/counts unchanged) copa_feed=false
  ECHO ship 400B tm-c.log: A* send-rate anchor ACTIVE (RWM_ASTAR_ANCHOR: windowed-max send rate over ~8 SRTT, clock-gap sample discard)
  ECHO ship 400B tm-c.log: clock-gap estimator hygiene ACTIVE (RWM_CLOCK_GAP: process-clock stall witness, post-stall sample discard at the ack feed sites)
  ECHO ship 400B tm-c.log: M* peer-report RTT-feed suppression ACTIVE (RWM_MSTAR_ANCHOR plain-live subset: local-echo-only RTT feed + estimator seed-from-sample)
  ECHO ship 400B tm-c.log: quinn congestion controller: BBR (shipped default; RWM_QUIC_CC overrides)
  ECHO ship 400B tm-c.log: RWM_UNIFIED=1 RWM_UNIFIED_SHED=1 RWM_TAPER_R=1 RWM_ASTAR_ANCHOR=1 RWM_MSTAR_ANCHOR=1 RWM_PLAIN_RS=0 RWM_HONEST_ANCHOR=1 RWM_HONEST_K=0 RWM_STORE_SACK_RELEASE=1 RWM_STORE_PATHS=1 RWM_STORE_PATH_POOL=2048 RWM_STORE=unset RWM_STORE_GAIN=2 RWM_STORE_BOOT=128 RWM_THREE_TERM=0 RWM_COMPOSED_CAP=0 RWM_SUM_CAP=1 RWM_LATE_BRAKE=0 RWM_DELTA_CAP=1 RWM_HONEST_CAP=0 RWM_POOL_ANCHOR=0 RWM_ACK_MERGE=1 RWM_LOSS_SENT_TRUTH=0 RWM_RELEASE_1TO1=0 RWM_CHARGE_RECOVERY=0 RWM_SIDLE_DERIVED=0 RWM_COLD_PLACE=0 RWM_PLACE_T_DERIVED=0 RWM_PLACE_HOL=0 RWM_PLACE_WDIV_DERIVED=0 RWM_GEN=1 RWM_PIPELINE=2 RWM_GEN_PIPE=1 RWM_GEN_R=unset RWM_GEN_RATE=9000 RWM_GEN_RATE_FLOOR=2000 RWM_GEN_INFLIGHT=unset RWM_OOO_RETAIN=0/16 RWM_WINDOW=unset RWM_REPORT_GENS=unset RWM_REPAIR_WAIT=unset RWM_CODED_SRC=0 RWM_NO_REACTIVE=0 RWM_XPATH_REPAIR=0 RWM_PROACTIVE_PACER=0 RWM_REASM_BDP=0 RWM_MIN_R=0 RWM_CC_PACE=0 RWM_CC_PACE_HR=1.1 RWM_REACT_CAP=unset RWM_INFL_CAP=0 RWM_INFL_BDP=unset RWM_COPA_FEED=0 RWM_RS_ATTR=1 RWM_EMIT_BATCH=0 RWM_EMIT_BURST=64 RWM_RECOV_MP=1 RWM_RECOV_MP_LAW=1 RWM_RECOV_SP=0 RWM_DERIVED_SWEEP=0 RWM_HOLDDOWN_Q=unset RWM_REFRESH_FLOOR_US=unset RWM_DELTA=unset RWM_COPA_DELTA=unset RWM_COMPLETION_EXPOSURE=0 RWM_RECV_REQUEST_LAW=0 RWM_RANK_FEEDBACK=0 RWM_DIAG=1 RWM_ACKDIAG=0 RWM_ACKDIAG_WINDOW_US=2000000 RWM_RTT_DUMP=0 RWM_RTT_DUMP_MAX=400000 RWM_SUCC_DUMP=0 RWM_SUCC_DUMP_MAX=200000 RWM_WALLDIAG=0 RWM_CPUPROF=0 RWM_RDIAG=0 RWM_FDIAG=0 RWM_TRACE=0 RWM_PFRAC=0
  ECHO ship 400B tm-c.log: RWM_UNIFIED: Realtime rides the RLC span machine (small-δ parameterization, no code-family switch)
  ECHO ship 400B tm-c.log: RWM_UNIFIED: receive path on the unified global decoder (one machine, both wires) generation=false
  ECHO ship 400B tm-c.log: sliding-window FEC mode symbol_size=512 backend=Rlc
  ECHO ship 400B tm-c.log: unified overload shedding ACTIVE at receiver (RWM_UNIFIED_SHED: in-order hold = delta-derived b*SRTT within the eps-class give-up budget)
  ECHO ship 400B tm-c.log: unified overload shedding ACTIVE (RWM_UNIFIED_SHED: past-deadline holes shed within the derived 1-rho budget; =0 = serializing arm)
  ECHO ship 400B tm-c.log: unified span law ACTIVE (RWM_UNIFIED: plain-mode proactive repair over the trailing solvable span [end-A*, end-Δ), A* from δ) hint=Realtime
  ship 400B rep1: p50=7.324ms p99=39.278ms p999=62.587ms max=62.587ms n=1000
  ship 400B rep2: p50=7.987ms p99=165.818ms p999=298.732ms max=298.732ms n=1000
  ship 400B rep3: p50=8.122ms p99=48.344ms p999=90.569ms max=90.569ms n=1000
  ship 400B rep4: p50=7.912ms p99=34.265ms p999=61.149ms max=61.149ms n=1000
  ship 400B rep5: p50=7.814ms p99=34.851ms p999=59.304ms max=59.304ms n=1000
  ship 400B rep6: p50=7.912ms p99=37.007ms p999=70.884ms max=70.884ms n=1000
  ship 400B rep7: p50=7.849ms p99=34.1ms p999=60.278ms max=60.278ms n=1000
  ship 400B rep8: p50=8.041ms p99=58.689ms p999=83.707ms max=83.707ms n=1000
  SPAN ship 400B tm-s.log: [SPAN] t=1.6s ack=1 win=[0,1] wsize=2 a_star=Some(1) delta=Some(1) owed=0.00 rr=0.500 debt=0.00 retx_buf=1 shed=0/0 bud=0.0000 D=5ms ar=0 agap=0/0 dg_rx=7 dg_tx=7
  SPAN ship 400B tm-s.log: [SPAN] t=2.1s ack=26 win=[0,26] wsize=27 a_star=Some(1) delta=Some(1) owed=0.00 rr=0.439 debt=0.06 retx_buf=1 shed=0/1 bud=0.0000 D=5ms ar=69 agap=0/0 dg_rx=62 dg_tx=63
  SPAN ship 400B tm-s.log: [SPAN] t=2.6s ack=51 win=[0,51] wsize=52 a_star=Some(1) delta=Some(1) owed=0.00 rr=0.252 debt=0.09 retx_buf=1 shed=0/2 bud=0.0000 D=6ms ar=61 agap=0/0 dg_rx=112 dg_tx=114
  SPAN ship 400B tm-s.log: [SPAN] t=3.1s ack=76 win=[0,76] wsize=77 a_star=Some(1) delta=Some(1) owed=0.00 rr=0.186 debt=0.02 retx_buf=1 shed=0/4 bud=0.0000 D=5ms ar=72 agap=0/0 dg_rx=163 dg_tx=166
  SPAN ship 400B tm-s.log: [SPAN] t=3.7s ack=102 win=[1,102] wsize=102 a_star=Some(1) delta=Some(1) owed=0.00 rr=0.148 debt=0.00 retx_buf=1 shed=0/6 bud=0.0000 D=6ms ar=153 agap=0/0 dg_rx=218 dg_tx=224
  SPAN ship 400B tm-s.log: [SPAN] t=4.2s ack=127 win=[110,127] wsize=18 a_star=Some(1) delta=Some(1) owed=0.00 rr=0.340 debt=0.00 retx_buf=1 shed=0/6 bud=0.0000 D=6ms ar=61 agap=0/0 dg_rx=269 dg_tx=275
  SPAN ship 400B tm-s.log: [SPAN] t=6.2s ack=226 win=[209,226] wsize=18 a_star=Some(1) delta=Some(1) owed=0.00 rr=0.330 debt=0.00 retx_buf=1 shed=0/10 bud=0.0000 D=5ms ar=62 agap=0/0 dg_rx=476 dg_tx=487
  SPAN ship 400B tm-s.log: [SPAN] t=11.3s ack=477 win=[460,477] wsize=18 a_star=Some(1) delta=Some(1) owed=0.00 rr=0.340 debt=0.01 retx_buf=1 shed=0/18 bud=0.0000 D=5ms ar=168 agap=0/0 dg_rx=1001 dg_tx=1022
  SPAN ship 400B tm-s.log: [SPAN] t=16.4s ack=725 win=[708,725] wsize=18 a_star=Some(1) delta=Some(1) owed=0.00 rr=0.340 debt=0.00 retx_buf=1 shed=0/28 bud=0.0000 D=6ms ar=62 agap=0/0 dg_rx=1520 dg_tx=1550
  SPAN ship 400B tm-s.log: [SPAN] t=21.5s ack=980 win=[963,980] wsize=18 a_star=Some(1) delta=Some(1) owed=0.00 rr=0.340 debt=0.00 retx_buf=1 shed=0/35 bud=0.0000 D=5ms ar=62 agap=0/0 dg_rx=2037 dg_tx=2074
  SPAN ship 400B tm-s.log: [SPAN] t=36.2s ack=1215 win=[1198,1215] wsize=18 a_star=Some(1) delta=Some(1) owed=0.00 rr=0.340 debt=0.00 retx_buf=1 shed=0/45 bud=0.0000 D=5ms ar=71 agap=1/100 dg_rx=2528 dg_tx=2575
  SPAN ship 400B tm-s.log: [SPAN] t=41.4s ack=1458 win=[1441,1458] wsize=18 a_star=Some(1) delta=Some(1) owed=0.00 rr=0.340 debt=0.00 retx_buf=1 shed=0/58 bud=0.0000 D=5ms ar=70 agap=1/100 dg_rx=3050 dg_tx=3110
  SPAN ship 400B tm-s.log: [SPAN] t=46.5s ack=1713 win=[1696,1713] wsize=18 a_star=Some(1) delta=Some(1) owed=0.00 rr=0.340 debt=0.00 retx_buf=1 shed=0/65 bud=0.0000 D=6ms ar=62 agap=1/100 dg_rx=3567 dg_tx=3634
  SPAN ship 400B tm-s.log: [SPAN] t=51.6s ack=1966 win=[1949,1966] wsize=18 a_star=Some(1) delta=Some(1) owed=0.00 rr=0.340 debt=0.00 retx_buf=1 shed=0/77 bud=0.0000 D=5ms ar=66 agap=1/100 dg_rx=4089 dg_tx=4170
  SPAN ship 400B tm-s.log: [SPAN] t=66.3s ack=2196 win=[2179,2196] wsize=18 a_star=Some(1) delta=Some(1) owed=0.00 rr=0.340 debt=0.00 retx_buf=1 shed=0/93 bud=0.0000 D=5ms ar=111 agap=2/198 dg_rx=4575 dg_tx=4671
  SPAN ship 400B tm-s.log: [SPAN] t=71.5s ack=2452 win=[2435,2452] wsize=18 a_star=Some(1) delta=Some(1) owed=0.00 rr=0.340 debt=0.00 retx_buf=1 shed=0/100 bud=0.0000 D=5ms ar=65 agap=2/198 dg_rx=5099 dg_tx=5204
  SPAN ship 400B tm-s.log: [SPAN] t=76.6s ack=2708 win=[2691,2708] wsize=18 a_star=Some(1) delta=Some(1) owed=0.00 rr=0.340 debt=0.00 retx_buf=1 shed=0/111 bud=0.0000 D=6ms ar=102 agap=2/198 dg_rx=5623 dg_tx=5742
  SPAN ship 400B tm-s.log: [SPAN] t=91.7s ack=2959 win=[2942,2959] wsize=18 a_star=Some(1) delta=Some(1) owed=0.00 rr=0.340 debt=0.00 retx_buf=1 shed=0/122 bud=0.0000 D=5ms ar=72 agap=3/199 dg_rx=6159 dg_tx=6285
  SPAN ship 400B tm-s.log: [SPAN] t=96.9s ack=3211 win=[3194,3211] wsize=18 a_star=Some(1) delta=Some(1) owed=0.00 rr=0.340 debt=0.00 retx_buf=1 shed=0/137 bud=0.0000 D=5ms ar=66 agap=3/296 dg_rx=6690 dg_tx=6828
  SPAN ship 400B tm-s.log: [SPAN] t=102.0s ack=3464 win=[3447,3464] wsize=18 a_star=Some(1) delta=Some(1) owed=0.00 rr=0.340 debt=0.00 retx_buf=1 shed=0/145 bud=0.0000 D=5ms ar=68 agap=3/296 dg_rx=7216 dg_tx=7361
  SPAN ship 400B tm-s.log: [SPAN] t=107.2s ack=3718 win=[3701,3718] wsize=18 a_star=Some(1) delta=Some(1) owed=0.00 rr=0.340 debt=0.00 retx_buf=1 shed=0/154 bud=0.0000 D=5ms ar=79 agap=3/296 dg_rx=7735 dg_tx=7890
  SPAN ship 400B tm-s.log: [SPAN] t=122.3s ack=3970 win=[3953,3970] wsize=18 a_star=Some(1) delta=Some(1) owed=0.00 rr=0.340 debt=0.00 retx_buf=1 shed=0/163 bud=0.0000 D=6ms ar=59 agap=4/323 dg_rx=8258 dg_tx=8421
  SPAN ship 400B tm-s.log: [SPAN] t=127.4s ack=4221 win=[4204,4221] wsize=18 a_star=Some(1) delta=Some(1) owed=0.00 rr=0.340 debt=0.00 retx_buf=1 shed=0/175 bud=0.0000 D=6ms ar=82 agap=4/395 dg_rx=8782 dg_tx=8953
  SPAN ship 400B tm-s.log: [SPAN] t=132.5s ack=4476 win=[4459,4476] wsize=18 a_star=Some(1) delta=Some(1) owed=0.00 rr=0.340 debt=0.00 retx_buf=1 shed=0/183 bud=0.0000 D=5ms ar=62 agap=4/395 dg_rx=9308 dg_tx=9485
  SPAN ship 400B tm-c.log: [SPAN] t=1.6s ack=1 win=[0,1] wsize=2 a_star=Some(1) delta=Some(1) owed=0.00 rr=0.500 debt=0.00 retx_buf=1 shed=0/0 bud=0.0000 D=5ms ar=0 agap=0/0 dg_rx=6 dg_tx=6
  SPAN ship 400B tm-c.log: [SPAN] t=2.1s ack=28 win=[0,28] wsize=29 a_star=Some(1) delta=Some(1) owed=0.00 rr=0.500 debt=0.00 retx_buf=1 shed=0/2 bud=0.0002 D=5ms ar=94 agap=0/0 dg_rx=62 dg_tx=63
  SPAN ship 400B tm-c.log: [SPAN] t=2.6s ack=53 win=[0,53] wsize=54 a_star=Some(1) delta=Some(1) owed=0.00 rr=0.314 debt=0.19 retx_buf=1 shed=0/2 bud=0.0000 D=5ms ar=53 agap=0/0 dg_rx=113 dg_tx=114
  SPAN ship 400B tm-c.log: [SPAN] t=3.1s ack=78 win=[0,78] wsize=79 a_star=Some(1) delta=Some(1) owed=0.00 rr=0.229 debt=0.27 retx_buf=1 shed=0/2 bud=0.0000 D=5ms ar=60 agap=0/0 dg_rx=165 dg_tx=166
  SPAN ship 400B tm-c.log: [SPAN] t=3.6s ack=104 win=[3,104] wsize=102 a_star=Some(1) delta=Some(1) owed=0.00 rr=0.500 debt=0.00 retx_buf=1 shed=0/5 bud=0.0064 D=5ms ar=100 agap=0/0 dg_rx=221 dg_tx=225
  SPAN ship 400B tm-c.log: [SPAN] t=4.2s ack=130 win=[113,130] wsize=18 a_star=Some(1) delta=Some(1) owed=0.00 rr=0.500 debt=0.00 retx_buf=1 shed=0/5 bud=0.0000 D=5ms ar=53 agap=0/0 dg_rx=274 dg_tx=278
  SPAN ship 400B tm-c.log: [SPAN] t=6.2s ack=233 win=[216,233] wsize=18 a_star=Some(1) delta=Some(1) owed=0.00 rr=0.500 debt=0.00 retx_buf=1 shed=0/15 bud=0.0000 D=5ms ar=56 agap=0/0 dg_rx=488 dg_tx=501
  SPAN ship 400B tm-c.log: [SPAN] t=11.3s ack=492 win=[475,492] wsize=18 a_star=Some(1) delta=Some(1) owed=0.00 rr=0.500 debt=0.00 retx_buf=1 shed=3/36 bud=0.0004 D=5ms ar=164 agap=0/0 dg_rx=1023 dg_tx=1050
  SPAN ship 400B tm-c.log: [SPAN] t=16.5s ack=750 win=[733,750] wsize=18 a_star=Some(1) delta=Some(1) owed=0.00 rr=0.500 debt=0.00 retx_buf=1 shed=4/55 bud=0.0000 D=5ms ar=54 agap=0/0 dg_rx=1557 dg_tx=1596
  SPAN ship 400B tm-c.log: [SPAN] t=21.6s ack=1008 win=[991,1008] wsize=18 a_star=Some(1) delta=Some(1) owed=0.00 rr=0.485 debt=0.02 retx_buf=1 shed=4/60 bud=0.0000 D=5ms ar=53 agap=0/0 dg_rx=2083 dg_tx=2125
  SPAN ship 400B tm-c.log: [SPAN] t=36.3s ack=1245 win=[1228,1245] wsize=18 a_star=Some(1) delta=Some(1) owed=0.00 rr=0.500 debt=0.00 retx_buf=1 shed=5/69 bud=0.0000 D=6ms ar=51 agap=1/101 dg_rx=2578 dg_tx=2626
  SPAN ship 400B tm-c.log: [SPAN] t=41.4s ack=1508 win=[1491,1508] wsize=18 a_star=Some(1) delta=Some(1) owed=0.00 rr=0.485 debt=0.00 retx_buf=1 shed=9/80 bud=0.0025 D=5ms ar=96 agap=1/101 dg_rx=3117 dg_tx=3173
  SPAN ship 400B tm-c.log: [SPAN] t=46.5s ack=1763 win=[1746,1763] wsize=18 a_star=Some(1) delta=Some(1) owed=0.00 rr=0.465 debt=0.04 retx_buf=1 shed=9/84 bud=0.0000 D=5ms ar=52 agap=1/101 dg_rx=3635 dg_tx=3696
  SPAN ship 400B tm-c.log: [SPAN] t=51.6s ack=2023 win=[2006,2023] wsize=18 a_star=Some(1) delta=Some(1) owed=0.00 rr=0.450 debt=0.00 retx_buf=1 shed=10/94 bud=0.0001 D=5ms ar=96 agap=1/101 dg_rx=4171 dg_tx=4236
  SPAN ship 400B tm-c.log: [SPAN] t=66.3s ack=2261 win=[2244,2261] wsize=18 a_star=Some(1) delta=Some(1) owed=0.00 rr=0.450 debt=0.01 retx_buf=1 shed=12/107 bud=0.0016 D=5ms ar=98 agap=2/202 dg_rx=4670 dg_tx=4747
  SPAN ship 400B tm-c.log: [SPAN] t=71.4s ack=2521 win=[2504,2521] wsize=18 a_star=Some(1) delta=Some(1) owed=0.00 rr=0.500 debt=0.00 retx_buf=1 shed=13/117 bud=0.0000 D=5ms ar=50 agap=2/202 dg_rx=5197 dg_tx=5285
  SPAN ship 400B tm-c.log: [SPAN] t=76.5s ack=2779 win=[2762,2779] wsize=18 a_star=Some(1) delta=Some(1) owed=0.00 rr=0.490 debt=0.01 retx_buf=1 shed=15/126 bud=0.0001 D=5ms ar=51 agap=2/202 dg_rx=5733 dg_tx=5825
  SPAN ship 400B tm-c.log: [SPAN] t=81.6s ack=3038 win=[3021,3038] wsize=18 a_star=Some(1) delta=Some(1) owed=0.00 rr=0.490 debt=0.01 retx_buf=1 shed=15/144 bud=0.0000 D=5ms ar=99 agap=2/202 dg_rx=6267 dg_tx=6372
  SPAN ship 400B tm-c.log: [SPAN] t=96.4s ack=3279 win=[3262,3279] wsize=18 a_star=Some(1) delta=Some(1) owed=0.00 rr=0.500 debt=0.00 retx_buf=1 shed=15/161 bud=0.0095 D=5ms ar=51 agap=3/303 dg_rx=6776 dg_tx=6892
  SPAN ship 400B tm-c.log: [SPAN] t=101.6s ack=3542 win=[3525,3542] wsize=18 a_star=Some(1) delta=Some(1) owed=0.00 rr=0.465 debt=0.04 retx_buf=1 shed=15/174 bud=0.0000 D=5ms ar=51 agap=3/303 dg_rx=7315 dg_tx=7438
  SPAN ship 400B tm-c.log: [SPAN] t=106.8s ack=3803 win=[3786,3803] wsize=18 a_star=Some(1) delta=Some(1) owed=0.00 rr=0.445 debt=0.01 retx_buf=1 shed=16/183 bud=0.0000 D=5ms ar=51 agap=3/303 dg_rx=7850 dg_tx=7977
  SPAN ship 400B tm-c.log: [SPAN] t=121.7s ack=4053 win=[4036,4053] wsize=18 a_star=Some(1) delta=Some(1) owed=0.00 rr=0.500 debt=0.00 retx_buf=1 shed=17/190 bud=0.0069 D=6ms ar=51 agap=4/304 dg_rx=8365 dg_tx=8497
  SPAN ship 400B tm-c.log: [SPAN] t=126.8s ack=4310 win=[4293,4310] wsize=18 a_star=Some(1) delta=Some(1) owed=0.00 rr=0.430 debt=0.01 retx_buf=1 shed=19/204 bud=0.0000 D=5ms ar=51 agap=4/405 dg_rx=8895 dg_tx=9034
  SPAN ship 400B tm-c.log: [SPAN] t=131.9s ack=4565 win=[4548,4566] wsize=19 a_star=Some(1) delta=Some(1) owed=0.00 rr=0.445 debt=0.50 retx_buf=2 shed=20/213 bud=0.0000 D=5ms ar=94 agap=4/405 dg_rx=9418 dg_tx=9566
  EVICT ship 400B tm-s.log: [RFA] gen=0 fires=236 false=51 false_frac=0.2161 fill_coded=54 fill_src=131 dup_src=33 preempt_src=18 src_n=8048 rep_n=227 nu_recv=0.02932 fa_class=0.0625 rep_redundant=169 late_after_aban=84
  EVICT ship 400B tm-s.log: [SUCC] gen=0 det=167 res=67 orig_n=64 orig_p50_us=3328 orig_p90_us=6144 orig_p99_us=6656 orig_mx_us=6923 orig_mean_us=3322 rep_n=3 rep_p50_us=32 rep_p90_us=36 rep_p99_us=36 rep_mx_us=36 rep_mean_us=30 aban_n=100 aban_p50_us=7168 aban_p90_us=7168 aban_p99_us=7680 aban_mx_us=7769 aban_mean_us=6977 open=0 over=0 orig_frac=0.9552 cross_us=- dump=0/0 sp_n=67 xp_n=0 xp_frac=0.0000 sp_p50_us=3328 sp_p90_us=6144 xp_p50_us=- xp_p90_us=- rtx_n=64
  EVICT ship 400B tm-s.log: [ETA] site=sender fhat_us=1790777181617441 n=7894 zero=0.0000 place_n=0 cold_r=- cold_ge=- t_eff=- t_cold=- t_n=0 hol_sh=- hol_n=0 hol_mv=- hol_calls=0 hol_w=- p0:n=7749/7894 drop=0 tau_us=5876 e_p50=2816 e_p90=5632 e_p99=7168 e_mx=19409 late=0.9059 sig_us=3481/n11
  EVICT ship 400B tm-s.log: [LAT] site=receiver n=7983 over=54 p0:n=7929 nowait=691 minrst=8 ax_n=7929 ax_p50=3072 ax_p90=5120 ax_p95=5632 ax_p99=5632 ax_sum=24801030 rwxp_n=0 rwxp_p50=- rwxp_p95=- rwxp_sum=0 rwsp_n=7235 rwsp_p50=1 rwsp_p95=3 rwsp_sum=223256 rwrep_n=3 rwrep_p50=36 rwrep_p95=48 rwrep_sum=108 rep_n=3 rep_p50=32 rep_p95=36 rep_sum=91 tot_p50=3072 tot_p95=5632 tot_p99=5632 sh_ax=0.9911 sh_rwxp=0.0000 sh_rwsp=0.0089 sh_rwrep=0.0000 sh_rep=0.0000
  EVICT ship 400B tm-c.log: [RFA] gen=0 fires=311 false=311 false_frac=1.0000 fill_coded=0 fill_src=0 dup_src=311 preempt_src=0 src_n=8168 rep_n=0 nu_recv=0.03808 fa_class=0.0625 rep_redundant=0 late_after_aban=0
  EVICT ship 400B tm-c.log: [SUCC] gen=0 det=0 res=0 orig_n=0 orig_p50_us=- orig_p90_us=- orig_p99_us=- orig_mx_us=- orig_mean_us=- rep_n=0 rep_p50_us=- rep_p90_us=- rep_p99_us=- rep_mx_us=- rep_mean_us=- aban_n=0 aban_p50_us=- aban_p90_us=- aban_p99_us=- aban_mx_us=- aban_mean_us=- open=0 over=0 orig_frac=- cross_us=- dump=0/0 sp_n=0 xp_n=0 xp_frac=- sp_p50_us=- sp_p90_us=- xp_p50_us=- xp_p90_us=- rtx_n=0
  EVICT ship 400B tm-c.log: [ETA] site=sender fhat_us=1790777181609630 n=8106 zero=0.0000 place_n=0 cold_r=- cold_ge=- t_eff=- t_cold=- t_n=0 hol_sh=- hol_n=0 hol_mv=- hol_calls=0 hol_w=- p0:n=7859/8106 drop=0 tau_us=5129 e_p50=2816 e_p90=5632 e_p99=7168 e_mx=19437 late=0.8785 sig_us=1105/n2
  EVICT ship 400B tm-c.log: [LAT] site=receiver n=7857 over=0 p0:n=7857 nowait=571 minrst=5 ax_n=7857 ax_p50=3328 ax_p90=5120 ax_p95=5632 ax_p99=5632 ax_sum=27131815 rwxp_n=0 rwxp_p50=- rwxp_p95=- rwxp_sum=0 rwsp_n=7286 rwsp_p50=1 rwsp_p95=3 rwsp_sum=10240 rwrep_n=0 rwrep_p50=- rwrep_p95=- rwrep_sum=0 rep_n=0 rep_p50=- rep_p95=- rep_sum=0 tot_p50=3328 tot_p95=5632 tot_p99=5632 sh_ax=0.9996 sh_rwxp=0.0000 sh_rwsp=0.0004 sh_rwrep=0.0000 sh_rep=0.0000
ARM ship 400B: n=8 min=34 median=37 max=166
--- ship 1200B start=16:06:31
ARMENV ship 1200B: hint=realtime env='<unset>' flags='' rate=50 dur=20
  ECHO ship 1200B tm-s.log: ack-merge ACTIVE (RWM_ACK_MERGE: WINDOW mode sends ONE control datagram per data message instead of two — the legacy per-batch Ack is suppressed, the SACK WindowAck goes unconditional at that cadence and carries the Ack's payload in the v6 cumulative cum_expected/cum_received counters, every Ack-arm consumer re-homed onto the counter diff; BLOCK mode bit-exact; the delivery statistic/cadence/counts unchanged) copa_feed=false
  ECHO ship 1200B tm-s.log: A* send-rate anchor ACTIVE (RWM_ASTAR_ANCHOR: windowed-max send rate over ~8 SRTT, clock-gap sample discard)
  ECHO ship 1200B tm-s.log: clock-gap estimator hygiene ACTIVE (RWM_CLOCK_GAP: process-clock stall witness, post-stall sample discard at the ack feed sites)
  ECHO ship 1200B tm-s.log: M* peer-report RTT-feed suppression ACTIVE (RWM_MSTAR_ANCHOR plain-live subset: local-echo-only RTT feed + estimator seed-from-sample)
  ECHO ship 1200B tm-s.log: quinn congestion controller: BBR (shipped default; RWM_QUIC_CC overrides)
  ECHO ship 1200B tm-s.log: RWM_UNIFIED=1 RWM_UNIFIED_SHED=1 RWM_TAPER_R=1 RWM_ASTAR_ANCHOR=1 RWM_MSTAR_ANCHOR=1 RWM_PLAIN_RS=0 RWM_HONEST_ANCHOR=1 RWM_HONEST_K=0 RWM_STORE_SACK_RELEASE=1 RWM_STORE_PATHS=1 RWM_STORE_PATH_POOL=2048 RWM_STORE=unset RWM_STORE_GAIN=2 RWM_STORE_BOOT=128 RWM_THREE_TERM=0 RWM_COMPOSED_CAP=0 RWM_SUM_CAP=1 RWM_LATE_BRAKE=0 RWM_DELTA_CAP=1 RWM_HONEST_CAP=0 RWM_POOL_ANCHOR=0 RWM_ACK_MERGE=1 RWM_LOSS_SENT_TRUTH=0 RWM_RELEASE_1TO1=0 RWM_CHARGE_RECOVERY=0 RWM_SIDLE_DERIVED=0 RWM_COLD_PLACE=0 RWM_PLACE_T_DERIVED=0 RWM_PLACE_HOL=0 RWM_PLACE_WDIV_DERIVED=0 RWM_GEN=1 RWM_PIPELINE=2 RWM_GEN_PIPE=1 RWM_GEN_R=unset RWM_GEN_RATE=9000 RWM_GEN_RATE_FLOOR=2000 RWM_GEN_INFLIGHT=unset RWM_OOO_RETAIN=0/16 RWM_WINDOW=unset RWM_REPORT_GENS=unset RWM_REPAIR_WAIT=unset RWM_CODED_SRC=0 RWM_NO_REACTIVE=0 RWM_XPATH_REPAIR=0 RWM_PROACTIVE_PACER=0 RWM_REASM_BDP=0 RWM_MIN_R=0 RWM_CC_PACE=0 RWM_CC_PACE_HR=1.1 RWM_REACT_CAP=unset RWM_INFL_CAP=0 RWM_INFL_BDP=unset RWM_COPA_FEED=0 RWM_RS_ATTR=1 RWM_EMIT_BATCH=0 RWM_EMIT_BURST=64 RWM_RECOV_MP=1 RWM_RECOV_MP_LAW=1 RWM_RECOV_SP=0 RWM_DERIVED_SWEEP=0 RWM_HOLDDOWN_Q=unset RWM_REFRESH_FLOOR_US=unset RWM_DELTA=unset RWM_COPA_DELTA=unset RWM_COMPLETION_EXPOSURE=0 RWM_RECV_REQUEST_LAW=0 RWM_RANK_FEEDBACK=0 RWM_DIAG=1 RWM_ACKDIAG=0 RWM_ACKDIAG_WINDOW_US=2000000 RWM_RTT_DUMP=0 RWM_RTT_DUMP_MAX=400000 RWM_SUCC_DUMP=0 RWM_SUCC_DUMP_MAX=200000 RWM_WALLDIAG=0 RWM_CPUPROF=0 RWM_RDIAG=0 RWM_FDIAG=0 RWM_TRACE=0 RWM_PFRAC=0
  ECHO ship 1200B tm-s.log: RWM_UNIFIED: Realtime rides the RLC span machine (small-δ parameterization, no code-family switch)
  ECHO ship 1200B tm-s.log: RWM_UNIFIED: receive path on the unified global decoder (one machine, both wires) generation=false
  ECHO ship 1200B tm-s.log: sliding-window FEC mode symbol_size=512 backend=Rlc
  ECHO ship 1200B tm-s.log: unified overload shedding ACTIVE at receiver (RWM_UNIFIED_SHED: in-order hold = delta-derived b*SRTT within the eps-class give-up budget)
  ECHO ship 1200B tm-s.log: unified overload shedding ACTIVE (RWM_UNIFIED_SHED: past-deadline holes shed within the derived 1-rho budget; =0 = serializing arm)
  ECHO ship 1200B tm-s.log: unified span law ACTIVE (RWM_UNIFIED: plain-mode proactive repair over the trailing solvable span [end-A*, end-Δ), A* from δ) hint=Realtime
  ECHO ship 1200B tm-c.log: ack-merge ACTIVE (RWM_ACK_MERGE: WINDOW mode sends ONE control datagram per data message instead of two — the legacy per-batch Ack is suppressed, the SACK WindowAck goes unconditional at that cadence and carries the Ack's payload in the v6 cumulative cum_expected/cum_received counters, every Ack-arm consumer re-homed onto the counter diff; BLOCK mode bit-exact; the delivery statistic/cadence/counts unchanged) copa_feed=false
  ECHO ship 1200B tm-c.log: A* send-rate anchor ACTIVE (RWM_ASTAR_ANCHOR: windowed-max send rate over ~8 SRTT, clock-gap sample discard)
  ECHO ship 1200B tm-c.log: clock-gap estimator hygiene ACTIVE (RWM_CLOCK_GAP: process-clock stall witness, post-stall sample discard at the ack feed sites)
  ECHO ship 1200B tm-c.log: M* peer-report RTT-feed suppression ACTIVE (RWM_MSTAR_ANCHOR plain-live subset: local-echo-only RTT feed + estimator seed-from-sample)
  ECHO ship 1200B tm-c.log: quinn congestion controller: BBR (shipped default; RWM_QUIC_CC overrides)
  ECHO ship 1200B tm-c.log: RWM_UNIFIED=1 RWM_UNIFIED_SHED=1 RWM_TAPER_R=1 RWM_ASTAR_ANCHOR=1 RWM_MSTAR_ANCHOR=1 RWM_PLAIN_RS=0 RWM_HONEST_ANCHOR=1 RWM_HONEST_K=0 RWM_STORE_SACK_RELEASE=1 RWM_STORE_PATHS=1 RWM_STORE_PATH_POOL=2048 RWM_STORE=unset RWM_STORE_GAIN=2 RWM_STORE_BOOT=128 RWM_THREE_TERM=0 RWM_COMPOSED_CAP=0 RWM_SUM_CAP=1 RWM_LATE_BRAKE=0 RWM_DELTA_CAP=1 RWM_HONEST_CAP=0 RWM_POOL_ANCHOR=0 RWM_ACK_MERGE=1 RWM_LOSS_SENT_TRUTH=0 RWM_RELEASE_1TO1=0 RWM_CHARGE_RECOVERY=0 RWM_SIDLE_DERIVED=0 RWM_COLD_PLACE=0 RWM_PLACE_T_DERIVED=0 RWM_PLACE_HOL=0 RWM_PLACE_WDIV_DERIVED=0 RWM_GEN=1 RWM_PIPELINE=2 RWM_GEN_PIPE=1 RWM_GEN_R=unset RWM_GEN_RATE=9000 RWM_GEN_RATE_FLOOR=2000 RWM_GEN_INFLIGHT=unset RWM_OOO_RETAIN=0/16 RWM_WINDOW=unset RWM_REPORT_GENS=unset RWM_REPAIR_WAIT=unset RWM_CODED_SRC=0 RWM_NO_REACTIVE=0 RWM_XPATH_REPAIR=0 RWM_PROACTIVE_PACER=0 RWM_REASM_BDP=0 RWM_MIN_R=0 RWM_CC_PACE=0 RWM_CC_PACE_HR=1.1 RWM_REACT_CAP=unset RWM_INFL_CAP=0 RWM_INFL_BDP=unset RWM_COPA_FEED=0 RWM_RS_ATTR=1 RWM_EMIT_BATCH=0 RWM_EMIT_BURST=64 RWM_RECOV_MP=1 RWM_RECOV_MP_LAW=1 RWM_RECOV_SP=0 RWM_DERIVED_SWEEP=0 RWM_HOLDDOWN_Q=unset RWM_REFRESH_FLOOR_US=unset RWM_DELTA=unset RWM_COPA_DELTA=unset RWM_COMPLETION_EXPOSURE=0 RWM_RECV_REQUEST_LAW=0 RWM_RANK_FEEDBACK=0 RWM_DIAG=1 RWM_ACKDIAG=0 RWM_ACKDIAG_WINDOW_US=2000000 RWM_RTT_DUMP=0 RWM_RTT_DUMP_MAX=400000 RWM_SUCC_DUMP=0 RWM_SUCC_DUMP_MAX=200000 RWM_WALLDIAG=0 RWM_CPUPROF=0 RWM_RDIAG=0 RWM_FDIAG=0 RWM_TRACE=0 RWM_PFRAC=0
  ECHO ship 1200B tm-c.log: RWM_UNIFIED: Realtime rides the RLC span machine (small-δ parameterization, no code-family switch)
  ECHO ship 1200B tm-c.log: RWM_UNIFIED: receive path on the unified global decoder (one machine, both wires) generation=false
  ECHO ship 1200B tm-c.log: sliding-window FEC mode symbol_size=512 backend=Rlc
  ECHO ship 1200B tm-c.log: unified overload shedding ACTIVE at receiver (RWM_UNIFIED_SHED: in-order hold = delta-derived b*SRTT within the eps-class give-up budget)
  ECHO ship 1200B tm-c.log: unified overload shedding ACTIVE (RWM_UNIFIED_SHED: past-deadline holes shed within the derived 1-rho budget; =0 = serializing arm)
  ECHO ship 1200B tm-c.log: unified span law ACTIVE (RWM_UNIFIED: plain-mode proactive repair over the trailing solvable span [end-A*, end-Δ), A* from δ) hint=Realtime
  ship 1200B rep1: p50=8.241ms p99=58.428ms p999=142.671ms max=142.671ms n=1000
  ship 1200B rep2: p50=8.316ms p99=42.024ms p999=66.259ms max=66.259ms n=1000
  ship 1200B rep3: p50=8.19ms p99=36.26ms p999=45.127ms max=45.127ms n=1000
  ship 1200B rep4: p50=8.147ms p99=36.74ms p999=61.002ms max=61.002ms n=1000
  ship 1200B rep5: p50=8.379ms p99=190.764ms p999=291.711ms max=291.711ms n=1000
  ship 1200B rep6: p50=8.299ms p99=38.534ms p999=58.483ms max=58.483ms n=1000
  ship 1200B rep7: p50=8.195ms p99=37.962ms p999=68.575ms max=68.575ms n=1000
  ship 1200B rep8: p50=8.127ms p99=39.576ms p999=59.814ms max=59.814ms n=1000
  SPAN ship 1200B tm-s.log: [SPAN] t=1.6s ack=1 win=[0,1] wsize=2 a_star=Some(1) delta=Some(1) owed=0.00 rr=0.500 debt=0.00 retx_buf=1 shed=0/0 bud=0.0000 D=5ms ar=0 agap=0/0 dg_rx=7 dg_tx=7
  SPAN ship 1200B tm-s.log: [SPAN] t=2.1s ack=38 win=[0,38] wsize=39 a_star=Some(2) delta=Some(1) owed=0.00 rr=0.304 debt=0.19 retx_buf=1 shed=0/1 bud=0.0000 D=5ms ar=182 agap=0/0 dg_rx=156 dg_tx=158
  SPAN ship 1200B tm-s.log: [SPAN] t=2.6s ack=77 win=[0,77] wsize=78 a_star=Some(1) delta=Some(1) owed=0.00 rr=0.182 debt=0.37 retx_buf=1 shed=0/1 bud=0.0000 D=5ms ar=129 agap=0/0 dg_rx=278 dg_tx=281
  SPAN ship 1200B tm-s.log: [SPAN] t=3.1s ack=116 win=[15,116] wsize=102 a_star=Some(1) delta=Some(1) owed=0.00 rr=0.144 debt=0.14 retx_buf=1 shed=0/3 bud=0.0000 D=6ms ar=146 agap=0/0 dg_rx=406 dg_tx=412
  SPAN ship 1200B tm-s.log: [SPAN] t=3.7s ack=152 win=[51,153] wsize=103 a_star=Some(2) delta=Some(1) owed=0.00 rr=0.133 debt=0.13 retx_buf=2 shed=0/5 bud=0.0000 D=5ms ar=228 agap=0/0 dg_rx=532 dg_tx=542
  SPAN ship 1200B tm-s.log: [SPAN] t=4.2s ack=197 win=[180,197] wsize=18 a_star=Some(2) delta=Some(1) owed=0.00 rr=0.330 debt=0.01 retx_buf=1 shed=0/8 bud=0.0000 D=5ms ar=191 agap=0/0 dg_rx=688 dg_tx=700
  SPAN ship 1200B tm-s.log: [SPAN] t=6.2s ack=346 win=[329,346] wsize=18 a_star=Some(1) delta=Some(1) owed=0.00 rr=0.330 debt=0.05 retx_buf=1 shed=0/16 bud=0.0000 D=5ms ar=126 agap=0/0 dg_rx=1249 dg_tx=1270
  SPAN ship 1200B tm-s.log: [SPAN] t=11.2s ack=716 win=[699,716] wsize=18 a_star=Some(1) delta=Some(1) owed=0.00 rr=0.340 debt=0.01 retx_buf=1 shed=0/26 bud=0.0000 D=6ms ar=122 agap=0/0 dg_rx=2644 dg_tx=2679
  SPAN ship 1200B tm-s.log: [SPAN] t=16.3s ack=1095 win=[1078,1095] wsize=18 a_star=Some(2) delta=Some(1) owed=0.00 rr=0.340 debt=0.00 retx_buf=1 shed=0/33 bud=0.0000 D=5ms ar=317 agap=0/0 dg_rx=4054 dg_tx=4100
  SPAN ship 1200B tm-s.log: [SPAN] t=21.4s ack=1484 win=[1467,1484] wsize=18 a_star=Some(1) delta=Some(1) owed=0.00 rr=0.340 debt=0.00 retx_buf=1 shed=0/44 bud=0.0000 D=5ms ar=142 agap=0/0 dg_rx=5482 dg_tx=5545
  SPAN ship 1200B tm-s.log: [SPAN] t=36.2s ack=1854 win=[1837,1855] wsize=19 a_star=Some(2) delta=Some(1) owed=0.00 rr=0.330 debt=0.36 retx_buf=2 shed=0/56 bud=0.0000 D=5ms ar=289 agap=1/104 dg_rx=6826 dg_tx=6904
  SPAN ship 1200B tm-s.log: [SPAN] t=41.3s ack=2247 win=[2230,2248] wsize=19 a_star=Some(1) delta=Some(1) owed=0.00 rr=0.330 debt=0.00 retx_buf=2 shed=0/75 bud=0.0000 D=6ms ar=163 agap=1/104 dg_rx=8259 dg_tx=8364
  SPAN ship 1200B tm-s.log: [SPAN] t=46.3s ack=2625 win=[2608,2626] wsize=19 a_star=Some(1) delta=Some(1) owed=0.00 rr=0.330 debt=0.32 retx_buf=2 shed=0/87 bud=0.0000 D=5ms ar=112 agap=1/104 dg_rx=9677 dg_tx=9800
  SPAN ship 1200B tm-s.log: [SPAN] t=51.4s ack=3018 win=[3001,3019] wsize=19 a_star=Some(2) delta=Some(1) owed=0.00 rr=0.330 debt=0.35 retx_buf=2 shed=0/98 bud=0.0000 D=6ms ar=176 agap=1/104 dg_rx=11097 dg_tx=11238
  SPAN ship 1200B tm-s.log: [SPAN] t=66.3s ack=3380 win=[3363,3380] wsize=18 a_star=Some(1) delta=Some(1) owed=0.00 rr=0.330 debt=0.01 retx_buf=1 shed=0/111 bud=0.0000 D=5ms ar=154 agap=2/211 dg_rx=12462 dg_tx=12618
  SPAN ship 1200B tm-s.log: [SPAN] t=71.4s ack=3763 win=[3746,3764] wsize=19 a_star=Some(2) delta=Some(1) owed=0.00 rr=0.330 debt=0.35 retx_buf=2 shed=0/115 bud=0.0000 D=5ms ar=214 agap=2/211 dg_rx=13880 dg_tx=14047
  SPAN ship 1200B tm-s.log: [SPAN] t=76.5s ack=4164 win=[4147,4165] wsize=19 a_star=Some(1) delta=Some(1) owed=0.00 rr=0.330 debt=0.35 retx_buf=2 shed=0/124 bud=0.0000 D=5ms ar=105 agap=2/211 dg_rx=15333 dg_tx=15514
  SPAN ship 1200B tm-s.log: [SPAN] t=81.6s ack=4556 win=[4539,4556] wsize=18 a_star=Some(1) delta=Some(1) owed=0.00 rr=0.340 debt=0.02 retx_buf=1 shed=0/132 bud=0.0000 D=5ms ar=124 agap=2/211 dg_rx=16765 dg_tx=16955
  SPAN ship 1200B tm-s.log: [SPAN] t=96.3s ack=4905 win=[4888,4905] wsize=18 a_star=Some(1) delta=Some(1) owed=0.00 rr=0.330 debt=0.04 retx_buf=1 shed=0/143 bud=0.0000 D=6ms ar=141 agap=3/319 dg_rx=18072 dg_tx=18277
  SPAN ship 1200B tm-s.log: [SPAN] t=101.4s ack=5299 win=[5282,5299] wsize=18 a_star=Some(2) delta=Some(1) owed=0.00 rr=0.330 debt=0.02 retx_buf=1 shed=0/168 bud=0.0000 D=5ms ar=247 agap=3/319 dg_rx=19515 dg_tx=19748
  SPAN ship 1200B tm-s.log: [SPAN] t=106.5s ack=5673 win=[5656,5673] wsize=18 a_star=Some(2) delta=Some(1) owed=0.00 rr=0.340 debt=0.00 retx_buf=1 shed=0/178 bud=0.0000 D=6ms ar=172 agap=3/319 dg_rx=20924 dg_tx=21177
  SPAN ship 1200B tm-s.log: [SPAN] t=111.5s ack=6066 win=[6049,6067] wsize=19 a_star=Some(1) delta=Some(1) owed=0.00 rr=0.330 debt=0.34 retx_buf=2 shed=0/184 bud=0.0000 D=6ms ar=137 agap=3/319 dg_rx=22340 dg_tx=22600
  SPAN ship 1200B tm-s.log: [SPAN] t=126.3s ack=6436 win=[6419,6437] wsize=19 a_star=Some(1) delta=Some(1) owed=0.00 rr=0.330 debt=0.35 retx_buf=2 shed=0/195 bud=0.0000 D=5ms ar=119 agap=4/425 dg_rx=23686 dg_tx=23965
  SPAN ship 1200B tm-s.log: [SPAN] t=131.4s ack=6832 win=[6815,6833] wsize=19 a_star=Some(1) delta=Some(1) owed=0.00 rr=0.330 debt=0.34 retx_buf=2 shed=0/207 bud=0.0000 D=5ms ar=162 agap=4/425 dg_rx=25140 dg_tx=25435
  SPAN ship 1200B tm-c.log: [SPAN] t=1.6s ack=1 win=[0,1] wsize=2 a_star=Some(1) delta=Some(1) owed=0.00 rr=0.500 debt=0.00 retx_buf=1 shed=0/0 bud=0.0000 D=4ms ar=0 agap=0/0 dg_rx=6 dg_tx=6
  SPAN ship 1200B tm-c.log: [SPAN] t=2.1s ack=80 win=[0,80] wsize=81 a_star=Some(2) delta=Some(1) owed=0.00 rr=0.435 debt=0.00 retx_buf=1 shed=0/6 bud=0.0000 D=6ms ar=249 agap=0/0 dg_rx=156 dg_tx=158
  SPAN ship 1200B tm-c.log: [SPAN] t=2.6s ack=155 win=[54,157] wsize=104 a_star=Some(1) delta=Some(1) owed=0.00 rr=0.274 debt=0.71 retx_buf=3 shed=0/6 bud=0.0000 D=5ms ar=159 agap=0/0 dg_rx=278 dg_tx=282
  SPAN ship 1200B tm-c.log: [SPAN] t=3.1s ack=230 win=[129,232] wsize=104 a_star=Some(1) delta=Some(1) owed=0.00 rr=0.275 debt=0.68 retx_buf=3 shed=0/11 bud=0.0000 D=6ms ar=159 agap=0/0 dg_rx=406 dg_tx=412
  SPAN ship 1200B tm-c.log: [SPAN] t=3.6s ack=307 win=[206,309] wsize=104 a_star=Some(2) delta=Some(1) owed=0.00 rr=0.411 debt=0.82 retx_buf=3 shed=0/23 bud=0.0000 D=5ms ar=259 agap=0/0 dg_rx=533 dg_tx=542
  SPAN ship 1200B tm-c.log: [SPAN] t=4.1s ack=387 win=[370,387] wsize=18 a_star=Some(2) delta=Some(1) owed=0.00 rr=0.480 debt=0.00 retx_buf=1 shed=0/37 bud=0.0000 D=6ms ar=249 agap=0/0 dg_rx=690 dg_tx=702
  SPAN ship 1200B tm-c.log: [SPAN] t=6.1s ack=690 win=[673,692] wsize=20 a_star=Some(2) delta=Some(1) owed=0.00 rr=0.500 debt=0.00 retx_buf=3 shed=6/43 bud=0.0000 D=6ms ar=158 agap=0/0 dg_rx=1251 dg_tx=1275
  SPAN ship 1200B tm-c.log: [SPAN] t=11.2s ack=1456 win=[1439,1458] wsize=20 a_star=Some(2) delta=Some(1) owed=0.00 rr=0.500 debt=0.00 retx_buf=3 shed=14/87 bud=0.0001 D=6ms ar=249 agap=0/0 dg_rx=2665 dg_tx=2720
  SPAN ship 1200B tm-c.log: [SPAN] t=16.2s ack=2217 win=[2200,2219] wsize=20 a_star=Some(3) delta=Some(1) owed=0.00 rr=0.500 debt=0.00 retx_buf=3 shed=15/121 bud=0.0000 D=5ms ar=444 agap=0/0 dg_rx=4073 dg_tx=4148
  SPAN ship 1200B tm-c.log: [SPAN] t=21.3s ack=2990 win=[2973,2990] wsize=18 a_star=Some(1) delta=Some(1) owed=0.00 rr=0.500 debt=0.00 retx_buf=1 shed=26/154 bud=0.0000 D=5ms ar=152 agap=0/0 dg_rx=5506 dg_tx=5610
  SPAN ship 1200B tm-c.log: [SPAN] t=36.2s ack=3724 win=[3707,3726] wsize=20 a_star=Some(2) delta=Some(1) owed=0.00 rr=0.500 debt=0.00 retx_buf=3 shed=28/202 bud=0.0000 D=6ms ar=224 agap=1/102 dg_rx=6905 dg_tx=7037
  SPAN ship 1200B tm-c.log: [SPAN] t=41.2s ack=4489 win=[4472,4491] wsize=20 a_star=Some(1) delta=Some(1) owed=0.00 rr=0.500 debt=0.00 retx_buf=3 shed=35/274 bud=0.0015 D=5ms ar=165 agap=1/102 dg_rx=8355 dg_tx=8532
  SPAN ship 1200B tm-c.log: [SPAN] t=46.3s ack=5254 win=[5237,5254] wsize=18 a_star=Some(1) delta=Some(1) owed=0.00 rr=0.500 debt=0.00 retx_buf=1 shed=39/314 bud=0.0000 D=5ms ar=151 agap=1/102 dg_rx=9783 dg_tx=9977
  SPAN ship 1200B tm-c.log: [SPAN] t=51.3s ack=6012 win=[5995,6014] wsize=20 a_star=Some(1) delta=Some(1) owed=0.00 rr=0.500 debt=0.00 retx_buf=3 shed=46/347 bud=0.0001 D=6ms ar=158 agap=1/102 dg_rx=11205 dg_tx=11426
  SPAN ship 1200B tm-c.log: [SPAN] t=66.2s ack=6756 win=[6739,6756] wsize=18 a_star=Some(1) delta=Some(1) owed=0.00 rr=0.500 debt=0.00 retx_buf=1 shed=49/393 bud=0.0000 D=5ms ar=167 agap=2/204 dg_rx=12602 dg_tx=12839
  SPAN ship 1200B tm-c.log: [SPAN] t=71.3s ack=7517 win=[7500,7519] wsize=20 a_star=Some(1) delta=Some(1) owed=0.00 rr=0.500 debt=0.00 retx_buf=3 shed=54/425 bud=0.0000 D=6ms ar=152 agap=2/204 dg_rx=14021 dg_tx=14275
  SPAN ship 1200B tm-c.log: [SPAN] t=76.3s ack=8286 win=[8269,8286] wsize=18 a_star=Some(2) delta=Some(1) owed=0.00 rr=0.500 debt=0.00 retx_buf=1 shed=56/483 bud=0.0000 D=6ms ar=299 agap=2/204 dg_rx=15471 dg_tx=15747
  SPAN ship 1200B tm-c.log: [SPAN] t=81.4s ack=9046 win=[9029,9048] wsize=20 a_star=Some(1) delta=Some(1) owed=0.00 rr=0.500 debt=0.00 retx_buf=3 shed=57/505 bud=0.0000 D=5ms ar=151 agap=2/204 dg_rx=16893 dg_tx=17180
  SPAN ship 1200B tm-c.log: [SPAN] t=96.3s ack=9776 win=[9759,9778] wsize=20 a_star=Some(1) delta=Some(1) owed=0.00 rr=0.500 debt=0.00 retx_buf=3 shed=58/524 bud=0.0000 D=5ms ar=151 agap=3/305 dg_rx=18262 dg_tx=18559
  SPAN ship 1200B tm-c.log: [SPAN] t=101.3s ack=10549 win=[10532,10551] wsize=20 a_star=Some(1) delta=Some(1) owed=0.00 rr=0.500 debt=0.00 retx_buf=3 shed=69/590 bud=0.0000 D=5ms ar=162 agap=3/305 dg_rx=19732 dg_tx=20071
  SPAN ship 1200B tm-c.log: [SPAN] t=106.4s ack=11311 win=[11294,11313] wsize=20 a_star=Some(2) delta=Some(1) owed=0.00 rr=0.500 debt=0.00 retx_buf=3 shed=72/617 bud=0.0000 D=6ms ar=169 agap=3/305 dg_rx=21149 dg_tx=21505
  SPAN ship 1200B tm-c.log: [SPAN] t=111.4s ack=12073 win=[12056,12073] wsize=18 a_star=Some(1) delta=Some(1) owed=0.00 rr=0.500 debt=0.00 retx_buf=1 shed=72/627 bud=0.0000 D=6ms ar=152 agap=3/305 dg_rx=22573 dg_tx=22932
  SPAN ship 1200B tm-c.log: [SPAN] t=126.3s ack=12807 win=[12790,12809] wsize=20 a_star=Some(1) delta=Some(1) owed=0.00 rr=0.500 debt=0.00 retx_buf=3 shed=78/657 bud=0.0000 D=5ms ar=172 agap=4/408 dg_rx=23960 dg_tx=24341
  SPAN ship 1200B tm-c.log: [SPAN] t=131.3s ack=13577 win=[13560,13577] wsize=18 a_star=Some(2) delta=Some(1) owed=0.00 rr=0.500 debt=0.00 retx_buf=1 shed=78/720 bud=0.0000 D=6ms ar=293 agap=4/408 dg_rx=25419 dg_tx=25824
  EVICT ship 1200B tm-s.log: [RFA] gen=0 fires=981 false=362 false_frac=0.3690 fill_coded=110 fill_src=509 dup_src=261 preempt_src=101 src_n=24302 rep_n=7999 nu_recv=0.04037 fa_class=0.0625 rep_redundant=7825 late_after_aban=441
  EVICT ship 1200B tm-s.log: [SUCC] gen=0 det=665 res=176 orig_n=151 orig_p50_us=36 orig_p90_us=1664 orig_p99_us=14336 orig_mx_us=15408 orig_mean_us=923 rep_n=25 rep_p50_us=40 rep_p90_us=13312 rep_p99_us=15360 rep_mx_us=15408 rep_mean_us=2606 aban_n=489 aban_p50_us=6656 aban_p90_us=7168 aban_p99_us=12288 aban_mx_us=14687 aban_mean_us=7035 open=0 over=0 orig_frac=0.8580 cross_us=- dump=0/0 sp_n=176 xp_n=0 xp_frac=0.0000 sp_p50_us=40 sp_p90_us=3584 xp_p50_us=- xp_p90_us=- rtx_n=151
  EVICT ship 1200B tm-s.log: [ETA] site=sender fhat_us=1790777426146624 n=12240 zero=0.0000 place_n=0 cold_r=- cold_ge=- t_eff=- t_cold=- t_n=0 hol_sh=- hol_n=0 hol_mv=- hol_calls=0 hol_w=- p0:n=11931/12240 drop=98 tau_us=5442 e_p50=2816 e_p90=5120 e_p99=7168 e_mx=19165 late=0.9159 sig_us=2227/n26
  EVICT ship 1200B tm-s.log: [LAT] site=receiver n=23641 over=324 p0:n=23540 nowait=14212 minrst=9 ax_n=23540 ax_p50=3328 ax_p90=5120 ax_p95=5632 ax_p99=5632 ax_sum=79706918 rwxp_n=0 rwxp_p50=- rwxp_p95=- rwxp_sum=0 rwsp_n=9305 rwsp_p50=1 rwsp_p95=3 rwsp_sum=63937 rwrep_n=23 rwrep_p50=32 rwrep_p95=4096 rwrep_sum=13466 rep_n=26 rep_p50=40 rep_p95=14336 rep_sum=69119 tot_p50=3328 tot_p95=5632 tot_p99=5632 sh_ax=0.9982 sh_rwxp=0.0000 sh_rwsp=0.0008 sh_rwrep=0.0002 sh_rep=0.0009
  EVICT ship 1200B tm-c.log: [RFA] gen=0 fires=384 false=384 false_frac=1.0000 fill_coded=0 fill_src=0 dup_src=384 preempt_src=0 src_n=12567 rep_n=71 nu_recv=0.03056 fa_class=0.0625 rep_redundant=69 late_after_aban=0
  EVICT ship 1200B tm-c.log: [SUCC] gen=0 det=0 res=0 orig_n=0 orig_p50_us=- orig_p90_us=- orig_p99_us=- orig_mx_us=- orig_mean_us=- rep_n=0 rep_p50_us=- rep_p90_us=- rep_p99_us=- rep_mx_us=- rep_mean_us=- aban_n=0 aban_p50_us=- aban_p90_us=- aban_p99_us=- aban_mx_us=- aban_mean_us=- open=0 over=0 orig_frac=- cross_us=- dump=0/0 sp_n=0 xp_n=0 xp_frac=- sp_p50_us=- sp_p90_us=- xp_p50_us=- xp_p90_us=- rtx_n=0
  EVICT ship 1200B tm-c.log: [ETA] site=sender fhat_us=1790777426239722 n=24227 zero=0.0000 place_n=0 cold_r=- cold_ge=- t_eff=- t_cold=- t_n=0 hol_sh=- hol_n=0 hol_mv=- hol_calls=0 hol_w=- p0:n=23549/24227 drop=451 tau_us=5408 e_p50=2560 e_p90=5120 e_p99=7168 e_mx=20617 late=0.8929 sig_us=3953/n17
  EVICT ship 1200B tm-c.log: [LAT] site=receiver n=12183 over=0 p0:n=12183 nowait=4380 minrst=9 ax_n=12183 ax_p50=3328 ax_p90=5120 ax_p95=5632 ax_p99=5632 ax_sum=41582685 rwxp_n=0 rwxp_p50=- rwxp_p95=- rwxp_sum=0 rwsp_n=7803 rwsp_p50=1 rwsp_p95=2 rwsp_sum=9633 rwrep_n=0 rwrep_p50=- rwrep_p95=- rwrep_sum=0 rep_n=0 rep_p50=- rep_p95=- rep_sum=0 tot_p50=3328 tot_p95=5632 tot_p99=5632 sh_ax=0.9998 sh_rwxp=0.0000 sh_rwsp=0.0002 sh_rwrep=0.0000 sh_rep=0.0000
ARM ship 1200B: n=8 min=36 median=39 max=191
=== done 16:10:35
EXIT rc=0 (16:10:35)
=== CROWNSPOT stage seed=7 cell=c2 rc=0 end=2026-09-30T14:10:35Z
=== CROWNSPOT stage seed=7 cell=c3 start=2026-09-30T14:10:35Z
=== tail matrix (task #61 flip-gate) @ c3 seed=7 arms='ship', 8 reps/arm (warm tunnel), 50msg/s x20s sizes='400 1200' 16:10:36
--- ship 400B start=16:10:36
ARMENV ship 400B: hint=realtime env='<unset>' flags='' rate=50 dur=20
  ECHO ship 400B tm-s.log: ack-merge ACTIVE (RWM_ACK_MERGE: WINDOW mode sends ONE control datagram per data message instead of two — the legacy per-batch Ack is suppressed, the SACK WindowAck goes unconditional at that cadence and carries the Ack's payload in the v6 cumulative cum_expected/cum_received counters, every Ack-arm consumer re-homed onto the counter diff; BLOCK mode bit-exact; the delivery statistic/cadence/counts unchanged) copa_feed=false
  ECHO ship 400B tm-s.log: A* send-rate anchor ACTIVE (RWM_ASTAR_ANCHOR: windowed-max send rate over ~8 SRTT, clock-gap sample discard)
  ECHO ship 400B tm-s.log: clock-gap estimator hygiene ACTIVE (RWM_CLOCK_GAP: process-clock stall witness, post-stall sample discard at the ack feed sites)
  ECHO ship 400B tm-s.log: M* peer-report RTT-feed suppression ACTIVE (RWM_MSTAR_ANCHOR plain-live subset: local-echo-only RTT feed + estimator seed-from-sample)
  ECHO ship 400B tm-s.log: quinn congestion controller: BBR (shipped default; RWM_QUIC_CC overrides)
  ECHO ship 400B tm-s.log: RWM_UNIFIED=1 RWM_UNIFIED_SHED=1 RWM_TAPER_R=1 RWM_ASTAR_ANCHOR=1 RWM_MSTAR_ANCHOR=1 RWM_PLAIN_RS=0 RWM_HONEST_ANCHOR=1 RWM_HONEST_K=0 RWM_STORE_SACK_RELEASE=1 RWM_STORE_PATHS=1 RWM_STORE_PATH_POOL=2048 RWM_STORE=unset RWM_STORE_GAIN=2 RWM_STORE_BOOT=128 RWM_THREE_TERM=0 RWM_COMPOSED_CAP=0 RWM_SUM_CAP=1 RWM_LATE_BRAKE=0 RWM_DELTA_CAP=1 RWM_HONEST_CAP=0 RWM_POOL_ANCHOR=0 RWM_ACK_MERGE=1 RWM_LOSS_SENT_TRUTH=0 RWM_RELEASE_1TO1=0 RWM_CHARGE_RECOVERY=0 RWM_SIDLE_DERIVED=0 RWM_COLD_PLACE=0 RWM_PLACE_T_DERIVED=0 RWM_PLACE_HOL=0 RWM_PLACE_WDIV_DERIVED=0 RWM_GEN=1 RWM_PIPELINE=2 RWM_GEN_PIPE=1 RWM_GEN_R=unset RWM_GEN_RATE=9000 RWM_GEN_RATE_FLOOR=2000 RWM_GEN_INFLIGHT=unset RWM_OOO_RETAIN=0/16 RWM_WINDOW=unset RWM_REPORT_GENS=unset RWM_REPAIR_WAIT=unset RWM_CODED_SRC=0 RWM_NO_REACTIVE=0 RWM_XPATH_REPAIR=0 RWM_PROACTIVE_PACER=0 RWM_REASM_BDP=0 RWM_MIN_R=0 RWM_CC_PACE=0 RWM_CC_PACE_HR=1.1 RWM_REACT_CAP=unset RWM_INFL_CAP=0 RWM_INFL_BDP=unset RWM_COPA_FEED=0 RWM_RS_ATTR=1 RWM_EMIT_BATCH=0 RWM_EMIT_BURST=64 RWM_RECOV_MP=1 RWM_RECOV_MP_LAW=1 RWM_RECOV_SP=0 RWM_DERIVED_SWEEP=0 RWM_HOLDDOWN_Q=unset RWM_REFRESH_FLOOR_US=unset RWM_DELTA=unset RWM_COPA_DELTA=unset RWM_COMPLETION_EXPOSURE=0 RWM_RECV_REQUEST_LAW=0 RWM_RANK_FEEDBACK=0 RWM_DIAG=1 RWM_ACKDIAG=0 RWM_ACKDIAG_WINDOW_US=2000000 RWM_RTT_DUMP=0 RWM_RTT_DUMP_MAX=400000 RWM_SUCC_DUMP=0 RWM_SUCC_DUMP_MAX=200000 RWM_WALLDIAG=0 RWM_CPUPROF=0 RWM_RDIAG=0 RWM_FDIAG=0 RWM_TRACE=0 RWM_PFRAC=0
  ECHO ship 400B tm-s.log: RWM_UNIFIED: Realtime rides the RLC span machine (small-δ parameterization, no code-family switch)
  ECHO ship 400B tm-s.log: RWM_UNIFIED: receive path on the unified global decoder (one machine, both wires) generation=false
  ECHO ship 400B tm-s.log: sliding-window FEC mode symbol_size=512 backend=Rlc
  ECHO ship 400B tm-s.log: unified overload shedding ACTIVE at receiver (RWM_UNIFIED_SHED: in-order hold = delta-derived b*SRTT within the eps-class give-up budget)
  ECHO ship 400B tm-s.log: unified overload shedding ACTIVE (RWM_UNIFIED_SHED: past-deadline holes shed within the derived 1-rho budget; =0 = serializing arm)
  ECHO ship 400B tm-s.log: unified span law ACTIVE (RWM_UNIFIED: plain-mode proactive repair over the trailing solvable span [end-A*, end-Δ), A* from δ) hint=Realtime
  ECHO ship 400B tm-c.log: ack-merge ACTIVE (RWM_ACK_MERGE: WINDOW mode sends ONE control datagram per data message instead of two — the legacy per-batch Ack is suppressed, the SACK WindowAck goes unconditional at that cadence and carries the Ack's payload in the v6 cumulative cum_expected/cum_received counters, every Ack-arm consumer re-homed onto the counter diff; BLOCK mode bit-exact; the delivery statistic/cadence/counts unchanged) copa_feed=false
  ECHO ship 400B tm-c.log: A* send-rate anchor ACTIVE (RWM_ASTAR_ANCHOR: windowed-max send rate over ~8 SRTT, clock-gap sample discard)
  ECHO ship 400B tm-c.log: clock-gap estimator hygiene ACTIVE (RWM_CLOCK_GAP: process-clock stall witness, post-stall sample discard at the ack feed sites)
  ECHO ship 400B tm-c.log: M* peer-report RTT-feed suppression ACTIVE (RWM_MSTAR_ANCHOR plain-live subset: local-echo-only RTT feed + estimator seed-from-sample)
  ECHO ship 400B tm-c.log: quinn congestion controller: BBR (shipped default; RWM_QUIC_CC overrides)
  ECHO ship 400B tm-c.log: RWM_UNIFIED=1 RWM_UNIFIED_SHED=1 RWM_TAPER_R=1 RWM_ASTAR_ANCHOR=1 RWM_MSTAR_ANCHOR=1 RWM_PLAIN_RS=0 RWM_HONEST_ANCHOR=1 RWM_HONEST_K=0 RWM_STORE_SACK_RELEASE=1 RWM_STORE_PATHS=1 RWM_STORE_PATH_POOL=2048 RWM_STORE=unset RWM_STORE_GAIN=2 RWM_STORE_BOOT=128 RWM_THREE_TERM=0 RWM_COMPOSED_CAP=0 RWM_SUM_CAP=1 RWM_LATE_BRAKE=0 RWM_DELTA_CAP=1 RWM_HONEST_CAP=0 RWM_POOL_ANCHOR=0 RWM_ACK_MERGE=1 RWM_LOSS_SENT_TRUTH=0 RWM_RELEASE_1TO1=0 RWM_CHARGE_RECOVERY=0 RWM_SIDLE_DERIVED=0 RWM_COLD_PLACE=0 RWM_PLACE_T_DERIVED=0 RWM_PLACE_HOL=0 RWM_PLACE_WDIV_DERIVED=0 RWM_GEN=1 RWM_PIPELINE=2 RWM_GEN_PIPE=1 RWM_GEN_R=unset RWM_GEN_RATE=9000 RWM_GEN_RATE_FLOOR=2000 RWM_GEN_INFLIGHT=unset RWM_OOO_RETAIN=0/16 RWM_WINDOW=unset RWM_REPORT_GENS=unset RWM_REPAIR_WAIT=unset RWM_CODED_SRC=0 RWM_NO_REACTIVE=0 RWM_XPATH_REPAIR=0 RWM_PROACTIVE_PACER=0 RWM_REASM_BDP=0 RWM_MIN_R=0 RWM_CC_PACE=0 RWM_CC_PACE_HR=1.1 RWM_REACT_CAP=unset RWM_INFL_CAP=0 RWM_INFL_BDP=unset RWM_COPA_FEED=0 RWM_RS_ATTR=1 RWM_EMIT_BATCH=0 RWM_EMIT_BURST=64 RWM_RECOV_MP=1 RWM_RECOV_MP_LAW=1 RWM_RECOV_SP=0 RWM_DERIVED_SWEEP=0 RWM_HOLDDOWN_Q=unset RWM_REFRESH_FLOOR_US=unset RWM_DELTA=unset RWM_COPA_DELTA=unset RWM_COMPLETION_EXPOSURE=0 RWM_RECV_REQUEST_LAW=0 RWM_RANK_FEEDBACK=0 RWM_DIAG=1 RWM_ACKDIAG=0 RWM_ACKDIAG_WINDOW_US=2000000 RWM_RTT_DUMP=0 RWM_RTT_DUMP_MAX=400000 RWM_SUCC_DUMP=0 RWM_SUCC_DUMP_MAX=200000 RWM_WALLDIAG=0 RWM_CPUPROF=0 RWM_RDIAG=0 RWM_FDIAG=0 RWM_TRACE=0 RWM_PFRAC=0
  ECHO ship 400B tm-c.log: RWM_UNIFIED: Realtime rides the RLC span machine (small-δ parameterization, no code-family switch)
  ECHO ship 400B tm-c.log: RWM_UNIFIED: receive path on the unified global decoder (one machine, both wires) generation=false
  ECHO ship 400B tm-c.log: sliding-window FEC mode symbol_size=512 backend=Rlc
  ECHO ship 400B tm-c.log: unified overload shedding ACTIVE at receiver (RWM_UNIFIED_SHED: in-order hold = delta-derived b*SRTT within the eps-class give-up budget)
  ECHO ship 400B tm-c.log: unified overload shedding ACTIVE (RWM_UNIFIED_SHED: past-deadline holes shed within the derived 1-rho budget; =0 = serializing arm)
  ECHO ship 400B tm-c.log: unified span law ACTIVE (RWM_UNIFIED: plain-mode proactive repair over the trailing solvable span [end-A*, end-Δ), A* from δ) hint=Realtime
  ship 400B rep1: p50=23.651ms p99=88.278ms p999=144.494ms max=144.494ms n=1000
  ship 400B rep2: p50=23.325ms p99=106.436ms p999=157.38ms max=157.38ms n=1000
  ship 400B rep3: p50=24.175ms p99=124.187ms p999=244.216ms max=244.216ms n=1000
  ship 400B rep4: p50=23.861ms p99=117.021ms p999=167.811ms max=167.811ms n=1000
  ship 400B rep5: p50=23.481ms p99=109.628ms p999=242.102ms max=242.102ms n=1000
  ship 400B rep6: p50=23.652ms p99=107.569ms p999=151.126ms max=151.126ms n=1000
  ship 400B rep7: p50=23.955ms p99=99.496ms p999=141.806ms max=141.806ms n=1000
  ship 400B rep8: p50=23.762ms p99=102.274ms p999=147.466ms max=147.466ms n=1000
  SPAN ship 400B tm-s.log: [SPAN] t=1.6s ack=1 win=[0,1] wsize=2 a_star=Some(1) delta=Some(1) owed=0.00 rr=0.500 debt=0.00 retx_buf=1 shed=0/0 bud=0.0000 D=23ms ar=0 agap=0/0 dg_rx=7 dg_tx=7
  SPAN ship 400B tm-s.log: [SPAN] t=2.1s ack=23 win=[0,25] wsize=26 a_star=Some(2) delta=Some(1) owed=0.00 rr=0.455 debt=0.04 retx_buf=3 shed=0/0 bud=0.0000 D=20ms ar=60 agap=0/0 dg_rx=60 dg_tx=63
  SPAN ship 400B tm-s.log: [SPAN] t=2.7s ack=49 win=[0,51] wsize=52 a_star=Some(3) delta=Some(1) owed=0.00 rr=0.250 debt=0.28 retx_buf=3 shed=0/1 bud=0.0000 D=20ms ar=103 agap=0/0 dg_rx=116 dg_tx=122
  SPAN ship 400B tm-s.log: [SPAN] t=3.2s ack=74 win=[0,76] wsize=77 a_star=Some(2) delta=Some(1) owed=0.00 rr=0.187 debt=0.33 retx_buf=3 shed=0/1 bud=0.0000 D=21ms ar=61 agap=0/0 dg_rx=166 dg_tx=172
  SPAN ship 400B tm-s.log: [SPAN] t=3.7s ack=97 win=[0,97] wsize=98 a_star=Some(2) delta=Some(1) owed=0.00 rr=0.134 debt=0.00 retx_buf=1 shed=0/3 bud=0.0000 D=21ms ar=80 agap=0/0 dg_rx=213 dg_tx=222
  SPAN ship 400B tm-s.log: [SPAN] t=4.2s ack=122 win=[104,123] wsize=20 a_star=Some(2) delta=Some(1) owed=0.00 rr=0.325 debt=0.32 retx_buf=3 shed=0/3 bud=0.0000 D=21ms ar=65 agap=0/0 dg_rx=273 dg_tx=282
  SPAN ship 400B tm-s.log: [SPAN] t=6.3s ack=222 win=[205,224] wsize=20 a_star=Some(3) delta=Some(1) owed=0.00 rr=0.315 debt=0.00 retx_buf=3 shed=0/6 bud=0.0000 D=21ms ar=102 agap=0/0 dg_rx=492 dg_tx=517
  SPAN ship 400B tm-s.log: [SPAN] t=11.4s ack=473 win=[456,475] wsize=20 a_star=Some(2) delta=Some(1) owed=0.00 rr=0.320 debt=0.67 retx_buf=3 shed=0/12 bud=0.0000 D=22ms ar=58 agap=0/0 dg_rx=1026 dg_tx=1067
  SPAN ship 400B tm-s.log: [SPAN] t=16.5s ack=722 win=[705,724] wsize=20 a_star=Some(2) delta=Some(1) owed=0.00 rr=0.320 debt=0.32 retx_buf=3 shed=0/17 bud=0.0000 D=21ms ar=90 agap=0/0 dg_rx=1556 dg_tx=1612
  SPAN ship 400B tm-s.log: [SPAN] t=21.6s ack=968 win=[951,970] wsize=20 a_star=Some(2) delta=Some(1) owed=0.00 rr=0.320 debt=0.33 retx_buf=3 shed=0/27 bud=0.0000 D=21ms ar=63 agap=0/0 dg_rx=2097 dg_tx=2174
  SPAN ship 400B tm-s.log: [SPAN] t=36.3s ack=1195 win=[1178,1198] wsize=21 a_star=Some(2) delta=Some(1) owed=0.00 rr=0.315 debt=0.65 retx_buf=4 shed=0/33 bud=0.0000 D=21ms ar=60 agap=1/58 dg_rx=2593 dg_tx=2684
  SPAN ship 400B tm-s.log: [SPAN] t=41.4s ack=1447 win=[1430,1449] wsize=20 a_star=Some(2) delta=Some(1) owed=0.00 rr=0.320 debt=0.33 retx_buf=3 shed=0/35 bud=0.0000 D=21ms ar=63 agap=1/58 dg_rx=3105 dg_tx=3210
  SPAN ship 400B tm-s.log: [SPAN] t=46.5s ack=1698 win=[1681,1700] wsize=20 a_star=Some(2) delta=Some(1) owed=0.00 rr=0.320 debt=0.33 retx_buf=3 shed=0/39 bud=0.0000 D=21ms ar=61 agap=1/58 dg_rx=3629 dg_tx=3747
  SPAN ship 400B tm-s.log: [SPAN] t=51.7s ack=1944 win=[1927,1944] wsize=18 a_star=Some(2) delta=Some(1) owed=0.00 rr=0.340 debt=0.00 retx_buf=1 shed=0/47 bud=0.0000 D=22ms ar=76 agap=1/58 dg_rx=4161 dg_tx=4296
  SPAN ship 400B tm-s.log: [SPAN] t=66.4s ack=2166 win=[2148,2167] wsize=20 a_star=Some(2) delta=Some(1) owed=0.00 rr=0.320 debt=0.67 retx_buf=3 shed=0/55 bud=0.0000 D=21ms ar=59 agap=2/115 dg_rx=4659 dg_tx=4822
  SPAN ship 400B tm-s.log: [SPAN] t=71.5s ack=2412 win=[2395,2414] wsize=20 a_star=Some(2) delta=Some(1) owed=0.00 rr=0.320 debt=0.67 retx_buf=3 shed=0/63 bud=0.0000 D=20ms ar=68 agap=2/115 dg_rx=5191 dg_tx=5378
  SPAN ship 400B tm-s.log: [SPAN] t=76.7s ack=2658 win=[2641,2659] wsize=19 a_star=Some(2) delta=Some(1) owed=0.00 rr=0.320 debt=0.00 retx_buf=2 shed=0/73 bud=0.0000 D=22ms ar=75 agap=2/115 dg_rx=5739 dg_tx=5949
  SPAN ship 400B tm-s.log: [SPAN] t=81.8s ack=2908 win=[2891,2910] wsize=20 a_star=Some(2) delta=Some(1) owed=0.00 rr=0.320 debt=0.33 retx_buf=3 shed=0/81 bud=0.0000 D=21ms ar=62 agap=2/115 dg_rx=6284 dg_tx=6513
  SPAN ship 400B tm-s.log: [SPAN] t=96.3s ack=3133 win=[3116,3134] wsize=19 a_star=Some(2) delta=Some(1) owed=0.00 rr=0.330 debt=0.00 retx_buf=2 shed=0/87 bud=0.0000 D=20ms ar=62 agap=3/167 dg_rx=6778 dg_tx=7025
  SPAN ship 400B tm-s.log: [SPAN] t=101.5s ack=3389 win=[3372,3390] wsize=19 a_star=Some(2) delta=Some(1) owed=0.00 rr=0.320 debt=0.01 retx_buf=2 shed=0/92 bud=0.0000 D=21ms ar=59 agap=3/167 dg_rx=7317 dg_tx=7581
  SPAN ship 400B tm-s.log: [SPAN] t=106.6s ack=3641 win=[3624,3643] wsize=20 a_star=Some(2) delta=Some(1) owed=0.00 rr=0.320 debt=0.33 retx_buf=3 shed=0/97 bud=0.0000 D=21ms ar=59 agap=3/167 dg_rx=7844 dg_tx=8121
  SPAN ship 400B tm-s.log: [SPAN] t=111.8s ack=3891 win=[3874,3893] wsize=20 a_star=Some(2) delta=Some(1) owed=0.00 rr=0.320 debt=0.33 retx_buf=3 shed=0/105 bud=0.0000 D=21ms ar=86 agap=3/167 dg_rx=8383 dg_tx=8682
  SPAN ship 400B tm-s.log: [SPAN] t=126.4s ack=4118 win=[4101,4120] wsize=20 a_star=Some(2) delta=Some(1) owed=0.00 rr=0.320 debt=0.32 retx_buf=3 shed=0/113 bud=0.0000 D=22ms ar=75 agap=4/224 dg_rx=8885 dg_tx=9203
  SPAN ship 400B tm-s.log: [SPAN] t=131.5s ack=4364 win=[4347,4366] wsize=20 a_star=Some(3) delta=Some(1) owed=0.00 rr=0.320 debt=0.33 retx_buf=3 shed=0/122 bud=0.0000 D=21ms ar=119 agap=4/224 dg_rx=9412 dg_tx=9753
  SPAN ship 400B tm-c.log: [SPAN] t=1.6s ack=1 win=[0,1] wsize=2 a_star=Some(1) delta=Some(1) owed=0.00 rr=0.500 debt=0.00 retx_buf=1 shed=0/0 bud=0.0000 D=22ms ar=0 agap=0/0 dg_rx=6 dg_tx=6
  SPAN ship 400B tm-c.log: [SPAN] t=2.1s ack=24 win=[0,26] wsize=27 a_star=Some(2) delta=Some(1) owed=0.00 rr=0.441 debt=0.06 retx_buf=3 shed=0/0 bud=0.0000 D=21ms ar=71 agap=0/0 dg_rx=58 dg_tx=60
  SPAN ship 400B tm-c.log: [SPAN] t=2.6s ack=51 win=[0,53] wsize=54 a_star=Some(2) delta=Some(1) owed=0.00 rr=0.321 debt=0.38 retx_buf=3 shed=0/1 bud=0.0000 D=20ms ar=69 agap=0/0 dg_rx=117 dg_tx=119
  SPAN ship 400B tm-c.log: [SPAN] t=3.1s ack=77 win=[0,78] wsize=79 a_star=Some(2) delta=Some(1) owed=0.00 rr=0.228 debt=0.22 retx_buf=2 shed=0/1 bud=0.0000 D=20ms ar=50 agap=0/0 dg_rx=168 dg_tx=169
  SPAN ship 400B tm-c.log: [SPAN] t=3.6s ack=101 win=[0,105] wsize=106 a_star=Some(2) delta=Some(1) owed=0.00 rr=0.221 debt=0.78 retx_buf=5 shed=0/3 bud=0.0000 D=20ms ar=86 agap=0/0 dg_rx=219 dg_tx=223
  SPAN ship 400B tm-c.log: [SPAN] t=4.1s ack=130 win=[113,132] wsize=20 a_star=Some(3) delta=Some(1) owed=0.00 rr=0.370 debt=0.37 retx_buf=3 shed=0/9 bud=0.0000 D=20ms ar=101 agap=0/0 dg_rx=279 dg_tx=283
  SPAN ship 400B tm-c.log: [SPAN] t=6.2s ack=236 win=[219,240] wsize=22 a_star=Some(2) delta=Some(1) owed=0.00 rr=0.385 debt=0.22 retx_buf=5 shed=2/24 bud=0.0000 D=21ms ar=93 agap=0/0 dg_rx=501 dg_tx=511
  SPAN ship 400B tm-c.log: [SPAN] t=11.3s ack=504 win=[487,505] wsize=19 a_star=Some(2) delta=Some(1) owed=0.00 rr=0.420 debt=0.00 retx_buf=2 shed=6/54 bud=0.0000 D=20ms ar=75 agap=0/0 dg_rx=1058 dg_tx=1072
  SPAN ship 400B tm-c.log: [SPAN] t=16.4s ack=762 win=[744,763] wsize=20 a_star=Some(2) delta=Some(1) owed=0.00 rr=0.405 debt=0.00 retx_buf=3 shed=6/76 bud=0.0013 D=20ms ar=51 agap=0/0 dg_rx=1595 dg_tx=1612
  SPAN ship 400B tm-c.log: [SPAN] t=21.5s ack=1028 win=[1010,1029] wsize=20 a_star=Some(2) delta=Some(1) owed=0.00 rr=0.390 debt=0.42 retx_buf=3 shed=7/108 bud=0.0000 D=21ms ar=50 agap=0/0 dg_rx=2162 dg_tx=2180
  SPAN ship 400B tm-c.log: [SPAN] t=36.2s ack=1272 win=[1255,1273] wsize=19 a_star=Some(2) delta=Some(1) owed=0.00 rr=0.380 debt=0.05 retx_buf=2 shed=7/128 bud=0.0000 D=20ms ar=52 agap=1/55 dg_rx=2676 dg_tx=2699
  SPAN ship 400B tm-c.log: [SPAN] t=41.4s ack=1533 win=[1516,1535] wsize=20 a_star=Some(2) delta=Some(1) owed=0.00 rr=0.400 debt=0.54 retx_buf=3 shed=7/137 bud=0.0000 D=20ms ar=51 agap=1/55 dg_rx=3203 dg_tx=3234
  SPAN ship 400B tm-c.log: [SPAN] t=46.5s ack=1796 win=[1779,1797] wsize=19 a_star=Some(2) delta=Some(1) owed=0.00 rr=0.385 debt=0.02 retx_buf=2 shed=7/149 bud=0.0000 D=21ms ar=51 agap=1/55 dg_rx=3745 dg_tx=3775
  SPAN ship 400B tm-c.log: [SPAN] t=51.6s ack=2057 win=[2040,2059] wsize=20 a_star=Some(2) delta=Some(1) owed=0.00 rr=0.415 debt=0.42 retx_buf=3 shed=8/176 bud=0.0000 D=21ms ar=91 agap=1/55 dg_rx=4290 dg_tx=4330
  SPAN ship 400B tm-c.log: [SPAN] t=66.2s ack=2299 win=[2282,2300] wsize=19 a_star=Some(3) delta=Some(1) owed=0.00 rr=0.485 debt=0.00 retx_buf=2 shed=13/209 bud=0.0000 D=20ms ar=134 agap=2/110 dg_rx=4807 dg_tx=4861
  SPAN ship 400B tm-c.log: [SPAN] t=71.3s ack=2561 win=[2544,2563] wsize=20 a_star=Some(2) delta=Some(1) owed=0.00 rr=0.430 debt=0.45 retx_buf=3 shed=13/234 bud=0.0000 D=21ms ar=52 agap=2/110 dg_rx=5355 dg_tx=5414
  SPAN ship 400B tm-c.log: [SPAN] t=76.5s ack=2831 win=[2814,2832] wsize=19 a_star=Some(2) delta=Some(1) owed=0.00 rr=0.500 debt=0.00 retx_buf=2 shed=14/265 bud=0.0121 D=21ms ar=80 agap=2/110 dg_rx=5924 dg_tx=5986
  SPAN ship 400B tm-c.log: [SPAN] t=81.6s ack=3099 win=[3082,3101] wsize=20 a_star=Some(2) delta=Some(1) owed=0.00 rr=0.400 debt=0.43 retx_buf=3 shed=14/299 bud=0.0000 D=20ms ar=51 agap=2/110 dg_rx=6492 dg_tx=6560
  SPAN ship 400B tm-c.log: [SPAN] t=96.3s ack=3351 win=[3334,3352] wsize=19 a_star=Some(2) delta=Some(1) owed=0.00 rr=0.415 debt=0.01 retx_buf=2 shed=16/326 bud=0.0000 D=20ms ar=51 agap=3/163 dg_rx=7022 dg_tx=7099
  SPAN ship 400B tm-c.log: [SPAN] t=101.4s ack=3614 win=[3597,3615] wsize=19 a_star=Some(2) delta=Some(1) owed=0.00 rr=0.450 debt=0.08 retx_buf=2 shed=17/350 bud=0.0000 D=19ms ar=51 agap=3/163 dg_rx=7566 dg_tx=7653
  SPAN ship 400B tm-c.log: [SPAN] t=106.6s ack=3876 win=[3859,3877] wsize=19 a_star=Some(1) delta=Some(1) owed=0.00 rr=0.420 debt=0.03 retx_buf=2 shed=17/360 bud=0.0000 D=19ms ar=51 agap=3/163 dg_rx=8113 dg_tx=8200
  SPAN ship 400B tm-c.log: [SPAN] t=111.6s ack=4139 win=[4122,4141] wsize=20 a_star=Some(2) delta=Some(1) owed=0.00 rr=0.440 debt=0.45 retx_buf=3 shed=24/383 bud=0.0000 D=20ms ar=73 agap=3/163 dg_rx=8669 dg_tx=8765
  SPAN ship 400B tm-c.log: [SPAN] t=126.3s ack=4384 win=[4367,4386] wsize=20 a_star=Some(2) delta=Some(1) owed=0.00 rr=0.440 debt=0.45 retx_buf=3 shed=26/413 bud=0.0000 D=20ms ar=74 agap=4/224 dg_rx=9196 dg_tx=9301
  SPAN ship 400B tm-c.log: [SPAN] t=131.5s ack=4649 win=[4632,4651] wsize=20 a_star=Some(2) delta=Some(1) owed=0.00 rr=0.485 debt=0.51 retx_buf=3 shed=37/454 bud=0.0000 D=21ms ar=53 agap=4/224 dg_rx=9752 dg_tx=9876
  EVICT ship 400B tm-s.log: [RFA] gen=0 fires=588 false=227 false_frac=0.3861 fill_coded=46 fill_src=315 dup_src=190 preempt_src=37 src_n=8476 rep_n=408 nu_recv=0.06937 fa_class=0.0625 rep_redundant=356 late_after_aban=306
  EVICT ship 400B tm-s.log: [SUCC] gen=0 det=367 res=53 orig_n=45 orig_p50_us=16384 orig_p90_us=20480 orig_p99_us=36864 orig_mx_us=40759 orig_mean_us=15690 rep_n=8 rep_p50_us=5120 rep_p90_us=16384 rep_p99_us=16384 rep_mx_us=16841 rep_mean_us=6887 aban_n=314 aban_p50_us=22528 aban_p90_us=22528 aban_p99_us=40960 aban_mx_us=79108 aban_mean_us=23531 open=0 over=0 orig_frac=0.8491 cross_us=16 dump=0/0 sp_n=53 xp_n=0 xp_frac=0.0000 sp_p50_us=15360 sp_p90_us=20480 xp_p50_us=- xp_p90_us=- rtx_n=45
  EVICT ship 400B tm-s.log: [ETA] site=receiver n=8884 p0:n=7932 bind=0.1072 tau_us=34012 srtt_src=echo l_p50=12288 l_p90=16384 l_p95=16384 l_p99=16384 l_mx=20861 sig_us=2751/n246 minrst=4
  EVICT ship 400B tm-s.log: [LAT] site=receiver n=7884 over=44 p0:n=7840 nowait=1486 minrst=12 ax_n=7840 ax_p50=5120 ax_p90=8192 ax_p95=9216 ax_p99=9216 ax_sum=41534532 rwxp_n=0 rwxp_p50=- rwxp_p95=- rwxp_sum=0 rwsp_n=6345 rwsp_p50=1 rwsp_p95=3 rwsp_sum=9206 rwrep_n=9 rwrep_p50=40 rwrep_p95=16384 rwrep_sum=28347 rep_n=9 rep_p50=5120 rep_p95=16384 rep_sum=56423 tot_p50=5120 tot_p95=9216 tot_p99=9216 sh_ax=0.9977 sh_rwxp=0.0000 sh_rwsp=0.0002 sh_rwrep=0.0007 sh_rep=0.0014
  EVICT ship 400B tm-c.log: [RFA] gen=0 fires=226 false=226 false_frac=1.0000 fill_coded=0 fill_src=0 dup_src=226 preempt_src=0 src_n=7979 rep_n=191 nu_recv=0.02832 fa_class=0.0625 rep_redundant=189 late_after_aban=0
  EVICT ship 400B tm-c.log: [SUCC] gen=0 det=0 res=0 orig_n=0 orig_p50_us=- orig_p90_us=- orig_p99_us=- orig_mx_us=- orig_mean_us=- rep_n=0 rep_p50_us=- rep_p90_us=- rep_p99_us=- rep_mx_us=- rep_mean_us=- aban_n=0 aban_p50_us=- aban_p90_us=- aban_p99_us=- aban_mx_us=- aban_mean_us=- open=0 over=0 orig_frac=- cross_us=- dump=0/0 sp_n=0 xp_n=0 xp_frac=- sp_p50_us=- sp_p90_us=- xp_p50_us=- xp_p90_us=- rtx_n=0
  EVICT ship 400B tm-c.log: [ETA] site=sender fhat_us=1790777671390800 n=8303 zero=0.0000 place_n=0 cold_r=- cold_ge=- t_eff=- t_cold=- t_n=0 hol_sh=- hol_n=0 hol_mv=- hol_calls=0 hol_w=- p0:n=7932/8303 drop=5 tau_us=32117 e_p50=4096 e_p90=9216 e_p99=12288 e_mx=15315 late=0.8443 sig_us=3915/n245
  EVICT ship 400B tm-c.log: [LAT] site=receiver n=7753 over=0 p0:n=7753 nowait=792 minrst=8 ax_n=7753 ax_p50=6144 ax_p90=8192 ax_p95=9216 ax_p99=9216 ax_sum=46669740 rwxp_n=0 rwxp_p50=- rwxp_p95=- rwxp_sum=0 rwsp_n=6961 rwsp_p50=1 rwsp_p95=2 rwsp_sum=9279 rwrep_n=0 rwrep_p50=- rwrep_p95=- rwrep_sum=0 rep_n=0 rep_p50=- rep_p95=- rep_sum=0 tot_p50=6144 tot_p95=9216 tot_p99=9216 sh_ax=0.9998 sh_rwxp=0.0000 sh_rwsp=0.0002 sh_rwrep=0.0000 sh_rep=0.0000
ARM ship 400B: n=8 min=88 median=106 max=124
--- ship 1200B start=16:14:40
ARMENV ship 1200B: hint=realtime env='<unset>' flags='' rate=50 dur=20
  ECHO ship 1200B tm-s.log: ack-merge ACTIVE (RWM_ACK_MERGE: WINDOW mode sends ONE control datagram per data message instead of two — the legacy per-batch Ack is suppressed, the SACK WindowAck goes unconditional at that cadence and carries the Ack's payload in the v6 cumulative cum_expected/cum_received counters, every Ack-arm consumer re-homed onto the counter diff; BLOCK mode bit-exact; the delivery statistic/cadence/counts unchanged) copa_feed=false
  ECHO ship 1200B tm-s.log: A* send-rate anchor ACTIVE (RWM_ASTAR_ANCHOR: windowed-max send rate over ~8 SRTT, clock-gap sample discard)
  ECHO ship 1200B tm-s.log: clock-gap estimator hygiene ACTIVE (RWM_CLOCK_GAP: process-clock stall witness, post-stall sample discard at the ack feed sites)
  ECHO ship 1200B tm-s.log: M* peer-report RTT-feed suppression ACTIVE (RWM_MSTAR_ANCHOR plain-live subset: local-echo-only RTT feed + estimator seed-from-sample)
  ECHO ship 1200B tm-s.log: quinn congestion controller: BBR (shipped default; RWM_QUIC_CC overrides)
  ECHO ship 1200B tm-s.log: RWM_UNIFIED=1 RWM_UNIFIED_SHED=1 RWM_TAPER_R=1 RWM_ASTAR_ANCHOR=1 RWM_MSTAR_ANCHOR=1 RWM_PLAIN_RS=0 RWM_HONEST_ANCHOR=1 RWM_HONEST_K=0 RWM_STORE_SACK_RELEASE=1 RWM_STORE_PATHS=1 RWM_STORE_PATH_POOL=2048 RWM_STORE=unset RWM_STORE_GAIN=2 RWM_STORE_BOOT=128 RWM_THREE_TERM=0 RWM_COMPOSED_CAP=0 RWM_SUM_CAP=1 RWM_LATE_BRAKE=0 RWM_DELTA_CAP=1 RWM_HONEST_CAP=0 RWM_POOL_ANCHOR=0 RWM_ACK_MERGE=1 RWM_LOSS_SENT_TRUTH=0 RWM_RELEASE_1TO1=0 RWM_CHARGE_RECOVERY=0 RWM_SIDLE_DERIVED=0 RWM_COLD_PLACE=0 RWM_PLACE_T_DERIVED=0 RWM_PLACE_HOL=0 RWM_PLACE_WDIV_DERIVED=0 RWM_GEN=1 RWM_PIPELINE=2 RWM_GEN_PIPE=1 RWM_GEN_R=unset RWM_GEN_RATE=9000 RWM_GEN_RATE_FLOOR=2000 RWM_GEN_INFLIGHT=unset RWM_OOO_RETAIN=0/16 RWM_WINDOW=unset RWM_REPORT_GENS=unset RWM_REPAIR_WAIT=unset RWM_CODED_SRC=0 RWM_NO_REACTIVE=0 RWM_XPATH_REPAIR=0 RWM_PROACTIVE_PACER=0 RWM_REASM_BDP=0 RWM_MIN_R=0 RWM_CC_PACE=0 RWM_CC_PACE_HR=1.1 RWM_REACT_CAP=unset RWM_INFL_CAP=0 RWM_INFL_BDP=unset RWM_COPA_FEED=0 RWM_RS_ATTR=1 RWM_EMIT_BATCH=0 RWM_EMIT_BURST=64 RWM_RECOV_MP=1 RWM_RECOV_MP_LAW=1 RWM_RECOV_SP=0 RWM_DERIVED_SWEEP=0 RWM_HOLDDOWN_Q=unset RWM_REFRESH_FLOOR_US=unset RWM_DELTA=unset RWM_COPA_DELTA=unset RWM_COMPLETION_EXPOSURE=0 RWM_RECV_REQUEST_LAW=0 RWM_RANK_FEEDBACK=0 RWM_DIAG=1 RWM_ACKDIAG=0 RWM_ACKDIAG_WINDOW_US=2000000 RWM_RTT_DUMP=0 RWM_RTT_DUMP_MAX=400000 RWM_SUCC_DUMP=0 RWM_SUCC_DUMP_MAX=200000 RWM_WALLDIAG=0 RWM_CPUPROF=0 RWM_RDIAG=0 RWM_FDIAG=0 RWM_TRACE=0 RWM_PFRAC=0
  ECHO ship 1200B tm-s.log: RWM_UNIFIED: Realtime rides the RLC span machine (small-δ parameterization, no code-family switch)
  ECHO ship 1200B tm-s.log: RWM_UNIFIED: receive path on the unified global decoder (one machine, both wires) generation=false
  ECHO ship 1200B tm-s.log: sliding-window FEC mode symbol_size=512 backend=Rlc
  ECHO ship 1200B tm-s.log: unified overload shedding ACTIVE at receiver (RWM_UNIFIED_SHED: in-order hold = delta-derived b*SRTT within the eps-class give-up budget)
  ECHO ship 1200B tm-s.log: unified overload shedding ACTIVE (RWM_UNIFIED_SHED: past-deadline holes shed within the derived 1-rho budget; =0 = serializing arm)
  ECHO ship 1200B tm-s.log: unified span law ACTIVE (RWM_UNIFIED: plain-mode proactive repair over the trailing solvable span [end-A*, end-Δ), A* from δ) hint=Realtime
  ECHO ship 1200B tm-c.log: ack-merge ACTIVE (RWM_ACK_MERGE: WINDOW mode sends ONE control datagram per data message instead of two — the legacy per-batch Ack is suppressed, the SACK WindowAck goes unconditional at that cadence and carries the Ack's payload in the v6 cumulative cum_expected/cum_received counters, every Ack-arm consumer re-homed onto the counter diff; BLOCK mode bit-exact; the delivery statistic/cadence/counts unchanged) copa_feed=false
  ECHO ship 1200B tm-c.log: A* send-rate anchor ACTIVE (RWM_ASTAR_ANCHOR: windowed-max send rate over ~8 SRTT, clock-gap sample discard)
  ECHO ship 1200B tm-c.log: clock-gap estimator hygiene ACTIVE (RWM_CLOCK_GAP: process-clock stall witness, post-stall sample discard at the ack feed sites)
  ECHO ship 1200B tm-c.log: M* peer-report RTT-feed suppression ACTIVE (RWM_MSTAR_ANCHOR plain-live subset: local-echo-only RTT feed + estimator seed-from-sample)
  ECHO ship 1200B tm-c.log: quinn congestion controller: BBR (shipped default; RWM_QUIC_CC overrides)
  ECHO ship 1200B tm-c.log: RWM_UNIFIED=1 RWM_UNIFIED_SHED=1 RWM_TAPER_R=1 RWM_ASTAR_ANCHOR=1 RWM_MSTAR_ANCHOR=1 RWM_PLAIN_RS=0 RWM_HONEST_ANCHOR=1 RWM_HONEST_K=0 RWM_STORE_SACK_RELEASE=1 RWM_STORE_PATHS=1 RWM_STORE_PATH_POOL=2048 RWM_STORE=unset RWM_STORE_GAIN=2 RWM_STORE_BOOT=128 RWM_THREE_TERM=0 RWM_COMPOSED_CAP=0 RWM_SUM_CAP=1 RWM_LATE_BRAKE=0 RWM_DELTA_CAP=1 RWM_HONEST_CAP=0 RWM_POOL_ANCHOR=0 RWM_ACK_MERGE=1 RWM_LOSS_SENT_TRUTH=0 RWM_RELEASE_1TO1=0 RWM_CHARGE_RECOVERY=0 RWM_SIDLE_DERIVED=0 RWM_COLD_PLACE=0 RWM_PLACE_T_DERIVED=0 RWM_PLACE_HOL=0 RWM_PLACE_WDIV_DERIVED=0 RWM_GEN=1 RWM_PIPELINE=2 RWM_GEN_PIPE=1 RWM_GEN_R=unset RWM_GEN_RATE=9000 RWM_GEN_RATE_FLOOR=2000 RWM_GEN_INFLIGHT=unset RWM_OOO_RETAIN=0/16 RWM_WINDOW=unset RWM_REPORT_GENS=unset RWM_REPAIR_WAIT=unset RWM_CODED_SRC=0 RWM_NO_REACTIVE=0 RWM_XPATH_REPAIR=0 RWM_PROACTIVE_PACER=0 RWM_REASM_BDP=0 RWM_MIN_R=0 RWM_CC_PACE=0 RWM_CC_PACE_HR=1.1 RWM_REACT_CAP=unset RWM_INFL_CAP=0 RWM_INFL_BDP=unset RWM_COPA_FEED=0 RWM_RS_ATTR=1 RWM_EMIT_BATCH=0 RWM_EMIT_BURST=64 RWM_RECOV_MP=1 RWM_RECOV_MP_LAW=1 RWM_RECOV_SP=0 RWM_DERIVED_SWEEP=0 RWM_HOLDDOWN_Q=unset RWM_REFRESH_FLOOR_US=unset RWM_DELTA=unset RWM_COPA_DELTA=unset RWM_COMPLETION_EXPOSURE=0 RWM_RECV_REQUEST_LAW=0 RWM_RANK_FEEDBACK=0 RWM_DIAG=1 RWM_ACKDIAG=0 RWM_ACKDIAG_WINDOW_US=2000000 RWM_RTT_DUMP=0 RWM_RTT_DUMP_MAX=400000 RWM_SUCC_DUMP=0 RWM_SUCC_DUMP_MAX=200000 RWM_WALLDIAG=0 RWM_CPUPROF=0 RWM_RDIAG=0 RWM_FDIAG=0 RWM_TRACE=0 RWM_PFRAC=0
  ECHO ship 1200B tm-c.log: RWM_UNIFIED: Realtime rides the RLC span machine (small-δ parameterization, no code-family switch)
  ECHO ship 1200B tm-c.log: RWM_UNIFIED: receive path on the unified global decoder (one machine, both wires) generation=false
  ECHO ship 1200B tm-c.log: sliding-window FEC mode symbol_size=512 backend=Rlc
  ECHO ship 1200B tm-c.log: unified overload shedding ACTIVE at receiver (RWM_UNIFIED_SHED: in-order hold = delta-derived b*SRTT within the eps-class give-up budget)
  ECHO ship 1200B tm-c.log: unified overload shedding ACTIVE (RWM_UNIFIED_SHED: past-deadline holes shed within the derived 1-rho budget; =0 = serializing arm)
  ECHO ship 1200B tm-c.log: unified span law ACTIVE (RWM_UNIFIED: plain-mode proactive repair over the trailing solvable span [end-A*, end-Δ), A* from δ) hint=Realtime
  ship 1200B rep1: p50=24.815ms p99=89.19ms p999=144.642ms max=144.642ms n=1000
  ship 1200B rep2: p50=25.316ms p99=93.069ms p999=173.931ms max=173.931ms n=1000
  ship 1200B rep3: p50=25.293ms p99=89.413ms p999=147.71ms max=147.71ms n=1000
  ship 1200B rep4: p50=24.915ms p99=86.563ms p999=112.207ms max=112.207ms n=1000
  ship 1200B rep5: p50=24.982ms p99=99.311ms p999=219.328ms max=219.328ms n=1000
  ship 1200B rep6: p50=25.084ms p99=100.259ms p999=144.39ms max=144.39ms n=1000
  ship 1200B rep7: p50=24.955ms p99=103.737ms p999=195.37ms max=195.37ms n=1000
  ship 1200B rep8: p50=25.287ms p99=139.454ms p999=217.636ms max=217.636ms n=1000
  SPAN ship 1200B tm-s.log: [SPAN] t=1.6s ack=1 win=[0,1] wsize=2 a_star=Some(1) delta=Some(1) owed=0.00 rr=0.500 debt=0.00 retx_buf=1 shed=0/0 bud=0.0000 D=21ms ar=0 agap=0/0 dg_rx=7 dg_tx=7
  SPAN ship 1200B tm-s.log: [SPAN] t=2.1s ack=34 win=[0,35] wsize=36 a_star=Some(3) delta=Some(1) owed=0.00 rr=0.297 debt=0.00 retx_buf=2 shed=0/0 bud=0.0000 D=21ms ar=133 agap=0/0 dg_rx=131 dg_tx=136
  SPAN ship 1200B tm-s.log: [SPAN] t=2.6s ack=71 win=[0,73] wsize=74 a_star=Some(4) delta=Some(1) owed=0.00 rr=0.184 debt=0.04 retx_buf=3 shed=0/0 bud=0.0000 D=22ms ar=137 agap=0/0 dg_rx=273 dg_tx=281
  SPAN ship 1200B tm-s.log: [SPAN] t=3.2s ack=106 win=[5,110] wsize=106 a_star=Some(4) delta=Some(1) owed=0.00 rr=0.146 debt=0.65 retx_buf=5 shed=0/0 bud=0.0000 D=21ms ar=160 agap=0/0 dg_rx=404 dg_tx=416
  SPAN ship 1200B tm-s.log: [SPAN] t=3.7s ack=140 win=[37,142] wsize=106 a_star=Some(3) delta=Some(1) owed=0.00 rr=0.119 debt=0.51 retx_buf=5 shed=0/2 bud=0.0000 D=21ms ar=126 agap=0/0 dg_rx=529 dg_tx=545
  SPAN ship 1200B tm-s.log: [SPAN] t=4.2s ack=179 win=[161,181] wsize=21 a_star=Some(3) delta=Some(1) owed=0.00 rr=0.315 debt=0.32 retx_buf=4 shed=0/3 bud=0.0000 D=21ms ar=125 agap=0/0 dg_rx=658 dg_tx=681
  SPAN ship 1200B tm-s.log: [SPAN] t=6.2s ack=332 win=[313,333] wsize=21 a_star=Some(4) delta=Some(1) owed=0.00 rr=0.315 debt=0.00 retx_buf=4 shed=0/5 bud=0.0000 D=21ms ar=170 agap=0/0 dg_rx=1234 dg_tx=1266
  SPAN ship 1200B tm-s.log: [SPAN] t=11.3s ack=707 win=[690,710] wsize=21 a_star=Some(3) delta=Some(1) owed=0.00 rr=0.315 debt=0.32 retx_buf=4 shed=0/6 bud=0.0000 D=22ms ar=132 agap=0/0 dg_rx=2635 dg_tx=2689
  SPAN ship 1200B tm-s.log: [SPAN] t=16.4s ack=1080 win=[1063,1085] wsize=23 a_star=Some(4) delta=Some(1) owed=0.00 rr=0.300 debt=0.62 retx_buf=6 shed=0/11 bud=0.0000 D=22ms ar=136 agap=0/0 dg_rx=4054 dg_tx=4130
  SPAN ship 1200B tm-s.log: [SPAN] t=21.5s ack=1461 win=[1444,1464] wsize=21 a_star=Some(3) delta=Some(1) owed=0.00 rr=0.314 debt=0.00 retx_buf=4 shed=0/12 bud=0.0000 D=21ms ar=138 agap=0/0 dg_rx=5463 dg_tx=5552
  SPAN ship 1200B tm-s.log: [SPAN] t=36.3s ack=1803 win=[1786,1805] wsize=20 a_star=Some(3) delta=Some(1) owed=0.00 rr=0.317 debt=0.02 retx_buf=3 shed=0/21 bud=0.0000 D=22ms ar=109 agap=1/60 dg_rx=6816 dg_tx=6936
  SPAN ship 1200B tm-s.log: [SPAN] t=41.4s ack=2165 win=[2148,2165] wsize=18 a_star=Some(4) delta=Some(1) owed=0.00 rr=0.331 debt=0.00 retx_buf=1 shed=0/30 bud=0.0000 D=22ms ar=154 agap=1/60 dg_rx=8235 dg_tx=8393
  SPAN ship 1200B tm-s.log: [SPAN] t=46.5s ack=2524 win=[2507,2528] wsize=22 a_star=Some(3) delta=Some(1) owed=0.00 rr=0.307 debt=0.61 retx_buf=5 shed=0/39 bud=0.0000 D=21ms ar=100 agap=1/60 dg_rx=9673 dg_tx=9867
  SPAN ship 1200B tm-s.log: [SPAN] t=51.6s ack=2889 win=[2872,2894] wsize=23 a_star=Some(3) delta=Some(1) owed=0.00 rr=0.292 debt=0.00 retx_buf=6 shed=0/43 bud=0.0000 D=22ms ar=123 agap=1/60 dg_rx=11080 dg_tx=11297
  SPAN ship 1200B tm-s.log: [SPAN] t=66.2s ack=3230 win=[3213,3233] wsize=21 a_star=Some(3) delta=Some(1) owed=0.00 rr=0.307 debt=0.63 retx_buf=4 shed=0/45 bud=0.0000 D=22ms ar=94 agap=2/121 dg_rx=12371 dg_tx=12597
  SPAN ship 1200B tm-s.log: [SPAN] t=71.4s ack=3606 win=[3589,3609] wsize=21 a_star=Some(3) delta=Some(1) owed=0.00 rr=0.306 debt=0.30 retx_buf=4 shed=0/51 bud=0.0000 D=21ms ar=123 agap=2/121 dg_rx=13796 dg_tx=14051
  SPAN ship 1200B tm-s.log: [SPAN] t=76.5s ack=3980 win=[3963,3982] wsize=20 a_star=Some(4) delta=Some(1) owed=0.00 rr=0.303 debt=0.61 retx_buf=3 shed=0/58 bud=0.0000 D=21ms ar=145 agap=2/121 dg_rx=15225 dg_tx=15512
  SPAN ship 1200B tm-s.log: [SPAN] t=81.5s ack=4338 win=[4321,4340] wsize=20 a_star=Some(3) delta=Some(1) owed=0.00 rr=0.295 debt=0.00 retx_buf=3 shed=0/63 bud=0.0000 D=21ms ar=104 agap=2/121 dg_rx=16627 dg_tx=16943
  SPAN ship 1200B tm-s.log: [SPAN] t=96.3s ack=4672 win=[4655,4677] wsize=23 a_star=Some(3) delta=Some(1) owed=0.00 rr=0.295 debt=0.58 retx_buf=6 shed=0/69 bud=0.0000 D=21ms ar=121 agap=3/181 dg_rx=17940 dg_tx=18290
  SPAN ship 1200B tm-s.log: [SPAN] t=101.4s ack=5041 win=[5024,5043] wsize=20 a_star=Some(3) delta=Some(1) owed=0.00 rr=0.302 debt=0.00 retx_buf=3 shed=0/75 bud=0.0000 D=21ms ar=111 agap=3/181 dg_rx=19361 dg_tx=19740
  SPAN ship 1200B tm-s.log: [SPAN] t=106.5s ack=5417 win=[5400,5419] wsize=20 a_star=Some(2) delta=Some(1) owed=0.00 rr=0.298 debt=0.00 retx_buf=3 shed=0/76 bud=0.0000 D=21ms ar=92 agap=3/181 dg_rx=20776 dg_tx=21168
  SPAN ship 1200B tm-s.log: [SPAN] t=111.6s ack=5789 win=[5772,5792] wsize=21 a_star=Some(3) delta=Some(1) owed=0.00 rr=0.297 debt=0.29 retx_buf=4 shed=0/81 bud=0.0000 D=21ms ar=129 agap=3/181 dg_rx=22196 dg_tx=22614
  SPAN ship 1200B tm-s.log: [SPAN] t=126.4s ack=6143 win=[6126,6143] wsize=18 a_star=Some(3) delta=Some(1) owed=0.00 rr=0.308 debt=0.00 retx_buf=1 shed=0/89 bud=0.0000 D=22ms ar=121 agap=4/241 dg_rx=23539 dg_tx=23994
  SPAN ship 1200B tm-s.log: [SPAN] t=131.5s ack=6490 win=[6473,6491] wsize=19 a_star=Some(3) delta=Some(1) owed=0.00 rr=0.304 debt=0.00 retx_buf=2 shed=0/94 bud=0.0000 D=21ms ar=92 agap=4/241 dg_rx=24959 dg_tx=25433
  SPAN ship 1200B tm-c.log: [SPAN] t=1.6s ack=1 win=[0,1] wsize=2 a_star=Some(1) delta=Some(1) owed=0.00 rr=0.500 debt=0.00 retx_buf=1 shed=0/0 bud=0.0000 D=18ms ar=0 agap=0/0 dg_rx=6 dg_tx=6
  SPAN ship 1200B tm-c.log: [SPAN] t=2.1s ack=66 win=[0,72] wsize=73 a_star=Some(5) delta=Some(1) owed=0.00 rr=0.188 debt=0.39 retx_buf=7 shed=0/0 bud=0.0000 D=21ms ar=229 agap=0/0 dg_rx=127 dg_tx=133
  SPAN ship 1200B tm-c.log: [SPAN] t=2.6s ack=145 win=[44,151] wsize=108 a_star=Some(5) delta=Some(1) owed=0.00 rr=0.422 debt=0.00 retx_buf=7 shed=0/12 bud=0.0003 D=21ms ar=226 agap=0/0 dg_rx=259 dg_tx=272
  SPAN ship 1200B tm-c.log: [SPAN] t=3.1s ack=223 win=[122,229] wsize=108 a_star=Some(7) delta=Some(1) owed=0.00 rr=0.338 debt=0.00 retx_buf=7 shed=0/23 bud=0.0000 D=23ms ar=270 agap=0/0 dg_rx=392 dg_tx=406
  SPAN ship 1200B tm-c.log: [SPAN] t=3.6s ack=300 win=[199,307] wsize=109 a_star=Some(5) delta=Some(1) owed=0.00 rr=0.500 debt=0.00 retx_buf=8 shed=2/33 bud=0.0000 D=21ms ar=227 agap=0/0 dg_rx=520 dg_tx=541
  SPAN ship 1200B tm-c.log: [SPAN] t=4.1s ack=379 win=[362,385] wsize=24 a_star=Some(6) delta=Some(1) owed=0.00 rr=0.450 debt=0.00 retx_buf=7 shed=5/39 bud=0.0000 D=23ms ar=229 agap=0/0 dg_rx=660 dg_tx=681
  SPAN ship 1200B tm-c.log: [SPAN] t=6.1s ack=692 win=[675,698] wsize=24 a_star=Some(6) delta=Some(1) owed=0.00 rr=0.500 debt=0.00 retx_buf=7 shed=7/96 bud=0.0000 D=20ms ar=271 agap=0/0 dg_rx=1244 dg_tx=1291
  SPAN ship 1200B tm-c.log: [SPAN] t=11.2s ack=1454 win=[1437,1460] wsize=24 a_star=Some(5) delta=Some(1) owed=0.00 rr=0.490 debt=0.00 retx_buf=7 shed=7/138 bud=0.0000 D=20ms ar=231 agap=0/0 dg_rx=2666 dg_tx=2735
  SPAN ship 1200B tm-c.log: [SPAN] t=16.2s ack=2217 win=[2200,2225] wsize=26 a_star=Some(5) delta=Some(1) owed=0.00 rr=0.464 debt=0.93 retx_buf=9 shed=16/211 bud=0.0000 D=20ms ar=227 agap=0/0 dg_rx=4089 dg_tx=4203
  SPAN ship 1200B tm-c.log: [SPAN] t=21.3s ack=2980 win=[2963,2986] wsize=24 a_star=Some(6) delta=Some(1) owed=0.00 rr=0.445 debt=0.00 retx_buf=7 shed=22/251 bud=0.0000 D=22ms ar=231 agap=0/0 dg_rx=5505 dg_tx=5646
  SPAN ship 1200B tm-c.log: [SPAN] t=36.1s ack=3725 win=[3708,3731] wsize=24 a_star=Some(6) delta=Some(1) owed=0.00 rr=0.500 debt=0.00 retx_buf=7 shed=26/357 bud=0.0000 D=22ms ar=226 agap=1/66 dg_rx=6903 dg_tx=7083
  SPAN ship 1200B tm-c.log: [SPAN] t=41.2s ack=4498 win=[4481,4507] wsize=27 a_star=Some(5) delta=Some(1) owed=0.00 rr=0.500 debt=0.00 retx_buf=10 shed=33/476 bud=0.0047 D=19ms ar=226 agap=1/66 dg_rx=8343 dg_tx=8583
  SPAN ship 1200B tm-c.log: [SPAN] t=46.3s ack=5266 win=[5249,5274] wsize=26 a_star=Some(6) delta=Some(1) owed=0.00 rr=0.500 debt=0.00 retx_buf=9 shed=48/583 bud=0.0000 D=22ms ar=228 agap=1/66 dg_rx=9783 dg_tx=10074
  SPAN ship 1200B tm-c.log: [SPAN] t=51.3s ack=6027 win=[6010,6035] wsize=26 a_star=Some(5) delta=Some(1) owed=0.00 rr=0.500 debt=0.00 retx_buf=9 shed=53/644 bud=0.0000 D=21ms ar=225 agap=1/66 dg_rx=11201 dg_tx=11526
  SPAN ship 1200B tm-c.log: [SPAN] t=66.2s ack=6768 win=[6751,6774] wsize=24 a_star=Some(5) delta=Some(1) owed=0.00 rr=0.455 debt=0.00 retx_buf=7 shed=59/683 bud=0.0000 D=21ms ar=227 agap=2/132 dg_rx=12579 dg_tx=12931
  SPAN ship 1200B tm-c.log: [SPAN] t=71.2s ack=7538 win=[7521,7546] wsize=26 a_star=Some(8) delta=Some(1) owed=0.00 rr=0.500 debt=1.00 retx_buf=9 shed=61/783 bud=0.0000 D=23ms ar=314 agap=2/132 dg_rx=14012 dg_tx=14417
  SPAN ship 1200B tm-c.log: [SPAN] t=76.3s ack=8311 win=[8294,8317] wsize=24 a_star=Some(8) delta=Some(1) owed=0.00 rr=0.500 debt=0.00 retx_buf=7 shed=72/875 bud=0.0000 D=21ms ar=363 agap=2/132 dg_rx=15461 dg_tx=15907
  SPAN ship 1200B tm-c.log: [SPAN] t=81.3s ack=9076 win=[9059,9080] wsize=22 a_star=Some(5) delta=Some(1) owed=0.00 rr=0.500 debt=0.00 retx_buf=5 shed=74/982 bud=0.0002 D=20ms ar=225 agap=2/132 dg_rx=16877 dg_tx=17361
  SPAN ship 1200B tm-c.log: [SPAN] t=96.2s ack=9818 win=[9801,9825] wsize=25 a_star=Some(6) delta=Some(1) owed=0.00 rr=0.500 debt=0.00 retx_buf=8 shed=77/1063 bud=0.0000 D=21ms ar=234 agap=3/196 dg_rx=18271 dg_tx=18794
  SPAN ship 1200B tm-c.log: [SPAN] t=101.3s ack=10594 win=[10575,10600] wsize=26 a_star=Some(6) delta=Some(1) owed=0.00 rr=0.500 debt=0.00 retx_buf=9 shed=89/1163 bud=0.0000 D=21ms ar=233 agap=3/196 dg_rx=19716 dg_tx=20284
  SPAN ship 1200B tm-c.log: [SPAN] t=106.3s ack=11353 win=[11336,11359] wsize=24 a_star=Some(6) delta=Some(1) owed=0.00 rr=0.490 debt=0.98 retx_buf=7 shed=89/1194 bud=0.0000 D=21ms ar=238 agap=3/196 dg_rx=21130 dg_tx=21710
  SPAN ship 1200B tm-c.log: [SPAN] t=111.4s ack=12118 win=[12101,12126] wsize=26 a_star=Some(6) delta=Some(1) owed=0.00 rr=0.500 debt=0.00 retx_buf=9 shed=94/1258 bud=0.0000 D=21ms ar=234 agap=3/196 dg_rx=22553 dg_tx=23168
  SPAN ship 1200B tm-c.log: [SPAN] t=126.2s ack=12859 win=[12842,12865] wsize=24 a_star=Some(5) delta=Some(1) owed=0.00 rr=0.500 debt=0.00 retx_buf=7 shed=96/1357 bud=0.0000 D=20ms ar=234 agap=4/262 dg_rx=23962 dg_tx=24615
  SPAN ship 1200B tm-c.log: [SPAN] t=131.3s ack=13637 win=[13620,13641] wsize=22 a_star=Some(5) delta=Some(1) owed=0.00 rr=0.500 debt=0.00 retx_buf=5 shed=96/1435 bud=0.0000 D=20ms ar=227 agap=4/262 dg_rx=25386 dg_tx=26071
  EVICT ship 1200B tm-s.log: [RFA] gen=0 fires=2202 false=1135 false_frac=0.5154 fill_coded=646 fill_src=421 dup_src=539 preempt_src=596 src_n=24839 rep_n=7892 nu_recv=0.08865 fa_class=0.0625 rep_redundant=7192 late_after_aban=818
  EVICT ship 1200B tm-s.log: [SUCC] gen=0 det=1093 res=242 orig_n=22 orig_p50_us=18432 orig_p90_us=22528 orig_p99_us=40960 orig_mx_us=44906 orig_mean_us=17953 rep_n=220 rep_p50_us=10240 rep_p90_us=20480 rep_p99_us=32768 rep_mx_us=44906 rep_mean_us=10318 aban_n=851 aban_p50_us=22528 aban_p90_us=22528 aban_p99_us=40960 aban_mx_us=44208 aban_mean_us=23314 open=0 over=0 orig_frac=0.0909 cross_us=20 dump=0/0 sp_n=242 xp_n=0 xp_frac=0.0000 sp_p50_us=11264 sp_p90_us=20480 xp_p50_us=- xp_p90_us=- rtx_n=22
  EVICT ship 1200B tm-s.log: [ETA] site=receiver n=32731 p0:n=23283 bind=0.2887 tau_us=33384 srtt_src=echo l_p50=30720 l_p90=32768 l_p95=32768 l_p99=32768 l_mx=38997 sig_us=2654/n253 minrst=8
  EVICT ship 1200B tm-s.log: [LAT] site=receiver n=23113 over=1250 p0:n=22505 nowait=13425 minrst=12 ax_n=22505 ax_p50=6144 ax_p90=9216 ax_p95=9216 ax_p99=10240 ax_sum=133444460 rwxp_n=0 rwxp_p50=- rwxp_p95=- rwxp_sum=0 rwsp_n=8689 rwsp_p50=1 rwsp_p95=2 rwsp_sum=11480 rwrep_n=391 rwrep_p50=64 rwrep_p95=18432 rwrep_sum=1503160 rep_n=392 rep_p50=3840 rep_p95=30720 rep_sum=3349001 tot_p50=6144 tot_p95=9216 tot_p99=10240 sh_ax=0.9648 sh_rwxp=0.0000 sh_rwsp=0.0001 sh_rwrep=0.0109 sh_rep=0.0242
  EVICT ship 1200B tm-c.log: [RFA] gen=0 fires=174 false=174 false_frac=1.0000 fill_coded=0 fill_src=0 dup_src=174 preempt_src=0 src_n=11588 rep_n=562 nu_recv=0.01502 fa_class=0.0625 rep_redundant=557 late_after_aban=0
  EVICT ship 1200B tm-c.log: [SUCC] gen=0 det=0 res=0 orig_n=0 orig_p50_us=- orig_p90_us=- orig_p99_us=- orig_mx_us=- orig_mean_us=- rep_n=0 rep_p50_us=- rep_p90_us=- rep_p99_us=- rep_mx_us=- rep_mean_us=- aban_n=0 aban_p50_us=- aban_p90_us=- aban_p99_us=- aban_mx_us=- aban_mean_us=- open=0 over=0 orig_frac=- cross_us=- dump=0/0 sp_n=0 xp_n=0 xp_frac=- sp_p50_us=- sp_p90_us=- xp_p50_us=- xp_p90_us=- rtx_n=0
  EVICT ship 1200B tm-c.log: [ETA] site=sender fhat_us=1790777916040143 n=24372 zero=0.0000 place_n=0 cold_r=- cold_ge=- t_eff=- t_cold=- t_n=0 hol_sh=- hol_n=0 hol_mv=- hol_calls=0 hol_w=- p0:n=23270/24372 drop=718 tau_us=31189 e_p50=4608 e_p90=9216 e_p99=12288 e_mx=30432 late=0.8804 sig_us=3611/n251
  EVICT ship 1200B tm-c.log: [LAT] site=receiver n=11414 over=0 p0:n=11414 nowait=3608 minrst=5 ax_n=11414 ax_p50=6144 ax_p90=8192 ax_p95=9216 ax_p99=9216 ax_sum=73061970 rwxp_n=0 rwxp_p50=- rwxp_p95=- rwxp_sum=0 rwsp_n=7806 rwsp_p50=1 rwsp_p95=2 rwsp_sum=9656 rwrep_n=0 rwrep_p50=- rwrep_p95=- rwrep_sum=0 rep_n=0 rep_p50=- rep_p95=- rep_sum=0 tot_p50=6144 tot_p95=9216 tot_p99=9216 sh_ax=0.9999 sh_rwxp=0.0000 sh_rwsp=0.0001 sh_rwrep=0.0000 sh_rep=0.0000
ARM ship 1200B: n=8 min=87 median=93 max=139
=== done 16:18:45
EXIT rc=0 (16:18:45)
=== CROWNSPOT stage seed=7 cell=c3 rc=0 end=2026-09-30T14:18:45Z
CROWNSPOT-DONE seed=7 stages=2/2 2026-09-30T14:18:45Z
