[2m2026-08-11T19:12:39.212556Z[0m [32m INFO[0m [2mraptorpath[0m[2m:[0m perf configuration [3mpeer_config[0m[2m=[0mPeerConfig { bind_addrs: [10.77.0.2:7000], peer_addrs: [], tun_name: "rpath0", tun_addr: "10.99.0.1/24", target_tail_loss: 1e-5, max_fec_overhead: 0.5, protocol_hint: Bulk, is_server: true, status_addr: None, routes: [], dns: None, interleave_depth: 1, pin_cert: None, fec_backend: RaptorQ, fec_backend_explicit: false, window_reliable: true, enable_pi_feedback: true, reorder_timeout_ms: 20, reorder_max_size: 500, inner_feedback_weight: 0.0, mp_block_affinity: true, window_out_of_order: false, window_coded_only: false, window_generation_coding: false, window_systematic_repair: false }
perf server ready (rp-native object mode)
[2m2026-08-11T19:12:39.212825Z[0m [32m INFO[0m [2mraptorpath::scheduler[0m[2m:[0m Copa wire-clocked signal (RWM_COPA_WIRE / RWM_QUIC_CC / RWM_COPA_FEED) [3mcopa_wire[0m[2m=[0mfalse [3mquic_cc[0m[2m=[0m"unset" [3mcopa_wire_env[0m[2m=[0m"unset"
[2m2026-08-11T19:12:39.212866Z[0m [32m INFO[0m [2mraptorpath::gates[0m[2m:[0m [GATES] RWM_UNIFIED=1 RWM_UNIFIED_SHED=1 RWM_TAPER_R=1 RWM_ASTAR_ANCHOR=1 RWM_MSTAR_ANCHOR=1 RWM_PLAIN_RS=0 RWM_HONEST_ANCHOR=1 RWM_HONEST_K=0 RWM_STORE_SACK_RELEASE=1 RWM_STORE_PATHS=1 RWM_STORE_PATH_POOL=2048 RWM_STORE=unset RWM_STORE_GAIN=2 RWM_STORE_BOOT=128 RWM_STORE_CAPW=0 RWM_STORE_CAP_UNIFIED=0 RWM_THREE_TERM=0 RWM_STORE_PERCAP=0 RWM_PERCAP_GUARD=1 RWM_STORE_BORROW=0 RWM_HONEST_CAP=1 RWM_POOL_ANCHOR=0 RWM_POOL_DELIV=0 RWM_FLOOR_BOUND=0 RWM_ACK_MERGE=1 RWM_PATIENCE_DERIVED=0 RWM_SIDLE_DERIVED=0 RWM_WIN_DECOUPLE=0 RWM_PLACE_SLACK=0 RWM_GEN=384 RWM_PIPELINE=2 RWM_GEN_PIPE=1 RWM_GEN_R=unset RWM_GEN_RATE=9000 RWM_GEN_RATE_FLOOR=2000 RWM_GEN_INFLIGHT=unset RWM_OOO_RETAIN=0/16 RWM_WINDOW=unset RWM_REPORT_GENS=unset RWM_REPAIR_WAIT=unset RWM_CODED_SRC=0 RWM_NO_REACTIVE=0 RWM_XPATH_REPAIR=0 RWM_PROACTIVE_PACER=0 RWM_REASM_BDP=0 RWM_MIN_R=0 RWM_CC_PACE=0 RWM_CC_PACE_HR=1.1 RWM_REACT_CAP=unset RWM_INFL_CAP=0 RWM_INFL_BDP=unset RWM_COPA_FEED=0 RWM_RS_ATTR=1 RWM_EMIT_BATCH=0 RWM_EMIT_BURST=64 RWM_RECOV_MP=1 RWM_RECOV_MP_LAW=1 RWM_RECOV_MP_LIVE=0 RWM_RECOV_SP=0 RWM_DIAG=0 RWM_ACKDIAG=1 RWM_RDIAG=0 RWM_FDIAG=0 RWM_TRACE=0 RWM_PFRAC=0
[2m2026-08-11T19:12:39.212909Z[0m [32m INFO[0m [2mraptorpath::net[0m[2m:[0m reliable window mode (RWM Phase A): auto-selecting RLC windowed backend
[2m2026-08-11T19:12:39.212920Z[0m [32m INFO[0m [2mraptorpath::net[0m[2m:[0m window mode: clamping TUN MTU to fit one packet per symbol [3mmtu[0m[2m=[0m1196 [3msymbol_size[0m[2m=[0m1200
[2m2026-08-11T19:12:39.212929Z[0m [32m INFO[0m [2mraptorpath::net[0m[2m:[0m using injected TUN interface (no routes/DNS) [3mname[0m[2m=[0mmem
[2m2026-08-11T19:12:39.213047Z[0m [32m INFO[0m [2mraptorpath::transport::quic[0m[2m:[0m quinn congestion controller: BBR (shipped default; RWM_QUIC_CC overrides)
[2m2026-08-11T19:12:39.213748Z[0m [32m INFO[0m [2mraptorpath::transport::quic[0m[2m:[0m MTU floor: min_mtu=initial_mtu — quinn black-hole reset keeps symbol datagrams sendable (fix/frontier-wedge) [3mfloor[0m[2m=[0m1350
[2m2026-08-11T19:12:39.213770Z[0m [32m INFO[0m [2mraptorpath::transport::quic[0m[2m:[0m compact DATA framing ACTIVE (RWM_WIRE_COMPACT v5: one-symbol datagrams ride the tag+varint frame, ~14-16 B vs 65-B legacy framing; receive support unconditional; datagrams SHRINK — no MTU-floor interaction)
[2m2026-08-11T19:12:39.213812Z[0m [32m INFO[0m [2mraptorpath::transport::quic[0m[2m:[0m server endpoint bound — use this fingerprint for --pin-cert [3maddr[0m[2m=[0m10.77.0.2:7000 [3mpath_id[0m[2m=[0m0 [3mfingerprint[0m[2m=[0mbc2d936a67622b84b8e91a2888cb55d63ab8a3443fcc29ed102d85a134c9eb87
[2m2026-08-11T19:12:40.689276Z[0m [32m INFO[0m [2mraptorpath::transport::quic[0m[2m:[0m handshake complete (server) [3mlocal_version[0m[2m=[0m7 [3mpeer_version[0m[2m=[0m7 [3mpeer_path_id[0m[2m=[0m0
[2m2026-08-11T19:12:40.689306Z[0m [32m INFO[0m [2mraptorpath::transport::quic[0m[2m:[0m accepted with handshake [3mpath_id[0m[2m=[0m0 [3mremote[0m[2m=[0m10.77.0.1:45593
[2m2026-08-11T19:12:40.689335Z[0m [32m INFO[0m [2mraptorpath::net[0m[2m:[0m all paths connected
[2m2026-08-11T19:12:40.689351Z[0m [32m INFO[0m [2mraptorpath::net[0m[2m:[0m block assembly profile [3mmax_block_size[0m[2m=[0m65536 [3mflush_timeout_ms[0m[2m=[0m5 [3msymbol_size[0m[2m=[0m1200 [3minterleave_depth[0m[2m=[0m1
[2m2026-08-11T19:12:40.689383Z[0m [32m INFO[0m [2mraptorpath::net[0m[2m:[0m sliding-window FEC mode [3msymbol_size[0m[2m=[0m1200 [3mbackend[0m[2m=[0mRlc
[2m2026-08-11T19:12:40.689483Z[0m [32m INFO[0m [2mraptorpath::net[0m[2m:[0m O(1) windowed-max rate filter ACTIVE (RWM_HONEST_ANCHOR: max_bw read off a monotonic max-deque maintained beside bw_samples — the VALUE-IDENTICAL statistic, same [1s,10s] window, same evictions, amortized O(1) per accepted sample instead of the O(window) full-window fold that costs +61-64% sender CPU/byte at c1 under RWM_PLAIN_RS; zero constants; RWM_HONEST_ANCHOR=0 = legacy fold control, value-identical by unit-pinned equivalence)
[2m2026-08-11T19:12:40.689496Z[0m [32m INFO[0m [2mraptorpath::net[0m[2m:[0m ack-merge ACTIVE (RWM_ACK_MERGE: WINDOW mode sends ONE control datagram per data message instead of two — the legacy per-batch Ack is suppressed, the SACK WindowAck goes unconditional at that cadence and carries the Ack's payload in the v6 cumulative cum_expected/cum_received counters, every Ack-arm consumer re-homed onto the counter diff; BLOCK mode bit-exact; the delivery statistic/cadence/counts unchanged) [3mcopa_feed[0m[2m=[0mfalse
[2m2026-08-11T19:12:40.689552Z[0m [32m INFO[0m [2mraptorpath::net[0m[2m:[0m RWM_UNIFIED: receive path on the unified global decoder (one machine, both wires) [3mgeneration[0m[2m=[0mfalse
[2m2026-08-11T19:12:40.689573Z[0m [32m INFO[0m [2mraptorpath::net[0m[2m:[0m M* peer-report RTT-feed suppression ACTIVE (RWM_MSTAR_ANCHOR plain-live subset: local-echo-only RTT feed + estimator seed-from-sample)
[2m2026-08-11T19:12:40.689587Z[0m [32m INFO[0m [2mraptorpath::net[0m[2m:[0m path-scaled outstanding pool ACTIVE (RWM_STORE_PATHS: cap = clamp(gain*N*pipe, floor, N*pool) for N>=2 live paths; N=1 legacy) [3mpool_per_path[0m[2m=[0m2048 [3mgain[0m[2m=[0m2.0
[2m2026-08-11T19:12:40.689594Z[0m [32m INFO[0m [2mraptorpath::net[0m[2m:[0m SACK-clocked store release ACTIVE (RWM_STORE_SACK_RELEASE: SACKed seqs uncounted from the outstanding gate, payload + ARQ maps retained until the cumulative frontier — slot release, never recoverability)
[2m2026-08-11T19:12:40.689614Z[0m [32m INFO[0m [2mraptorpath::net[0m[2m:[0m budget-conserving taper emission ACTIVE (RWM_TAPER_R: plain-mode proactive repair budgeted at r x source per coding window; legacy = r per ack cycle)
[2m2026-08-11T19:12:40.689618Z[0m [32m INFO[0m [2mraptorpath::net[0m[2m:[0m unified span law ACTIVE (RWM_UNIFIED: plain-mode proactive repair over the trailing solvable span [end-A*, end-Δ), A* from δ) [3mhint[0m[2m=[0mBulk
[2m2026-08-11T19:12:40.689622Z[0m [32m INFO[0m [2mraptorpath::net[0m[2m:[0m A* send-rate anchor ACTIVE (RWM_ASTAR_ANCHOR: windowed-max send rate over ~8 SRTT, clock-gap sample discard)
[2m2026-08-11T19:12:40.689647Z[0m [32m INFO[0m [2mraptorpath::net[0m[2m:[0m clock-gap estimator hygiene ACTIVE (RWM_CLOCK_GAP: process-clock stall witness, post-stall sample discard at the ack feed sites)
[2m2026-08-11T19:12:40.689671Z[0m [32m INFO[0m [2mraptorpath::net[0m[2m:[0m multipath recovery suppression ACTIVE (RWM_RECOV_MP: per-flight RFC9002-style time-threshold hole law on the flight path's smoothed clocks; N=1 live path keeps legacy gates bit-exactly) [3mlaw[0m[2m=[0mtrue
{"assemble_s":0.000024,"bytes":64,"chunks":1,"obj_id":0,"server":true}
[2m2026-08-11T19:12:40.891158Z[0m [32m INFO[0m [2mraptorpath::scheduler[0m[2m:[0m Copa TCP-competitive mode (RWM_COPA_COMPETE, requires the wire signal) [3mcopa_compete[0m[2m=[0mfalse
[ACKDIAG] p0 win=1.82s acks=17/z=0(0.0%) gap_us[p50=106220 p90=206369 p99=228533 n=16] drecv[p50=1 p90=1 max=1 n=17 sum=17] rd[acc=11 rej=6 cnt=17] rate_lr=9sym/s x[p50=1.06 p90=1.18 p99=2.70] xanchor=2.70 anchor=3sym rtprop=100.40ms recon[sent=1 crecv=17 cexp=17 srcack=0 cr/s=17.000 ce/cr=1.000 cr/sa=-] ov=0
[ACKDIAG] p0 win=2.02s acks=20/z=0(0.0%) gap_us[p50=196667 p90=204894 p99=207969 n=20] drecv[p50=1 p90=1 max=1 n=20 sum=20] rd[acc=10 rej=10 cnt=20] rate_lr=10sym/s x[p50=1.01 p90=1.02 p99=1.03] xanchor=2.55 anchor=3sym rtprop=100.40ms recon[sent=1 crecv=37 cexp=37 srcack=0 cr/s=37.000 ce/cr=1.000 cr/sa=-] ov=0
[ACKDIAG] p0 win=2.02s acks=19/z=0(0.0%) gap_us[p50=196029 p90=204798 p99=207347 n=19] drecv[p50=1 p90=1 max=2 n=19 sum=20] rd[acc=10 rej=9 cnt=20] rate_lr=10sym/s x[p50=1.00 p90=1.01 p99=1.03] xanchor=2.55 anchor=3sym rtprop=100.40ms recon[sent=1 crecv=57 cexp=57 srcack=0 cr/s=57.000 ce/cr=1.000 cr/sa=-] ov=0
[ACKDIAG] p0 win=2.02s acks=18/z=0(0.0%) gap_us[p50=194895 p90=204354 p99=405788 n=18] drecv[p50=1 p90=1 max=3 n=18 sum=20] rd[acc=10 rej=8 cnt=20] rate_lr=10sym/s x[p50=1.01 p90=1.04 p99=20.72] xanchor=20.72 anchor=21sym rtprop=100.40ms recon[sent=1 crecv=77 cexp=77 srcack=0 cr/s=77.000 ce/cr=1.000 cr/sa=-] ov=0
{"assemble_s":9.60029,"bytes":100000000,"chunks":84603,"obj_id":1,"server":true}
