[2m2026-08-11T19:13:14.693296Z[0m [32m INFO[0m [2mraptorpath[0m[2m:[0m perf configuration [3mpeer_config[0m[2m=[0mPeerConfig { bind_addrs: [10.77.0.1:0], peer_addrs: [10.77.0.2:7000], tun_name: "rpath0", tun_addr: "10.99.0.1/24", target_tail_loss: 1e-5, max_fec_overhead: 0.5, protocol_hint: Bulk, is_server: false, status_addr: None, routes: [], dns: None, interleave_depth: 1, pin_cert: None, fec_backend: RaptorQ, fec_backend_explicit: false, window_reliable: true, enable_pi_feedback: true, reorder_timeout_ms: 20, reorder_max_size: 500, inner_feedback_weight: 0.0, mp_block_affinity: true, window_out_of_order: false, window_coded_only: false, window_generation_coding: false, window_systematic_repair: false }
[2m2026-08-11T19:13:14.693482Z[0m [32m INFO[0m [2mraptorpath::scheduler[0m[2m:[0m Copa wire-clocked signal (RWM_COPA_WIRE / RWM_QUIC_CC / RWM_COPA_FEED) [3mcopa_wire[0m[2m=[0mfalse [3mquic_cc[0m[2m=[0m"unset" [3mcopa_wire_env[0m[2m=[0m"unset"
[2m2026-08-11T19:13:14.693526Z[0m [32m INFO[0m [2mraptorpath::gates[0m[2m:[0m [GATES] RWM_UNIFIED=1 RWM_UNIFIED_SHED=1 RWM_TAPER_R=1 RWM_ASTAR_ANCHOR=1 RWM_MSTAR_ANCHOR=1 RWM_PLAIN_RS=0 RWM_HONEST_ANCHOR=1 RWM_HONEST_K=0 RWM_STORE_SACK_RELEASE=1 RWM_STORE_PATHS=1 RWM_STORE_PATH_POOL=2048 RWM_STORE=unset RWM_STORE_GAIN=2 RWM_STORE_BOOT=128 RWM_STORE_CAPW=0 RWM_STORE_CAP_UNIFIED=0 RWM_THREE_TERM=0 RWM_STORE_PERCAP=0 RWM_PERCAP_GUARD=1 RWM_STORE_BORROW=0 RWM_HONEST_CAP=1 RWM_POOL_ANCHOR=0 RWM_POOL_DELIV=0 RWM_FLOOR_BOUND=0 RWM_ACK_MERGE=1 RWM_PATIENCE_DERIVED=0 RWM_SIDLE_DERIVED=0 RWM_WIN_DECOUPLE=0 RWM_PLACE_SLACK=0 RWM_GEN=384 RWM_PIPELINE=2 RWM_GEN_PIPE=1 RWM_GEN_R=unset RWM_GEN_RATE=9000 RWM_GEN_RATE_FLOOR=2000 RWM_GEN_INFLIGHT=unset RWM_OOO_RETAIN=0/16 RWM_WINDOW=unset RWM_REPORT_GENS=unset RWM_REPAIR_WAIT=unset RWM_CODED_SRC=0 RWM_NO_REACTIVE=0 RWM_XPATH_REPAIR=0 RWM_PROACTIVE_PACER=0 RWM_REASM_BDP=0 RWM_MIN_R=0 RWM_CC_PACE=0 RWM_CC_PACE_HR=1.1 RWM_REACT_CAP=unset RWM_INFL_CAP=0 RWM_INFL_BDP=unset RWM_COPA_FEED=0 RWM_RS_ATTR=1 RWM_EMIT_BATCH=0 RWM_EMIT_BURST=64 RWM_RECOV_MP=1 RWM_RECOV_MP_LAW=1 RWM_RECOV_MP_LIVE=0 RWM_RECOV_SP=0 RWM_DIAG=0 RWM_ACKDIAG=1 RWM_RDIAG=0 RWM_FDIAG=0 RWM_TRACE=0 RWM_PFRAC=0
[2m2026-08-11T19:13:14.693550Z[0m [32m INFO[0m [2mraptorpath::net[0m[2m:[0m reliable window mode (RWM Phase A): auto-selecting RLC windowed backend
[2m2026-08-11T19:13:14.693556Z[0m [32m INFO[0m [2mraptorpath::net[0m[2m:[0m window mode: clamping TUN MTU to fit one packet per symbol [3mmtu[0m[2m=[0m1196 [3msymbol_size[0m[2m=[0m1200
[2m2026-08-11T19:13:14.693579Z[0m [32m INFO[0m [2mraptorpath::net[0m[2m:[0m using injected TUN interface (no routes/DNS) [3mname[0m[2m=[0mmem
[2m2026-08-11T19:13:14.693687Z[0m [32m INFO[0m [2mraptorpath::transport::quic[0m[2m:[0m quinn congestion controller: BBR (shipped default; RWM_QUIC_CC overrides)
[2m2026-08-11T19:13:14.694180Z[0m [32m INFO[0m [2mraptorpath::transport::quic[0m[2m:[0m MTU floor: min_mtu=initial_mtu — quinn black-hole reset keeps symbol datagrams sendable (fix/frontier-wedge) [3mfloor[0m[2m=[0m1350
[2m2026-08-11T19:13:14.694201Z[0m [32m INFO[0m [2mraptorpath::transport::quic[0m[2m:[0m compact DATA framing ACTIVE (RWM_WIRE_COMPACT v5: one-symbol datagrams ride the tag+varint frame, ~14-16 B vs 65-B legacy framing; receive support unconditional; datagrams SHRINK — no MTU-floor interaction)
[2m2026-08-11T19:13:14.694209Z[0m [32m INFO[0m [2mraptorpath::transport::quic[0m[2m:[0m client endpoint bound [3maddr[0m[2m=[0m10.77.0.1:0 [3mpath_id[0m[2m=[0m0
[2m2026-08-11T19:13:14.897728Z[0m [32m INFO[0m [2mraptorpath::transport::quic[0m[2m:[0m handshake complete [3mlocal_version[0m[2m=[0m7 [3mpeer_version[0m[2m=[0m7 [3mpeer_path_id[0m[2m=[0m0
[2m2026-08-11T19:13:14.897763Z[0m [32m INFO[0m [2mraptorpath::transport::quic[0m[2m:[0m connected and handshake complete [3mpath_id[0m[2m=[0m0 [3mpeer_addr[0m[2m=[0m10.77.0.2:7000
[2m2026-08-11T19:13:14.897775Z[0m [32m INFO[0m [2mraptorpath::net[0m[2m:[0m all paths connected
[2m2026-08-11T19:13:14.897784Z[0m [32m INFO[0m [2mraptorpath::net[0m[2m:[0m block assembly profile [3mmax_block_size[0m[2m=[0m65536 [3mflush_timeout_ms[0m[2m=[0m5 [3msymbol_size[0m[2m=[0m1200 [3minterleave_depth[0m[2m=[0m1
[2m2026-08-11T19:13:14.897808Z[0m [32m INFO[0m [2mraptorpath::net[0m[2m:[0m sliding-window FEC mode [3msymbol_size[0m[2m=[0m1200 [3mbackend[0m[2m=[0mRlc
[2m2026-08-11T19:13:14.897837Z[0m [32m INFO[0m [2mraptorpath::net[0m[2m:[0m O(1) windowed-max rate filter ACTIVE (RWM_HONEST_ANCHOR: max_bw read off a monotonic max-deque maintained beside bw_samples — the VALUE-IDENTICAL statistic, same [1s,10s] window, same evictions, amortized O(1) per accepted sample instead of the O(window) full-window fold that costs +61-64% sender CPU/byte at c1 under RWM_PLAIN_RS; zero constants; RWM_HONEST_ANCHOR=0 = legacy fold control, value-identical by unit-pinned equivalence)
[2m2026-08-11T19:13:14.897847Z[0m [32m INFO[0m [2mraptorpath::net[0m[2m:[0m ack-merge ACTIVE (RWM_ACK_MERGE: WINDOW mode sends ONE control datagram per data message instead of two — the legacy per-batch Ack is suppressed, the SACK WindowAck goes unconditional at that cadence and carries the Ack's payload in the v6 cumulative cum_expected/cum_received counters, every Ack-arm consumer re-homed onto the counter diff; BLOCK mode bit-exact; the delivery statistic/cadence/counts unchanged) [3mcopa_feed[0m[2m=[0mfalse
[2m2026-08-11T19:13:14.897944Z[0m [32m INFO[0m [2mraptorpath::net[0m[2m:[0m RWM_UNIFIED: receive path on the unified global decoder (one machine, both wires) [3mgeneration[0m[2m=[0mfalse
[2m2026-08-11T19:13:14.897967Z[0m [32m INFO[0m [2mraptorpath::net[0m[2m:[0m M* peer-report RTT-feed suppression ACTIVE (RWM_MSTAR_ANCHOR plain-live subset: local-echo-only RTT feed + estimator seed-from-sample)
[2m2026-08-11T19:13:14.897978Z[0m [32m INFO[0m [2mraptorpath::net[0m[2m:[0m path-scaled outstanding pool ACTIVE (RWM_STORE_PATHS: cap = clamp(gain*N*pipe, floor, N*pool) for N>=2 live paths; N=1 legacy) [3mpool_per_path[0m[2m=[0m2048 [3mgain[0m[2m=[0m2.0
[2m2026-08-11T19:13:14.897989Z[0m [32m INFO[0m [2mraptorpath::net[0m[2m:[0m SACK-clocked store release ACTIVE (RWM_STORE_SACK_RELEASE: SACKed seqs uncounted from the outstanding gate, payload + ARQ maps retained until the cumulative frontier — slot release, never recoverability)
[2m2026-08-11T19:13:14.897994Z[0m [32m INFO[0m [2mraptorpath::net[0m[2m:[0m budget-conserving taper emission ACTIVE (RWM_TAPER_R: plain-mode proactive repair budgeted at r x source per coding window; legacy = r per ack cycle)
[2m2026-08-11T19:13:14.897997Z[0m [32m INFO[0m [2mraptorpath::net[0m[2m:[0m unified span law ACTIVE (RWM_UNIFIED: plain-mode proactive repair over the trailing solvable span [end-A*, end-Δ), A* from δ) [3mhint[0m[2m=[0mBulk
[2m2026-08-11T19:13:14.898001Z[0m [32m INFO[0m [2mraptorpath::net[0m[2m:[0m A* send-rate anchor ACTIVE (RWM_ASTAR_ANCHOR: windowed-max send rate over ~8 SRTT, clock-gap sample discard)
[2m2026-08-11T19:13:14.898006Z[0m [32m INFO[0m [2mraptorpath::net[0m[2m:[0m clock-gap estimator hygiene ACTIVE (RWM_CLOCK_GAP: process-clock stall witness, post-stall sample discard at the ack feed sites)
[2m2026-08-11T19:13:14.898041Z[0m [32m INFO[0m [2mraptorpath::net[0m[2m:[0m multipath recovery suppression ACTIVE (RWM_RECOV_MP: per-flight RFC9002-style time-threshold hole law on the flight path's smoothed clocks; N=1 live path keeps legacy gates bit-exactly) [3mlaw[0m[2m=[0mtrue
[2m2026-08-11T19:13:14.998581Z[0m [32m INFO[0m [2mraptorpath::scheduler[0m[2m:[0m Copa TCP-competitive mode (RWM_COPA_COMPETE, requires the wire signal) [3mcopa_compete[0m[2m=[0mfalse
{"seconds":0.305524,"warmup":true}
[ACKDIAG] p0 win=1.90s acks=14254/z=0(0.0%) gap_us[p50=22 p90=368 p99=1033 n=14253] drecv[p50=1 p90=1 max=1 n=14254 sum=14254] rd[acc=1243 rej=13011 cnt=14254] rate_lr=7497sym/s x[p50=1.26 p90=1.79 p99=2.56] xanchor=4.31 anchor=3239sym rtprop=100.35ms recon[sent=15140 crecv=14254 cexp=14620 srcack=14122 cr/s=0.941 ce/cr=1.026 cr/sa=1.009] ov=0
[ACKDIAG] p0 win=2.00s acks=18762/z=0(0.0%) gap_us[p50=20 p90=374 p99=930 n=18762] drecv[p50=1 p90=1 max=1 n=18762 sum=18762] rd[acc=1599 rej=17163 cnt=18762] rate_lr=9379sym/s x[p50=1.01 p90=1.41 p99=2.19] xanchor=5.36 anchor=5046sym rtprop=100.35ms recon[sent=33668 crecv=33016 cexp=33919 srcack=31867 cr/s=0.981 ce/cr=1.027 cr/sa=1.036] ov=0
[ACKDIAG] p0 win=2.00s acks=18577/z=11(0.1%) gap_us[p50=17 p90=301 p99=1023 n=18577] drecv[p50=1 p90=1 max=10 n=18566 sum=18577] rd[acc=1542 rej=17024 cnt=18577] rate_lr=9283sym/s x[p50=1.02 p90=1.58 p99=2.56] xanchor=5.92 anchor=5516sym rtprop=100.35ms recon[sent=52029 crecv=51593 cexp=53046 srcack=50310 cr/s=0.992 ce/cr=1.028 cr/sa=1.026] ov=0
[ACKDIAG] p0 win=2.00s acks=18641/z=0(0.0%) gap_us[p50=17 p90=318 p99=1005 n=18641] drecv[p50=1 p90=1 max=1 n=18641 sum=18641] rd[acc=1569 rej=17072 cnt=18641] rate_lr=9318sym/s x[p50=1.02 p90=1.55 p99=2.55] xanchor=7.72 anchor=7217sym rtprop=100.35ms recon[sent=70445 crecv=70234 cexp=72236 srcack=69425 cr/s=0.997 ce/cr=1.029 cr/sa=1.012] ov=0
{"bytes":100000000,"hint":"bulk","mbps":83.673,"proto":"rp-native","run":1,"seconds":9.561069}
{"bytes":100000000,"dnf":0,"hint":"bulk","max_s":9.5611,"mean_mbps":83.673,"mean_s":9.5611,"median_s":9.5611,"min_s":9.5611,"proto":"rp-native","runs":1,"stdev_s":0.0,"summary":true}
[2m2026-08-11T19:13:24.560835Z[0m [32m INFO[0m [2mraptorpath::tun[0m[2m:[0m cleaning up TUN interface [3mname[0m[2m=[0mmem
