[2m2026-08-11T19:12:52.431394Z[0m [32m INFO[0m [2mraptorpath[0m[2m:[0m perf configuration [3mpeer_config[0m[2m=[0mPeerConfig { bind_addrs: [10.77.0.1:0, 10.78.0.1:0], peer_addrs: [10.77.0.2:7000, 10.78.0.2:7000], tun_name: "rpath0", tun_addr: "10.99.0.1/24", target_tail_loss: 1e-5, max_fec_overhead: 0.5, protocol_hint: Bulk, is_server: false, status_addr: None, routes: [], dns: None, interleave_depth: 1, pin_cert: None, fec_backend: RaptorQ, fec_backend_explicit: false, window_reliable: true, enable_pi_feedback: true, reorder_timeout_ms: 20, reorder_max_size: 500, inner_feedback_weight: 0.0, mp_block_affinity: true, window_out_of_order: false, window_coded_only: false, window_generation_coding: false, window_systematic_repair: false }
[2m2026-08-11T19:12:52.431527Z[0m [32m INFO[0m [2mraptorpath::scheduler[0m[2m:[0m Copa wire-clocked signal (RWM_COPA_WIRE / RWM_QUIC_CC / RWM_COPA_FEED) [3mcopa_wire[0m[2m=[0mfalse [3mquic_cc[0m[2m=[0m"unset" [3mcopa_wire_env[0m[2m=[0m"unset"
[2m2026-08-11T19:12:52.431558Z[0m [32m INFO[0m [2mraptorpath::gates[0m[2m:[0m [GATES] RWM_UNIFIED=1 RWM_UNIFIED_SHED=1 RWM_TAPER_R=1 RWM_ASTAR_ANCHOR=1 RWM_MSTAR_ANCHOR=1 RWM_PLAIN_RS=0 RWM_HONEST_ANCHOR=1 RWM_HONEST_K=0 RWM_STORE_SACK_RELEASE=1 RWM_STORE_PATHS=1 RWM_STORE_PATH_POOL=2048 RWM_STORE=unset RWM_STORE_GAIN=2 RWM_STORE_BOOT=128 RWM_STORE_CAPW=0 RWM_STORE_CAP_UNIFIED=0 RWM_THREE_TERM=0 RWM_STORE_PERCAP=0 RWM_PERCAP_GUARD=1 RWM_STORE_BORROW=0 RWM_HONEST_CAP=1 RWM_POOL_ANCHOR=0 RWM_POOL_DELIV=0 RWM_FLOOR_BOUND=0 RWM_ACK_MERGE=1 RWM_PATIENCE_DERIVED=0 RWM_SIDLE_DERIVED=0 RWM_WIN_DECOUPLE=0 RWM_PLACE_SLACK=0 RWM_GEN=384 RWM_PIPELINE=2 RWM_GEN_PIPE=1 RWM_GEN_R=unset RWM_GEN_RATE=9000 RWM_GEN_RATE_FLOOR=2000 RWM_GEN_INFLIGHT=unset RWM_OOO_RETAIN=0/16 RWM_WINDOW=unset RWM_REPORT_GENS=unset RWM_REPAIR_WAIT=unset RWM_CODED_SRC=0 RWM_NO_REACTIVE=0 RWM_XPATH_REPAIR=0 RWM_PROACTIVE_PACER=0 RWM_REASM_BDP=0 RWM_MIN_R=0 RWM_CC_PACE=0 RWM_CC_PACE_HR=1.1 RWM_REACT_CAP=unset RWM_INFL_CAP=0 RWM_INFL_BDP=unset RWM_COPA_FEED=0 RWM_RS_ATTR=1 RWM_EMIT_BATCH=0 RWM_EMIT_BURST=64 RWM_RECOV_MP=1 RWM_RECOV_MP_LAW=1 RWM_RECOV_MP_LIVE=0 RWM_RECOV_SP=0 RWM_DIAG=0 RWM_ACKDIAG=1 RWM_RDIAG=0 RWM_FDIAG=0 RWM_TRACE=0 RWM_PFRAC=0
[2m2026-08-11T19:12:52.431580Z[0m [32m INFO[0m [2mraptorpath::net[0m[2m:[0m reliable window mode (RWM Phase A): auto-selecting RLC windowed backend
[2m2026-08-11T19:12:52.431584Z[0m [32m INFO[0m [2mraptorpath::net[0m[2m:[0m window mode: clamping TUN MTU to fit one packet per symbol [3mmtu[0m[2m=[0m1196 [3msymbol_size[0m[2m=[0m1200
[2m2026-08-11T19:12:52.431588Z[0m [32m INFO[0m [2mraptorpath::net[0m[2m:[0m using injected TUN interface (no routes/DNS) [3mname[0m[2m=[0mmem
[2m2026-08-11T19:12:52.431661Z[0m [32m INFO[0m [2mraptorpath::transport::quic[0m[2m:[0m quinn congestion controller: BBR (shipped default; RWM_QUIC_CC overrides)
[2m2026-08-11T19:12:52.431996Z[0m [32m INFO[0m [2mraptorpath::transport::quic[0m[2m:[0m MTU floor: min_mtu=initial_mtu — quinn black-hole reset keeps symbol datagrams sendable (fix/frontier-wedge) [3mfloor[0m[2m=[0m1350
[2m2026-08-11T19:12:52.432008Z[0m [32m INFO[0m [2mraptorpath::transport::quic[0m[2m:[0m compact DATA framing ACTIVE (RWM_WIRE_COMPACT v5: one-symbol datagrams ride the tag+varint frame, ~14-16 B vs 65-B legacy framing; receive support unconditional; datagrams SHRINK — no MTU-floor interaction)
[2m2026-08-11T19:12:52.432013Z[0m [32m INFO[0m [2mraptorpath::transport::quic[0m[2m:[0m client endpoint bound [3maddr[0m[2m=[0m10.77.0.1:0 [3mpath_id[0m[2m=[0m0
[2m2026-08-11T19:12:52.432018Z[0m [32m INFO[0m [2mraptorpath::transport::quic[0m[2m:[0m quinn congestion controller: BBR (shipped default; RWM_QUIC_CC overrides)
[2m2026-08-11T19:12:52.432251Z[0m [32m INFO[0m [2mraptorpath::transport::quic[0m[2m:[0m MTU floor: min_mtu=initial_mtu — quinn black-hole reset keeps symbol datagrams sendable (fix/frontier-wedge) [3mfloor[0m[2m=[0m1350
[2m2026-08-11T19:12:52.432265Z[0m [32m INFO[0m [2mraptorpath::transport::quic[0m[2m:[0m compact DATA framing ACTIVE (RWM_WIRE_COMPACT v5: one-symbol datagrams ride the tag+varint frame, ~14-16 B vs 65-B legacy framing; receive support unconditional; datagrams SHRINK — no MTU-floor interaction)
[2m2026-08-11T19:12:52.432272Z[0m [32m INFO[0m [2mraptorpath::transport::quic[0m[2m:[0m client endpoint bound [3maddr[0m[2m=[0m10.78.0.1:0 [3mpath_id[0m[2m=[0m1
[2m2026-08-11T19:12:52.461226Z[0m [32m INFO[0m [2mraptorpath::transport::quic[0m[2m:[0m handshake complete [3mlocal_version[0m[2m=[0m7 [3mpeer_version[0m[2m=[0m7 [3mpeer_path_id[0m[2m=[0m0
[2m2026-08-11T19:12:52.461248Z[0m [32m INFO[0m [2mraptorpath::transport::quic[0m[2m:[0m connected and handshake complete [3mpath_id[0m[2m=[0m0 [3mpeer_addr[0m[2m=[0m10.77.0.2:7000
[2m2026-08-11T19:12:52.489064Z[0m [32m INFO[0m [2mraptorpath::transport::quic[0m[2m:[0m handshake complete [3mlocal_version[0m[2m=[0m7 [3mpeer_version[0m[2m=[0m7 [3mpeer_path_id[0m[2m=[0m1
[2m2026-08-11T19:12:52.489110Z[0m [32m INFO[0m [2mraptorpath::transport::quic[0m[2m:[0m connected and handshake complete [3mpath_id[0m[2m=[0m1 [3mpeer_addr[0m[2m=[0m10.78.0.2:7000
[2m2026-08-11T19:12:52.489119Z[0m [32m INFO[0m [2mraptorpath::net[0m[2m:[0m all paths connected
[2m2026-08-11T19:12:52.489124Z[0m [32m INFO[0m [2mraptorpath::net[0m[2m:[0m block assembly profile [3mmax_block_size[0m[2m=[0m65536 [3mflush_timeout_ms[0m[2m=[0m5 [3msymbol_size[0m[2m=[0m1200 [3minterleave_depth[0m[2m=[0m1
[2m2026-08-11T19:12:52.489154Z[0m [32m INFO[0m [2mraptorpath::net[0m[2m:[0m sliding-window FEC mode [3msymbol_size[0m[2m=[0m1200 [3mbackend[0m[2m=[0mRlc
[2m2026-08-11T19:12:52.489235Z[0m [32m INFO[0m [2mraptorpath::net[0m[2m:[0m O(1) windowed-max rate filter ACTIVE (RWM_HONEST_ANCHOR: max_bw read off a monotonic max-deque maintained beside bw_samples — the VALUE-IDENTICAL statistic, same [1s,10s] window, same evictions, amortized O(1) per accepted sample instead of the O(window) full-window fold that costs +61-64% sender CPU/byte at c1 under RWM_PLAIN_RS; zero constants; RWM_HONEST_ANCHOR=0 = legacy fold control, value-identical by unit-pinned equivalence)
[2m2026-08-11T19:12:52.489248Z[0m [32m INFO[0m [2mraptorpath::net[0m[2m:[0m ack-merge ACTIVE (RWM_ACK_MERGE: WINDOW mode sends ONE control datagram per data message instead of two — the legacy per-batch Ack is suppressed, the SACK WindowAck goes unconditional at that cadence and carries the Ack's payload in the v6 cumulative cum_expected/cum_received counters, every Ack-arm consumer re-homed onto the counter diff; BLOCK mode bit-exact; the delivery statistic/cadence/counts unchanged) [3mcopa_feed[0m[2m=[0mfalse
[2m2026-08-11T19:12:52.489320Z[0m [32m INFO[0m [2mraptorpath::net[0m[2m:[0m RWM_UNIFIED: receive path on the unified global decoder (one machine, both wires) [3mgeneration[0m[2m=[0mfalse
[2m2026-08-11T19:12:52.489323Z[0m [32m INFO[0m [2mraptorpath::net[0m[2m:[0m M* peer-report RTT-feed suppression ACTIVE (RWM_MSTAR_ANCHOR plain-live subset: local-echo-only RTT feed + estimator seed-from-sample)
[2m2026-08-11T19:12:52.489344Z[0m [32m INFO[0m [2mraptorpath::net[0m[2m:[0m path-scaled outstanding pool ACTIVE (RWM_STORE_PATHS: cap = clamp(gain*N*pipe, floor, N*pool) for N>=2 live paths; N=1 legacy) [3mpool_per_path[0m[2m=[0m2048 [3mgain[0m[2m=[0m2.0
[2m2026-08-11T19:12:52.489350Z[0m [32m INFO[0m [2mraptorpath::net[0m[2m:[0m SACK-clocked store release ACTIVE (RWM_STORE_SACK_RELEASE: SACKed seqs uncounted from the outstanding gate, payload + ARQ maps retained until the cumulative frontier — slot release, never recoverability)
[2m2026-08-11T19:12:52.489354Z[0m [32m INFO[0m [2mraptorpath::net[0m[2m:[0m budget-conserving taper emission ACTIVE (RWM_TAPER_R: plain-mode proactive repair budgeted at r x source per coding window; legacy = r per ack cycle)
[2m2026-08-11T19:12:52.489368Z[0m [32m INFO[0m [2mraptorpath::net[0m[2m:[0m unified span law ACTIVE (RWM_UNIFIED: plain-mode proactive repair over the trailing solvable span [end-A*, end-Δ), A* from δ) [3mhint[0m[2m=[0mBulk
[2m2026-08-11T19:12:52.489372Z[0m [32m INFO[0m [2mraptorpath::net[0m[2m:[0m A* send-rate anchor ACTIVE (RWM_ASTAR_ANCHOR: windowed-max send rate over ~8 SRTT, clock-gap sample discard)
[2m2026-08-11T19:12:52.489379Z[0m [32m INFO[0m [2mraptorpath::net[0m[2m:[0m clock-gap estimator hygiene ACTIVE (RWM_CLOCK_GAP: process-clock stall witness, post-stall sample discard at the ack feed sites)
[2m2026-08-11T19:12:52.489402Z[0m [32m INFO[0m [2mraptorpath::net[0m[2m:[0m multipath recovery suppression ACTIVE (RWM_RECOV_MP: per-flight RFC9002-style time-threshold hole law on the flight path's smoothed clocks; N=1 live path keeps legacy gates bit-exactly) [3mlaw[0m[2m=[0mtrue
{"seconds":0.068284,"warmup":true}
[2m2026-08-11T19:12:52.499763Z[0m [32m INFO[0m [2mraptorpath::scheduler[0m[2m:[0m Copa TCP-competitive mode (RWM_COPA_COMPETE, requires the wire signal) [3mcopa_compete[0m[2m=[0mfalse
[ACKDIAG] p0 win=1.98s acks=18740/z=14(0.1%) gap_us[p50=14 p90=91 p99=1966 n=18739] drecv[p50=1 p90=1 max=5 n=18726 sum=18740] rd[acc=1111 rej=17615 cnt=18740] rate_lr=9455sym/s x[p50=0.95 p90=2.27 p99=5.13] xanchor=8.31 anchor=606sym rtprop=7.71ms recon[sent=19409 crecv=18740 cexp=37645 srcack=35399 cr/s=0.966 ce/cr=2.009 cr/sa=0.529] ov=0
[ACKDIAG] p1 win=1.99s acks=18706/z=29(0.2%) gap_us[p50=14 p90=86 p99=1830 n=18705] drecv[p50=1 p90=1 max=5 n=18677 sum=18706] rd[acc=1113 rej=17564 cnt=18706] rate_lr=9399sym/s x[p50=0.98 p90=2.15 p99=5.04] xanchor=8.06 anchor=732sym rtprop=9.66ms recon[sent=20305 crecv=18706 cexp=38680 srcack=35399 cr/s=0.921 ce/cr=2.068 cr/sa=0.528] ov=0
[ACKDIAG] p0 win=2.00s acks=19290/z=20(0.1%) gap_us[p50=13 p90=83 p99=1904 n=19290] drecv[p50=1 p90=1 max=5 n=19270 sum=19290] rd[acc=1111 rej=18159 cnt=19290] rate_lr=9645sym/s x[p50=1.01 p90=2.17 p99=5.01] xanchor=8.14 anchor=606sym rtprop=7.71ms recon[sent=38542 crecv=38030 cexp=77060 srcack=69290 cr/s=0.987 ce/cr=2.026 cr/sa=0.549] ov=0
[ACKDIAG] p1 win=2.00s acks=19275/z=19(0.1%) gap_us[p50=14 p90=84 p99=1807 n=19275] drecv[p50=1 p90=1 max=5 n=19256 sum=19275] rd[acc=1097 rej=18159 cnt=19275] rate_lr=9637sym/s x[p50=0.98 p90=2.25 p99=4.84] xanchor=8.22 anchor=765sym rtprop=9.66ms recon[sent=38523 crecv=37981 cexp=78881 srcack=69290 cr/s=0.986 ce/cr=2.077 cr/sa=0.548] ov=0
[ACKDIAG] p0 win=2.00s acks=18823/z=18(0.1%) gap_us[p50=13 p90=73 p99=2030 n=18823] drecv[p50=1 p90=1 max=4 n=18805 sum=18823] rd[acc=1048 rej=17757 cnt=18823] rate_lr=9411sym/s x[p50=1.00 p90=2.33 p99=5.82] xanchor=10.66 anchor=774sym rtprop=7.71ms recon[sent=57755 crecv=56853 cexp=116498 srcack=108837 cr/s=0.984 ce/cr=2.049 cr/sa=0.522] ov=0
[ACKDIAG] p1 win=2.00s acks=19076/z=13(0.1%) gap_us[p50=13 p90=79 p99=1858 n=19076] drecv[p50=1 p90=1 max=4 n=19063 sum=19076] rd[acc=1069 rej=17994 cnt=19076] rate_lr=9538sym/s x[p50=0.97 p90=2.18 p99=5.94] xanchor=8.85 anchor=815sym rtprop=9.66ms recon[sent=56791 crecv=57057 cexp=117422 srcack=108837 cr/s=1.005 ce/cr=2.058 cr/sa=0.524] ov=0
[ACKDIAG] p0 win=2.00s acks=18908/z=14(0.1%) gap_us[p50=13 p90=78 p99=1925 n=18908] drecv[p50=1 p90=1 max=4 n=18894 sum=18908] rd[acc=1044 rej=17850 cnt=18908] rate_lr=9454sym/s x[p50=0.98 p90=2.26 p99=6.00] xanchor=10.62 anchor=774sym rtprop=7.71ms recon[sent=74996 crecv=75761 cexp=156395 srcack=148192 cr/s=1.010 ce/cr=2.064 cr/sa=0.511] ov=0
[ACKDIAG] p1 win=2.00s acks=19097/z=18(0.1%) gap_us[p50=13 p90=73 p99=2006 n=19097] drecv[p50=1 p90=1 max=4 n=19079 sum=19097] rd[acc=1036 rej=18043 cnt=19097] rate_lr=9548sym/s x[p50=1.00 p90=2.30 p99=6.15] xanchor=9.88 anchor=911sym rtprop=9.66ms recon[sent=76209 crecv=76154 cexp=155428 srcack=148192 cr/s=0.999 ce/cr=2.041 cr/sa=0.514] ov=0
{"bytes":200000000,"hint":"bulk","mbps":176.209,"proto":"rp-native","run":1,"seconds":9.080151}
{"bytes":200000000,"dnf":0,"hint":"bulk","max_s":9.0802,"mean_mbps":176.209,"mean_s":9.0802,"median_s":9.0802,"min_s":9.0802,"proto":"rp-native","runs":1,"stdev_s":0.0,"summary":true}
[2m2026-08-11T19:13:01.579969Z[0m [32m INFO[0m [2mraptorpath::net[0m[2m:[0m TUN closed
[2m2026-08-11T19:13:01.580039Z[0m [32m INFO[0m [2mraptorpath::tun[0m[2m:[0m cleaning up TUN interface [3mname[0m[2m=[0mmem
