[2m2026-08-11T19:12:16.456450Z[0m [32m INFO[0m [2mraptorpath[0m[2m:[0m perf configuration [3mpeer_config[0m[2m=[0mPeerConfig { bind_addrs: [10.77.0.2:7000, 10.78.0.2:7000], peer_addrs: [], tun_name: "rpath0", tun_addr: "10.99.0.1/24", target_tail_loss: 1e-5, max_fec_overhead: 0.5, protocol_hint: Bulk, is_server: true, status_addr: None, routes: [], dns: None, interleave_depth: 1, pin_cert: None, fec_backend: RaptorQ, fec_backend_explicit: false, window_reliable: true, enable_pi_feedback: true, reorder_timeout_ms: 20, reorder_max_size: 500, inner_feedback_weight: 0.0, mp_block_affinity: true, window_out_of_order: false, window_coded_only: false, window_generation_coding: false, window_systematic_repair: false }
perf server ready (rp-native object mode)
[2m2026-08-11T19:12:16.456658Z[0m [32m INFO[0m [2mraptorpath::scheduler[0m[2m:[0m Copa wire-clocked signal (RWM_COPA_WIRE / RWM_QUIC_CC / RWM_COPA_FEED) [3mcopa_wire[0m[2m=[0mfalse [3mquic_cc[0m[2m=[0m"unset" [3mcopa_wire_env[0m[2m=[0m"unset"
[2m2026-08-11T19:12:16.456711Z[0m [32m INFO[0m [2mraptorpath::gates[0m[2m:[0m [GATES] RWM_UNIFIED=1 RWM_UNIFIED_SHED=1 RWM_TAPER_R=1 RWM_ASTAR_ANCHOR=1 RWM_MSTAR_ANCHOR=1 RWM_PLAIN_RS=0 RWM_HONEST_ANCHOR=1 RWM_HONEST_K=0 RWM_STORE_SACK_RELEASE=1 RWM_STORE_PATHS=1 RWM_STORE_PATH_POOL=2048 RWM_STORE=unset RWM_STORE_GAIN=2 RWM_STORE_BOOT=128 RWM_STORE_CAPW=0 RWM_STORE_CAP_UNIFIED=0 RWM_THREE_TERM=0 RWM_STORE_PERCAP=0 RWM_PERCAP_GUARD=1 RWM_STORE_BORROW=0 RWM_HONEST_CAP=1 RWM_POOL_ANCHOR=0 RWM_POOL_DELIV=0 RWM_FLOOR_BOUND=0 RWM_ACK_MERGE=1 RWM_PATIENCE_DERIVED=0 RWM_SIDLE_DERIVED=0 RWM_WIN_DECOUPLE=0 RWM_PLACE_SLACK=0 RWM_GEN=384 RWM_PIPELINE=2 RWM_GEN_PIPE=1 RWM_GEN_R=unset RWM_GEN_RATE=9000 RWM_GEN_RATE_FLOOR=2000 RWM_GEN_INFLIGHT=unset RWM_OOO_RETAIN=0/16 RWM_WINDOW=unset RWM_REPORT_GENS=unset RWM_REPAIR_WAIT=unset RWM_CODED_SRC=0 RWM_NO_REACTIVE=0 RWM_XPATH_REPAIR=0 RWM_PROACTIVE_PACER=0 RWM_REASM_BDP=0 RWM_MIN_R=0 RWM_CC_PACE=0 RWM_CC_PACE_HR=1.1 RWM_REACT_CAP=unset RWM_INFL_CAP=0 RWM_INFL_BDP=unset RWM_COPA_FEED=0 RWM_RS_ATTR=1 RWM_EMIT_BATCH=0 RWM_EMIT_BURST=64 RWM_RECOV_MP=1 RWM_RECOV_MP_LAW=1 RWM_RECOV_MP_LIVE=0 RWM_RECOV_SP=0 RWM_DIAG=0 RWM_ACKDIAG=1 RWM_RDIAG=0 RWM_FDIAG=0 RWM_TRACE=0 RWM_PFRAC=0
[2m2026-08-11T19:12:16.456769Z[0m [32m INFO[0m [2mraptorpath::net[0m[2m:[0m reliable window mode (RWM Phase A): auto-selecting RLC windowed backend
[2m2026-08-11T19:12:16.456778Z[0m [32m INFO[0m [2mraptorpath::net[0m[2m:[0m window mode: clamping TUN MTU to fit one packet per symbol [3mmtu[0m[2m=[0m1196 [3msymbol_size[0m[2m=[0m1200
[2m2026-08-11T19:12:16.456786Z[0m [32m INFO[0m [2mraptorpath::net[0m[2m:[0m using injected TUN interface (no routes/DNS) [3mname[0m[2m=[0mmem
[2m2026-08-11T19:12:16.456946Z[0m [32m INFO[0m [2mraptorpath::transport::quic[0m[2m:[0m quinn congestion controller: BBR (shipped default; RWM_QUIC_CC overrides)
[2m2026-08-11T19:12:16.457457Z[0m [32m INFO[0m [2mraptorpath::transport::quic[0m[2m:[0m MTU floor: min_mtu=initial_mtu — quinn black-hole reset keeps symbol datagrams sendable (fix/frontier-wedge) [3mfloor[0m[2m=[0m1350
[2m2026-08-11T19:12:16.457473Z[0m [32m INFO[0m [2mraptorpath::transport::quic[0m[2m:[0m compact DATA framing ACTIVE (RWM_WIRE_COMPACT v5: one-symbol datagrams ride the tag+varint frame, ~14-16 B vs 65-B legacy framing; receive support unconditional; datagrams SHRINK — no MTU-floor interaction)
[2m2026-08-11T19:12:16.457499Z[0m [32m INFO[0m [2mraptorpath::transport::quic[0m[2m:[0m server endpoint bound — use this fingerprint for --pin-cert [3maddr[0m[2m=[0m10.77.0.2:7000 [3mpath_id[0m[2m=[0m0 [3mfingerprint[0m[2m=[0m5bac60fe4813c5b9a8311c02a36e98580b409cfb7129b050d6c937848c7e517b
[2m2026-08-11T19:12:16.458109Z[0m [32m INFO[0m [2mraptorpath::transport::quic[0m[2m:[0m quinn congestion controller: BBR (shipped default; RWM_QUIC_CC overrides)
[2m2026-08-11T19:12:16.458369Z[0m [32m INFO[0m [2mraptorpath::transport::quic[0m[2m:[0m MTU floor: min_mtu=initial_mtu — quinn black-hole reset keeps symbol datagrams sendable (fix/frontier-wedge) [3mfloor[0m[2m=[0m1350
[2m2026-08-11T19:12:16.458393Z[0m [32m INFO[0m [2mraptorpath::transport::quic[0m[2m:[0m compact DATA framing ACTIVE (RWM_WIRE_COMPACT v5: one-symbol datagrams ride the tag+varint frame, ~14-16 B vs 65-B legacy framing; receive support unconditional; datagrams SHRINK — no MTU-floor interaction)
[2m2026-08-11T19:12:16.458409Z[0m [32m INFO[0m [2mraptorpath::transport::quic[0m[2m:[0m server endpoint bound — use this fingerprint for --pin-cert [3maddr[0m[2m=[0m10.78.0.2:7000 [3mpath_id[0m[2m=[0m1 [3mfingerprint[0m[2m=[0m86df1ba06b84b8754a71000b67d0bd8e50f05c4284c79f39f6d1cb666ca93334
[2m2026-08-11T19:12:17.875811Z[0m [32m INFO[0m [2mraptorpath::transport::quic[0m[2m:[0m handshake complete (server) [3mlocal_version[0m[2m=[0m7 [3mpeer_version[0m[2m=[0m7 [3mpeer_path_id[0m[2m=[0m0
[2m2026-08-11T19:12:17.875953Z[0m [32m INFO[0m [2mraptorpath::transport::quic[0m[2m:[0m accepted with handshake [3mpath_id[0m[2m=[0m0 [3mremote[0m[2m=[0m10.77.0.1:49656
[2m2026-08-11T19:12:17.904916Z[0m [32m INFO[0m [2mraptorpath::transport::quic[0m[2m:[0m handshake complete (server) [3mlocal_version[0m[2m=[0m7 [3mpeer_version[0m[2m=[0m7 [3mpeer_path_id[0m[2m=[0m1
[2m2026-08-11T19:12:17.904947Z[0m [32m INFO[0m [2mraptorpath::transport::quic[0m[2m:[0m accepted with handshake [3mpath_id[0m[2m=[0m1 [3mremote[0m[2m=[0m10.78.0.1:46726
[2m2026-08-11T19:12:17.904960Z[0m [32m INFO[0m [2mraptorpath::net[0m[2m:[0m all paths connected
[2m2026-08-11T19:12:17.904968Z[0m [32m INFO[0m [2mraptorpath::net[0m[2m:[0m block assembly profile [3mmax_block_size[0m[2m=[0m65536 [3mflush_timeout_ms[0m[2m=[0m5 [3msymbol_size[0m[2m=[0m1200 [3minterleave_depth[0m[2m=[0m1
[2m2026-08-11T19:12:17.904983Z[0m [32m INFO[0m [2mraptorpath::net[0m[2m:[0m sliding-window FEC mode [3msymbol_size[0m[2m=[0m1200 [3mbackend[0m[2m=[0mRlc
[2m2026-08-11T19:12:17.905037Z[0m [32m INFO[0m [2mraptorpath::net[0m[2m:[0m O(1) windowed-max rate filter ACTIVE (RWM_HONEST_ANCHOR: max_bw read off a monotonic max-deque maintained beside bw_samples — the VALUE-IDENTICAL statistic, same [1s,10s] window, same evictions, amortized O(1) per accepted sample instead of the O(window) full-window fold that costs +61-64% sender CPU/byte at c1 under RWM_PLAIN_RS; zero constants; RWM_HONEST_ANCHOR=0 = legacy fold control, value-identical by unit-pinned equivalence)
[2m2026-08-11T19:12:17.905048Z[0m [32m INFO[0m [2mraptorpath::net[0m[2m:[0m ack-merge ACTIVE (RWM_ACK_MERGE: WINDOW mode sends ONE control datagram per data message instead of two — the legacy per-batch Ack is suppressed, the SACK WindowAck goes unconditional at that cadence and carries the Ack's payload in the v6 cumulative cum_expected/cum_received counters, every Ack-arm consumer re-homed onto the counter diff; BLOCK mode bit-exact; the delivery statistic/cadence/counts unchanged) [3mcopa_feed[0m[2m=[0mfalse
[2m2026-08-11T19:12:17.905226Z[0m [32m INFO[0m [2mraptorpath::net[0m[2m:[0m M* peer-report RTT-feed suppression ACTIVE (RWM_MSTAR_ANCHOR plain-live subset: local-echo-only RTT feed + estimator seed-from-sample)
[2m2026-08-11T19:12:17.905238Z[0m [32m INFO[0m [2mraptorpath::net[0m[2m:[0m path-scaled outstanding pool ACTIVE (RWM_STORE_PATHS: cap = clamp(gain*N*pipe, floor, N*pool) for N>=2 live paths; N=1 legacy) [3mpool_per_path[0m[2m=[0m2048 [3mgain[0m[2m=[0m2.0
[2m2026-08-11T19:12:17.905247Z[0m [32m INFO[0m [2mraptorpath::net[0m[2m:[0m SACK-clocked store release ACTIVE (RWM_STORE_SACK_RELEASE: SACKed seqs uncounted from the outstanding gate, payload + ARQ maps retained until the cumulative frontier — slot release, never recoverability)
[2m2026-08-11T19:12:17.905270Z[0m [32m INFO[0m [2mraptorpath::net[0m[2m:[0m budget-conserving taper emission ACTIVE (RWM_TAPER_R: plain-mode proactive repair budgeted at r x source per coding window; legacy = r per ack cycle)
[2m2026-08-11T19:12:17.905292Z[0m [32m INFO[0m [2mraptorpath::net[0m[2m:[0m unified span law ACTIVE (RWM_UNIFIED: plain-mode proactive repair over the trailing solvable span [end-A*, end-Δ), A* from δ) [3mhint[0m[2m=[0mBulk
[2m2026-08-11T19:12:17.905299Z[0m [32m INFO[0m [2mraptorpath::net[0m[2m:[0m A* send-rate anchor ACTIVE (RWM_ASTAR_ANCHOR: windowed-max send rate over ~8 SRTT, clock-gap sample discard)
[2m2026-08-11T19:12:17.905313Z[0m [32m INFO[0m [2mraptorpath::net[0m[2m:[0m clock-gap estimator hygiene ACTIVE (RWM_CLOCK_GAP: process-clock stall witness, post-stall sample discard at the ack feed sites)
[2m2026-08-11T19:12:17.905330Z[0m [32m INFO[0m [2mraptorpath::net[0m[2m:[0m multipath recovery suppression ACTIVE (RWM_RECOV_MP: per-flight RFC9002-style time-threshold hole law on the flight path's smoothed clocks; N=1 live path keeps legacy gates bit-exactly) [3mlaw[0m[2m=[0mtrue
[2m2026-08-11T19:12:17.905404Z[0m [32m INFO[0m [2mraptorpath::net[0m[2m:[0m RWM_UNIFIED: receive path on the unified global decoder (one machine, both wires) [3mgeneration[0m[2m=[0mfalse
{"assemble_s":0.000024,"bytes":64,"chunks":1,"obj_id":0,"server":true}
[2m2026-08-11T19:12:17.930028Z[0m [32m INFO[0m [2mraptorpath::scheduler[0m[2m:[0m Copa TCP-competitive mode (RWM_COPA_COMPETE, requires the wire signal) [3mcopa_compete[0m[2m=[0mfalse
[ACKDIAG] p0 win=1.87s acks=24/z=0(0.0%) gap_us[p50=75290 p90=158319 p99=251789 n=23] drecv[p50=1 p90=1 max=3 n=24 sum=27] rd[acc=16 rej=8 cnt=27] rate_lr=14sym/s x[p50=1.02 p90=7.53 p99=49.15] xanchor=49.15 anchor=18sym rtprop=25.79ms recon[sent=0 crecv=27 cexp=34 srcack=0 cr/s=- ce/cr=1.259 cr/sa=-] ov=0
[ACKDIAG] p1 win=2.00s acks=8/z=0(0.0%) gap_us[p50=138378 p90=414491 p99=424773 n=7] drecv[p50=1 p90=1 max=1 n=8 sum=8] rd[acc=6 rej=2 cnt=8] rate_lr=4sym/s x[p50=1.49 p90=3.86 p99=3.86] xanchor=- anchor=0sym rtprop=15.21ms recon[sent=1 crecv=8 cexp=23 srcack=0 cr/s=8.000 ce/cr=2.875 cr/sa=-] ov=0
[ACKDIAG] p0 win=2.02s acks=19/z=0(0.0%) gap_us[p50=107835 p90=273202 p99=420244 n=19] drecv[p50=1 p90=1 max=1 n=19 sum=19] rd[acc=10 rej=9 cnt=19] rate_lr=9sym/s x[p50=1.08 p90=1.88 p99=1.97] xanchor=75.51 anchor=18sym rtprop=25.79ms recon[sent=0 crecv=46 cexp=56 srcack=0 cr/s=- ce/cr=1.217 cr/sa=-] ov=0
[ACKDIAG] p1 win=2.02s acks=3/z=0(0.0%) gap_us[p50=442166 p90=2096809 p99=2096809 n=3] drecv[p50=1 p90=1 max=1 n=3 sum=3] rd[acc=2 rej=1 cnt=3] rate_lr=1sym/s x[p50=3.04 p90=3.04 p99=3.04] xanchor=10.38 anchor=0sym rtprop=15.21ms recon[sent=1 crecv=11 cexp=55 srcack=0 cr/s=11.000 ce/cr=5.000 cr/sa=-] ov=0
[ACKDIAG] p0 win=2.02s acks=19/z=0(0.0%) gap_us[p50=40843 p90=250815 p99=331411 n=19] drecv[p50=1 p90=1 max=1 n=19 sum=19] rd[acc=10 rej=9 cnt=19] rate_lr=9sym/s x[p50=1.13 p90=1.74 p99=5.20] xanchor=75.52 anchor=13sym rtprop=18.37ms recon[sent=0 crecv=65 cexp=76 srcack=0 cr/s=- ce/cr=1.169 cr/sa=-] ov=0
[ACKDIAG] p1 win=2.02s acks=1/z=0(0.0%) gap_us[p50=1088947 p90=1088947 p99=1088947 n=1] drecv[p50=1 p90=1 max=1 n=1 sum=1] rd[acc=1 rej=0 cnt=1] rate_lr=0sym/s x[p50=1.85 p90=1.85 p99=1.85] xanchor=31.14 anchor=0sym rtprop=15.21ms recon[sent=1 crecv=12 cexp=66 srcack=0 cr/s=12.000 ce/cr=5.500 cr/sa=-] ov=0
[ACKDIAG] p0 win=2.02s acks=19/z=0(0.0%) gap_us[p50=136649 p90=219168 p99=258478 n=19] drecv[p50=1 p90=1 max=1 n=19 sum=19] rd[acc=10 rej=9 cnt=19] rate_lr=9sym/s x[p50=1.06 p90=1.51 p99=1.56] xanchor=75.57 anchor=13sym rtprop=18.37ms recon[sent=0 crecv=84 cexp=95 srcack=0 cr/s=- ce/cr=1.131 cr/sa=-] ov=0
[ACKDIAG] p1 win=2.02s acks=1/z=0(0.0%) gap_us[p50=3114789 p90=3114789 p99=3114789 n=1] drecv[p50=1 p90=1 max=1 n=1 sum=1] rd[acc=1 rej=0 cnt=1] rate_lr=0sym/s x[p50=0.65 p90=0.65 p99=0.65] xanchor=31.16 anchor=0sym rtprop=15.21ms recon[sent=1 crecv=13 cexp=97 srcack=0 cr/s=13.000 ce/cr=7.462 cr/sa=-] ov=0
{"assemble_s":9.293853,"bytes":200000000,"chunks":169205,"obj_id":1,"server":true}
