[2m2026-08-11T19:12:17.778592Z[0m [32m INFO[0m [2mraptorpath[0m[2m:[0m perf configuration [3mpeer_config[0m[2m=[0mPeerConfig { bind_addrs: [10.77.0.1:0, 10.78.0.1:0], peer_addrs: [10.77.0.2:7000, 10.78.0.2:7000], tun_name: "rpath0", tun_addr: "10.99.0.1/24", target_tail_loss: 1e-5, max_fec_overhead: 0.5, protocol_hint: Bulk, is_server: false, status_addr: None, routes: [], dns: None, interleave_depth: 1, pin_cert: None, fec_backend: RaptorQ, fec_backend_explicit: false, window_reliable: true, enable_pi_feedback: true, reorder_timeout_ms: 20, reorder_max_size: 500, inner_feedback_weight: 0.0, mp_block_affinity: true, window_out_of_order: false, window_coded_only: false, window_generation_coding: false, window_systematic_repair: false }
[2m2026-08-11T19:12:17.778756Z[0m [32m INFO[0m [2mraptorpath::scheduler[0m[2m:[0m Copa wire-clocked signal (RWM_COPA_WIRE / RWM_QUIC_CC / RWM_COPA_FEED) [3mcopa_wire[0m[2m=[0mfalse [3mquic_cc[0m[2m=[0m"unset" [3mcopa_wire_env[0m[2m=[0m"unset"
[2m2026-08-11T19:12:17.778789Z[0m [32m INFO[0m [2mraptorpath::gates[0m[2m:[0m [GATES] RWM_UNIFIED=1 RWM_UNIFIED_SHED=1 RWM_TAPER_R=1 RWM_ASTAR_ANCHOR=1 RWM_MSTAR_ANCHOR=1 RWM_PLAIN_RS=0 RWM_HONEST_ANCHOR=1 RWM_HONEST_K=0 RWM_STORE_SACK_RELEASE=1 RWM_STORE_PATHS=1 RWM_STORE_PATH_POOL=2048 RWM_STORE=unset RWM_STORE_GAIN=2 RWM_STORE_BOOT=128 RWM_STORE_CAPW=0 RWM_STORE_CAP_UNIFIED=0 RWM_THREE_TERM=0 RWM_STORE_PERCAP=0 RWM_PERCAP_GUARD=1 RWM_STORE_BORROW=0 RWM_HONEST_CAP=1 RWM_POOL_ANCHOR=0 RWM_POOL_DELIV=0 RWM_FLOOR_BOUND=0 RWM_ACK_MERGE=1 RWM_PATIENCE_DERIVED=0 RWM_SIDLE_DERIVED=0 RWM_WIN_DECOUPLE=0 RWM_PLACE_SLACK=0 RWM_GEN=384 RWM_PIPELINE=2 RWM_GEN_PIPE=1 RWM_GEN_R=unset RWM_GEN_RATE=9000 RWM_GEN_RATE_FLOOR=2000 RWM_GEN_INFLIGHT=unset RWM_OOO_RETAIN=0/16 RWM_WINDOW=unset RWM_REPORT_GENS=unset RWM_REPAIR_WAIT=unset RWM_CODED_SRC=0 RWM_NO_REACTIVE=0 RWM_XPATH_REPAIR=0 RWM_PROACTIVE_PACER=0 RWM_REASM_BDP=0 RWM_MIN_R=0 RWM_CC_PACE=0 RWM_CC_PACE_HR=1.1 RWM_REACT_CAP=unset RWM_INFL_CAP=0 RWM_INFL_BDP=unset RWM_COPA_FEED=0 RWM_RS_ATTR=1 RWM_EMIT_BATCH=0 RWM_EMIT_BURST=64 RWM_RECOV_MP=1 RWM_RECOV_MP_LAW=1 RWM_RECOV_MP_LIVE=0 RWM_RECOV_SP=0 RWM_DIAG=0 RWM_ACKDIAG=1 RWM_RDIAG=0 RWM_FDIAG=0 RWM_TRACE=0 RWM_PFRAC=0
[2m2026-08-11T19:12:17.778810Z[0m [32m INFO[0m [2mraptorpath::net[0m[2m:[0m reliable window mode (RWM Phase A): auto-selecting RLC windowed backend
[2m2026-08-11T19:12:17.778814Z[0m [32m INFO[0m [2mraptorpath::net[0m[2m:[0m window mode: clamping TUN MTU to fit one packet per symbol [3mmtu[0m[2m=[0m1196 [3msymbol_size[0m[2m=[0m1200
[2m2026-08-11T19:12:17.778818Z[0m [32m INFO[0m [2mraptorpath::net[0m[2m:[0m using injected TUN interface (no routes/DNS) [3mname[0m[2m=[0mmem
[2m2026-08-11T19:12:17.778880Z[0m [32m INFO[0m [2mraptorpath::transport::quic[0m[2m:[0m quinn congestion controller: BBR (shipped default; RWM_QUIC_CC overrides)
[2m2026-08-11T19:12:17.779290Z[0m [32m INFO[0m [2mraptorpath::transport::quic[0m[2m:[0m MTU floor: min_mtu=initial_mtu — quinn black-hole reset keeps symbol datagrams sendable (fix/frontier-wedge) [3mfloor[0m[2m=[0m1350
[2m2026-08-11T19:12:17.779304Z[0m [32m INFO[0m [2mraptorpath::transport::quic[0m[2m:[0m compact DATA framing ACTIVE (RWM_WIRE_COMPACT v5: one-symbol datagrams ride the tag+varint frame, ~14-16 B vs 65-B legacy framing; receive support unconditional; datagrams SHRINK — no MTU-floor interaction)
[2m2026-08-11T19:12:17.779309Z[0m [32m INFO[0m [2mraptorpath::transport::quic[0m[2m:[0m client endpoint bound [3maddr[0m[2m=[0m10.77.0.1:0 [3mpath_id[0m[2m=[0m0
[2m2026-08-11T19:12:17.779314Z[0m [32m INFO[0m [2mraptorpath::transport::quic[0m[2m:[0m quinn congestion controller: BBR (shipped default; RWM_QUIC_CC overrides)
[2m2026-08-11T19:12:17.779596Z[0m [32m INFO[0m [2mraptorpath::transport::quic[0m[2m:[0m MTU floor: min_mtu=initial_mtu — quinn black-hole reset keeps symbol datagrams sendable (fix/frontier-wedge) [3mfloor[0m[2m=[0m1350
[2m2026-08-11T19:12:17.779608Z[0m [32m INFO[0m [2mraptorpath::transport::quic[0m[2m:[0m compact DATA framing ACTIVE (RWM_WIRE_COMPACT v5: one-symbol datagrams ride the tag+varint frame, ~14-16 B vs 65-B legacy framing; receive support unconditional; datagrams SHRINK — no MTU-floor interaction)
[2m2026-08-11T19:12:17.779612Z[0m [32m INFO[0m [2mraptorpath::transport::quic[0m[2m:[0m client endpoint bound [3maddr[0m[2m=[0m10.78.0.1:0 [3mpath_id[0m[2m=[0m1
[2m2026-08-11T19:12:17.882886Z[0m [32m INFO[0m [2mraptorpath::transport::quic[0m[2m:[0m handshake complete [3mlocal_version[0m[2m=[0m7 [3mpeer_version[0m[2m=[0m7 [3mpeer_path_id[0m[2m=[0m0
[2m2026-08-11T19:12:17.882913Z[0m [32m INFO[0m [2mraptorpath::transport::quic[0m[2m:[0m connected and handshake complete [3mpath_id[0m[2m=[0m0 [3mpeer_addr[0m[2m=[0m10.77.0.2:7000
[2m2026-08-11T19:12:17.911251Z[0m [32m INFO[0m [2mraptorpath::transport::quic[0m[2m:[0m handshake complete [3mlocal_version[0m[2m=[0m7 [3mpeer_version[0m[2m=[0m7 [3mpeer_path_id[0m[2m=[0m1
[2m2026-08-11T19:12:17.911275Z[0m [32m INFO[0m [2mraptorpath::transport::quic[0m[2m:[0m connected and handshake complete [3mpath_id[0m[2m=[0m1 [3mpeer_addr[0m[2m=[0m10.78.0.2:7000
[2m2026-08-11T19:12:17.911285Z[0m [32m INFO[0m [2mraptorpath::net[0m[2m:[0m all paths connected
[2m2026-08-11T19:12:17.911290Z[0m [32m INFO[0m [2mraptorpath::net[0m[2m:[0m block assembly profile [3mmax_block_size[0m[2m=[0m65536 [3mflush_timeout_ms[0m[2m=[0m5 [3msymbol_size[0m[2m=[0m1200 [3minterleave_depth[0m[2m=[0m1
[2m2026-08-11T19:12:17.911331Z[0m [32m INFO[0m [2mraptorpath::net[0m[2m:[0m sliding-window FEC mode [3msymbol_size[0m[2m=[0m1200 [3mbackend[0m[2m=[0mRlc
[2m2026-08-11T19:12:17.911359Z[0m [32m INFO[0m [2mraptorpath::net[0m[2m:[0m O(1) windowed-max rate filter ACTIVE (RWM_HONEST_ANCHOR: max_bw read off a monotonic max-deque maintained beside bw_samples — the VALUE-IDENTICAL statistic, same [1s,10s] window, same evictions, amortized O(1) per accepted sample instead of the O(window) full-window fold that costs +61-64% sender CPU/byte at c1 under RWM_PLAIN_RS; zero constants; RWM_HONEST_ANCHOR=0 = legacy fold control, value-identical by unit-pinned equivalence)
[2m2026-08-11T19:12:17.911369Z[0m [32m INFO[0m [2mraptorpath::net[0m[2m:[0m ack-merge ACTIVE (RWM_ACK_MERGE: WINDOW mode sends ONE control datagram per data message instead of two — the legacy per-batch Ack is suppressed, the SACK WindowAck goes unconditional at that cadence and carries the Ack's payload in the v6 cumulative cum_expected/cum_received counters, every Ack-arm consumer re-homed onto the counter diff; BLOCK mode bit-exact; the delivery statistic/cadence/counts unchanged) [3mcopa_feed[0m[2m=[0mfalse
[2m2026-08-11T19:12:17.911443Z[0m [32m INFO[0m [2mraptorpath::net[0m[2m:[0m M* peer-report RTT-feed suppression ACTIVE (RWM_MSTAR_ANCHOR plain-live subset: local-echo-only RTT feed + estimator seed-from-sample)
[2m2026-08-11T19:12:17.911442Z[0m [32m INFO[0m [2mraptorpath::net[0m[2m:[0m RWM_UNIFIED: receive path on the unified global decoder (one machine, both wires) [3mgeneration[0m[2m=[0mfalse
[2m2026-08-11T19:12:17.911464Z[0m [32m INFO[0m [2mraptorpath::net[0m[2m:[0m path-scaled outstanding pool ACTIVE (RWM_STORE_PATHS: cap = clamp(gain*N*pipe, floor, N*pool) for N>=2 live paths; N=1 legacy) [3mpool_per_path[0m[2m=[0m2048 [3mgain[0m[2m=[0m2.0
[2m2026-08-11T19:12:17.911496Z[0m [32m INFO[0m [2mraptorpath::net[0m[2m:[0m SACK-clocked store release ACTIVE (RWM_STORE_SACK_RELEASE: SACKed seqs uncounted from the outstanding gate, payload + ARQ maps retained until the cumulative frontier — slot release, never recoverability)
[2m2026-08-11T19:12:17.911501Z[0m [32m INFO[0m [2mraptorpath::net[0m[2m:[0m budget-conserving taper emission ACTIVE (RWM_TAPER_R: plain-mode proactive repair budgeted at r x source per coding window; legacy = r per ack cycle)
[2m2026-08-11T19:12:17.911505Z[0m [32m INFO[0m [2mraptorpath::net[0m[2m:[0m unified span law ACTIVE (RWM_UNIFIED: plain-mode proactive repair over the trailing solvable span [end-A*, end-Δ), A* from δ) [3mhint[0m[2m=[0mBulk
[2m2026-08-11T19:12:17.911509Z[0m [32m INFO[0m [2mraptorpath::net[0m[2m:[0m A* send-rate anchor ACTIVE (RWM_ASTAR_ANCHOR: windowed-max send rate over ~8 SRTT, clock-gap sample discard)
[2m2026-08-11T19:12:17.911519Z[0m [32m INFO[0m [2mraptorpath::net[0m[2m:[0m clock-gap estimator hygiene ACTIVE (RWM_CLOCK_GAP: process-clock stall witness, post-stall sample discard at the ack feed sites)
[2m2026-08-11T19:12:17.911534Z[0m [32m INFO[0m [2mraptorpath::net[0m[2m:[0m multipath recovery suppression ACTIVE (RWM_RECOV_MP: per-flight RFC9002-style time-threshold hole law on the flight path's smoothed clocks; N=1 live path keeps legacy gates bit-exactly) [3mlaw[0m[2m=[0mtrue
[2m2026-08-11T19:12:17.918606Z[0m [32m INFO[0m [2mraptorpath::scheduler[0m[2m:[0m Copa TCP-competitive mode (RWM_COPA_COMPETE, requires the wire signal) [3mcopa_compete[0m[2m=[0mfalse
{"seconds":0.144064,"warmup":true}
[ACKDIAG] p0 win=2.00s acks=17958/z=11(0.1%) gap_us[p50=14 p90=80 p99=2052 n=17957] drecv[p50=1 p90=1 max=4 n=17947 sum=17958] rd[acc=1059 rej=16888 cnt=17958] rate_lr=8999sym/s x[p50=0.98 p90=2.34 p99=5.21] xanchor=8.69 anchor=546sym rtprop=6.98ms recon[sent=19364 crecv=17958 cexp=36857 srcack=32087 cr/s=0.927 ce/cr=2.052 cr/sa=0.560] ov=0
[ACKDIAG] p1 win=1.98s acks=18178/z=21(0.1%) gap_us[p50=14 p90=85 p99=1892 n=18177] drecv[p50=1 p90=1 max=5 n=18157 sum=18178] rd[acc=1081 rej=17076 cnt=18178] rate_lr=9192sym/s x[p50=0.99 p90=2.33 p99=5.79] xanchor=8.33 anchor=837sym rtprop=10.92ms recon[sent=19710 crecv=18178 cexp=36997 srcack=32087 cr/s=0.922 ce/cr=2.035 cr/sa=0.567] ov=0
[ACKDIAG] p0 win=2.00s acks=19307/z=25(0.1%) gap_us[p50=13 p90=75 p99=1838 n=19307] drecv[p50=1 p90=1 max=4 n=19282 sum=19307] rd[acc=1077 rej=18205 cnt=19307] rate_lr=9651sym/s x[p50=0.98 p90=2.24 p99=6.09] xanchor=11.32 anchor=763sym rtprop=6.98ms recon[sent=37055 crecv=37265 cexp=75353 srcack=68693 cr/s=1.006 ce/cr=2.022 cr/sa=0.542] ov=0
[ACKDIAG] p1 win=2.00s acks=18658/z=18(0.1%) gap_us[p50=13 p90=68 p99=1965 n=18658] drecv[p50=1 p90=1 max=4 n=18640 sum=18658] rd[acc=1006 rej=17634 cnt=18658] rate_lr=9327sym/s x[p50=1.00 p90=2.48 p99=6.10] xanchor=10.20 anchor=842sym rtprop=8.86ms recon[sent=37587 crecv=36836 cexp=76015 srcack=68693 cr/s=0.980 ce/cr=2.064 cr/sa=0.536] ov=0
[ACKDIAG] p0 win=2.00s acks=18672/z=13(0.1%) gap_us[p50=13 p90=83 p99=1962 n=18672] drecv[p50=1 p90=1 max=4 n=18659 sum=18672] rd[acc=1051 rej=17608 cnt=18672] rate_lr=9333sym/s x[p50=1.01 p90=2.27 p99=6.86] xanchor=11.70 anchor=763sym rtprop=6.98ms recon[sent=55005 crecv=55937 cexp=112905 srcack=108337 cr/s=1.017 ce/cr=2.018 cr/sa=0.516] ov=0
[ACKDIAG] p1 win=2.00s acks=18478/z=8(0.0%) gap_us[p50=13 p90=80 p99=1988 n=18478] drecv[p50=1 p90=1 max=3 n=18470 sum=18478] rd[acc=1022 rej=17448 cnt=18478] rate_lr=9236sym/s x[p50=0.97 p90=2.48 p99=5.63] xanchor=10.30 anchor=842sym rtprop=8.86ms recon[sent=55307 crecv=55314 cexp=114041 srcack=108337 cr/s=1.000 ce/cr=2.062 cr/sa=0.511] ov=0
[ACKDIAG] p0 win=2.00s acks=18281/z=25(0.1%) gap_us[p50=14 p90=90 p99=1895 n=18281] drecv[p50=1 p90=1 max=7 n=18256 sum=18281] rd[acc=1077 rej=17179 cnt=18281] rate_lr=9139sym/s x[p50=0.99 p90=2.18 p99=5.90] xanchor=11.95 anchor=763sym rtprop=6.98ms recon[sent=73851 crecv=74218 cexp=152808 srcack=142165 cr/s=1.005 ce/cr=2.059 cr/sa=0.522] ov=0
[ACKDIAG] p1 win=2.00s acks=18881/z=8(0.0%) gap_us[p50=14 p90=85 p99=1875 n=18881] drecv[p50=1 p90=1 max=4 n=18873 sum=18881] rd[acc=1092 rej=17781 cnt=18881] rate_lr=9438sym/s x[p50=0.99 p90=2.29 p99=5.36] xanchor=10.08 anchor=842sym rtprop=8.86ms recon[sent=73566 crecv=74195 cexp=151581 srcack=142165 cr/s=1.009 ce/cr=2.043 cr/sa=0.522] ov=0
{"bytes":200000000,"hint":"bulk","mbps":171.93,"proto":"rp-native","run":1,"seconds":9.306087}
{"bytes":200000000,"dnf":0,"hint":"bulk","max_s":9.3061,"mean_mbps":171.93,"mean_s":9.3061,"median_s":9.3061,"min_s":9.3061,"proto":"rp-native","runs":1,"stdev_s":0.0,"summary":true}
[2m2026-08-11T19:12:27.229004Z[0m [32m INFO[0m [2mraptorpath::net[0m[2m:[0m TUN closed
[2m2026-08-11T19:12:27.229594Z[0m [32m INFO[0m [2mraptorpath::tun[0m[2m:[0m cleaning up TUN interface [3mname[0m[2m=[0mmem
