[2m2026-08-11T19:12:29.497877Z[0m [32m INFO[0m [2mraptorpath[0m[2m:[0m perf configuration [3mpeer_config[0m[2m=[0mPeerConfig { bind_addrs: [10.77.0.1:0, 10.78.0.1:0], peer_addrs: [10.77.0.2:7000, 10.78.0.2:7000], tun_name: "rpath0", tun_addr: "10.99.0.1/24", target_tail_loss: 1e-5, max_fec_overhead: 0.5, protocol_hint: Bulk, is_server: false, status_addr: None, routes: [], dns: None, interleave_depth: 1, pin_cert: None, fec_backend: RaptorQ, fec_backend_explicit: false, window_reliable: true, enable_pi_feedback: true, reorder_timeout_ms: 20, reorder_max_size: 500, inner_feedback_weight: 0.0, mp_block_affinity: true, window_out_of_order: false, window_coded_only: false, window_generation_coding: false, window_systematic_repair: false }
[2m2026-08-11T19:12:29.498033Z[0m [32m INFO[0m [2mraptorpath::scheduler[0m[2m:[0m Copa wire-clocked signal (RWM_COPA_WIRE / RWM_QUIC_CC / RWM_COPA_FEED) [3mcopa_wire[0m[2m=[0mfalse [3mquic_cc[0m[2m=[0m"unset" [3mcopa_wire_env[0m[2m=[0m"unset"
[2m2026-08-11T19:12:29.498086Z[0m [32m INFO[0m [2mraptorpath::gates[0m[2m:[0m [GATES] RWM_UNIFIED=1 RWM_UNIFIED_SHED=1 RWM_TAPER_R=1 RWM_ASTAR_ANCHOR=1 RWM_MSTAR_ANCHOR=1 RWM_PLAIN_RS=0 RWM_HONEST_ANCHOR=1 RWM_HONEST_K=0 RWM_STORE_SACK_RELEASE=1 RWM_STORE_PATHS=1 RWM_STORE_PATH_POOL=2048 RWM_STORE=unset RWM_STORE_GAIN=2 RWM_STORE_BOOT=128 RWM_STORE_CAPW=0 RWM_STORE_CAP_UNIFIED=0 RWM_THREE_TERM=0 RWM_STORE_PERCAP=0 RWM_PERCAP_GUARD=1 RWM_STORE_BORROW=0 RWM_HONEST_CAP=1 RWM_POOL_ANCHOR=0 RWM_POOL_DELIV=0 RWM_FLOOR_BOUND=0 RWM_ACK_MERGE=1 RWM_PATIENCE_DERIVED=0 RWM_SIDLE_DERIVED=0 RWM_WIN_DECOUPLE=0 RWM_PLACE_SLACK=0 RWM_GEN=384 RWM_PIPELINE=2 RWM_GEN_PIPE=1 RWM_GEN_R=unset RWM_GEN_RATE=9000 RWM_GEN_RATE_FLOOR=2000 RWM_GEN_INFLIGHT=unset RWM_OOO_RETAIN=0/16 RWM_WINDOW=unset RWM_REPORT_GENS=unset RWM_REPAIR_WAIT=unset RWM_CODED_SRC=0 RWM_NO_REACTIVE=0 RWM_XPATH_REPAIR=0 RWM_PROACTIVE_PACER=0 RWM_REASM_BDP=0 RWM_MIN_R=0 RWM_CC_PACE=0 RWM_CC_PACE_HR=1.1 RWM_REACT_CAP=unset RWM_INFL_CAP=0 RWM_INFL_BDP=unset RWM_COPA_FEED=0 RWM_RS_ATTR=1 RWM_EMIT_BATCH=0 RWM_EMIT_BURST=64 RWM_RECOV_MP=1 RWM_RECOV_MP_LAW=1 RWM_RECOV_MP_LIVE=0 RWM_RECOV_SP=0 RWM_DIAG=0 RWM_ACKDIAG=1 RWM_RDIAG=0 RWM_FDIAG=0 RWM_TRACE=0 RWM_PFRAC=0
[2m2026-08-11T19:12:29.498110Z[0m [32m INFO[0m [2mraptorpath::net[0m[2m:[0m reliable window mode (RWM Phase A): auto-selecting RLC windowed backend
[2m2026-08-11T19:12:29.498114Z[0m [32m INFO[0m [2mraptorpath::net[0m[2m:[0m window mode: clamping TUN MTU to fit one packet per symbol [3mmtu[0m[2m=[0m1196 [3msymbol_size[0m[2m=[0m1200
[2m2026-08-11T19:12:29.498118Z[0m [32m INFO[0m [2mraptorpath::net[0m[2m:[0m using injected TUN interface (no routes/DNS) [3mname[0m[2m=[0mmem
[2m2026-08-11T19:12:29.498195Z[0m [32m INFO[0m [2mraptorpath::transport::quic[0m[2m:[0m quinn congestion controller: BBR (shipped default; RWM_QUIC_CC overrides)
[2m2026-08-11T19:12:29.498584Z[0m [32m INFO[0m [2mraptorpath::transport::quic[0m[2m:[0m MTU floor: min_mtu=initial_mtu — quinn black-hole reset keeps symbol datagrams sendable (fix/frontier-wedge) [3mfloor[0m[2m=[0m1350
[2m2026-08-11T19:12:29.498597Z[0m [32m INFO[0m [2mraptorpath::transport::quic[0m[2m:[0m compact DATA framing ACTIVE (RWM_WIRE_COMPACT v5: one-symbol datagrams ride the tag+varint frame, ~14-16 B vs 65-B legacy framing; receive support unconditional; datagrams SHRINK — no MTU-floor interaction)
[2m2026-08-11T19:12:29.498602Z[0m [32m INFO[0m [2mraptorpath::transport::quic[0m[2m:[0m client endpoint bound [3maddr[0m[2m=[0m10.77.0.1:0 [3mpath_id[0m[2m=[0m0
[2m2026-08-11T19:12:29.498615Z[0m [32m INFO[0m [2mraptorpath::transport::quic[0m[2m:[0m quinn congestion controller: BBR (shipped default; RWM_QUIC_CC overrides)
[2m2026-08-11T19:12:29.498974Z[0m [32m INFO[0m [2mraptorpath::transport::quic[0m[2m:[0m MTU floor: min_mtu=initial_mtu — quinn black-hole reset keeps symbol datagrams sendable (fix/frontier-wedge) [3mfloor[0m[2m=[0m1350
[2m2026-08-11T19:12:29.498985Z[0m [32m INFO[0m [2mraptorpath::transport::quic[0m[2m:[0m compact DATA framing ACTIVE (RWM_WIRE_COMPACT v5: one-symbol datagrams ride the tag+varint frame, ~14-16 B vs 65-B legacy framing; receive support unconditional; datagrams SHRINK — no MTU-floor interaction)
[2m2026-08-11T19:12:29.498990Z[0m [32m INFO[0m [2mraptorpath::transport::quic[0m[2m:[0m client endpoint bound [3maddr[0m[2m=[0m10.78.0.1:0 [3mpath_id[0m[2m=[0m1
[2m2026-08-11T19:12:29.595249Z[0m [32m INFO[0m [2mraptorpath::transport::quic[0m[2m:[0m handshake complete [3mlocal_version[0m[2m=[0m7 [3mpeer_version[0m[2m=[0m7 [3mpeer_path_id[0m[2m=[0m0
[2m2026-08-11T19:12:29.595274Z[0m [32m INFO[0m [2mraptorpath::transport::quic[0m[2m:[0m connected and handshake complete [3mpath_id[0m[2m=[0m0 [3mpeer_addr[0m[2m=[0m10.77.0.2:7000
[2m2026-08-11T19:12:29.871418Z[0m [32m INFO[0m [2mraptorpath::transport::quic[0m[2m:[0m handshake complete [3mlocal_version[0m[2m=[0m7 [3mpeer_version[0m[2m=[0m7 [3mpeer_path_id[0m[2m=[0m1
[2m2026-08-11T19:12:29.871444Z[0m [32m INFO[0m [2mraptorpath::transport::quic[0m[2m:[0m connected and handshake complete [3mpath_id[0m[2m=[0m1 [3mpeer_addr[0m[2m=[0m10.78.0.2:7000
[2m2026-08-11T19:12:29.871453Z[0m [32m INFO[0m [2mraptorpath::net[0m[2m:[0m all paths connected
[2m2026-08-11T19:12:29.871458Z[0m [32m INFO[0m [2mraptorpath::net[0m[2m:[0m block assembly profile [3mmax_block_size[0m[2m=[0m65536 [3mflush_timeout_ms[0m[2m=[0m5 [3msymbol_size[0m[2m=[0m1200 [3minterleave_depth[0m[2m=[0m1
[2m2026-08-11T19:12:29.871482Z[0m [32m INFO[0m [2mraptorpath::net[0m[2m:[0m sliding-window FEC mode [3msymbol_size[0m[2m=[0m1200 [3mbackend[0m[2m=[0mRlc
[2m2026-08-11T19:12:29.871516Z[0m [32m INFO[0m [2mraptorpath::net[0m[2m:[0m O(1) windowed-max rate filter ACTIVE (RWM_HONEST_ANCHOR: max_bw read off a monotonic max-deque maintained beside bw_samples — the VALUE-IDENTICAL statistic, same [1s,10s] window, same evictions, amortized O(1) per accepted sample instead of the O(window) full-window fold that costs +61-64% sender CPU/byte at c1 under RWM_PLAIN_RS; zero constants; RWM_HONEST_ANCHOR=0 = legacy fold control, value-identical by unit-pinned equivalence)
[2m2026-08-11T19:12:29.871527Z[0m [32m INFO[0m [2mraptorpath::net[0m[2m:[0m ack-merge ACTIVE (RWM_ACK_MERGE: WINDOW mode sends ONE control datagram per data message instead of two — the legacy per-batch Ack is suppressed, the SACK WindowAck goes unconditional at that cadence and carries the Ack's payload in the v6 cumulative cum_expected/cum_received counters, every Ack-arm consumer re-homed onto the counter diff; BLOCK mode bit-exact; the delivery statistic/cadence/counts unchanged) [3mcopa_feed[0m[2m=[0mfalse
[2m2026-08-11T19:12:29.871578Z[0m [32m INFO[0m [2mraptorpath::net[0m[2m:[0m RWM_UNIFIED: receive path on the unified global decoder (one machine, both wires) [3mgeneration[0m[2m=[0mfalse
[2m2026-08-11T19:12:29.871590Z[0m [32m INFO[0m [2mraptorpath::net[0m[2m:[0m M* peer-report RTT-feed suppression ACTIVE (RWM_MSTAR_ANCHOR plain-live subset: local-echo-only RTT feed + estimator seed-from-sample)
[2m2026-08-11T19:12:29.871601Z[0m [32m INFO[0m [2mraptorpath::net[0m[2m:[0m path-scaled outstanding pool ACTIVE (RWM_STORE_PATHS: cap = clamp(gain*N*pipe, floor, N*pool) for N>=2 live paths; N=1 legacy) [3mpool_per_path[0m[2m=[0m2048 [3mgain[0m[2m=[0m2.0
[2m2026-08-11T19:12:29.871609Z[0m [32m INFO[0m [2mraptorpath::net[0m[2m:[0m SACK-clocked store release ACTIVE (RWM_STORE_SACK_RELEASE: SACKed seqs uncounted from the outstanding gate, payload + ARQ maps retained until the cumulative frontier — slot release, never recoverability)
[2m2026-08-11T19:12:29.871614Z[0m [32m INFO[0m [2mraptorpath::net[0m[2m:[0m budget-conserving taper emission ACTIVE (RWM_TAPER_R: plain-mode proactive repair budgeted at r x source per coding window; legacy = r per ack cycle)
[2m2026-08-11T19:12:29.871617Z[0m [32m INFO[0m [2mraptorpath::net[0m[2m:[0m unified span law ACTIVE (RWM_UNIFIED: plain-mode proactive repair over the trailing solvable span [end-A*, end-Δ), A* from δ) [3mhint[0m[2m=[0mBulk
[2m2026-08-11T19:12:29.871621Z[0m [32m INFO[0m [2mraptorpath::net[0m[2m:[0m A* send-rate anchor ACTIVE (RWM_ASTAR_ANCHOR: windowed-max send rate over ~8 SRTT, clock-gap sample discard)
[2m2026-08-11T19:12:29.871623Z[0m [32m INFO[0m [2mraptorpath::net[0m[2m:[0m clock-gap estimator hygiene ACTIVE (RWM_CLOCK_GAP: process-clock stall witness, post-stall sample discard at the ack feed sites)
[2m2026-08-11T19:12:29.871735Z[0m [32m INFO[0m [2mraptorpath::net[0m[2m:[0m multipath recovery suppression ACTIVE (RWM_RECOV_MP: per-flight RFC9002-style time-threshold hole law on the flight path's smoothed clocks; N=1 live path keeps legacy gates bit-exactly) [3mlaw[0m[2m=[0mtrue
[2m2026-08-11T19:12:29.910630Z[0m [32m INFO[0m [2mraptorpath::scheduler[0m[2m:[0m Copa TCP-competitive mode (RWM_COPA_COMPETE, requires the wire signal) [3mcopa_compete[0m[2m=[0mfalse
{"seconds":0.417924,"warmup":true}
[ACKDIAG] p0 win=2.04s acks=18376/z=18(0.1%) gap_us[p50=13 p90=140 p99=1717 n=18375] drecv[p50=1 p90=1 max=3 n=18358 sum=18375] rd[acc=1153 rej=17205 cnt=18375] rate_lr=9006sym/s x[p50=1.07 p90=2.08 p99=3.79] xanchor=8.52 anchor=785sym rtprop=10.24ms recon[sent=17467 crecv=18375 cexp=23204 srcack=14310 cr/s=1.052 ce/cr=1.263 cr/sa=1.284] ov=0
[ACKDIAG] p1 win=2.06s acks=3739/z=0(0.0%) gap_us[p50=50 p90=1990 p99=5354 n=3738] drecv[p50=1 p90=1 max=1 n=3739 sum=3739] rd[acc=730 rej=3009 cnt=3739] rate_lr=1819sym/s x[p50=0.97 p90=2.72 p99=5.20] xanchor=10.77 anchor=760sym rtprop=38.80ms recon[sent=3685 crecv=3739 cexp=20675 srcack=14310 cr/s=1.015 ce/cr=5.530 cr/sa=0.261] ov=0
{"bytes":25000000,"hint":"bulk","mbps":74.27,"proto":"rp-native","run":1,"seconds":2.692879}
[ACKDIAG] p0 win=2.00s acks=13025/z=31(0.2%) gap_us[p50=13 p90=163 p99=1875 n=13025] drecv[p50=1 p90=1 max=5 n=12994 sum=13021] rd[acc=847 rej=12147 cnt=13021] rate_lr=6510sym/s x[p50=1.47 p90=2.71 p99=4.79] xanchor=11.78 anchor=785sym rtprop=10.24ms recon[sent=32756 crecv=31396 cexp=39341 srcack=26943 cr/s=0.958 ce/cr=1.253 cr/sa=1.165] ov=0
[ACKDIAG] p1 win=2.00s acks=2876/z=5(0.2%) gap_us[p50=36 p90=2064 p99=5701 n=2876] drecv[p50=1 p90=1 max=1 n=2871 sum=2871] rd[acc=505 rej=2366 cnt=2871] rate_lr=1435sym/s x[p50=1.27 p90=4.02 p99=7.34] xanchor=13.65 anchor=760sym rtprop=38.80ms recon[sent=6415 crecv=6610 cexp=30418 srcack=26943 cr/s=1.030 ce/cr=4.602 cr/sa=0.245] ov=0
{"bytes":25000000,"hint":"bulk","mbps":80.09,"proto":"rp-native","run":2,"seconds":2.497195}
[ACKDIAG] p0 win=2.00s acks=14495/z=12(0.1%) gap_us[p50=12 p90=96 p99=1932 n=14495] drecv[p50=1 p90=1 max=4 n=14483 sum=14491] rd[acc=856 rej=13627 cnt=14491] rate_lr=7245sym/s x[p50=1.24 p90=2.60 p99=7.88] xanchor=13.02 anchor=966sym rtprop=10.24ms recon[sent=45336 crecv=45887 cexp=58939 srcack=47333 cr/s=1.012 ce/cr=1.284 cr/sa=0.969] ov=0
[ACKDIAG] p1 win=2.00s acks=2193/z=4(0.2%) gap_us[p50=55 p90=2112 p99=5493 n=2193] drecv[p50=1 p90=1 max=1 n=2189 sum=2189] rd[acc=430 rej=1759 cnt=2189] rate_lr=1094sym/s x[p50=1.70 p90=4.65 p99=9.32] xanchor=21.36 anchor=901sym rtprop=38.56ms recon[sent=9512 crecv=8799 cexp=52663 srcack=47333 cr/s=0.925 ce/cr=5.985 cr/sa=0.186] ov=0
[ACKDIAG] p0 win=2.02s acks=11878/z=11(0.1%) gap_us[p50=11 p90=42 p99=2048 n=11878] drecv[p50=1 p90=1 max=3 n=11867 sum=11872] rd[acc=543 rej=11324 cnt=11872] rate_lr=5884sym/s x[p50=1.54 p90=3.87 p99=16.56] xanchor=18.76 anchor=1130sym rtprop=10.24ms recon[sent=53832 crecv=57759 cexp=71183 srcack=51784 cr/s=1.073 ce/cr=1.232 cr/sa=1.115] ov=0
[ACKDIAG] p1 win=2.02s acks=2644/z=5(0.2%) gap_us[p50=70 p90=1933 p99=5747 n=2644] drecv[p50=1 p90=1 max=1 n=2639 sum=2639] rd[acc=519 rej=2120 cnt=2639] rate_lr=1308sym/s x[p50=1.42 p90=4.29 p99=6.78] xanchor=17.87 anchor=901sym rtprop=38.56ms recon[sent=9622 crecv=11438 cexp=70822 srcack=51784 cr/s=1.189 ce/cr=6.192 cr/sa=0.221] ov=0
{"bytes":25000000,"hint":"bulk","mbps":65.562,"proto":"rp-native","run":3,"seconds":3.050536}
{"bytes":25000000,"dnf":0,"hint":"bulk","max_s":3.0505,"mean_mbps":72.81,"mean_s":2.7469,"median_s":2.6929,"min_s":2.4972,"proto":"rp-native","runs":3,"stdev_s":0.2806,"summary":true}
[2m2026-08-11T19:12:38.156674Z[0m [32m INFO[0m [2mraptorpath::net[0m[2m:[0m TUN closed
[2m2026-08-11T19:12:38.157059Z[0m [32m INFO[0m [2mraptorpath::tun[0m[2m:[0m cleaning up TUN interface [3mname[0m[2m=[0mmem
