[2m2026-08-11T19:11:12.968298Z[0m [32m INFO[0m [2mraptorpath[0m[2m:[0m perf configuration [3mpeer_config[0m[2m=[0mPeerConfig { bind_addrs: [10.77.0.1:0, 10.78.0.1:0], peer_addrs: [10.77.0.2:7000, 10.78.0.2:7000], tun_name: "rpath0", tun_addr: "10.99.0.1/24", target_tail_loss: 1e-5, max_fec_overhead: 0.5, protocol_hint: Bulk, is_server: false, status_addr: None, routes: [], dns: None, interleave_depth: 1, pin_cert: None, fec_backend: RaptorQ, fec_backend_explicit: false, window_reliable: true, enable_pi_feedback: true, reorder_timeout_ms: 20, reorder_max_size: 500, inner_feedback_weight: 0.0, mp_block_affinity: true, window_out_of_order: false, window_coded_only: false, window_generation_coding: false, window_systematic_repair: false }
[2m2026-08-11T19:11:12.968448Z[0m [32m INFO[0m [2mraptorpath::scheduler[0m[2m:[0m Copa wire-clocked signal (RWM_COPA_WIRE / RWM_QUIC_CC / RWM_COPA_FEED) [3mcopa_wire[0m[2m=[0mfalse [3mquic_cc[0m[2m=[0m"unset" [3mcopa_wire_env[0m[2m=[0m"unset"
[2m2026-08-11T19:11:12.968491Z[0m [32m INFO[0m [2mraptorpath::gates[0m[2m:[0m [GATES] RWM_UNIFIED=1 RWM_UNIFIED_SHED=1 RWM_TAPER_R=1 RWM_ASTAR_ANCHOR=1 RWM_MSTAR_ANCHOR=1 RWM_PLAIN_RS=0 RWM_HONEST_ANCHOR=1 RWM_HONEST_K=0 RWM_STORE_SACK_RELEASE=1 RWM_STORE_PATHS=1 RWM_STORE_PATH_POOL=2048 RWM_STORE=unset RWM_STORE_GAIN=2 RWM_STORE_BOOT=128 RWM_STORE_CAPW=0 RWM_STORE_CAP_UNIFIED=0 RWM_THREE_TERM=0 RWM_STORE_PERCAP=0 RWM_PERCAP_GUARD=1 RWM_STORE_BORROW=0 RWM_HONEST_CAP=1 RWM_POOL_ANCHOR=0 RWM_POOL_DELIV=0 RWM_FLOOR_BOUND=0 RWM_ACK_MERGE=1 RWM_PATIENCE_DERIVED=0 RWM_SIDLE_DERIVED=0 RWM_WIN_DECOUPLE=0 RWM_PLACE_SLACK=0 RWM_GEN=384 RWM_PIPELINE=2 RWM_GEN_PIPE=1 RWM_GEN_R=unset RWM_GEN_RATE=9000 RWM_GEN_RATE_FLOOR=2000 RWM_GEN_INFLIGHT=unset RWM_OOO_RETAIN=0/16 RWM_WINDOW=unset RWM_REPORT_GENS=unset RWM_REPAIR_WAIT=unset RWM_CODED_SRC=0 RWM_NO_REACTIVE=0 RWM_XPATH_REPAIR=0 RWM_PROACTIVE_PACER=0 RWM_REASM_BDP=0 RWM_MIN_R=0 RWM_CC_PACE=0 RWM_CC_PACE_HR=1.1 RWM_REACT_CAP=unset RWM_INFL_CAP=0 RWM_INFL_BDP=unset RWM_COPA_FEED=0 RWM_RS_ATTR=1 RWM_EMIT_BATCH=0 RWM_EMIT_BURST=64 RWM_RECOV_MP=1 RWM_RECOV_MP_LAW=1 RWM_RECOV_MP_LIVE=0 RWM_RECOV_SP=0 RWM_DIAG=0 RWM_ACKDIAG=1 RWM_RDIAG=0 RWM_FDIAG=0 RWM_TRACE=0 RWM_PFRAC=0
[2m2026-08-11T19:11:12.968526Z[0m [32m INFO[0m [2mraptorpath::net[0m[2m:[0m reliable window mode (RWM Phase A): auto-selecting RLC windowed backend
[2m2026-08-11T19:11:12.968532Z[0m [32m INFO[0m [2mraptorpath::net[0m[2m:[0m window mode: clamping TUN MTU to fit one packet per symbol [3mmtu[0m[2m=[0m1196 [3msymbol_size[0m[2m=[0m1200
[2m2026-08-11T19:11:12.968538Z[0m [32m INFO[0m [2mraptorpath::net[0m[2m:[0m using injected TUN interface (no routes/DNS) [3mname[0m[2m=[0mmem
[2m2026-08-11T19:11:12.968619Z[0m [32m INFO[0m [2mraptorpath::transport::quic[0m[2m:[0m quinn congestion controller: BBR (shipped default; RWM_QUIC_CC overrides)
[2m2026-08-11T19:11:12.969113Z[0m [32m INFO[0m [2mraptorpath::transport::quic[0m[2m:[0m MTU floor: min_mtu=initial_mtu — quinn black-hole reset keeps symbol datagrams sendable (fix/frontier-wedge) [3mfloor[0m[2m=[0m1350
[2m2026-08-11T19:11:12.969131Z[0m [32m INFO[0m [2mraptorpath::transport::quic[0m[2m:[0m compact DATA framing ACTIVE (RWM_WIRE_COMPACT v5: one-symbol datagrams ride the tag+varint frame, ~14-16 B vs 65-B legacy framing; receive support unconditional; datagrams SHRINK — no MTU-floor interaction)
[2m2026-08-11T19:11:12.969138Z[0m [32m INFO[0m [2mraptorpath::transport::quic[0m[2m:[0m client endpoint bound [3maddr[0m[2m=[0m10.77.0.1:0 [3mpath_id[0m[2m=[0m0
[2m2026-08-11T19:11:12.969146Z[0m [32m INFO[0m [2mraptorpath::transport::quic[0m[2m:[0m quinn congestion controller: BBR (shipped default; RWM_QUIC_CC overrides)
[2m2026-08-11T19:11:12.969427Z[0m [32m INFO[0m [2mraptorpath::transport::quic[0m[2m:[0m MTU floor: min_mtu=initial_mtu — quinn black-hole reset keeps symbol datagrams sendable (fix/frontier-wedge) [3mfloor[0m[2m=[0m1350
[2m2026-08-11T19:11:12.969440Z[0m [32m INFO[0m [2mraptorpath::transport::quic[0m[2m:[0m compact DATA framing ACTIVE (RWM_WIRE_COMPACT v5: one-symbol datagrams ride the tag+varint frame, ~14-16 B vs 65-B legacy framing; receive support unconditional; datagrams SHRINK — no MTU-floor interaction)
[2m2026-08-11T19:11:12.969446Z[0m [32m INFO[0m [2mraptorpath::transport::quic[0m[2m:[0m client endpoint bound [3maddr[0m[2m=[0m10.78.0.1:0 [3mpath_id[0m[2m=[0m1
[2m2026-08-11T19:11:12.997832Z[0m [32m INFO[0m [2mraptorpath::transport::quic[0m[2m:[0m handshake complete [3mlocal_version[0m[2m=[0m7 [3mpeer_version[0m[2m=[0m7 [3mpeer_path_id[0m[2m=[0m0
[2m2026-08-11T19:11:12.997858Z[0m [32m INFO[0m [2mraptorpath::transport::quic[0m[2m:[0m connected and handshake complete [3mpath_id[0m[2m=[0m0 [3mpeer_addr[0m[2m=[0m10.77.0.2:7000
[2m2026-08-11T19:11:13.254811Z[0m [32m INFO[0m [2mraptorpath::transport::quic[0m[2m:[0m handshake complete [3mlocal_version[0m[2m=[0m7 [3mpeer_version[0m[2m=[0m7 [3mpeer_path_id[0m[2m=[0m1
[2m2026-08-11T19:11:13.254843Z[0m [32m INFO[0m [2mraptorpath::transport::quic[0m[2m:[0m connected and handshake complete [3mpath_id[0m[2m=[0m1 [3mpeer_addr[0m[2m=[0m10.78.0.2:7000
[2m2026-08-11T19:11:13.254857Z[0m [32m INFO[0m [2mraptorpath::net[0m[2m:[0m all paths connected
[2m2026-08-11T19:11:13.254865Z[0m [32m INFO[0m [2mraptorpath::net[0m[2m:[0m block assembly profile [3mmax_block_size[0m[2m=[0m65536 [3mflush_timeout_ms[0m[2m=[0m5 [3msymbol_size[0m[2m=[0m1200 [3minterleave_depth[0m[2m=[0m1
[2m2026-08-11T19:11:13.254916Z[0m [32m INFO[0m [2mraptorpath::net[0m[2m:[0m sliding-window FEC mode [3msymbol_size[0m[2m=[0m1200 [3mbackend[0m[2m=[0mRlc
[2m2026-08-11T19:11:13.254958Z[0m [32m INFO[0m [2mraptorpath::net[0m[2m:[0m O(1) windowed-max rate filter ACTIVE (RWM_HONEST_ANCHOR: max_bw read off a monotonic max-deque maintained beside bw_samples — the VALUE-IDENTICAL statistic, same [1s,10s] window, same evictions, amortized O(1) per accepted sample instead of the O(window) full-window fold that costs +61-64% sender CPU/byte at c1 under RWM_PLAIN_RS; zero constants; RWM_HONEST_ANCHOR=0 = legacy fold control, value-identical by unit-pinned equivalence)
[2m2026-08-11T19:11:13.254981Z[0m [32m INFO[0m [2mraptorpath::net[0m[2m:[0m ack-merge ACTIVE (RWM_ACK_MERGE: WINDOW mode sends ONE control datagram per data message instead of two — the legacy per-batch Ack is suppressed, the SACK WindowAck goes unconditional at that cadence and carries the Ack's payload in the v6 cumulative cum_expected/cum_received counters, every Ack-arm consumer re-homed onto the counter diff; BLOCK mode bit-exact; the delivery statistic/cadence/counts unchanged) [3mcopa_feed[0m[2m=[0mfalse
[2m2026-08-11T19:11:13.255044Z[0m [32m INFO[0m [2mraptorpath::net[0m[2m:[0m RWM_UNIFIED: receive path on the unified global decoder (one machine, both wires) [3mgeneration[0m[2m=[0mfalse
[2m2026-08-11T19:11:13.255118Z[0m [32m INFO[0m [2mraptorpath::net[0m[2m:[0m M* peer-report RTT-feed suppression ACTIVE (RWM_MSTAR_ANCHOR plain-live subset: local-echo-only RTT feed + estimator seed-from-sample)
[2m2026-08-11T19:11:13.255142Z[0m [32m INFO[0m [2mraptorpath::net[0m[2m:[0m path-scaled outstanding pool ACTIVE (RWM_STORE_PATHS: cap = clamp(gain*N*pipe, floor, N*pool) for N>=2 live paths; N=1 legacy) [3mpool_per_path[0m[2m=[0m2048 [3mgain[0m[2m=[0m2.0
[2m2026-08-11T19:11:13.255158Z[0m [32m INFO[0m [2mraptorpath::net[0m[2m:[0m SACK-clocked store release ACTIVE (RWM_STORE_SACK_RELEASE: SACKed seqs uncounted from the outstanding gate, payload + ARQ maps retained until the cumulative frontier — slot release, never recoverability)
[2m2026-08-11T19:11:13.255166Z[0m [32m INFO[0m [2mraptorpath::net[0m[2m:[0m budget-conserving taper emission ACTIVE (RWM_TAPER_R: plain-mode proactive repair budgeted at r x source per coding window; legacy = r per ack cycle)
[2m2026-08-11T19:11:13.255171Z[0m [32m INFO[0m [2mraptorpath::net[0m[2m:[0m unified span law ACTIVE (RWM_UNIFIED: plain-mode proactive repair over the trailing solvable span [end-A*, end-Δ), A* from δ) [3mhint[0m[2m=[0mBulk
[2m2026-08-11T19:11:13.255184Z[0m [32m INFO[0m [2mraptorpath::net[0m[2m:[0m A* send-rate anchor ACTIVE (RWM_ASTAR_ANCHOR: windowed-max send rate over ~8 SRTT, clock-gap sample discard)
[2m2026-08-11T19:11:13.255191Z[0m [32m INFO[0m [2mraptorpath::net[0m[2m:[0m clock-gap estimator hygiene ACTIVE (RWM_CLOCK_GAP: process-clock stall witness, post-stall sample discard at the ack feed sites)
[2m2026-08-11T19:11:13.255236Z[0m [32m INFO[0m [2mraptorpath::net[0m[2m:[0m multipath recovery suppression ACTIVE (RWM_RECOV_MP: per-flight RFC9002-style time-threshold hole law on the flight path's smoothed clocks; N=1 live path keeps legacy gates bit-exactly) [3mlaw[0m[2m=[0mtrue
[2m2026-08-11T19:11:13.298305Z[0m [32m INFO[0m [2mraptorpath::scheduler[0m[2m:[0m Copa TCP-competitive mode (RWM_COPA_COMPETE, requires the wire signal) [3mcopa_compete[0m[2m=[0mfalse
{"seconds":0.330533,"warmup":true}
[ACKDIAG] p0 win=1.95s acks=16922/z=9(0.1%) gap_us[p50=12 p90=82 p99=1963 n=16921] drecv[p50=1 p90=1 max=5 n=16913 sum=16922] rd[acc=968 rej=15945 cnt=16922] rate_lr=8670sym/s x[p50=1.05 p90=2.28 p99=7.16] xanchor=10.79 anchor=616sym rtprop=6.59ms recon[sent=17976 crecv=16922 cexp=21959 srcack=6229 cr/s=0.941 ce/cr=1.298 cr/sa=2.717] ov=0
[ACKDIAG] p1 win=1.96s acks=3620/z=0(0.0%) gap_us[p50=55 p90=1940 p99=5659 n=3619] drecv[p50=1 p90=1 max=1 n=3620 sum=3620] rd[acc=689 rej=2931 cnt=3620] rate_lr=1848sym/s x[p50=0.99 p90=3.00 p99=5.34] xanchor=12.48 anchor=899sym rtprop=38.99ms recon[sent=3176 crecv=3620 cexp=20473 srcack=6229 cr/s=1.140 ce/cr=5.656 cr/sa=0.581] ov=0
{"bytes":25000000,"hint":"bulk","mbps":59.256,"proto":"rp-native","run":1,"seconds":3.375189}
[ACKDIAG] p0 win=2.00s acks=6849/z=13(0.2%) gap_us[p50=12 p90=142 p99=1744 n=6849] drecv[p50=1 p90=1 max=5 n=6836 sum=6845] rd[acc=433 rej=6403 cnt=6845] rate_lr=3422sym/s x[p50=2.73 p90=5.19 p99=8.40] xanchor=27.34 anchor=616sym rtprop=6.59ms recon[sent=25353 crecv=23767 cexp=31670 srcack=22126 cr/s=0.937 ce/cr=1.333 cr/sa=1.074] ov=0
[ACKDIAG] p1 win=2.00s acks=1915/z=4(0.2%) gap_us[p50=69 p90=2194 p99=18229 n=1915] drecv[p50=1 p90=1 max=1 n=1911 sum=1911] rd[acc=373 rej=1538 cnt=1911] rate_lr=955sym/s x[p50=1.66 p90=6.00 p99=9.34] xanchor=24.14 anchor=899sym rtprop=38.99ms recon[sent=5118 crecv=5531 cexp=25756 srcack=22126 cr/s=1.081 ce/cr=4.657 cr/sa=0.250] ov=0
[ACKDIAG] p0 win=2.00s acks=13311/z=14(0.1%) gap_us[p50=13 p90=84 p99=2018 n=13311] drecv[p50=1 p90=1 max=5 n=13297 sum=13306] rd[acc=720 rej=12577 cnt=13306] rate_lr=6652sym/s x[p50=1.41 p90=3.13 p99=9.83] xanchor=14.06 anchor=616sym rtprop=6.59ms recon[sent=34757 crecv=37073 cexp=48182 srcack=36578 cr/s=1.067 ce/cr=1.300 cr/sa=1.014] ov=0
[ACKDIAG] p1 win=2.00s acks=3494/z=4(0.1%) gap_us[p50=34 p90=1918 p99=6355 n=3494] drecv[p50=1 p90=1 max=1 n=3490 sum=3490] rd[acc=595 rej=2895 cnt=3490] rate_lr=1745sym/s x[p50=1.06 p90=3.47 p99=6.88] xanchor=13.98 anchor=951sym rtprop=38.99ms recon[sent=7546 crecv=9021 cexp=46852 srcack=36578 cr/s=1.195 ce/cr=5.194 cr/sa=0.247] ov=0
{"bytes":25000000,"hint":"bulk","mbps":60.661,"proto":"rp-native","run":2,"seconds":3.297018}
[ACKDIAG] p0 win=2.00s acks=12224/z=18(0.1%) gap_us[p50=12 p90=107 p99=1884 n=12224] drecv[p50=1 p90=1 max=4 n=12206 sum=12217] rd[acc=728 rej=11478 cnt=12217] rate_lr=6106sym/s x[p50=1.60 p90=2.83 p99=6.55] xanchor=15.32 anchor=616sym rtprop=6.59ms recon[sent=49302 crecv=49290 cexp=63301 srcack=49499 cr/s=1.000 ce/cr=1.284 cr/sa=0.996] ov=0
[ACKDIAG] p1 win=2.00s acks=1779/z=8(0.4%) gap_us[p50=31 p90=2173 p99=7531 n=1779] drecv[p50=1 p90=1 max=1 n=1771 sum=1771] rd[acc=298 rej=1473 cnt=1771] rate_lr=885sym/s x[p50=2.05 p90=6.27 p99=10.84] xanchor=27.56 anchor=831sym rtprop=34.06ms recon[sent=9764 crecv=10792 cexp=55910 srcack=49499 cr/s=1.105 ce/cr=5.181 cr/sa=0.218] ov=0
{"bytes":25000000,"hint":"bulk","mbps":82.497,"proto":"rp-native","run":3,"seconds":2.424341}
{"bytes":25000000,"dnf":0,"hint":"bulk","max_s":3.3752,"mean_mbps":65.959,"mean_s":3.0322,"median_s":3.297,"min_s":2.4243,"proto":"rp-native","runs":3,"stdev_s":0.5279,"summary":true}
[2m2026-08-11T19:11:22.395688Z[0m [32m INFO[0m [2mraptorpath::net[0m[2m:[0m TUN closed
[2m2026-08-11T19:11:22.395887Z[0m [32m INFO[0m [2mraptorpath::tun[0m[2m:[0m cleaning up TUN interface [3mname[0m[2m=[0mmem
