[2m2026-08-11T19:12:28.175199Z[0m [32m INFO[0m [2mraptorpath[0m[2m:[0m perf configuration [3mpeer_config[0m[2m=[0mPeerConfig { bind_addrs: [10.77.0.2:7000, 10.78.0.2:7000], peer_addrs: [], tun_name: "rpath0", tun_addr: "10.99.0.1/24", target_tail_loss: 1e-5, max_fec_overhead: 0.5, protocol_hint: Bulk, is_server: true, status_addr: None, routes: [], dns: None, interleave_depth: 1, pin_cert: None, fec_backend: RaptorQ, fec_backend_explicit: false, window_reliable: true, enable_pi_feedback: true, reorder_timeout_ms: 20, reorder_max_size: 500, inner_feedback_weight: 0.0, mp_block_affinity: true, window_out_of_order: false, window_coded_only: false, window_generation_coding: false, window_systematic_repair: false }
perf server ready (rp-native object mode)
[2m2026-08-11T19:12:28.175447Z[0m [32m INFO[0m [2mraptorpath::scheduler[0m[2m:[0m Copa wire-clocked signal (RWM_COPA_WIRE / RWM_QUIC_CC / RWM_COPA_FEED) [3mcopa_wire[0m[2m=[0mfalse [3mquic_cc[0m[2m=[0m"unset" [3mcopa_wire_env[0m[2m=[0m"unset"
[2m2026-08-11T19:12:28.175483Z[0m [32m INFO[0m [2mraptorpath::gates[0m[2m:[0m [GATES] RWM_UNIFIED=1 RWM_UNIFIED_SHED=1 RWM_TAPER_R=1 RWM_ASTAR_ANCHOR=1 RWM_MSTAR_ANCHOR=1 RWM_PLAIN_RS=0 RWM_HONEST_ANCHOR=1 RWM_HONEST_K=0 RWM_STORE_SACK_RELEASE=1 RWM_STORE_PATHS=1 RWM_STORE_PATH_POOL=2048 RWM_STORE=unset RWM_STORE_GAIN=2 RWM_STORE_BOOT=128 RWM_STORE_CAPW=0 RWM_STORE_CAP_UNIFIED=0 RWM_THREE_TERM=0 RWM_STORE_PERCAP=0 RWM_PERCAP_GUARD=1 RWM_STORE_BORROW=0 RWM_HONEST_CAP=1 RWM_POOL_ANCHOR=0 RWM_POOL_DELIV=0 RWM_FLOOR_BOUND=0 RWM_ACK_MERGE=1 RWM_PATIENCE_DERIVED=0 RWM_SIDLE_DERIVED=0 RWM_WIN_DECOUPLE=0 RWM_PLACE_SLACK=0 RWM_GEN=384 RWM_PIPELINE=2 RWM_GEN_PIPE=1 RWM_GEN_R=unset RWM_GEN_RATE=9000 RWM_GEN_RATE_FLOOR=2000 RWM_GEN_INFLIGHT=unset RWM_OOO_RETAIN=0/16 RWM_WINDOW=unset RWM_REPORT_GENS=unset RWM_REPAIR_WAIT=unset RWM_CODED_SRC=0 RWM_NO_REACTIVE=0 RWM_XPATH_REPAIR=0 RWM_PROACTIVE_PACER=0 RWM_REASM_BDP=0 RWM_MIN_R=0 RWM_CC_PACE=0 RWM_CC_PACE_HR=1.1 RWM_REACT_CAP=unset RWM_INFL_CAP=0 RWM_INFL_BDP=unset RWM_COPA_FEED=0 RWM_RS_ATTR=1 RWM_EMIT_BATCH=0 RWM_EMIT_BURST=64 RWM_RECOV_MP=1 RWM_RECOV_MP_LAW=1 RWM_RECOV_MP_LIVE=0 RWM_RECOV_SP=0 RWM_DIAG=0 RWM_ACKDIAG=1 RWM_RDIAG=0 RWM_FDIAG=0 RWM_TRACE=0 RWM_PFRAC=0
[2m2026-08-11T19:12:28.175509Z[0m [32m INFO[0m [2mraptorpath::net[0m[2m:[0m reliable window mode (RWM Phase A): auto-selecting RLC windowed backend
[2m2026-08-11T19:12:28.175513Z[0m [32m INFO[0m [2mraptorpath::net[0m[2m:[0m window mode: clamping TUN MTU to fit one packet per symbol [3mmtu[0m[2m=[0m1196 [3msymbol_size[0m[2m=[0m1200
[2m2026-08-11T19:12:28.175517Z[0m [32m INFO[0m [2mraptorpath::net[0m[2m:[0m using injected TUN interface (no routes/DNS) [3mname[0m[2m=[0mmem
[2m2026-08-11T19:12:28.175595Z[0m [32m INFO[0m [2mraptorpath::transport::quic[0m[2m:[0m quinn congestion controller: BBR (shipped default; RWM_QUIC_CC overrides)
[2m2026-08-11T19:12:28.176051Z[0m [32m INFO[0m [2mraptorpath::transport::quic[0m[2m:[0m MTU floor: min_mtu=initial_mtu — quinn black-hole reset keeps symbol datagrams sendable (fix/frontier-wedge) [3mfloor[0m[2m=[0m1350
[2m2026-08-11T19:12:28.176063Z[0m [32m INFO[0m [2mraptorpath::transport::quic[0m[2m:[0m compact DATA framing ACTIVE (RWM_WIRE_COMPACT v5: one-symbol datagrams ride the tag+varint frame, ~14-16 B vs 65-B legacy framing; receive support unconditional; datagrams SHRINK — no MTU-floor interaction)
[2m2026-08-11T19:12:28.176140Z[0m [32m INFO[0m [2mraptorpath::transport::quic[0m[2m:[0m server endpoint bound — use this fingerprint for --pin-cert [3maddr[0m[2m=[0m10.77.0.2:7000 [3mpath_id[0m[2m=[0m0 [3mfingerprint[0m[2m=[0m961c99b2f4af8b24a888d46b8de89c2416f824fe50df4634ebfa4227e039c7ec
[2m2026-08-11T19:12:28.176582Z[0m [32m INFO[0m [2mraptorpath::transport::quic[0m[2m:[0m quinn congestion controller: BBR (shipped default; RWM_QUIC_CC overrides)
[2m2026-08-11T19:12:28.176801Z[0m [32m INFO[0m [2mraptorpath::transport::quic[0m[2m:[0m MTU floor: min_mtu=initial_mtu — quinn black-hole reset keeps symbol datagrams sendable (fix/frontier-wedge) [3mfloor[0m[2m=[0m1350
[2m2026-08-11T19:12:28.176816Z[0m [32m INFO[0m [2mraptorpath::transport::quic[0m[2m:[0m compact DATA framing ACTIVE (RWM_WIRE_COMPACT v5: one-symbol datagrams ride the tag+varint frame, ~14-16 B vs 65-B legacy framing; receive support unconditional; datagrams SHRINK — no MTU-floor interaction)
[2m2026-08-11T19:12:28.176824Z[0m [32m INFO[0m [2mraptorpath::transport::quic[0m[2m:[0m server endpoint bound — use this fingerprint for --pin-cert [3maddr[0m[2m=[0m10.78.0.2:7000 [3mpath_id[0m[2m=[0m1 [3mfingerprint[0m[2m=[0m8b4264c4b0c30edecad78b9ac84ec521c8767d8758f8a0a79c03f5525efd38bb
[2m2026-08-11T19:12:29.590464Z[0m [32m INFO[0m [2mraptorpath::transport::quic[0m[2m:[0m handshake complete (server) [3mlocal_version[0m[2m=[0m7 [3mpeer_version[0m[2m=[0m7 [3mpeer_path_id[0m[2m=[0m0
[2m2026-08-11T19:12:29.590503Z[0m [32m INFO[0m [2mraptorpath::transport::quic[0m[2m:[0m accepted with handshake [3mpath_id[0m[2m=[0m0 [3mremote[0m[2m=[0m10.77.0.1:60131
[2m2026-08-11T19:12:29.848534Z[0m [32m INFO[0m [2mraptorpath::transport::quic[0m[2m:[0m handshake complete (server) [3mlocal_version[0m[2m=[0m7 [3mpeer_version[0m[2m=[0m7 [3mpeer_path_id[0m[2m=[0m1
[2m2026-08-11T19:12:29.848559Z[0m [32m INFO[0m [2mraptorpath::transport::quic[0m[2m:[0m accepted with handshake [3mpath_id[0m[2m=[0m1 [3mremote[0m[2m=[0m10.78.0.1:52638
[2m2026-08-11T19:12:29.848579Z[0m [32m INFO[0m [2mraptorpath::net[0m[2m:[0m all paths connected
[2m2026-08-11T19:12:29.848585Z[0m [32m INFO[0m [2mraptorpath::net[0m[2m:[0m block assembly profile [3mmax_block_size[0m[2m=[0m65536 [3mflush_timeout_ms[0m[2m=[0m5 [3msymbol_size[0m[2m=[0m1200 [3minterleave_depth[0m[2m=[0m1
[2m2026-08-11T19:12:29.848615Z[0m [32m INFO[0m [2mraptorpath::net[0m[2m:[0m sliding-window FEC mode [3msymbol_size[0m[2m=[0m1200 [3mbackend[0m[2m=[0mRlc
[2m2026-08-11T19:12:29.848708Z[0m [32m INFO[0m [2mraptorpath::net[0m[2m:[0m O(1) windowed-max rate filter ACTIVE (RWM_HONEST_ANCHOR: max_bw read off a monotonic max-deque maintained beside bw_samples — the VALUE-IDENTICAL statistic, same [1s,10s] window, same evictions, amortized O(1) per accepted sample instead of the O(window) full-window fold that costs +61-64% sender CPU/byte at c1 under RWM_PLAIN_RS; zero constants; RWM_HONEST_ANCHOR=0 = legacy fold control, value-identical by unit-pinned equivalence)
[2m2026-08-11T19:12:29.848719Z[0m [32m INFO[0m [2mraptorpath::net[0m[2m:[0m ack-merge ACTIVE (RWM_ACK_MERGE: WINDOW mode sends ONE control datagram per data message instead of two — the legacy per-batch Ack is suppressed, the SACK WindowAck goes unconditional at that cadence and carries the Ack's payload in the v6 cumulative cum_expected/cum_received counters, every Ack-arm consumer re-homed onto the counter diff; BLOCK mode bit-exact; the delivery statistic/cadence/counts unchanged) [3mcopa_feed[0m[2m=[0mfalse
[2m2026-08-11T19:12:29.848872Z[0m [32m INFO[0m [2mraptorpath::net[0m[2m:[0m RWM_UNIFIED: receive path on the unified global decoder (one machine, both wires) [3mgeneration[0m[2m=[0mfalse
[2m2026-08-11T19:12:29.848887Z[0m [32m INFO[0m [2mraptorpath::net[0m[2m:[0m M* peer-report RTT-feed suppression ACTIVE (RWM_MSTAR_ANCHOR plain-live subset: local-echo-only RTT feed + estimator seed-from-sample)
[2m2026-08-11T19:12:29.848907Z[0m [32m INFO[0m [2mraptorpath::net[0m[2m:[0m path-scaled outstanding pool ACTIVE (RWM_STORE_PATHS: cap = clamp(gain*N*pipe, floor, N*pool) for N>=2 live paths; N=1 legacy) [3mpool_per_path[0m[2m=[0m2048 [3mgain[0m[2m=[0m2.0
[2m2026-08-11T19:12:29.848917Z[0m [32m INFO[0m [2mraptorpath::net[0m[2m:[0m SACK-clocked store release ACTIVE (RWM_STORE_SACK_RELEASE: SACKed seqs uncounted from the outstanding gate, payload + ARQ maps retained until the cumulative frontier — slot release, never recoverability)
[2m2026-08-11T19:12:29.848931Z[0m [32m INFO[0m [2mraptorpath::net[0m[2m:[0m budget-conserving taper emission ACTIVE (RWM_TAPER_R: plain-mode proactive repair budgeted at r x source per coding window; legacy = r per ack cycle)
[2m2026-08-11T19:12:29.848946Z[0m [32m INFO[0m [2mraptorpath::net[0m[2m:[0m unified span law ACTIVE (RWM_UNIFIED: plain-mode proactive repair over the trailing solvable span [end-A*, end-Δ), A* from δ) [3mhint[0m[2m=[0mBulk
[2m2026-08-11T19:12:29.848950Z[0m [32m INFO[0m [2mraptorpath::net[0m[2m:[0m A* send-rate anchor ACTIVE (RWM_ASTAR_ANCHOR: windowed-max send rate over ~8 SRTT, clock-gap sample discard)
[2m2026-08-11T19:12:29.848969Z[0m [32m INFO[0m [2mraptorpath::net[0m[2m:[0m clock-gap estimator hygiene ACTIVE (RWM_CLOCK_GAP: process-clock stall witness, post-stall sample discard at the ack feed sites)
[2m2026-08-11T19:12:29.848994Z[0m [32m INFO[0m [2mraptorpath::net[0m[2m:[0m multipath recovery suppression ACTIVE (RWM_RECOV_MP: per-flight RFC9002-style time-threshold hole law on the flight path's smoothed clocks; N=1 live path keeps legacy gates bit-exactly) [3mlaw[0m[2m=[0mtrue
{"assemble_s":0.000046,"bytes":64,"chunks":1,"obj_id":0,"server":true}
[2m2026-08-11T19:12:29.937782Z[0m [32m INFO[0m [2mraptorpath::scheduler[0m[2m:[0m Copa TCP-competitive mode (RWM_COPA_COMPETE, requires the wire signal) [3mcopa_compete[0m[2m=[0mfalse
[ACKDIAG] p0 win=1.85s acks=20/z=0(0.0%) gap_us[p50=16486 p90=243583 p99=340043 n=19] drecv[p50=1 p90=1 max=1 n=20 sum=20] rd[acc=11 rej=9 cnt=20] rate_lr=11sym/s x[p50=0.76 p90=2.12 p99=11.19] xanchor=11.19 anchor=6sym rtprop=47.87ms recon[sent=0 crecv=20 cexp=22 srcack=0 cr/s=- ce/cr=1.100 cr/sa=-] ov=0
[ACKDIAG] p1 win=1.98s acks=3/z=0(0.0%) gap_us[p50=1217795 p90=1217795 p99=1217795 n=2] drecv[p50=1 p90=1 max=1 n=3 sum=3] rd[acc=3 rej=0 cnt=3] rate_lr=2sym/s x[p50=0.54 p90=1.61 p99=1.61] xanchor=- anchor=0sym rtprop=45.60ms recon[sent=1 crecv=3 cexp=16 srcack=0 cr/s=3.000 ce/cr=5.333 cr/sa=-] ov=0
{"assemble_s":2.6785,"bytes":25000000,"chunks":21151,"obj_id":1,"server":true}
{"assemble_s":2.481851,"bytes":25000000,"chunks":21151,"obj_id":2,"server":true}
[ACKDIAG] p0 win=3.19s acks=6/z=0(0.0%) gap_us[p50=179317 p90=308796 p99=308796 n=6] drecv[p50=1 p90=2 max=2 n=6 sum=7] rd[acc=5 rej=1 cnt=7] rate_lr=2sym/s x[p50=3.46 p90=187.24 p99=187.24] xanchor=187.24 anchor=3sym rtprop=6.24ms recon[sent=2 crecv=27 cexp=29 srcack=1 cr/s=13.500 ce/cr=1.074 cr/sa=27.000] ov=0
{"assemble_s":3.032621,"bytes":25000000,"chunks":21151,"obj_id":3,"server":true}
[ACKDIAG] p0 win=3.05s acks=1/z=0(0.0%) gap_us[p50=2415701 p90=2415701 p99=2415701 n=1] drecv[p50=1 p90=1 max=1 n=1 sum=1] rd[acc=1 rej=0 cnt=1] rate_lr=0sym/s x[p50=2.52 p90=2.52 p99=2.52] xanchor=1253.57 anchor=3sym rtprop=6.24ms recon[sent=3 crecv=28 cexp=30 srcack=2 cr/s=9.333 ce/cr=1.071 cr/sa=14.000] ov=0
