[2m2026-08-11T19:13:03.805010Z[0m [32m INFO[0m [2mraptorpath[0m[2m:[0m perf configuration [3mpeer_config[0m[2m=[0mPeerConfig { bind_addrs: [10.77.0.1:0, 10.78.0.1:0], peer_addrs: [10.77.0.2:7000, 10.78.0.2:7000], tun_name: "rpath0", tun_addr: "10.99.0.1/24", target_tail_loss: 1e-5, max_fec_overhead: 0.5, protocol_hint: Bulk, is_server: false, status_addr: None, routes: [], dns: None, interleave_depth: 1, pin_cert: None, fec_backend: RaptorQ, fec_backend_explicit: false, window_reliable: true, enable_pi_feedback: true, reorder_timeout_ms: 20, reorder_max_size: 500, inner_feedback_weight: 0.0, mp_block_affinity: true, window_out_of_order: false, window_coded_only: false, window_generation_coding: false, window_systematic_repair: false }
[2m2026-08-11T19:13:03.805155Z[0m [32m INFO[0m [2mraptorpath::scheduler[0m[2m:[0m Copa wire-clocked signal (RWM_COPA_WIRE / RWM_QUIC_CC / RWM_COPA_FEED) [3mcopa_wire[0m[2m=[0mfalse [3mquic_cc[0m[2m=[0m"unset" [3mcopa_wire_env[0m[2m=[0m"unset"
[2m2026-08-11T19:13:03.805183Z[0m [32m INFO[0m [2mraptorpath::gates[0m[2m:[0m [GATES] RWM_UNIFIED=1 RWM_UNIFIED_SHED=1 RWM_TAPER_R=1 RWM_ASTAR_ANCHOR=1 RWM_MSTAR_ANCHOR=1 RWM_PLAIN_RS=0 RWM_HONEST_ANCHOR=1 RWM_HONEST_K=0 RWM_STORE_SACK_RELEASE=1 RWM_STORE_PATHS=1 RWM_STORE_PATH_POOL=2048 RWM_STORE=unset RWM_STORE_GAIN=2 RWM_STORE_BOOT=128 RWM_STORE_CAPW=0 RWM_STORE_CAP_UNIFIED=0 RWM_THREE_TERM=0 RWM_STORE_PERCAP=0 RWM_PERCAP_GUARD=1 RWM_STORE_BORROW=0 RWM_HONEST_CAP=1 RWM_POOL_ANCHOR=0 RWM_POOL_DELIV=0 RWM_FLOOR_BOUND=0 RWM_ACK_MERGE=1 RWM_PATIENCE_DERIVED=0 RWM_SIDLE_DERIVED=0 RWM_WIN_DECOUPLE=0 RWM_PLACE_SLACK=0 RWM_GEN=384 RWM_PIPELINE=2 RWM_GEN_PIPE=1 RWM_GEN_R=unset RWM_GEN_RATE=9000 RWM_GEN_RATE_FLOOR=2000 RWM_GEN_INFLIGHT=unset RWM_OOO_RETAIN=0/16 RWM_WINDOW=unset RWM_REPORT_GENS=unset RWM_REPAIR_WAIT=unset RWM_CODED_SRC=0 RWM_NO_REACTIVE=0 RWM_XPATH_REPAIR=0 RWM_PROACTIVE_PACER=0 RWM_REASM_BDP=0 RWM_MIN_R=0 RWM_CC_PACE=0 RWM_CC_PACE_HR=1.1 RWM_REACT_CAP=unset RWM_INFL_CAP=0 RWM_INFL_BDP=unset RWM_COPA_FEED=0 RWM_RS_ATTR=1 RWM_EMIT_BATCH=0 RWM_EMIT_BURST=64 RWM_RECOV_MP=1 RWM_RECOV_MP_LAW=1 RWM_RECOV_MP_LIVE=0 RWM_RECOV_SP=0 RWM_DIAG=0 RWM_ACKDIAG=1 RWM_RDIAG=0 RWM_FDIAG=0 RWM_TRACE=0 RWM_PFRAC=0
[2m2026-08-11T19:13:03.805201Z[0m [32m INFO[0m [2mraptorpath::net[0m[2m:[0m reliable window mode (RWM Phase A): auto-selecting RLC windowed backend
[2m2026-08-11T19:13:03.805205Z[0m [32m INFO[0m [2mraptorpath::net[0m[2m:[0m window mode: clamping TUN MTU to fit one packet per symbol [3mmtu[0m[2m=[0m1196 [3msymbol_size[0m[2m=[0m1200
[2m2026-08-11T19:13:03.805209Z[0m [32m INFO[0m [2mraptorpath::net[0m[2m:[0m using injected TUN interface (no routes/DNS) [3mname[0m[2m=[0mmem
[2m2026-08-11T19:13:03.805266Z[0m [32m INFO[0m [2mraptorpath::transport::quic[0m[2m:[0m quinn congestion controller: BBR (shipped default; RWM_QUIC_CC overrides)
[2m2026-08-11T19:13:03.805654Z[0m [32m INFO[0m [2mraptorpath::transport::quic[0m[2m:[0m MTU floor: min_mtu=initial_mtu — quinn black-hole reset keeps symbol datagrams sendable (fix/frontier-wedge) [3mfloor[0m[2m=[0m1350
[2m2026-08-11T19:13:03.805667Z[0m [32m INFO[0m [2mraptorpath::transport::quic[0m[2m:[0m compact DATA framing ACTIVE (RWM_WIRE_COMPACT v5: one-symbol datagrams ride the tag+varint frame, ~14-16 B vs 65-B legacy framing; receive support unconditional; datagrams SHRINK — no MTU-floor interaction)
[2m2026-08-11T19:13:03.805672Z[0m [32m INFO[0m [2mraptorpath::transport::quic[0m[2m:[0m client endpoint bound [3maddr[0m[2m=[0m10.77.0.1:0 [3mpath_id[0m[2m=[0m0
[2m2026-08-11T19:13:03.805683Z[0m [32m INFO[0m [2mraptorpath::transport::quic[0m[2m:[0m quinn congestion controller: BBR (shipped default; RWM_QUIC_CC overrides)
[2m2026-08-11T19:13:03.805925Z[0m [32m INFO[0m [2mraptorpath::transport::quic[0m[2m:[0m MTU floor: min_mtu=initial_mtu — quinn black-hole reset keeps symbol datagrams sendable (fix/frontier-wedge) [3mfloor[0m[2m=[0m1350
[2m2026-08-11T19:13:03.805935Z[0m [32m INFO[0m [2mraptorpath::transport::quic[0m[2m:[0m compact DATA framing ACTIVE (RWM_WIRE_COMPACT v5: one-symbol datagrams ride the tag+varint frame, ~14-16 B vs 65-B legacy framing; receive support unconditional; datagrams SHRINK — no MTU-floor interaction)
[2m2026-08-11T19:13:03.805939Z[0m [32m INFO[0m [2mraptorpath::transport::quic[0m[2m:[0m client endpoint bound [3maddr[0m[2m=[0m10.78.0.1:0 [3mpath_id[0m[2m=[0m1
[2m2026-08-11T19:13:03.895161Z[0m [32m INFO[0m [2mraptorpath::transport::quic[0m[2m:[0m handshake complete [3mlocal_version[0m[2m=[0m7 [3mpeer_version[0m[2m=[0m7 [3mpeer_path_id[0m[2m=[0m0
[2m2026-08-11T19:13:03.895185Z[0m [32m INFO[0m [2mraptorpath::transport::quic[0m[2m:[0m connected and handshake complete [3mpath_id[0m[2m=[0m0 [3mpeer_addr[0m[2m=[0m10.77.0.2:7000
[2m2026-08-11T19:13:04.073805Z[0m [32m INFO[0m [2mraptorpath::transport::quic[0m[2m:[0m handshake complete [3mlocal_version[0m[2m=[0m7 [3mpeer_version[0m[2m=[0m7 [3mpeer_path_id[0m[2m=[0m1
[2m2026-08-11T19:13:04.073833Z[0m [32m INFO[0m [2mraptorpath::transport::quic[0m[2m:[0m connected and handshake complete [3mpath_id[0m[2m=[0m1 [3mpeer_addr[0m[2m=[0m10.78.0.2:7000
[2m2026-08-11T19:13:04.073843Z[0m [32m INFO[0m [2mraptorpath::net[0m[2m:[0m all paths connected
[2m2026-08-11T19:13:04.073848Z[0m [32m INFO[0m [2mraptorpath::net[0m[2m:[0m block assembly profile [3mmax_block_size[0m[2m=[0m65536 [3mflush_timeout_ms[0m[2m=[0m5 [3msymbol_size[0m[2m=[0m1200 [3minterleave_depth[0m[2m=[0m1
[2m2026-08-11T19:13:04.073883Z[0m [32m INFO[0m [2mraptorpath::net[0m[2m:[0m sliding-window FEC mode [3msymbol_size[0m[2m=[0m1200 [3mbackend[0m[2m=[0mRlc
[2m2026-08-11T19:13:04.073906Z[0m [32m INFO[0m [2mraptorpath::net[0m[2m:[0m O(1) windowed-max rate filter ACTIVE (RWM_HONEST_ANCHOR: max_bw read off a monotonic max-deque maintained beside bw_samples — the VALUE-IDENTICAL statistic, same [1s,10s] window, same evictions, amortized O(1) per accepted sample instead of the O(window) full-window fold that costs +61-64% sender CPU/byte at c1 under RWM_PLAIN_RS; zero constants; RWM_HONEST_ANCHOR=0 = legacy fold control, value-identical by unit-pinned equivalence)
[2m2026-08-11T19:13:04.073916Z[0m [32m INFO[0m [2mraptorpath::net[0m[2m:[0m ack-merge ACTIVE (RWM_ACK_MERGE: WINDOW mode sends ONE control datagram per data message instead of two — the legacy per-batch Ack is suppressed, the SACK WindowAck goes unconditional at that cadence and carries the Ack's payload in the v6 cumulative cum_expected/cum_received counters, every Ack-arm consumer re-homed onto the counter diff; BLOCK mode bit-exact; the delivery statistic/cadence/counts unchanged) [3mcopa_feed[0m[2m=[0mfalse
[2m2026-08-11T19:13:04.073994Z[0m [32m INFO[0m [2mraptorpath::net[0m[2m:[0m M* peer-report RTT-feed suppression ACTIVE (RWM_MSTAR_ANCHOR plain-live subset: local-echo-only RTT feed + estimator seed-from-sample)
[2m2026-08-11T19:13:04.074012Z[0m [32m INFO[0m [2mraptorpath::net[0m[2m:[0m path-scaled outstanding pool ACTIVE (RWM_STORE_PATHS: cap = clamp(gain*N*pipe, floor, N*pool) for N>=2 live paths; N=1 legacy) [3mpool_per_path[0m[2m=[0m2048 [3mgain[0m[2m=[0m2.0
[2m2026-08-11T19:13:04.074028Z[0m [32m INFO[0m [2mraptorpath::net[0m[2m:[0m SACK-clocked store release ACTIVE (RWM_STORE_SACK_RELEASE: SACKed seqs uncounted from the outstanding gate, payload + ARQ maps retained until the cumulative frontier — slot release, never recoverability)
[2m2026-08-11T19:13:04.074033Z[0m [32m INFO[0m [2mraptorpath::net[0m[2m:[0m budget-conserving taper emission ACTIVE (RWM_TAPER_R: plain-mode proactive repair budgeted at r x source per coding window; legacy = r per ack cycle)
[2m2026-08-11T19:13:04.074028Z[0m [32m INFO[0m [2mraptorpath::net[0m[2m:[0m RWM_UNIFIED: receive path on the unified global decoder (one machine, both wires) [3mgeneration[0m[2m=[0mfalse
[2m2026-08-11T19:13:04.074037Z[0m [32m INFO[0m [2mraptorpath::net[0m[2m:[0m unified span law ACTIVE (RWM_UNIFIED: plain-mode proactive repair over the trailing solvable span [end-A*, end-Δ), A* from δ) [3mhint[0m[2m=[0mBulk
[2m2026-08-11T19:13:04.074044Z[0m [32m INFO[0m [2mraptorpath::net[0m[2m:[0m A* send-rate anchor ACTIVE (RWM_ASTAR_ANCHOR: windowed-max send rate over ~8 SRTT, clock-gap sample discard)
[2m2026-08-11T19:13:04.074048Z[0m [32m INFO[0m [2mraptorpath::net[0m[2m:[0m clock-gap estimator hygiene ACTIVE (RWM_CLOCK_GAP: process-clock stall witness, post-stall sample discard at the ack feed sites)
[2m2026-08-11T19:13:04.074088Z[0m [32m INFO[0m [2mraptorpath::net[0m[2m:[0m multipath recovery suppression ACTIVE (RWM_RECOV_MP: per-flight RFC9002-style time-threshold hole law on the flight path's smoothed clocks; N=1 live path keeps legacy gates bit-exactly) [3mlaw[0m[2m=[0mtrue
[2m2026-08-11T19:13:04.084866Z[0m [32m INFO[0m [2mraptorpath::scheduler[0m[2m:[0m Copa TCP-competitive mode (RWM_COPA_COMPETE, requires the wire signal) [3mcopa_compete[0m[2m=[0mfalse
{"seconds":0.279948,"warmup":true}
[ACKDIAG] p0 win=1.99s acks=17800/z=33(0.2%) gap_us[p50=13 p90=153 p99=1835 n=17799] drecv[p50=1 p90=1 max=7 n=17767 sum=17800] rd[acc=1158 rej=16609 cnt=17800] rate_lr=8946sym/s x[p50=1.00 p90=2.07 p99=3.91] xanchor=7.79 anchor=747sym rtprop=10.72ms recon[sent=17617 crecv=17800 cexp=22132 srcack=12094 cr/s=1.010 ce/cr=1.243 cr/sa=1.472] ov=0
[ACKDIAG] p1 win=1.95s acks=3440/z=0(0.0%) gap_us[p50=44 p90=1949 p99=5964 n=3439] drecv[p50=1 p90=1 max=1 n=3440 sum=3440] rd[acc=630 rej=2810 cnt=3440] rate_lr=1764sym/s x[p50=1.08 p90=3.05 p99=5.32] xanchor=7.35 anchor=500sym rtprop=38.54ms recon[sent=3535 crecv=3440 cexp=14259 srcack=12094 cr/s=0.973 ce/cr=4.145 cr/sa=0.284] ov=0
{"bytes":25000000,"hint":"bulk","mbps":76.522,"proto":"rp-native","run":1,"seconds":2.613617}
[ACKDIAG] p0 win=2.00s acks=15054/z=17(0.1%) gap_us[p50=13 p90=182 p99=1803 n=15054] drecv[p50=1 p90=1 max=3 n=15037 sum=15050] rd[acc=991 rej=14046 cnt=15050] rate_lr=7525sym/s x[p50=1.23 p90=2.39 p99=3.78] xanchor=9.26 anchor=711sym rtprop=10.21ms recon[sent=32620 crecv=32850 cexp=39786 srcack=27579 cr/s=1.007 ce/cr=1.211 cr/sa=1.191] ov=0
[ACKDIAG] p1 win=2.00s acks=2641/z=4(0.2%) gap_us[p50=40 p90=1995 p99=5920 n=2641] drecv[p50=1 p90=1 max=1 n=2637 sum=2637] rd[acc=489 rej=2148 cnt=2637] rate_lr=1318sym/s x[p50=1.34 p90=3.76 p99=7.52] xanchor=11.81 anchor=600sym rtprop=38.54ms recon[sent=5816 crecv=6077 cexp=43033 srcack=27579 cr/s=1.045 ce/cr=7.081 cr/sa=0.220] ov=0
{"bytes":25000000,"hint":"bulk","mbps":65.91,"proto":"rp-native","run":2,"seconds":3.034419}
[ACKDIAG] p0 win=2.00s acks=9293/z=14(0.2%) gap_us[p50=12 p90=133 p99=1953 n=9293] drecv[p50=1 p90=1 max=4 n=9279 sum=9286] rd[acc=588 rej=8691 cnt=9286] rate_lr=4643sym/s x[p50=1.99 p90=4.07 p99=7.28] xanchor=15.01 anchor=457sym rtprop=6.56ms recon[sent=40026 crecv=42136 cexp=51405 srcack=43319 cr/s=1.053 ce/cr=1.220 cr/sa=0.973] ov=0
[ACKDIAG] p1 win=2.00s acks=2054/z=7(0.3%) gap_us[p50=32 p90=2064 p99=6121 n=2054] drecv[p50=1 p90=1 max=1 n=2047 sum=2047] rd[acc=346 rej=1701 cnt=2047] rate_lr=1023sym/s x[p50=1.80 p90=4.96 p99=12.52] xanchor=18.77 anchor=740sym rtprop=38.54ms recon[sent=8374 crecv=8124 cexp=53120 srcack=43319 cr/s=0.970 ce/cr=6.539 cr/sa=0.188] ov=0
[ACKDIAG] p0 win=2.00s acks=16273/z=25(0.2%) gap_us[p50=13 p90=100 p99=1697 n=16273] drecv[p50=1 p90=1 max=5 n=16248 sum=16273] rd[acc=969 rej=15279 cnt=16273] rate_lr=8118sym/s x[p50=1.15 p90=2.25 p99=8.24] xanchor=13.57 anchor=722sym rtprop=6.56ms recon[sent=53708 crecv=58409 cexp=71589 srcack=57386 cr/s=1.088 ce/cr=1.226 cr/sa=1.018] ov=0
[ACKDIAG] p1 win=2.00s acks=3145/z=0(0.0%) gap_us[p50=47 p90=1961 p99=5952 n=3145] drecv[p50=1 p90=1 max=1 n=3145 sum=3145] rd[acc=592 rej=2553 cnt=3145] rate_lr=1569sym/s x[p50=1.20 p90=2.92 p99=5.72] xanchor=12.25 anchor=740sym rtprop=38.54ms recon[sent=9746 crecv=11269 cexp=71610 srcack=57386 cr/s=1.156 ce/cr=6.355 cr/sa=0.196] ov=0
{"bytes":25000000,"hint":"bulk","mbps":78.712,"proto":"rp-native","run":3,"seconds":2.540917}
{"bytes":25000000,"dnf":0,"hint":"bulk","max_s":3.0344,"mean_mbps":73.269,"mean_s":2.7297,"median_s":2.6136,"min_s":2.5409,"proto":"rp-native","runs":3,"stdev_s":0.2664,"summary":true}
[2m2026-08-11T19:13:12.276304Z[0m [32m INFO[0m [2mraptorpath::tun[0m[2m:[0m cleaning up TUN interface [3mname[0m[2m=[0mmem
