LOCKS-HELD-BY-ENVELOPE emitscope_run_all:956519
=== ES BATTERY tag=smoke reps_per_seed=1 seeds='42' cells='c1s-400 c1d-400 c2-100 c8-100' arms='NEW EB0' 2026-10-05T01:25:09Z
=== binary ES /home/vibe/es/bin/raptorpath sha256 24fe4eca24b3c84742151a2b9354b875fec5cbd5d26dff5bd89d091bbfd3a28f
=== source 788d2ef
=== env RWM_GEN=0 RWM_DIAG=1 RWM_PERF_TIMEOUT_S=150 runs=1; every arm env -u RWM_EST_CADENCE RWM_POOL_ANCHOR RWM_EMIT_BATCH RWM_EMIT_BURST; EB0: RWM_EMIT_BATCH=1; soft_deadline=none block_est=none
Model name:                              Intel(R) Xeon(R) CPU E5-2650 v3 @ 2.30GHz
Flags:                                   fpu vme de pse tsc msr pae mce cx8 apic sep mtrr pge mca cmov pat pse36 clflush mmx fxsr sse sse2 ss ht syscall nx pdpe1gb rdtscp lm arch_perfmon rep_good nopl xtopology cpuid tsc_known_freq pni pclmulqdq vmx ssse3 fma cx16 pdcm pcid sse4_1 sse4_2 x2apic movbe popcnt tsc_deadline_timer aes xsave avx f16c rdrand hypervisor lahf_lm abm cpuid_fault pti ssbd ibrs ibpb stibp tpr_shadow flexpriority ept vpid ept_ad fsgsbase tsc_adjust bmi1 avx2 smep bmi2 erms invpcid xsaveopt arat vnmi umip md_clear flush_l1d arch_capabilities
=== rep=1 seed=42 cell=c8-100 arm=EB0 attempt=1 pipeline=window hint=bulk spec=c2/c3/dual bytes=100000000 bin=/home/vibe/es/bin/raptorpath sha=24fe4eca24b3c847 01:25:09
COTENANT c8-100-EB0 s42 rep=1 before=0 after=0 load=2.32 2.58 3.53
--- RWM-C perf pipeline=window mode=dual hint=bulk A=c2 B=c3 ooo=0 extra='' T=default (100000000 x 1) start=03:25:12
{"bytes":100000000,"dnf":0,"hint":"bulk","max_s":7.8017,"mean_mbps":102.542,"mean_s":7.8017,"median_s":7.8017,"min_s":7.8017,"proto":"rp-native","runs":1,"stdev_s":0.0,"summary":true}
    CPU: CPUSRV=6.47s CPUCLI=6.07s (srv=decoder cli=sender; whole-invocation incl warmup)
    [TRUTH] leg=0 dev=cli0 egress_dgrams=79675 egress_skbs=18947 gso=4.21 netem_sent_dgrams=77553 netem_dropped_skbs=496 backlog=0 lost=2122 loss=0.026633 rcvbuf_drops=0 rcvbuf_scope=netns
    [TRUTH] leg=1 dev=cli1 egress_dgrams=18374 egress_skbs=10048 gso=1.83 netem_sent_dgrams=17586 netem_dropped_skbs=428 backlog=0 lost=788 loss=0.042887 rcvbuf_drops=0 rcvbuf_scope=netns
RUNTIME c8-100-EB0 s42 rep=1 attempt=1 12s rc=0
ESROW {"arm": "EB0", "bin_sha": "24fe4eca24b3c84742151a2b9354b875fec5cbd5d26dff5bd89d091bbfd3a28f", "busy_last": 36.0, "busy_med": 46.0, "cad_cli": true, "cad_srv": true, "cadoff_cli": false, "cadoff_srv": false, "cell": "c8-100", "cod": 533, "coded_share": 0.006260497785921515, "cotenant": 0, "cpu_cli": 6.07, "cpu_srv": 6.47, "cpu_us_per_dgram": 61.90782159940438, "diag_lines": 31, "dnf": false, "eb_bursts": 2449, "eb_depth": 34.546345447121276, "eb_end": {"cap": 322, "drained": 2, "store": 2125, "tokens": 0}, "eb_maxrun": {"0": [64, 15.54], "1": [64, 2.12]}, "eb_syms": 84604, "egress_dgrams": 98049, "emb_echo_cli": true, "emb_echo_srv": true, "emb_gate_cli": 1, "emb_gate_srv": 1, "feed_ratio_p0": 1.006270416400706, "feed_ratio_p1": 1.0189567934339077, "gates_cli": true, "gates_srv": true, "gen_guard": false, "header": ["window", "bulk"], "mbps": 102.542, "np_last": 2, "pa_cli": 0, "pa_srv": 0, "pipe_cli": ["window", "Rlc", "bulk"], "pipe_srv": ["window", "Rlc", "bulk"], "plc_p0": 0.0268, "plc_p1": 0.0437, "plu_last_p0": 0.0045, "plu_last_p1": 0.0567, "plu_med_p0": 0.0192, "plu_med_p1": 0.0457, "problems": [], "rc": 0, "rep": 1, "seconds": 7.801674, "seed": "42", "src": 84604, "status": "LIVE", "summary": true, "truth_egress_p0": 79675, "truth_egress_p1": 18374, "truth_gso_p0": 4.21, "truth_gso_p1": 1.83, "truth_loss_p0": 0.026633, "truth_loss_p1": 0.042887, "truth_lost_p0": 2122, "truth_lost_p1": 788, "truth_rcvbuf_drops": 0, "util": 0.7780381492484818, "wall_s": 12.0, "winline_cli": true, "winline_srv": true}
=== rep=1 seed=42 cell=c1s-400 arm=NEW attempt=1 pipeline=window hint=bulk spec=c1/c1/single bytes=400000000 bin=/home/vibe/es/bin/raptorpath sha=24fe4eca24b3c847 01:25:23
COTENANT c1s-400-NEW s42 rep=1 before=0 after=0 load=2.43 2.59 3.53
--- RWM-C perf pipeline=window mode=single hint=bulk A=c1 B=c1 ooo=0 extra='' T=default (400000000 x 1) start=03:25:24
{"bytes":400000000,"dnf":0,"hint":"bulk","max_s":7.0323,"mean_mbps":455.045,"mean_s":7.0323,"median_s":7.0323,"min_s":7.0323,"proto":"rp-native","runs":1,"stdev_s":0.0,"summary":true}
    CPU: CPUSRV=9.29s CPUCLI=8.52s (srv=decoder cli=sender; whole-invocation incl warmup)
    [TRUTH] leg=0 dev=cli0 egress_dgrams=340580 egress_skbs=36179 gso=9.41 netem_sent_dgrams=340227 netem_dropped_skbs=38 backlog=0 lost=353 loss=0.001036 rcvbuf_drops=90 rcvbuf_scope=netns
RUNTIME c1s-400-NEW s42 rep=1 attempt=1 9s rc=0
ESROW {"arm": "NEW", "bin_sha": "24fe4eca24b3c84742151a2b9354b875fec5cbd5d26dff5bd89d091bbfd3a28f", "busy_last": 49.0, "busy_med": 47.0, "cad_cli": true, "cad_srv": true, "cadoff_cli": false, "cadoff_srv": false, "cell": "c1s-400", "cod": 152, "coded_share": 0.0004500343447263081, "cotenant": 0, "cpu_cli": 8.52, "cpu_srv": 9.29, "cpu_us_per_dgram": 25.01614892242645, "diag_lines": 28, "dnf": false, "eb_bursts": 0, "eb_depth": 0.0, "eb_end": {"cap": 0, "drained": 0, "store": 0, "tokens": 0}, "eb_maxrun": null, "eb_syms": 0, "egress_dgrams": 340580, "emb_echo_cli": false, "emb_echo_srv": false, "emb_gate_cli": 0, "emb_gate_srv": 0, "feed_ratio_p0": 3.4749034749034746, "gates_cli": true, "gates_srv": true, "gen_guard": false, "header": ["window", "bulk"], "mbps": 455.045, "np_last": 1, "pa_cli": 0, "pa_srv": 0, "pipe_cli": ["window", "Rlc", "bulk"], "pipe_srv": ["window", "Rlc", "bulk"], "plc_p0": 0.0036, "plu_last_p0": 0.0002, "plu_med_p0": 0.0004, "problems": [], "rc": 0, "rep": 1, "seconds": 7.032272, "seed": "42", "src": 337600, "status": "LIVE", "summary": true, "truth_egress_p0": 340580, "truth_gso_p0": 9.41, "truth_loss_p0": 0.001036, "truth_lost_p0": 353, "truth_rcvbuf_drops": 90, "util": 1.2115572321434664, "wall_s": 9.0, "winline_cli": true, "winline_srv": true}
=== rep=1 seed=42 cell=c1d-400 arm=EB0 attempt=1 pipeline=window hint=bulk spec=c1/c1/dual bytes=400000000 bin=/home/vibe/es/bin/raptorpath sha=24fe4eca24b3c847 01:25:32
COTENANT c1d-400-EB0 s42 rep=1 before=0 after=0 load=2.54 2.60 3.52
--- RWM-C perf pipeline=window mode=dual hint=bulk A=c1 B=c1 ooo=0 extra='' T=default (400000000 x 1) start=03:25:34
{"bytes":400000000,"dnf":0,"hint":"bulk","max_s":7.9301,"mean_mbps":403.528,"mean_s":7.9301,"median_s":7.9301,"min_s":7.9301,"proto":"rp-native","runs":1,"stdev_s":0.0,"summary":true}
    CPU: CPUSRV=12.73s CPUCLI=11.91s (srv=decoder cli=sender; whole-invocation incl warmup)
    [TRUTH] leg=0 dev=cli0 egress_dgrams=175867 egress_skbs=37351 gso=4.71 netem_sent_dgrams=175675 netem_dropped_skbs=39 backlog=0 lost=192 loss=0.001092 rcvbuf_drops=33 rcvbuf_scope=netns
    [TRUTH] leg=1 dev=cli1 egress_dgrams=172428 egress_skbs=37112 gso=4.65 netem_sent_dgrams=172268 netem_dropped_skbs=28 backlog=0 lost=160 loss=0.000928 rcvbuf_drops=33 rcvbuf_scope=netns
RUNTIME c1d-400-EB0 s42 rep=1 attempt=1 10s rc=0
ESROW {"arm": "EB0", "bin_sha": "24fe4eca24b3c84742151a2b9354b875fec5cbd5d26dff5bd89d091bbfd3a28f", "busy_last": 99.0, "busy_med": 99.0, "cad_cli": true, "cad_srv": true, "cadoff_cli": false, "cadoff_srv": false, "cell": "c1d-400", "cod": 572, "coded_share": 0.0017315755218187598, "cotenant": 0, "cpu_cli": 11.91, "cpu_srv": 12.73, "cpu_us_per_dgram": 34.1951506625131, "diag_lines": 31, "dnf": false, "eb_bursts": 5462, "eb_depth": 60.37403881362138, "eb_end": {"cap": 4920, "drained": 1, "store": 541, "tokens": 0}, "eb_maxrun": {"0": [64, 7.2], "1": [64, 7.19]}, "eb_syms": 329763, "egress_dgrams": 348295, "emb_echo_cli": true, "emb_echo_srv": true, "emb_gate_cli": 1, "emb_gate_srv": 1, "feed_ratio_p0": 2.2893772893772892, "feed_ratio_p1": 1.5086206896551724, "gates_cli": true, "gates_srv": true, "gen_guard": false, "header": ["window", "bulk"], "mbps": 403.528, "np_last": 2, "pa_cli": 0, "pa_srv": 0, "pipe_cli": ["window", "Rlc", "bulk"], "pipe_srv": ["window", "Rlc", "bulk"], "plc_p0": 0.0025, "plc_p1": 0.0014, "plu_last_p0": 0.0089, "plu_last_p1": 0.0011, "plu_med_p0": 0.0005, "plu_med_p1": 0.0006, "problems": [], "rc": 0, "rep": 1, "seconds": 7.930059, "seed": "42", "src": 329763, "status": "LIVE", "summary": true, "truth_egress_p0": 175867, "truth_egress_p1": 172428, "truth_gso_p0": 4.71, "truth_gso_p1": 4.65, "truth_loss_p0": 0.001092, "truth_loss_p1": 0.000928, "truth_lost_p0": 192, "truth_lost_p1": 160, "truth_rcvbuf_drops": 33, "util": 1.5018803769303608, "wall_s": 10.0, "winline_cli": true, "winline_srv": true}
=== rep=1 seed=42 cell=c2-100 arm=NEW attempt=1 pipeline=window hint=bulk spec=c2/c2/single bytes=100000000 bin=/home/vibe/es/bin/raptorpath sha=24fe4eca24b3c847 01:25:42
COTENANT c2-100-NEW s42 rep=1 before=0 after=0 load=2.90 2.69 3.53
--- RWM-C perf pipeline=window mode=single hint=bulk A=c2 B=c2 ooo=0 extra='' T=default (100000000 x 1) start=03:25:44
{"bytes":100000000,"dnf":0,"hint":"bulk","max_s":8.9824,"mean_mbps":89.063,"mean_s":8.9824,"median_s":8.9824,"min_s":8.9824,"proto":"rp-native","runs":1,"stdev_s":0.0,"summary":true}
    CPU: CPUSRV=5.37s CPUCLI=3.79s (srv=decoder cli=sender; whole-invocation incl warmup)
    [TRUTH] leg=0 dev=cli0 egress_dgrams=92040 egress_skbs=18114 gso=5.08 netem_sent_dgrams=89627 netem_dropped_skbs=479 backlog=0 lost=2413 loss=0.026217 rcvbuf_drops=0 rcvbuf_scope=netns
RUNTIME c2-100-NEW s42 rep=1 attempt=1 11s rc=0
ESROW {"arm": "NEW", "bin_sha": "24fe4eca24b3c84742151a2b9354b875fec5cbd5d26dff5bd89d091bbfd3a28f", "busy_last": 13.0, "busy_med": 15.0, "cad_cli": true, "cad_srv": true, "cadoff_cli": false, "cadoff_srv": false, "cell": "c2-100", "cod": 427, "coded_share": 0.005079402843038126, "cotenant": 0, "cpu_cli": 3.79, "cpu_srv": 5.37, "cpu_us_per_dgram": 41.17774880486745, "diag_lines": 35, "dnf": false, "eb_bursts": 0, "eb_depth": 0.0, "eb_end": {"cap": 0, "drained": 0, "store": 0, "tokens": 0}, "eb_maxrun": null, "eb_syms": 0, "egress_dgrams": 92040, "emb_echo_cli": false, "emb_echo_srv": false, "emb_gate_cli": 0, "emb_gate_srv": 0, "feed_ratio_p0": 0.9917229278712285, "gates_cli": true, "gates_srv": true, "gen_guard": false, "header": ["window", "bulk"], "mbps": 89.063, "np_last": 1, "pa_cli": 0, "pa_srv": 0, "pipe_cli": ["window", "Rlc", "bulk"], "pipe_srv": ["window", "Rlc", "bulk"], "plc_p0": 0.026, "plu_last_p0": 0.0018, "plu_med_p0": 0.0211, "problems": [], "rc": 0, "rep": 1, "seconds": 8.982388, "seed": "42", "src": 83638, "status": "LIVE", "summary": true, "truth_egress_p0": 92040, "truth_gso_p0": 5.08, "truth_loss_p0": 0.026217, "truth_lost_p0": 2413, "truth_rcvbuf_drops": 0, "util": 0.4219367945361523, "wall_s": 11.0, "winline_cli": true, "winline_srv": true}
BLOCK-COMPLETE rep=1 seed=42 block=0 2026-10-05T01:25:53Z
=== ARMCOUNTS 2026-10-05T01:25:53Z
ES-BATTERY-DONE tag=smoke blocks=1 2026-10-05T01:25:53Z
